==============================================================================
PARTITION MANIFEST AND CROSS-METHOD IDENTITY VERIFICATION
==============================================================================
Project root : /home/tiago/GitHubProjects/fedhad-thesis-2
Output dir   : /home/tiago/GitHubProjects/fedhad-thesis-2/results_revision_parttion_manifest/artifacts/partitions
Methods      : FedAvg, FedAvgM, FedProx, FedHAD, FedNova
Grid         : datasets=['MNIST', 'FashionMNIST', 'CIFAR10'] alphas=[1.0, 0.5, 0.1, 0.01] n_clients=[3, 5, 10] seeds=30
FEMNIST      : setups=[10] seeds=[42, 43, 44, 45, 46, 47, 48, 49, 50, 51, 52, 53, 54, 55, 56, 57, 58, 59, 60, 61, 62, 63, 64, 65, 66, 67, 68, 69, 70, 71] (natural partitioning)
Importing method scripts (no training is executed)...
Generating 1080 Dirichlet scenarios x 5 methods (plus RNG stress replicas)...
  50/1080 scenarios
  100/1080 scenarios
  150/1080 scenarios
  200/1080 scenarios
  250/1080 scenarios
  300/1080 scenarios
  350/1080 scenarios
  400/1080 scenarios
  450/1080 scenarios
  500/1080 scenarios
  550/1080 scenarios
  600/1080 scenarios
  650/1080 scenarios
  700/1080 scenarios
  750/1080 scenarios
  800/1080 scenarios
  850/1080 scenarios
  900/1080 scenarios
  950/1080 scenarios
  1000/1080 scenarios
  1050/1080 scenarios
  1080/1080 scenarios
Generating 30 FEMNIST scenarios (this loads the HuggingFace dataset repeatedly and is the slow part)...
  1/30 FEMNIST scenarios
  2/30 FEMNIST scenarios
  3/30 FEMNIST scenarios
  4/30 FEMNIST scenarios
  5/30 FEMNIST scenarios
  6/30 FEMNIST scenarios
  7/30 FEMNIST scenarios
  8/30 FEMNIST scenarios
  9/30 FEMNIST scenarios
  10/30 FEMNIST scenarios
  11/30 FEMNIST scenarios
  12/30 FEMNIST scenarios
  13/30 FEMNIST scenarios
  14/30 FEMNIST scenarios
  15/30 FEMNIST scenarios
  16/30 FEMNIST scenarios
  17/30 FEMNIST scenarios
  18/30 FEMNIST scenarios
  19/30 FEMNIST scenarios
  20/30 FEMNIST scenarios
  21/30 FEMNIST scenarios
  22/30 FEMNIST scenarios
  23/30 FEMNIST scenarios
  24/30 FEMNIST scenarios
  25/30 FEMNIST scenarios
  26/30 FEMNIST scenarios
  27/30 FEMNIST scenarios
  28/30 FEMNIST scenarios
  29/30 FEMNIST scenarios
  30/30 FEMNIST scenarios
Writing outputs...

------------------------------------------------------------------------------
SUMMARY
------------------------------------------------------------------------------
Scenarios verified                  : 1110
Methods per scenario                : 5
Client partitions fingerprinted     : 33900
Identical indices across methods    : 1110/1110
Identical label counts across methods: 1110/1110
Negative control passed             : 1110/1110 (0 not applicable)
RNG stress test passed              : 1110/1110
FEMNIST scenarios                   : 30 (client writers per scenario: 10)
FEMNIST held-out writers per scenario: 100 (identical across methods: 30/30)
FEMNIST client rows with excluded_reason set: 0

--- Initial model weights (--check-init, seeds=[42, 43, 44]) ---
architecture            seed sha256 (first 16)    identical across methods
Net_MNIST_Fashion         42 d394cb842420360c     True
Net_MNIST_Fashion         43 64c912b37b848453     True
Net_MNIST_Fashion         44 df761d56c8880e93     True
Net_CIFAR10               42 5e9185a9c629329d     True
Net_CIFAR10               43 ccf4ec5f69bc2d6a     True
Net_CIFAR10               44 5d123b7b3959c152     True
Net_FEMNIST               42 99b03d006f1685a5     True
Net_FEMNIST               43 f065784c2ff4ad4a     True
Net_FEMNIST               44 574270e10c65d3b9     True

Initial weights identical across methods (every architecture, every seed): True
  Net_MNIST_Fashion      initialisation varies with the seed: True
  Net_CIFAR10            initialisation varies with the seed: True
  Net_FEMNIST            initialisation varies with the seed: True

No divergences found. All scenarios passed every check.

Files written:
  /home/tiago/GitHubProjects/fedhad-thesis-2/results_revision_parttion_manifest/artifacts/partitions/partition_manifest.csv  (14,832,490 bytes)
  /home/tiago/GitHubProjects/fedhad-thesis-2/results_revision_parttion_manifest/artifacts/partitions/partition_verification.csv  (236,552 bytes)
  /home/tiago/GitHubProjects/fedhad-thesis-2/results_revision_parttion_manifest/artifacts/partitions/partition_verification.tex  (2,497 bytes)
  /home/tiago/GitHubProjects/fedhad-thesis-2/results_revision_parttion_manifest/artifacts/partitions/femnist_heldout_manifest.csv  (715,412 bytes)
  /home/tiago/GitHubProjects/fedhad-thesis-2/results_revision_parttion_manifest/artifacts/partitions/model_init_check.csv  (4,579 bytes)
