==============================================================================
PARTITION MANIFEST AND CROSS-METHOD IDENTITY VERIFICATION
==============================================================================
Project root : /home/tiago/GitHubProjects/fedhad-thesis-2
Output dir   : /home/tiago/GitHubProjects/fedhad-thesis-2/results_revision_parttion_manifest/artifacts/partitions
Methods      : FedAvg, FedAvgM, FedProx, FedHAD, FedNova
Grid         : datasets=['MNIST'] alphas=[0.5, 0.01] n_clients=[3] seeds=3
FEMNIST      : setups=[10] seeds=[42, 43] (natural partitioning)
Importing method scripts (no training is executed)...
Generating 6 Dirichlet scenarios x 5 methods (plus RNG stress replicas)...
  6/6 scenarios
Generating 2 FEMNIST scenarios (this loads the HuggingFace dataset repeatedly and is the slow part)...
  1/2 FEMNIST scenarios
  2/2 FEMNIST scenarios
Writing outputs...

------------------------------------------------------------------------------
SUMMARY
------------------------------------------------------------------------------
Scenarios verified                  : 8
Methods per scenario                : 5
Client partitions fingerprinted     : 190
Identical indices across methods    : 8/8
Identical label counts across methods: 8/8
Negative control passed             : 8/8 (0 not applicable)
RNG stress test passed              : 8/8
FEMNIST scenarios                   : 2 (client writers per scenario: 10)
FEMNIST held-out writers per scenario: 100 (identical across methods: 2/2)
FEMNIST client rows with excluded_reason set: 0

No divergences found. All scenarios passed every check.

Files written:
  /home/tiago/GitHubProjects/fedhad-thesis-2/results_revision_parttion_manifest/artifacts/partitions/partition_manifest.csv  (92,519 bytes)
  /home/tiago/GitHubProjects/fedhad-thesis-2/results_revision_parttion_manifest/artifacts/partitions/partition_verification.csv  (1,834 bytes)
  /home/tiago/GitHubProjects/fedhad-thesis-2/results_revision_parttion_manifest/artifacts/partitions/partition_verification.tex  (1,851 bytes)
  /home/tiago/GitHubProjects/fedhad-thesis-2/results_revision_parttion_manifest/artifacts/partitions/femnist_heldout_manifest.csv  (47,793 bytes)
