==============================================================================
FEDHAD CONTROLLED ABLATION - OFFICIAL RUN
==============================================================================
Entry script : /home/tiago/GitHubProjects/fedhad-thesis-2/results_revision_ablation/code/fedhad_ablation.py
Interpreter  : /home/tiago/GitHubProjects/fedhad-thesis-2/env_flwr_pt/bin/python
Dataset      : CIFAR10 | alphas [0.01, 0.1] | 5 clients | 10 rounds
Variants     : ['full_fedhad', 'fixed_matched', 'permuted_allocation', 'epoch_only', 'lr_only_matched']
Seeds        : 30 (42..71)
Runs planned : 300
Raw dir      : /home/tiago/GitHubProjects/fedhad-thesis-2/results_revision_ablation/raw/official
  [1/300] full_fedhad__CIFAR10__alpha-0.01__seed-42     184s  ok
  [2/300] fixed_matched__CIFAR10__alpha-0.01__seed-42     152s  ok
  [3/300] permuted_allocation__CIFAR10__alpha-0.01__seed-42     152s  ok
  [4/300] epoch_only__CIFAR10__alpha-0.01__seed-42     182s  ok
  [5/300] lr_only_matched__CIFAR10__alpha-0.01__seed-42     154s  ok
  [6/300] full_fedhad__CIFAR10__alpha-0.01__seed-43     192s  ok
  [7/300] fixed_matched__CIFAR10__alpha-0.01__seed-43     164s  ok
  [8/300] permuted_allocation__CIFAR10__alpha-0.01__seed-43     204s  ok
  [9/300] epoch_only__CIFAR10__alpha-0.01__seed-43     192s  ok
  [10/300] lr_only_matched__CIFAR10__alpha-0.01__seed-43     162s  ok
  [11/300] full_fedhad__CIFAR10__alpha-0.01__seed-44     182s  ok
  [12/300] fixed_matched__CIFAR10__alpha-0.01__seed-44     162s  ok
  [13/300] permuted_allocation__CIFAR10__alpha-0.01__seed-44     162s  ok
  [14/300] epoch_only__CIFAR10__alpha-0.01__seed-44     182s  ok
  [15/300] lr_only_matched__CIFAR10__alpha-0.01__seed-44     164s  ok
  [16/300] full_fedhad__CIFAR10__alpha-0.01__seed-45     174s  ok
  [17/300] fixed_matched__CIFAR10__alpha-0.01__seed-45     152s  ok
  [18/300] permuted_allocation__CIFAR10__alpha-0.01__seed-45     162s  ok
  [19/300] epoch_only__CIFAR10__alpha-0.01__seed-45     172s  ok
  [20/300] lr_only_matched__CIFAR10__alpha-0.01__seed-45     152s  ok
  [21/300] full_fedhad__CIFAR10__alpha-0.01__seed-46     234s  ok
  [22/300] fixed_matched__CIFAR10__alpha-0.01__seed-46     192s  ok
  [23/300] permuted_allocation__CIFAR10__alpha-0.01__seed-46     232s  ok
  [24/300] epoch_only__CIFAR10__alpha-0.01__seed-46     232s  ok
  [25/300] lr_only_matched__CIFAR10__alpha-0.01__seed-46     192s  ok
  [26/300] full_fedhad__CIFAR10__alpha-0.01__seed-47     212s  ok
  [27/300] fixed_matched__CIFAR10__alpha-0.01__seed-47     172s  ok
  [28/300] permuted_allocation__CIFAR10__alpha-0.01__seed-47     214s  ok
  [29/300] epoch_only__CIFAR10__alpha-0.01__seed-47     202s  ok
  [30/300] lr_only_matched__CIFAR10__alpha-0.01__seed-47     172s  ok
  [31/300] full_fedhad__CIFAR10__alpha-0.01__seed-48     142s  ok
  [32/300] fixed_matched__CIFAR10__alpha-0.01__seed-48     142s  ok
  [33/300] permuted_allocation__CIFAR10__alpha-0.01__seed-48     152s  ok
  [34/300] epoch_only__CIFAR10__alpha-0.01__seed-48     142s  ok
  [35/300] lr_only_matched__CIFAR10__alpha-0.01__seed-48     142s  ok
  [36/300] full_fedhad__CIFAR10__alpha-0.01__seed-49     172s  ok
  [37/300] fixed_matched__CIFAR10__alpha-0.01__seed-49     152s  ok
  [38/300] permuted_allocation__CIFAR10__alpha-0.01__seed-49     164s  ok
  [39/300] epoch_only__CIFAR10__alpha-0.01__seed-49     172s  ok
  [40/300] lr_only_matched__CIFAR10__alpha-0.01__seed-49     152s  ok
  [41/300] full_fedhad__CIFAR10__alpha-0.01__seed-50     232s  ok
  [42/300] fixed_matched__CIFAR10__alpha-0.01__seed-50     192s  ok
  [43/300] permuted_allocation__CIFAR10__alpha-0.01__seed-50     232s  ok
  [44/300] epoch_only__CIFAR10__alpha-0.01__seed-50     232s  ok
  [45/300] lr_only_matched__CIFAR10__alpha-0.01__seed-50     194s  ok
  [46/300] full_fedhad__CIFAR10__alpha-0.01__seed-51     204s  ok
  [47/300] fixed_matched__CIFAR10__alpha-0.01__seed-51     162s  ok
