  seed 42 done (1/30)
  seed 43 done (2/30)
  seed 44 done (3/30)
  seed 45 done (4/30)
  seed 46 done (5/30)
  seed 47 done (6/30)
  seed 48 done (7/30)
  seed 49 done (8/30)
  seed 50 done (9/30)
  seed 51 done (10/30)
  seed 52 done (11/30)
  seed 53 done (12/30)
  seed 54 done (13/30)
  seed 55 done (14/30)
  seed 56 done (15/30)
  seed 57 done (16/30)
  seed 58 done (17/30)
  seed 59 done (18/30)
  seed 60 done (19/30)
  seed 61 done (20/30)
  seed 62 done (21/30)
  seed 63 done (22/30)
  seed 64 done (23/30)
  seed 65 done (24/30)
  seed 66 done (25/30)
  seed 67 done (26/30)
  seed 68 done (27/30)
  seed 69 done (28/30)
  seed 70 done (29/30)
  seed 71 done (30/30)

==============================================================================
OFFLINE: client size vs heterogeneity, all seeds (no training)
==============================================================================
  alpha=0.01  rho(n_k, H_k)        n=30  mean -0.757  median -0.900  [-1.000, +0.100]
  alpha=0.01  rho(E_full, H_k)     n=30  mean -0.753  median -0.850  [-1.000, +0.000]
  alpha=0.01  rho(E_fixed, H_k)    n=26  mean +0.158  median +0.200  [-0.900, +0.900]
  alpha=0.01  rho(E_perm, H_k)     n=30  mean -0.393  median -0.500  [-0.900, +0.600]
  alpha=0.01  |dU| fixed  : max 3.44%  median 0.27%  <=1%: 23/30
  alpha=0.01  |dU| perm   : max 15.51%  median 2.75%  <=1%: 10/30
  alpha=0.01  Hamming fixed vs full: min 1 (cells with <=1: 7/30)
  alpha=0.01  Hamming perm  vs full: min 2 (cells with <=1: 0/30)

  alpha=0.1   rho(n_k, H_k)        n=30  mean -0.800  median -0.900  [-1.000, -0.300]
  alpha=0.1   rho(E_full, H_k)     n=30  mean -0.777  median -0.900  [-1.000, -0.200]
  alpha=0.1   rho(E_fixed, H_k)    n=30  mean +0.000  median +0.000  [-0.600, +0.900]
  alpha=0.1   rho(E_perm, H_k)     n=30  mean -0.327  median -0.400  [-0.900, +0.900]
  alpha=0.1   |dU| fixed  : max 1.46%  median 0.23%  <=1%: 29/30
  alpha=0.1   |dU| perm   : max 8.38%  median 0.95%  <=1%: 15/30
  alpha=0.1   Hamming fixed vs full: min 1 (cells with <=1: 3/30)
  alpha=0.1   Hamming perm  vs full: min 2 (cells with <=1: 0/30)

Written -> /home/tiago/GitHubProjects/fedhad-thesis-2/results_revision_ablation/tables/size_heterogeneity_offline.csv
