
>>> INICIANDO  [1/120] FedAVG__CIFAR10__a1.0__s42   (2026-09-04 11:24:08)
[1.1] 1/120 (1%) | FedAVG CIFAR10 a=1.0 seed=42 | 2m47s | decorrido 2m47s | ETA 5h32m

>>> INICIANDO  [2/120] FedAVG__CIFAR10__a1.0__s43   (2026-09-04 11:26:56)
[1.1] 2/120 (2%) | FedAVG CIFAR10 a=1.0 seed=43 | 2m47s | decorrido 5m35s | ETA 5h29m

>>> INICIANDO  [3/120] FedAVG__CIFAR10__a1.0__s44   (2026-09-04 11:29:43)
[1.1] 3/120 (2%) | FedAVG CIFAR10 a=1.0 seed=44 | 2m59s | decorrido 8m34s | ETA 5h34m

>>> INICIANDO  [4/120] FedAVG__CIFAR10__a1.0__s45   (2026-09-04 11:32:43)
[1.1] 4/120 (3%) | FedAVG CIFAR10 a=1.0 seed=45 | 2m47s | decorrido 11m22s | ETA 5h29m

>>> INICIANDO  [5/120] FedAVG__CIFAR10__a1.0__s46   (2026-09-04 11:35:31)
[1.1] 5/120 (4%) | FedAVG CIFAR10 a=1.0 seed=46 | 2m37s | decorrido 13m59s | ETA 5h21m

>>> INICIANDO  [6/120] FedAVG__CIFAR10__a1.0__s47   (2026-09-04 11:38:08)
[1.1] 6/120 (5%) | FedAVG CIFAR10 a=1.0 seed=47 | 2m37s | decorrido 16m37s | ETA 5h15m

>>> INICIANDO  [7/120] FedAVG__CIFAR10__a1.0__s48   (2026-09-04 11:40:45)
[1.1] 7/120 (6%) | FedAVG CIFAR10 a=1.0 seed=48 | 2m37s | decorrido 19m14s | ETA 5h10m

>>> INICIANDO  [8/120] FedAVG__CIFAR10__a1.0__s49   (2026-09-04 11:43:23)
[1.1] 8/120 (7%) | FedAVG CIFAR10 a=1.0 seed=49 | 2m47s | decorrido 22m02s | ETA 5h08m

>>> INICIANDO  [9/120] FedAVG__CIFAR10__a1.0__s50   (2026-09-04 11:46:10)
[1.1] 9/120 (8%) | FedAVG CIFAR10 a=1.0 seed=50 | 2m37s | decorrido 24m39s | ETA 5h04m

>>> INICIANDO  [10/120] FedAVG__CIFAR10__a1.0__s51   (2026-09-04 11:48:48)
[1.1] 10/120 (8%) | FedAVG CIFAR10 a=1.0 seed=51 | 2m37s | decorrido 27m17s | ETA 5h00m

>>> INICIANDO  [11/120] FedAVG__CIFAR10__a0.1__s42   (2026-09-04 11:51:25)
[1.1] 11/120 (9%) | FedAVG CIFAR10 a=0.1 seed=42 | 3m09s | decorrido 30m26s | ETA 5h01m

>>> INICIANDO  [12/120] FedAVG__CIFAR10__a0.1__s43   (2026-09-04 11:54:35)
[1.1] 12/120 (10%) | FedAVG CIFAR10 a=0.1 seed=43 | 2m47s | decorrido 33m14s | ETA 4h59m

>>> INICIANDO  [13/120] FedAVG__CIFAR10__a0.1__s44   (2026-09-04 11:57:22)
[1.1] 13/120 (11%) | FedAVG CIFAR10 a=0.1 seed=44 | 2m49s | decorrido 36m03s | ETA 4h56m

>>> INICIANDO  [14/120] FedAVG__CIFAR10__a0.1__s45   (2026-09-04 12:00:11)
[1.1] 14/120 (12%) | FedAVG CIFAR10 a=0.1 seed=45 | 2m57s | decorrido 39m00s | ETA 4h55m

>>> INICIANDO  [15/120] FedAVG__CIFAR10__a0.1__s46   (2026-09-04 12:03:09)
[1.1] 15/120 (12%) | FedAVG CIFAR10 a=0.1 seed=46 | 3m07s | decorrido 42m08s | ETA 4h54m

>>> INICIANDO  [16/120] FedAVG__CIFAR10__a0.1__s47   (2026-09-04 12:06:17)
[1.1] 16/120 (13%) | FedAVG CIFAR10 a=0.1 seed=47 | 2m47s | decorrido 44m55s | ETA 4h52m

>>> INICIANDO  [17/120] FedAVG__CIFAR10__a0.1__s48   (2026-09-04 12:09:04)
[1.1] 17/120 (14%) | FedAVG CIFAR10 a=0.1 seed=48 | 3m07s | decorrido 48m03s | ETA 4h51m

>>> INICIANDO  [18/120] FedAVG__CIFAR10__a0.1__s49   (2026-09-04 12:12:12)
[1.1] 18/120 (15%) | FedAVG CIFAR10 a=0.1 seed=49 | 2m49s | decorrido 50m52s | ETA 4h48m

>>> INICIANDO  [19/120] FedAVG__CIFAR10__a0.1__s50   (2026-09-04 12:15:01)
[1.1] 19/120 (16%) | FedAVG CIFAR10 a=0.1 seed=50 | 3m27s | decorrido 54m20s | ETA 4h48m

>>> INICIANDO  [20/120] FedAVG__CIFAR10__a0.1__s51   (2026-09-04 12:18:28)
[1.1] 20/120 (17%) | FedAVG CIFAR10 a=0.1 seed=51 | 3m07s | decorrido 57m28s | ETA 4h47m

>>> INICIANDO  [21/120] FedAVG__CIFAR10__a0.01__s42   (2026-09-04 12:21:36)
[1.1] 21/120 (18%) | FedAVG CIFAR10 a=0.01 seed=42 | 2m47s | decorrido 1h00m | ETA 4h44m

>>> INICIANDO  [22/120] FedAVG__CIFAR10__a0.01__s43   (2026-09-04 12:24:24)
[1.1] 22/120 (18%) | FedAVG CIFAR10 a=0.01 seed=43 | 3m09s | decorrido 1h03m | ETA 4h42m

>>> INICIANDO  [23/120] FedAVG__CIFAR10__a0.01__s44   (2026-09-04 12:27:33)
[1.1] 23/120 (19%) | FedAVG CIFAR10 a=0.01 seed=44 | 2m57s | decorrido 1h06m | ETA 4h39m

>>> INICIANDO  [24/120] FedAVG__CIFAR10__a0.01__s45   (2026-09-04 12:30:31)
[1.1] 24/120 (20%) | FedAVG CIFAR10 a=0.01 seed=45 | 2m49s | decorrido 1h09m | ETA 4h36m

>>> INICIANDO  [25/120] FedAVG__CIFAR10__a0.01__s46   (2026-09-04 12:33:20)
[1.1] 25/120 (21%) | FedAVG CIFAR10 a=0.01 seed=46 | 3m37s | decorrido 1h12m | ETA 4h36m

>>> INICIANDO  [26/120] FedAVG__CIFAR10__a0.01__s47   (2026-09-04 12:36:57)
[1.1] 26/120 (22%) | FedAVG CIFAR10 a=0.01 seed=47 | 3m17s | decorrido 1h16m | ETA 4h35m

>>> INICIANDO  [27/120] FedAVG__CIFAR10__a0.01__s48   (2026-09-04 12:40:15)
[1.1] 27/120 (22%) | FedAVG CIFAR10 a=0.01 seed=48 | 2m47s | decorrido 1h18m | ETA 4h31m

>>> INICIANDO  [28/120] FedAVG__CIFAR10__a0.01__s49   (2026-09-04 12:43:02)
[1.1] 28/120 (23%) | FedAVG CIFAR10 a=0.01 seed=49 | 2m49s | decorrido 1h21m | ETA 4h28m

>>> INICIANDO  [29/120] FedAVG__CIFAR10__a0.01__s50   (2026-09-04 12:45:52)
[1.1] 29/120 (24%) | FedAVG CIFAR10 a=0.01 seed=50 | 3m37s | decorrido 1h25m | ETA 4h27m

>>> INICIANDO  [30/120] FedAVG__CIFAR10__a0.01__s51   (2026-09-04 12:49:30)
[1.1] 30/120 (25%) | FedAVG CIFAR10 a=0.01 seed=51 | 3m07s | decorrido 1h28m | ETA 4h25m

>>> INICIANDO  [31/120] FedAvgM__CIFAR10__a1.0__s42   (2026-09-04 12:52:37)
[1.1] 31/120 (26%) | FedAvgM CIFAR10 a=1.0 seed=42 | 2m37s | decorrido 1h31m | ETA 4h21m

>>> INICIANDO  [32/120] FedAvgM__CIFAR10__a1.0__s43   (2026-09-04 12:55:15)
[1.1] 32/120 (27%) | FedAvgM CIFAR10 a=1.0 seed=43 | 2m47s | decorrido 1h33m | ETA 4h18m

>>> INICIANDO  [33/120] FedAvgM__CIFAR10__a1.0__s44   (2026-09-04 12:58:02)
[1.1] 33/120 (28%) | FedAvgM CIFAR10 a=1.0 seed=44 | 2m59s | decorrido 1h36m | ETA 4h15m

>>> INICIANDO  [34/120] FedAvgM__CIFAR10__a1.0__s45   (2026-09-04 13:01:01)
[1.1] 34/120 (28%) | FedAvgM CIFAR10 a=1.0 seed=45 | 2m47s | decorrido 1h39m | ETA 4h12m

>>> INICIANDO  [35/120] FedAvgM__CIFAR10__a1.0__s46   (2026-09-04 13:03:49)
[1.1] 35/120 (29%) | FedAvgM CIFAR10 a=1.0 seed=46 | 2m37s | decorrido 1h42m | ETA 4h08m

>>> INICIANDO  [36/120] FedAvgM__CIFAR10__a1.0__s47   (2026-09-04 13:06:26)
[1.1] 36/120 (30%) | FedAvgM CIFAR10 a=1.0 seed=47 | 2m37s | decorrido 1h44m | ETA 4h04m

>>> INICIANDO  [37/120] FedAvgM__CIFAR10__a1.0__s48   (2026-09-04 13:09:04)
[1.1] 37/120 (31%) | FedAvgM CIFAR10 a=1.0 seed=48 | 2m29s | decorrido 1h47m | ETA 4h00m

>>> INICIANDO  [38/120] FedAvgM__CIFAR10__a1.0__s49   (2026-09-04 13:11:33)
[1.1] 38/120 (32%) | FedAvgM CIFAR10 a=1.0 seed=49 | 2m37s | decorrido 1h50m | ETA 3h57m

>>> INICIANDO  [39/120] FedAvgM__CIFAR10__a1.0__s50   (2026-09-04 13:14:10)
[1.1] 39/120 (32%) | FedAvgM CIFAR10 a=1.0 seed=50 | 2m37s | decorrido 1h52m | ETA 3h53m

>>> INICIANDO  [40/120] FedAvgM__CIFAR10__a1.0__s51   (2026-09-04 13:16:48)
[1.1] 40/120 (33%) | FedAvgM CIFAR10 a=1.0 seed=51 | 2m37s | decorrido 1h55m | ETA 3h50m

>>> INICIANDO  [41/120] FedAvgM__CIFAR10__a0.1__s42   (2026-09-04 13:19:25)
[1.1] 41/120 (34%) | FedAvgM CIFAR10 a=0.1 seed=42 | 2m57s | decorrido 1h58m | ETA 3h47m

>>> INICIANDO  [42/120] FedAvgM__CIFAR10__a0.1__s43   (2026-09-04 13:22:23)
[1.1] 42/120 (35%) | FedAvgM CIFAR10 a=0.1 seed=43 | 2m47s | decorrido 2h01m | ETA 3h44m

>>> INICIANDO  [43/120] FedAvgM__CIFAR10__a0.1__s44   (2026-09-04 13:25:10)
[1.1] 43/120 (36%) | FedAvgM CIFAR10 a=0.1 seed=44 | 2m47s | decorrido 2h03m | ETA 3h41m

>>> INICIANDO  [44/120] FedAvgM__CIFAR10__a0.1__s45   (2026-09-04 13:27:58)
[1.1] 44/120 (37%) | FedAvgM CIFAR10 a=0.1 seed=45 | 2m57s | decorrido 2h06m | ETA 3h38m

>>> INICIANDO  [45/120] FedAvgM__CIFAR10__a0.1__s46   (2026-09-04 13:30:55)
[1.1] 45/120 (38%) | FedAvgM CIFAR10 a=0.1 seed=46 | 3m07s | decorrido 2h09m | ETA 3h36m

>>> INICIANDO  [46/120] FedAvgM__CIFAR10__a0.1__s47   (2026-09-04 13:34:03)
[1.1] 46/120 (38%) | FedAvgM CIFAR10 a=0.1 seed=47 | 2m37s | decorrido 2h12m | ETA 3h33m

>>> INICIANDO  [47/120] FedAvgM__CIFAR10__a0.1__s48   (2026-09-04 13:36:40)
[1.1] 47/120 (39%) | FedAvgM CIFAR10 a=0.1 seed=48 | 3m07s | decorrido 2h15m | ETA 3h30m

>>> INICIANDO  [48/120] FedAvgM__CIFAR10__a0.1__s49   (2026-09-04 13:39:48)
[1.1] 48/120 (40%) | FedAvgM CIFAR10 a=0.1 seed=49 | 2m49s | decorrido 2h18m | ETA 3h27m

>>> INICIANDO  [49/120] FedAvgM__CIFAR10__a0.1__s50   (2026-09-04 13:42:38)
[1.1] 49/120 (41%) | FedAvgM CIFAR10 a=0.1 seed=50 | 3m27s | decorrido 2h21m | ETA 3h25m

>>> INICIANDO  [50/120] FedAvgM__CIFAR10__a0.1__s51   (2026-09-04 13:46:05)
[1.1] 50/120 (42%) | FedAvgM CIFAR10 a=0.1 seed=51 | 3m07s | decorrido 2h25m | ETA 3h23m

>>> INICIANDO  [51/120] FedAvgM__CIFAR10__a0.01__s42   (2026-09-04 13:49:13)
[1.1] 51/120 (42%) | FedAvgM CIFAR10 a=0.01 seed=42 | 2m47s | decorrido 2h27m | ETA 3h20m

>>> INICIANDO  [52/120] FedAvgM__CIFAR10__a0.01__s43   (2026-09-04 13:52:00)
[1.1] 52/120 (43%) | FedAvgM CIFAR10 a=0.01 seed=43 | 3m08s | decorrido 2h31m | ETA 3h17m

>>> INICIANDO  [53/120] FedAvgM__CIFAR10__a0.01__s44   (2026-09-04 13:55:09)
[1.1] 53/120 (44%) | FedAvgM CIFAR10 a=0.01 seed=44 | 2m59s | decorrido 2h33m | ETA 3h14m

>>> INICIANDO  [54/120] FedAvgM__CIFAR10__a0.01__s45   (2026-09-04 13:58:08)
[1.1] 54/120 (45%) | FedAvgM CIFAR10 a=0.01 seed=45 | 2m47s | decorrido 2h36m | ETA 3h11m

>>> INICIANDO  [55/120] FedAvgM__CIFAR10__a0.01__s46   (2026-09-04 14:00:55)
[1.1] 55/120 (46%) | FedAvgM CIFAR10 a=0.01 seed=46 | 3m37s | decorrido 2h40m | ETA 3h09m

>>> INICIANDO  [56/120] FedAvgM__CIFAR10__a0.01__s47   (2026-09-04 14:04:33)
[1.1] 56/120 (47%) | FedAvgM CIFAR10 a=0.01 seed=47 | 3m17s | decorrido 2h43m | ETA 3h07m

>>> INICIANDO  [57/120] FedAvgM__CIFAR10__a0.01__s48   (2026-09-04 14:07:50)
[1.1] 57/120 (48%) | FedAvgM CIFAR10 a=0.01 seed=48 | 2m37s | decorrido 2h46m | ETA 3h03m

>>> INICIANDO  [58/120] FedAvgM__CIFAR10__a0.01__s49   (2026-09-04 14:10:28)
[1.1] 58/120 (48%) | FedAvgM CIFAR10 a=0.01 seed=49 | 2m49s | decorrido 2h49m | ETA 3h00m

>>> INICIANDO  [59/120] FedAvgM__CIFAR10__a0.01__s50   (2026-09-04 14:13:17)
[1.1] 59/120 (49%) | FedAvgM CIFAR10 a=0.01 seed=50 | 3m37s | decorrido 2h52m | ETA 2h58m

>>> INICIANDO  [60/120] FedAvgM__CIFAR10__a0.01__s51   (2026-09-04 14:16:55)
[1.1] 60/120 (50%) | FedAvgM CIFAR10 a=0.01 seed=51 | 3m08s | decorrido 2h55m | ETA 2h55m

>>> INICIANDO  [61/120] FedProx__CIFAR10__a1.0__s42   (2026-09-04 14:20:03)
[1.1] 61/120 (51%) | FedProx CIFAR10 a=1.0 seed=42 | 3m39s | decorrido 2h59m | ETA 2h53m

>>> INICIANDO  [62/120] FedProx__CIFAR10__a1.0__s43   (2026-09-04 14:23:42)
[1.1] 62/120 (52%) | FedProx CIFAR10 a=1.0 seed=43 | 3m50s | decorrido 3h03m | ETA 2h51m

>>> INICIANDO  [63/120] FedProx__CIFAR10__a1.0__s44   (2026-09-04 14:27:33)
[1.1] 63/120 (52%) | FedProx CIFAR10 a=1.0 seed=44 | 3m59s | decorrido 3h07m | ETA 2h49m

>>> INICIANDO  [64/120] FedProx__CIFAR10__a1.0__s45   (2026-09-04 14:31:33)
[1.1] 64/120 (53%) | FedProx CIFAR10 a=1.0 seed=45 | 3m47s | decorrido 3h11m | ETA 2h47m

>>> INICIANDO  [65/120] FedProx__CIFAR10__a1.0__s46   (2026-09-04 14:35:20)
[1.1] 65/120 (54%) | FedProx CIFAR10 a=1.0 seed=46 | 3m37s | decorrido 3h14m | ETA 2h44m

>>> INICIANDO  [66/120] FedProx__CIFAR10__a1.0__s47   (2026-09-04 14:38:58)
[1.1] 66/120 (55%) | FedProx CIFAR10 a=1.0 seed=47 | 3m27s | decorrido 3h18m | ETA 2h42m

>>> INICIANDO  [67/120] FedProx__CIFAR10__a1.0__s48   (2026-09-04 14:42:25)
[1.1] 67/120 (56%) | FedProx CIFAR10 a=1.0 seed=48 | 3m27s | decorrido 3h21m | ETA 2h39m

>>> INICIANDO  [68/120] FedProx__CIFAR10__a1.0__s49   (2026-09-04 14:45:53)
[1.1] 68/120 (57%) | FedProx CIFAR10 a=1.0 seed=49 | 3m38s | decorrido 3h25m | ETA 2h37m

>>> INICIANDO  [69/120] FedProx__CIFAR10__a1.0__s50   (2026-09-04 14:49:32)
[1.1] 69/120 (58%) | FedProx CIFAR10 a=1.0 seed=50 | 3m27s | decorrido 3h28m | ETA 2h34m

>>> INICIANDO  [70/120] FedProx__CIFAR10__a1.0__s51   (2026-09-04 14:52:59)
[1.1] 70/120 (58%) | FedProx CIFAR10 a=1.0 seed=51 | 3m38s | decorrido 3h32m | ETA 2h31m

>>> INICIANDO  [71/120] FedProx__CIFAR10__a0.1__s42   (2026-09-04 14:56:38)
[1.1] 71/120 (59%) | FedProx CIFAR10 a=0.1 seed=42 | 4m07s | decorrido 3h36m | ETA 2h29m

>>> INICIANDO  [72/120] FedProx__CIFAR10__a0.1__s43   (2026-09-04 15:00:46)
[1.1] 72/120 (60%) | FedProx CIFAR10 a=0.1 seed=43 | 3m47s | decorrido 3h40m | ETA 2h26m

>>> INICIANDO  [73/120] FedProx__CIFAR10__a0.1__s44   (2026-09-04 15:04:33)
[1.1] 73/120 (61%) | FedProx CIFAR10 a=0.1 seed=44 | 3m48s | decorrido 3h44m | ETA 2h24m

>>> INICIANDO  [74/120] FedProx__CIFAR10__a0.1__s45   (2026-09-04 15:08:22)
[1.1] 74/120 (62%) | FedProx CIFAR10 a=0.1 seed=45 | 3m57s | decorrido 3h48m | ETA 2h21m

>>> INICIANDO  [75/120] FedProx__CIFAR10__a0.1__s46   (2026-09-04 15:12:19)
[1.1] 75/120 (62%) | FedProx CIFAR10 a=0.1 seed=46 | 4m07s | decorrido 3h52m | ETA 2h19m

>>> INICIANDO  [76/120] FedProx__CIFAR10__a0.1__s47   (2026-09-04 15:16:27)
[1.1] 76/120 (63%) | FedProx CIFAR10 a=0.1 seed=47 | 3m37s | decorrido 3h55m | ETA 2h16m

>>> INICIANDO  [77/120] FedProx__CIFAR10__a0.1__s48   (2026-09-04 15:20:05)
[1.1] 77/120 (64%) | FedProx CIFAR10 a=0.1 seed=48 | 4m17s | decorrido 4h00m | ETA 2h14m

>>> INICIANDO  [78/120] FedProx__CIFAR10__a0.1__s49   (2026-09-04 15:24:22)
[1.1] 78/120 (65%) | FedProx CIFAR10 a=0.1 seed=49 | 3m37s | decorrido 4h03m | ETA 2h11m

>>> INICIANDO  [79/120] FedProx__CIFAR10__a0.1__s50   (2026-09-04 15:28:00)
[1.1] 79/120 (66%) | FedProx CIFAR10 a=0.1 seed=50 | 4m39s | decorrido 4h08m | ETA 2h08m

>>> INICIANDO  [80/120] FedProx__CIFAR10__a0.1__s51   (2026-09-04 15:32:40)
[1.1] 80/120 (67%) | FedProx CIFAR10 a=0.1 seed=51 | 4m07s | decorrido 4h12m | ETA 2h06m

>>> INICIANDO  [81/120] FedProx__CIFAR10__a0.01__s42   (2026-09-04 15:36:48)
[1.1] 81/120 (68%) | FedProx CIFAR10 a=0.01 seed=42 | 3m49s | decorrido 4h16m | ETA 2h03m

>>> INICIANDO  [82/120] FedProx__CIFAR10__a0.01__s43   (2026-09-04 15:40:37)
[1.1] 82/120 (68%) | FedProx CIFAR10 a=0.01 seed=43 | 4m09s | decorrido 4h20m | ETA 2h00m

>>> INICIANDO  [83/120] FedProx__CIFAR10__a0.01__s44   (2026-09-04 15:44:47)
[1.1] 83/120 (69%) | FedProx CIFAR10 a=0.01 seed=44 | 3m57s | decorrido 4h24m | ETA 1h57m

>>> INICIANDO  [84/120] FedProx__CIFAR10__a0.01__s45   (2026-09-04 15:48:44)
[1.1] 84/120 (70%) | FedProx CIFAR10 a=0.01 seed=45 | 3m47s | decorrido 4h28m | ETA 1h55m

>>> INICIANDO  [85/120] FedProx__CIFAR10__a0.01__s46   (2026-09-04 15:52:32)
[1.1] 85/120 (71%) | FedProx CIFAR10 a=0.01 seed=46 | 4m59s | decorrido 4h33m | ETA 1h52m

>>> INICIANDO  [86/120] FedProx__CIFAR10__a0.01__s47   (2026-09-04 15:57:31)
[1.1] 86/120 (72%) | FedProx CIFAR10 a=0.01 seed=47 | 4m27s | decorrido 4h37m | ETA 1h49m

>>> INICIANDO  [87/120] FedProx__CIFAR10__a0.01__s48   (2026-09-04 16:01:59)
[1.1] 87/120 (72%) | FedProx CIFAR10 a=0.01 seed=48 | 3m37s | decorrido 4h41m | ETA 1h46m

>>> INICIANDO  [88/120] FedProx__CIFAR10__a0.01__s49   (2026-09-04 16:05:36)
[1.1] 88/120 (73%) | FedProx CIFAR10 a=0.01 seed=49 | 3m49s | decorrido 4h45m | ETA 1h43m

>>> INICIANDO  [89/120] FedProx__CIFAR10__a0.01__s50   (2026-09-04 16:09:26)
[1.1] 89/120 (74%) | FedProx CIFAR10 a=0.01 seed=50 | 4m57s | decorrido 4h50m | ETA 1h41m

>>> INICIANDO  [90/120] FedProx__CIFAR10__a0.01__s51   (2026-09-04 16:14:23)
[1.1] 90/120 (75%) | FedProx CIFAR10 a=0.01 seed=51 | 4m07s | decorrido 4h54m | ETA 1h38m

>>> INICIANDO  [91/120] FedHAD__CIFAR10__a1.0__s42   (2026-09-04 16:18:31)
[1.1] 91/120 (76%) | FedHAD CIFAR10 a=1.0 seed=42 | 3m08s | decorrido 4h57m | ETA 1h34m

>>> INICIANDO  [92/120] FedHAD__CIFAR10__a1.0__s43   (2026-09-04 16:21:40)
[1.1] 92/120 (77%) | FedHAD CIFAR10 a=1.0 seed=43 | 3m07s | decorrido 5h00m | ETA 1h31m

>>> INICIANDO  [93/120] FedHAD__CIFAR10__a1.0__s44   (2026-09-04 16:24:47)
[1.1] 93/120 (78%) | FedHAD CIFAR10 a=1.0 seed=44 | 3m19s | decorrido 5h03m | ETA 1h28m

>>> INICIANDO  [94/120] FedHAD__CIFAR10__a1.0__s45   (2026-09-04 16:28:07)
[1.1] 94/120 (78%) | FedHAD CIFAR10 a=1.0 seed=45 | 3m07s | decorrido 5h07m | ETA 1h24m

>>> INICIANDO  [95/120] FedHAD__CIFAR10__a1.0__s46   (2026-09-04 16:31:14)
[1.1] 95/120 (79%) | FedHAD CIFAR10 a=1.0 seed=46 | 2m57s | decorrido 5h10m | ETA 1h21m

>>> INICIANDO  [96/120] FedHAD__CIFAR10__a1.0__s47   (2026-09-04 16:34:11)
[1.1] 96/120 (80%) | FedHAD CIFAR10 a=1.0 seed=47 | 2m57s | decorrido 5h13m | ETA 1h18m

>>> INICIANDO  [97/120] FedHAD__CIFAR10__a1.0__s48   (2026-09-04 16:37:09)
[1.1] 97/120 (81%) | FedHAD CIFAR10 a=1.0 seed=48 | 2m57s | decorrido 5h15m | ETA 1h14m

>>> INICIANDO  [98/120] FedHAD__CIFAR10__a1.0__s49   (2026-09-04 16:40:06)
[1.1] 98/120 (82%) | FedHAD CIFAR10 a=1.0 seed=49 | 3m07s | decorrido 5h19m | ETA 1h11m

>>> INICIANDO  [99/120] FedHAD__CIFAR10__a1.0__s50   (2026-09-04 16:43:13)
[1.1] 99/120 (82%) | FedHAD CIFAR10 a=1.0 seed=50 | 2m57s | decorrido 5h22m | ETA 1h08m

>>> INICIANDO  [100/120] FedHAD__CIFAR10__a1.0__s51   (2026-09-04 16:46:10)
[1.1] 100/120 (83%) | FedHAD CIFAR10 a=1.0 seed=51 | 3m07s | decorrido 5h25m | ETA 1h05m

>>> INICIANDO  [101/120] FedHAD__CIFAR10__a0.1__s42   (2026-09-04 16:49:18)
[1.1] 101/120 (84%) | FedHAD CIFAR10 a=0.1 seed=42 | 3m27s | decorrido 5h28m | ETA 1h01m

>>> INICIANDO  [102/120] FedHAD__CIFAR10__a0.1__s43   (2026-09-04 16:52:45)
[1.1] 102/120 (85%) | FedHAD CIFAR10 a=0.1 seed=43 | 3m07s | decorrido 5h31m | ETA 58m32s

>>> INICIANDO  [103/120] FedHAD__CIFAR10__a0.1__s44   (2026-09-04 16:55:52)
[1.1] 103/120 (86%) | FedHAD CIFAR10 a=0.1 seed=44 | 3m07s | decorrido 5h34m | ETA 55m15s

>>> INICIANDO  [104/120] FedHAD__CIFAR10__a0.1__s45   (2026-09-04 16:59:00)
[1.1] 104/120 (87%) | FedHAD CIFAR10 a=0.1 seed=45 | 3m19s | decorrido 5h38m | ETA 52m01s

>>> INICIANDO  [105/120] FedHAD__CIFAR10__a0.1__s46   (2026-09-04 17:02:19)
[1.1] 105/120 (88%) | FedHAD CIFAR10 a=0.1 seed=46 | 3m27s | decorrido 5h41m | ETA 48m47s

>>> INICIANDO  [106/120] FedHAD__CIFAR10__a0.1__s47   (2026-09-04 17:05:46)
[1.1] 106/120 (88%) | FedHAD CIFAR10 a=0.1 seed=47 | 2m57s | decorrido 5h44m | ETA 45m30s

>>> INICIANDO  [107/120] FedHAD__CIFAR10__a0.1__s48   (2026-09-04 17:08:43)
[1.1] 107/120 (89%) | FedHAD CIFAR10 a=0.1 seed=48 | 3m28s | decorrido 5h48m | ETA 42m17s

>>> INICIANDO  [108/120] FedHAD__CIFAR10__a0.1__s49   (2026-09-04 17:12:12)
[1.1] 108/120 (90%) | FedHAD CIFAR10 a=0.1 seed=49 | 3m07s | decorrido 5h51m | ETA 39m00s

>>> INICIANDO  [109/120] FedHAD__CIFAR10__a0.1__s50   (2026-09-04 17:15:19)
[1.1] 109/120 (91%) | FedHAD CIFAR10 a=0.1 seed=50 | 3m58s | decorrido 5h55m | ETA 35m50s

>>> INICIANDO  [110/120] FedHAD__CIFAR10__a0.1__s51   (2026-09-04 17:19:18)
[1.1] 110/120 (92%) | FedHAD CIFAR10 a=0.1 seed=51 | 3m27s | decorrido 5h58m | ETA 32m35s

>>> INICIANDO  [111/120] FedHAD__CIFAR10__a0.01__s42   (2026-09-04 17:22:46)
[1.1] 111/120 (92%) | FedHAD CIFAR10 a=0.01 seed=42 | 3m07s | decorrido 6h01m | ETA 29m19s

>>> INICIANDO  [112/120] FedHAD__CIFAR10__a0.01__s43   (2026-09-04 17:25:53)
[1.1] 112/120 (93%) | FedHAD CIFAR10 a=0.01 seed=43 | 3m17s | decorrido 6h05m | ETA 26m04s

>>> INICIANDO  [113/120] FedHAD__CIFAR10__a0.01__s44   (2026-09-04 17:29:10)
[1.1] 113/120 (94%) | FedHAD CIFAR10 a=0.01 seed=44 | 3m17s | decorrido 6h08m | ETA 22m48s

>>> INICIANDO  [114/120] FedHAD__CIFAR10__a0.01__s45   (2026-09-04 17:32:28)
[1.1] 114/120 (95%) | FedHAD CIFAR10 a=0.01 seed=45 | 2m57s | decorrido 6h11m | ETA 19m32s

>>> INICIANDO  [115/120] FedHAD__CIFAR10__a0.01__s46   (2026-09-04 17:35:25)
[1.1] 115/120 (96%) | FedHAD CIFAR10 a=0.01 seed=46 | 3m58s | decorrido 6h15m | ETA 16m18s

>>> INICIANDO  [116/120] FedHAD__CIFAR10__a0.01__s47   (2026-09-04 17:39:24)
[1.1] 116/120 (97%) | FedHAD CIFAR10 a=0.01 seed=47 | 3m37s | decorrido 6h18m | ETA 13m03s

>>> INICIANDO  [117/120] FedHAD__CIFAR10__a0.01__s48   (2026-09-04 17:43:01)
[1.1] 117/120 (98%) | FedHAD CIFAR10 a=0.01 seed=48 | 2m37s | decorrido 6h21m | ETA 9m46s

>>> INICIANDO  [118/120] FedHAD__CIFAR10__a0.01__s49   (2026-09-04 17:45:38)
[1.1] 118/120 (98%) | FedHAD CIFAR10 a=0.01 seed=49 | 3m07s | decorrido 6h24m | ETA 6m31s

>>> INICIANDO  [119/120] FedHAD__CIFAR10__a0.01__s50   (2026-09-04 17:48:46)
[1.1] 119/120 (99%) | FedHAD CIFAR10 a=0.01 seed=50 | 3m57s | decorrido 6h28m | ETA 3m15s

>>> INICIANDO  [120/120] FedHAD__CIFAR10__a0.01__s51   (2026-09-04 17:52:43)
[1.1] 120/120 (100%) | FedHAD CIFAR10 a=0.01 seed=51 | 3m27s | decorrido 6h32m | ETA 0s

==============================================================================
Lote concluído.
RESUMO — done: 120 | pending: 0 | failed: 0 | total no plano: 120
Manifesto: /home/tiago/GitHubProjects/fedhad-thesis-2/results_revision_drift/_manifest.csv
Telemetria consolidada: /home/tiago/GitHubProjects/fedhad-thesis-2/results_revision_drift/1.1_diagnostico_drift/drift_telemetry.csv
Resumo por método/alpha: /home/tiago/GitHubProjects/fedhad-thesis-2/results_revision_drift/1.1_diagnostico_drift/summary.csv
