[codecarbon WARNING @ 13:22:28] Multiple instances of codecarbon are allowed to run at the same time.
[93mWARNING [0m:   DEPRECATED FEATURE: flwr.simulation.start_simulation() is deprecated.
	Instead, use the `flwr run` CLI command to start a local simulation in your Flower app, as shown for example below:

		$ flwr new  # Create a new Flower app from a template

		$ flwr run  # Run the Flower app in Simulation Mode

	Using `start_simulation()` is deprecated.

            This is a deprecated feature. It will be removed
            entirely in future versions of Flower.
        
[92mINFO [0m:      Starting Flower simulation, config: num_rounds=10, no round_timeout
2026-09-04 13:22:37,007	INFO worker.py:2012 -- Started a local Ray instance.
/home/tiago/GitHubProjects/fedhad-thesis-2/env_flwr_pt/lib/python3.12/site-packages/ray/_private/worker.py:2051: FutureWarning: Tip: In future versions of Ray, Ray will no longer override accelerator visible devices env var if num_gpus=0 or num_gpus=None (default). To enable this behavior and turn off this error message, set RAY_ACCEL_ENV_VAR_OVERRIDE_ON_ZERO=0
  warnings.warn(
[92mINFO [0m:      Flower VCE: Ray initialized with resources: {'object_store_memory': 77717955379.0, 'memory': 181341895885.0, 'node:10.129.64.100': 1.0, 'accelerator_type:A40': 1.0, 'GPU': 1.0, 'CPU': 64.0, 'node:__internal_head__': 1.0}
[92mINFO [0m:      Optimize your simulation with Flower VCE: https://flower.ai/docs/framework/how-to-run-simulations.html
/home/tiago/GitHubProjects/fedhad-thesis-2/FedAvgM_Final.py:1669: UserWarning: No `num_cpus` specified in `client_resources`. Using `num_cpus=1` for each client.
  history = fl.simulation.start_simulation(
[92mINFO [0m:      Flower VCE: Resources for each Virtual Client: {'num_gpus': 0.2, 'num_cpus': 1}
[92mINFO [0m:      Flower VCE: Creating VirtualClientEngineActorPool with 5 actors
[92mINFO [0m:      [INIT]
[92mINFO [0m:      Using initial global parameters provided by strategy
[92mINFO [0m:      Starting evaluation of initial global parameters
[92mINFO [0m:      initial parameters (loss, other metrics): 2.303067527770996, {'accuracy': 0.1003, 'loss': 2.303067527770996}
[92mINFO [0m:      
[92mINFO [0m:      [ROUND 1]
[92mINFO [0m:      configure_fit: strategy sampled 5 clients (out of 5)
[36m(ClientAppActor pid=574651)[0m [93mWARNING [0m:   DEPRECATED FEATURE: `client_fn` now expects a signature `def client_fn(context: Context)`.The provided `client_fn` has signature: {'cid': <Parameter "cid: str">}. You can import the `Context` like this: `from flwr.app import Context`
[36m(ClientAppActor pid=574651)[0m 
[36m(ClientAppActor pid=574651)[0m             This is a deprecated feature. It will be removed
[36m(ClientAppActor pid=574651)[0m             entirely in future versions of Flower.
[36m(ClientAppActor pid=574651)[0m         
[36m(ClientAppActor pid=574652)[0m 
[36m(ClientAppActor pid=574652)[0m         
[36m(ClientAppActor pid=574617)[0m 
[36m(ClientAppActor pid=574617)[0m         
[36m(ClientAppActor pid=574623)[0m 
[36m(ClientAppActor pid=574623)[0m         
[36m(ClientAppActor pid=574618)[0m 
[36m(ClientAppActor pid=574618)[0m         
[92mINFO [0m:      aggregate_fit: received 5 results and 0 failures
[92mINFO [0m:      fit progress: (1, 2.3399594215393065, {'accuracy': 0.1, 'loss': 2.3399594215393065}, 15.955850305967033)
[92mINFO [0m:      configure_evaluate: strategy sampled 5 clients (out of 5)
[36m(ClientAppActor pid=574618)[0m 
[36m(ClientAppActor pid=574618)[0m         
[36m(ClientAppActor pid=574618)[0m [93mWARNING [0m:   DEPRECATED FEATURE: `client_fn` now expects a signature `def client_fn(context: Context)`.The provided `client_fn` has signature: {'cid': <Parameter "cid: str">}. You can import the `Context` like this: `from flwr.app import Context`[32m [repeated 5x across cluster] (Ray deduplicates logs by default. Set RAY_DEDUP_LOGS=0 to disable log deduplication, or see https://docs.ray.io/en/master/ray-observability/user-guides/configure-logging.html#log-deduplication for more options.)[0m
[36m(ClientAppActor pid=574618)[0m             This is a deprecated feature. It will be removed[32m [repeated 5x across cluster][0m
[36m(ClientAppActor pid=574618)[0m             entirely in future versions of Flower.[32m [repeated 5x across cluster][0m
[36m(ClientAppActor pid=574652)[0m 
[36m(ClientAppActor pid=574652)[0m         
[36m(ClientAppActor pid=574617)[0m 
[36m(ClientAppActor pid=574617)[0m         
[36m(ClientAppActor pid=574623)[0m 
[36m(ClientAppActor pid=574623)[0m         
[36m(ClientAppActor pid=574651)[0m 
[36m(ClientAppActor pid=574651)[0m         
[92mINFO [0m:      aggregate_evaluate: received 5 results and 0 failures
[92mINFO [0m:      
[92mINFO [0m:      [ROUND 2]
[92mINFO [0m:      configure_fit: strategy sampled 5 clients (out of 5)
[36m(ClientAppActor pid=574651)[0m 
[36m(ClientAppActor pid=574651)[0m         
[36m(ClientAppActor pid=574623)[0m 
[36m(ClientAppActor pid=574623)[0m         
[36m(ClientAppActor pid=574652)[0m 
[36m(ClientAppActor pid=574652)[0m         
[36m(ClientAppActor pid=574617)[0m 
[36m(ClientAppActor pid=574617)[0m         
[36m(ClientAppActor pid=574618)[0m 
[36m(ClientAppActor pid=574618)[0m         
[92mINFO [0m:      aggregate_fit: received 5 results and 0 failures
[92mINFO [0m:      fit progress: (2, 2.165729474067688, {'accuracy': 0.3036, 'loss': 2.165729474067688}, 30.2646269989782)
[92mINFO [0m:      configure_evaluate: strategy sampled 5 clients (out of 5)
[36m(ClientAppActor pid=574652)[0m 
[36m(ClientAppActor pid=574652)[0m         
[36m(ClientAppActor pid=574652)[0m [93mWARNING [0m:   DEPRECATED FEATURE: `client_fn` now expects a signature `def client_fn(context: Context)`.The provided `client_fn` has signature: {'cid': <Parameter "cid: str">}. You can import the `Context` like this: `from flwr.app import Context`[32m [repeated 10x across cluster][0m
[36m(ClientAppActor pid=574652)[0m             This is a deprecated feature. It will be removed[32m [repeated 10x across cluster][0m
[36m(ClientAppActor pid=574652)[0m             entirely in future versions of Flower.[32m [repeated 10x across cluster][0m
[36m(ClientAppActor pid=574618)[0m 
[36m(ClientAppActor pid=574618)[0m         
[36m(ClientAppActor pid=574623)[0m 
[36m(ClientAppActor pid=574623)[0m         
[36m(ClientAppActor pid=574617)[0m 
[36m(ClientAppActor pid=574617)[0m         
[36m(ClientAppActor pid=574651)[0m 
[36m(ClientAppActor pid=574651)[0m         
[92mINFO [0m:      aggregate_evaluate: received 5 results and 0 failures
[92mINFO [0m:      
[92mINFO [0m:      [ROUND 3]
[92mINFO [0m:      configure_fit: strategy sampled 5 clients (out of 5)
[36m(ClientAppActor pid=574651)[0m 
[36m(ClientAppActor pid=574651)[0m         
[36m(ClientAppActor pid=574617)[0m 
[36m(ClientAppActor pid=574617)[0m         
[36m(ClientAppActor pid=574623)[0m 
[36m(ClientAppActor pid=574623)[0m         
[36m(ClientAppActor pid=574618)[0m 
[36m(ClientAppActor pid=574618)[0m         
[36m(ClientAppActor pid=574652)[0m 
[36m(ClientAppActor pid=574652)[0m         
[92mINFO [0m:      aggregate_fit: received 5 results and 0 failures
[92mINFO [0m:      fit progress: (3, 4.19970072479248, {'accuracy': 0.3612, 'loss': 4.19970072479248}, 44.268157734011766)
[92mINFO [0m:      configure_evaluate: strategy sampled 5 clients (out of 5)
[36m(ClientAppActor pid=574651)[0m 
[36m(ClientAppActor pid=574651)[0m         
[36m(ClientAppActor pid=574651)[0m [93mWARNING [0m:   DEPRECATED FEATURE: `client_fn` now expects a signature `def client_fn(context: Context)`.The provided `client_fn` has signature: {'cid': <Parameter "cid: str">}. You can import the `Context` like this: `from flwr.app import Context`[32m [repeated 10x across cluster][0m
[36m(ClientAppActor pid=574651)[0m             This is a deprecated feature. It will be removed[32m [repeated 10x across cluster][0m
[36m(ClientAppActor pid=574651)[0m             entirely in future versions of Flower.[32m [repeated 10x across cluster][0m
[36m(ClientAppActor pid=574617)[0m 
[36m(ClientAppActor pid=574617)[0m         
[36m(ClientAppActor pid=574652)[0m 
[36m(ClientAppActor pid=574652)[0m         
[36m(ClientAppActor pid=574618)[0m 
[36m(ClientAppActor pid=574618)[0m         
[36m(ClientAppActor pid=574623)[0m 
[36m(ClientAppActor pid=574623)[0m         
[92mINFO [0m:      aggregate_evaluate: received 5 results and 0 failures
[92mINFO [0m:      
[92mINFO [0m:      [ROUND 4]
[92mINFO [0m:      configure_fit: strategy sampled 5 clients (out of 5)
[36m(ClientAppActor pid=574623)[0m 
[36m(ClientAppActor pid=574623)[0m         
[36m(ClientAppActor pid=574618)[0m 
[36m(ClientAppActor pid=574618)[0m         
[36m(ClientAppActor pid=574652)[0m 
[36m(ClientAppActor pid=574652)[0m         
[36m(ClientAppActor pid=574617)[0m 
[36m(ClientAppActor pid=574617)[0m         
[36m(ClientAppActor pid=574651)[0m 
[36m(ClientAppActor pid=574651)[0m         
[92mINFO [0m:      aggregate_fit: received 5 results and 0 failures
[92mINFO [0m:      fit progress: (4, 2.80366791305542, {'accuracy': 0.4398, 'loss': 2.80366791305542}, 58.230854959983844)
[92mINFO [0m:      configure_evaluate: strategy sampled 5 clients (out of 5)
[36m(ClientAppActor pid=574618)[0m 
[36m(ClientAppActor pid=574618)[0m         
[36m(ClientAppActor pid=574618)[0m [93mWARNING [0m:   DEPRECATED FEATURE: `client_fn` now expects a signature `def client_fn(context: Context)`.The provided `client_fn` has signature: {'cid': <Parameter "cid: str">}. You can import the `Context` like this: `from flwr.app import Context`[32m [repeated 10x across cluster][0m
[36m(ClientAppActor pid=574618)[0m             This is a deprecated feature. It will be removed[32m [repeated 10x across cluster][0m
[36m(ClientAppActor pid=574618)[0m             entirely in future versions of Flower.[32m [repeated 10x across cluster][0m
[36m(ClientAppActor pid=574651)[0m 
[36m(ClientAppActor pid=574651)[0m         
[36m(ClientAppActor pid=574623)[0m 
[36m(ClientAppActor pid=574623)[0m         
[36m(ClientAppActor pid=574617)[0m 
[36m(ClientAppActor pid=574617)[0m         
[36m(ClientAppActor pid=574652)[0m 
[36m(ClientAppActor pid=574652)[0m         
[92mINFO [0m:      aggregate_evaluate: received 5 results and 0 failures
[92mINFO [0m:      
[92mINFO [0m:      [ROUND 5]
[92mINFO [0m:      configure_fit: strategy sampled 5 clients (out of 5)
[36m(ClientAppActor pid=574652)[0m 
[36m(ClientAppActor pid=574652)[0m         
[36m(ClientAppActor pid=574617)[0m 
[36m(ClientAppActor pid=574617)[0m         
[36m(ClientAppActor pid=574651)[0m 
[36m(ClientAppActor pid=574651)[0m         
[36m(ClientAppActor pid=574623)[0m 
[36m(ClientAppActor pid=574623)[0m         
[36m(ClientAppActor pid=574618)[0m 
[36m(ClientAppActor pid=574618)[0m         
[92mINFO [0m:      aggregate_fit: received 5 results and 0 failures
[92mINFO [0m:      fit progress: (5, 2.0013571380615236, {'accuracy': 0.5419, 'loss': 2.0013571380615236}, 72.45065789599903)
[92mINFO [0m:      configure_evaluate: strategy sampled 5 clients (out of 5)
[36m(ClientAppActor pid=574651)[0m 
[36m(ClientAppActor pid=574651)[0m         
[36m(ClientAppActor pid=574651)[0m [93mWARNING [0m:   DEPRECATED FEATURE: `client_fn` now expects a signature `def client_fn(context: Context)`.The provided `client_fn` has signature: {'cid': <Parameter "cid: str">}. You can import the `Context` like this: `from flwr.app import Context`[32m [repeated 10x across cluster][0m
[36m(ClientAppActor pid=574651)[0m             This is a deprecated feature. It will be removed[32m [repeated 10x across cluster][0m
[36m(ClientAppActor pid=574651)[0m             entirely in future versions of Flower.[32m [repeated 10x across cluster][0m
[36m(ClientAppActor pid=574617)[0m 
[36m(ClientAppActor pid=574617)[0m         
[36m(ClientAppActor pid=574623)[0m 
[36m(ClientAppActor pid=574623)[0m         
[36m(ClientAppActor pid=574618)[0m 
[36m(ClientAppActor pid=574618)[0m         
[36m(ClientAppActor pid=574652)[0m 
[36m(ClientAppActor pid=574652)[0m         
[92mINFO [0m:      aggregate_evaluate: received 5 results and 0 failures
[92mINFO [0m:      
[92mINFO [0m:      [ROUND 6]
[92mINFO [0m:      configure_fit: strategy sampled 5 clients (out of 5)
[36m(ClientAppActor pid=574652)[0m 
[36m(ClientAppActor pid=574652)[0m         
[36m(ClientAppActor pid=574618)[0m 
[36m(ClientAppActor pid=574618)[0m         
[36m(ClientAppActor pid=574617)[0m 
[36m(ClientAppActor pid=574617)[0m         
[36m(ClientAppActor pid=574623)[0m 
[36m(ClientAppActor pid=574623)[0m         
[36m(ClientAppActor pid=574651)[0m 
[36m(ClientAppActor pid=574651)[0m         
[92mINFO [0m:      aggregate_fit: received 5 results and 0 failures
[92mINFO [0m:      fit progress: (6, 3.1522350856781007, {'accuracy': 0.5431, 'loss': 3.1522350856781007}, 86.91943862696644)
[92mINFO [0m:      configure_evaluate: strategy sampled 5 clients (out of 5)
[36m(ClientAppActor pid=574623)[0m 
[36m(ClientAppActor pid=574623)[0m         
[36m(ClientAppActor pid=574623)[0m [93mWARNING [0m:   DEPRECATED FEATURE: `client_fn` now expects a signature `def client_fn(context: Context)`.The provided `client_fn` has signature: {'cid': <Parameter "cid: str">}. You can import the `Context` like this: `from flwr.app import Context`[32m [repeated 10x across cluster][0m
[36m(ClientAppActor pid=574623)[0m             This is a deprecated feature. It will be removed[32m [repeated 10x across cluster][0m
[36m(ClientAppActor pid=574623)[0m             entirely in future versions of Flower.[32m [repeated 10x across cluster][0m
[36m(ClientAppActor pid=574652)[0m 
[36m(ClientAppActor pid=574652)[0m         
[36m(ClientAppActor pid=574617)[0m 
[36m(ClientAppActor pid=574617)[0m         
[36m(ClientAppActor pid=574651)[0m 
[36m(ClientAppActor pid=574651)[0m         
[36m(ClientAppActor pid=574618)[0m 
[36m(ClientAppActor pid=574618)[0m         
[92mINFO [0m:      aggregate_evaluate: received 5 results and 0 failures
[92mINFO [0m:      
[92mINFO [0m:      [ROUND 7]
[92mINFO [0m:      configure_fit: strategy sampled 5 clients (out of 5)
[36m(ClientAppActor pid=574618)[0m 
[36m(ClientAppActor pid=574618)[0m         
[36m(ClientAppActor pid=574617)[0m 
[36m(ClientAppActor pid=574617)[0m         
[36m(ClientAppActor pid=574651)[0m 
[36m(ClientAppActor pid=574651)[0m         
[36m(ClientAppActor pid=574652)[0m 
[36m(ClientAppActor pid=574652)[0m         
[36m(ClientAppActor pid=574623)[0m 
[36m(ClientAppActor pid=574623)[0m         
[92mINFO [0m:      aggregate_fit: received 5 results and 0 failures
[92mINFO [0m:      fit progress: (7, 3.163545965576172, {'accuracy': 0.5578, 'loss': 3.163545965576172}, 101.31169591000071)
[92mINFO [0m:      configure_evaluate: strategy sampled 5 clients (out of 5)
[36m(ClientAppActor pid=574617)[0m 
[36m(ClientAppActor pid=574617)[0m         
[36m(ClientAppActor pid=574617)[0m [93mWARNING [0m:   DEPRECATED FEATURE: `client_fn` now expects a signature `def client_fn(context: Context)`.The provided `client_fn` has signature: {'cid': <Parameter "cid: str">}. You can import the `Context` like this: `from flwr.app import Context`[32m [repeated 10x across cluster][0m
[36m(ClientAppActor pid=574617)[0m             This is a deprecated feature. It will be removed[32m [repeated 10x across cluster][0m
[36m(ClientAppActor pid=574617)[0m             entirely in future versions of Flower.[32m [repeated 10x across cluster][0m
[36m(ClientAppActor pid=574652)[0m 
[36m(ClientAppActor pid=574652)[0m         
[36m(ClientAppActor pid=574618)[0m 
[36m(ClientAppActor pid=574618)[0m         
[36m(ClientAppActor pid=574623)[0m 
[36m(ClientAppActor pid=574623)[0m         
[36m(ClientAppActor pid=574651)[0m 
[36m(ClientAppActor pid=574651)[0m         
[92mINFO [0m:      aggregate_evaluate: received 5 results and 0 failures
[92mINFO [0m:      
[92mINFO [0m:      [ROUND 8]
[92mINFO [0m:      configure_fit: strategy sampled 5 clients (out of 5)
[36m(ClientAppActor pid=574651)[0m 
[36m(ClientAppActor pid=574651)[0m         
[36m(ClientAppActor pid=574623)[0m 
[36m(ClientAppActor pid=574623)[0m         
[36m(ClientAppActor pid=574618)[0m 
[36m(ClientAppActor pid=574618)[0m         
[36m(ClientAppActor pid=574652)[0m 
[36m(ClientAppActor pid=574652)[0m         
[36m(ClientAppActor pid=574617)[0m 
[36m(ClientAppActor pid=574617)[0m         
[92mINFO [0m:      aggregate_fit: received 5 results and 0 failures
[92mINFO [0m:      fit progress: (8, 2.209471080875397, {'accuracy': 0.5811, 'loss': 2.209471080875397}, 115.40096662798896)
[92mINFO [0m:      configure_evaluate: strategy sampled 5 clients (out of 5)
[36m(ClientAppActor pid=574652)[0m 
[36m(ClientAppActor pid=574652)[0m         
[36m(ClientAppActor pid=574652)[0m [93mWARNING [0m:   DEPRECATED FEATURE: `client_fn` now expects a signature `def client_fn(context: Context)`.The provided `client_fn` has signature: {'cid': <Parameter "cid: str">}. You can import the `Context` like this: `from flwr.app import Context`[32m [repeated 10x across cluster][0m
[36m(ClientAppActor pid=574652)[0m             This is a deprecated feature. It will be removed[32m [repeated 10x across cluster][0m
[36m(ClientAppActor pid=574652)[0m             entirely in future versions of Flower.[32m [repeated 10x across cluster][0m
[36m(ClientAppActor pid=574617)[0m 
[36m(ClientAppActor pid=574617)[0m         
[36m(ClientAppActor pid=574623)[0m 
[36m(ClientAppActor pid=574623)[0m         
[36m(ClientAppActor pid=574618)[0m 
[36m(ClientAppActor pid=574618)[0m         
[36m(ClientAppActor pid=574651)[0m 
[36m(ClientAppActor pid=574651)[0m         
[92mINFO [0m:      aggregate_evaluate: received 5 results and 0 failures
[92mINFO [0m:      
[92mINFO [0m:      [ROUND 9]
[92mINFO [0m:      configure_fit: strategy sampled 5 clients (out of 5)
[36m(ClientAppActor pid=574651)[0m 
[36m(ClientAppActor pid=574651)[0m         
[36m(ClientAppActor pid=574618)[0m 
[36m(ClientAppActor pid=574618)[0m         
[36m(ClientAppActor pid=574623)[0m 
[36m(ClientAppActor pid=574623)[0m         
[36m(ClientAppActor pid=574617)[0m 
[36m(ClientAppActor pid=574617)[0m         
[36m(ClientAppActor pid=574652)[0m 
[36m(ClientAppActor pid=574652)[0m         
[92mINFO [0m:      aggregate_fit: received 5 results and 0 failures
[92mINFO [0m:      fit progress: (9, 3.4236473220825197, {'accuracy': 0.5364, 'loss': 3.4236473220825197}, 129.79061348596588)
[92mINFO [0m:      configure_evaluate: strategy sampled 5 clients (out of 5)
[36m(ClientAppActor pid=574623)[0m 
[36m(ClientAppActor pid=574623)[0m         
[36m(ClientAppActor pid=574623)[0m [93mWARNING [0m:   DEPRECATED FEATURE: `client_fn` now expects a signature `def client_fn(context: Context)`.The provided `client_fn` has signature: {'cid': <Parameter "cid: str">}. You can import the `Context` like this: `from flwr.app import Context`[32m [repeated 10x across cluster][0m
[36m(ClientAppActor pid=574623)[0m             This is a deprecated feature. It will be removed[32m [repeated 10x across cluster][0m
[36m(ClientAppActor pid=574623)[0m             entirely in future versions of Flower.[32m [repeated 10x across cluster][0m
[36m(ClientAppActor pid=574618)[0m 
[36m(ClientAppActor pid=574618)[0m         
[36m(ClientAppActor pid=574617)[0m 
[36m(ClientAppActor pid=574617)[0m         
[36m(ClientAppActor pid=574652)[0m 
[36m(ClientAppActor pid=574652)[0m         
[36m(ClientAppActor pid=574651)[0m 
[36m(ClientAppActor pid=574651)[0m         
[92mINFO [0m:      aggregate_evaluate: received 5 results and 0 failures
[92mINFO [0m:      
[92mINFO [0m:      [ROUND 10]
[92mINFO [0m:      configure_fit: strategy sampled 5 clients (out of 5)
[36m(ClientAppActor pid=574651)[0m 
[36m(ClientAppActor pid=574651)[0m         
[36m(ClientAppActor pid=574652)[0m 
[36m(ClientAppActor pid=574652)[0m         
[36m(ClientAppActor pid=574617)[0m 
[36m(ClientAppActor pid=574617)[0m         
[36m(ClientAppActor pid=574618)[0m 
[36m(ClientAppActor pid=574618)[0m         
[36m(ClientAppActor pid=574623)[0m 
[36m(ClientAppActor pid=574623)[0m         
[92mINFO [0m:      aggregate_fit: received 5 results and 0 failures
[92mINFO [0m:      fit progress: (10, 4.82480746269226, {'accuracy': 0.5115, 'loss': 4.82480746269226}, 144.30041367799276)
[92mINFO [0m:      configure_evaluate: strategy sampled 5 clients (out of 5)
[36m(ClientAppActor pid=574623)[0m 
[36m(ClientAppActor pid=574623)[0m         
[36m(ClientAppActor pid=574623)[0m [93mWARNING [0m:   DEPRECATED FEATURE: `client_fn` now expects a signature `def client_fn(context: Context)`.The provided `client_fn` has signature: {'cid': <Parameter "cid: str">}. You can import the `Context` like this: `from flwr.app import Context`[32m [repeated 10x across cluster][0m
[36m(ClientAppActor pid=574623)[0m             This is a deprecated feature. It will be removed[32m [repeated 10x across cluster][0m
[36m(ClientAppActor pid=574623)[0m             entirely in future versions of Flower.[32m [repeated 10x across cluster][0m
[36m(ClientAppActor pid=574617)[0m 
[36m(ClientAppActor pid=574617)[0m         
[36m(ClientAppActor pid=574651)[0m 
[36m(ClientAppActor pid=574651)[0m         
[36m(ClientAppActor pid=574618)[0m 
[36m(ClientAppActor pid=574618)[0m         
[36m(ClientAppActor pid=574652)[0m 
[36m(ClientAppActor pid=574652)[0m         
[92mINFO [0m:      aggregate_evaluate: received 5 results and 0 failures
[92mINFO [0m:      
[92mINFO [0m:      [SUMMARY]
[92mINFO [0m:      Run finished 10 round(s) in 145.14s
[92mINFO [0m:      	History (loss, distributed):
[92mINFO [0m:      		round 1: 2.3397749600385658
[92mINFO [0m:      		round 2: 2.1850468956408093
[92mINFO [0m:      		round 3: 4.213927113852438
[92mINFO [0m:      		round 4: 2.7146662941165998
[92mINFO [0m:      		round 5: 1.9013763766567342
[92mINFO [0m:      		round 6: 3.054734968099178
[92mINFO [0m:      		round 7: 3.023311382057477
[92mINFO [0m:      		round 8: 2.1480232266818775
[92mINFO [0m:      		round 9: 3.466270489781415
[92mINFO [0m:      		round 10: 4.853759999607219
[92mINFO [0m:      	History (loss, centralized):
[92mINFO [0m:      		round 0: 2.303067527770996
[92mINFO [0m:      		round 1: 2.3399594215393065
[92mINFO [0m:      		round 2: 2.165729474067688
[92mINFO [0m:      		round 3: 4.19970072479248
[92mINFO [0m:      		round 4: 2.80366791305542
[92mINFO [0m:      		round 5: 2.0013571380615236
[92mINFO [0m:      		round 6: 3.1522350856781007
[92mINFO [0m:      		round 7: 3.163545965576172
[92mINFO [0m:      		round 8: 2.209471080875397
[92mINFO [0m:      		round 9: 3.4236473220825197
[92mINFO [0m:      		round 10: 4.82480746269226
[92mINFO [0m:      	History (metrics, distributed, fit):
[92mINFO [0m:      	{'avg_flops_per_client_round': [(1, 8140624189440.0),
[92mINFO [0m:      	                                (2, 8140624189440.0),
[92mINFO [0m:      	                                (3, 8140624189440.0),
[92mINFO [0m:      	                                (4, 8140624189440.0),
[92mINFO [0m:      	                                (5, 8140624189440.0),
[92mINFO [0m:      	                                (6, 8140624189440.0),
[92mINFO [0m:      	                                (7, 8140624189440.0),
[92mINFO [0m:      	                                (8, 8140624189440.0),
[92mINFO [0m:      	                                (9, 8140624189440.0),
[92mINFO [0m:      	                                (10, 8140624189440.0)],
[92mINFO [0m:      	 'total_flops_round': [(1, 40703120947200),
[92mINFO [0m:      	                       (2, 40703120947200),
[92mINFO [0m:      	                       (3, 40703120947200),
[92mINFO [0m:      	                       (4, 40703120947200),
[92mINFO [0m:      	                       (5, 40703120947200),
[92mINFO [0m:      	                       (6, 40703120947200),
[92mINFO [0m:      	                       (7, 40703120947200),
[92mINFO [0m:      	                       (8, 40703120947200),
[92mINFO [0m:      	                       (9, 40703120947200),
[92mINFO [0m:      	                       (10, 40703120947200)]}
[92mINFO [0m:      	History (metrics, distributed, evaluate):
[92mINFO [0m:      	{'accuracy': [(1, 0.09863945578231291),
[92mINFO [0m:      	              (2, 0.3077230892356943),
[92mINFO [0m:      	              (3, 0.3713485394157663),
[92mINFO [0m:      	              (4, 0.44317727090836334),
[92mINFO [0m:      	              (5, 0.550220088035214),
[92mINFO [0m:      	              (6, 0.5500200080032013),
[92mINFO [0m:      	              (7, 0.5720288115246098),
[92mINFO [0m:      	              (8, 0.5850340136054422),
[92mINFO [0m:      	              (9, 0.5370148059223689),
[92mINFO [0m:      	              (10, 0.51640656262505)],
[92mINFO [0m:      	 'loss': [(1, 2.3397749600385658),
[92mINFO [0m:      	          (2, 2.1850468956408093),
[92mINFO [0m:      	          (3, 4.213927113852438),
[92mINFO [0m:      	          (4, 2.7146662941165998),
[92mINFO [0m:      	          (5, 1.9013763766567342),
[92mINFO [0m:      	          (6, 3.054734968099178),
[92mINFO [0m:      	          (7, 3.023311382057477),
[92mINFO [0m:      	          (8, 2.1480232266818775),
[92mINFO [0m:      	          (9, 3.466270489781415),
[92mINFO [0m:      	          (10, 4.853759999607219)]}
[92mINFO [0m:      	History (metrics, centralized):
[92mINFO [0m:      	{'accuracy': [(0, 0.1003),
[92mINFO [0m:      	              (1, 0.1),
[92mINFO [0m:      	              (2, 0.3036),
[92mINFO [0m:      	              (3, 0.3612),
[92mINFO [0m:      	              (4, 0.4398),
[92mINFO [0m:      	              (5, 0.5419),
[92mINFO [0m:      	              (6, 0.5431),
[92mINFO [0m:      	              (7, 0.5578),
[92mINFO [0m:      	              (8, 0.5811),
[92mINFO [0m:      	              (9, 0.5364),
[92mINFO [0m:      	              (10, 0.5115)],
[92mINFO [0m:      	 'loss': [(0, 2.303067527770996),
[92mINFO [0m:      	          (1, 2.3399594215393065),
[92mINFO [0m:      	          (2, 2.165729474067688),
[92mINFO [0m:      	          (3, 4.19970072479248),
[92mINFO [0m:      	          (4, 2.80366791305542),
[92mINFO [0m:      	          (5, 2.0013571380615236),
[92mINFO [0m:      	          (6, 3.1522350856781007),
[92mINFO [0m:      	          (7, 3.163545965576172),
[92mINFO [0m:      	          (8, 2.209471080875397),
[92mINFO [0m:      	          (9, 3.4236473220825197),
[92mINFO [0m:      	          (10, 4.82480746269226)]}
[92mINFO [0m:      
Treinando no dispositivo: cuda:0 com o dataset: CIFAR10 | Setup clientes: 5 (num_gpus por cliente=0.2) | SEED=43 | Método: FedAvgM (server_momentum=0.9, server_lr=1.0)
FLOPS por amostra (forward): 6.030e+07 | (forward+backward, 3x): 1.809e+08
Files already downloaded and verified
Files already downloaded and verified
Dividindo o dataset usando a distribuição de Dirichlet com alpha=0.1.
Iniciando a simulação de Aprendizado Federado...
=== Diagnóstico de Medição de GPU ===
  pynvml_disponivel: True
  pynvml_versao: 580.173.02
  gpus_detectadas: 1
  leitura_potencia_ok: True
  potencia_atual_W: 115.32

--- Rodada 0 - Avaliação Centralizada (Servidor) ---
Loss (Servidor): 2.3031 | Acurácia (Servidor): 0.1003

--- Rodada 1 - Avaliação Centralizada (Servidor) ---
Loss (Servidor): 2.3400 | Acurácia (Servidor): 0.1000
--- Avaliação Agregada (Clientes) ---
Loss Média (Clientes): 2.3398 | Acurácia Média (Clientes): 0.0986

--- Rodada 2 - Avaliação Centralizada (Servidor) ---
Loss (Servidor): 2.1657 | Acurácia (Servidor): 0.3036
--- Avaliação Agregada (Clientes) ---
Loss Média (Clientes): 2.1850 | Acurácia Média (Clientes): 0.3077

--- Rodada 3 - Avaliação Centralizada (Servidor) ---
Loss (Servidor): 4.1997 | Acurácia (Servidor): 0.3612
--- Avaliação Agregada (Clientes) ---
Loss Média (Clientes): 4.2139 | Acurácia Média (Clientes): 0.3713

--- Rodada 4 - Avaliação Centralizada (Servidor) ---
Loss (Servidor): 2.8037 | Acurácia (Servidor): 0.4398
--- Avaliação Agregada (Clientes) ---
Loss Média (Clientes): 2.7147 | Acurácia Média (Clientes): 0.4432

--- Rodada 5 - Avaliação Centralizada (Servidor) ---
Loss (Servidor): 2.0014 | Acurácia (Servidor): 0.5419
--- Avaliação Agregada (Clientes) ---
Loss Média (Clientes): 1.9014 | Acurácia Média (Clientes): 0.5502

--- Rodada 6 - Avaliação Centralizada (Servidor) ---
Loss (Servidor): 3.1522 | Acurácia (Servidor): 0.5431
--- Avaliação Agregada (Clientes) ---
Loss Média (Clientes): 3.0547 | Acurácia Média (Clientes): 0.5500

--- Rodada 7 - Avaliação Centralizada (Servidor) ---
Loss (Servidor): 3.1635 | Acurácia (Servidor): 0.5578
--- Avaliação Agregada (Clientes) ---
Loss Média (Clientes): 3.0233 | Acurácia Média (Clientes): 0.5720

--- Rodada 8 - Avaliação Centralizada (Servidor) ---
Loss (Servidor): 2.2095 | Acurácia (Servidor): 0.5811
--- Avaliação Agregada (Clientes) ---
Loss Média (Clientes): 2.1480 | Acurácia Média (Clientes): 0.5850

--- Rodada 9 - Avaliação Centralizada (Servidor) ---
Loss (Servidor): 3.4236 | Acurácia (Servidor): 0.5364
--- Avaliação Agregada (Clientes) ---
Loss Média (Clientes): 3.4663 | Acurácia Média (Clientes): 0.5370

--- Rodada 10 - Avaliação Centralizada (Servidor) ---
Loss (Servidor): 4.8248 | Acurácia (Servidor): 0.5115
--- Avaliação Agregada (Clientes) ---
Loss Média (Clientes): 4.8538 | Acurácia Média (Clientes): 0.5164

Resultados salvos em: /home/tiago/GitHubProjects/fedhad-thesis-2/FedAvgM-results/1.1_diagnostico_drift/CIFAR10/FedAvgM__CIFAR10__Setup-5__Clients-5__Rounds-10__Delay-0_05__Alpha-0_1__Seed-43.txt
[36m(ClientAppActor pid=574652)[0m [93mWARNING [0m:   DEPRECATED FEATURE: `client_fn` now expects a signature `def client_fn(context: Context)`.The provided `client_fn` has signature: {'cid': <Parameter "cid: str">}. You can import the `Context` like this: `from flwr.app import Context`[32m [repeated 4x across cluster][0m
[36m(ClientAppActor pid=574652)[0m             This is a deprecated feature. It will be removed[32m [repeated 4x across cluster][0m
[36m(ClientAppActor pid=574652)[0m             entirely in future versions of Flower.[32m [repeated 4x across cluster][0m
