[codecarbon WARNING @ 12:00:17] Multiple instances of codecarbon are allowed to run at the same time.
[93mWARNING [0m:   DEPRECATED FEATURE: flwr.simulation.start_simulation() is deprecated.
	Instead, use the `flwr run` CLI command to start a local simulation in your Flower app, as shown for example below:

		$ flwr new  # Create a new Flower app from a template

		$ flwr run  # Run the Flower app in Simulation Mode

	Using `start_simulation()` is deprecated.

            This is a deprecated feature. It will be removed
            entirely in future versions of Flower.
        
[92mINFO [0m:      Starting Flower simulation, config: num_rounds=10, no round_timeout
2026-09-04 12:00:25,616	INFO worker.py:2012 -- Started a local Ray instance.
/home/tiago/GitHubProjects/fedhad-thesis-2/env_flwr_pt/lib/python3.12/site-packages/ray/_private/worker.py:2051: FutureWarning: Tip: In future versions of Ray, Ray will no longer override accelerator visible devices env var if num_gpus=0 or num_gpus=None (default). To enable this behavior and turn off this error message, set RAY_ACCEL_ENV_VAR_OVERRIDE_ON_ZERO=0
  warnings.warn(
[92mINFO [0m:      Flower VCE: Ray initialized with resources: {'memory': 181396736820.0, 'node:10.129.64.100': 1.0, 'CPU': 64.0, 'node:__internal_head__': 1.0, 'GPU': 1.0, 'object_store_memory': 77741458636.0, 'accelerator_type:A40': 1.0}
[92mINFO [0m:      Optimize your simulation with Flower VCE: https://flower.ai/docs/framework/how-to-run-simulations.html
/home/tiago/GitHubProjects/fedhad-thesis-2/FedAVG_Final.py:1577: UserWarning: No `num_cpus` specified in `client_resources`. Using `num_cpus=1` for each client.
  history = fl.simulation.start_simulation(
[92mINFO [0m:      Flower VCE: Resources for each Virtual Client: {'num_gpus': 0.2, 'num_cpus': 1}
[92mINFO [0m:      Flower VCE: Creating VirtualClientEngineActorPool with 5 actors
[92mINFO [0m:      [INIT]
[92mINFO [0m:      Requesting initial parameters from one random client
[36m(ClientAppActor pid=361588)[0m [93mWARNING [0m:   DEPRECATED FEATURE: `client_fn` now expects a signature `def client_fn(context: Context)`.The provided `client_fn` has signature: {'cid': <Parameter "cid: str">}. You can import the `Context` like this: `from flwr.app import Context`
[36m(ClientAppActor pid=361588)[0m 
[36m(ClientAppActor pid=361588)[0m             This is a deprecated feature. It will be removed
[36m(ClientAppActor pid=361588)[0m             entirely in future versions of Flower.
[36m(ClientAppActor pid=361588)[0m         
[92mINFO [0m:      Received initial parameters from one random client
[92mINFO [0m:      Starting evaluation of initial global parameters
[92mINFO [0m:      initial parameters (loss, other metrics): 2.3032309062957763, {'accuracy': 0.1, 'loss': 2.3032309062957763}
[92mINFO [0m:      
[92mINFO [0m:      [ROUND 1]
[92mINFO [0m:      configure_fit: strategy sampled 5 clients (out of 5)
[36m(ClientAppActor pid=361588)[0m [93mWARNING [0m:   DEPRECATED FEATURE: `client_fn` now expects a signature `def client_fn(context: Context)`.The provided `client_fn` has signature: {'cid': <Parameter "cid: str">}. You can import the `Context` like this: `from flwr.app import Context`
[36m(ClientAppActor pid=361588)[0m 
[36m(ClientAppActor pid=361588)[0m             This is a deprecated feature. It will be removed
[36m(ClientAppActor pid=361588)[0m             entirely in future versions of Flower.
[36m(ClientAppActor pid=361588)[0m         
[36m(ClientAppActor pid=361586)[0m 
[36m(ClientAppActor pid=361586)[0m         
[36m(ClientAppActor pid=361585)[0m 
[36m(ClientAppActor pid=361585)[0m         
[36m(ClientAppActor pid=361587)[0m 
[36m(ClientAppActor pid=361587)[0m         
[36m(ClientAppActor pid=361584)[0m 
[36m(ClientAppActor pid=361584)[0m         
[92mINFO [0m:      aggregate_fit: received 5 results and 0 failures
[92mINFO [0m:      fit progress: (1, 2.3066543399810793, {'accuracy': 0.1007, 'loss': 2.3066543399810793}, 15.9969817159581)
[92mINFO [0m:      configure_evaluate: strategy sampled 5 clients (out of 5)
[36m(ClientAppActor pid=361586)[0m 
[36m(ClientAppActor pid=361586)[0m         
[36m(ClientAppActor pid=361586)[0m [93mWARNING [0m:   DEPRECATED FEATURE: `client_fn` now expects a signature `def client_fn(context: Context)`.The provided `client_fn` has signature: {'cid': <Parameter "cid: str">}. You can import the `Context` like this: `from flwr.app import Context`[32m [repeated 5x across cluster] (Ray deduplicates logs by default. Set RAY_DEDUP_LOGS=0 to disable log deduplication, or see https://docs.ray.io/en/master/ray-observability/user-guides/configure-logging.html#log-deduplication for more options.)[0m
[36m(ClientAppActor pid=361586)[0m             This is a deprecated feature. It will be removed[32m [repeated 5x across cluster][0m
[36m(ClientAppActor pid=361586)[0m             entirely in future versions of Flower.[32m [repeated 5x across cluster][0m
[36m(ClientAppActor pid=361585)[0m 
[36m(ClientAppActor pid=361585)[0m         
[36m(ClientAppActor pid=361587)[0m 
[36m(ClientAppActor pid=361587)[0m         
[36m(ClientAppActor pid=361588)[0m 
[36m(ClientAppActor pid=361588)[0m         
[36m(ClientAppActor pid=361584)[0m 
[36m(ClientAppActor pid=361584)[0m         
[92mINFO [0m:      aggregate_evaluate: received 5 results and 0 failures
[92mINFO [0m:      
[92mINFO [0m:      [ROUND 2]
[92mINFO [0m:      configure_fit: strategy sampled 5 clients (out of 5)
[36m(ClientAppActor pid=361584)[0m 
[36m(ClientAppActor pid=361584)[0m         
[36m(ClientAppActor pid=361588)[0m 
[36m(ClientAppActor pid=361588)[0m         
[36m(ClientAppActor pid=361587)[0m 
[36m(ClientAppActor pid=361587)[0m         
[36m(ClientAppActor pid=361586)[0m 
[36m(ClientAppActor pid=361586)[0m         
[36m(ClientAppActor pid=361585)[0m 
[36m(ClientAppActor pid=361585)[0m         
[92mINFO [0m:      aggregate_fit: received 5 results and 0 failures
[92mINFO [0m:      fit progress: (2, 1.9640629295349121, {'accuracy': 0.2777, 'loss': 1.9640629295349121}, 31.158246993960347)
[92mINFO [0m:      configure_evaluate: strategy sampled 5 clients (out of 5)
[36m(ClientAppActor pid=361587)[0m 
[36m(ClientAppActor pid=361587)[0m         
[36m(ClientAppActor pid=361587)[0m [93mWARNING [0m:   DEPRECATED FEATURE: `client_fn` now expects a signature `def client_fn(context: Context)`.The provided `client_fn` has signature: {'cid': <Parameter "cid: str">}. You can import the `Context` like this: `from flwr.app import Context`[32m [repeated 10x across cluster][0m
[36m(ClientAppActor pid=361587)[0m             This is a deprecated feature. It will be removed[32m [repeated 10x across cluster][0m
[36m(ClientAppActor pid=361587)[0m             entirely in future versions of Flower.[32m [repeated 10x across cluster][0m
[36m(ClientAppActor pid=361585)[0m 
[36m(ClientAppActor pid=361585)[0m         
[36m(ClientAppActor pid=361588)[0m 
[36m(ClientAppActor pid=361588)[0m         
[36m(ClientAppActor pid=361586)[0m 
[36m(ClientAppActor pid=361586)[0m         
[36m(ClientAppActor pid=361584)[0m 
[36m(ClientAppActor pid=361584)[0m         
[92mINFO [0m:      aggregate_evaluate: received 5 results and 0 failures
[92mINFO [0m:      
[92mINFO [0m:      [ROUND 3]
[92mINFO [0m:      configure_fit: strategy sampled 5 clients (out of 5)
[36m(ClientAppActor pid=361584)[0m 
[36m(ClientAppActor pid=361584)[0m         
[36m(ClientAppActor pid=361586)[0m 
[36m(ClientAppActor pid=361586)[0m         
[36m(ClientAppActor pid=361585)[0m 
[36m(ClientAppActor pid=361585)[0m         
[36m(ClientAppActor pid=361588)[0m 
[36m(ClientAppActor pid=361588)[0m         
[36m(ClientAppActor pid=361587)[0m 
[36m(ClientAppActor pid=361587)[0m         
[92mINFO [0m:      aggregate_fit: received 5 results and 0 failures
[92mINFO [0m:      fit progress: (3, 1.745605626487732, {'accuracy': 0.4114, 'loss': 1.745605626487732}, 46.08352770894999)
[92mINFO [0m:      configure_evaluate: strategy sampled 5 clients (out of 5)
[36m(ClientAppActor pid=361586)[0m 
[36m(ClientAppActor pid=361586)[0m         
[36m(ClientAppActor pid=361586)[0m [93mWARNING [0m:   DEPRECATED FEATURE: `client_fn` now expects a signature `def client_fn(context: Context)`.The provided `client_fn` has signature: {'cid': <Parameter "cid: str">}. You can import the `Context` like this: `from flwr.app import Context`[32m [repeated 10x across cluster][0m
[36m(ClientAppActor pid=361586)[0m             This is a deprecated feature. It will be removed[32m [repeated 10x across cluster][0m
[36m(ClientAppActor pid=361586)[0m             entirely in future versions of Flower.[32m [repeated 10x across cluster][0m
[36m(ClientAppActor pid=361584)[0m 
[36m(ClientAppActor pid=361584)[0m         
[36m(ClientAppActor pid=361587)[0m 
[36m(ClientAppActor pid=361587)[0m         
[36m(ClientAppActor pid=361585)[0m 
[36m(ClientAppActor pid=361585)[0m         
[36m(ClientAppActor pid=361588)[0m 
[36m(ClientAppActor pid=361588)[0m         
[92mINFO [0m:      aggregate_evaluate: received 5 results and 0 failures
[92mINFO [0m:      
[92mINFO [0m:      [ROUND 4]
[92mINFO [0m:      configure_fit: strategy sampled 5 clients (out of 5)
[36m(ClientAppActor pid=361588)[0m 
[36m(ClientAppActor pid=361588)[0m         
[36m(ClientAppActor pid=361585)[0m 
[36m(ClientAppActor pid=361585)[0m         
[36m(ClientAppActor pid=361587)[0m 
[36m(ClientAppActor pid=361587)[0m         
[36m(ClientAppActor pid=361584)[0m 
[36m(ClientAppActor pid=361584)[0m         
[36m(ClientAppActor pid=361586)[0m 
[36m(ClientAppActor pid=361586)[0m         
[92mINFO [0m:      aggregate_fit: received 5 results and 0 failures
[92mINFO [0m:      fit progress: (4, 1.6735559961318969, {'accuracy': 0.5186, 'loss': 1.6735559961318969}, 61.53444125998067)
[92mINFO [0m:      configure_evaluate: strategy sampled 5 clients (out of 5)
[36m(ClientAppActor pid=361586)[0m 
[36m(ClientAppActor pid=361586)[0m         
[36m(ClientAppActor pid=361586)[0m [93mWARNING [0m:   DEPRECATED FEATURE: `client_fn` now expects a signature `def client_fn(context: Context)`.The provided `client_fn` has signature: {'cid': <Parameter "cid: str">}. You can import the `Context` like this: `from flwr.app import Context`[32m [repeated 10x across cluster][0m
[36m(ClientAppActor pid=361586)[0m             This is a deprecated feature. It will be removed[32m [repeated 10x across cluster][0m
[36m(ClientAppActor pid=361586)[0m             entirely in future versions of Flower.[32m [repeated 10x across cluster][0m
[36m(ClientAppActor pid=361584)[0m 
[36m(ClientAppActor pid=361584)[0m         
[36m(ClientAppActor pid=361585)[0m 
[36m(ClientAppActor pid=361585)[0m         
[36m(ClientAppActor pid=361588)[0m 
[36m(ClientAppActor pid=361588)[0m         
[36m(ClientAppActor pid=361587)[0m 
[36m(ClientAppActor pid=361587)[0m         
[92mINFO [0m:      aggregate_evaluate: received 5 results and 0 failures
[92mINFO [0m:      
[92mINFO [0m:      [ROUND 5]
[92mINFO [0m:      configure_fit: strategy sampled 5 clients (out of 5)
[36m(ClientAppActor pid=361587)[0m 
[36m(ClientAppActor pid=361587)[0m         
[36m(ClientAppActor pid=361585)[0m 
[36m(ClientAppActor pid=361585)[0m         
[36m(ClientAppActor pid=361588)[0m 
[36m(ClientAppActor pid=361588)[0m         
[36m(ClientAppActor pid=361584)[0m 
[36m(ClientAppActor pid=361584)[0m         
[36m(ClientAppActor pid=361586)[0m 
[36m(ClientAppActor pid=361586)[0m         
[92mINFO [0m:      aggregate_fit: received 5 results and 0 failures
[92mINFO [0m:      fit progress: (5, 1.5546629232406617, {'accuracy': 0.516, 'loss': 1.5546629232406617}, 76.533194789954)
[92mINFO [0m:      configure_evaluate: strategy sampled 5 clients (out of 5)
[36m(ClientAppActor pid=361584)[0m 
[36m(ClientAppActor pid=361584)[0m         
[36m(ClientAppActor pid=361584)[0m [93mWARNING [0m:   DEPRECATED FEATURE: `client_fn` now expects a signature `def client_fn(context: Context)`.The provided `client_fn` has signature: {'cid': <Parameter "cid: str">}. You can import the `Context` like this: `from flwr.app import Context`[32m [repeated 10x across cluster][0m
[36m(ClientAppActor pid=361584)[0m             This is a deprecated feature. It will be removed[32m [repeated 10x across cluster][0m
[36m(ClientAppActor pid=361584)[0m             entirely in future versions of Flower.[32m [repeated 10x across cluster][0m
[36m(ClientAppActor pid=361587)[0m 
[36m(ClientAppActor pid=361587)[0m         
[36m(ClientAppActor pid=361588)[0m 
[36m(ClientAppActor pid=361588)[0m         
[36m(ClientAppActor pid=361585)[0m 
[36m(ClientAppActor pid=361585)[0m         
[36m(ClientAppActor pid=361586)[0m 
[36m(ClientAppActor pid=361586)[0m         
[92mINFO [0m:      aggregate_evaluate: received 5 results and 0 failures
[92mINFO [0m:      
[92mINFO [0m:      [ROUND 6]
[92mINFO [0m:      configure_fit: strategy sampled 5 clients (out of 5)
[36m(ClientAppActor pid=361586)[0m 
[36m(ClientAppActor pid=361586)[0m         
[36m(ClientAppActor pid=361585)[0m 
[36m(ClientAppActor pid=361585)[0m         
[36m(ClientAppActor pid=361588)[0m 
[36m(ClientAppActor pid=361588)[0m         
[36m(ClientAppActor pid=361587)[0m 
[36m(ClientAppActor pid=361587)[0m         
[36m(ClientAppActor pid=361584)[0m 
[36m(ClientAppActor pid=361584)[0m         
[92mINFO [0m:      aggregate_fit: received 5 results and 0 failures
[92mINFO [0m:      fit progress: (6, 1.3813667276382446, {'accuracy': 0.5611, 'loss': 1.3813667276382446}, 91.87167393695563)
[92mINFO [0m:      configure_evaluate: strategy sampled 5 clients (out of 5)
[36m(ClientAppActor pid=361587)[0m 
[36m(ClientAppActor pid=361587)[0m         
[36m(ClientAppActor pid=361587)[0m [93mWARNING [0m:   DEPRECATED FEATURE: `client_fn` now expects a signature `def client_fn(context: Context)`.The provided `client_fn` has signature: {'cid': <Parameter "cid: str">}. You can import the `Context` like this: `from flwr.app import Context`[32m [repeated 10x across cluster][0m
[36m(ClientAppActor pid=361587)[0m             This is a deprecated feature. It will be removed[32m [repeated 10x across cluster][0m
[36m(ClientAppActor pid=361587)[0m             entirely in future versions of Flower.[32m [repeated 10x across cluster][0m
[36m(ClientAppActor pid=361588)[0m 
[36m(ClientAppActor pid=361588)[0m         
[36m(ClientAppActor pid=361585)[0m 
[36m(ClientAppActor pid=361585)[0m         
[36m(ClientAppActor pid=361584)[0m 
[36m(ClientAppActor pid=361584)[0m         
[36m(ClientAppActor pid=361586)[0m 
[36m(ClientAppActor pid=361586)[0m         
[92mINFO [0m:      aggregate_evaluate: received 5 results and 0 failures
[92mINFO [0m:      
[92mINFO [0m:      [ROUND 7]
[92mINFO [0m:      configure_fit: strategy sampled 5 clients (out of 5)
[36m(ClientAppActor pid=361586)[0m 
[36m(ClientAppActor pid=361586)[0m         
[36m(ClientAppActor pid=361584)[0m 
[36m(ClientAppActor pid=361584)[0m         
[36m(ClientAppActor pid=361585)[0m 
[36m(ClientAppActor pid=361585)[0m         
[36m(ClientAppActor pid=361588)[0m 
[36m(ClientAppActor pid=361588)[0m         
[36m(ClientAppActor pid=361587)[0m 
[36m(ClientAppActor pid=361587)[0m         
[92mINFO [0m:      aggregate_fit: received 5 results and 0 failures
[92mINFO [0m:      fit progress: (7, 1.3915512813568116, {'accuracy': 0.5549, 'loss': 1.3915512813568116}, 107.14762548397994)
[92mINFO [0m:      configure_evaluate: strategy sampled 5 clients (out of 5)
[36m(ClientAppActor pid=361588)[0m 
[36m(ClientAppActor pid=361588)[0m         
[36m(ClientAppActor pid=361588)[0m [93mWARNING [0m:   DEPRECATED FEATURE: `client_fn` now expects a signature `def client_fn(context: Context)`.The provided `client_fn` has signature: {'cid': <Parameter "cid: str">}. You can import the `Context` like this: `from flwr.app import Context`[32m [repeated 10x across cluster][0m
[36m(ClientAppActor pid=361588)[0m             This is a deprecated feature. It will be removed[32m [repeated 10x across cluster][0m
[36m(ClientAppActor pid=361588)[0m             entirely in future versions of Flower.[32m [repeated 10x across cluster][0m
[36m(ClientAppActor pid=361584)[0m 
[36m(ClientAppActor pid=361584)[0m         
[36m(ClientAppActor pid=361587)[0m 
[36m(ClientAppActor pid=361587)[0m         
[36m(ClientAppActor pid=361585)[0m 
[36m(ClientAppActor pid=361585)[0m         
[36m(ClientAppActor pid=361586)[0m 
[36m(ClientAppActor pid=361586)[0m         
[92mINFO [0m:      aggregate_evaluate: received 5 results and 0 failures
[92mINFO [0m:      
[92mINFO [0m:      [ROUND 8]
[92mINFO [0m:      configure_fit: strategy sampled 5 clients (out of 5)
[36m(ClientAppActor pid=361585)[0m 
[36m(ClientAppActor pid=361585)[0m         
[36m(ClientAppActor pid=361586)[0m 
[36m(ClientAppActor pid=361586)[0m         
[36m(ClientAppActor pid=361584)[0m 
[36m(ClientAppActor pid=361584)[0m         
[36m(ClientAppActor pid=361587)[0m 
[36m(ClientAppActor pid=361587)[0m         
[36m(ClientAppActor pid=361588)[0m 
[36m(ClientAppActor pid=361588)[0m         
[92mINFO [0m:      aggregate_fit: received 5 results and 0 failures
[92mINFO [0m:      fit progress: (8, 1.315110347175598, {'accuracy': 0.59, 'loss': 1.315110347175598}, 122.0213920029928)
[92mINFO [0m:      configure_evaluate: strategy sampled 5 clients (out of 5)
[36m(ClientAppActor pid=361586)[0m 
[36m(ClientAppActor pid=361586)[0m         
[36m(ClientAppActor pid=361586)[0m [93mWARNING [0m:   DEPRECATED FEATURE: `client_fn` now expects a signature `def client_fn(context: Context)`.The provided `client_fn` has signature: {'cid': <Parameter "cid: str">}. You can import the `Context` like this: `from flwr.app import Context`[32m [repeated 10x across cluster][0m
[36m(ClientAppActor pid=361586)[0m             This is a deprecated feature. It will be removed[32m [repeated 10x across cluster][0m
[36m(ClientAppActor pid=361586)[0m             entirely in future versions of Flower.[32m [repeated 10x across cluster][0m
[36m(ClientAppActor pid=361587)[0m 
[36m(ClientAppActor pid=361587)[0m         
[36m(ClientAppActor pid=361584)[0m 
[36m(ClientAppActor pid=361584)[0m         
[36m(ClientAppActor pid=361585)[0m 
[36m(ClientAppActor pid=361585)[0m         
[36m(ClientAppActor pid=361588)[0m 
[36m(ClientAppActor pid=361588)[0m         
[92mINFO [0m:      aggregate_evaluate: received 5 results and 0 failures
[92mINFO [0m:      
[92mINFO [0m:      [ROUND 9]
[92mINFO [0m:      configure_fit: strategy sampled 5 clients (out of 5)
[36m(ClientAppActor pid=361588)[0m 
[36m(ClientAppActor pid=361588)[0m         
[36m(ClientAppActor pid=361585)[0m 
[36m(ClientAppActor pid=361585)[0m         
[36m(ClientAppActor pid=361584)[0m 
[36m(ClientAppActor pid=361584)[0m         
[36m(ClientAppActor pid=361586)[0m 
[36m(ClientAppActor pid=361586)[0m         
[36m(ClientAppActor pid=361587)[0m 
[36m(ClientAppActor pid=361587)[0m         
[92mINFO [0m:      aggregate_fit: received 5 results and 0 failures
[92mINFO [0m:      fit progress: (9, 1.296017792892456, {'accuracy': 0.6059, 'loss': 1.296017792892456}, 137.19045819196617)
[92mINFO [0m:      configure_evaluate: strategy sampled 5 clients (out of 5)
[36m(ClientAppActor pid=361586)[0m 
[36m(ClientAppActor pid=361586)[0m         
[36m(ClientAppActor pid=361586)[0m [93mWARNING [0m:   DEPRECATED FEATURE: `client_fn` now expects a signature `def client_fn(context: Context)`.The provided `client_fn` has signature: {'cid': <Parameter "cid: str">}. You can import the `Context` like this: `from flwr.app import Context`[32m [repeated 10x across cluster][0m
[36m(ClientAppActor pid=361586)[0m             This is a deprecated feature. It will be removed[32m [repeated 10x across cluster][0m
[36m(ClientAppActor pid=361586)[0m             entirely in future versions of Flower.[32m [repeated 10x across cluster][0m
[36m(ClientAppActor pid=361584)[0m 
[36m(ClientAppActor pid=361584)[0m         
[36m(ClientAppActor pid=361588)[0m 
[36m(ClientAppActor pid=361588)[0m         
[36m(ClientAppActor pid=361585)[0m 
[36m(ClientAppActor pid=361585)[0m         
[36m(ClientAppActor pid=361587)[0m 
[36m(ClientAppActor pid=361587)[0m         
[92mINFO [0m:      aggregate_evaluate: received 5 results and 0 failures
[92mINFO [0m:      
[92mINFO [0m:      [ROUND 10]
[92mINFO [0m:      configure_fit: strategy sampled 5 clients (out of 5)
[36m(ClientAppActor pid=361587)[0m 
[36m(ClientAppActor pid=361587)[0m         
[36m(ClientAppActor pid=361585)[0m 
[36m(ClientAppActor pid=361585)[0m         
[36m(ClientAppActor pid=361588)[0m 
[36m(ClientAppActor pid=361588)[0m         
[36m(ClientAppActor pid=361586)[0m 
[36m(ClientAppActor pid=361586)[0m         
[36m(ClientAppActor pid=361584)[0m 
[36m(ClientAppActor pid=361584)[0m         
[92mINFO [0m:      aggregate_fit: received 5 results and 0 failures
[92mINFO [0m:      fit progress: (10, 1.4225475490570068, {'accuracy': 0.5998, 'loss': 1.4225475490570068}, 151.86747446696972)
[92mINFO [0m:      configure_evaluate: strategy sampled 5 clients (out of 5)
[36m(ClientAppActor pid=361587)[0m 
[36m(ClientAppActor pid=361587)[0m         
[36m(ClientAppActor pid=361587)[0m [93mWARNING [0m:   DEPRECATED FEATURE: `client_fn` now expects a signature `def client_fn(context: Context)`.The provided `client_fn` has signature: {'cid': <Parameter "cid: str">}. You can import the `Context` like this: `from flwr.app import Context`[32m [repeated 10x across cluster][0m
[36m(ClientAppActor pid=361587)[0m             This is a deprecated feature. It will be removed[32m [repeated 10x across cluster][0m
[36m(ClientAppActor pid=361587)[0m             entirely in future versions of Flower.[32m [repeated 10x across cluster][0m
[36m(ClientAppActor pid=361588)[0m 
[36m(ClientAppActor pid=361588)[0m         
[36m(ClientAppActor pid=361584)[0m 
[36m(ClientAppActor pid=361584)[0m         
[36m(ClientAppActor pid=361586)[0m 
[36m(ClientAppActor pid=361586)[0m         
[36m(ClientAppActor pid=361585)[0m 
[36m(ClientAppActor pid=361585)[0m         
[92mINFO [0m:      aggregate_evaluate: received 5 results and 0 failures
[92mINFO [0m:      
[92mINFO [0m:      [SUMMARY]
[92mINFO [0m:      Run finished 10 round(s) in 152.58s
[92mINFO [0m:      	History (loss, distributed):
[92mINFO [0m:      		round 1: 2.302709916440331
[92mINFO [0m:      		round 2: 1.9664937249418735
[92mINFO [0m:      		round 3: 1.7431182224018757
[92mINFO [0m:      		round 4: 1.656607490496523
[92mINFO [0m:      		round 5: 1.534708833625289
[92mINFO [0m:      		round 6: 1.3558710877324829
[92mINFO [0m:      		round 7: 1.3734537436872447
[92mINFO [0m:      		round 8: 1.277839031981296
[92mINFO [0m:      		round 9: 1.261816856645498
[92mINFO [0m:      		round 10: 1.3784140065497235
[92mINFO [0m:      	History (loss, centralized):
[92mINFO [0m:      		round 0: 2.3032309062957763
[92mINFO [0m:      		round 1: 2.3066543399810793
[92mINFO [0m:      		round 2: 1.9640629295349121
[92mINFO [0m:      		round 3: 1.745605626487732
[92mINFO [0m:      		round 4: 1.6735559961318969
[92mINFO [0m:      		round 5: 1.5546629232406617
[92mINFO [0m:      		round 6: 1.3813667276382446
[92mINFO [0m:      		round 7: 1.3915512813568116
[92mINFO [0m:      		round 8: 1.315110347175598
[92mINFO [0m:      		round 9: 1.296017792892456
[92mINFO [0m:      		round 10: 1.4225475490570068
[92mINFO [0m:      	History (metrics, distributed, fit):
[92mINFO [0m:      	{'avg_flops_per_client_round': [(1, 8140624189440.0),
[92mINFO [0m:      	                                (2, 8140624189440.0),
[92mINFO [0m:      	                                (3, 8140624189440.0),
[92mINFO [0m:      	                                (4, 8140624189440.0),
[92mINFO [0m:      	                                (5, 8140624189440.0),
[92mINFO [0m:      	                                (6, 8140624189440.0),
[92mINFO [0m:      	                                (7, 8140624189440.0),
[92mINFO [0m:      	                                (8, 8140624189440.0),
[92mINFO [0m:      	                                (9, 8140624189440.0),
[92mINFO [0m:      	                                (10, 8140624189440.0)],
[92mINFO [0m:      	 'total_flops_round': [(1, 40703120947200),
[92mINFO [0m:      	                       (2, 40703120947200),
[92mINFO [0m:      	                       (3, 40703120947200),
[92mINFO [0m:      	                       (4, 40703120947200),
[92mINFO [0m:      	                       (5, 40703120947200),
[92mINFO [0m:      	                       (6, 40703120947200),
[92mINFO [0m:      	                       (7, 40703120947200),
[92mINFO [0m:      	                       (8, 40703120947200),
[92mINFO [0m:      	                       (9, 40703120947200),
[92mINFO [0m:      	                       (10, 40703120947200)]}
[92mINFO [0m:      	History (metrics, distributed, evaluate):
[92mINFO [0m:      	{'accuracy': [(1, 0.10804321728691477),
[92mINFO [0m:      	              (2, 0.27490996398559425),
[92mINFO [0m:      	              (3, 0.4155662264905962),
[92mINFO [0m:      	              (4, 0.5128051220488196),
[92mINFO [0m:      	              (5, 0.5102040816326531),
[92mINFO [0m:      	              (6, 0.5644257703081232),
[92mINFO [0m:      	              (7, 0.5462184873949579),
[92mINFO [0m:      	              (8, 0.5960384153661464),
[92mINFO [0m:      	              (9, 0.6128451380552221),
[92mINFO [0m:      	              (10, 0.5984393757503002)],
[92mINFO [0m:      	 'loss': [(1, 2.302709916440331),
[92mINFO [0m:      	          (2, 1.9664937249418735),
[92mINFO [0m:      	          (3, 1.7431182224018757),
[92mINFO [0m:      	          (4, 1.656607490496523),
[92mINFO [0m:      	          (5, 1.534708833625289),
[92mINFO [0m:      	          (6, 1.3558710877324829),
[92mINFO [0m:      	          (7, 1.3734537436872447),
[92mINFO [0m:      	          (8, 1.277839031981296),
[92mINFO [0m:      	          (9, 1.261816856645498),
[92mINFO [0m:      	          (10, 1.3784140065497235)]}
[92mINFO [0m:      	History (metrics, centralized):
[92mINFO [0m:      	{'accuracy': [(0, 0.1),
[92mINFO [0m:      	              (1, 0.1007),
[92mINFO [0m:      	              (2, 0.2777),
[92mINFO [0m:      	              (3, 0.4114),
[92mINFO [0m:      	              (4, 0.5186),
[92mINFO [0m:      	              (5, 0.516),
[92mINFO [0m:      	              (6, 0.5611),
[92mINFO [0m:      	              (7, 0.5549),
[92mINFO [0m:      	              (8, 0.59),
[92mINFO [0m:      	              (9, 0.6059),
[92mINFO [0m:      	              (10, 0.5998)],
[92mINFO [0m:      	 'loss': [(0, 2.3032309062957763),
[92mINFO [0m:      	          (1, 2.3066543399810793),
[92mINFO [0m:      	          (2, 1.9640629295349121),
[92mINFO [0m:      	          (3, 1.745605626487732),
[92mINFO [0m:      	          (4, 1.6735559961318969),
[92mINFO [0m:      	          (5, 1.5546629232406617),
[92mINFO [0m:      	          (6, 1.3813667276382446),
[92mINFO [0m:      	          (7, 1.3915512813568116),
[92mINFO [0m:      	          (8, 1.315110347175598),
[92mINFO [0m:      	          (9, 1.296017792892456),
[92mINFO [0m:      	          (10, 1.4225475490570068)]}
[92mINFO [0m:      
Treinando no dispositivo: cuda:0 com o dataset: CIFAR10 | Setup clientes: 5 (num_gpus por cliente=0.2) | SEED=45
FLOPS por amostra (forward): 6.030e+07 | (forward+backward, 3x): 1.809e+08
Files already downloaded and verified
Files already downloaded and verified
Dividindo o dataset usando a distribuição de Dirichlet com alpha=0.1.
Iniciando a simulação de Aprendizado Federado...
=== Diagnóstico de Medição de GPU ===
  pynvml_disponivel: True
  pynvml_versao: 580.173.02
  gpus_detectadas: 1
  leitura_potencia_ok: True
  potencia_atual_W: 114.945

--- Rodada 0 - Avaliação Centralizada (Servidor) ---
Loss (Servidor): 2.3032 | Acurácia (Servidor): 0.1000

--- Rodada 1 - Avaliação Centralizada (Servidor) ---
Loss (Servidor): 2.3067 | Acurácia (Servidor): 0.1007
--- Avaliação Agregada (Clientes) ---
Loss Média (Clientes): 2.3027 | Acurácia Média (Clientes): 0.1080

--- Rodada 2 - Avaliação Centralizada (Servidor) ---
Loss (Servidor): 1.9641 | Acurácia (Servidor): 0.2777
--- Avaliação Agregada (Clientes) ---
Loss Média (Clientes): 1.9665 | Acurácia Média (Clientes): 0.2749

--- Rodada 3 - Avaliação Centralizada (Servidor) ---
Loss (Servidor): 1.7456 | Acurácia (Servidor): 0.4114
--- Avaliação Agregada (Clientes) ---
Loss Média (Clientes): 1.7431 | Acurácia Média (Clientes): 0.4156

--- Rodada 4 - Avaliação Centralizada (Servidor) ---
Loss (Servidor): 1.6736 | Acurácia (Servidor): 0.5186
--- Avaliação Agregada (Clientes) ---
Loss Média (Clientes): 1.6566 | Acurácia Média (Clientes): 0.5128

--- Rodada 5 - Avaliação Centralizada (Servidor) ---
Loss (Servidor): 1.5547 | Acurácia (Servidor): 0.5160
--- Avaliação Agregada (Clientes) ---
Loss Média (Clientes): 1.5347 | Acurácia Média (Clientes): 0.5102

--- Rodada 6 - Avaliação Centralizada (Servidor) ---
Loss (Servidor): 1.3814 | Acurácia (Servidor): 0.5611
--- Avaliação Agregada (Clientes) ---
Loss Média (Clientes): 1.3559 | Acurácia Média (Clientes): 0.5644

--- Rodada 7 - Avaliação Centralizada (Servidor) ---
Loss (Servidor): 1.3916 | Acurácia (Servidor): 0.5549
--- Avaliação Agregada (Clientes) ---
Loss Média (Clientes): 1.3735 | Acurácia Média (Clientes): 0.5462

--- Rodada 8 - Avaliação Centralizada (Servidor) ---
Loss (Servidor): 1.3151 | Acurácia (Servidor): 0.5900
--- Avaliação Agregada (Clientes) ---
Loss Média (Clientes): 1.2778 | Acurácia Média (Clientes): 0.5960

--- Rodada 9 - Avaliação Centralizada (Servidor) ---
Loss (Servidor): 1.2960 | Acurácia (Servidor): 0.6059
--- Avaliação Agregada (Clientes) ---
Loss Média (Clientes): 1.2618 | Acurácia Média (Clientes): 0.6128

--- Rodada 10 - Avaliação Centralizada (Servidor) ---
Loss (Servidor): 1.4225 | Acurácia (Servidor): 0.5998
--- Avaliação Agregada (Clientes) ---
Loss Média (Clientes): 1.3784 | Acurácia Média (Clientes): 0.5984

Resultados salvos em: /home/tiago/GitHubProjects/fedhad-thesis-2/FedAVG-results/1.1_diagnostico_drift/CIFAR10/FedAVG__CIFAR10__Setup-5__Clients-5__Rounds-10__Delay-0_05__Alpha-0_1__Seed-45.txt
[36m(ClientAppActor pid=361585)[0m [93mWARNING [0m:   DEPRECATED FEATURE: `client_fn` now expects a signature `def client_fn(context: Context)`.The provided `client_fn` has signature: {'cid': <Parameter "cid: str">}. You can import the `Context` like this: `from flwr.app import Context`[32m [repeated 4x across cluster][0m
[36m(ClientAppActor pid=361585)[0m             This is a deprecated feature. It will be removed[32m [repeated 4x across cluster][0m
[36m(ClientAppActor pid=361585)[0m             entirely in future versions of Flower.[32m [repeated 4x across cluster][0m
