[codecarbon WARNING @ 11:57:28] Multiple instances of codecarbon are allowed to run at the same time.
[93mWARNING [0m:   DEPRECATED FEATURE: flwr.simulation.start_simulation() is deprecated.
	Instead, use the `flwr run` CLI command to start a local simulation in your Flower app, as shown for example below:

		$ flwr new  # Create a new Flower app from a template

		$ flwr run  # Run the Flower app in Simulation Mode

	Using `start_simulation()` is deprecated.

            This is a deprecated feature. It will be removed
            entirely in future versions of Flower.
        
[92mINFO [0m:      Starting Flower simulation, config: num_rounds=10, no round_timeout
2026-09-04 11:57:36,293	INFO worker.py:2012 -- Started a local Ray instance.
/home/tiago/GitHubProjects/fedhad-thesis-2/env_flwr_pt/lib/python3.12/site-packages/ray/_private/worker.py:2051: FutureWarning: Tip: In future versions of Ray, Ray will no longer override accelerator visible devices env var if num_gpus=0 or num_gpus=None (default). To enable this behavior and turn off this error message, set RAY_ACCEL_ENV_VAR_OVERRIDE_ON_ZERO=0
  warnings.warn(
[92mINFO [0m:      Flower VCE: Ray initialized with resources: {'memory': 181329546855.0, 'GPU': 1.0, 'object_store_memory': 77712662937.0, 'accelerator_type:A40': 1.0, 'CPU': 64.0, 'node:10.129.64.100': 1.0, 'node:__internal_head__': 1.0}
[92mINFO [0m:      Optimize your simulation with Flower VCE: https://flower.ai/docs/framework/how-to-run-simulations.html
/home/tiago/GitHubProjects/fedhad-thesis-2/FedAVG_Final.py:1577: UserWarning: No `num_cpus` specified in `client_resources`. Using `num_cpus=1` for each client.
  history = fl.simulation.start_simulation(
[92mINFO [0m:      Flower VCE: Resources for each Virtual Client: {'num_gpus': 0.2, 'num_cpus': 1}
[92mINFO [0m:      Flower VCE: Creating VirtualClientEngineActorPool with 5 actors
[92mINFO [0m:      [INIT]
[92mINFO [0m:      Requesting initial parameters from one random client
[36m(ClientAppActor pid=354153)[0m [93mWARNING [0m:   DEPRECATED FEATURE: `client_fn` now expects a signature `def client_fn(context: Context)`.The provided `client_fn` has signature: {'cid': <Parameter "cid: str">}. You can import the `Context` like this: `from flwr.app import Context`
[36m(ClientAppActor pid=354153)[0m 
[36m(ClientAppActor pid=354153)[0m             This is a deprecated feature. It will be removed
[36m(ClientAppActor pid=354153)[0m             entirely in future versions of Flower.
[36m(ClientAppActor pid=354153)[0m         
[92mINFO [0m:      Received initial parameters from one random client
[92mINFO [0m:      Starting evaluation of initial global parameters
[92mINFO [0m:      initial parameters (loss, other metrics): 2.303386619567871, {'accuracy': 0.0918, 'loss': 2.303386619567871}
[92mINFO [0m:      
[92mINFO [0m:      [ROUND 1]
[92mINFO [0m:      configure_fit: strategy sampled 5 clients (out of 5)
[36m(ClientAppActor pid=354153)[0m [93mWARNING [0m:   DEPRECATED FEATURE: `client_fn` now expects a signature `def client_fn(context: Context)`.The provided `client_fn` has signature: {'cid': <Parameter "cid: str">}. You can import the `Context` like this: `from flwr.app import Context`
[36m(ClientAppActor pid=354153)[0m 
[36m(ClientAppActor pid=354153)[0m             This is a deprecated feature. It will be removed
[36m(ClientAppActor pid=354153)[0m             entirely in future versions of Flower.
[36m(ClientAppActor pid=354153)[0m         
[36m(ClientAppActor pid=354150)[0m 
[36m(ClientAppActor pid=354150)[0m         
[36m(ClientAppActor pid=354152)[0m 
[36m(ClientAppActor pid=354152)[0m         
[36m(ClientAppActor pid=354151)[0m 
[36m(ClientAppActor pid=354151)[0m         
[36m(ClientAppActor pid=354149)[0m 
[36m(ClientAppActor pid=354149)[0m         
[92mINFO [0m:      aggregate_fit: received 5 results and 0 failures
[92mINFO [0m:      fit progress: (1, 2.3134325759887697, {'accuracy': 0.1, 'loss': 2.3134325759887697}, 14.986015080008656)
[92mINFO [0m:      configure_evaluate: strategy sampled 5 clients (out of 5)
[36m(ClientAppActor pid=354150)[0m 
[36m(ClientAppActor pid=354150)[0m         
[36m(ClientAppActor pid=354150)[0m [93mWARNING [0m:   DEPRECATED FEATURE: `client_fn` now expects a signature `def client_fn(context: Context)`.The provided `client_fn` has signature: {'cid': <Parameter "cid: str">}. You can import the `Context` like this: `from flwr.app import Context`[32m [repeated 5x across cluster] (Ray deduplicates logs by default. Set RAY_DEDUP_LOGS=0 to disable log deduplication, or see https://docs.ray.io/en/master/ray-observability/user-guides/configure-logging.html#log-deduplication for more options.)[0m
[36m(ClientAppActor pid=354150)[0m             This is a deprecated feature. It will be removed[32m [repeated 5x across cluster][0m
[36m(ClientAppActor pid=354150)[0m             entirely in future versions of Flower.[32m [repeated 5x across cluster][0m
[36m(ClientAppActor pid=354149)[0m 
[36m(ClientAppActor pid=354149)[0m         
[36m(ClientAppActor pid=354152)[0m 
[36m(ClientAppActor pid=354152)[0m         
[36m(ClientAppActor pid=354151)[0m 
[36m(ClientAppActor pid=354151)[0m         
[36m(ClientAppActor pid=354153)[0m 
[36m(ClientAppActor pid=354153)[0m         
[92mINFO [0m:      aggregate_evaluate: received 5 results and 0 failures
[92mINFO [0m:      
[92mINFO [0m:      [ROUND 2]
[92mINFO [0m:      configure_fit: strategy sampled 5 clients (out of 5)
[36m(ClientAppActor pid=354153)[0m 
[36m(ClientAppActor pid=354153)[0m         
[36m(ClientAppActor pid=354151)[0m 
[36m(ClientAppActor pid=354151)[0m         
[36m(ClientAppActor pid=354149)[0m 
[36m(ClientAppActor pid=354149)[0m         
[36m(ClientAppActor pid=354152)[0m 
[36m(ClientAppActor pid=354152)[0m         
[36m(ClientAppActor pid=354150)[0m 
[36m(ClientAppActor pid=354150)[0m         
[92mINFO [0m:      aggregate_fit: received 5 results and 0 failures
[92mINFO [0m:      fit progress: (2, 2.069174577331543, {'accuracy': 0.2167, 'loss': 2.069174577331543}, 28.830935150035657)
[92mINFO [0m:      configure_evaluate: strategy sampled 5 clients (out of 5)
[36m(ClientAppActor pid=354151)[0m 
[36m(ClientAppActor pid=354151)[0m         
[36m(ClientAppActor pid=354151)[0m [93mWARNING [0m:   DEPRECATED FEATURE: `client_fn` now expects a signature `def client_fn(context: Context)`.The provided `client_fn` has signature: {'cid': <Parameter "cid: str">}. You can import the `Context` like this: `from flwr.app import Context`[32m [repeated 10x across cluster][0m
[36m(ClientAppActor pid=354151)[0m             This is a deprecated feature. It will be removed[32m [repeated 10x across cluster][0m
[36m(ClientAppActor pid=354151)[0m             entirely in future versions of Flower.[32m [repeated 10x across cluster][0m
[36m(ClientAppActor pid=354153)[0m 
[36m(ClientAppActor pid=354153)[0m         
[36m(ClientAppActor pid=354150)[0m 
[36m(ClientAppActor pid=354150)[0m         
[36m(ClientAppActor pid=354152)[0m 
[36m(ClientAppActor pid=354152)[0m         
[36m(ClientAppActor pid=354149)[0m 
[36m(ClientAppActor pid=354149)[0m         
[92mINFO [0m:      aggregate_evaluate: received 5 results and 0 failures
[92mINFO [0m:      
[92mINFO [0m:      [ROUND 3]
[92mINFO [0m:      configure_fit: strategy sampled 5 clients (out of 5)
[36m(ClientAppActor pid=354149)[0m 
[36m(ClientAppActor pid=354149)[0m         
[36m(ClientAppActor pid=354152)[0m 
[36m(ClientAppActor pid=354152)[0m         
[36m(ClientAppActor pid=354150)[0m 
[36m(ClientAppActor pid=354150)[0m         
[36m(ClientAppActor pid=354153)[0m 
[36m(ClientAppActor pid=354153)[0m         
[36m(ClientAppActor pid=354151)[0m 
[36m(ClientAppActor pid=354151)[0m         
[92mINFO [0m:      aggregate_fit: received 5 results and 0 failures
[92mINFO [0m:      fit progress: (3, 1.6353376445770265, {'accuracy': 0.4211, 'loss': 1.6353376445770265}, 42.825516822049394)
[92mINFO [0m:      configure_evaluate: strategy sampled 5 clients (out of 5)
[36m(ClientAppActor pid=354153)[0m 
[36m(ClientAppActor pid=354153)[0m         
[36m(ClientAppActor pid=354153)[0m [93mWARNING [0m:   DEPRECATED FEATURE: `client_fn` now expects a signature `def client_fn(context: Context)`.The provided `client_fn` has signature: {'cid': <Parameter "cid: str">}. You can import the `Context` like this: `from flwr.app import Context`[32m [repeated 10x across cluster][0m
[36m(ClientAppActor pid=354153)[0m             This is a deprecated feature. It will be removed[32m [repeated 10x across cluster][0m
[36m(ClientAppActor pid=354153)[0m             entirely in future versions of Flower.[32m [repeated 10x across cluster][0m
[36m(ClientAppActor pid=354149)[0m 
[36m(ClientAppActor pid=354149)[0m         
[36m(ClientAppActor pid=354150)[0m 
[36m(ClientAppActor pid=354150)[0m         
[36m(ClientAppActor pid=354151)[0m 
[36m(ClientAppActor pid=354151)[0m         
[36m(ClientAppActor pid=354152)[0m 
[36m(ClientAppActor pid=354152)[0m         
[92mINFO [0m:      aggregate_evaluate: received 5 results and 0 failures
[92mINFO [0m:      
[92mINFO [0m:      [ROUND 4]
[92mINFO [0m:      configure_fit: strategy sampled 5 clients (out of 5)
[36m(ClientAppActor pid=354152)[0m 
[36m(ClientAppActor pid=354152)[0m         
[36m(ClientAppActor pid=354151)[0m 
[36m(ClientAppActor pid=354151)[0m         
[36m(ClientAppActor pid=354149)[0m 
[36m(ClientAppActor pid=354149)[0m         
[36m(ClientAppActor pid=354150)[0m 
[36m(ClientAppActor pid=354150)[0m         
[36m(ClientAppActor pid=354153)[0m 
[36m(ClientAppActor pid=354153)[0m         
[92mINFO [0m:      aggregate_fit: received 5 results and 0 failures
[92mINFO [0m:      fit progress: (4, 1.369004373550415, {'accuracy': 0.5325, 'loss': 1.369004373550415}, 56.67456164804753)
[92mINFO [0m:      configure_evaluate: strategy sampled 5 clients (out of 5)
[36m(ClientAppActor pid=354150)[0m 
[36m(ClientAppActor pid=354150)[0m         
[36m(ClientAppActor pid=354150)[0m [93mWARNING [0m:   DEPRECATED FEATURE: `client_fn` now expects a signature `def client_fn(context: Context)`.The provided `client_fn` has signature: {'cid': <Parameter "cid: str">}. You can import the `Context` like this: `from flwr.app import Context`[32m [repeated 10x across cluster][0m
[36m(ClientAppActor pid=354150)[0m             This is a deprecated feature. It will be removed[32m [repeated 10x across cluster][0m
[36m(ClientAppActor pid=354150)[0m             entirely in future versions of Flower.[32m [repeated 10x across cluster][0m
[36m(ClientAppActor pid=354151)[0m 
[36m(ClientAppActor pid=354151)[0m         
[36m(ClientAppActor pid=354153)[0m 
[36m(ClientAppActor pid=354153)[0m         
[36m(ClientAppActor pid=354152)[0m 
[36m(ClientAppActor pid=354152)[0m         
[36m(ClientAppActor pid=354149)[0m 
[36m(ClientAppActor pid=354149)[0m         
[92mINFO [0m:      aggregate_evaluate: received 5 results and 0 failures
[92mINFO [0m:      
[92mINFO [0m:      [ROUND 5]
[92mINFO [0m:      configure_fit: strategy sampled 5 clients (out of 5)
[36m(ClientAppActor pid=354149)[0m 
[36m(ClientAppActor pid=354149)[0m         
[36m(ClientAppActor pid=354152)[0m 
[36m(ClientAppActor pid=354152)[0m         
[36m(ClientAppActor pid=354151)[0m 
[36m(ClientAppActor pid=354151)[0m         
[36m(ClientAppActor pid=354153)[0m 
[36m(ClientAppActor pid=354153)[0m         
[36m(ClientAppActor pid=354150)[0m 
[36m(ClientAppActor pid=354150)[0m         
[92mINFO [0m:      aggregate_fit: received 5 results and 0 failures
[92mINFO [0m:      fit progress: (5, 1.251704358100891, {'accuracy': 0.5489, 'loss': 1.251704358100891}, 70.3536146840197)
[92mINFO [0m:      configure_evaluate: strategy sampled 5 clients (out of 5)
[36m(ClientAppActor pid=354151)[0m 
[36m(ClientAppActor pid=354151)[0m         
[36m(ClientAppActor pid=354151)[0m [93mWARNING [0m:   DEPRECATED FEATURE: `client_fn` now expects a signature `def client_fn(context: Context)`.The provided `client_fn` has signature: {'cid': <Parameter "cid: str">}. You can import the `Context` like this: `from flwr.app import Context`[32m [repeated 10x across cluster][0m
[36m(ClientAppActor pid=354151)[0m             This is a deprecated feature. It will be removed[32m [repeated 10x across cluster][0m
[36m(ClientAppActor pid=354151)[0m             entirely in future versions of Flower.[32m [repeated 10x across cluster][0m
[36m(ClientAppActor pid=354153)[0m 
[36m(ClientAppActor pid=354153)[0m         
[36m(ClientAppActor pid=354150)[0m 
[36m(ClientAppActor pid=354150)[0m         
[36m(ClientAppActor pid=354149)[0m 
[36m(ClientAppActor pid=354149)[0m         
[36m(ClientAppActor pid=354152)[0m 
[36m(ClientAppActor pid=354152)[0m         
[92mINFO [0m:      aggregate_evaluate: received 5 results and 0 failures
[92mINFO [0m:      
[92mINFO [0m:      [ROUND 6]
[92mINFO [0m:      configure_fit: strategy sampled 5 clients (out of 5)
[36m(ClientAppActor pid=354152)[0m 
[36m(ClientAppActor pid=354152)[0m         
[36m(ClientAppActor pid=354149)[0m 
[36m(ClientAppActor pid=354149)[0m         
[36m(ClientAppActor pid=354150)[0m 
[36m(ClientAppActor pid=354150)[0m         
[36m(ClientAppActor pid=354153)[0m 
[36m(ClientAppActor pid=354153)[0m         
[36m(ClientAppActor pid=354151)[0m 
[36m(ClientAppActor pid=354151)[0m         
[92mINFO [0m:      aggregate_fit: received 5 results and 0 failures
[92mINFO [0m:      fit progress: (6, 1.1610775730133056, {'accuracy': 0.5921, 'loss': 1.1610775730133056}, 84.1554421990295)
[92mINFO [0m:      configure_evaluate: strategy sampled 5 clients (out of 5)
[36m(ClientAppActor pid=354150)[0m 
[36m(ClientAppActor pid=354150)[0m         
[36m(ClientAppActor pid=354150)[0m [93mWARNING [0m:   DEPRECATED FEATURE: `client_fn` now expects a signature `def client_fn(context: Context)`.The provided `client_fn` has signature: {'cid': <Parameter "cid: str">}. You can import the `Context` like this: `from flwr.app import Context`[32m [repeated 10x across cluster][0m
[36m(ClientAppActor pid=354150)[0m             This is a deprecated feature. It will be removed[32m [repeated 10x across cluster][0m
[36m(ClientAppActor pid=354150)[0m             entirely in future versions of Flower.[32m [repeated 10x across cluster][0m
[36m(ClientAppActor pid=354152)[0m 
[36m(ClientAppActor pid=354152)[0m         
[36m(ClientAppActor pid=354153)[0m 
[36m(ClientAppActor pid=354153)[0m         
[36m(ClientAppActor pid=354151)[0m 
[36m(ClientAppActor pid=354151)[0m         
[36m(ClientAppActor pid=354149)[0m 
[36m(ClientAppActor pid=354149)[0m         
[92mINFO [0m:      aggregate_evaluate: received 5 results and 0 failures
[92mINFO [0m:      
[92mINFO [0m:      [ROUND 7]
[92mINFO [0m:      configure_fit: strategy sampled 5 clients (out of 5)
[36m(ClientAppActor pid=354149)[0m 
[36m(ClientAppActor pid=354149)[0m         
[36m(ClientAppActor pid=354151)[0m 
[36m(ClientAppActor pid=354151)[0m         
[36m(ClientAppActor pid=354153)[0m 
[36m(ClientAppActor pid=354153)[0m         
[36m(ClientAppActor pid=354152)[0m 
[36m(ClientAppActor pid=354152)[0m         
[36m(ClientAppActor pid=354150)[0m 
[36m(ClientAppActor pid=354150)[0m         
[92mINFO [0m:      aggregate_fit: received 5 results and 0 failures
[92mINFO [0m:      fit progress: (7, 1.1198743993759155, {'accuracy': 0.6101, 'loss': 1.1198743993759155}, 97.90143342100782)
[92mINFO [0m:      configure_evaluate: strategy sampled 5 clients (out of 5)
[36m(ClientAppActor pid=354149)[0m 
[36m(ClientAppActor pid=354149)[0m         
[36m(ClientAppActor pid=354149)[0m [93mWARNING [0m:   DEPRECATED FEATURE: `client_fn` now expects a signature `def client_fn(context: Context)`.The provided `client_fn` has signature: {'cid': <Parameter "cid: str">}. You can import the `Context` like this: `from flwr.app import Context`[32m [repeated 10x across cluster][0m
[36m(ClientAppActor pid=354149)[0m             This is a deprecated feature. It will be removed[32m [repeated 10x across cluster][0m
[36m(ClientAppActor pid=354149)[0m             entirely in future versions of Flower.[32m [repeated 10x across cluster][0m
[36m(ClientAppActor pid=354150)[0m 
[36m(ClientAppActor pid=354150)[0m         
[36m(ClientAppActor pid=354153)[0m 
[36m(ClientAppActor pid=354153)[0m         
[36m(ClientAppActor pid=354151)[0m 
[36m(ClientAppActor pid=354151)[0m         
[36m(ClientAppActor pid=354152)[0m 
[36m(ClientAppActor pid=354152)[0m         
[92mINFO [0m:      aggregate_evaluate: received 5 results and 0 failures
[92mINFO [0m:      
[92mINFO [0m:      [ROUND 8]
[92mINFO [0m:      configure_fit: strategy sampled 5 clients (out of 5)
[36m(ClientAppActor pid=354152)[0m 
[36m(ClientAppActor pid=354152)[0m         
[36m(ClientAppActor pid=354151)[0m 
[36m(ClientAppActor pid=354151)[0m         
[36m(ClientAppActor pid=354153)[0m 
[36m(ClientAppActor pid=354153)[0m         
[36m(ClientAppActor pid=354150)[0m 
[36m(ClientAppActor pid=354150)[0m         
[36m(ClientAppActor pid=354149)[0m 
[36m(ClientAppActor pid=354149)[0m         
[92mINFO [0m:      aggregate_fit: received 5 results and 0 failures
[92mINFO [0m:      fit progress: (8, 1.0373129999160766, {'accuracy': 0.643, 'loss': 1.0373129999160766}, 111.87771500099916)
[92mINFO [0m:      configure_evaluate: strategy sampled 5 clients (out of 5)
[36m(ClientAppActor pid=354150)[0m 
[36m(ClientAppActor pid=354150)[0m         
[36m(ClientAppActor pid=354150)[0m [93mWARNING [0m:   DEPRECATED FEATURE: `client_fn` now expects a signature `def client_fn(context: Context)`.The provided `client_fn` has signature: {'cid': <Parameter "cid: str">}. You can import the `Context` like this: `from flwr.app import Context`[32m [repeated 10x across cluster][0m
[36m(ClientAppActor pid=354150)[0m             This is a deprecated feature. It will be removed[32m [repeated 10x across cluster][0m
[36m(ClientAppActor pid=354150)[0m             entirely in future versions of Flower.[32m [repeated 10x across cluster][0m
[36m(ClientAppActor pid=354151)[0m 
[36m(ClientAppActor pid=354151)[0m         
[36m(ClientAppActor pid=354149)[0m 
[36m(ClientAppActor pid=354149)[0m         
[36m(ClientAppActor pid=354152)[0m 
[36m(ClientAppActor pid=354152)[0m         
[36m(ClientAppActor pid=354153)[0m 
[36m(ClientAppActor pid=354153)[0m         
[92mINFO [0m:      aggregate_evaluate: received 5 results and 0 failures
[92mINFO [0m:      
[92mINFO [0m:      [ROUND 9]
[92mINFO [0m:      configure_fit: strategy sampled 5 clients (out of 5)
[36m(ClientAppActor pid=354153)[0m 
[36m(ClientAppActor pid=354153)[0m         
[36m(ClientAppActor pid=354152)[0m 
[36m(ClientAppActor pid=354152)[0m         
[36m(ClientAppActor pid=354149)[0m 
[36m(ClientAppActor pid=354149)[0m         
[36m(ClientAppActor pid=354151)[0m 
[36m(ClientAppActor pid=354151)[0m         
[36m(ClientAppActor pid=354150)[0m 
[36m(ClientAppActor pid=354150)[0m         
[92mINFO [0m:      aggregate_fit: received 5 results and 0 failures
[92mINFO [0m:      fit progress: (9, 1.0711576444625854, {'accuracy': 0.6456, 'loss': 1.0711576444625854}, 125.83200749399839)
[92mINFO [0m:      configure_evaluate: strategy sampled 5 clients (out of 5)
[36m(ClientAppActor pid=354151)[0m 
[36m(ClientAppActor pid=354151)[0m         
[36m(ClientAppActor pid=354151)[0m [93mWARNING [0m:   DEPRECATED FEATURE: `client_fn` now expects a signature `def client_fn(context: Context)`.The provided `client_fn` has signature: {'cid': <Parameter "cid: str">}. You can import the `Context` like this: `from flwr.app import Context`[32m [repeated 10x across cluster][0m
[36m(ClientAppActor pid=354151)[0m             This is a deprecated feature. It will be removed[32m [repeated 10x across cluster][0m
[36m(ClientAppActor pid=354151)[0m             entirely in future versions of Flower.[32m [repeated 10x across cluster][0m
[36m(ClientAppActor pid=354150)[0m 
[36m(ClientAppActor pid=354150)[0m         
[36m(ClientAppActor pid=354152)[0m 
[36m(ClientAppActor pid=354152)[0m         
[36m(ClientAppActor pid=354153)[0m 
[36m(ClientAppActor pid=354153)[0m         
[36m(ClientAppActor pid=354149)[0m 
[36m(ClientAppActor pid=354149)[0m         
[92mINFO [0m:      aggregate_evaluate: received 5 results and 0 failures
[92mINFO [0m:      
[92mINFO [0m:      [ROUND 10]
[92mINFO [0m:      configure_fit: strategy sampled 5 clients (out of 5)
[36m(ClientAppActor pid=354149)[0m 
[36m(ClientAppActor pid=354149)[0m         
[36m(ClientAppActor pid=354153)[0m 
[36m(ClientAppActor pid=354153)[0m         
[36m(ClientAppActor pid=354152)[0m 
[36m(ClientAppActor pid=354152)[0m         
[36m(ClientAppActor pid=354150)[0m 
[36m(ClientAppActor pid=354150)[0m         
[36m(ClientAppActor pid=354151)[0m 
[36m(ClientAppActor pid=354151)[0m         
[92mINFO [0m:      aggregate_fit: received 5 results and 0 failures
[92mINFO [0m:      fit progress: (10, 1.0262526191711425, {'accuracy': 0.6604, 'loss': 1.0262526191711425}, 139.29907072003698)
[92mINFO [0m:      configure_evaluate: strategy sampled 5 clients (out of 5)
[36m(ClientAppActor pid=354149)[0m 
[36m(ClientAppActor pid=354149)[0m         
[36m(ClientAppActor pid=354149)[0m [93mWARNING [0m:   DEPRECATED FEATURE: `client_fn` now expects a signature `def client_fn(context: Context)`.The provided `client_fn` has signature: {'cid': <Parameter "cid: str">}. You can import the `Context` like this: `from flwr.app import Context`[32m [repeated 10x across cluster][0m
[36m(ClientAppActor pid=354149)[0m             This is a deprecated feature. It will be removed[32m [repeated 10x across cluster][0m
[36m(ClientAppActor pid=354149)[0m             entirely in future versions of Flower.[32m [repeated 10x across cluster][0m
[36m(ClientAppActor pid=354151)[0m 
[36m(ClientAppActor pid=354151)[0m         
[36m(ClientAppActor pid=354152)[0m 
[36m(ClientAppActor pid=354152)[0m         
[36m(ClientAppActor pid=354153)[0m 
[36m(ClientAppActor pid=354153)[0m         
[36m(ClientAppActor pid=354150)[0m 
[36m(ClientAppActor pid=354150)[0m         
[92mINFO [0m:      aggregate_evaluate: received 5 results and 0 failures
[92mINFO [0m:      
[92mINFO [0m:      [SUMMARY]
[92mINFO [0m:      Run finished 10 round(s) in 140.18s
[92mINFO [0m:      	History (loss, distributed):
[92mINFO [0m:      		round 1: 2.313205031411562
[92mINFO [0m:      		round 2: 2.0486119327865793
[92mINFO [0m:      		round 3: 1.6147555694929332
[92mINFO [0m:      		round 4: 1.3402065560654066
[92mINFO [0m:      		round 5: 1.2300458515503894
[92mINFO [0m:      		round 6: 1.1374596982854401
[92mINFO [0m:      		round 7: 1.0880778886710307
[92mINFO [0m:      		round 8: 1.0178276357923672
[92mINFO [0m:      		round 9: 1.0429289028814894
[92mINFO [0m:      		round 10: 1.0038981837751104
[92mINFO [0m:      	History (loss, centralized):
[92mINFO [0m:      		round 0: 2.303386619567871
[92mINFO [0m:      		round 1: 2.3134325759887697
[92mINFO [0m:      		round 2: 2.069174577331543
[92mINFO [0m:      		round 3: 1.6353376445770265
[92mINFO [0m:      		round 4: 1.369004373550415
[92mINFO [0m:      		round 5: 1.251704358100891
[92mINFO [0m:      		round 6: 1.1610775730133056
[92mINFO [0m:      		round 7: 1.1198743993759155
[92mINFO [0m:      		round 8: 1.0373129999160766
[92mINFO [0m:      		round 9: 1.0711576444625854
[92mINFO [0m:      		round 10: 1.0262526191711425
[92mINFO [0m:      	History (metrics, distributed, fit):
[92mINFO [0m:      	{'avg_flops_per_client_round': [(1, 8140805084160.0),
[92mINFO [0m:      	                                (2, 8140805084160.0),
[92mINFO [0m:      	                                (3, 8140805084160.0),
[92mINFO [0m:      	                                (4, 8140805084160.0),
[92mINFO [0m:      	                                (5, 8140805084160.0),
[92mINFO [0m:      	                                (6, 8140805084160.0),
[92mINFO [0m:      	                                (7, 8140805084160.0),
[92mINFO [0m:      	                                (8, 8140805084160.0),
[92mINFO [0m:      	                                (9, 8140805084160.0),
[92mINFO [0m:      	                                (10, 8140805084160.0)],
[92mINFO [0m:      	 'total_flops_round': [(1, 40704025420800),
[92mINFO [0m:      	                       (2, 40704025420800),
[92mINFO [0m:      	                       (3, 40704025420800),
[92mINFO [0m:      	                       (4, 40704025420800),
[92mINFO [0m:      	                       (5, 40704025420800),
[92mINFO [0m:      	                       (6, 40704025420800),
[92mINFO [0m:      	                       (7, 40704025420800),
[92mINFO [0m:      	                       (8, 40704025420800),
[92mINFO [0m:      	                       (9, 40704025420800),
[92mINFO [0m:      	                       (10, 40704025420800)]}
[92mINFO [0m:      	History (metrics, distributed, evaluate):
[92mINFO [0m:      	{'accuracy': [(1, 0.10166099659795877),
[92mINFO [0m:      	              (2, 0.22273364018411046),
[92mINFO [0m:      	              (3, 0.4296577946768061),
[92mINFO [0m:      	              (4, 0.5431258755253152),
[92mINFO [0m:      	              (5, 0.5627376425855514),
[92mINFO [0m:      	              (6, 0.6107664598759256),
[92mINFO [0m:      	              (7, 0.6289773864318591),
[92mINFO [0m:      	              (8, 0.6587952771662998),
[92mINFO [0m:      	              (9, 0.6513908345007005),
[92mINFO [0m:      	              (10, 0.6665999599759856)],
[92mINFO [0m:      	 'loss': [(1, 2.313205031411562),
[92mINFO [0m:      	          (2, 2.0486119327865793),
[92mINFO [0m:      	          (3, 1.6147555694929332),
[92mINFO [0m:      	          (4, 1.3402065560654066),
[92mINFO [0m:      	          (5, 1.2300458515503894),
[92mINFO [0m:      	          (6, 1.1374596982854401),
[92mINFO [0m:      	          (7, 1.0880778886710307),
[92mINFO [0m:      	          (8, 1.0178276357923672),
[92mINFO [0m:      	          (9, 1.0429289028814894),
[92mINFO [0m:      	          (10, 1.0038981837751104)]}
[92mINFO [0m:      	History (metrics, centralized):
[92mINFO [0m:      	{'accuracy': [(0, 0.0918),
[92mINFO [0m:      	              (1, 0.1),
[92mINFO [0m:      	              (2, 0.2167),
[92mINFO [0m:      	              (3, 0.4211),
[92mINFO [0m:      	              (4, 0.5325),
[92mINFO [0m:      	              (5, 0.5489),
[92mINFO [0m:      	              (6, 0.5921),
[92mINFO [0m:      	              (7, 0.6101),
[92mINFO [0m:      	              (8, 0.643),
[92mINFO [0m:      	              (9, 0.6456),
[92mINFO [0m:      	              (10, 0.6604)],
[92mINFO [0m:      	 'loss': [(0, 2.303386619567871),
[92mINFO [0m:      	          (1, 2.3134325759887697),
[92mINFO [0m:      	          (2, 2.069174577331543),
[92mINFO [0m:      	          (3, 1.6353376445770265),
[92mINFO [0m:      	          (4, 1.369004373550415),
[92mINFO [0m:      	          (5, 1.251704358100891),
[92mINFO [0m:      	          (6, 1.1610775730133056),
[92mINFO [0m:      	          (7, 1.1198743993759155),
[92mINFO [0m:      	          (8, 1.0373129999160766),
[92mINFO [0m:      	          (9, 1.0711576444625854),
[92mINFO [0m:      	          (10, 1.0262526191711425)]}
[92mINFO [0m:      
Treinando no dispositivo: cuda:0 com o dataset: CIFAR10 | Setup clientes: 5 (num_gpus por cliente=0.2) | SEED=44
FLOPS por amostra (forward): 6.030e+07 | (forward+backward, 3x): 1.809e+08
Files already downloaded and verified
Files already downloaded and verified
Dividindo o dataset usando a distribuição de Dirichlet com alpha=0.1.
Iniciando a simulação de Aprendizado Federado...
=== Diagnóstico de Medição de GPU ===
  pynvml_disponivel: True
  pynvml_versao: 580.173.02
  gpus_detectadas: 1
  leitura_potencia_ok: True
  potencia_atual_W: 115.425

--- Rodada 0 - Avaliação Centralizada (Servidor) ---
Loss (Servidor): 2.3034 | Acurácia (Servidor): 0.0918

--- Rodada 1 - Avaliação Centralizada (Servidor) ---
Loss (Servidor): 2.3134 | Acurácia (Servidor): 0.1000
--- Avaliação Agregada (Clientes) ---
Loss Média (Clientes): 2.3132 | Acurácia Média (Clientes): 0.1017

--- Rodada 2 - Avaliação Centralizada (Servidor) ---
Loss (Servidor): 2.0692 | Acurácia (Servidor): 0.2167
--- Avaliação Agregada (Clientes) ---
Loss Média (Clientes): 2.0486 | Acurácia Média (Clientes): 0.2227

--- Rodada 3 - Avaliação Centralizada (Servidor) ---
Loss (Servidor): 1.6353 | Acurácia (Servidor): 0.4211
--- Avaliação Agregada (Clientes) ---
Loss Média (Clientes): 1.6148 | Acurácia Média (Clientes): 0.4297

--- Rodada 4 - Avaliação Centralizada (Servidor) ---
Loss (Servidor): 1.3690 | Acurácia (Servidor): 0.5325
--- Avaliação Agregada (Clientes) ---
Loss Média (Clientes): 1.3402 | Acurácia Média (Clientes): 0.5431

--- Rodada 5 - Avaliação Centralizada (Servidor) ---
Loss (Servidor): 1.2517 | Acurácia (Servidor): 0.5489
--- Avaliação Agregada (Clientes) ---
Loss Média (Clientes): 1.2300 | Acurácia Média (Clientes): 0.5627

--- Rodada 6 - Avaliação Centralizada (Servidor) ---
Loss (Servidor): 1.1611 | Acurácia (Servidor): 0.5921
--- Avaliação Agregada (Clientes) ---
Loss Média (Clientes): 1.1375 | Acurácia Média (Clientes): 0.6108

--- Rodada 7 - Avaliação Centralizada (Servidor) ---
Loss (Servidor): 1.1199 | Acurácia (Servidor): 0.6101
--- Avaliação Agregada (Clientes) ---
Loss Média (Clientes): 1.0881 | Acurácia Média (Clientes): 0.6290

--- Rodada 8 - Avaliação Centralizada (Servidor) ---
Loss (Servidor): 1.0373 | Acurácia (Servidor): 0.6430
--- Avaliação Agregada (Clientes) ---
Loss Média (Clientes): 1.0178 | Acurácia Média (Clientes): 0.6588

--- Rodada 9 - Avaliação Centralizada (Servidor) ---
Loss (Servidor): 1.0712 | Acurácia (Servidor): 0.6456
--- Avaliação Agregada (Clientes) ---
Loss Média (Clientes): 1.0429 | Acurácia Média (Clientes): 0.6514

--- Rodada 10 - Avaliação Centralizada (Servidor) ---
Loss (Servidor): 1.0263 | Acurácia (Servidor): 0.6604
--- Avaliação Agregada (Clientes) ---
Loss Média (Clientes): 1.0039 | Acurácia Média (Clientes): 0.6666

Resultados salvos em: /home/tiago/GitHubProjects/fedhad-thesis-2/FedAVG-results/1.1_diagnostico_drift/CIFAR10/FedAVG__CIFAR10__Setup-5__Clients-5__Rounds-10__Delay-0_05__Alpha-0_1__Seed-44.txt
[36m(ClientAppActor pid=354150)[0m [93mWARNING [0m:   DEPRECATED FEATURE: `client_fn` now expects a signature `def client_fn(context: Context)`.The provided `client_fn` has signature: {'cid': <Parameter "cid: str">}. You can import the `Context` like this: `from flwr.app import Context`[32m [repeated 4x across cluster][0m
[36m(ClientAppActor pid=354150)[0m             This is a deprecated feature. It will be removed[32m [repeated 4x across cluster][0m
[36m(ClientAppActor pid=354150)[0m             entirely in future versions of Flower.[32m [repeated 4x across cluster][0m
