[codecarbon WARNING @ 13:16:53] Multiple instances of codecarbon are allowed to run at the same time.
[93mWARNING [0m:   DEPRECATED FEATURE: flwr.simulation.start_simulation() is deprecated.
	Instead, use the `flwr run` CLI command to start a local simulation in your Flower app, as shown for example below:

		$ flwr new  # Create a new Flower app from a template

		$ flwr run  # Run the Flower app in Simulation Mode

	Using `start_simulation()` is deprecated.

            This is a deprecated feature. It will be removed
            entirely in future versions of Flower.
        
[92mINFO [0m:      Starting Flower simulation, config: num_rounds=10, no round_timeout
2026-09-04 13:17:02,116	INFO worker.py:2012 -- Started a local Ray instance.
/home/tiago/GitHubProjects/fedhad-thesis-2/env_flwr_pt/lib/python3.12/site-packages/ray/_private/worker.py:2051: FutureWarning: Tip: In future versions of Ray, Ray will no longer override accelerator visible devices env var if num_gpus=0 or num_gpus=None (default). To enable this behavior and turn off this error message, set RAY_ACCEL_ENV_VAR_OVERRIDE_ON_ZERO=0
  warnings.warn(
[92mINFO [0m:      Flower VCE: Ray initialized with resources: {'node:__internal_head__': 1.0, 'object_store_memory': 77732702208.0, 'GPU': 1.0, 'memory': 181376305152.0, 'CPU': 64.0, 'accelerator_type:A40': 1.0, 'node:10.129.64.100': 1.0}
[92mINFO [0m:      Optimize your simulation with Flower VCE: https://flower.ai/docs/framework/how-to-run-simulations.html
/home/tiago/GitHubProjects/fedhad-thesis-2/FedAvgM_Final.py:1669: UserWarning: No `num_cpus` specified in `client_resources`. Using `num_cpus=1` for each client.
  history = fl.simulation.start_simulation(
[92mINFO [0m:      Flower VCE: Resources for each Virtual Client: {'num_gpus': 0.2, 'num_cpus': 1}
[92mINFO [0m:      Flower VCE: Creating VirtualClientEngineActorPool with 5 actors
[92mINFO [0m:      [INIT]
[92mINFO [0m:      Using initial global parameters provided by strategy
[92mINFO [0m:      Starting evaluation of initial global parameters
[92mINFO [0m:      initial parameters (loss, other metrics): 2.3028229263305664, {'accuracy': 0.1027, 'loss': 2.3028229263305664}
[92mINFO [0m:      
[92mINFO [0m:      [ROUND 1]
[92mINFO [0m:      configure_fit: strategy sampled 5 clients (out of 5)
[36m(ClientAppActor pid=559649)[0m [93mWARNING [0m:   DEPRECATED FEATURE: `client_fn` now expects a signature `def client_fn(context: Context)`.The provided `client_fn` has signature: {'cid': <Parameter "cid: str">}. You can import the `Context` like this: `from flwr.app import Context`
[36m(ClientAppActor pid=559649)[0m 
[36m(ClientAppActor pid=559649)[0m             This is a deprecated feature. It will be removed
[36m(ClientAppActor pid=559649)[0m             entirely in future versions of Flower.
[36m(ClientAppActor pid=559649)[0m         
[36m(ClientAppActor pid=559648)[0m 
[36m(ClientAppActor pid=559648)[0m         
[36m(ClientAppActor pid=559616)[0m 
[36m(ClientAppActor pid=559616)[0m         
[36m(ClientAppActor pid=559614)[0m 
[36m(ClientAppActor pid=559614)[0m         
[36m(ClientAppActor pid=559615)[0m 
[36m(ClientAppActor pid=559615)[0m         
[92mINFO [0m:      aggregate_fit: received 5 results and 0 failures
[92mINFO [0m:      fit progress: (1, 2.266762645339966, {'accuracy': 0.1053, 'loss': 2.266762645339966}, 14.522295984032098)
[92mINFO [0m:      configure_evaluate: strategy sampled 5 clients (out of 5)
[36m(ClientAppActor pid=559615)[0m 
[36m(ClientAppActor pid=559615)[0m         
[36m(ClientAppActor pid=559615)[0m [93mWARNING [0m:   DEPRECATED FEATURE: `client_fn` now expects a signature `def client_fn(context: Context)`.The provided `client_fn` has signature: {'cid': <Parameter "cid: str">}. You can import the `Context` like this: `from flwr.app import Context`[32m [repeated 5x across cluster] (Ray deduplicates logs by default. Set RAY_DEDUP_LOGS=0 to disable log deduplication, or see https://docs.ray.io/en/master/ray-observability/user-guides/configure-logging.html#log-deduplication for more options.)[0m
[36m(ClientAppActor pid=559615)[0m             This is a deprecated feature. It will be removed[32m [repeated 5x across cluster][0m
[36m(ClientAppActor pid=559615)[0m             entirely in future versions of Flower.[32m [repeated 5x across cluster][0m
[36m(ClientAppActor pid=559649)[0m 
[36m(ClientAppActor pid=559649)[0m         
[36m(ClientAppActor pid=559648)[0m 
[36m(ClientAppActor pid=559648)[0m         
[36m(ClientAppActor pid=559614)[0m 
[36m(ClientAppActor pid=559614)[0m         
[36m(ClientAppActor pid=559616)[0m 
[36m(ClientAppActor pid=559616)[0m         
[92mINFO [0m:      aggregate_evaluate: received 5 results and 0 failures
[92mINFO [0m:      
[92mINFO [0m:      [ROUND 2]
[92mINFO [0m:      configure_fit: strategy sampled 5 clients (out of 5)
[36m(ClientAppActor pid=559616)[0m 
[36m(ClientAppActor pid=559616)[0m         
[36m(ClientAppActor pid=559614)[0m 
[36m(ClientAppActor pid=559614)[0m         
[36m(ClientAppActor pid=559648)[0m 
[36m(ClientAppActor pid=559648)[0m         
[36m(ClientAppActor pid=559649)[0m 
[36m(ClientAppActor pid=559649)[0m         
[36m(ClientAppActor pid=559615)[0m 
[36m(ClientAppActor pid=559615)[0m         
[92mINFO [0m:      aggregate_fit: received 5 results and 0 failures
[92mINFO [0m:      fit progress: (2, 1.837464881324768, {'accuracy': 0.4579, 'loss': 1.837464881324768}, 27.736387556011323)
[92mINFO [0m:      configure_evaluate: strategy sampled 5 clients (out of 5)
[36m(ClientAppActor pid=559648)[0m 
[36m(ClientAppActor pid=559648)[0m         
[36m(ClientAppActor pid=559648)[0m [93mWARNING [0m:   DEPRECATED FEATURE: `client_fn` now expects a signature `def client_fn(context: Context)`.The provided `client_fn` has signature: {'cid': <Parameter "cid: str">}. You can import the `Context` like this: `from flwr.app import Context`[32m [repeated 10x across cluster][0m
[36m(ClientAppActor pid=559648)[0m             This is a deprecated feature. It will be removed[32m [repeated 10x across cluster][0m
[36m(ClientAppActor pid=559648)[0m             entirely in future versions of Flower.[32m [repeated 10x across cluster][0m
[36m(ClientAppActor pid=559615)[0m 
[36m(ClientAppActor pid=559615)[0m         
[36m(ClientAppActor pid=559614)[0m 
[36m(ClientAppActor pid=559614)[0m         
[36m(ClientAppActor pid=559649)[0m 
[36m(ClientAppActor pid=559649)[0m         
[36m(ClientAppActor pid=559616)[0m 
[36m(ClientAppActor pid=559616)[0m         
[92mINFO [0m:      aggregate_evaluate: received 5 results and 0 failures
[92mINFO [0m:      
[92mINFO [0m:      [ROUND 3]
[92mINFO [0m:      configure_fit: strategy sampled 5 clients (out of 5)
[36m(ClientAppActor pid=559616)[0m 
[36m(ClientAppActor pid=559616)[0m         
[36m(ClientAppActor pid=559649)[0m 
[36m(ClientAppActor pid=559649)[0m         
[36m(ClientAppActor pid=559614)[0m 
[36m(ClientAppActor pid=559614)[0m         
[36m(ClientAppActor pid=559615)[0m 
[36m(ClientAppActor pid=559615)[0m         
[36m(ClientAppActor pid=559648)[0m 
[36m(ClientAppActor pid=559648)[0m         
[92mINFO [0m:      aggregate_fit: received 5 results and 0 failures
[92mINFO [0m:      fit progress: (3, 3.8776599157333376, {'accuracy': 0.5181, 'loss': 3.8776599157333376}, 41.281370329030324)
[92mINFO [0m:      configure_evaluate: strategy sampled 5 clients (out of 5)
[36m(ClientAppActor pid=559648)[0m 
[36m(ClientAppActor pid=559648)[0m         
[36m(ClientAppActor pid=559648)[0m [93mWARNING [0m:   DEPRECATED FEATURE: `client_fn` now expects a signature `def client_fn(context: Context)`.The provided `client_fn` has signature: {'cid': <Parameter "cid: str">}. You can import the `Context` like this: `from flwr.app import Context`[32m [repeated 10x across cluster][0m
[36m(ClientAppActor pid=559648)[0m             This is a deprecated feature. It will be removed[32m [repeated 10x across cluster][0m
[36m(ClientAppActor pid=559648)[0m             entirely in future versions of Flower.[32m [repeated 10x across cluster][0m
[36m(ClientAppActor pid=559649)[0m 
[36m(ClientAppActor pid=559649)[0m         
[36m(ClientAppActor pid=559615)[0m 
[36m(ClientAppActor pid=559615)[0m         
[36m(ClientAppActor pid=559614)[0m 
[36m(ClientAppActor pid=559614)[0m         
[36m(ClientAppActor pid=559616)[0m 
[36m(ClientAppActor pid=559616)[0m         
[92mINFO [0m:      aggregate_evaluate: received 5 results and 0 failures
[92mINFO [0m:      
[92mINFO [0m:      [ROUND 4]
[92mINFO [0m:      configure_fit: strategy sampled 5 clients (out of 5)
[36m(ClientAppActor pid=559616)[0m 
[36m(ClientAppActor pid=559616)[0m         
[36m(ClientAppActor pid=559614)[0m 
[36m(ClientAppActor pid=559614)[0m         
[36m(ClientAppActor pid=559615)[0m 
[36m(ClientAppActor pid=559615)[0m         
[36m(ClientAppActor pid=559649)[0m 
[36m(ClientAppActor pid=559649)[0m         
[36m(ClientAppActor pid=559648)[0m 
[36m(ClientAppActor pid=559648)[0m         
[92mINFO [0m:      aggregate_fit: received 5 results and 0 failures
[92mINFO [0m:      fit progress: (4, 3.1821363048553466, {'accuracy': 0.5722, 'loss': 3.1821363048553466}, 54.23795014701318)
[92mINFO [0m:      configure_evaluate: strategy sampled 5 clients (out of 5)
[36m(ClientAppActor pid=559614)[0m 
[36m(ClientAppActor pid=559614)[0m         
[36m(ClientAppActor pid=559614)[0m [93mWARNING [0m:   DEPRECATED FEATURE: `client_fn` now expects a signature `def client_fn(context: Context)`.The provided `client_fn` has signature: {'cid': <Parameter "cid: str">}. You can import the `Context` like this: `from flwr.app import Context`[32m [repeated 10x across cluster][0m
[36m(ClientAppActor pid=559614)[0m             This is a deprecated feature. It will be removed[32m [repeated 10x across cluster][0m
[36m(ClientAppActor pid=559614)[0m             entirely in future versions of Flower.[32m [repeated 10x across cluster][0m
[36m(ClientAppActor pid=559648)[0m 
[36m(ClientAppActor pid=559648)[0m         
[36m(ClientAppActor pid=559649)[0m 
[36m(ClientAppActor pid=559649)[0m         
[36m(ClientAppActor pid=559615)[0m 
[36m(ClientAppActor pid=559615)[0m         
[36m(ClientAppActor pid=559616)[0m 
[36m(ClientAppActor pid=559616)[0m         
[92mINFO [0m:      aggregate_evaluate: received 5 results and 0 failures
[92mINFO [0m:      
[92mINFO [0m:      [ROUND 5]
[92mINFO [0m:      configure_fit: strategy sampled 5 clients (out of 5)
[36m(ClientAppActor pid=559616)[0m 
[36m(ClientAppActor pid=559616)[0m         
[36m(ClientAppActor pid=559615)[0m 
[36m(ClientAppActor pid=559615)[0m         
[36m(ClientAppActor pid=559649)[0m 
[36m(ClientAppActor pid=559649)[0m         
[36m(ClientAppActor pid=559648)[0m 
[36m(ClientAppActor pid=559648)[0m         
[36m(ClientAppActor pid=559614)[0m 
[36m(ClientAppActor pid=559614)[0m         
[92mINFO [0m:      aggregate_fit: received 5 results and 0 failures
[92mINFO [0m:      fit progress: (5, 2.9858476835250856, {'accuracy': 0.6659, 'loss': 2.9858476835250856}, 67.50593187799677)
[92mINFO [0m:      configure_evaluate: strategy sampled 5 clients (out of 5)
[36m(ClientAppActor pid=559615)[0m 
[36m(ClientAppActor pid=559615)[0m         
[36m(ClientAppActor pid=559615)[0m [93mWARNING [0m:   DEPRECATED FEATURE: `client_fn` now expects a signature `def client_fn(context: Context)`.The provided `client_fn` has signature: {'cid': <Parameter "cid: str">}. You can import the `Context` like this: `from flwr.app import Context`[32m [repeated 10x across cluster][0m
[36m(ClientAppActor pid=559615)[0m             This is a deprecated feature. It will be removed[32m [repeated 10x across cluster][0m
[36m(ClientAppActor pid=559615)[0m             entirely in future versions of Flower.[32m [repeated 10x across cluster][0m
[36m(ClientAppActor pid=559649)[0m 
[36m(ClientAppActor pid=559649)[0m         
[36m(ClientAppActor pid=559616)[0m 
[36m(ClientAppActor pid=559616)[0m         
[36m(ClientAppActor pid=559648)[0m 
[36m(ClientAppActor pid=559648)[0m         
[36m(ClientAppActor pid=559614)[0m 
[36m(ClientAppActor pid=559614)[0m         
[92mINFO [0m:      aggregate_evaluate: received 5 results and 0 failures
[92mINFO [0m:      
[92mINFO [0m:      [ROUND 6]
[92mINFO [0m:      configure_fit: strategy sampled 5 clients (out of 5)
[36m(ClientAppActor pid=559614)[0m 
[36m(ClientAppActor pid=559614)[0m         
[36m(ClientAppActor pid=559648)[0m 
[36m(ClientAppActor pid=559648)[0m         
[36m(ClientAppActor pid=559616)[0m 
[36m(ClientAppActor pid=559616)[0m         
[36m(ClientAppActor pid=559649)[0m 
[36m(ClientAppActor pid=559649)[0m         
[36m(ClientAppActor pid=559615)[0m 
[36m(ClientAppActor pid=559615)[0m         
[92mINFO [0m:      aggregate_fit: received 5 results and 0 failures
[92mINFO [0m:      fit progress: (6, 2.4496271226882933, {'accuracy': 0.7109, 'loss': 2.4496271226882933}, 80.39497773902258)
[92mINFO [0m:      configure_evaluate: strategy sampled 5 clients (out of 5)
[36m(ClientAppActor pid=559648)[0m 
[36m(ClientAppActor pid=559648)[0m         
[36m(ClientAppActor pid=559648)[0m [93mWARNING [0m:   DEPRECATED FEATURE: `client_fn` now expects a signature `def client_fn(context: Context)`.The provided `client_fn` has signature: {'cid': <Parameter "cid: str">}. You can import the `Context` like this: `from flwr.app import Context`[32m [repeated 10x across cluster][0m
[36m(ClientAppActor pid=559648)[0m             This is a deprecated feature. It will be removed[32m [repeated 10x across cluster][0m
[36m(ClientAppActor pid=559648)[0m             entirely in future versions of Flower.[32m [repeated 10x across cluster][0m
[36m(ClientAppActor pid=559649)[0m 
[36m(ClientAppActor pid=559649)[0m         
[36m(ClientAppActor pid=559615)[0m 
[36m(ClientAppActor pid=559615)[0m         
[36m(ClientAppActor pid=559616)[0m 
[36m(ClientAppActor pid=559616)[0m         
[36m(ClientAppActor pid=559614)[0m 
[36m(ClientAppActor pid=559614)[0m         
[92mINFO [0m:      aggregate_evaluate: received 5 results and 0 failures
[92mINFO [0m:      
[92mINFO [0m:      [ROUND 7]
[92mINFO [0m:      configure_fit: strategy sampled 5 clients (out of 5)
[36m(ClientAppActor pid=559614)[0m 
[36m(ClientAppActor pid=559614)[0m         
[36m(ClientAppActor pid=559616)[0m 
[36m(ClientAppActor pid=559616)[0m         
[36m(ClientAppActor pid=559615)[0m 
[36m(ClientAppActor pid=559615)[0m         
[36m(ClientAppActor pid=559649)[0m 
[36m(ClientAppActor pid=559649)[0m         
[36m(ClientAppActor pid=559648)[0m 
[36m(ClientAppActor pid=559648)[0m         
[92mINFO [0m:      aggregate_fit: received 5 results and 0 failures
[92mINFO [0m:      fit progress: (7, 2.1910043243408204, {'accuracy': 0.6823, 'loss': 2.1910043243408204}, 93.90862246602774)
[92mINFO [0m:      configure_evaluate: strategy sampled 5 clients (out of 5)
[36m(ClientAppActor pid=559615)[0m 
[36m(ClientAppActor pid=559615)[0m         
[36m(ClientAppActor pid=559615)[0m [93mWARNING [0m:   DEPRECATED FEATURE: `client_fn` now expects a signature `def client_fn(context: Context)`.The provided `client_fn` has signature: {'cid': <Parameter "cid: str">}. You can import the `Context` like this: `from flwr.app import Context`[32m [repeated 10x across cluster][0m
[36m(ClientAppActor pid=559615)[0m             This is a deprecated feature. It will be removed[32m [repeated 10x across cluster][0m
[36m(ClientAppActor pid=559615)[0m             entirely in future versions of Flower.[32m [repeated 10x across cluster][0m
[36m(ClientAppActor pid=559614)[0m 
[36m(ClientAppActor pid=559614)[0m         
[36m(ClientAppActor pid=559616)[0m 
[36m(ClientAppActor pid=559616)[0m         
[36m(ClientAppActor pid=559649)[0m 
[36m(ClientAppActor pid=559649)[0m         
[36m(ClientAppActor pid=559648)[0m 
[36m(ClientAppActor pid=559648)[0m         
[92mINFO [0m:      aggregate_evaluate: received 5 results and 0 failures
[92mINFO [0m:      
[92mINFO [0m:      [ROUND 8]
[92mINFO [0m:      configure_fit: strategy sampled 5 clients (out of 5)
[36m(ClientAppActor pid=559648)[0m 
[36m(ClientAppActor pid=559648)[0m         
[36m(ClientAppActor pid=559649)[0m 
[36m(ClientAppActor pid=559649)[0m         
[36m(ClientAppActor pid=559614)[0m 
[36m(ClientAppActor pid=559614)[0m         
[36m(ClientAppActor pid=559616)[0m 
[36m(ClientAppActor pid=559616)[0m         
[36m(ClientAppActor pid=559615)[0m 
[36m(ClientAppActor pid=559615)[0m         
[92mINFO [0m:      aggregate_fit: received 5 results and 0 failures
[92mINFO [0m:      fit progress: (8, 2.315270536327362, {'accuracy': 0.6975, 'loss': 2.315270536327362}, 106.9967700149864)
[92mINFO [0m:      configure_evaluate: strategy sampled 5 clients (out of 5)
[36m(ClientAppActor pid=559649)[0m 
[36m(ClientAppActor pid=559649)[0m         
[36m(ClientAppActor pid=559649)[0m [93mWARNING [0m:   DEPRECATED FEATURE: `client_fn` now expects a signature `def client_fn(context: Context)`.The provided `client_fn` has signature: {'cid': <Parameter "cid: str">}. You can import the `Context` like this: `from flwr.app import Context`[32m [repeated 10x across cluster][0m
[36m(ClientAppActor pid=559649)[0m             This is a deprecated feature. It will be removed[32m [repeated 10x across cluster][0m
[36m(ClientAppActor pid=559649)[0m             entirely in future versions of Flower.[32m [repeated 10x across cluster][0m
[36m(ClientAppActor pid=559614)[0m 
[36m(ClientAppActor pid=559614)[0m         
[36m(ClientAppActor pid=559648)[0m 
[36m(ClientAppActor pid=559648)[0m         
[36m(ClientAppActor pid=559616)[0m 
[36m(ClientAppActor pid=559616)[0m         
[36m(ClientAppActor pid=559615)[0m 
[36m(ClientAppActor pid=559615)[0m         
[92mINFO [0m:      aggregate_evaluate: received 5 results and 0 failures
[92mINFO [0m:      
[92mINFO [0m:      [ROUND 9]
[92mINFO [0m:      configure_fit: strategy sampled 5 clients (out of 5)
[36m(ClientAppActor pid=559615)[0m 
[36m(ClientAppActor pid=559615)[0m         
[36m(ClientAppActor pid=559616)[0m 
[36m(ClientAppActor pid=559616)[0m         
[36m(ClientAppActor pid=559614)[0m 
[36m(ClientAppActor pid=559614)[0m         
[36m(ClientAppActor pid=559648)[0m 
[36m(ClientAppActor pid=559648)[0m         
[36m(ClientAppActor pid=559649)[0m 
[36m(ClientAppActor pid=559649)[0m         
[92mINFO [0m:      aggregate_fit: received 5 results and 0 failures
[92mINFO [0m:      fit progress: (9, 2.847864448642731, {'accuracy': 0.711, 'loss': 2.847864448642731}, 120.59884589002468)
[92mINFO [0m:      configure_evaluate: strategy sampled 5 clients (out of 5)
[36m(ClientAppActor pid=559649)[0m 
[36m(ClientAppActor pid=559649)[0m         
[36m(ClientAppActor pid=559649)[0m [93mWARNING [0m:   DEPRECATED FEATURE: `client_fn` now expects a signature `def client_fn(context: Context)`.The provided `client_fn` has signature: {'cid': <Parameter "cid: str">}. You can import the `Context` like this: `from flwr.app import Context`[32m [repeated 10x across cluster][0m
[36m(ClientAppActor pid=559649)[0m             This is a deprecated feature. It will be removed[32m [repeated 10x across cluster][0m
[36m(ClientAppActor pid=559649)[0m             entirely in future versions of Flower.[32m [repeated 10x across cluster][0m
[36m(ClientAppActor pid=559648)[0m 
[36m(ClientAppActor pid=559648)[0m         
[36m(ClientAppActor pid=559616)[0m 
[36m(ClientAppActor pid=559616)[0m         
[36m(ClientAppActor pid=559615)[0m 
[36m(ClientAppActor pid=559615)[0m         
[36m(ClientAppActor pid=559614)[0m 
[36m(ClientAppActor pid=559614)[0m         
[92mINFO [0m:      aggregate_evaluate: received 5 results and 0 failures
[92mINFO [0m:      
[92mINFO [0m:      [ROUND 10]
[92mINFO [0m:      configure_fit: strategy sampled 5 clients (out of 5)
[36m(ClientAppActor pid=559614)[0m 
[36m(ClientAppActor pid=559614)[0m         
[36m(ClientAppActor pid=559615)[0m 
[36m(ClientAppActor pid=559615)[0m         
[36m(ClientAppActor pid=559648)[0m 
[36m(ClientAppActor pid=559648)[0m         
[36m(ClientAppActor pid=559616)[0m 
[36m(ClientAppActor pid=559616)[0m         
[36m(ClientAppActor pid=559649)[0m 
[36m(ClientAppActor pid=559649)[0m         
[92mINFO [0m:      aggregate_fit: received 5 results and 0 failures
[92mINFO [0m:      fit progress: (10, 3.09076464176178, {'accuracy': 0.7299, 'loss': 3.09076464176178}, 134.06721382203978)
[92mINFO [0m:      configure_evaluate: strategy sampled 5 clients (out of 5)
[36m(ClientAppActor pid=559616)[0m 
[36m(ClientAppActor pid=559616)[0m         
[36m(ClientAppActor pid=559616)[0m [93mWARNING [0m:   DEPRECATED FEATURE: `client_fn` now expects a signature `def client_fn(context: Context)`.The provided `client_fn` has signature: {'cid': <Parameter "cid: str">}. You can import the `Context` like this: `from flwr.app import Context`[32m [repeated 10x across cluster][0m
[36m(ClientAppActor pid=559616)[0m             This is a deprecated feature. It will be removed[32m [repeated 10x across cluster][0m
[36m(ClientAppActor pid=559616)[0m             entirely in future versions of Flower.[32m [repeated 10x across cluster][0m
[36m(ClientAppActor pid=559615)[0m 
[36m(ClientAppActor pid=559615)[0m         
[36m(ClientAppActor pid=559614)[0m 
[36m(ClientAppActor pid=559614)[0m         
[36m(ClientAppActor pid=559648)[0m 
[36m(ClientAppActor pid=559648)[0m         
[36m(ClientAppActor pid=559649)[0m 
[36m(ClientAppActor pid=559649)[0m         
[92mINFO [0m:      aggregate_evaluate: received 5 results and 0 failures
[92mINFO [0m:      
[92mINFO [0m:      [SUMMARY]
[92mINFO [0m:      Run finished 10 round(s) in 135.00s
[92mINFO [0m:      	History (loss, distributed):
[92mINFO [0m:      		round 1: 2.266683489000764
[92mINFO [0m:      		round 2: 1.8067851406948812
[92mINFO [0m:      		round 3: 3.7592755696591302
[92mINFO [0m:      		round 4: 3.0245259948590606
[92mINFO [0m:      		round 5: 2.953563158585205
[92mINFO [0m:      		round 6: 2.4834483038095914
[92mINFO [0m:      		round 7: 2.141040092032282
[92mINFO [0m:      		round 8: 2.2326420706574943
[92mINFO [0m:      		round 9: 2.737029742734248
[92mINFO [0m:      		round 10: 2.976906054368874
[92mINFO [0m:      	History (loss, centralized):
[92mINFO [0m:      		round 0: 2.3028229263305664
[92mINFO [0m:      		round 1: 2.266762645339966
[92mINFO [0m:      		round 2: 1.837464881324768
[92mINFO [0m:      		round 3: 3.8776599157333376
[92mINFO [0m:      		round 4: 3.1821363048553466
[92mINFO [0m:      		round 5: 2.9858476835250856
[92mINFO [0m:      		round 6: 2.4496271226882933
[92mINFO [0m:      		round 7: 2.1910043243408204
[92mINFO [0m:      		round 8: 2.315270536327362
[92mINFO [0m:      		round 9: 2.847864448642731
[92mINFO [0m:      		round 10: 3.09076464176178
[92mINFO [0m:      	History (metrics, distributed, fit):
[92mINFO [0m:      	{'avg_flops_per_client_round': [(1, 8140624189440.0),
[92mINFO [0m:      	                                (2, 8140624189440.0),
[92mINFO [0m:      	                                (3, 8140624189440.0),
[92mINFO [0m:      	                                (4, 8140624189440.0),
[92mINFO [0m:      	                                (5, 8140624189440.0),
[92mINFO [0m:      	                                (6, 8140624189440.0),
[92mINFO [0m:      	                                (7, 8140624189440.0),
[92mINFO [0m:      	                                (8, 8140624189440.0),
[92mINFO [0m:      	                                (9, 8140624189440.0),
[92mINFO [0m:      	                                (10, 8140624189440.0)],
[92mINFO [0m:      	 'total_flops_round': [(1, 40703120947200),
[92mINFO [0m:      	                       (2, 40703120947200),
[92mINFO [0m:      	                       (3, 40703120947200),
[92mINFO [0m:      	                       (4, 40703120947200),
[92mINFO [0m:      	                       (5, 40703120947200),
[92mINFO [0m:      	                       (6, 40703120947200),
[92mINFO [0m:      	                       (7, 40703120947200),
[92mINFO [0m:      	                       (8, 40703120947200),
[92mINFO [0m:      	                       (9, 40703120947200),
[92mINFO [0m:      	                       (10, 40703120947200)]}
[92mINFO [0m:      	History (metrics, distributed, evaluate):
[92mINFO [0m:      	{'accuracy': [(1, 0.11444577831132453),
[92mINFO [0m:      	              (2, 0.46598639455782315),
[92mINFO [0m:      	              (3, 0.5242096838735494),
[92mINFO [0m:      	              (4, 0.5740296118447379),
[92mINFO [0m:      	              (5, 0.6678671468587435),
[92mINFO [0m:      	              (6, 0.7046818727490997),
[92mINFO [0m:      	              (7, 0.6754701880752301),
[92mINFO [0m:      	              (8, 0.689875950380152),
[92mINFO [0m:      	              (9, 0.7086834733893558),
[92mINFO [0m:      	              (10, 0.7316926770708283)],
[92mINFO [0m:      	 'loss': [(1, 2.266683489000764),
[92mINFO [0m:      	          (2, 1.8067851406948812),
[92mINFO [0m:      	          (3, 3.7592755696591302),
[92mINFO [0m:      	          (4, 3.0245259948590606),
[92mINFO [0m:      	          (5, 2.953563158585205),
[92mINFO [0m:      	          (6, 2.4834483038095914),
[92mINFO [0m:      	          (7, 2.141040092032282),
[92mINFO [0m:      	          (8, 2.2326420706574943),
[92mINFO [0m:      	          (9, 2.737029742734248),
[92mINFO [0m:      	          (10, 2.976906054368874)]}
[92mINFO [0m:      	History (metrics, centralized):
[92mINFO [0m:      	{'accuracy': [(0, 0.1027),
[92mINFO [0m:      	              (1, 0.1053),
[92mINFO [0m:      	              (2, 0.4579),
[92mINFO [0m:      	              (3, 0.5181),
[92mINFO [0m:      	              (4, 0.5722),
[92mINFO [0m:      	              (5, 0.6659),
[92mINFO [0m:      	              (6, 0.7109),
[92mINFO [0m:      	              (7, 0.6823),
[92mINFO [0m:      	              (8, 0.6975),
[92mINFO [0m:      	              (9, 0.711),
[92mINFO [0m:      	              (10, 0.7299)],
[92mINFO [0m:      	 'loss': [(0, 2.3028229263305664),
[92mINFO [0m:      	          (1, 2.266762645339966),
[92mINFO [0m:      	          (2, 1.837464881324768),
[92mINFO [0m:      	          (3, 3.8776599157333376),
[92mINFO [0m:      	          (4, 3.1821363048553466),
[92mINFO [0m:      	          (5, 2.9858476835250856),
[92mINFO [0m:      	          (6, 2.4496271226882933),
[92mINFO [0m:      	          (7, 2.1910043243408204),
[92mINFO [0m:      	          (8, 2.315270536327362),
[92mINFO [0m:      	          (9, 2.847864448642731),
[92mINFO [0m:      	          (10, 3.09076464176178)]}
[92mINFO [0m:      
Treinando no dispositivo: cuda:0 com o dataset: CIFAR10 | Setup clientes: 5 (num_gpus por cliente=0.2) | SEED=51 | Método: FedAvgM (server_momentum=0.9, server_lr=1.0)
FLOPS por amostra (forward): 6.030e+07 | (forward+backward, 3x): 1.809e+08
Files already downloaded and verified
Files already downloaded and verified
Dividindo o dataset usando a distribuição de Dirichlet com alpha=1.0.
Iniciando a simulação de Aprendizado Federado...
=== Diagnóstico de Medição de GPU ===
  pynvml_disponivel: True
  pynvml_versao: 580.173.02
  gpus_detectadas: 1
  leitura_potencia_ok: True
  potencia_atual_W: 115.476

--- Rodada 0 - Avaliação Centralizada (Servidor) ---
Loss (Servidor): 2.3028 | Acurácia (Servidor): 0.1027

--- Rodada 1 - Avaliação Centralizada (Servidor) ---
Loss (Servidor): 2.2668 | Acurácia (Servidor): 0.1053
--- Avaliação Agregada (Clientes) ---
Loss Média (Clientes): 2.2667 | Acurácia Média (Clientes): 0.1144

--- Rodada 2 - Avaliação Centralizada (Servidor) ---
Loss (Servidor): 1.8375 | Acurácia (Servidor): 0.4579
--- Avaliação Agregada (Clientes) ---
Loss Média (Clientes): 1.8068 | Acurácia Média (Clientes): 0.4660

--- Rodada 3 - Avaliação Centralizada (Servidor) ---
Loss (Servidor): 3.8777 | Acurácia (Servidor): 0.5181
--- Avaliação Agregada (Clientes) ---
Loss Média (Clientes): 3.7593 | Acurácia Média (Clientes): 0.5242

--- Rodada 4 - Avaliação Centralizada (Servidor) ---
Loss (Servidor): 3.1821 | Acurácia (Servidor): 0.5722
--- Avaliação Agregada (Clientes) ---
Loss Média (Clientes): 3.0245 | Acurácia Média (Clientes): 0.5740

--- Rodada 5 - Avaliação Centralizada (Servidor) ---
Loss (Servidor): 2.9858 | Acurácia (Servidor): 0.6659
--- Avaliação Agregada (Clientes) ---
Loss Média (Clientes): 2.9536 | Acurácia Média (Clientes): 0.6679

--- Rodada 6 - Avaliação Centralizada (Servidor) ---
Loss (Servidor): 2.4496 | Acurácia (Servidor): 0.7109
--- Avaliação Agregada (Clientes) ---
Loss Média (Clientes): 2.4834 | Acurácia Média (Clientes): 0.7047

--- Rodada 7 - Avaliação Centralizada (Servidor) ---
Loss (Servidor): 2.1910 | Acurácia (Servidor): 0.6823
--- Avaliação Agregada (Clientes) ---
Loss Média (Clientes): 2.1410 | Acurácia Média (Clientes): 0.6755

--- Rodada 8 - Avaliação Centralizada (Servidor) ---
Loss (Servidor): 2.3153 | Acurácia (Servidor): 0.6975
--- Avaliação Agregada (Clientes) ---
Loss Média (Clientes): 2.2326 | Acurácia Média (Clientes): 0.6899

--- Rodada 9 - Avaliação Centralizada (Servidor) ---
Loss (Servidor): 2.8479 | Acurácia (Servidor): 0.7110
--- Avaliação Agregada (Clientes) ---
Loss Média (Clientes): 2.7370 | Acurácia Média (Clientes): 0.7087

--- Rodada 10 - Avaliação Centralizada (Servidor) ---
Loss (Servidor): 3.0908 | Acurácia (Servidor): 0.7299
--- Avaliação Agregada (Clientes) ---
Loss Média (Clientes): 2.9769 | Acurácia Média (Clientes): 0.7317

Resultados salvos em: /home/tiago/GitHubProjects/fedhad-thesis-2/FedAvgM-results/1.1_diagnostico_drift/CIFAR10/FedAvgM__CIFAR10__Setup-5__Clients-5__Rounds-10__Delay-0_05__Alpha-1_0__Seed-51.txt
[36m(ClientAppActor pid=559649)[0m [93mWARNING [0m:   DEPRECATED FEATURE: `client_fn` now expects a signature `def client_fn(context: Context)`.The provided `client_fn` has signature: {'cid': <Parameter "cid: str">}. You can import the `Context` like this: `from flwr.app import Context`[32m [repeated 4x across cluster][0m
[36m(ClientAppActor pid=559649)[0m             This is a deprecated feature. It will be removed[32m [repeated 4x across cluster][0m
[36m(ClientAppActor pid=559649)[0m             entirely in future versions of Flower.[32m [repeated 4x across cluster][0m
