[codecarbon WARNING @ 12:27:38] Multiple instances of codecarbon are allowed to run at the same time.
[93mWARNING [0m:   DEPRECATED FEATURE: flwr.simulation.start_simulation() is deprecated.
	Instead, use the `flwr run` CLI command to start a local simulation in your Flower app, as shown for example below:

		$ flwr new  # Create a new Flower app from a template

		$ flwr run  # Run the Flower app in Simulation Mode

	Using `start_simulation()` is deprecated.

            This is a deprecated feature. It will be removed
            entirely in future versions of Flower.
        
[92mINFO [0m:      Starting Flower simulation, config: num_rounds=10, no round_timeout
2026-09-04 12:27:47,194	INFO worker.py:2012 -- Started a local Ray instance.
/home/tiago/GitHubProjects/fedhad-thesis-2/env_flwr_pt/lib/python3.12/site-packages/ray/_private/worker.py:2051: FutureWarning: Tip: In future versions of Ray, Ray will no longer override accelerator visible devices env var if num_gpus=0 or num_gpus=None (default). To enable this behavior and turn off this error message, set RAY_ACCEL_ENV_VAR_OVERRIDE_ON_ZERO=0
  warnings.warn(
[92mINFO [0m:      Flower VCE: Ray initialized with resources: {'CPU': 64.0, 'accelerator_type:A40': 1.0, 'node:10.129.64.100': 1.0, 'node:__internal_head__': 1.0, 'GPU': 1.0, 'memory': 181383943373.0, 'object_store_memory': 77735975731.0}
[92mINFO [0m:      Optimize your simulation with Flower VCE: https://flower.ai/docs/framework/how-to-run-simulations.html
/home/tiago/GitHubProjects/fedhad-thesis-2/FedAVG_Final.py:1577: UserWarning: No `num_cpus` specified in `client_resources`. Using `num_cpus=1` for each client.
  history = fl.simulation.start_simulation(
[92mINFO [0m:      Flower VCE: Resources for each Virtual Client: {'num_gpus': 0.2, 'num_cpus': 1}
[92mINFO [0m:      Flower VCE: Creating VirtualClientEngineActorPool with 5 actors
[92mINFO [0m:      [INIT]
[92mINFO [0m:      Requesting initial parameters from one random client
[36m(ClientAppActor pid=430941)[0m [93mWARNING [0m:   DEPRECATED FEATURE: `client_fn` now expects a signature `def client_fn(context: Context)`.The provided `client_fn` has signature: {'cid': <Parameter "cid: str">}. You can import the `Context` like this: `from flwr.app import Context`
[36m(ClientAppActor pid=430941)[0m 
[36m(ClientAppActor pid=430941)[0m             This is a deprecated feature. It will be removed
[36m(ClientAppActor pid=430941)[0m             entirely in future versions of Flower.
[36m(ClientAppActor pid=430941)[0m         
[92mINFO [0m:      Received initial parameters from one random client
[92mINFO [0m:      Starting evaluation of initial global parameters
[92mINFO [0m:      initial parameters (loss, other metrics): 2.3033001712799073, {'accuracy': 0.103, 'loss': 2.3033001712799073}
[92mINFO [0m:      
[92mINFO [0m:      [ROUND 1]
[92mINFO [0m:      configure_fit: strategy sampled 5 clients (out of 5)
[36m(ClientAppActor pid=430941)[0m [93mWARNING [0m:   DEPRECATED FEATURE: `client_fn` now expects a signature `def client_fn(context: Context)`.The provided `client_fn` has signature: {'cid': <Parameter "cid: str">}. You can import the `Context` like this: `from flwr.app import Context`
[36m(ClientAppActor pid=430941)[0m 
[36m(ClientAppActor pid=430941)[0m             This is a deprecated feature. It will be removed
[36m(ClientAppActor pid=430941)[0m             entirely in future versions of Flower.
[36m(ClientAppActor pid=430941)[0m         
[36m(ClientAppActor pid=430942)[0m 
[36m(ClientAppActor pid=430942)[0m         
[36m(ClientAppActor pid=430940)[0m 
[36m(ClientAppActor pid=430940)[0m         
[36m(ClientAppActor pid=430939)[0m 
[36m(ClientAppActor pid=430939)[0m         
[36m(ClientAppActor pid=430938)[0m 
[36m(ClientAppActor pid=430938)[0m         
[92mINFO [0m:      aggregate_fit: received 5 results and 0 failures
[92mINFO [0m:      fit progress: (1, 2.3072806358337403, {'accuracy': 0.1017, 'loss': 2.3072806358337403}, 15.897910689003766)
[92mINFO [0m:      configure_evaluate: strategy sampled 5 clients (out of 5)
[36m(ClientAppActor pid=430942)[0m 
[36m(ClientAppActor pid=430942)[0m         
[36m(ClientAppActor pid=430942)[0m [93mWARNING [0m:   DEPRECATED FEATURE: `client_fn` now expects a signature `def client_fn(context: Context)`.The provided `client_fn` has signature: {'cid': <Parameter "cid: str">}. You can import the `Context` like this: `from flwr.app import Context`[32m [repeated 5x across cluster] (Ray deduplicates logs by default. Set RAY_DEDUP_LOGS=0 to disable log deduplication, or see https://docs.ray.io/en/master/ray-observability/user-guides/configure-logging.html#log-deduplication for more options.)[0m
[36m(ClientAppActor pid=430942)[0m             This is a deprecated feature. It will be removed[32m [repeated 5x across cluster][0m
[36m(ClientAppActor pid=430942)[0m             entirely in future versions of Flower.[32m [repeated 5x across cluster][0m
[36m(ClientAppActor pid=430940)[0m 
[36m(ClientAppActor pid=430940)[0m         
[36m(ClientAppActor pid=430939)[0m 
[36m(ClientAppActor pid=430939)[0m         
[36m(ClientAppActor pid=430938)[0m 
[36m(ClientAppActor pid=430938)[0m         
[36m(ClientAppActor pid=430941)[0m 
[36m(ClientAppActor pid=430941)[0m         
[92mINFO [0m:      aggregate_evaluate: received 5 results and 0 failures
[92mINFO [0m:      
[92mINFO [0m:      [ROUND 2]
[92mINFO [0m:      configure_fit: strategy sampled 5 clients (out of 5)
[36m(ClientAppActor pid=430941)[0m 
[36m(ClientAppActor pid=430941)[0m         
[36m(ClientAppActor pid=430939)[0m 
[36m(ClientAppActor pid=430939)[0m         
[36m(ClientAppActor pid=430940)[0m 
[36m(ClientAppActor pid=430940)[0m         
[36m(ClientAppActor pid=430938)[0m 
[36m(ClientAppActor pid=430938)[0m         
[36m(ClientAppActor pid=430942)[0m 
[36m(ClientAppActor pid=430942)[0m         
[92mINFO [0m:      aggregate_fit: received 5 results and 0 failures
[92mINFO [0m:      fit progress: (2, 2.136210107421875, {'accuracy': 0.2755, 'loss': 2.136210107421875}, 30.713011366024148)
[92mINFO [0m:      configure_evaluate: strategy sampled 5 clients (out of 5)
[36m(ClientAppActor pid=430939)[0m 
[36m(ClientAppActor pid=430939)[0m         
[36m(ClientAppActor pid=430939)[0m [93mWARNING [0m:   DEPRECATED FEATURE: `client_fn` now expects a signature `def client_fn(context: Context)`.The provided `client_fn` has signature: {'cid': <Parameter "cid: str">}. You can import the `Context` like this: `from flwr.app import Context`[32m [repeated 10x across cluster][0m
[36m(ClientAppActor pid=430939)[0m             This is a deprecated feature. It will be removed[32m [repeated 10x across cluster][0m
[36m(ClientAppActor pid=430939)[0m             entirely in future versions of Flower.[32m [repeated 10x across cluster][0m
[36m(ClientAppActor pid=430942)[0m 
[36m(ClientAppActor pid=430942)[0m         
[36m(ClientAppActor pid=430938)[0m 
[36m(ClientAppActor pid=430938)[0m         
[36m(ClientAppActor pid=430941)[0m 
[36m(ClientAppActor pid=430941)[0m         
[36m(ClientAppActor pid=430940)[0m 
[36m(ClientAppActor pid=430940)[0m         
[92mINFO [0m:      aggregate_evaluate: received 5 results and 0 failures
[92mINFO [0m:      
[92mINFO [0m:      [ROUND 3]
[92mINFO [0m:      configure_fit: strategy sampled 5 clients (out of 5)
[36m(ClientAppActor pid=430940)[0m 
[36m(ClientAppActor pid=430940)[0m         
[36m(ClientAppActor pid=430941)[0m 
[36m(ClientAppActor pid=430941)[0m         
[36m(ClientAppActor pid=430938)[0m 
[36m(ClientAppActor pid=430938)[0m         
[36m(ClientAppActor pid=430942)[0m 
[36m(ClientAppActor pid=430942)[0m         
[36m(ClientAppActor pid=430939)[0m 
[36m(ClientAppActor pid=430939)[0m         
[92mINFO [0m:      aggregate_fit: received 5 results and 0 failures
[92mINFO [0m:      fit progress: (3, 1.8126299911499024, {'accuracy': 0.4191, 'loss': 1.8126299911499024}, 45.71659289201489)
[92mINFO [0m:      configure_evaluate: strategy sampled 5 clients (out of 5)
[36m(ClientAppActor pid=430942)[0m 
[36m(ClientAppActor pid=430942)[0m         
[36m(ClientAppActor pid=430942)[0m [93mWARNING [0m:   DEPRECATED FEATURE: `client_fn` now expects a signature `def client_fn(context: Context)`.The provided `client_fn` has signature: {'cid': <Parameter "cid: str">}. You can import the `Context` like this: `from flwr.app import Context`[32m [repeated 10x across cluster][0m
[36m(ClientAppActor pid=430942)[0m             This is a deprecated feature. It will be removed[32m [repeated 10x across cluster][0m
[36m(ClientAppActor pid=430942)[0m             entirely in future versions of Flower.[32m [repeated 10x across cluster][0m
[36m(ClientAppActor pid=430938)[0m 
[36m(ClientAppActor pid=430938)[0m         
[36m(ClientAppActor pid=430939)[0m 
[36m(ClientAppActor pid=430939)[0m         
[36m(ClientAppActor pid=430940)[0m 
[36m(ClientAppActor pid=430940)[0m         
[36m(ClientAppActor pid=430941)[0m 
[36m(ClientAppActor pid=430941)[0m         
[92mINFO [0m:      aggregate_evaluate: received 5 results and 0 failures
[92mINFO [0m:      
[92mINFO [0m:      [ROUND 4]
[92mINFO [0m:      configure_fit: strategy sampled 5 clients (out of 5)
[36m(ClientAppActor pid=430941)[0m 
[36m(ClientAppActor pid=430941)[0m         
[36m(ClientAppActor pid=430940)[0m 
[36m(ClientAppActor pid=430940)[0m         
[36m(ClientAppActor pid=430939)[0m 
[36m(ClientAppActor pid=430939)[0m         
[36m(ClientAppActor pid=430942)[0m 
[36m(ClientAppActor pid=430942)[0m         
[36m(ClientAppActor pid=430938)[0m 
[36m(ClientAppActor pid=430938)[0m         
[92mINFO [0m:      aggregate_fit: received 5 results and 0 failures
[92mINFO [0m:      fit progress: (4, 1.6117792461395264, {'accuracy': 0.4715, 'loss': 1.6117792461395264}, 60.64586695301114)
[92mINFO [0m:      configure_evaluate: strategy sampled 5 clients (out of 5)
[36m(ClientAppActor pid=430942)[0m 
[36m(ClientAppActor pid=430942)[0m         
[36m(ClientAppActor pid=430942)[0m [93mWARNING [0m:   DEPRECATED FEATURE: `client_fn` now expects a signature `def client_fn(context: Context)`.The provided `client_fn` has signature: {'cid': <Parameter "cid: str">}. You can import the `Context` like this: `from flwr.app import Context`[32m [repeated 10x across cluster][0m
[36m(ClientAppActor pid=430942)[0m             This is a deprecated feature. It will be removed[32m [repeated 10x across cluster][0m
[36m(ClientAppActor pid=430942)[0m             entirely in future versions of Flower.[32m [repeated 10x across cluster][0m
[36m(ClientAppActor pid=430941)[0m 
[36m(ClientAppActor pid=430941)[0m         
[36m(ClientAppActor pid=430938)[0m 
[36m(ClientAppActor pid=430938)[0m         
[36m(ClientAppActor pid=430940)[0m 
[36m(ClientAppActor pid=430940)[0m         
[36m(ClientAppActor pid=430939)[0m 
[36m(ClientAppActor pid=430939)[0m         
[92mINFO [0m:      aggregate_evaluate: received 5 results and 0 failures
[92mINFO [0m:      
[92mINFO [0m:      [ROUND 5]
[92mINFO [0m:      configure_fit: strategy sampled 5 clients (out of 5)
[36m(ClientAppActor pid=430939)[0m 
[36m(ClientAppActor pid=430939)[0m         
[36m(ClientAppActor pid=430940)[0m 
[36m(ClientAppActor pid=430940)[0m         
[36m(ClientAppActor pid=430941)[0m 
[36m(ClientAppActor pid=430941)[0m         
[36m(ClientAppActor pid=430938)[0m 
[36m(ClientAppActor pid=430938)[0m         
[36m(ClientAppActor pid=430942)[0m 
[36m(ClientAppActor pid=430942)[0m         
[92mINFO [0m:      aggregate_fit: received 5 results and 0 failures
[92mINFO [0m:      fit progress: (5, 1.464821950340271, {'accuracy': 0.5264, 'loss': 1.464821950340271}, 75.17317038500914)
[92mINFO [0m:      configure_evaluate: strategy sampled 5 clients (out of 5)
[36m(ClientAppActor pid=430941)[0m 
[36m(ClientAppActor pid=430941)[0m         
[36m(ClientAppActor pid=430941)[0m [93mWARNING [0m:   DEPRECATED FEATURE: `client_fn` now expects a signature `def client_fn(context: Context)`.The provided `client_fn` has signature: {'cid': <Parameter "cid: str">}. You can import the `Context` like this: `from flwr.app import Context`[32m [repeated 10x across cluster][0m
[36m(ClientAppActor pid=430941)[0m             This is a deprecated feature. It will be removed[32m [repeated 10x across cluster][0m
[36m(ClientAppActor pid=430941)[0m             entirely in future versions of Flower.[32m [repeated 10x across cluster][0m
[36m(ClientAppActor pid=430939)[0m 
[36m(ClientAppActor pid=430939)[0m         
[36m(ClientAppActor pid=430942)[0m 
[36m(ClientAppActor pid=430942)[0m         
[36m(ClientAppActor pid=430938)[0m 
[36m(ClientAppActor pid=430938)[0m         
[36m(ClientAppActor pid=430940)[0m 
[36m(ClientAppActor pid=430940)[0m         
[92mINFO [0m:      aggregate_evaluate: received 5 results and 0 failures
[92mINFO [0m:      
[92mINFO [0m:      [ROUND 6]
[92mINFO [0m:      configure_fit: strategy sampled 5 clients (out of 5)
[36m(ClientAppActor pid=430940)[0m 
[36m(ClientAppActor pid=430940)[0m         
[36m(ClientAppActor pid=430938)[0m 
[36m(ClientAppActor pid=430938)[0m         
[36m(ClientAppActor pid=430942)[0m 
[36m(ClientAppActor pid=430942)[0m         
[36m(ClientAppActor pid=430939)[0m 
[36m(ClientAppActor pid=430939)[0m         
[36m(ClientAppActor pid=430941)[0m 
[36m(ClientAppActor pid=430941)[0m         
[92mINFO [0m:      aggregate_fit: received 5 results and 0 failures
[92mINFO [0m:      fit progress: (6, 1.3932441356658936, {'accuracy': 0.5516, 'loss': 1.3932441356658936}, 89.84120621503098)
[92mINFO [0m:      configure_evaluate: strategy sampled 5 clients (out of 5)
[36m(ClientAppActor pid=430942)[0m 
[36m(ClientAppActor pid=430942)[0m         
[36m(ClientAppActor pid=430942)[0m [93mWARNING [0m:   DEPRECATED FEATURE: `client_fn` now expects a signature `def client_fn(context: Context)`.The provided `client_fn` has signature: {'cid': <Parameter "cid: str">}. You can import the `Context` like this: `from flwr.app import Context`[32m [repeated 10x across cluster][0m
[36m(ClientAppActor pid=430942)[0m             This is a deprecated feature. It will be removed[32m [repeated 10x across cluster][0m
[36m(ClientAppActor pid=430942)[0m             entirely in future versions of Flower.[32m [repeated 10x across cluster][0m
[36m(ClientAppActor pid=430939)[0m 
[36m(ClientAppActor pid=430939)[0m         
[36m(ClientAppActor pid=430941)[0m 
[36m(ClientAppActor pid=430941)[0m         
[36m(ClientAppActor pid=430940)[0m 
[36m(ClientAppActor pid=430940)[0m         
[36m(ClientAppActor pid=430938)[0m 
[36m(ClientAppActor pid=430938)[0m         
[92mINFO [0m:      aggregate_evaluate: received 5 results and 0 failures
[92mINFO [0m:      
[92mINFO [0m:      [ROUND 7]
[92mINFO [0m:      configure_fit: strategy sampled 5 clients (out of 5)
[36m(ClientAppActor pid=430938)[0m 
[36m(ClientAppActor pid=430938)[0m         
[36m(ClientAppActor pid=430940)[0m 
[36m(ClientAppActor pid=430940)[0m         
[36m(ClientAppActor pid=430939)[0m 
[36m(ClientAppActor pid=430939)[0m         
[36m(ClientAppActor pid=430941)[0m 
[36m(ClientAppActor pid=430941)[0m         
[36m(ClientAppActor pid=430942)[0m 
[36m(ClientAppActor pid=430942)[0m         
[92mINFO [0m:      aggregate_fit: received 5 results and 0 failures
[92mINFO [0m:      fit progress: (7, 1.3245413440704346, {'accuracy': 0.5713, 'loss': 1.3245413440704346}, 104.40868126804708)
[92mINFO [0m:      configure_evaluate: strategy sampled 5 clients (out of 5)
[36m(ClientAppActor pid=430938)[0m 
[36m(ClientAppActor pid=430938)[0m         
[36m(ClientAppActor pid=430938)[0m [93mWARNING [0m:   DEPRECATED FEATURE: `client_fn` now expects a signature `def client_fn(context: Context)`.The provided `client_fn` has signature: {'cid': <Parameter "cid: str">}. You can import the `Context` like this: `from flwr.app import Context`[32m [repeated 10x across cluster][0m
[36m(ClientAppActor pid=430938)[0m             This is a deprecated feature. It will be removed[32m [repeated 10x across cluster][0m
[36m(ClientAppActor pid=430938)[0m             entirely in future versions of Flower.[32m [repeated 10x across cluster][0m
[36m(ClientAppActor pid=430939)[0m 
[36m(ClientAppActor pid=430939)[0m         
[36m(ClientAppActor pid=430940)[0m 
[36m(ClientAppActor pid=430940)[0m         
[36m(ClientAppActor pid=430942)[0m 
[36m(ClientAppActor pid=430942)[0m         
[36m(ClientAppActor pid=430941)[0m 
[36m(ClientAppActor pid=430941)[0m         
[92mINFO [0m:      aggregate_evaluate: received 5 results and 0 failures
[92mINFO [0m:      
[92mINFO [0m:      [ROUND 8]
[92mINFO [0m:      configure_fit: strategy sampled 5 clients (out of 5)
[36m(ClientAppActor pid=430941)[0m 
[36m(ClientAppActor pid=430941)[0m         
[36m(ClientAppActor pid=430942)[0m 
[36m(ClientAppActor pid=430942)[0m         
[36m(ClientAppActor pid=430939)[0m 
[36m(ClientAppActor pid=430939)[0m         
[36m(ClientAppActor pid=430940)[0m 
[36m(ClientAppActor pid=430940)[0m         
[36m(ClientAppActor pid=430938)[0m 
[36m(ClientAppActor pid=430938)[0m         
[92mINFO [0m:      aggregate_fit: received 5 results and 0 failures
[92mINFO [0m:      fit progress: (8, 1.2943797857284547, {'accuracy': 0.5772, 'loss': 1.2943797857284547}, 119.22109910205472)
[92mINFO [0m:      configure_evaluate: strategy sampled 5 clients (out of 5)
[36m(ClientAppActor pid=430940)[0m 
[36m(ClientAppActor pid=430940)[0m         
[36m(ClientAppActor pid=430940)[0m [93mWARNING [0m:   DEPRECATED FEATURE: `client_fn` now expects a signature `def client_fn(context: Context)`.The provided `client_fn` has signature: {'cid': <Parameter "cid: str">}. You can import the `Context` like this: `from flwr.app import Context`[32m [repeated 10x across cluster][0m
[36m(ClientAppActor pid=430940)[0m             This is a deprecated feature. It will be removed[32m [repeated 10x across cluster][0m
[36m(ClientAppActor pid=430940)[0m             entirely in future versions of Flower.[32m [repeated 10x across cluster][0m
[36m(ClientAppActor pid=430941)[0m 
[36m(ClientAppActor pid=430941)[0m         
[36m(ClientAppActor pid=430938)[0m 
[36m(ClientAppActor pid=430938)[0m         
[36m(ClientAppActor pid=430942)[0m 
[36m(ClientAppActor pid=430942)[0m         
[36m(ClientAppActor pid=430939)[0m 
[36m(ClientAppActor pid=430939)[0m         
[92mINFO [0m:      aggregate_evaluate: received 5 results and 0 failures
[92mINFO [0m:      
[92mINFO [0m:      [ROUND 9]
[92mINFO [0m:      configure_fit: strategy sampled 5 clients (out of 5)
[36m(ClientAppActor pid=430939)[0m 
[36m(ClientAppActor pid=430939)[0m         
[36m(ClientAppActor pid=430938)[0m 
[36m(ClientAppActor pid=430938)[0m         
[36m(ClientAppActor pid=430942)[0m 
[36m(ClientAppActor pid=430942)[0m         
[36m(ClientAppActor pid=430941)[0m 
[36m(ClientAppActor pid=430941)[0m         
[36m(ClientAppActor pid=430940)[0m 
[36m(ClientAppActor pid=430940)[0m         
[92mINFO [0m:      aggregate_fit: received 5 results and 0 failures
[92mINFO [0m:      fit progress: (9, 1.2468934564590455, {'accuracy': 0.6005, 'loss': 1.2468934564590455}, 134.00141636404442)
[92mINFO [0m:      configure_evaluate: strategy sampled 5 clients (out of 5)
[36m(ClientAppActor pid=430941)[0m 
[36m(ClientAppActor pid=430941)[0m         
[36m(ClientAppActor pid=430941)[0m [93mWARNING [0m:   DEPRECATED FEATURE: `client_fn` now expects a signature `def client_fn(context: Context)`.The provided `client_fn` has signature: {'cid': <Parameter "cid: str">}. You can import the `Context` like this: `from flwr.app import Context`[32m [repeated 10x across cluster][0m
[36m(ClientAppActor pid=430941)[0m             This is a deprecated feature. It will be removed[32m [repeated 10x across cluster][0m
[36m(ClientAppActor pid=430941)[0m             entirely in future versions of Flower.[32m [repeated 10x across cluster][0m
[36m(ClientAppActor pid=430938)[0m 
[36m(ClientAppActor pid=430938)[0m         
[36m(ClientAppActor pid=430939)[0m 
[36m(ClientAppActor pid=430939)[0m         
[36m(ClientAppActor pid=430940)[0m 
[36m(ClientAppActor pid=430940)[0m         
[36m(ClientAppActor pid=430942)[0m 
[36m(ClientAppActor pid=430942)[0m         
[92mINFO [0m:      aggregate_evaluate: received 5 results and 0 failures
[92mINFO [0m:      
[92mINFO [0m:      [ROUND 10]
[92mINFO [0m:      configure_fit: strategy sampled 5 clients (out of 5)
[36m(ClientAppActor pid=430942)[0m 
[36m(ClientAppActor pid=430942)[0m         
[36m(ClientAppActor pid=430940)[0m 
[36m(ClientAppActor pid=430940)[0m         
[36m(ClientAppActor pid=430939)[0m 
[36m(ClientAppActor pid=430939)[0m         
[36m(ClientAppActor pid=430941)[0m 
[36m(ClientAppActor pid=430941)[0m         
[36m(ClientAppActor pid=430938)[0m 
[36m(ClientAppActor pid=430938)[0m         
[92mINFO [0m:      aggregate_fit: received 5 results and 0 failures
[92mINFO [0m:      fit progress: (10, 1.2800149908065797, {'accuracy': 0.583, 'loss': 1.2800149908065797}, 148.51152823504526)
[92mINFO [0m:      configure_evaluate: strategy sampled 5 clients (out of 5)
[36m(ClientAppActor pid=430942)[0m 
[36m(ClientAppActor pid=430942)[0m         
[36m(ClientAppActor pid=430942)[0m [93mWARNING [0m:   DEPRECATED FEATURE: `client_fn` now expects a signature `def client_fn(context: Context)`.The provided `client_fn` has signature: {'cid': <Parameter "cid: str">}. You can import the `Context` like this: `from flwr.app import Context`[32m [repeated 10x across cluster][0m
[36m(ClientAppActor pid=430942)[0m             This is a deprecated feature. It will be removed[32m [repeated 10x across cluster][0m
[36m(ClientAppActor pid=430942)[0m             entirely in future versions of Flower.[32m [repeated 10x across cluster][0m
[36m(ClientAppActor pid=430939)[0m 
[36m(ClientAppActor pid=430939)[0m         
[36m(ClientAppActor pid=430940)[0m 
[36m(ClientAppActor pid=430940)[0m         
[36m(ClientAppActor pid=430938)[0m 
[36m(ClientAppActor pid=430938)[0m         
[36m(ClientAppActor pid=430941)[0m 
[36m(ClientAppActor pid=430941)[0m         
[92mINFO [0m:      aggregate_evaluate: received 5 results and 0 failures
[92mINFO [0m:      
[92mINFO [0m:      [SUMMARY]
[92mINFO [0m:      Run finished 10 round(s) in 149.37s
[92mINFO [0m:      	History (loss, distributed):
[92mINFO [0m:      		round 1: 2.3086597282027204
[92mINFO [0m:      		round 2: 2.1336618059035035
[92mINFO [0m:      		round 3: 1.8029178779841375
[92mINFO [0m:      		round 4: 1.5890881526892437
[92mINFO [0m:      		round 5: 1.4337713016327176
[92mINFO [0m:      		round 6: 1.3593886239971904
[92mINFO [0m:      		round 7: 1.2961907802950698
[92mINFO [0m:      		round 8: 1.2676019515303198
[92mINFO [0m:      		round 9: 1.225297576395397
[92mINFO [0m:      		round 10: 1.2624384913655406
[92mINFO [0m:      	History (loss, centralized):
[92mINFO [0m:      		round 0: 2.3033001712799073
[92mINFO [0m:      		round 1: 2.3072806358337403
[92mINFO [0m:      		round 2: 2.136210107421875
[92mINFO [0m:      		round 3: 1.8126299911499024
[92mINFO [0m:      		round 4: 1.6117792461395264
[92mINFO [0m:      		round 5: 1.464821950340271
[92mINFO [0m:      		round 6: 1.3932441356658936
[92mINFO [0m:      		round 7: 1.3245413440704346
[92mINFO [0m:      		round 8: 1.2943797857284547
[92mINFO [0m:      		round 9: 1.2468934564590455
[92mINFO [0m:      		round 10: 1.2800149908065797
[92mINFO [0m:      	History (metrics, distributed, fit):
[92mINFO [0m:      	{'avg_flops_per_client_round': [(1, 8140805084160.0),
[92mINFO [0m:      	                                (2, 8140805084160.0),
[92mINFO [0m:      	                                (3, 8140805084160.0),
[92mINFO [0m:      	                                (4, 8140805084160.0),
[92mINFO [0m:      	                                (5, 8140805084160.0),
[92mINFO [0m:      	                                (6, 8140805084160.0),
[92mINFO [0m:      	                                (7, 8140805084160.0),
[92mINFO [0m:      	                                (8, 8140805084160.0),
[92mINFO [0m:      	                                (9, 8140805084160.0),
[92mINFO [0m:      	                                (10, 8140805084160.0)],
[92mINFO [0m:      	 'total_flops_round': [(1, 40704025420800),
[92mINFO [0m:      	                       (2, 40704025420800),
[92mINFO [0m:      	                       (3, 40704025420800),
[92mINFO [0m:      	                       (4, 40704025420800),
[92mINFO [0m:      	                       (5, 40704025420800),
[92mINFO [0m:      	                       (6, 40704025420800),
[92mINFO [0m:      	                       (7, 40704025420800),
[92mINFO [0m:      	                       (8, 40704025420800),
[92mINFO [0m:      	                       (9, 40704025420800),
[92mINFO [0m:      	                       (10, 40704025420800)]}
[92mINFO [0m:      	History (metrics, distributed, evaluate):
[92mINFO [0m:      	{'accuracy': [(1, 0.09925955573344006),
[92mINFO [0m:      	              (2, 0.278967380428257),
[92mINFO [0m:      	              (3, 0.4220532319391635),
[92mINFO [0m:      	              (4, 0.4790874524714829),
[92mINFO [0m:      	              (5, 0.5415249149489694),
[92mINFO [0m:      	              (6, 0.5599359615769461),
[92mINFO [0m:      	              (7, 0.5805483289973984),
[92mINFO [0m:      	              (8, 0.5877526515909546),
[92mINFO [0m:      	              (9, 0.6015609365619372),
[92mINFO [0m:      	              (10, 0.5885531318791275)],
[92mINFO [0m:      	 'loss': [(1, 2.3086597282027204),
[92mINFO [0m:      	          (2, 2.1336618059035035),
[92mINFO [0m:      	          (3, 1.8029178779841375),
[92mINFO [0m:      	          (4, 1.5890881526892437),
[92mINFO [0m:      	          (5, 1.4337713016327176),
[92mINFO [0m:      	          (6, 1.3593886239971904),
[92mINFO [0m:      	          (7, 1.2961907802950698),
[92mINFO [0m:      	          (8, 1.2676019515303198),
[92mINFO [0m:      	          (9, 1.225297576395397),
[92mINFO [0m:      	          (10, 1.2624384913655406)]}
[92mINFO [0m:      	History (metrics, centralized):
[92mINFO [0m:      	{'accuracy': [(0, 0.103),
[92mINFO [0m:      	              (1, 0.1017),
[92mINFO [0m:      	              (2, 0.2755),
[92mINFO [0m:      	              (3, 0.4191),
[92mINFO [0m:      	              (4, 0.4715),
[92mINFO [0m:      	              (5, 0.5264),
[92mINFO [0m:      	              (6, 0.5516),
[92mINFO [0m:      	              (7, 0.5713),
[92mINFO [0m:      	              (8, 0.5772),
[92mINFO [0m:      	              (9, 0.6005),
[92mINFO [0m:      	              (10, 0.583)],
[92mINFO [0m:      	 'loss': [(0, 2.3033001712799073),
[92mINFO [0m:      	          (1, 2.3072806358337403),
[92mINFO [0m:      	          (2, 2.136210107421875),
[92mINFO [0m:      	          (3, 1.8126299911499024),
[92mINFO [0m:      	          (4, 1.6117792461395264),
[92mINFO [0m:      	          (5, 1.464821950340271),
[92mINFO [0m:      	          (6, 1.3932441356658936),
[92mINFO [0m:      	          (7, 1.3245413440704346),
[92mINFO [0m:      	          (8, 1.2943797857284547),
[92mINFO [0m:      	          (9, 1.2468934564590455),
[92mINFO [0m:      	          (10, 1.2800149908065797)]}
[92mINFO [0m:      
Treinando no dispositivo: cuda:0 com o dataset: CIFAR10 | Setup clientes: 5 (num_gpus por cliente=0.2) | SEED=44
FLOPS por amostra (forward): 6.030e+07 | (forward+backward, 3x): 1.809e+08
Files already downloaded and verified
Files already downloaded and verified
Dividindo o dataset usando a distribuição de Dirichlet com alpha=0.01.
Iniciando a simulação de Aprendizado Federado...
=== Diagnóstico de Medição de GPU ===
  pynvml_disponivel: True
  pynvml_versao: 580.173.02
  gpus_detectadas: 1
  leitura_potencia_ok: True
  potencia_atual_W: 113.803

--- Rodada 0 - Avaliação Centralizada (Servidor) ---
Loss (Servidor): 2.3033 | Acurácia (Servidor): 0.1030

--- Rodada 1 - Avaliação Centralizada (Servidor) ---
Loss (Servidor): 2.3073 | Acurácia (Servidor): 0.1017
--- Avaliação Agregada (Clientes) ---
Loss Média (Clientes): 2.3087 | Acurácia Média (Clientes): 0.0993

--- Rodada 2 - Avaliação Centralizada (Servidor) ---
Loss (Servidor): 2.1362 | Acurácia (Servidor): 0.2755
--- Avaliação Agregada (Clientes) ---
Loss Média (Clientes): 2.1337 | Acurácia Média (Clientes): 0.2790

--- Rodada 3 - Avaliação Centralizada (Servidor) ---
Loss (Servidor): 1.8126 | Acurácia (Servidor): 0.4191
--- Avaliação Agregada (Clientes) ---
Loss Média (Clientes): 1.8029 | Acurácia Média (Clientes): 0.4221

--- Rodada 4 - Avaliação Centralizada (Servidor) ---
Loss (Servidor): 1.6118 | Acurácia (Servidor): 0.4715
--- Avaliação Agregada (Clientes) ---
Loss Média (Clientes): 1.5891 | Acurácia Média (Clientes): 0.4791

--- Rodada 5 - Avaliação Centralizada (Servidor) ---
Loss (Servidor): 1.4648 | Acurácia (Servidor): 0.5264
--- Avaliação Agregada (Clientes) ---
Loss Média (Clientes): 1.4338 | Acurácia Média (Clientes): 0.5415

--- Rodada 6 - Avaliação Centralizada (Servidor) ---
Loss (Servidor): 1.3932 | Acurácia (Servidor): 0.5516
--- Avaliação Agregada (Clientes) ---
Loss Média (Clientes): 1.3594 | Acurácia Média (Clientes): 0.5599

--- Rodada 7 - Avaliação Centralizada (Servidor) ---
Loss (Servidor): 1.3245 | Acurácia (Servidor): 0.5713
--- Avaliação Agregada (Clientes) ---
Loss Média (Clientes): 1.2962 | Acurácia Média (Clientes): 0.5805

--- Rodada 8 - Avaliação Centralizada (Servidor) ---
Loss (Servidor): 1.2944 | Acurácia (Servidor): 0.5772
--- Avaliação Agregada (Clientes) ---
Loss Média (Clientes): 1.2676 | Acurácia Média (Clientes): 0.5878

--- Rodada 9 - Avaliação Centralizada (Servidor) ---
Loss (Servidor): 1.2469 | Acurácia (Servidor): 0.6005
--- Avaliação Agregada (Clientes) ---
Loss Média (Clientes): 1.2253 | Acurácia Média (Clientes): 0.6016

--- Rodada 10 - Avaliação Centralizada (Servidor) ---
Loss (Servidor): 1.2800 | Acurácia (Servidor): 0.5830
--- Avaliação Agregada (Clientes) ---
Loss Média (Clientes): 1.2624 | Acurácia Média (Clientes): 0.5886

Resultados salvos em: /home/tiago/GitHubProjects/fedhad-thesis-2/FedAVG-results/1.1_diagnostico_drift/CIFAR10/FedAVG__CIFAR10__Setup-5__Clients-5__Rounds-10__Delay-0_05__Alpha-0_01__Seed-44.txt
[36m(ClientAppActor pid=430941)[0m [93mWARNING [0m:   DEPRECATED FEATURE: `client_fn` now expects a signature `def client_fn(context: Context)`.The provided `client_fn` has signature: {'cid': <Parameter "cid: str">}. You can import the `Context` like this: `from flwr.app import Context`[32m [repeated 4x across cluster][0m
[36m(ClientAppActor pid=430941)[0m             This is a deprecated feature. It will be removed[32m [repeated 4x across cluster][0m
[36m(ClientAppActor pid=430941)[0m             entirely in future versions of Flower.[32m [repeated 4x across cluster][0m
