[codecarbon WARNING @ 14:13:22] Multiple instances of codecarbon are allowed to run at the same time.
[93mWARNING [0m:   DEPRECATED FEATURE: flwr.simulation.start_simulation() is deprecated.
	Instead, use the `flwr run` CLI command to start a local simulation in your Flower app, as shown for example below:

		$ flwr new  # Create a new Flower app from a template

		$ flwr run  # Run the Flower app in Simulation Mode

	Using `start_simulation()` is deprecated.

            This is a deprecated feature. It will be removed
            entirely in future versions of Flower.
        
[92mINFO [0m:      Starting Flower simulation, config: num_rounds=10, no round_timeout
2026-09-04 14:13:31,167	INFO worker.py:2012 -- Started a local Ray instance.
/home/tiago/GitHubProjects/fedhad-thesis-2/env_flwr_pt/lib/python3.12/site-packages/ray/_private/worker.py:2051: FutureWarning: Tip: In future versions of Ray, Ray will no longer override accelerator visible devices env var if num_gpus=0 or num_gpus=None (default). To enable this behavior and turn off this error message, set RAY_ACCEL_ENV_VAR_OVERRIDE_ON_ZERO=0
  warnings.warn(
[92mINFO [0m:      Flower VCE: Ray initialized with resources: {'node:__internal_head__': 1.0, 'accelerator_type:A40': 1.0, 'memory': 181334062695.0, 'GPU': 1.0, 'node:10.129.64.100': 1.0, 'CPU': 64.0, 'object_store_memory': 77714598297.0}
[92mINFO [0m:      Optimize your simulation with Flower VCE: https://flower.ai/docs/framework/how-to-run-simulations.html
/home/tiago/GitHubProjects/fedhad-thesis-2/FedAvgM_Final.py:1669: UserWarning: No `num_cpus` specified in `client_resources`. Using `num_cpus=1` for each client.
  history = fl.simulation.start_simulation(
[92mINFO [0m:      Flower VCE: Resources for each Virtual Client: {'num_gpus': 0.2, 'num_cpus': 1}
[92mINFO [0m:      Flower VCE: Creating VirtualClientEngineActorPool with 5 actors
[92mINFO [0m:      [INIT]
[92mINFO [0m:      Using initial global parameters provided by strategy
[92mINFO [0m:      Starting evaluation of initial global parameters
[92mINFO [0m:      initial parameters (loss, other metrics): 2.302623388671875, {'accuracy': 0.1, 'loss': 2.302623388671875}
[92mINFO [0m:      
[92mINFO [0m:      [ROUND 1]
[92mINFO [0m:      configure_fit: strategy sampled 5 clients (out of 5)
[36m(ClientAppActor pid=705394)[0m [93mWARNING [0m:   DEPRECATED FEATURE: `client_fn` now expects a signature `def client_fn(context: Context)`.The provided `client_fn` has signature: {'cid': <Parameter "cid: str">}. You can import the `Context` like this: `from flwr.app import Context`
[36m(ClientAppActor pid=705394)[0m 
[36m(ClientAppActor pid=705394)[0m             This is a deprecated feature. It will be removed
[36m(ClientAppActor pid=705394)[0m             entirely in future versions of Flower.
[36m(ClientAppActor pid=705394)[0m         
[36m(ClientAppActor pid=705368)[0m 
[36m(ClientAppActor pid=705368)[0m         
[36m(ClientAppActor pid=705393)[0m 
[36m(ClientAppActor pid=705393)[0m         
[36m(ClientAppActor pid=705360)[0m 
[36m(ClientAppActor pid=705360)[0m         
[36m(ClientAppActor pid=705359)[0m 
[36m(ClientAppActor pid=705359)[0m         
[92mINFO [0m:      aggregate_fit: received 5 results and 0 failures
[92mINFO [0m:      fit progress: (1, 2.2801444637298585, {'accuracy': 0.2338, 'loss': 2.2801444637298585}, 20.624268996994942)
[92mINFO [0m:      configure_evaluate: strategy sampled 5 clients (out of 5)
[36m(ClientAppActor pid=705359)[0m 
[36m(ClientAppActor pid=705359)[0m         
[36m(ClientAppActor pid=705359)[0m [93mWARNING [0m:   DEPRECATED FEATURE: `client_fn` now expects a signature `def client_fn(context: Context)`.The provided `client_fn` has signature: {'cid': <Parameter "cid: str">}. You can import the `Context` like this: `from flwr.app import Context`[32m [repeated 5x across cluster] (Ray deduplicates logs by default. Set RAY_DEDUP_LOGS=0 to disable log deduplication, or see https://docs.ray.io/en/master/ray-observability/user-guides/configure-logging.html#log-deduplication for more options.)[0m
[36m(ClientAppActor pid=705359)[0m             This is a deprecated feature. It will be removed[32m [repeated 5x across cluster][0m
[36m(ClientAppActor pid=705359)[0m             entirely in future versions of Flower.[32m [repeated 5x across cluster][0m
[36m(ClientAppActor pid=705393)[0m 
[36m(ClientAppActor pid=705393)[0m         
[36m(ClientAppActor pid=705360)[0m 
[36m(ClientAppActor pid=705360)[0m         
[36m(ClientAppActor pid=705394)[0m 
[36m(ClientAppActor pid=705394)[0m         
[36m(ClientAppActor pid=705368)[0m 
[36m(ClientAppActor pid=705368)[0m         
[92mINFO [0m:      aggregate_evaluate: received 5 results and 0 failures
[92mINFO [0m:      
[92mINFO [0m:      [ROUND 2]
[92mINFO [0m:      configure_fit: strategy sampled 5 clients (out of 5)
[36m(ClientAppActor pid=705368)[0m 
[36m(ClientAppActor pid=705368)[0m         
[36m(ClientAppActor pid=705394)[0m 
[36m(ClientAppActor pid=705394)[0m         
[36m(ClientAppActor pid=705360)[0m 
[36m(ClientAppActor pid=705360)[0m         
[36m(ClientAppActor pid=705393)[0m 
[36m(ClientAppActor pid=705393)[0m         
[36m(ClientAppActor pid=705359)[0m 
[36m(ClientAppActor pid=705359)[0m         
[92mINFO [0m:      aggregate_fit: received 5 results and 0 failures
[92mINFO [0m:      fit progress: (2, 4.357388110351563, {'accuracy': 0.417, 'loss': 4.357388110351563}, 40.154688364011236)
[92mINFO [0m:      configure_evaluate: strategy sampled 5 clients (out of 5)
[36m(ClientAppActor pid=705359)[0m 
[36m(ClientAppActor pid=705359)[0m         
[36m(ClientAppActor pid=705359)[0m [93mWARNING [0m:   DEPRECATED FEATURE: `client_fn` now expects a signature `def client_fn(context: Context)`.The provided `client_fn` has signature: {'cid': <Parameter "cid: str">}. You can import the `Context` like this: `from flwr.app import Context`[32m [repeated 10x across cluster][0m
[36m(ClientAppActor pid=705359)[0m             This is a deprecated feature. It will be removed[32m [repeated 10x across cluster][0m
[36m(ClientAppActor pid=705359)[0m             entirely in future versions of Flower.[32m [repeated 10x across cluster][0m
[36m(ClientAppActor pid=705368)[0m 
[36m(ClientAppActor pid=705368)[0m         
[36m(ClientAppActor pid=705393)[0m 
[36m(ClientAppActor pid=705393)[0m         
[36m(ClientAppActor pid=705360)[0m 
[36m(ClientAppActor pid=705360)[0m         
[36m(ClientAppActor pid=705394)[0m 
[36m(ClientAppActor pid=705394)[0m         
[92mINFO [0m:      aggregate_evaluate: received 5 results and 0 failures
[92mINFO [0m:      
[92mINFO [0m:      [ROUND 3]
[92mINFO [0m:      configure_fit: strategy sampled 5 clients (out of 5)
[36m(ClientAppActor pid=705360)[0m 
[36m(ClientAppActor pid=705360)[0m         
[36m(ClientAppActor pid=705394)[0m 
[36m(ClientAppActor pid=705394)[0m         
[36m(ClientAppActor pid=705393)[0m 
[36m(ClientAppActor pid=705393)[0m         
[36m(ClientAppActor pid=705368)[0m 
[36m(ClientAppActor pid=705368)[0m         
[36m(ClientAppActor pid=705359)[0m 
[36m(ClientAppActor pid=705359)[0m         
[92mINFO [0m:      aggregate_fit: received 5 results and 0 failures
[92mINFO [0m:      fit progress: (3, 4.669485010528565, {'accuracy': 0.4702, 'loss': 4.669485010528565}, 58.916439466993324)
[92mINFO [0m:      configure_evaluate: strategy sampled 5 clients (out of 5)
[36m(ClientAppActor pid=705360)[0m 
[36m(ClientAppActor pid=705360)[0m         
[36m(ClientAppActor pid=705360)[0m [93mWARNING [0m:   DEPRECATED FEATURE: `client_fn` now expects a signature `def client_fn(context: Context)`.The provided `client_fn` has signature: {'cid': <Parameter "cid: str">}. You can import the `Context` like this: `from flwr.app import Context`[32m [repeated 10x across cluster][0m
[36m(ClientAppActor pid=705360)[0m             This is a deprecated feature. It will be removed[32m [repeated 10x across cluster][0m
[36m(ClientAppActor pid=705360)[0m             entirely in future versions of Flower.[32m [repeated 10x across cluster][0m
[36m(ClientAppActor pid=705359)[0m 
[36m(ClientAppActor pid=705359)[0m         
[36m(ClientAppActor pid=705368)[0m 
[36m(ClientAppActor pid=705368)[0m         
[36m(ClientAppActor pid=705394)[0m 
[36m(ClientAppActor pid=705394)[0m         
[36m(ClientAppActor pid=705393)[0m 
[36m(ClientAppActor pid=705393)[0m         
[92mINFO [0m:      aggregate_evaluate: received 5 results and 0 failures
[92mINFO [0m:      
[92mINFO [0m:      [ROUND 4]
[92mINFO [0m:      configure_fit: strategy sampled 5 clients (out of 5)
[36m(ClientAppActor pid=705393)[0m 
[36m(ClientAppActor pid=705393)[0m         
[36m(ClientAppActor pid=705394)[0m 
[36m(ClientAppActor pid=705394)[0m         
[36m(ClientAppActor pid=705368)[0m 
[36m(ClientAppActor pid=705368)[0m         
[36m(ClientAppActor pid=705359)[0m 
[36m(ClientAppActor pid=705359)[0m         
[36m(ClientAppActor pid=705360)[0m 
[36m(ClientAppActor pid=705360)[0m         
[92mINFO [0m:      aggregate_fit: received 5 results and 0 failures
[92mINFO [0m:      fit progress: (4, 2.9786043323516846, {'accuracy': 0.443, 'loss': 2.9786043323516846}, 78.12150542298332)
[92mINFO [0m:      configure_evaluate: strategy sampled 5 clients (out of 5)
[36m(ClientAppActor pid=705360)[0m 
[36m(ClientAppActor pid=705360)[0m         
[36m(ClientAppActor pid=705360)[0m [93mWARNING [0m:   DEPRECATED FEATURE: `client_fn` now expects a signature `def client_fn(context: Context)`.The provided `client_fn` has signature: {'cid': <Parameter "cid: str">}. You can import the `Context` like this: `from flwr.app import Context`[32m [repeated 10x across cluster][0m
[36m(ClientAppActor pid=705360)[0m             This is a deprecated feature. It will be removed[32m [repeated 10x across cluster][0m
[36m(ClientAppActor pid=705360)[0m             entirely in future versions of Flower.[32m [repeated 10x across cluster][0m
[36m(ClientAppActor pid=705393)[0m 
[36m(ClientAppActor pid=705393)[0m         
[36m(ClientAppActor pid=705359)[0m 
[36m(ClientAppActor pid=705359)[0m         
[36m(ClientAppActor pid=705368)[0m 
[36m(ClientAppActor pid=705368)[0m         
[36m(ClientAppActor pid=705394)[0m 
[36m(ClientAppActor pid=705394)[0m         
[92mINFO [0m:      aggregate_evaluate: received 5 results and 0 failures
[92mINFO [0m:      
[92mINFO [0m:      [ROUND 5]
[92mINFO [0m:      configure_fit: strategy sampled 5 clients (out of 5)
[36m(ClientAppActor pid=705394)[0m 
[36m(ClientAppActor pid=705394)[0m         
[36m(ClientAppActor pid=705368)[0m 
[36m(ClientAppActor pid=705368)[0m         
[36m(ClientAppActor pid=705359)[0m 
[36m(ClientAppActor pid=705359)[0m         
[36m(ClientAppActor pid=705393)[0m 
[36m(ClientAppActor pid=705393)[0m         
[36m(ClientAppActor pid=705360)[0m 
[36m(ClientAppActor pid=705360)[0m         
[92mINFO [0m:      aggregate_fit: received 5 results and 0 failures
[92mINFO [0m:      fit progress: (5, 3.3818545963287354, {'accuracy': 0.479, 'loss': 3.3818545963287354}, 97.15943588298978)
[92mINFO [0m:      configure_evaluate: strategy sampled 5 clients (out of 5)
[36m(ClientAppActor pid=705368)[0m 
[36m(ClientAppActor pid=705368)[0m         
[36m(ClientAppActor pid=705368)[0m [93mWARNING [0m:   DEPRECATED FEATURE: `client_fn` now expects a signature `def client_fn(context: Context)`.The provided `client_fn` has signature: {'cid': <Parameter "cid: str">}. You can import the `Context` like this: `from flwr.app import Context`[32m [repeated 10x across cluster][0m
[36m(ClientAppActor pid=705368)[0m             This is a deprecated feature. It will be removed[32m [repeated 10x across cluster][0m
[36m(ClientAppActor pid=705368)[0m             entirely in future versions of Flower.[32m [repeated 10x across cluster][0m
[36m(ClientAppActor pid=705393)[0m 
[36m(ClientAppActor pid=705393)[0m         
[36m(ClientAppActor pid=705359)[0m 
[36m(ClientAppActor pid=705359)[0m         
[36m(ClientAppActor pid=705394)[0m 
[36m(ClientAppActor pid=705394)[0m         
[36m(ClientAppActor pid=705360)[0m 
[36m(ClientAppActor pid=705360)[0m         
[92mINFO [0m:      aggregate_evaluate: received 5 results and 0 failures
[92mINFO [0m:      
[92mINFO [0m:      [ROUND 6]
[92mINFO [0m:      configure_fit: strategy sampled 5 clients (out of 5)
[36m(ClientAppActor pid=705394)[0m 
[36m(ClientAppActor pid=705394)[0m         
[36m(ClientAppActor pid=705360)[0m 
[36m(ClientAppActor pid=705360)[0m         
[36m(ClientAppActor pid=705393)[0m 
[36m(ClientAppActor pid=705393)[0m         
[36m(ClientAppActor pid=705359)[0m 
[36m(ClientAppActor pid=705359)[0m         
[36m(ClientAppActor pid=705368)[0m 
[36m(ClientAppActor pid=705368)[0m         
[92mINFO [0m:      aggregate_fit: received 5 results and 0 failures
[92mINFO [0m:      fit progress: (6, 6.233429441452026, {'accuracy': 0.5388, 'loss': 6.233429441452026}, 116.53611653402913)
[92mINFO [0m:      configure_evaluate: strategy sampled 5 clients (out of 5)
[36m(ClientAppActor pid=705368)[0m 
[36m(ClientAppActor pid=705368)[0m         
[36m(ClientAppActor pid=705368)[0m [93mWARNING [0m:   DEPRECATED FEATURE: `client_fn` now expects a signature `def client_fn(context: Context)`.The provided `client_fn` has signature: {'cid': <Parameter "cid: str">}. You can import the `Context` like this: `from flwr.app import Context`[32m [repeated 10x across cluster][0m
[36m(ClientAppActor pid=705368)[0m             This is a deprecated feature. It will be removed[32m [repeated 10x across cluster][0m
[36m(ClientAppActor pid=705368)[0m             entirely in future versions of Flower.[32m [repeated 10x across cluster][0m
[36m(ClientAppActor pid=705359)[0m 
[36m(ClientAppActor pid=705359)[0m         
[36m(ClientAppActor pid=705393)[0m 
[36m(ClientAppActor pid=705393)[0m         
[36m(ClientAppActor pid=705394)[0m 
[36m(ClientAppActor pid=705394)[0m         
[36m(ClientAppActor pid=705360)[0m 
[36m(ClientAppActor pid=705360)[0m         
[92mINFO [0m:      aggregate_evaluate: received 5 results and 0 failures
[92mINFO [0m:      
[92mINFO [0m:      [ROUND 7]
[92mINFO [0m:      configure_fit: strategy sampled 5 clients (out of 5)
[36m(ClientAppActor pid=705360)[0m 
[36m(ClientAppActor pid=705360)[0m         
[36m(ClientAppActor pid=705394)[0m 
[36m(ClientAppActor pid=705394)[0m         
[36m(ClientAppActor pid=705393)[0m 
[36m(ClientAppActor pid=705393)[0m         
[36m(ClientAppActor pid=705359)[0m 
[36m(ClientAppActor pid=705359)[0m         
[36m(ClientAppActor pid=705368)[0m 
[36m(ClientAppActor pid=705368)[0m         
[92mINFO [0m:      aggregate_fit: received 5 results and 0 failures
[92mINFO [0m:      fit progress: (7, 8.667962654876709, {'accuracy': 0.5037, 'loss': 8.667962654876709}, 135.23493967897957)
[92mINFO [0m:      configure_evaluate: strategy sampled 5 clients (out of 5)
[36m(ClientAppActor pid=705360)[0m 
[36m(ClientAppActor pid=705360)[0m         
[36m(ClientAppActor pid=705360)[0m [93mWARNING [0m:   DEPRECATED FEATURE: `client_fn` now expects a signature `def client_fn(context: Context)`.The provided `client_fn` has signature: {'cid': <Parameter "cid: str">}. You can import the `Context` like this: `from flwr.app import Context`[32m [repeated 10x across cluster][0m
[36m(ClientAppActor pid=705360)[0m             This is a deprecated feature. It will be removed[32m [repeated 10x across cluster][0m
[36m(ClientAppActor pid=705360)[0m             entirely in future versions of Flower.[32m [repeated 10x across cluster][0m
[36m(ClientAppActor pid=705394)[0m 
[36m(ClientAppActor pid=705394)[0m         
[36m(ClientAppActor pid=705359)[0m 
[36m(ClientAppActor pid=705359)[0m         
[36m(ClientAppActor pid=705393)[0m 
[36m(ClientAppActor pid=705393)[0m         
[36m(ClientAppActor pid=705368)[0m 
[36m(ClientAppActor pid=705368)[0m         
[92mINFO [0m:      aggregate_evaluate: received 5 results and 0 failures
[92mINFO [0m:      
[92mINFO [0m:      [ROUND 8]
[92mINFO [0m:      configure_fit: strategy sampled 5 clients (out of 5)
[36m(ClientAppActor pid=705368)[0m 
[36m(ClientAppActor pid=705368)[0m         
[36m(ClientAppActor pid=705393)[0m 
[36m(ClientAppActor pid=705393)[0m         
[36m(ClientAppActor pid=705359)[0m 
[36m(ClientAppActor pid=705359)[0m         
[36m(ClientAppActor pid=705360)[0m 
[36m(ClientAppActor pid=705360)[0m         
[36m(ClientAppActor pid=705394)[0m 
[36m(ClientAppActor pid=705394)[0m         
[92mINFO [0m:      aggregate_fit: received 5 results and 0 failures
[92mINFO [0m:      fit progress: (8, 4.754274006271363, {'accuracy': 0.4985, 'loss': 4.754274006271363}, 154.0964507960016)
[92mINFO [0m:      configure_evaluate: strategy sampled 5 clients (out of 5)
[36m(ClientAppActor pid=705360)[0m 
[36m(ClientAppActor pid=705360)[0m         
[36m(ClientAppActor pid=705360)[0m [93mWARNING [0m:   DEPRECATED FEATURE: `client_fn` now expects a signature `def client_fn(context: Context)`.The provided `client_fn` has signature: {'cid': <Parameter "cid: str">}. You can import the `Context` like this: `from flwr.app import Context`[32m [repeated 10x across cluster][0m
[36m(ClientAppActor pid=705360)[0m             This is a deprecated feature. It will be removed[32m [repeated 10x across cluster][0m
[36m(ClientAppActor pid=705360)[0m             entirely in future versions of Flower.[32m [repeated 10x across cluster][0m
[36m(ClientAppActor pid=705393)[0m 
[36m(ClientAppActor pid=705393)[0m         
[36m(ClientAppActor pid=705394)[0m 
[36m(ClientAppActor pid=705394)[0m         
[36m(ClientAppActor pid=705359)[0m 
[36m(ClientAppActor pid=705359)[0m         
[36m(ClientAppActor pid=705368)[0m 
[36m(ClientAppActor pid=705368)[0m         
[92mINFO [0m:      aggregate_evaluate: received 5 results and 0 failures
[92mINFO [0m:      
[92mINFO [0m:      [ROUND 9]
[92mINFO [0m:      configure_fit: strategy sampled 5 clients (out of 5)
[36m(ClientAppActor pid=705359)[0m 
[36m(ClientAppActor pid=705359)[0m         
[36m(ClientAppActor pid=705368)[0m 
[36m(ClientAppActor pid=705368)[0m         
[36m(ClientAppActor pid=705394)[0m 
[36m(ClientAppActor pid=705394)[0m         
[36m(ClientAppActor pid=705393)[0m 
[36m(ClientAppActor pid=705393)[0m         
[36m(ClientAppActor pid=705360)[0m 
[36m(ClientAppActor pid=705360)[0m         
[92mINFO [0m:      aggregate_fit: received 5 results and 0 failures
[92mINFO [0m:      fit progress: (9, 3.439111117553711, {'accuracy': 0.5557, 'loss': 3.439111117553711}, 173.589439960022)
[92mINFO [0m:      configure_evaluate: strategy sampled 5 clients (out of 5)
[36m(ClientAppActor pid=705360)[0m 
[36m(ClientAppActor pid=705360)[0m         
[36m(ClientAppActor pid=705360)[0m [93mWARNING [0m:   DEPRECATED FEATURE: `client_fn` now expects a signature `def client_fn(context: Context)`.The provided `client_fn` has signature: {'cid': <Parameter "cid: str">}. You can import the `Context` like this: `from flwr.app import Context`[32m [repeated 10x across cluster][0m
[36m(ClientAppActor pid=705360)[0m             This is a deprecated feature. It will be removed[32m [repeated 10x across cluster][0m
[36m(ClientAppActor pid=705360)[0m             entirely in future versions of Flower.[32m [repeated 10x across cluster][0m
[36m(ClientAppActor pid=705393)[0m 
[36m(ClientAppActor pid=705393)[0m         
[36m(ClientAppActor pid=705394)[0m 
[36m(ClientAppActor pid=705394)[0m         
[36m(ClientAppActor pid=705359)[0m 
[36m(ClientAppActor pid=705359)[0m         
[36m(ClientAppActor pid=705368)[0m 
[36m(ClientAppActor pid=705368)[0m         
[92mINFO [0m:      aggregate_evaluate: received 5 results and 0 failures
[92mINFO [0m:      
[92mINFO [0m:      [ROUND 10]
[92mINFO [0m:      configure_fit: strategy sampled 5 clients (out of 5)
[36m(ClientAppActor pid=705359)[0m 
[36m(ClientAppActor pid=705359)[0m         
[36m(ClientAppActor pid=705368)[0m 
[36m(ClientAppActor pid=705368)[0m         
[36m(ClientAppActor pid=705394)[0m 
[36m(ClientAppActor pid=705394)[0m         
[36m(ClientAppActor pid=705393)[0m 
[36m(ClientAppActor pid=705393)[0m         
[36m(ClientAppActor pid=705360)[0m 
[36m(ClientAppActor pid=705360)[0m         
[92mINFO [0m:      aggregate_fit: received 5 results and 0 failures
[92mINFO [0m:      fit progress: (10, 4.5958206089019775, {'accuracy': 0.5642, 'loss': 4.5958206089019775}, 192.56222892500227)
[92mINFO [0m:      configure_evaluate: strategy sampled 5 clients (out of 5)
[36m(ClientAppActor pid=705393)[0m 
[36m(ClientAppActor pid=705393)[0m         
[36m(ClientAppActor pid=705393)[0m [93mWARNING [0m:   DEPRECATED FEATURE: `client_fn` now expects a signature `def client_fn(context: Context)`.The provided `client_fn` has signature: {'cid': <Parameter "cid: str">}. You can import the `Context` like this: `from flwr.app import Context`[32m [repeated 10x across cluster][0m
[36m(ClientAppActor pid=705393)[0m             This is a deprecated feature. It will be removed[32m [repeated 10x across cluster][0m
[36m(ClientAppActor pid=705393)[0m             entirely in future versions of Flower.[32m [repeated 10x across cluster][0m
[36m(ClientAppActor pid=705359)[0m 
[36m(ClientAppActor pid=705359)[0m         
[36m(ClientAppActor pid=705360)[0m 
[36m(ClientAppActor pid=705360)[0m         
[36m(ClientAppActor pid=705368)[0m 
[36m(ClientAppActor pid=705368)[0m         
[36m(ClientAppActor pid=705394)[0m 
[36m(ClientAppActor pid=705394)[0m         
[92mINFO [0m:      aggregate_evaluate: received 5 results and 0 failures
[92mINFO [0m:      
[92mINFO [0m:      [SUMMARY]
[92mINFO [0m:      Run finished 10 round(s) in 193.49s
[92mINFO [0m:      	History (loss, distributed):
[92mINFO [0m:      		round 1: 2.283314260829683
[92mINFO [0m:      		round 2: 4.301563865401927
[92mINFO [0m:      		round 3: 4.708830831348061
[92mINFO [0m:      		round 4: 3.0572980206315163
[92mINFO [0m:      		round 5: 3.435726646090947
[92mINFO [0m:      		round 6: 6.376892990329448
[92mINFO [0m:      		round 7: 8.64212341874349
[92mINFO [0m:      		round 8: 4.7358773826551035
[92mINFO [0m:      		round 9: 3.554152847910557
[92mINFO [0m:      		round 10: 4.75243427983376
[92mINFO [0m:      	History (loss, centralized):
[92mINFO [0m:      		round 0: 2.302623388671875
[92mINFO [0m:      		round 1: 2.2801444637298585
[92mINFO [0m:      		round 2: 4.357388110351563
[92mINFO [0m:      		round 3: 4.669485010528565
[92mINFO [0m:      		round 4: 2.9786043323516846
[92mINFO [0m:      		round 5: 3.3818545963287354
[92mINFO [0m:      		round 6: 6.233429441452026
[92mINFO [0m:      		round 7: 8.667962654876709
[92mINFO [0m:      		round 8: 4.754274006271363
[92mINFO [0m:      		round 9: 3.439111117553711
[92mINFO [0m:      		round 10: 4.5958206089019775
[92mINFO [0m:      	History (metrics, distributed, fit):
[92mINFO [0m:      	{'avg_flops_per_client_round': [(1, 8140624189440.0),
[92mINFO [0m:      	                                (2, 8140624189440.0),
[92mINFO [0m:      	                                (3, 8140624189440.0),
[92mINFO [0m:      	                                (4, 8140624189440.0),
[92mINFO [0m:      	                                (5, 8140624189440.0),
[92mINFO [0m:      	                                (6, 8140624189440.0),
[92mINFO [0m:      	                                (7, 8140624189440.0),
[92mINFO [0m:      	                                (8, 8140624189440.0),
[92mINFO [0m:      	                                (9, 8140624189440.0),
[92mINFO [0m:      	                                (10, 8140624189440.0)],
[92mINFO [0m:      	 'total_flops_round': [(1, 40703120947200),
[92mINFO [0m:      	                       (2, 40703120947200),
[92mINFO [0m:      	                       (3, 40703120947200),
[92mINFO [0m:      	                       (4, 40703120947200),
[92mINFO [0m:      	                       (5, 40703120947200),
[92mINFO [0m:      	                       (6, 40703120947200),
[92mINFO [0m:      	                       (7, 40703120947200),
[92mINFO [0m:      	                       (8, 40703120947200),
[92mINFO [0m:      	                       (9, 40703120947200),
[92mINFO [0m:      	                       (10, 40703120947200)]}
[92mINFO [0m:      	History (metrics, distributed, evaluate):
[92mINFO [0m:      	{'accuracy': [(1, 0.2386954781912765),
[92mINFO [0m:      	              (2, 0.40936374549819926),
[92mINFO [0m:      	              (3, 0.4665866346538615),
[92mINFO [0m:      	              (4, 0.4403761504601841),
[92mINFO [0m:      	              (5, 0.4781912765106042),
[92mINFO [0m:      	              (6, 0.5392156862745098),
[92mINFO [0m:      	              (7, 0.501000400160064),
[92mINFO [0m:      	              (8, 0.5034013605442177),
[92mINFO [0m:      	              (9, 0.5684273709483794),
[92mINFO [0m:      	              (10, 0.566826730692277)],
[92mINFO [0m:      	 'loss': [(1, 2.283314260829683),
[92mINFO [0m:      	          (2, 4.301563865401927),
[92mINFO [0m:      	          (3, 4.708830831348061),
[92mINFO [0m:      	          (4, 3.0572980206315163),
[92mINFO [0m:      	          (5, 3.435726646090947),
[92mINFO [0m:      	          (6, 6.376892990329448),
[92mINFO [0m:      	          (7, 8.64212341874349),
[92mINFO [0m:      	          (8, 4.7358773826551035),
[92mINFO [0m:      	          (9, 3.554152847910557),
[92mINFO [0m:      	          (10, 4.75243427983376)]}
[92mINFO [0m:      	History (metrics, centralized):
[92mINFO [0m:      	{'accuracy': [(0, 0.1),
[92mINFO [0m:      	              (1, 0.2338),
[92mINFO [0m:      	              (2, 0.417),
[92mINFO [0m:      	              (3, 0.4702),
[92mINFO [0m:      	              (4, 0.443),
[92mINFO [0m:      	              (5, 0.479),
[92mINFO [0m:      	              (6, 0.5388),
[92mINFO [0m:      	              (7, 0.5037),
[92mINFO [0m:      	              (8, 0.4985),
[92mINFO [0m:      	              (9, 0.5557),
[92mINFO [0m:      	              (10, 0.5642)],
[92mINFO [0m:      	 'loss': [(0, 2.302623388671875),
[92mINFO [0m:      	          (1, 2.2801444637298585),
[92mINFO [0m:      	          (2, 4.357388110351563),
[92mINFO [0m:      	          (3, 4.669485010528565),
[92mINFO [0m:      	          (4, 2.9786043323516846),
[92mINFO [0m:      	          (5, 3.3818545963287354),
[92mINFO [0m:      	          (6, 6.233429441452026),
[92mINFO [0m:      	          (7, 8.667962654876709),
[92mINFO [0m:      	          (8, 4.754274006271363),
[92mINFO [0m:      	          (9, 3.439111117553711),
[92mINFO [0m:      	          (10, 4.5958206089019775)]}
[92mINFO [0m:      
Treinando no dispositivo: cuda:0 com o dataset: CIFAR10 | Setup clientes: 5 (num_gpus por cliente=0.2) | SEED=50 | Método: FedAvgM (server_momentum=0.9, server_lr=1.0)
FLOPS por amostra (forward): 6.030e+07 | (forward+backward, 3x): 1.809e+08
Files already downloaded and verified
Files already downloaded and verified
Dividindo o dataset usando a distribuição de Dirichlet com alpha=0.01.
Iniciando a simulação de Aprendizado Federado...
=== Diagnóstico de Medição de GPU ===
  pynvml_disponivel: True
  pynvml_versao: 580.173.02
  gpus_detectadas: 1
  leitura_potencia_ok: True
  potencia_atual_W: 115.39

--- Rodada 0 - Avaliação Centralizada (Servidor) ---
Loss (Servidor): 2.3026 | Acurácia (Servidor): 0.1000

--- Rodada 1 - Avaliação Centralizada (Servidor) ---
Loss (Servidor): 2.2801 | Acurácia (Servidor): 0.2338
--- Avaliação Agregada (Clientes) ---
Loss Média (Clientes): 2.2833 | Acurácia Média (Clientes): 0.2387

--- Rodada 2 - Avaliação Centralizada (Servidor) ---
Loss (Servidor): 4.3574 | Acurácia (Servidor): 0.4170
--- Avaliação Agregada (Clientes) ---
Loss Média (Clientes): 4.3016 | Acurácia Média (Clientes): 0.4094

--- Rodada 3 - Avaliação Centralizada (Servidor) ---
Loss (Servidor): 4.6695 | Acurácia (Servidor): 0.4702
--- Avaliação Agregada (Clientes) ---
Loss Média (Clientes): 4.7088 | Acurácia Média (Clientes): 0.4666

--- Rodada 4 - Avaliação Centralizada (Servidor) ---
Loss (Servidor): 2.9786 | Acurácia (Servidor): 0.4430
--- Avaliação Agregada (Clientes) ---
Loss Média (Clientes): 3.0573 | Acurácia Média (Clientes): 0.4404

--- Rodada 5 - Avaliação Centralizada (Servidor) ---
Loss (Servidor): 3.3819 | Acurácia (Servidor): 0.4790
--- Avaliação Agregada (Clientes) ---
Loss Média (Clientes): 3.4357 | Acurácia Média (Clientes): 0.4782

--- Rodada 6 - Avaliação Centralizada (Servidor) ---
Loss (Servidor): 6.2334 | Acurácia (Servidor): 0.5388
--- Avaliação Agregada (Clientes) ---
Loss Média (Clientes): 6.3769 | Acurácia Média (Clientes): 0.5392

--- Rodada 7 - Avaliação Centralizada (Servidor) ---
Loss (Servidor): 8.6680 | Acurácia (Servidor): 0.5037
--- Avaliação Agregada (Clientes) ---
Loss Média (Clientes): 8.6421 | Acurácia Média (Clientes): 0.5010

--- Rodada 8 - Avaliação Centralizada (Servidor) ---
Loss (Servidor): 4.7543 | Acurácia (Servidor): 0.4985
--- Avaliação Agregada (Clientes) ---
Loss Média (Clientes): 4.7359 | Acurácia Média (Clientes): 0.5034

--- Rodada 9 - Avaliação Centralizada (Servidor) ---
Loss (Servidor): 3.4391 | Acurácia (Servidor): 0.5557
--- Avaliação Agregada (Clientes) ---
Loss Média (Clientes): 3.5542 | Acurácia Média (Clientes): 0.5684

--- Rodada 10 - Avaliação Centralizada (Servidor) ---
Loss (Servidor): 4.5958 | Acurácia (Servidor): 0.5642
--- Avaliação Agregada (Clientes) ---
Loss Média (Clientes): 4.7524 | Acurácia Média (Clientes): 0.5668

Resultados salvos em: /home/tiago/GitHubProjects/fedhad-thesis-2/FedAvgM-results/1.1_diagnostico_drift/CIFAR10/FedAvgM__CIFAR10__Setup-5__Clients-5__Rounds-10__Delay-0_05__Alpha-0_01__Seed-50.txt
[36m(ClientAppActor pid=705394)[0m [93mWARNING [0m:   DEPRECATED FEATURE: `client_fn` now expects a signature `def client_fn(context: Context)`.The provided `client_fn` has signature: {'cid': <Parameter "cid: str">}. You can import the `Context` like this: `from flwr.app import Context`[32m [repeated 4x across cluster][0m
[36m(ClientAppActor pid=705394)[0m             This is a deprecated feature. It will be removed[32m [repeated 4x across cluster][0m
[36m(ClientAppActor pid=705394)[0m             entirely in future versions of Flower.[32m [repeated 4x across cluster][0m
