[codecarbon WARNING @ 11:24:14] Multiple instances of codecarbon are allowed to run at the same time.
[93mWARNING [0m:   DEPRECATED FEATURE: flwr.simulation.start_simulation() is deprecated.
	Instead, use the `flwr run` CLI command to start a local simulation in your Flower app, as shown for example below:

		$ flwr new  # Create a new Flower app from a template

		$ flwr run  # Run the Flower app in Simulation Mode

	Using `start_simulation()` is deprecated.

            This is a deprecated feature. It will be removed
            entirely in future versions of Flower.
        
[92mINFO [0m:      Starting Flower simulation, config: num_rounds=10, no round_timeout
2026-09-04 11:24:22,406	INFO worker.py:2012 -- Started a local Ray instance.
/home/tiago/GitHubProjects/fedhad-thesis-2/env_flwr_pt/lib/python3.12/site-packages/ray/_private/worker.py:2051: FutureWarning: Tip: In future versions of Ray, Ray will no longer override accelerator visible devices env var if num_gpus=0 or num_gpus=None (default). To enable this behavior and turn off this error message, set RAY_ACCEL_ENV_VAR_OVERRIDE_ON_ZERO=0
  warnings.warn(
[92mINFO [0m:      Flower VCE: Ray initialized with resources: {'node:__internal_head__': 1.0, 'GPU': 1.0, 'object_store_memory': 77694228480.0, 'CPU': 64.0, 'accelerator_type:A40': 1.0, 'memory': 181286533120.0, 'node:10.129.64.100': 1.0}
[92mINFO [0m:      Optimize your simulation with Flower VCE: https://flower.ai/docs/framework/how-to-run-simulations.html
/home/tiago/GitHubProjects/fedhad-thesis-2/FedAVG_Final.py:1577: UserWarning: No `num_cpus` specified in `client_resources`. Using `num_cpus=1` for each client.
  history = fl.simulation.start_simulation(
[92mINFO [0m:      Flower VCE: Resources for each Virtual Client: {'num_gpus': 0.2, 'num_cpus': 1}
[92mINFO [0m:      Flower VCE: Creating VirtualClientEngineActorPool with 5 actors
[92mINFO [0m:      [INIT]
[92mINFO [0m:      Requesting initial parameters from one random client
[36m(ClientAppActor pid=264302)[0m [93mWARNING [0m:   DEPRECATED FEATURE: `client_fn` now expects a signature `def client_fn(context: Context)`.The provided `client_fn` has signature: {'cid': <Parameter "cid: str">}. You can import the `Context` like this: `from flwr.app import Context`
[36m(ClientAppActor pid=264302)[0m 
[36m(ClientAppActor pid=264302)[0m             This is a deprecated feature. It will be removed
[36m(ClientAppActor pid=264302)[0m             entirely in future versions of Flower.
[36m(ClientAppActor pid=264302)[0m         
[92mINFO [0m:      Received initial parameters from one random client
[92mINFO [0m:      Starting evaluation of initial global parameters
[92mINFO [0m:      initial parameters (loss, other metrics): 2.302824480819702, {'accuracy': 0.1, 'loss': 2.302824480819702}
[92mINFO [0m:      
[92mINFO [0m:      [ROUND 1]
[92mINFO [0m:      configure_fit: strategy sampled 5 clients (out of 5)
[36m(ClientAppActor pid=264302)[0m [93mWARNING [0m:   DEPRECATED FEATURE: `client_fn` now expects a signature `def client_fn(context: Context)`.The provided `client_fn` has signature: {'cid': <Parameter "cid: str">}. You can import the `Context` like this: `from flwr.app import Context`
[36m(ClientAppActor pid=264302)[0m 
[36m(ClientAppActor pid=264302)[0m             This is a deprecated feature. It will be removed
[36m(ClientAppActor pid=264302)[0m             entirely in future versions of Flower.
[36m(ClientAppActor pid=264302)[0m         
[36m(ClientAppActor pid=264301)[0m 
[36m(ClientAppActor pid=264301)[0m         
[36m(ClientAppActor pid=264300)[0m 
[36m(ClientAppActor pid=264300)[0m         
[36m(ClientAppActor pid=264299)[0m 
[36m(ClientAppActor pid=264299)[0m         
[36m(ClientAppActor pid=264298)[0m 
[36m(ClientAppActor pid=264298)[0m         
[92mINFO [0m:      aggregate_fit: received 5 results and 0 failures
[92mINFO [0m:      fit progress: (1, 2.3066277599334715, {'accuracy': 0.1, 'loss': 2.3066277599334715}, 14.765958175004926)
[92mINFO [0m:      configure_evaluate: strategy sampled 5 clients (out of 5)
[36m(ClientAppActor pid=264298)[0m 
[36m(ClientAppActor pid=264298)[0m         
[36m(ClientAppActor pid=264298)[0m [93mWARNING [0m:   DEPRECATED FEATURE: `client_fn` now expects a signature `def client_fn(context: Context)`.The provided `client_fn` has signature: {'cid': <Parameter "cid: str">}. You can import the `Context` like this: `from flwr.app import Context`[32m [repeated 5x across cluster] (Ray deduplicates logs by default. Set RAY_DEDUP_LOGS=0 to disable log deduplication, or see https://docs.ray.io/en/master/ray-observability/user-guides/configure-logging.html#log-deduplication for more options.)[0m
[36m(ClientAppActor pid=264298)[0m             This is a deprecated feature. It will be removed[32m [repeated 5x across cluster][0m
[36m(ClientAppActor pid=264298)[0m             entirely in future versions of Flower.[32m [repeated 5x across cluster][0m
[36m(ClientAppActor pid=264301)[0m 
[36m(ClientAppActor pid=264301)[0m         
[36m(ClientAppActor pid=264299)[0m 
[36m(ClientAppActor pid=264299)[0m         
[36m(ClientAppActor pid=264300)[0m 
[36m(ClientAppActor pid=264300)[0m         
[36m(ClientAppActor pid=264302)[0m 
[36m(ClientAppActor pid=264302)[0m         
[92mINFO [0m:      aggregate_evaluate: received 5 results and 0 failures
[92mINFO [0m:      
[92mINFO [0m:      [ROUND 2]
[92mINFO [0m:      configure_fit: strategy sampled 5 clients (out of 5)
[36m(ClientAppActor pid=264302)[0m 
[36m(ClientAppActor pid=264302)[0m         
[36m(ClientAppActor pid=264300)[0m 
[36m(ClientAppActor pid=264300)[0m         
[36m(ClientAppActor pid=264299)[0m 
[36m(ClientAppActor pid=264299)[0m         
[36m(ClientAppActor pid=264301)[0m 
[36m(ClientAppActor pid=264301)[0m         
[36m(ClientAppActor pid=264298)[0m 
[36m(ClientAppActor pid=264298)[0m         
[92mINFO [0m:      aggregate_fit: received 5 results and 0 failures
[92mINFO [0m:      fit progress: (2, 1.1131874479293824, {'accuracy': 0.6147, 'loss': 1.1131874479293824}, 28.53616255702218)
[92mINFO [0m:      configure_evaluate: strategy sampled 5 clients (out of 5)
[36m(ClientAppActor pid=264298)[0m 
[36m(ClientAppActor pid=264298)[0m         
[36m(ClientAppActor pid=264298)[0m [93mWARNING [0m:   DEPRECATED FEATURE: `client_fn` now expects a signature `def client_fn(context: Context)`.The provided `client_fn` has signature: {'cid': <Parameter "cid: str">}. You can import the `Context` like this: `from flwr.app import Context`[32m [repeated 10x across cluster][0m
[36m(ClientAppActor pid=264298)[0m             This is a deprecated feature. It will be removed[32m [repeated 10x across cluster][0m
[36m(ClientAppActor pid=264298)[0m             entirely in future versions of Flower.[32m [repeated 10x across cluster][0m
[36m(ClientAppActor pid=264301)[0m 
[36m(ClientAppActor pid=264301)[0m         
[36m(ClientAppActor pid=264299)[0m 
[36m(ClientAppActor pid=264299)[0m         
[36m(ClientAppActor pid=264300)[0m 
[36m(ClientAppActor pid=264300)[0m         
[36m(ClientAppActor pid=264302)[0m 
[36m(ClientAppActor pid=264302)[0m         
[92mINFO [0m:      aggregate_evaluate: received 5 results and 0 failures
[92mINFO [0m:      
[92mINFO [0m:      [ROUND 3]
[92mINFO [0m:      configure_fit: strategy sampled 5 clients (out of 5)
[36m(ClientAppActor pid=264302)[0m 
[36m(ClientAppActor pid=264302)[0m         
[36m(ClientAppActor pid=264300)[0m 
[36m(ClientAppActor pid=264300)[0m         
[36m(ClientAppActor pid=264299)[0m 
[36m(ClientAppActor pid=264299)[0m         
[36m(ClientAppActor pid=264301)[0m 
[36m(ClientAppActor pid=264301)[0m         
[36m(ClientAppActor pid=264298)[0m 
[36m(ClientAppActor pid=264298)[0m         
[92mINFO [0m:      aggregate_fit: received 5 results and 0 failures
[92mINFO [0m:      fit progress: (3, 0.8005907713890076, {'accuracy': 0.7207, 'loss': 0.8005907713890076}, 41.72763814101927)
[92mINFO [0m:      configure_evaluate: strategy sampled 5 clients (out of 5)
[36m(ClientAppActor pid=264302)[0m 
[36m(ClientAppActor pid=264302)[0m         
[36m(ClientAppActor pid=264302)[0m [93mWARNING [0m:   DEPRECATED FEATURE: `client_fn` now expects a signature `def client_fn(context: Context)`.The provided `client_fn` has signature: {'cid': <Parameter "cid: str">}. You can import the `Context` like this: `from flwr.app import Context`[32m [repeated 10x across cluster][0m
[36m(ClientAppActor pid=264302)[0m             This is a deprecated feature. It will be removed[32m [repeated 10x across cluster][0m
[36m(ClientAppActor pid=264302)[0m             entirely in future versions of Flower.[32m [repeated 10x across cluster][0m
[36m(ClientAppActor pid=264298)[0m 
[36m(ClientAppActor pid=264298)[0m         
[36m(ClientAppActor pid=264300)[0m 
[36m(ClientAppActor pid=264300)[0m         
[36m(ClientAppActor pid=264299)[0m 
[36m(ClientAppActor pid=264299)[0m         
[36m(ClientAppActor pid=264301)[0m 
[36m(ClientAppActor pid=264301)[0m         
[92mINFO [0m:      aggregate_evaluate: received 5 results and 0 failures
[92mINFO [0m:      
[92mINFO [0m:      [ROUND 4]
[92mINFO [0m:      configure_fit: strategy sampled 5 clients (out of 5)
[36m(ClientAppActor pid=264301)[0m 
[36m(ClientAppActor pid=264301)[0m         
[36m(ClientAppActor pid=264299)[0m 
[36m(ClientAppActor pid=264299)[0m         
[36m(ClientAppActor pid=264300)[0m 
[36m(ClientAppActor pid=264300)[0m         
[36m(ClientAppActor pid=264298)[0m 
[36m(ClientAppActor pid=264298)[0m         
[36m(ClientAppActor pid=264302)[0m 
[36m(ClientAppActor pid=264302)[0m         
[92mINFO [0m:      aggregate_fit: received 5 results and 0 failures
[92mINFO [0m:      fit progress: (4, 0.6941018954277038, {'accuracy': 0.7682, 'loss': 0.6941018954277038}, 55.622965901042335)
[92mINFO [0m:      configure_evaluate: strategy sampled 5 clients (out of 5)
[36m(ClientAppActor pid=264302)[0m 
[36m(ClientAppActor pid=264302)[0m         
[36m(ClientAppActor pid=264302)[0m [93mWARNING [0m:   DEPRECATED FEATURE: `client_fn` now expects a signature `def client_fn(context: Context)`.The provided `client_fn` has signature: {'cid': <Parameter "cid: str">}. You can import the `Context` like this: `from flwr.app import Context`[32m [repeated 10x across cluster][0m
[36m(ClientAppActor pid=264302)[0m             This is a deprecated feature. It will be removed[32m [repeated 10x across cluster][0m
[36m(ClientAppActor pid=264302)[0m             entirely in future versions of Flower.[32m [repeated 10x across cluster][0m
[36m(ClientAppActor pid=264298)[0m 
[36m(ClientAppActor pid=264298)[0m         
[36m(ClientAppActor pid=264300)[0m 
[36m(ClientAppActor pid=264300)[0m         
[36m(ClientAppActor pid=264299)[0m 
[36m(ClientAppActor pid=264299)[0m         
[36m(ClientAppActor pid=264301)[0m 
[36m(ClientAppActor pid=264301)[0m         
[92mINFO [0m:      aggregate_evaluate: received 5 results and 0 failures
[92mINFO [0m:      
[92mINFO [0m:      [ROUND 5]
[92mINFO [0m:      configure_fit: strategy sampled 5 clients (out of 5)
[36m(ClientAppActor pid=264301)[0m 
[36m(ClientAppActor pid=264301)[0m         
[36m(ClientAppActor pid=264299)[0m 
[36m(ClientAppActor pid=264299)[0m         
[36m(ClientAppActor pid=264300)[0m 
[36m(ClientAppActor pid=264300)[0m         
[36m(ClientAppActor pid=264298)[0m 
[36m(ClientAppActor pid=264298)[0m         
[36m(ClientAppActor pid=264302)[0m 
[36m(ClientAppActor pid=264302)[0m         
[92mINFO [0m:      aggregate_fit: received 5 results and 0 failures
[92mINFO [0m:      fit progress: (5, 0.6762784574508667, {'accuracy': 0.7794, 'loss': 0.6762784574508667}, 69.10797410801752)
[92mINFO [0m:      configure_evaluate: strategy sampled 5 clients (out of 5)
[36m(ClientAppActor pid=264298)[0m 
[36m(ClientAppActor pid=264298)[0m         
[36m(ClientAppActor pid=264298)[0m [93mWARNING [0m:   DEPRECATED FEATURE: `client_fn` now expects a signature `def client_fn(context: Context)`.The provided `client_fn` has signature: {'cid': <Parameter "cid: str">}. You can import the `Context` like this: `from flwr.app import Context`[32m [repeated 10x across cluster][0m
[36m(ClientAppActor pid=264298)[0m             This is a deprecated feature. It will be removed[32m [repeated 10x across cluster][0m
[36m(ClientAppActor pid=264298)[0m             entirely in future versions of Flower.[32m [repeated 10x across cluster][0m
[36m(ClientAppActor pid=264302)[0m 
[36m(ClientAppActor pid=264302)[0m         
[36m(ClientAppActor pid=264301)[0m 
[36m(ClientAppActor pid=264301)[0m         
[36m(ClientAppActor pid=264299)[0m 
[36m(ClientAppActor pid=264299)[0m         
[36m(ClientAppActor pid=264300)[0m 
[36m(ClientAppActor pid=264300)[0m         
[92mINFO [0m:      aggregate_evaluate: received 5 results and 0 failures
[92mINFO [0m:      
[92mINFO [0m:      [ROUND 6]
[92mINFO [0m:      configure_fit: strategy sampled 5 clients (out of 5)
[36m(ClientAppActor pid=264300)[0m 
[36m(ClientAppActor pid=264300)[0m         
[36m(ClientAppActor pid=264299)[0m 
[36m(ClientAppActor pid=264299)[0m         
[36m(ClientAppActor pid=264301)[0m 
[36m(ClientAppActor pid=264301)[0m         
[36m(ClientAppActor pid=264302)[0m 
[36m(ClientAppActor pid=264302)[0m         
[36m(ClientAppActor pid=264298)[0m 
[36m(ClientAppActor pid=264298)[0m         
[92mINFO [0m:      aggregate_fit: received 5 results and 0 failures
[92mINFO [0m:      fit progress: (6, 0.6682051158905029, {'accuracy': 0.793, 'loss': 0.6682051158905029}, 82.29159958404489)
[92mINFO [0m:      configure_evaluate: strategy sampled 5 clients (out of 5)
[36m(ClientAppActor pid=264300)[0m 
[36m(ClientAppActor pid=264300)[0m         
[36m(ClientAppActor pid=264300)[0m [93mWARNING [0m:   DEPRECATED FEATURE: `client_fn` now expects a signature `def client_fn(context: Context)`.The provided `client_fn` has signature: {'cid': <Parameter "cid: str">}. You can import the `Context` like this: `from flwr.app import Context`[32m [repeated 10x across cluster][0m
[36m(ClientAppActor pid=264300)[0m             This is a deprecated feature. It will be removed[32m [repeated 10x across cluster][0m
[36m(ClientAppActor pid=264300)[0m             entirely in future versions of Flower.[32m [repeated 10x across cluster][0m
[36m(ClientAppActor pid=264298)[0m 
[36m(ClientAppActor pid=264298)[0m         
[36m(ClientAppActor pid=264301)[0m 
[36m(ClientAppActor pid=264301)[0m         
[36m(ClientAppActor pid=264302)[0m 
[36m(ClientAppActor pid=264302)[0m         
[36m(ClientAppActor pid=264299)[0m 
[36m(ClientAppActor pid=264299)[0m         
[92mINFO [0m:      aggregate_evaluate: received 5 results and 0 failures
[92mINFO [0m:      
[92mINFO [0m:      [ROUND 7]
[92mINFO [0m:      configure_fit: strategy sampled 5 clients (out of 5)
[36m(ClientAppActor pid=264299)[0m 
[36m(ClientAppActor pid=264299)[0m         
[36m(ClientAppActor pid=264302)[0m 
[36m(ClientAppActor pid=264302)[0m         
[36m(ClientAppActor pid=264301)[0m 
[36m(ClientAppActor pid=264301)[0m         
[36m(ClientAppActor pid=264298)[0m 
[36m(ClientAppActor pid=264298)[0m         
[36m(ClientAppActor pid=264300)[0m 
[36m(ClientAppActor pid=264300)[0m         
[92mINFO [0m:      aggregate_fit: received 5 results and 0 failures
[92mINFO [0m:      fit progress: (7, 0.6715910880327225, {'accuracy': 0.8015, 'loss': 0.6715910880327225}, 95.50336895603687)
[92mINFO [0m:      configure_evaluate: strategy sampled 5 clients (out of 5)
[36m(ClientAppActor pid=264302)[0m 
[36m(ClientAppActor pid=264302)[0m         
[36m(ClientAppActor pid=264302)[0m [93mWARNING [0m:   DEPRECATED FEATURE: `client_fn` now expects a signature `def client_fn(context: Context)`.The provided `client_fn` has signature: {'cid': <Parameter "cid: str">}. You can import the `Context` like this: `from flwr.app import Context`[32m [repeated 10x across cluster][0m
[36m(ClientAppActor pid=264302)[0m             This is a deprecated feature. It will be removed[32m [repeated 10x across cluster][0m
[36m(ClientAppActor pid=264302)[0m             entirely in future versions of Flower.[32m [repeated 10x across cluster][0m
[36m(ClientAppActor pid=264300)[0m 
[36m(ClientAppActor pid=264300)[0m         
[36m(ClientAppActor pid=264298)[0m 
[36m(ClientAppActor pid=264298)[0m         
[36m(ClientAppActor pid=264301)[0m 
[36m(ClientAppActor pid=264301)[0m         
[36m(ClientAppActor pid=264299)[0m 
[36m(ClientAppActor pid=264299)[0m         
[92mINFO [0m:      aggregate_evaluate: received 5 results and 0 failures
[92mINFO [0m:      
[92mINFO [0m:      [ROUND 8]
[92mINFO [0m:      configure_fit: strategy sampled 5 clients (out of 5)
[36m(ClientAppActor pid=264299)[0m 
[36m(ClientAppActor pid=264299)[0m         
[36m(ClientAppActor pid=264301)[0m 
[36m(ClientAppActor pid=264301)[0m         
[36m(ClientAppActor pid=264298)[0m 
[36m(ClientAppActor pid=264298)[0m         
[36m(ClientAppActor pid=264300)[0m 
[36m(ClientAppActor pid=264300)[0m         
[36m(ClientAppActor pid=264302)[0m 
[36m(ClientAppActor pid=264302)[0m         
[92mINFO [0m:      aggregate_fit: received 5 results and 0 failures
[92mINFO [0m:      fit progress: (8, 0.7051378987669945, {'accuracy': 0.8051, 'loss': 0.7051378987669945}, 109.08166729402728)
[92mINFO [0m:      configure_evaluate: strategy sampled 5 clients (out of 5)
[36m(ClientAppActor pid=264300)[0m 
[36m(ClientAppActor pid=264300)[0m         
[36m(ClientAppActor pid=264300)[0m [93mWARNING [0m:   DEPRECATED FEATURE: `client_fn` now expects a signature `def client_fn(context: Context)`.The provided `client_fn` has signature: {'cid': <Parameter "cid: str">}. You can import the `Context` like this: `from flwr.app import Context`[32m [repeated 10x across cluster][0m
[36m(ClientAppActor pid=264300)[0m             This is a deprecated feature. It will be removed[32m [repeated 10x across cluster][0m
[36m(ClientAppActor pid=264300)[0m             entirely in future versions of Flower.[32m [repeated 10x across cluster][0m
[36m(ClientAppActor pid=264302)[0m 
[36m(ClientAppActor pid=264302)[0m         
[36m(ClientAppActor pid=264298)[0m 
[36m(ClientAppActor pid=264298)[0m         
[36m(ClientAppActor pid=264299)[0m 
[36m(ClientAppActor pid=264299)[0m         
[36m(ClientAppActor pid=264301)[0m 
[36m(ClientAppActor pid=264301)[0m         
[92mINFO [0m:      aggregate_evaluate: received 5 results and 0 failures
[92mINFO [0m:      
[92mINFO [0m:      [ROUND 9]
[92mINFO [0m:      configure_fit: strategy sampled 5 clients (out of 5)
[36m(ClientAppActor pid=264301)[0m 
[36m(ClientAppActor pid=264301)[0m         
[36m(ClientAppActor pid=264299)[0m 
[36m(ClientAppActor pid=264299)[0m         
[36m(ClientAppActor pid=264298)[0m 
[36m(ClientAppActor pid=264298)[0m         
[36m(ClientAppActor pid=264302)[0m 
[36m(ClientAppActor pid=264302)[0m         
[36m(ClientAppActor pid=264300)[0m 
[36m(ClientAppActor pid=264300)[0m         
[92mINFO [0m:      aggregate_fit: received 5 results and 0 failures
[92mINFO [0m:      fit progress: (9, 0.7249051082372665, {'accuracy': 0.8062, 'loss': 0.7249051082372665}, 122.80782597203506)
[92mINFO [0m:      configure_evaluate: strategy sampled 5 clients (out of 5)
[36m(ClientAppActor pid=264302)[0m 
[36m(ClientAppActor pid=264302)[0m         
[36m(ClientAppActor pid=264302)[0m [93mWARNING [0m:   DEPRECATED FEATURE: `client_fn` now expects a signature `def client_fn(context: Context)`.The provided `client_fn` has signature: {'cid': <Parameter "cid: str">}. You can import the `Context` like this: `from flwr.app import Context`[32m [repeated 10x across cluster][0m
[36m(ClientAppActor pid=264302)[0m             This is a deprecated feature. It will be removed[32m [repeated 10x across cluster][0m
[36m(ClientAppActor pid=264302)[0m             entirely in future versions of Flower.[32m [repeated 10x across cluster][0m
[36m(ClientAppActor pid=264300)[0m 
[36m(ClientAppActor pid=264300)[0m         
[36m(ClientAppActor pid=264298)[0m 
[36m(ClientAppActor pid=264298)[0m         
[36m(ClientAppActor pid=264299)[0m 
[36m(ClientAppActor pid=264299)[0m         
[36m(ClientAppActor pid=264301)[0m 
[36m(ClientAppActor pid=264301)[0m         
[92mINFO [0m:      aggregate_evaluate: received 5 results and 0 failures
[92mINFO [0m:      
[92mINFO [0m:      [ROUND 10]
[92mINFO [0m:      configure_fit: strategy sampled 5 clients (out of 5)
[36m(ClientAppActor pid=264301)[0m 
[36m(ClientAppActor pid=264301)[0m         
[36m(ClientAppActor pid=264299)[0m 
[36m(ClientAppActor pid=264299)[0m         
[36m(ClientAppActor pid=264298)[0m 
[36m(ClientAppActor pid=264298)[0m         
[36m(ClientAppActor pid=264300)[0m 
[36m(ClientAppActor pid=264300)[0m         
[36m(ClientAppActor pid=264302)[0m 
[36m(ClientAppActor pid=264302)[0m         
[92mINFO [0m:      aggregate_fit: received 5 results and 0 failures
[92mINFO [0m:      fit progress: (10, 0.7173339099884033, {'accuracy': 0.8125, 'loss': 0.7173339099884033}, 136.12356429704232)
[92mINFO [0m:      configure_evaluate: strategy sampled 5 clients (out of 5)
[36m(ClientAppActor pid=264301)[0m 
[36m(ClientAppActor pid=264301)[0m         
[36m(ClientAppActor pid=264301)[0m [93mWARNING [0m:   DEPRECATED FEATURE: `client_fn` now expects a signature `def client_fn(context: Context)`.The provided `client_fn` has signature: {'cid': <Parameter "cid: str">}. You can import the `Context` like this: `from flwr.app import Context`[32m [repeated 10x across cluster][0m
[36m(ClientAppActor pid=264301)[0m             This is a deprecated feature. It will be removed[32m [repeated 10x across cluster][0m
[36m(ClientAppActor pid=264301)[0m             entirely in future versions of Flower.[32m [repeated 10x across cluster][0m
[36m(ClientAppActor pid=264298)[0m 
[36m(ClientAppActor pid=264298)[0m         
[36m(ClientAppActor pid=264299)[0m 
[36m(ClientAppActor pid=264299)[0m         
[36m(ClientAppActor pid=264300)[0m 
[36m(ClientAppActor pid=264300)[0m         
[36m(ClientAppActor pid=264302)[0m 
[36m(ClientAppActor pid=264302)[0m         
[92mINFO [0m:      aggregate_evaluate: received 5 results and 0 failures
[92mINFO [0m:      
[92mINFO [0m:      [SUMMARY]
[92mINFO [0m:      Run finished 10 round(s) in 137.06s
[92mINFO [0m:      	History (loss, distributed):
[92mINFO [0m:      		round 1: 2.3049519121193707
[92mINFO [0m:      		round 2: 1.1161279340847439
[92mINFO [0m:      		round 3: 0.8069249314456141
[92mINFO [0m:      		round 4: 0.6944314955564893
[92mINFO [0m:      		round 5: 0.661923607872451
[92mINFO [0m:      		round 6: 0.653152624412733
[92mINFO [0m:      		round 7: 0.6579599435217216
[92mINFO [0m:      		round 8: 0.6802052601608408
[92mINFO [0m:      		round 9: 0.7024726634110962
[92mINFO [0m:      		round 10: 0.7055683089852506
[92mINFO [0m:      	History (loss, centralized):
[92mINFO [0m:      		round 0: 2.302824480819702
[92mINFO [0m:      		round 1: 2.3066277599334715
[92mINFO [0m:      		round 2: 1.1131874479293824
[92mINFO [0m:      		round 3: 0.8005907713890076
[92mINFO [0m:      		round 4: 0.6941018954277038
[92mINFO [0m:      		round 5: 0.6762784574508667
[92mINFO [0m:      		round 6: 0.6682051158905029
[92mINFO [0m:      		round 7: 0.6715910880327225
[92mINFO [0m:      		round 8: 0.7051378987669945
[92mINFO [0m:      		round 9: 0.7249051082372665
[92mINFO [0m:      		round 10: 0.7173339099884033
[92mINFO [0m:      	History (metrics, distributed, fit):
[92mINFO [0m:      	{'avg_flops_per_client_round': [(1, 8140624189440.0),
[92mINFO [0m:      	                                (2, 8140624189440.0),
[92mINFO [0m:      	                                (3, 8140624189440.0),
[92mINFO [0m:      	                                (4, 8140624189440.0),
[92mINFO [0m:      	                                (5, 8140624189440.0),
[92mINFO [0m:      	                                (6, 8140624189440.0),
[92mINFO [0m:      	                                (7, 8140624189440.0),
[92mINFO [0m:      	                                (8, 8140624189440.0),
[92mINFO [0m:      	                                (9, 8140624189440.0),
[92mINFO [0m:      	                                (10, 8140624189440.0)],
[92mINFO [0m:      	 'total_flops_round': [(1, 40703120947200),
[92mINFO [0m:      	                       (2, 40703120947200),
[92mINFO [0m:      	                       (3, 40703120947200),
[92mINFO [0m:      	                       (4, 40703120947200),
[92mINFO [0m:      	                       (5, 40703120947200),
[92mINFO [0m:      	                       (6, 40703120947200),
[92mINFO [0m:      	                       (7, 40703120947200),
[92mINFO [0m:      	                       (8, 40703120947200),
[92mINFO [0m:      	                       (9, 40703120947200),
[92mINFO [0m:      	                       (10, 40703120947200)]}
[92mINFO [0m:      	History (metrics, distributed, evaluate):
[92mINFO [0m:      	{'accuracy': [(1, 0.10624249699879952),
[92mINFO [0m:      	              (2, 0.6158463385354142),
[92mINFO [0m:      	              (3, 0.710484193677471),
[92mINFO [0m:      	              (4, 0.7575030012004802),
[92mINFO [0m:      	              (5, 0.7817126850740296),
[92mINFO [0m:      	              (6, 0.7913165266106442),
[92mINFO [0m:      	              (7, 0.7941176470588235),
[92mINFO [0m:      	              (8, 0.7977190876350541),
[92mINFO [0m:      	              (9, 0.8025210084033614),
[92mINFO [0m:      	              (10, 0.8047218887555022)],
[92mINFO [0m:      	 'loss': [(1, 2.3049519121193707),
[92mINFO [0m:      	          (2, 1.1161279340847439),
[92mINFO [0m:      	          (3, 0.8069249314456141),
[92mINFO [0m:      	          (4, 0.6944314955564893),
[92mINFO [0m:      	          (5, 0.661923607872451),
[92mINFO [0m:      	          (6, 0.653152624412733),
[92mINFO [0m:      	          (7, 0.6579599435217216),
[92mINFO [0m:      	          (8, 0.6802052601608408),
[92mINFO [0m:      	          (9, 0.7024726634110962),
[92mINFO [0m:      	          (10, 0.7055683089852506)]}
[92mINFO [0m:      	History (metrics, centralized):
[92mINFO [0m:      	{'accuracy': [(0, 0.1),
[92mINFO [0m:      	              (1, 0.1),
[92mINFO [0m:      	              (2, 0.6147),
[92mINFO [0m:      	              (3, 0.7207),
[92mINFO [0m:      	              (4, 0.7682),
[92mINFO [0m:      	              (5, 0.7794),
[92mINFO [0m:      	              (6, 0.793),
[92mINFO [0m:      	              (7, 0.8015),
[92mINFO [0m:      	              (8, 0.8051),
[92mINFO [0m:      	              (9, 0.8062),
[92mINFO [0m:      	              (10, 0.8125)],
[92mINFO [0m:      	 'loss': [(0, 2.302824480819702),
[92mINFO [0m:      	          (1, 2.3066277599334715),
[92mINFO [0m:      	          (2, 1.1131874479293824),
[92mINFO [0m:      	          (3, 0.8005907713890076),
[92mINFO [0m:      	          (4, 0.6941018954277038),
[92mINFO [0m:      	          (5, 0.6762784574508667),
[92mINFO [0m:      	          (6, 0.6682051158905029),
[92mINFO [0m:      	          (7, 0.6715910880327225),
[92mINFO [0m:      	          (8, 0.7051378987669945),
[92mINFO [0m:      	          (9, 0.7249051082372665),
[92mINFO [0m:      	          (10, 0.7173339099884033)]}
[92mINFO [0m:      
Treinando no dispositivo: cuda:0 com o dataset: CIFAR10 | Setup clientes: 5 (num_gpus por cliente=0.2) | SEED=42
FLOPS por amostra (forward): 6.030e+07 | (forward+backward, 3x): 1.809e+08
Files already downloaded and verified
Files already downloaded and verified
Dividindo o dataset usando a distribuição de Dirichlet com alpha=1.0.
Iniciando a simulação de Aprendizado Federado...
=== Diagnóstico de Medição de GPU ===
  pynvml_disponivel: True
  pynvml_versao: 580.173.02
  gpus_detectadas: 1
  leitura_potencia_ok: True
  potencia_atual_W: 104.299

--- Rodada 0 - Avaliação Centralizada (Servidor) ---
Loss (Servidor): 2.3028 | Acurácia (Servidor): 0.1000

--- Rodada 1 - Avaliação Centralizada (Servidor) ---
Loss (Servidor): 2.3066 | Acurácia (Servidor): 0.1000
--- Avaliação Agregada (Clientes) ---
Loss Média (Clientes): 2.3050 | Acurácia Média (Clientes): 0.1062

--- Rodada 2 - Avaliação Centralizada (Servidor) ---
Loss (Servidor): 1.1132 | Acurácia (Servidor): 0.6147
--- Avaliação Agregada (Clientes) ---
Loss Média (Clientes): 1.1161 | Acurácia Média (Clientes): 0.6158

--- Rodada 3 - Avaliação Centralizada (Servidor) ---
Loss (Servidor): 0.8006 | Acurácia (Servidor): 0.7207
--- Avaliação Agregada (Clientes) ---
Loss Média (Clientes): 0.8069 | Acurácia Média (Clientes): 0.7105

--- Rodada 4 - Avaliação Centralizada (Servidor) ---
Loss (Servidor): 0.6941 | Acurácia (Servidor): 0.7682
--- Avaliação Agregada (Clientes) ---
Loss Média (Clientes): 0.6944 | Acurácia Média (Clientes): 0.7575

--- Rodada 5 - Avaliação Centralizada (Servidor) ---
Loss (Servidor): 0.6763 | Acurácia (Servidor): 0.7794
--- Avaliação Agregada (Clientes) ---
Loss Média (Clientes): 0.6619 | Acurácia Média (Clientes): 0.7817

--- Rodada 6 - Avaliação Centralizada (Servidor) ---
Loss (Servidor): 0.6682 | Acurácia (Servidor): 0.7930
--- Avaliação Agregada (Clientes) ---
Loss Média (Clientes): 0.6532 | Acurácia Média (Clientes): 0.7913

--- Rodada 7 - Avaliação Centralizada (Servidor) ---
Loss (Servidor): 0.6716 | Acurácia (Servidor): 0.8015
--- Avaliação Agregada (Clientes) ---
Loss Média (Clientes): 0.6580 | Acurácia Média (Clientes): 0.7941

--- Rodada 8 - Avaliação Centralizada (Servidor) ---
Loss (Servidor): 0.7051 | Acurácia (Servidor): 0.8051
--- Avaliação Agregada (Clientes) ---
Loss Média (Clientes): 0.6802 | Acurácia Média (Clientes): 0.7977

--- Rodada 9 - Avaliação Centralizada (Servidor) ---
Loss (Servidor): 0.7249 | Acurácia (Servidor): 0.8062
--- Avaliação Agregada (Clientes) ---
Loss Média (Clientes): 0.7025 | Acurácia Média (Clientes): 0.8025

--- Rodada 10 - Avaliação Centralizada (Servidor) ---
Loss (Servidor): 0.7173 | Acurácia (Servidor): 0.8125
--- Avaliação Agregada (Clientes) ---
Loss Média (Clientes): 0.7056 | Acurácia Média (Clientes): 0.8047

Resultados salvos em: /home/tiago/GitHubProjects/fedhad-thesis-2/FedAVG-results/1.1_diagnostico_drift/CIFAR10/FedAVG__CIFAR10__Setup-5__Clients-5__Rounds-10__Delay-0_05__Alpha-1_0__Seed-42.txt
[36m(ClientAppActor pid=264302)[0m [93mWARNING [0m:   DEPRECATED FEATURE: `client_fn` now expects a signature `def client_fn(context: Context)`.The provided `client_fn` has signature: {'cid': <Parameter "cid: str">}. You can import the `Context` like this: `from flwr.app import Context`[32m [repeated 4x across cluster][0m
[36m(ClientAppActor pid=264302)[0m             This is a deprecated feature. It will be removed[32m [repeated 4x across cluster][0m
[36m(ClientAppActor pid=264302)[0m             entirely in future versions of Flower.[32m [repeated 4x across cluster][0m
