/home/tiago/GitHubProjects/fedhad-thesis-2/env_flwr_pt/lib/python3.12/site-packages/torch/utils/data/dataset.py:473: UserWarning: Length of split at index 0 is 0. This might result in an empty dataset.
  warnings.warn(
[codecarbon WARNING @ 12:40:21] Multiple instances of codecarbon are allowed to run at the same time.
[93mWARNING [0m:   DEPRECATED FEATURE: flwr.simulation.start_simulation() is deprecated.
	Instead, use the `flwr run` CLI command to start a local simulation in your Flower app, as shown for example below:

		$ flwr new  # Create a new Flower app from a template

		$ flwr run  # Run the Flower app in Simulation Mode

	Using `start_simulation()` is deprecated.

            This is a deprecated feature. It will be removed
            entirely in future versions of Flower.
        
[92mINFO [0m:      Starting Flower simulation, config: num_rounds=10, no round_timeout
2026-09-04 12:40:29,203	INFO worker.py:2012 -- Started a local Ray instance.
/home/tiago/GitHubProjects/fedhad-thesis-2/env_flwr_pt/lib/python3.12/site-packages/ray/_private/worker.py:2051: FutureWarning: Tip: In future versions of Ray, Ray will no longer override accelerator visible devices env var if num_gpus=0 or num_gpus=None (default). To enable this behavior and turn off this error message, set RAY_ACCEL_ENV_VAR_OVERRIDE_ON_ZERO=0
  warnings.warn(
[92mINFO [0m:      Flower VCE: Ray initialized with resources: {'node:10.129.64.100': 1.0, 'object_store_memory': 77756821094.0, 'memory': 181432582554.0, 'accelerator_type:A40': 1.0, 'GPU': 1.0, 'CPU': 64.0, 'node:__internal_head__': 1.0}
[92mINFO [0m:      Optimize your simulation with Flower VCE: https://flower.ai/docs/framework/how-to-run-simulations.html
/home/tiago/GitHubProjects/fedhad-thesis-2/FedAVG_Final.py:1577: UserWarning: No `num_cpus` specified in `client_resources`. Using `num_cpus=1` for each client.
  history = fl.simulation.start_simulation(
[92mINFO [0m:      Flower VCE: Resources for each Virtual Client: {'num_gpus': 0.2, 'num_cpus': 1}
[92mINFO [0m:      Flower VCE: Creating VirtualClientEngineActorPool with 5 actors
[92mINFO [0m:      [INIT]
[92mINFO [0m:      Requesting initial parameters from one random client
[36m(ClientAppActor pid=462132)[0m [93mWARNING [0m:   DEPRECATED FEATURE: `client_fn` now expects a signature `def client_fn(context: Context)`.The provided `client_fn` has signature: {'cid': <Parameter "cid: str">}. You can import the `Context` like this: `from flwr.app import Context`
[36m(ClientAppActor pid=462132)[0m 
[36m(ClientAppActor pid=462132)[0m             This is a deprecated feature. It will be removed
[36m(ClientAppActor pid=462132)[0m             entirely in future versions of Flower.
[36m(ClientAppActor pid=462132)[0m         
[92mINFO [0m:      Received initial parameters from one random client
[92mINFO [0m:      Starting evaluation of initial global parameters
[92mINFO [0m:      initial parameters (loss, other metrics): 2.303316796875, {'accuracy': 0.1, 'loss': 2.303316796875}
[92mINFO [0m:      
[92mINFO [0m:      [ROUND 1]
[92mINFO [0m:      configure_fit: strategy sampled 5 clients (out of 5)
[36m(ClientAppActor pid=462132)[0m [93mWARNING [0m:   DEPRECATED FEATURE: `client_fn` now expects a signature `def client_fn(context: Context)`.The provided `client_fn` has signature: {'cid': <Parameter "cid: str">}. You can import the `Context` like this: `from flwr.app import Context`
[36m(ClientAppActor pid=462132)[0m 
[36m(ClientAppActor pid=462132)[0m             This is a deprecated feature. It will be removed
[36m(ClientAppActor pid=462132)[0m             entirely in future versions of Flower.
[36m(ClientAppActor pid=462132)[0m         
[36m(ClientAppActor pid=462130)[0m 
[36m(ClientAppActor pid=462130)[0m         
[36m(ClientAppActor pid=462131)[0m 
[36m(ClientAppActor pid=462131)[0m         
[36m(ClientAppActor pid=462129)[0m 
[36m(ClientAppActor pid=462129)[0m         
[36m(ClientAppActor pid=462128)[0m 
[36m(ClientAppActor pid=462128)[0m         
[92mINFO [0m:      aggregate_fit: received 5 results and 0 failures
[92mINFO [0m:      fit progress: (1, 2.3084500118255615, {'accuracy': 0.1186, 'loss': 2.3084500118255615}, 14.472047579009086)
[92mINFO [0m:      configure_evaluate: strategy sampled 5 clients (out of 5)
[36m(ClientAppActor pid=462131)[0m 
[36m(ClientAppActor pid=462131)[0m         
[36m(ClientAppActor pid=462131)[0m [93mWARNING [0m:   DEPRECATED FEATURE: `client_fn` now expects a signature `def client_fn(context: Context)`.The provided `client_fn` has signature: {'cid': <Parameter "cid: str">}. You can import the `Context` like this: `from flwr.app import Context`[32m [repeated 5x across cluster] (Ray deduplicates logs by default. Set RAY_DEDUP_LOGS=0 to disable log deduplication, or see https://docs.ray.io/en/master/ray-observability/user-guides/configure-logging.html#log-deduplication for more options.)[0m
[36m(ClientAppActor pid=462131)[0m             This is a deprecated feature. It will be removed[32m [repeated 5x across cluster][0m
[36m(ClientAppActor pid=462131)[0m             entirely in future versions of Flower.[32m [repeated 5x across cluster][0m
[36m(ClientAppActor pid=462130)[0m 
[36m(ClientAppActor pid=462130)[0m         
[36m(ClientAppActor pid=462128)[0m 
[36m(ClientAppActor pid=462128)[0m         
[36m(ClientAppActor pid=462132)[0m 
[36m(ClientAppActor pid=462132)[0m         
[36m(ClientAppActor pid=462129)[0m 
[36m(ClientAppActor pid=462129)[0m         
[92mINFO [0m:      aggregate_evaluate: received 5 results and 0 failures
[92mINFO [0m:      
[92mINFO [0m:      [ROUND 2]
[92mINFO [0m:      configure_fit: strategy sampled 5 clients (out of 5)
[36m(ClientAppActor pid=462129)[0m 
[36m(ClientAppActor pid=462129)[0m         
[36m(ClientAppActor pid=462128)[0m 
[36m(ClientAppActor pid=462128)[0m         
[36m(ClientAppActor pid=462132)[0m 
[36m(ClientAppActor pid=462132)[0m         
[36m(ClientAppActor pid=462130)[0m 
[36m(ClientAppActor pid=462130)[0m         
[36m(ClientAppActor pid=462131)[0m 
[36m(ClientAppActor pid=462131)[0m         
[92mINFO [0m:      aggregate_fit: received 5 results and 0 failures
[92mINFO [0m:      fit progress: (2, 2.2327384468078613, {'accuracy': 0.1895, 'loss': 2.2327384468078613}, 28.348716407024767)
[92mINFO [0m:      configure_evaluate: strategy sampled 5 clients (out of 5)
[36m(ClientAppActor pid=462131)[0m 
[36m(ClientAppActor pid=462131)[0m         
[36m(ClientAppActor pid=462131)[0m [93mWARNING [0m:   DEPRECATED FEATURE: `client_fn` now expects a signature `def client_fn(context: Context)`.The provided `client_fn` has signature: {'cid': <Parameter "cid: str">}. You can import the `Context` like this: `from flwr.app import Context`[32m [repeated 10x across cluster][0m
[36m(ClientAppActor pid=462131)[0m             This is a deprecated feature. It will be removed[32m [repeated 10x across cluster][0m
[36m(ClientAppActor pid=462131)[0m             entirely in future versions of Flower.[32m [repeated 10x across cluster][0m
[36m(ClientAppActor pid=462132)[0m 
[36m(ClientAppActor pid=462132)[0m         
[36m(ClientAppActor pid=462128)[0m 
[36m(ClientAppActor pid=462128)[0m         
[36m(ClientAppActor pid=462129)[0m 
[36m(ClientAppActor pid=462129)[0m         
[36m(ClientAppActor pid=462130)[0m 
[36m(ClientAppActor pid=462130)[0m         
[92mINFO [0m:      aggregate_evaluate: received 5 results and 0 failures
[92mINFO [0m:      
[92mINFO [0m:      [ROUND 3]
[92mINFO [0m:      configure_fit: strategy sampled 5 clients (out of 5)
[36m(ClientAppActor pid=462130)[0m 
[36m(ClientAppActor pid=462130)[0m         
[36m(ClientAppActor pid=462129)[0m 
[36m(ClientAppActor pid=462129)[0m         
[36m(ClientAppActor pid=462128)[0m 
[36m(ClientAppActor pid=462128)[0m         
[36m(ClientAppActor pid=462132)[0m 
[36m(ClientAppActor pid=462132)[0m         
[36m(ClientAppActor pid=462131)[0m 
[36m(ClientAppActor pid=462131)[0m         
[92mINFO [0m:      aggregate_fit: received 5 results and 0 failures
[92mINFO [0m:      fit progress: (3, 1.911551485824585, {'accuracy': 0.373, 'loss': 1.911551485824585}, 41.85534117097268)
[92mINFO [0m:      configure_evaluate: strategy sampled 5 clients (out of 5)
[36m(ClientAppActor pid=462128)[0m 
[36m(ClientAppActor pid=462128)[0m         
[36m(ClientAppActor pid=462128)[0m [93mWARNING [0m:   DEPRECATED FEATURE: `client_fn` now expects a signature `def client_fn(context: Context)`.The provided `client_fn` has signature: {'cid': <Parameter "cid: str">}. You can import the `Context` like this: `from flwr.app import Context`[32m [repeated 10x across cluster][0m
[36m(ClientAppActor pid=462128)[0m             This is a deprecated feature. It will be removed[32m [repeated 10x across cluster][0m
[36m(ClientAppActor pid=462128)[0m             entirely in future versions of Flower.[32m [repeated 10x across cluster][0m
[36m(ClientAppActor pid=462130)[0m 
[36m(ClientAppActor pid=462130)[0m         
[36m(ClientAppActor pid=462132)[0m 
[36m(ClientAppActor pid=462132)[0m         
[36m(ClientAppActor pid=462129)[0m 
[36m(ClientAppActor pid=462129)[0m         
[36m(ClientAppActor pid=462131)[0m 
[36m(ClientAppActor pid=462131)[0m         
[92mINFO [0m:      aggregate_evaluate: received 5 results and 0 failures
[92mINFO [0m:      
[92mINFO [0m:      [ROUND 4]
[92mINFO [0m:      configure_fit: strategy sampled 5 clients (out of 5)
[36m(ClientAppActor pid=462131)[0m 
[36m(ClientAppActor pid=462131)[0m         
[36m(ClientAppActor pid=462132)[0m 
[36m(ClientAppActor pid=462132)[0m         
[36m(ClientAppActor pid=462129)[0m 
[36m(ClientAppActor pid=462129)[0m         
[36m(ClientAppActor pid=462130)[0m 
[36m(ClientAppActor pid=462130)[0m         
[36m(ClientAppActor pid=462128)[0m 
[36m(ClientAppActor pid=462128)[0m         
[92mINFO [0m:      aggregate_fit: received 5 results and 0 failures
[92mINFO [0m:      fit progress: (4, 1.6866273513793946, {'accuracy': 0.4476, 'loss': 1.6866273513793946}, 55.35005507001188)
[92mINFO [0m:      configure_evaluate: strategy sampled 5 clients (out of 5)
[36m(ClientAppActor pid=462129)[0m 
[36m(ClientAppActor pid=462129)[0m         
[36m(ClientAppActor pid=462129)[0m [93mWARNING [0m:   DEPRECATED FEATURE: `client_fn` now expects a signature `def client_fn(context: Context)`.The provided `client_fn` has signature: {'cid': <Parameter "cid: str">}. You can import the `Context` like this: `from flwr.app import Context`[32m [repeated 10x across cluster][0m
[36m(ClientAppActor pid=462129)[0m             This is a deprecated feature. It will be removed[32m [repeated 10x across cluster][0m
[36m(ClientAppActor pid=462129)[0m             entirely in future versions of Flower.[32m [repeated 10x across cluster][0m
[36m(ClientAppActor pid=462132)[0m 
[36m(ClientAppActor pid=462132)[0m         
[36m(ClientAppActor pid=462128)[0m 
[36m(ClientAppActor pid=462128)[0m         
[36m(ClientAppActor pid=462130)[0m 
[36m(ClientAppActor pid=462130)[0m         
[36m(ClientAppActor pid=462131)[0m 
[36m(ClientAppActor pid=462131)[0m         
[92mINFO [0m:      aggregate_evaluate: received 5 results and 0 failures
[92mINFO [0m:      
[92mINFO [0m:      [ROUND 5]
[92mINFO [0m:      configure_fit: strategy sampled 5 clients (out of 5)
[36m(ClientAppActor pid=462131)[0m 
[36m(ClientAppActor pid=462131)[0m         
[36m(ClientAppActor pid=462132)[0m 
[36m(ClientAppActor pid=462132)[0m         
[36m(ClientAppActor pid=462130)[0m 
[36m(ClientAppActor pid=462130)[0m         
[36m(ClientAppActor pid=462128)[0m 
[36m(ClientAppActor pid=462128)[0m         
[36m(ClientAppActor pid=462129)[0m 
[36m(ClientAppActor pid=462129)[0m         
[92mINFO [0m:      aggregate_fit: received 5 results and 0 failures
[92mINFO [0m:      fit progress: (5, 1.545543497657776, {'accuracy': 0.4916, 'loss': 1.545543497657776}, 69.30293633497786)
[92mINFO [0m:      configure_evaluate: strategy sampled 5 clients (out of 5)
[36m(ClientAppActor pid=462129)[0m 
[36m(ClientAppActor pid=462129)[0m         
[36m(ClientAppActor pid=462129)[0m [93mWARNING [0m:   DEPRECATED FEATURE: `client_fn` now expects a signature `def client_fn(context: Context)`.The provided `client_fn` has signature: {'cid': <Parameter "cid: str">}. You can import the `Context` like this: `from flwr.app import Context`[32m [repeated 10x across cluster][0m
[36m(ClientAppActor pid=462129)[0m             This is a deprecated feature. It will be removed[32m [repeated 10x across cluster][0m
[36m(ClientAppActor pid=462129)[0m             entirely in future versions of Flower.[32m [repeated 10x across cluster][0m
[36m(ClientAppActor pid=462132)[0m 
[36m(ClientAppActor pid=462132)[0m         
[36m(ClientAppActor pid=462130)[0m 
[36m(ClientAppActor pid=462130)[0m         
[36m(ClientAppActor pid=462128)[0m 
[36m(ClientAppActor pid=462128)[0m         
[36m(ClientAppActor pid=462131)[0m 
[36m(ClientAppActor pid=462131)[0m         
[92mINFO [0m:      aggregate_evaluate: received 5 results and 0 failures
[92mINFO [0m:      
[92mINFO [0m:      [ROUND 6]
[92mINFO [0m:      configure_fit: strategy sampled 5 clients (out of 5)
[36m(ClientAppActor pid=462131)[0m 
[36m(ClientAppActor pid=462131)[0m         
[36m(ClientAppActor pid=462128)[0m 
[36m(ClientAppActor pid=462128)[0m         
[36m(ClientAppActor pid=462132)[0m 
[36m(ClientAppActor pid=462132)[0m         
[36m(ClientAppActor pid=462130)[0m 
[36m(ClientAppActor pid=462130)[0m         
[36m(ClientAppActor pid=462129)[0m 
[36m(ClientAppActor pid=462129)[0m         
[92mINFO [0m:      aggregate_fit: received 5 results and 0 failures
[92mINFO [0m:      fit progress: (6, 1.482718942451477, {'accuracy': 0.5046, 'loss': 1.482718942451477}, 83.02885607001372)
[92mINFO [0m:      configure_evaluate: strategy sampled 5 clients (out of 5)
[36m(ClientAppActor pid=462130)[0m 
[36m(ClientAppActor pid=462130)[0m         
[36m(ClientAppActor pid=462130)[0m [93mWARNING [0m:   DEPRECATED FEATURE: `client_fn` now expects a signature `def client_fn(context: Context)`.The provided `client_fn` has signature: {'cid': <Parameter "cid: str">}. You can import the `Context` like this: `from flwr.app import Context`[32m [repeated 10x across cluster][0m
[36m(ClientAppActor pid=462130)[0m             This is a deprecated feature. It will be removed[32m [repeated 10x across cluster][0m
[36m(ClientAppActor pid=462130)[0m             entirely in future versions of Flower.[32m [repeated 10x across cluster][0m
[36m(ClientAppActor pid=462128)[0m 
[36m(ClientAppActor pid=462128)[0m         
[36m(ClientAppActor pid=462132)[0m 
[36m(ClientAppActor pid=462132)[0m         
[36m(ClientAppActor pid=462131)[0m 
[36m(ClientAppActor pid=462131)[0m         
[36m(ClientAppActor pid=462129)[0m 
[36m(ClientAppActor pid=462129)[0m         
[92mINFO [0m:      aggregate_evaluate: received 5 results and 0 failures
[92mINFO [0m:      
[92mINFO [0m:      [ROUND 7]
[92mINFO [0m:      configure_fit: strategy sampled 5 clients (out of 5)
[36m(ClientAppActor pid=462129)[0m 
[36m(ClientAppActor pid=462129)[0m         
[36m(ClientAppActor pid=462131)[0m 
[36m(ClientAppActor pid=462131)[0m         
[36m(ClientAppActor pid=462132)[0m 
[36m(ClientAppActor pid=462132)[0m         
[36m(ClientAppActor pid=462128)[0m 
[36m(ClientAppActor pid=462128)[0m         
[36m(ClientAppActor pid=462130)[0m 
[36m(ClientAppActor pid=462130)[0m         
[92mINFO [0m:      aggregate_fit: received 5 results and 0 failures
[92mINFO [0m:      fit progress: (7, 1.3482979055404662, {'accuracy': 0.548, 'loss': 1.3482979055404662}, 96.55649558099685)
[92mINFO [0m:      configure_evaluate: strategy sampled 5 clients (out of 5)
[36m(ClientAppActor pid=462130)[0m 
[36m(ClientAppActor pid=462130)[0m         
[36m(ClientAppActor pid=462130)[0m [93mWARNING [0m:   DEPRECATED FEATURE: `client_fn` now expects a signature `def client_fn(context: Context)`.The provided `client_fn` has signature: {'cid': <Parameter "cid: str">}. You can import the `Context` like this: `from flwr.app import Context`[32m [repeated 10x across cluster][0m
[36m(ClientAppActor pid=462130)[0m             This is a deprecated feature. It will be removed[32m [repeated 10x across cluster][0m
[36m(ClientAppActor pid=462130)[0m             entirely in future versions of Flower.[32m [repeated 10x across cluster][0m
[36m(ClientAppActor pid=462128)[0m 
[36m(ClientAppActor pid=462128)[0m         
[36m(ClientAppActor pid=462131)[0m 
[36m(ClientAppActor pid=462131)[0m         
[36m(ClientAppActor pid=462129)[0m 
[36m(ClientAppActor pid=462129)[0m         
[36m(ClientAppActor pid=462132)[0m 
[36m(ClientAppActor pid=462132)[0m         
[92mINFO [0m:      aggregate_evaluate: received 5 results and 0 failures
[92mINFO [0m:      
[92mINFO [0m:      [ROUND 8]
[92mINFO [0m:      configure_fit: strategy sampled 5 clients (out of 5)
[36m(ClientAppActor pid=462132)[0m 
[36m(ClientAppActor pid=462132)[0m         
[36m(ClientAppActor pid=462131)[0m 
[36m(ClientAppActor pid=462131)[0m         
[36m(ClientAppActor pid=462129)[0m 
[36m(ClientAppActor pid=462129)[0m         
[36m(ClientAppActor pid=462128)[0m 
[36m(ClientAppActor pid=462128)[0m         
[36m(ClientAppActor pid=462130)[0m 
[36m(ClientAppActor pid=462130)[0m         
[92mINFO [0m:      aggregate_fit: received 5 results and 0 failures
[92mINFO [0m:      fit progress: (8, 1.3129616676330567, {'accuracy': 0.5572, 'loss': 1.3129616676330567}, 110.49240813398501)
[92mINFO [0m:      configure_evaluate: strategy sampled 5 clients (out of 5)
[36m(ClientAppActor pid=462130)[0m 
[36m(ClientAppActor pid=462130)[0m         
[36m(ClientAppActor pid=462130)[0m [93mWARNING [0m:   DEPRECATED FEATURE: `client_fn` now expects a signature `def client_fn(context: Context)`.The provided `client_fn` has signature: {'cid': <Parameter "cid: str">}. You can import the `Context` like this: `from flwr.app import Context`[32m [repeated 10x across cluster][0m
[36m(ClientAppActor pid=462130)[0m             This is a deprecated feature. It will be removed[32m [repeated 10x across cluster][0m
[36m(ClientAppActor pid=462130)[0m             entirely in future versions of Flower.[32m [repeated 10x across cluster][0m
[36m(ClientAppActor pid=462132)[0m 
[36m(ClientAppActor pid=462132)[0m         
[36m(ClientAppActor pid=462129)[0m 
[36m(ClientAppActor pid=462129)[0m         
[36m(ClientAppActor pid=462128)[0m 
[36m(ClientAppActor pid=462128)[0m         
[36m(ClientAppActor pid=462131)[0m 
[36m(ClientAppActor pid=462131)[0m         
[92mINFO [0m:      aggregate_evaluate: received 5 results and 0 failures
[92mINFO [0m:      
[92mINFO [0m:      [ROUND 9]
[92mINFO [0m:      configure_fit: strategy sampled 5 clients (out of 5)
[36m(ClientAppActor pid=462131)[0m 
[36m(ClientAppActor pid=462131)[0m         
[36m(ClientAppActor pid=462129)[0m 
[36m(ClientAppActor pid=462129)[0m         
[36m(ClientAppActor pid=462128)[0m 
[36m(ClientAppActor pid=462128)[0m         
[36m(ClientAppActor pid=462132)[0m 
[36m(ClientAppActor pid=462132)[0m         
[36m(ClientAppActor pid=462130)[0m 
[36m(ClientAppActor pid=462130)[0m         
[92mINFO [0m:      aggregate_fit: received 5 results and 0 failures
[92mINFO [0m:      fit progress: (9, 1.3068718748092651, {'accuracy': 0.5497, 'loss': 1.3068718748092651}, 123.9697582909721)
[92mINFO [0m:      configure_evaluate: strategy sampled 5 clients (out of 5)
[36m(ClientAppActor pid=462130)[0m 
[36m(ClientAppActor pid=462130)[0m         
[36m(ClientAppActor pid=462130)[0m [93mWARNING [0m:   DEPRECATED FEATURE: `client_fn` now expects a signature `def client_fn(context: Context)`.The provided `client_fn` has signature: {'cid': <Parameter "cid: str">}. You can import the `Context` like this: `from flwr.app import Context`[32m [repeated 10x across cluster][0m
[36m(ClientAppActor pid=462130)[0m             This is a deprecated feature. It will be removed[32m [repeated 10x across cluster][0m
[36m(ClientAppActor pid=462130)[0m             entirely in future versions of Flower.[32m [repeated 10x across cluster][0m
[36m(ClientAppActor pid=462132)[0m 
[36m(ClientAppActor pid=462132)[0m         
[36m(ClientAppActor pid=462129)[0m 
[36m(ClientAppActor pid=462129)[0m         
[36m(ClientAppActor pid=462131)[0m 
[36m(ClientAppActor pid=462131)[0m         
[36m(ClientAppActor pid=462128)[0m 
[36m(ClientAppActor pid=462128)[0m         
[92mINFO [0m:      aggregate_evaluate: received 5 results and 0 failures
[92mINFO [0m:      
[92mINFO [0m:      [ROUND 10]
[92mINFO [0m:      configure_fit: strategy sampled 5 clients (out of 5)
[36m(ClientAppActor pid=462128)[0m 
[36m(ClientAppActor pid=462128)[0m         
[36m(ClientAppActor pid=462129)[0m 
[36m(ClientAppActor pid=462129)[0m         
[36m(ClientAppActor pid=462131)[0m 
[36m(ClientAppActor pid=462131)[0m         
[36m(ClientAppActor pid=462132)[0m 
[36m(ClientAppActor pid=462132)[0m         
[36m(ClientAppActor pid=462130)[0m 
[36m(ClientAppActor pid=462130)[0m         
[92mINFO [0m:      aggregate_fit: received 5 results and 0 failures
[92mINFO [0m:      fit progress: (10, 1.2502826549530028, {'accuracy': 0.5685, 'loss': 1.2502826549530028}, 137.66060660302173)
[92mINFO [0m:      configure_evaluate: strategy sampled 5 clients (out of 5)
[36m(ClientAppActor pid=462130)[0m 
[36m(ClientAppActor pid=462130)[0m         
[36m(ClientAppActor pid=462130)[0m [93mWARNING [0m:   DEPRECATED FEATURE: `client_fn` now expects a signature `def client_fn(context: Context)`.The provided `client_fn` has signature: {'cid': <Parameter "cid: str">}. You can import the `Context` like this: `from flwr.app import Context`[32m [repeated 10x across cluster][0m
[36m(ClientAppActor pid=462130)[0m             This is a deprecated feature. It will be removed[32m [repeated 10x across cluster][0m
[36m(ClientAppActor pid=462130)[0m             entirely in future versions of Flower.[32m [repeated 10x across cluster][0m
[36m(ClientAppActor pid=462132)[0m 
[36m(ClientAppActor pid=462132)[0m         
[36m(ClientAppActor pid=462129)[0m 
[36m(ClientAppActor pid=462129)[0m         
[36m(ClientAppActor pid=462128)[0m 
[36m(ClientAppActor pid=462128)[0m         
[36m(ClientAppActor pid=462131)[0m 
[36m(ClientAppActor pid=462131)[0m         
[92mINFO [0m:      aggregate_evaluate: received 5 results and 0 failures
[92mINFO [0m:      
[92mINFO [0m:      [SUMMARY]
[92mINFO [0m:      Run finished 10 round(s) in 138.53s
[92mINFO [0m:      	History (loss, distributed):
[92mINFO [0m:      		round 1: 2.308346888236366
[92mINFO [0m:      		round 2: 2.245511086899463
[92mINFO [0m:      		round 3: 1.9278782770666605
[92mINFO [0m:      		round 4: 1.7063091351142237
[92mINFO [0m:      		round 5: 1.560092993869045
[92mINFO [0m:      		round 6: 1.4991078695837892
[92mINFO [0m:      		round 7: 1.362065746536682
[92mINFO [0m:      		round 8: 1.3146138378180703
[92mINFO [0m:      		round 9: 1.3065054688746511
[92mINFO [0m:      		round 10: 1.2468781925292225
[92mINFO [0m:      	History (loss, centralized):
[92mINFO [0m:      		round 0: 2.303316796875
[92mINFO [0m:      		round 1: 2.3084500118255615
[92mINFO [0m:      		round 2: 2.2327384468078613
[92mINFO [0m:      		round 3: 1.911551485824585
[92mINFO [0m:      		round 4: 1.6866273513793946
[92mINFO [0m:      		round 5: 1.545543497657776
[92mINFO [0m:      		round 6: 1.482718942451477
[92mINFO [0m:      		round 7: 1.3482979055404662
[92mINFO [0m:      		round 8: 1.3129616676330567
[92mINFO [0m:      		round 9: 1.3068718748092651
[92mINFO [0m:      		round 10: 1.2502826549530028
[92mINFO [0m:      	History (metrics, distributed, fit):
[92mINFO [0m:      	{'avg_flops_per_client_round': [(1, 8140443294720.0),
[92mINFO [0m:      	                                (2, 8140443294720.0),
[92mINFO [0m:      	                                (3, 8140443294720.0),
[92mINFO [0m:      	                                (4, 8140443294720.0),
[92mINFO [0m:      	                                (5, 8140443294720.0),
[92mINFO [0m:      	                                (6, 8140443294720.0),
[92mINFO [0m:      	                                (7, 8140443294720.0),
[92mINFO [0m:      	                                (8, 8140443294720.0),
[92mINFO [0m:      	                                (9, 8140443294720.0),
[92mINFO [0m:      	                                (10, 8140443294720.0)],
[92mINFO [0m:      	 'total_flops_round': [(1, 40702216473600),
[92mINFO [0m:      	                       (2, 40702216473600),
[92mINFO [0m:      	                       (3, 40702216473600),
[92mINFO [0m:      	                       (4, 40702216473600),
[92mINFO [0m:      	                       (5, 40702216473600),
[92mINFO [0m:      	                       (6, 40702216473600),
[92mINFO [0m:      	                       (7, 40702216473600),
[92mINFO [0m:      	                       (8, 40702216473600),
[92mINFO [0m:      	                       (9, 40702216473600),
[92mINFO [0m:      	                       (10, 40702216473600)]}
[92mINFO [0m:      	History (metrics, distributed, evaluate):
[92mINFO [0m:      	{'accuracy': [(1, 0.1194238847769554),
[92mINFO [0m:      	              (2, 0.17683536707341468),
[92mINFO [0m:      	              (3, 0.36687337467493497),
[92mINFO [0m:      	              (4, 0.44288857771554313),
[92mINFO [0m:      	              (5, 0.48569713942788556),
[92mINFO [0m:      	              (6, 0.4978995799159832),
[92mINFO [0m:      	              (7, 0.541508301660332),
[92mINFO [0m:      	              (8, 0.5591118223644729),
[92mINFO [0m:      	              (9, 0.5519103820764153),
[92mINFO [0m:      	              (10, 0.5739147829565913)],
[92mINFO [0m:      	 'loss': [(1, 2.308346888236366),
[92mINFO [0m:      	          (2, 2.245511086899463),
[92mINFO [0m:      	          (3, 1.9278782770666605),
[92mINFO [0m:      	          (4, 1.7063091351142237),
[92mINFO [0m:      	          (5, 1.560092993869045),
[92mINFO [0m:      	          (6, 1.4991078695837892),
[92mINFO [0m:      	          (7, 1.362065746536682),
[92mINFO [0m:      	          (8, 1.3146138378180703),
[92mINFO [0m:      	          (9, 1.3065054688746511),
[92mINFO [0m:      	          (10, 1.2468781925292225)]}
[92mINFO [0m:      	History (metrics, centralized):
[92mINFO [0m:      	{'accuracy': [(0, 0.1),
[92mINFO [0m:      	              (1, 0.1186),
[92mINFO [0m:      	              (2, 0.1895),
[92mINFO [0m:      	              (3, 0.373),
[92mINFO [0m:      	              (4, 0.4476),
[92mINFO [0m:      	              (5, 0.4916),
[92mINFO [0m:      	              (6, 0.5046),
[92mINFO [0m:      	              (7, 0.548),
[92mINFO [0m:      	              (8, 0.5572),
[92mINFO [0m:      	              (9, 0.5497),
[92mINFO [0m:      	              (10, 0.5685)],
[92mINFO [0m:      	 'loss': [(0, 2.303316796875),
[92mINFO [0m:      	          (1, 2.3084500118255615),
[92mINFO [0m:      	          (2, 2.2327384468078613),
[92mINFO [0m:      	          (3, 1.911551485824585),
[92mINFO [0m:      	          (4, 1.6866273513793946),
[92mINFO [0m:      	          (5, 1.545543497657776),
[92mINFO [0m:      	          (6, 1.482718942451477),
[92mINFO [0m:      	          (7, 1.3482979055404662),
[92mINFO [0m:      	          (8, 1.3129616676330567),
[92mINFO [0m:      	          (9, 1.3068718748092651),
[92mINFO [0m:      	          (10, 1.2502826549530028)]}
[92mINFO [0m:      
Treinando no dispositivo: cuda:0 com o dataset: CIFAR10 | Setup clientes: 5 (num_gpus por cliente=0.2) | SEED=48
FLOPS por amostra (forward): 6.030e+07 | (forward+backward, 3x): 1.809e+08
Files already downloaded and verified
Files already downloaded and verified
Dividindo o dataset usando a distribuição de Dirichlet com alpha=0.01.
Aviso: Cliente 4 tem apenas 1 amostra(s), que serão usadas para validação.
Iniciando a simulação de Aprendizado Federado...
=== Diagnóstico de Medição de GPU ===
  pynvml_disponivel: True
  pynvml_versao: 580.173.02
  gpus_detectadas: 1
  leitura_potencia_ok: True
  potencia_atual_W: 113.712

--- Rodada 0 - Avaliação Centralizada (Servidor) ---
Loss (Servidor): 2.3033 | Acurácia (Servidor): 0.1000

--- Rodada 1 - Avaliação Centralizada (Servidor) ---
Loss (Servidor): 2.3085 | Acurácia (Servidor): 0.1186
--- Avaliação Agregada (Clientes) ---
Loss Média (Clientes): 2.3083 | Acurácia Média (Clientes): 0.1194

--- Rodada 2 - Avaliação Centralizada (Servidor) ---
Loss (Servidor): 2.2327 | Acurácia (Servidor): 0.1895
--- Avaliação Agregada (Clientes) ---
Loss Média (Clientes): 2.2455 | Acurácia Média (Clientes): 0.1768

--- Rodada 3 - Avaliação Centralizada (Servidor) ---
Loss (Servidor): 1.9116 | Acurácia (Servidor): 0.3730
--- Avaliação Agregada (Clientes) ---
Loss Média (Clientes): 1.9279 | Acurácia Média (Clientes): 0.3669

--- Rodada 4 - Avaliação Centralizada (Servidor) ---
Loss (Servidor): 1.6866 | Acurácia (Servidor): 0.4476
--- Avaliação Agregada (Clientes) ---
Loss Média (Clientes): 1.7063 | Acurácia Média (Clientes): 0.4429

--- Rodada 5 - Avaliação Centralizada (Servidor) ---
Loss (Servidor): 1.5455 | Acurácia (Servidor): 0.4916
--- Avaliação Agregada (Clientes) ---
Loss Média (Clientes): 1.5601 | Acurácia Média (Clientes): 0.4857

--- Rodada 6 - Avaliação Centralizada (Servidor) ---
Loss (Servidor): 1.4827 | Acurácia (Servidor): 0.5046
--- Avaliação Agregada (Clientes) ---
Loss Média (Clientes): 1.4991 | Acurácia Média (Clientes): 0.4979

--- Rodada 7 - Avaliação Centralizada (Servidor) ---
Loss (Servidor): 1.3483 | Acurácia (Servidor): 0.5480
--- Avaliação Agregada (Clientes) ---
Loss Média (Clientes): 1.3621 | Acurácia Média (Clientes): 0.5415

--- Rodada 8 - Avaliação Centralizada (Servidor) ---
Loss (Servidor): 1.3130 | Acurácia (Servidor): 0.5572
--- Avaliação Agregada (Clientes) ---
Loss Média (Clientes): 1.3146 | Acurácia Média (Clientes): 0.5591

--- Rodada 9 - Avaliação Centralizada (Servidor) ---
Loss (Servidor): 1.3069 | Acurácia (Servidor): 0.5497
--- Avaliação Agregada (Clientes) ---
Loss Média (Clientes): 1.3065 | Acurácia Média (Clientes): 0.5519

--- Rodada 10 - Avaliação Centralizada (Servidor) ---
Loss (Servidor): 1.2503 | Acurácia (Servidor): 0.5685
--- Avaliação Agregada (Clientes) ---
Loss Média (Clientes): 1.2469 | Acurácia Média (Clientes): 0.5739

Resultados salvos em: /home/tiago/GitHubProjects/fedhad-thesis-2/FedAVG-results/1.1_diagnostico_drift/CIFAR10/FedAVG__CIFAR10__Setup-5__Clients-5__Rounds-10__Delay-0_05__Alpha-0_01__Seed-48.txt
[36m(ClientAppActor pid=462131)[0m [93mWARNING [0m:   DEPRECATED FEATURE: `client_fn` now expects a signature `def client_fn(context: Context)`.The provided `client_fn` has signature: {'cid': <Parameter "cid: str">}. You can import the `Context` like this: `from flwr.app import Context`[32m [repeated 4x across cluster][0m
[36m(ClientAppActor pid=462131)[0m             This is a deprecated feature. It will be removed[32m [repeated 4x across cluster][0m
[36m(ClientAppActor pid=462131)[0m             entirely in future versions of Flower.[32m [repeated 4x across cluster][0m
