/home/tiago/GitHubProjects/fedhad-thesis-2/env_flwr_pt/lib/python3.12/site-packages/torch/utils/data/dataset.py:473: UserWarning: Length of split at index 0 is 0. This might result in an empty dataset.
  warnings.warn(
[codecarbon WARNING @ 12:49:35] Multiple instances of codecarbon are allowed to run at the same time.
[93mWARNING [0m:   DEPRECATED FEATURE: flwr.simulation.start_simulation() is deprecated.
	Instead, use the `flwr run` CLI command to start a local simulation in your Flower app, as shown for example below:

		$ flwr new  # Create a new Flower app from a template

		$ flwr run  # Run the Flower app in Simulation Mode

	Using `start_simulation()` is deprecated.

            This is a deprecated feature. It will be removed
            entirely in future versions of Flower.
        
[92mINFO [0m:      Starting Flower simulation, config: num_rounds=10, no round_timeout
2026-09-04 12:49:43,609	INFO worker.py:2012 -- Started a local Ray instance.
/home/tiago/GitHubProjects/fedhad-thesis-2/env_flwr_pt/lib/python3.12/site-packages/ray/_private/worker.py:2051: FutureWarning: Tip: In future versions of Ray, Ray will no longer override accelerator visible devices env var if num_gpus=0 or num_gpus=None (default). To enable this behavior and turn off this error message, set RAY_ACCEL_ENV_VAR_OVERRIDE_ON_ZERO=0
  warnings.warn(
[92mINFO [0m:      Flower VCE: Ray initialized with resources: {'object_store_memory': 77742312652.0, 'memory': 181398729524.0, 'CPU': 64.0, 'GPU': 1.0, 'node:__internal_head__': 1.0, 'node:10.129.64.100': 1.0, 'accelerator_type:A40': 1.0}
[92mINFO [0m:      Optimize your simulation with Flower VCE: https://flower.ai/docs/framework/how-to-run-simulations.html
/home/tiago/GitHubProjects/fedhad-thesis-2/FedAVG_Final.py:1577: UserWarning: No `num_cpus` specified in `client_resources`. Using `num_cpus=1` for each client.
  history = fl.simulation.start_simulation(
[92mINFO [0m:      Flower VCE: Resources for each Virtual Client: {'num_gpus': 0.2, 'num_cpus': 1}
[92mINFO [0m:      Flower VCE: Creating VirtualClientEngineActorPool with 5 actors
[92mINFO [0m:      [INIT]
[92mINFO [0m:      Requesting initial parameters from one random client
[36m(ClientAppActor pid=485297)[0m [93mWARNING [0m:   DEPRECATED FEATURE: `client_fn` now expects a signature `def client_fn(context: Context)`.The provided `client_fn` has signature: {'cid': <Parameter "cid: str">}. You can import the `Context` like this: `from flwr.app import Context`
[36m(ClientAppActor pid=485297)[0m 
[36m(ClientAppActor pid=485297)[0m             This is a deprecated feature. It will be removed
[36m(ClientAppActor pid=485297)[0m             entirely in future versions of Flower.
[36m(ClientAppActor pid=485297)[0m         
[92mINFO [0m:      Received initial parameters from one random client
[92mINFO [0m:      Starting evaluation of initial global parameters
[92mINFO [0m:      initial parameters (loss, other metrics): 2.3032169109344482, {'accuracy': 0.1, 'loss': 2.3032169109344482}
[92mINFO [0m:      
[92mINFO [0m:      [ROUND 1]
[92mINFO [0m:      configure_fit: strategy sampled 5 clients (out of 5)
[36m(ClientAppActor pid=485297)[0m [93mWARNING [0m:   DEPRECATED FEATURE: `client_fn` now expects a signature `def client_fn(context: Context)`.The provided `client_fn` has signature: {'cid': <Parameter "cid: str">}. You can import the `Context` like this: `from flwr.app import Context`
[36m(ClientAppActor pid=485297)[0m 
[36m(ClientAppActor pid=485297)[0m             This is a deprecated feature. It will be removed
[36m(ClientAppActor pid=485297)[0m             entirely in future versions of Flower.
[36m(ClientAppActor pid=485297)[0m         
[36m(ClientAppActor pid=485299)[0m 
[36m(ClientAppActor pid=485299)[0m         
[36m(ClientAppActor pid=485296)[0m 
[36m(ClientAppActor pid=485296)[0m         
[36m(ClientAppActor pid=485298)[0m 
[36m(ClientAppActor pid=485298)[0m         
[36m(ClientAppActor pid=485295)[0m 
[36m(ClientAppActor pid=485295)[0m         
[92mINFO [0m:      aggregate_fit: received 5 results and 0 failures
[92mINFO [0m:      fit progress: (1, 2.378861513519287, {'accuracy': 0.1242, 'loss': 2.378861513519287}, 17.35480654099956)
[92mINFO [0m:      configure_evaluate: strategy sampled 5 clients (out of 5)
[36m(ClientAppActor pid=485299)[0m 
[36m(ClientAppActor pid=485299)[0m         
[36m(ClientAppActor pid=485299)[0m [93mWARNING [0m:   DEPRECATED FEATURE: `client_fn` now expects a signature `def client_fn(context: Context)`.The provided `client_fn` has signature: {'cid': <Parameter "cid: str">}. You can import the `Context` like this: `from flwr.app import Context`[32m [repeated 5x across cluster] (Ray deduplicates logs by default. Set RAY_DEDUP_LOGS=0 to disable log deduplication, or see https://docs.ray.io/en/master/ray-observability/user-guides/configure-logging.html#log-deduplication for more options.)[0m
[36m(ClientAppActor pid=485299)[0m             This is a deprecated feature. It will be removed[32m [repeated 5x across cluster][0m
[36m(ClientAppActor pid=485299)[0m             entirely in future versions of Flower.[32m [repeated 5x across cluster][0m
[36m(ClientAppActor pid=485298)[0m 
[36m(ClientAppActor pid=485298)[0m         
[36m(ClientAppActor pid=485297)[0m 
[36m(ClientAppActor pid=485297)[0m         
[36m(ClientAppActor pid=485296)[0m 
[36m(ClientAppActor pid=485296)[0m         
[36m(ClientAppActor pid=485295)[0m 
[36m(ClientAppActor pid=485295)[0m         
[92mINFO [0m:      aggregate_evaluate: received 5 results and 0 failures
[92mINFO [0m:      
[92mINFO [0m:      [ROUND 2]
[92mINFO [0m:      configure_fit: strategy sampled 5 clients (out of 5)
[36m(ClientAppActor pid=485295)[0m 
[36m(ClientAppActor pid=485295)[0m         
[36m(ClientAppActor pid=485296)[0m 
[36m(ClientAppActor pid=485296)[0m         
[36m(ClientAppActor pid=485297)[0m 
[36m(ClientAppActor pid=485297)[0m         
[36m(ClientAppActor pid=485298)[0m 
[36m(ClientAppActor pid=485298)[0m         
[36m(ClientAppActor pid=485299)[0m 
[36m(ClientAppActor pid=485299)[0m         
[92mINFO [0m:      aggregate_fit: received 5 results and 0 failures
[92mINFO [0m:      fit progress: (2, 2.1253242599487305, {'accuracy': 0.2406, 'loss': 2.1253242599487305}, 33.69709862599848)
[92mINFO [0m:      configure_evaluate: strategy sampled 5 clients (out of 5)
[36m(ClientAppActor pid=485298)[0m 
[36m(ClientAppActor pid=485298)[0m         
[36m(ClientAppActor pid=485298)[0m [93mWARNING [0m:   DEPRECATED FEATURE: `client_fn` now expects a signature `def client_fn(context: Context)`.The provided `client_fn` has signature: {'cid': <Parameter "cid: str">}. You can import the `Context` like this: `from flwr.app import Context`[32m [repeated 10x across cluster][0m
[36m(ClientAppActor pid=485298)[0m             This is a deprecated feature. It will be removed[32m [repeated 10x across cluster][0m
[36m(ClientAppActor pid=485298)[0m             entirely in future versions of Flower.[32m [repeated 10x across cluster][0m
[36m(ClientAppActor pid=485297)[0m 
[36m(ClientAppActor pid=485297)[0m         
[36m(ClientAppActor pid=485295)[0m 
[36m(ClientAppActor pid=485295)[0m         
[36m(ClientAppActor pid=485296)[0m 
[36m(ClientAppActor pid=485296)[0m         
[36m(ClientAppActor pid=485299)[0m 
[36m(ClientAppActor pid=485299)[0m         
[92mINFO [0m:      aggregate_evaluate: received 5 results and 0 failures
[92mINFO [0m:      
[92mINFO [0m:      [ROUND 3]
[92mINFO [0m:      configure_fit: strategy sampled 5 clients (out of 5)
[36m(ClientAppActor pid=485299)[0m 
[36m(ClientAppActor pid=485299)[0m         
[36m(ClientAppActor pid=485296)[0m 
[36m(ClientAppActor pid=485296)[0m         
[36m(ClientAppActor pid=485297)[0m 
[36m(ClientAppActor pid=485297)[0m         
[36m(ClientAppActor pid=485295)[0m 
[36m(ClientAppActor pid=485295)[0m         
[36m(ClientAppActor pid=485298)[0m 
[36m(ClientAppActor pid=485298)[0m         
[92mINFO [0m:      aggregate_fit: received 5 results and 0 failures
[92mINFO [0m:      fit progress: (3, 1.82264305267334, {'accuracy': 0.3942, 'loss': 1.82264305267334}, 49.754753248009365)
[92mINFO [0m:      configure_evaluate: strategy sampled 5 clients (out of 5)
[36m(ClientAppActor pid=485295)[0m 
[36m(ClientAppActor pid=485295)[0m         
[36m(ClientAppActor pid=485295)[0m [93mWARNING [0m:   DEPRECATED FEATURE: `client_fn` now expects a signature `def client_fn(context: Context)`.The provided `client_fn` has signature: {'cid': <Parameter "cid: str">}. You can import the `Context` like this: `from flwr.app import Context`[32m [repeated 10x across cluster][0m
[36m(ClientAppActor pid=485295)[0m             This is a deprecated feature. It will be removed[32m [repeated 10x across cluster][0m
[36m(ClientAppActor pid=485295)[0m             entirely in future versions of Flower.[32m [repeated 10x across cluster][0m
[36m(ClientAppActor pid=485296)[0m 
[36m(ClientAppActor pid=485296)[0m         
[36m(ClientAppActor pid=485299)[0m 
[36m(ClientAppActor pid=485299)[0m         
[36m(ClientAppActor pid=485298)[0m 
[36m(ClientAppActor pid=485298)[0m         
[36m(ClientAppActor pid=485297)[0m 
[36m(ClientAppActor pid=485297)[0m         
[92mINFO [0m:      aggregate_evaluate: received 5 results and 0 failures
[92mINFO [0m:      
[92mINFO [0m:      [ROUND 4]
[92mINFO [0m:      configure_fit: strategy sampled 5 clients (out of 5)
[36m(ClientAppActor pid=485297)[0m 
[36m(ClientAppActor pid=485297)[0m         
[36m(ClientAppActor pid=485299)[0m 
[36m(ClientAppActor pid=485299)[0m         
[36m(ClientAppActor pid=485298)[0m 
[36m(ClientAppActor pid=485298)[0m         
[36m(ClientAppActor pid=485296)[0m 
[36m(ClientAppActor pid=485296)[0m         
[36m(ClientAppActor pid=485295)[0m 
[36m(ClientAppActor pid=485295)[0m         
[92mINFO [0m:      aggregate_fit: received 5 results and 0 failures
[92mINFO [0m:      fit progress: (4, 1.783406443786621, {'accuracy': 0.4271, 'loss': 1.783406443786621}, 66.10058875702089)
[92mINFO [0m:      configure_evaluate: strategy sampled 5 clients (out of 5)
[36m(ClientAppActor pid=485295)[0m 
[36m(ClientAppActor pid=485295)[0m         
[36m(ClientAppActor pid=485295)[0m [93mWARNING [0m:   DEPRECATED FEATURE: `client_fn` now expects a signature `def client_fn(context: Context)`.The provided `client_fn` has signature: {'cid': <Parameter "cid: str">}. You can import the `Context` like this: `from flwr.app import Context`[32m [repeated 10x across cluster][0m
[36m(ClientAppActor pid=485295)[0m             This is a deprecated feature. It will be removed[32m [repeated 10x across cluster][0m
[36m(ClientAppActor pid=485295)[0m             entirely in future versions of Flower.[32m [repeated 10x across cluster][0m
[36m(ClientAppActor pid=485296)[0m 
[36m(ClientAppActor pid=485296)[0m         
[36m(ClientAppActor pid=485299)[0m 
[36m(ClientAppActor pid=485299)[0m         
[36m(ClientAppActor pid=485297)[0m 
[36m(ClientAppActor pid=485297)[0m         
[36m(ClientAppActor pid=485298)[0m 
[36m(ClientAppActor pid=485298)[0m         
[92mINFO [0m:      aggregate_evaluate: received 5 results and 0 failures
[92mINFO [0m:      
[92mINFO [0m:      [ROUND 5]
[92mINFO [0m:      configure_fit: strategy sampled 5 clients (out of 5)
[36m(ClientAppActor pid=485297)[0m 
[36m(ClientAppActor pid=485297)[0m         
[36m(ClientAppActor pid=485298)[0m 
[36m(ClientAppActor pid=485298)[0m         
[36m(ClientAppActor pid=485296)[0m 
[36m(ClientAppActor pid=485296)[0m         
[36m(ClientAppActor pid=485299)[0m 
[36m(ClientAppActor pid=485299)[0m         
[36m(ClientAppActor pid=485295)[0m 
[36m(ClientAppActor pid=485295)[0m         
[92mINFO [0m:      aggregate_fit: received 5 results and 0 failures
[92mINFO [0m:      fit progress: (5, 1.5156493268966675, {'accuracy': 0.5115, 'loss': 1.5156493268966675}, 81.64089091104688)
[92mINFO [0m:      configure_evaluate: strategy sampled 5 clients (out of 5)
[36m(ClientAppActor pid=485297)[0m 
[36m(ClientAppActor pid=485297)[0m         
[36m(ClientAppActor pid=485297)[0m [93mWARNING [0m:   DEPRECATED FEATURE: `client_fn` now expects a signature `def client_fn(context: Context)`.The provided `client_fn` has signature: {'cid': <Parameter "cid: str">}. You can import the `Context` like this: `from flwr.app import Context`[32m [repeated 10x across cluster][0m
[36m(ClientAppActor pid=485297)[0m             This is a deprecated feature. It will be removed[32m [repeated 10x across cluster][0m
[36m(ClientAppActor pid=485297)[0m             entirely in future versions of Flower.[32m [repeated 10x across cluster][0m
[36m(ClientAppActor pid=485295)[0m 
[36m(ClientAppActor pid=485295)[0m         
[36m(ClientAppActor pid=485298)[0m 
[36m(ClientAppActor pid=485298)[0m         
[36m(ClientAppActor pid=485299)[0m 
[36m(ClientAppActor pid=485299)[0m         
[36m(ClientAppActor pid=485296)[0m 
[36m(ClientAppActor pid=485296)[0m         
[92mINFO [0m:      aggregate_evaluate: received 5 results and 0 failures
[92mINFO [0m:      
[92mINFO [0m:      [ROUND 6]
[92mINFO [0m:      configure_fit: strategy sampled 5 clients (out of 5)
[36m(ClientAppActor pid=485296)[0m 
[36m(ClientAppActor pid=485296)[0m         
[36m(ClientAppActor pid=485298)[0m 
[36m(ClientAppActor pid=485298)[0m         
[36m(ClientAppActor pid=485295)[0m 
[36m(ClientAppActor pid=485295)[0m         
[36m(ClientAppActor pid=485299)[0m 
[36m(ClientAppActor pid=485299)[0m         
[36m(ClientAppActor pid=485297)[0m 
[36m(ClientAppActor pid=485297)[0m         
[92mINFO [0m:      aggregate_fit: received 5 results and 0 failures
[92mINFO [0m:      fit progress: (6, 1.674586575126648, {'accuracy': 0.4775, 'loss': 1.674586575126648}, 97.68180713499896)
[92mINFO [0m:      configure_evaluate: strategy sampled 5 clients (out of 5)
[36m(ClientAppActor pid=485299)[0m 
[36m(ClientAppActor pid=485299)[0m         
[36m(ClientAppActor pid=485299)[0m [93mWARNING [0m:   DEPRECATED FEATURE: `client_fn` now expects a signature `def client_fn(context: Context)`.The provided `client_fn` has signature: {'cid': <Parameter "cid: str">}. You can import the `Context` like this: `from flwr.app import Context`[32m [repeated 10x across cluster][0m
[36m(ClientAppActor pid=485299)[0m             This is a deprecated feature. It will be removed[32m [repeated 10x across cluster][0m
[36m(ClientAppActor pid=485299)[0m             entirely in future versions of Flower.[32m [repeated 10x across cluster][0m
[36m(ClientAppActor pid=485295)[0m 
[36m(ClientAppActor pid=485295)[0m         
[36m(ClientAppActor pid=485298)[0m 
[36m(ClientAppActor pid=485298)[0m         
[36m(ClientAppActor pid=485296)[0m 
[36m(ClientAppActor pid=485296)[0m         
[36m(ClientAppActor pid=485297)[0m 
[36m(ClientAppActor pid=485297)[0m         
[92mINFO [0m:      aggregate_evaluate: received 5 results and 0 failures
[92mINFO [0m:      
[92mINFO [0m:      [ROUND 7]
[92mINFO [0m:      configure_fit: strategy sampled 5 clients (out of 5)
[36m(ClientAppActor pid=485296)[0m 
[36m(ClientAppActor pid=485296)[0m         
[36m(ClientAppActor pid=485297)[0m 
[36m(ClientAppActor pid=485297)[0m         
[36m(ClientAppActor pid=485298)[0m 
[36m(ClientAppActor pid=485298)[0m         
[36m(ClientAppActor pid=485295)[0m 
[36m(ClientAppActor pid=485295)[0m         
[36m(ClientAppActor pid=485299)[0m 
[36m(ClientAppActor pid=485299)[0m         
[92mINFO [0m:      aggregate_fit: received 5 results and 0 failures
[92mINFO [0m:      fit progress: (7, 1.3863282400131225, {'accuracy': 0.5439, 'loss': 1.3863282400131225}, 113.59608458203729)
[92mINFO [0m:      configure_evaluate: strategy sampled 5 clients (out of 5)
[36m(ClientAppActor pid=485298)[0m 
[36m(ClientAppActor pid=485298)[0m         
[36m(ClientAppActor pid=485298)[0m [93mWARNING [0m:   DEPRECATED FEATURE: `client_fn` now expects a signature `def client_fn(context: Context)`.The provided `client_fn` has signature: {'cid': <Parameter "cid: str">}. You can import the `Context` like this: `from flwr.app import Context`[32m [repeated 10x across cluster][0m
[36m(ClientAppActor pid=485298)[0m             This is a deprecated feature. It will be removed[32m [repeated 10x across cluster][0m
[36m(ClientAppActor pid=485298)[0m             entirely in future versions of Flower.[32m [repeated 10x across cluster][0m
[36m(ClientAppActor pid=485296)[0m 
[36m(ClientAppActor pid=485296)[0m         
[36m(ClientAppActor pid=485299)[0m 
[36m(ClientAppActor pid=485299)[0m         
[36m(ClientAppActor pid=485295)[0m 
[36m(ClientAppActor pid=485295)[0m         
[36m(ClientAppActor pid=485297)[0m 
[36m(ClientAppActor pid=485297)[0m         
[92mINFO [0m:      aggregate_evaluate: received 5 results and 0 failures
[92mINFO [0m:      
[92mINFO [0m:      [ROUND 8]
[92mINFO [0m:      configure_fit: strategy sampled 5 clients (out of 5)
[36m(ClientAppActor pid=485295)[0m 
[36m(ClientAppActor pid=485295)[0m         
[36m(ClientAppActor pid=485297)[0m 
[36m(ClientAppActor pid=485297)[0m         
[36m(ClientAppActor pid=485299)[0m 
[36m(ClientAppActor pid=485299)[0m         
[36m(ClientAppActor pid=485296)[0m 
[36m(ClientAppActor pid=485296)[0m         
[36m(ClientAppActor pid=485298)[0m 
[36m(ClientAppActor pid=485298)[0m         
[92mINFO [0m:      aggregate_fit: received 5 results and 0 failures
[92mINFO [0m:      fit progress: (8, 1.4743385620117186, {'accuracy': 0.5311, 'loss': 1.4743385620117186}, 129.5200450840057)
[92mINFO [0m:      configure_evaluate: strategy sampled 5 clients (out of 5)
[36m(ClientAppActor pid=485299)[0m 
[36m(ClientAppActor pid=485299)[0m         
[36m(ClientAppActor pid=485299)[0m [93mWARNING [0m:   DEPRECATED FEATURE: `client_fn` now expects a signature `def client_fn(context: Context)`.The provided `client_fn` has signature: {'cid': <Parameter "cid: str">}. You can import the `Context` like this: `from flwr.app import Context`[32m [repeated 10x across cluster][0m
[36m(ClientAppActor pid=485299)[0m             This is a deprecated feature. It will be removed[32m [repeated 10x across cluster][0m
[36m(ClientAppActor pid=485299)[0m             entirely in future versions of Flower.[32m [repeated 10x across cluster][0m
[36m(ClientAppActor pid=485296)[0m 
[36m(ClientAppActor pid=485296)[0m         
[36m(ClientAppActor pid=485295)[0m 
[36m(ClientAppActor pid=485295)[0m         
[36m(ClientAppActor pid=485297)[0m 
[36m(ClientAppActor pid=485297)[0m         
[36m(ClientAppActor pid=485298)[0m 
[36m(ClientAppActor pid=485298)[0m         
[92mINFO [0m:      aggregate_evaluate: received 5 results and 0 failures
[92mINFO [0m:      
[92mINFO [0m:      [ROUND 9]
[92mINFO [0m:      configure_fit: strategy sampled 5 clients (out of 5)
[36m(ClientAppActor pid=485298)[0m 
[36m(ClientAppActor pid=485298)[0m         
[36m(ClientAppActor pid=485295)[0m 
[36m(ClientAppActor pid=485295)[0m         
[36m(ClientAppActor pid=485296)[0m 
[36m(ClientAppActor pid=485296)[0m         
[36m(ClientAppActor pid=485297)[0m 
[36m(ClientAppActor pid=485297)[0m         
[36m(ClientAppActor pid=485299)[0m 
[36m(ClientAppActor pid=485299)[0m         
[92mINFO [0m:      aggregate_fit: received 5 results and 0 failures
[92mINFO [0m:      fit progress: (9, 1.3769497053146362, {'accuracy': 0.5529, 'loss': 1.3769497053146362}, 145.6036489830003)
[92mINFO [0m:      configure_evaluate: strategy sampled 5 clients (out of 5)
[36m(ClientAppActor pid=485297)[0m 
[36m(ClientAppActor pid=485297)[0m         
[36m(ClientAppActor pid=485297)[0m [93mWARNING [0m:   DEPRECATED FEATURE: `client_fn` now expects a signature `def client_fn(context: Context)`.The provided `client_fn` has signature: {'cid': <Parameter "cid: str">}. You can import the `Context` like this: `from flwr.app import Context`[32m [repeated 10x across cluster][0m
[36m(ClientAppActor pid=485297)[0m             This is a deprecated feature. It will be removed[32m [repeated 10x across cluster][0m
[36m(ClientAppActor pid=485297)[0m             entirely in future versions of Flower.[32m [repeated 10x across cluster][0m
[36m(ClientAppActor pid=485299)[0m 
[36m(ClientAppActor pid=485299)[0m         
[36m(ClientAppActor pid=485295)[0m 
[36m(ClientAppActor pid=485295)[0m         
[36m(ClientAppActor pid=485296)[0m 
[36m(ClientAppActor pid=485296)[0m         
[36m(ClientAppActor pid=485298)[0m 
[36m(ClientAppActor pid=485298)[0m         
[92mINFO [0m:      aggregate_evaluate: received 5 results and 0 failures
[92mINFO [0m:      
[92mINFO [0m:      [ROUND 10]
[92mINFO [0m:      configure_fit: strategy sampled 5 clients (out of 5)
[36m(ClientAppActor pid=485298)[0m 
[36m(ClientAppActor pid=485298)[0m         
[36m(ClientAppActor pid=485296)[0m 
[36m(ClientAppActor pid=485296)[0m         
[36m(ClientAppActor pid=485295)[0m 
[36m(ClientAppActor pid=485295)[0m         
[36m(ClientAppActor pid=485299)[0m 
[36m(ClientAppActor pid=485299)[0m         
[36m(ClientAppActor pid=485297)[0m 
[36m(ClientAppActor pid=485297)[0m         
[92mINFO [0m:      aggregate_fit: received 5 results and 0 failures
[92mINFO [0m:      fit progress: (10, 1.381955721282959, {'accuracy': 0.5544, 'loss': 1.381955721282959}, 161.28219866502332)
[92mINFO [0m:      configure_evaluate: strategy sampled 5 clients (out of 5)
[36m(ClientAppActor pid=485298)[0m 
[36m(ClientAppActor pid=485298)[0m         
[36m(ClientAppActor pid=485298)[0m [93mWARNING [0m:   DEPRECATED FEATURE: `client_fn` now expects a signature `def client_fn(context: Context)`.The provided `client_fn` has signature: {'cid': <Parameter "cid: str">}. You can import the `Context` like this: `from flwr.app import Context`[32m [repeated 10x across cluster][0m
[36m(ClientAppActor pid=485298)[0m             This is a deprecated feature. It will be removed[32m [repeated 10x across cluster][0m
[36m(ClientAppActor pid=485298)[0m             entirely in future versions of Flower.[32m [repeated 10x across cluster][0m
[36m(ClientAppActor pid=485295)[0m 
[36m(ClientAppActor pid=485295)[0m         
[36m(ClientAppActor pid=485296)[0m 
[36m(ClientAppActor pid=485296)[0m         
[36m(ClientAppActor pid=485299)[0m 
[36m(ClientAppActor pid=485299)[0m         
[36m(ClientAppActor pid=485297)[0m 
[36m(ClientAppActor pid=485297)[0m         
[92mINFO [0m:      aggregate_evaluate: received 5 results and 0 failures
[92mINFO [0m:      
[92mINFO [0m:      [SUMMARY]
[92mINFO [0m:      Run finished 10 round(s) in 162.15s
[92mINFO [0m:      	History (loss, distributed):
[92mINFO [0m:      		round 1: 2.38052794212674
[92mINFO [0m:      		round 2: 2.112384105448867
[92mINFO [0m:      		round 3: 1.8100216537982279
[92mINFO [0m:      		round 4: 1.757923279089507
[92mINFO [0m:      		round 5: 1.5085553520559
[92mINFO [0m:      		round 6: 1.650676197279785
[92mINFO [0m:      		round 7: 1.3767718898699173
[92mINFO [0m:      		round 8: 1.4716206560208336
[92mINFO [0m:      		round 9: 1.3773127197384667
[92mINFO [0m:      		round 10: 1.3747079297169897
[92mINFO [0m:      	History (loss, centralized):
[92mINFO [0m:      		round 0: 2.3032169109344482
[92mINFO [0m:      		round 1: 2.378861513519287
[92mINFO [0m:      		round 2: 2.1253242599487305
[92mINFO [0m:      		round 3: 1.82264305267334
[92mINFO [0m:      		round 4: 1.783406443786621
[92mINFO [0m:      		round 5: 1.5156493268966675
[92mINFO [0m:      		round 6: 1.674586575126648
[92mINFO [0m:      		round 7: 1.3863282400131225
[92mINFO [0m:      		round 8: 1.4743385620117186
[92mINFO [0m:      		round 9: 1.3769497053146362
[92mINFO [0m:      		round 10: 1.381955721282959
[92mINFO [0m:      	History (metrics, distributed, fit):
[92mINFO [0m:      	{'avg_flops_per_client_round': [(1, 8140443294720.0),
[92mINFO [0m:      	                                (2, 8140443294720.0),
[92mINFO [0m:      	                                (3, 8140443294720.0),
[92mINFO [0m:      	                                (4, 8140443294720.0),
[92mINFO [0m:      	                                (5, 8140443294720.0),
[92mINFO [0m:      	                                (6, 8140443294720.0),
[92mINFO [0m:      	                                (7, 8140443294720.0),
[92mINFO [0m:      	                                (8, 8140443294720.0),
[92mINFO [0m:      	                                (9, 8140443294720.0),
[92mINFO [0m:      	                                (10, 8140443294720.0)],
[92mINFO [0m:      	 'total_flops_round': [(1, 40702216473600),
[92mINFO [0m:      	                       (2, 40702216473600),
[92mINFO [0m:      	                       (3, 40702216473600),
[92mINFO [0m:      	                       (4, 40702216473600),
[92mINFO [0m:      	                       (5, 40702216473600),
[92mINFO [0m:      	                       (6, 40702216473600),
[92mINFO [0m:      	                       (7, 40702216473600),
[92mINFO [0m:      	                       (8, 40702216473600),
[92mINFO [0m:      	                       (9, 40702216473600),
[92mINFO [0m:      	                       (10, 40702216473600)]}
[92mINFO [0m:      	History (metrics, distributed, evaluate):
[92mINFO [0m:      	{'accuracy': [(1, 0.12022404480896179),
[92mINFO [0m:      	              (2, 0.24144828965793158),
[92mINFO [0m:      	              (3, 0.3966793358671734),
[92mINFO [0m:      	              (4, 0.4340868173634727),
[92mINFO [0m:      	              (5, 0.5153030606121224),
[92mINFO [0m:      	              (6, 0.47989597919583915),
[92mINFO [0m:      	              (7, 0.5473094618923785),
[92mINFO [0m:      	              (8, 0.5351070214042809),
[92mINFO [0m:      	              (9, 0.5545109021804361),
[92mINFO [0m:      	              (10, 0.5559111822364473)],
[92mINFO [0m:      	 'loss': [(1, 2.38052794212674),
[92mINFO [0m:      	          (2, 2.112384105448867),
[92mINFO [0m:      	          (3, 1.8100216537982279),
[92mINFO [0m:      	          (4, 1.757923279089507),
[92mINFO [0m:      	          (5, 1.5085553520559),
[92mINFO [0m:      	          (6, 1.650676197279785),
[92mINFO [0m:      	          (7, 1.3767718898699173),
[92mINFO [0m:      	          (8, 1.4716206560208336),
[92mINFO [0m:      	          (9, 1.3773127197384667),
[92mINFO [0m:      	          (10, 1.3747079297169897)]}
[92mINFO [0m:      	History (metrics, centralized):
[92mINFO [0m:      	{'accuracy': [(0, 0.1),
[92mINFO [0m:      	              (1, 0.1242),
[92mINFO [0m:      	              (2, 0.2406),
[92mINFO [0m:      	              (3, 0.3942),
[92mINFO [0m:      	              (4, 0.4271),
[92mINFO [0m:      	              (5, 0.5115),
[92mINFO [0m:      	              (6, 0.4775),
[92mINFO [0m:      	              (7, 0.5439),
[92mINFO [0m:      	              (8, 0.5311),
[92mINFO [0m:      	              (9, 0.5529),
[92mINFO [0m:      	              (10, 0.5544)],
[92mINFO [0m:      	 'loss': [(0, 2.3032169109344482),
[92mINFO [0m:      	          (1, 2.378861513519287),
[92mINFO [0m:      	          (2, 2.1253242599487305),
[92mINFO [0m:      	          (3, 1.82264305267334),
[92mINFO [0m:      	          (4, 1.783406443786621),
[92mINFO [0m:      	          (5, 1.5156493268966675),
[92mINFO [0m:      	          (6, 1.674586575126648),
[92mINFO [0m:      	          (7, 1.3863282400131225),
[92mINFO [0m:      	          (8, 1.4743385620117186),
[92mINFO [0m:      	          (9, 1.3769497053146362),
[92mINFO [0m:      	          (10, 1.381955721282959)]}
[92mINFO [0m:      
Treinando no dispositivo: cuda:0 com o dataset: CIFAR10 | Setup clientes: 5 (num_gpus por cliente=0.2) | SEED=51
FLOPS por amostra (forward): 6.030e+07 | (forward+backward, 3x): 1.809e+08
Files already downloaded and verified
Files already downloaded and verified
Dividindo o dataset usando a distribuição de Dirichlet com alpha=0.01.
Aviso: Cliente 2 não tinha amostras. Moveu uma amostra do cliente 0.
Aviso: Cliente 2 tem apenas 1 amostra(s), que serão usadas para validação.
Iniciando a simulação de Aprendizado Federado...
=== Diagnóstico de Medição de GPU ===
  pynvml_disponivel: True
  pynvml_versao: 580.173.02
  gpus_detectadas: 1
  leitura_potencia_ok: True
  potencia_atual_W: 114.488

--- Rodada 0 - Avaliação Centralizada (Servidor) ---
Loss (Servidor): 2.3032 | Acurácia (Servidor): 0.1000

--- Rodada 1 - Avaliação Centralizada (Servidor) ---
Loss (Servidor): 2.3789 | Acurácia (Servidor): 0.1242
--- Avaliação Agregada (Clientes) ---
Loss Média (Clientes): 2.3805 | Acurácia Média (Clientes): 0.1202

--- Rodada 2 - Avaliação Centralizada (Servidor) ---
Loss (Servidor): 2.1253 | Acurácia (Servidor): 0.2406
--- Avaliação Agregada (Clientes) ---
Loss Média (Clientes): 2.1124 | Acurácia Média (Clientes): 0.2414

--- Rodada 3 - Avaliação Centralizada (Servidor) ---
Loss (Servidor): 1.8226 | Acurácia (Servidor): 0.3942
--- Avaliação Agregada (Clientes) ---
Loss Média (Clientes): 1.8100 | Acurácia Média (Clientes): 0.3967

--- Rodada 4 - Avaliação Centralizada (Servidor) ---
Loss (Servidor): 1.7834 | Acurácia (Servidor): 0.4271
--- Avaliação Agregada (Clientes) ---
Loss Média (Clientes): 1.7579 | Acurácia Média (Clientes): 0.4341

--- Rodada 5 - Avaliação Centralizada (Servidor) ---
Loss (Servidor): 1.5156 | Acurácia (Servidor): 0.5115
--- Avaliação Agregada (Clientes) ---
Loss Média (Clientes): 1.5086 | Acurácia Média (Clientes): 0.5153

--- Rodada 6 - Avaliação Centralizada (Servidor) ---
Loss (Servidor): 1.6746 | Acurácia (Servidor): 0.4775
--- Avaliação Agregada (Clientes) ---
Loss Média (Clientes): 1.6507 | Acurácia Média (Clientes): 0.4799

--- Rodada 7 - Avaliação Centralizada (Servidor) ---
Loss (Servidor): 1.3863 | Acurácia (Servidor): 0.5439
--- Avaliação Agregada (Clientes) ---
Loss Média (Clientes): 1.3768 | Acurácia Média (Clientes): 0.5473

--- Rodada 8 - Avaliação Centralizada (Servidor) ---
Loss (Servidor): 1.4743 | Acurácia (Servidor): 0.5311
--- Avaliação Agregada (Clientes) ---
Loss Média (Clientes): 1.4716 | Acurácia Média (Clientes): 0.5351

--- Rodada 9 - Avaliação Centralizada (Servidor) ---
Loss (Servidor): 1.3769 | Acurácia (Servidor): 0.5529
--- Avaliação Agregada (Clientes) ---
Loss Média (Clientes): 1.3773 | Acurácia Média (Clientes): 0.5545

--- Rodada 10 - Avaliação Centralizada (Servidor) ---
Loss (Servidor): 1.3820 | Acurácia (Servidor): 0.5544
--- Avaliação Agregada (Clientes) ---
Loss Média (Clientes): 1.3747 | Acurácia Média (Clientes): 0.5559

Resultados salvos em: /home/tiago/GitHubProjects/fedhad-thesis-2/FedAVG-results/1.1_diagnostico_drift/CIFAR10/FedAVG__CIFAR10__Setup-5__Clients-5__Rounds-10__Delay-0_05__Alpha-0_01__Seed-51.txt
[36m(ClientAppActor pid=485297)[0m [93mWARNING [0m:   DEPRECATED FEATURE: `client_fn` now expects a signature `def client_fn(context: Context)`.The provided `client_fn` has signature: {'cid': <Parameter "cid: str">}. You can import the `Context` like this: `from flwr.app import Context`[32m [repeated 4x across cluster][0m
[36m(ClientAppActor pid=485297)[0m             This is a deprecated feature. It will be removed[32m [repeated 4x across cluster][0m
[36m(ClientAppActor pid=485297)[0m             entirely in future versions of Flower.[32m [repeated 4x across cluster][0m
