[codecarbon WARNING @ 12:52:42] Multiple instances of codecarbon are allowed to run at the same time.
[93mWARNING [0m:   DEPRECATED FEATURE: flwr.simulation.start_simulation() is deprecated.
	Instead, use the `flwr run` CLI command to start a local simulation in your Flower app, as shown for example below:

		$ flwr new  # Create a new Flower app from a template

		$ flwr run  # Run the Flower app in Simulation Mode

	Using `start_simulation()` is deprecated.

            This is a deprecated feature. It will be removed
            entirely in future versions of Flower.
        
[92mINFO [0m:      Starting Flower simulation, config: num_rounds=10, no round_timeout
2026-09-04 12:52:51,165	INFO worker.py:2012 -- Started a local Ray instance.
/home/tiago/GitHubProjects/fedhad-thesis-2/env_flwr_pt/lib/python3.12/site-packages/ray/_private/worker.py:2051: FutureWarning: Tip: In future versions of Ray, Ray will no longer override accelerator visible devices env var if num_gpus=0 or num_gpus=None (default). To enable this behavior and turn off this error message, set RAY_ACCEL_ENV_VAR_OVERRIDE_ON_ZERO=0
  warnings.warn(
[92mINFO [0m:      Flower VCE: Ray initialized with resources: {'node:10.129.64.100': 1.0, 'GPU': 1.0, 'node:__internal_head__': 1.0, 'memory': 181410892186.0, 'object_store_memory': 77747525222.0, 'accelerator_type:A40': 1.0, 'CPU': 64.0}
[92mINFO [0m:      Optimize your simulation with Flower VCE: https://flower.ai/docs/framework/how-to-run-simulations.html
/home/tiago/GitHubProjects/fedhad-thesis-2/FedAvgM_Final.py:1669: UserWarning: No `num_cpus` specified in `client_resources`. Using `num_cpus=1` for each client.
  history = fl.simulation.start_simulation(
[92mINFO [0m:      Flower VCE: Resources for each Virtual Client: {'num_gpus': 0.2, 'num_cpus': 1}
[92mINFO [0m:      Flower VCE: Creating VirtualClientEngineActorPool with 5 actors
[92mINFO [0m:      [INIT]
[92mINFO [0m:      Using initial global parameters provided by strategy
[92mINFO [0m:      Starting evaluation of initial global parameters
[92mINFO [0m:      initial parameters (loss, other metrics): 2.303244739151001, {'accuracy': 0.1003, 'loss': 2.303244739151001}
[92mINFO [0m:      
[92mINFO [0m:      [ROUND 1]
[92mINFO [0m:      configure_fit: strategy sampled 5 clients (out of 5)
[36m(ClientAppActor pid=493087)[0m [93mWARNING [0m:   DEPRECATED FEATURE: `client_fn` now expects a signature `def client_fn(context: Context)`.The provided `client_fn` has signature: {'cid': <Parameter "cid: str">}. You can import the `Context` like this: `from flwr.app import Context`
[36m(ClientAppActor pid=493087)[0m 
[36m(ClientAppActor pid=493087)[0m             This is a deprecated feature. It will be removed
[36m(ClientAppActor pid=493087)[0m             entirely in future versions of Flower.
[36m(ClientAppActor pid=493087)[0m         
[36m(ClientAppActor pid=493086)[0m 
[36m(ClientAppActor pid=493086)[0m         
[36m(ClientAppActor pid=493052)[0m 
[36m(ClientAppActor pid=493052)[0m         
[36m(ClientAppActor pid=493053)[0m 
[36m(ClientAppActor pid=493053)[0m         
[36m(ClientAppActor pid=493054)[0m 
[36m(ClientAppActor pid=493054)[0m         
[92mINFO [0m:      aggregate_fit: received 5 results and 0 failures
[92mINFO [0m:      fit progress: (1, 2.307177117919922, {'accuracy': 0.1, 'loss': 2.307177117919922}, 15.578197667025961)
[92mINFO [0m:      configure_evaluate: strategy sampled 5 clients (out of 5)
[36m(ClientAppActor pid=493054)[0m 
[36m(ClientAppActor pid=493054)[0m         
[36m(ClientAppActor pid=493054)[0m [93mWARNING [0m:   DEPRECATED FEATURE: `client_fn` now expects a signature `def client_fn(context: Context)`.The provided `client_fn` has signature: {'cid': <Parameter "cid: str">}. You can import the `Context` like this: `from flwr.app import Context`[32m [repeated 5x across cluster] (Ray deduplicates logs by default. Set RAY_DEDUP_LOGS=0 to disable log deduplication, or see https://docs.ray.io/en/master/ray-observability/user-guides/configure-logging.html#log-deduplication for more options.)[0m
[36m(ClientAppActor pid=493054)[0m             This is a deprecated feature. It will be removed[32m [repeated 5x across cluster][0m
[36m(ClientAppActor pid=493054)[0m             entirely in future versions of Flower.[32m [repeated 5x across cluster][0m
[36m(ClientAppActor pid=493052)[0m 
[36m(ClientAppActor pid=493052)[0m         
[36m(ClientAppActor pid=493053)[0m 
[36m(ClientAppActor pid=493053)[0m         
[36m(ClientAppActor pid=493086)[0m 
[36m(ClientAppActor pid=493086)[0m         
[36m(ClientAppActor pid=493087)[0m 
[36m(ClientAppActor pid=493087)[0m         
[92mINFO [0m:      aggregate_evaluate: received 5 results and 0 failures
[92mINFO [0m:      
[92mINFO [0m:      [ROUND 2]
[92mINFO [0m:      configure_fit: strategy sampled 5 clients (out of 5)
[36m(ClientAppActor pid=493087)[0m 
[36m(ClientAppActor pid=493087)[0m         
[36m(ClientAppActor pid=493086)[0m 
[36m(ClientAppActor pid=493086)[0m         
[36m(ClientAppActor pid=493053)[0m 
[36m(ClientAppActor pid=493053)[0m         
[36m(ClientAppActor pid=493052)[0m 
[36m(ClientAppActor pid=493052)[0m         
[36m(ClientAppActor pid=493054)[0m 
[36m(ClientAppActor pid=493054)[0m         
[92mINFO [0m:      aggregate_fit: received 5 results and 0 failures
[92mINFO [0m:      fit progress: (2, 1.8290640224456787, {'accuracy': 0.4308, 'loss': 1.8290640224456787}, 29.37069050804712)
[92mINFO [0m:      configure_evaluate: strategy sampled 5 clients (out of 5)
[36m(ClientAppActor pid=493054)[0m 
[36m(ClientAppActor pid=493054)[0m         
[36m(ClientAppActor pid=493054)[0m [93mWARNING [0m:   DEPRECATED FEATURE: `client_fn` now expects a signature `def client_fn(context: Context)`.The provided `client_fn` has signature: {'cid': <Parameter "cid: str">}. You can import the `Context` like this: `from flwr.app import Context`[32m [repeated 10x across cluster][0m
[36m(ClientAppActor pid=493054)[0m             This is a deprecated feature. It will be removed[32m [repeated 10x across cluster][0m
[36m(ClientAppActor pid=493054)[0m             entirely in future versions of Flower.[32m [repeated 10x across cluster][0m
[36m(ClientAppActor pid=493052)[0m 
[36m(ClientAppActor pid=493052)[0m         
[36m(ClientAppActor pid=493053)[0m 
[36m(ClientAppActor pid=493053)[0m         
[36m(ClientAppActor pid=493086)[0m 
[36m(ClientAppActor pid=493086)[0m         
[36m(ClientAppActor pid=493087)[0m 
[36m(ClientAppActor pid=493087)[0m         
[92mINFO [0m:      aggregate_evaluate: received 5 results and 0 failures
[92mINFO [0m:      
[92mINFO [0m:      [ROUND 3]
[92mINFO [0m:      configure_fit: strategy sampled 5 clients (out of 5)
[36m(ClientAppActor pid=493087)[0m 
[36m(ClientAppActor pid=493087)[0m         
[36m(ClientAppActor pid=493086)[0m 
[36m(ClientAppActor pid=493086)[0m         
[36m(ClientAppActor pid=493052)[0m 
[36m(ClientAppActor pid=493052)[0m         
[36m(ClientAppActor pid=493053)[0m 
[36m(ClientAppActor pid=493053)[0m         
[36m(ClientAppActor pid=493054)[0m 
[36m(ClientAppActor pid=493054)[0m         
[92mINFO [0m:      aggregate_fit: received 5 results and 0 failures
[92mINFO [0m:      fit progress: (3, 7.066125917816162, {'accuracy': 0.4439, 'loss': 7.066125917816162}, 42.64684609899996)
[92mINFO [0m:      configure_evaluate: strategy sampled 5 clients (out of 5)
[36m(ClientAppActor pid=493087)[0m 
[36m(ClientAppActor pid=493087)[0m         
[36m(ClientAppActor pid=493087)[0m [93mWARNING [0m:   DEPRECATED FEATURE: `client_fn` now expects a signature `def client_fn(context: Context)`.The provided `client_fn` has signature: {'cid': <Parameter "cid: str">}. You can import the `Context` like this: `from flwr.app import Context`[32m [repeated 10x across cluster][0m
[36m(ClientAppActor pid=493087)[0m             This is a deprecated feature. It will be removed[32m [repeated 10x across cluster][0m
[36m(ClientAppActor pid=493087)[0m             entirely in future versions of Flower.[32m [repeated 10x across cluster][0m
[36m(ClientAppActor pid=493054)[0m 
[36m(ClientAppActor pid=493054)[0m         
[36m(ClientAppActor pid=493086)[0m 
[36m(ClientAppActor pid=493086)[0m         
[36m(ClientAppActor pid=493052)[0m 
[36m(ClientAppActor pid=493052)[0m         
[36m(ClientAppActor pid=493053)[0m 
[36m(ClientAppActor pid=493053)[0m         
[92mINFO [0m:      aggregate_evaluate: received 5 results and 0 failures
[92mINFO [0m:      
[92mINFO [0m:      [ROUND 4]
[92mINFO [0m:      configure_fit: strategy sampled 5 clients (out of 5)
[36m(ClientAppActor pid=493053)[0m 
[36m(ClientAppActor pid=493053)[0m         
[36m(ClientAppActor pid=493052)[0m 
[36m(ClientAppActor pid=493052)[0m         
[36m(ClientAppActor pid=493086)[0m 
[36m(ClientAppActor pid=493086)[0m         
[36m(ClientAppActor pid=493054)[0m 
[36m(ClientAppActor pid=493054)[0m         
[36m(ClientAppActor pid=493087)[0m 
[36m(ClientAppActor pid=493087)[0m         
[92mINFO [0m:      aggregate_fit: received 5 results and 0 failures
[92mINFO [0m:      fit progress: (4, 2.9975688011169432, {'accuracy': 0.5962, 'loss': 2.9975688011169432}, 56.22011301002931)
[92mINFO [0m:      configure_evaluate: strategy sampled 5 clients (out of 5)
[36m(ClientAppActor pid=493087)[0m 
[36m(ClientAppActor pid=493087)[0m         
[36m(ClientAppActor pid=493087)[0m [93mWARNING [0m:   DEPRECATED FEATURE: `client_fn` now expects a signature `def client_fn(context: Context)`.The provided `client_fn` has signature: {'cid': <Parameter "cid: str">}. You can import the `Context` like this: `from flwr.app import Context`[32m [repeated 10x across cluster][0m
[36m(ClientAppActor pid=493087)[0m             This is a deprecated feature. It will be removed[32m [repeated 10x across cluster][0m
[36m(ClientAppActor pid=493087)[0m             entirely in future versions of Flower.[32m [repeated 10x across cluster][0m
[36m(ClientAppActor pid=493054)[0m 
[36m(ClientAppActor pid=493054)[0m         
[36m(ClientAppActor pid=493086)[0m 
[36m(ClientAppActor pid=493086)[0m         
[36m(ClientAppActor pid=493052)[0m 
[36m(ClientAppActor pid=493052)[0m         
[36m(ClientAppActor pid=493053)[0m 
[36m(ClientAppActor pid=493053)[0m         
[92mINFO [0m:      aggregate_evaluate: received 5 results and 0 failures
[92mINFO [0m:      
[92mINFO [0m:      [ROUND 5]
[92mINFO [0m:      configure_fit: strategy sampled 5 clients (out of 5)
[36m(ClientAppActor pid=493053)[0m 
[36m(ClientAppActor pid=493053)[0m         
[36m(ClientAppActor pid=493052)[0m 
[36m(ClientAppActor pid=493052)[0m         
[36m(ClientAppActor pid=493086)[0m 
[36m(ClientAppActor pid=493086)[0m         
[36m(ClientAppActor pid=493054)[0m 
[36m(ClientAppActor pid=493054)[0m         
[36m(ClientAppActor pid=493087)[0m 
[36m(ClientAppActor pid=493087)[0m         
[92mINFO [0m:      aggregate_fit: received 5 results and 0 failures
[92mINFO [0m:      fit progress: (5, 2.4734190519332886, {'accuracy': 0.6562, 'loss': 2.4734190519332886}, 69.9291349319974)
[92mINFO [0m:      configure_evaluate: strategy sampled 5 clients (out of 5)
[36m(ClientAppActor pid=493054)[0m 
[36m(ClientAppActor pid=493054)[0m         
[36m(ClientAppActor pid=493054)[0m [93mWARNING [0m:   DEPRECATED FEATURE: `client_fn` now expects a signature `def client_fn(context: Context)`.The provided `client_fn` has signature: {'cid': <Parameter "cid: str">}. You can import the `Context` like this: `from flwr.app import Context`[32m [repeated 10x across cluster][0m
[36m(ClientAppActor pid=493054)[0m             This is a deprecated feature. It will be removed[32m [repeated 10x across cluster][0m
[36m(ClientAppActor pid=493054)[0m             entirely in future versions of Flower.[32m [repeated 10x across cluster][0m
[36m(ClientAppActor pid=493087)[0m 
[36m(ClientAppActor pid=493087)[0m         
[36m(ClientAppActor pid=493053)[0m 
[36m(ClientAppActor pid=493053)[0m         
[36m(ClientAppActor pid=493052)[0m 
[36m(ClientAppActor pid=493052)[0m         
[36m(ClientAppActor pid=493086)[0m 
[36m(ClientAppActor pid=493086)[0m         
[92mINFO [0m:      aggregate_evaluate: received 5 results and 0 failures
[92mINFO [0m:      
[92mINFO [0m:      [ROUND 6]
[92mINFO [0m:      configure_fit: strategy sampled 5 clients (out of 5)
[36m(ClientAppActor pid=493086)[0m 
[36m(ClientAppActor pid=493086)[0m         
[36m(ClientAppActor pid=493052)[0m 
[36m(ClientAppActor pid=493052)[0m         
[36m(ClientAppActor pid=493053)[0m 
[36m(ClientAppActor pid=493053)[0m         
[36m(ClientAppActor pid=493087)[0m 
[36m(ClientAppActor pid=493087)[0m         
[36m(ClientAppActor pid=493054)[0m 
[36m(ClientAppActor pid=493054)[0m         
[92mINFO [0m:      aggregate_fit: received 5 results and 0 failures
[92mINFO [0m:      fit progress: (6, 2.4184437232017517, {'accuracy': 0.6883, 'loss': 2.4184437232017517}, 83.17597520002164)
[92mINFO [0m:      configure_evaluate: strategy sampled 5 clients (out of 5)
[36m(ClientAppActor pid=493086)[0m 
[36m(ClientAppActor pid=493086)[0m         
[36m(ClientAppActor pid=493086)[0m [93mWARNING [0m:   DEPRECATED FEATURE: `client_fn` now expects a signature `def client_fn(context: Context)`.The provided `client_fn` has signature: {'cid': <Parameter "cid: str">}. You can import the `Context` like this: `from flwr.app import Context`[32m [repeated 10x across cluster][0m
[36m(ClientAppActor pid=493086)[0m             This is a deprecated feature. It will be removed[32m [repeated 10x across cluster][0m
[36m(ClientAppActor pid=493086)[0m             entirely in future versions of Flower.[32m [repeated 10x across cluster][0m
[36m(ClientAppActor pid=493054)[0m 
[36m(ClientAppActor pid=493054)[0m         
[36m(ClientAppActor pid=493053)[0m 
[36m(ClientAppActor pid=493053)[0m         
[36m(ClientAppActor pid=493087)[0m 
[36m(ClientAppActor pid=493087)[0m         
[36m(ClientAppActor pid=493052)[0m 
[36m(ClientAppActor pid=493052)[0m         
[92mINFO [0m:      aggregate_evaluate: received 5 results and 0 failures
[92mINFO [0m:      
[92mINFO [0m:      [ROUND 7]
[92mINFO [0m:      configure_fit: strategy sampled 5 clients (out of 5)
[36m(ClientAppActor pid=493052)[0m 
[36m(ClientAppActor pid=493052)[0m         
[36m(ClientAppActor pid=493087)[0m 
[36m(ClientAppActor pid=493087)[0m         
[36m(ClientAppActor pid=493054)[0m 
[36m(ClientAppActor pid=493054)[0m         
[36m(ClientAppActor pid=493053)[0m 
[36m(ClientAppActor pid=493053)[0m         
[36m(ClientAppActor pid=493086)[0m 
[36m(ClientAppActor pid=493086)[0m         
[92mINFO [0m:      aggregate_fit: received 5 results and 0 failures
[92mINFO [0m:      fit progress: (7, 2.7558348044872285, {'accuracy': 0.6374, 'loss': 2.7558348044872285}, 96.56145673699211)
[92mINFO [0m:      configure_evaluate: strategy sampled 5 clients (out of 5)
[36m(ClientAppActor pid=493087)[0m 
[36m(ClientAppActor pid=493087)[0m         
[36m(ClientAppActor pid=493087)[0m [93mWARNING [0m:   DEPRECATED FEATURE: `client_fn` now expects a signature `def client_fn(context: Context)`.The provided `client_fn` has signature: {'cid': <Parameter "cid: str">}. You can import the `Context` like this: `from flwr.app import Context`[32m [repeated 10x across cluster][0m
[36m(ClientAppActor pid=493087)[0m             This is a deprecated feature. It will be removed[32m [repeated 10x across cluster][0m
[36m(ClientAppActor pid=493087)[0m             entirely in future versions of Flower.[32m [repeated 10x across cluster][0m
[36m(ClientAppActor pid=493086)[0m 
[36m(ClientAppActor pid=493086)[0m         
[36m(ClientAppActor pid=493053)[0m 
[36m(ClientAppActor pid=493053)[0m         
[36m(ClientAppActor pid=493054)[0m 
[36m(ClientAppActor pid=493054)[0m         
[36m(ClientAppActor pid=493052)[0m 
[36m(ClientAppActor pid=493052)[0m         
[92mINFO [0m:      aggregate_evaluate: received 5 results and 0 failures
[92mINFO [0m:      
[92mINFO [0m:      [ROUND 8]
[92mINFO [0m:      configure_fit: strategy sampled 5 clients (out of 5)
[36m(ClientAppActor pid=493052)[0m 
[36m(ClientAppActor pid=493052)[0m         
[36m(ClientAppActor pid=493054)[0m 
[36m(ClientAppActor pid=493054)[0m         
[36m(ClientAppActor pid=493086)[0m 
[36m(ClientAppActor pid=493086)[0m         
[36m(ClientAppActor pid=493053)[0m 
[36m(ClientAppActor pid=493053)[0m         
[36m(ClientAppActor pid=493087)[0m 
[36m(ClientAppActor pid=493087)[0m         
[92mINFO [0m:      aggregate_fit: received 5 results and 0 failures
[92mINFO [0m:      fit progress: (8, 2.6332975776672365, {'accuracy': 0.654, 'loss': 2.6332975776672365}, 110.00858208403224)
[92mINFO [0m:      configure_evaluate: strategy sampled 5 clients (out of 5)
[36m(ClientAppActor pid=493053)[0m 
[36m(ClientAppActor pid=493053)[0m         
[36m(ClientAppActor pid=493053)[0m [93mWARNING [0m:   DEPRECATED FEATURE: `client_fn` now expects a signature `def client_fn(context: Context)`.The provided `client_fn` has signature: {'cid': <Parameter "cid: str">}. You can import the `Context` like this: `from flwr.app import Context`[32m [repeated 10x across cluster][0m
[36m(ClientAppActor pid=493053)[0m             This is a deprecated feature. It will be removed[32m [repeated 10x across cluster][0m
[36m(ClientAppActor pid=493053)[0m             entirely in future versions of Flower.[32m [repeated 10x across cluster][0m
[36m(ClientAppActor pid=493087)[0m 
[36m(ClientAppActor pid=493087)[0m         
[36m(ClientAppActor pid=493086)[0m 
[36m(ClientAppActor pid=493086)[0m         
[36m(ClientAppActor pid=493052)[0m 
[36m(ClientAppActor pid=493052)[0m         
[36m(ClientAppActor pid=493054)[0m 
[36m(ClientAppActor pid=493054)[0m         
[92mINFO [0m:      aggregate_evaluate: received 5 results and 0 failures
[92mINFO [0m:      
[92mINFO [0m:      [ROUND 9]
[92mINFO [0m:      configure_fit: strategy sampled 5 clients (out of 5)
[36m(ClientAppActor pid=493054)[0m 
[36m(ClientAppActor pid=493054)[0m         
[36m(ClientAppActor pid=493052)[0m 
[36m(ClientAppActor pid=493052)[0m         
[36m(ClientAppActor pid=493086)[0m 
[36m(ClientAppActor pid=493086)[0m         
[36m(ClientAppActor pid=493087)[0m 
[36m(ClientAppActor pid=493087)[0m         
[36m(ClientAppActor pid=493053)[0m 
[36m(ClientAppActor pid=493053)[0m         
[92mINFO [0m:      aggregate_fit: received 5 results and 0 failures
[92mINFO [0m:      fit progress: (9, 2.9388802293300627, {'accuracy': 0.7064, 'loss': 2.9388802293300627}, 123.56699212401873)
[92mINFO [0m:      configure_evaluate: strategy sampled 5 clients (out of 5)
[36m(ClientAppActor pid=493087)[0m 
[36m(ClientAppActor pid=493087)[0m         
[36m(ClientAppActor pid=493087)[0m [93mWARNING [0m:   DEPRECATED FEATURE: `client_fn` now expects a signature `def client_fn(context: Context)`.The provided `client_fn` has signature: {'cid': <Parameter "cid: str">}. You can import the `Context` like this: `from flwr.app import Context`[32m [repeated 10x across cluster][0m
[36m(ClientAppActor pid=493087)[0m             This is a deprecated feature. It will be removed[32m [repeated 10x across cluster][0m
[36m(ClientAppActor pid=493087)[0m             entirely in future versions of Flower.[32m [repeated 10x across cluster][0m
[36m(ClientAppActor pid=493086)[0m 
[36m(ClientAppActor pid=493086)[0m         
[36m(ClientAppActor pid=493052)[0m 
[36m(ClientAppActor pid=493052)[0m         
[36m(ClientAppActor pid=493053)[0m 
[36m(ClientAppActor pid=493053)[0m         
[36m(ClientAppActor pid=493054)[0m 
[36m(ClientAppActor pid=493054)[0m         
[92mINFO [0m:      aggregate_evaluate: received 5 results and 0 failures
[92mINFO [0m:      
[92mINFO [0m:      [ROUND 10]
[92mINFO [0m:      configure_fit: strategy sampled 5 clients (out of 5)
[36m(ClientAppActor pid=493054)[0m 
[36m(ClientAppActor pid=493054)[0m         
[36m(ClientAppActor pid=493053)[0m 
[36m(ClientAppActor pid=493053)[0m         
[36m(ClientAppActor pid=493052)[0m 
[36m(ClientAppActor pid=493052)[0m         
[36m(ClientAppActor pid=493086)[0m 
[36m(ClientAppActor pid=493086)[0m         
[36m(ClientAppActor pid=493087)[0m 
[36m(ClientAppActor pid=493087)[0m         
[92mINFO [0m:      aggregate_fit: received 5 results and 0 failures
[92mINFO [0m:      fit progress: (10, 2.56275854947567, {'accuracy': 0.7348, 'loss': 2.56275854947567}, 136.7624941060203)
[92mINFO [0m:      configure_evaluate: strategy sampled 5 clients (out of 5)
[36m(ClientAppActor pid=493054)[0m 
[36m(ClientAppActor pid=493054)[0m         
[36m(ClientAppActor pid=493054)[0m [93mWARNING [0m:   DEPRECATED FEATURE: `client_fn` now expects a signature `def client_fn(context: Context)`.The provided `client_fn` has signature: {'cid': <Parameter "cid: str">}. You can import the `Context` like this: `from flwr.app import Context`[32m [repeated 10x across cluster][0m
[36m(ClientAppActor pid=493054)[0m             This is a deprecated feature. It will be removed[32m [repeated 10x across cluster][0m
[36m(ClientAppActor pid=493054)[0m             entirely in future versions of Flower.[32m [repeated 10x across cluster][0m
[36m(ClientAppActor pid=493052)[0m 
[36m(ClientAppActor pid=493052)[0m         
[36m(ClientAppActor pid=493053)[0m 
[36m(ClientAppActor pid=493053)[0m         
[36m(ClientAppActor pid=493086)[0m 
[36m(ClientAppActor pid=493086)[0m         
[36m(ClientAppActor pid=493087)[0m 
[36m(ClientAppActor pid=493087)[0m         
[92mINFO [0m:      aggregate_evaluate: received 5 results and 0 failures
[92mINFO [0m:      
[92mINFO [0m:      [SUMMARY]
[92mINFO [0m:      Run finished 10 round(s) in 137.70s
[92mINFO [0m:      	History (loss, distributed):
[92mINFO [0m:      		round 1: 2.303352151932169
[92mINFO [0m:      		round 2: 1.8958737767424856
[92mINFO [0m:      		round 3: 7.227043761592619
[92mINFO [0m:      		round 4: 3.001123427176008
[92mINFO [0m:      		round 5: 2.4579295434561574
[92mINFO [0m:      		round 6: 2.2739563795608464
[92mINFO [0m:      		round 7: 2.5952308708581984
[92mINFO [0m:      		round 8: 2.5273906952824867
[92mINFO [0m:      		round 9: 2.7319109470260385
[92mINFO [0m:      		round 10: 2.3453819348710496
[92mINFO [0m:      	History (loss, centralized):
[92mINFO [0m:      		round 0: 2.303244739151001
[92mINFO [0m:      		round 1: 2.307177117919922
[92mINFO [0m:      		round 2: 1.8290640224456787
[92mINFO [0m:      		round 3: 7.066125917816162
[92mINFO [0m:      		round 4: 2.9975688011169432
[92mINFO [0m:      		round 5: 2.4734190519332886
[92mINFO [0m:      		round 6: 2.4184437232017517
[92mINFO [0m:      		round 7: 2.7558348044872285
[92mINFO [0m:      		round 8: 2.6332975776672365
[92mINFO [0m:      		round 9: 2.9388802293300627
[92mINFO [0m:      		round 10: 2.56275854947567
[92mINFO [0m:      	History (metrics, distributed, fit):
[92mINFO [0m:      	{'avg_flops_per_client_round': [(1, 8140624189440.0),
[92mINFO [0m:      	                                (2, 8140624189440.0),
[92mINFO [0m:      	                                (3, 8140624189440.0),
[92mINFO [0m:      	                                (4, 8140624189440.0),
[92mINFO [0m:      	                                (5, 8140624189440.0),
[92mINFO [0m:      	                                (6, 8140624189440.0),
[92mINFO [0m:      	                                (7, 8140624189440.0),
[92mINFO [0m:      	                                (8, 8140624189440.0),
[92mINFO [0m:      	                                (9, 8140624189440.0),
[92mINFO [0m:      	                                (10, 8140624189440.0)],
[92mINFO [0m:      	 'total_flops_round': [(1, 40703120947200),
[92mINFO [0m:      	                       (2, 40703120947200),
[92mINFO [0m:      	                       (3, 40703120947200),
[92mINFO [0m:      	                       (4, 40703120947200),
[92mINFO [0m:      	                       (5, 40703120947200),
[92mINFO [0m:      	                       (6, 40703120947200),
[92mINFO [0m:      	                       (7, 40703120947200),
[92mINFO [0m:      	                       (8, 40703120947200),
[92mINFO [0m:      	                       (9, 40703120947200),
[92mINFO [0m:      	                       (10, 40703120947200)]}
[92mINFO [0m:      	History (metrics, distributed, evaluate):
[92mINFO [0m:      	{'accuracy': [(1, 0.10624249699879952),
[92mINFO [0m:      	              (2, 0.4099639855942377),
[92mINFO [0m:      	              (3, 0.42436974789915966),
[92mINFO [0m:      	              (4, 0.5836334533813525),
[92mINFO [0m:      	              (5, 0.6510604241696679),
[92mINFO [0m:      	              (6, 0.6956782713085234),
[92mINFO [0m:      	              (7, 0.6408563425370148),
[92mINFO [0m:      	              (8, 0.6584633853541416),
[92mINFO [0m:      	              (9, 0.7058823529411765),
[92mINFO [0m:      	              (10, 0.7338935574229691)],
[92mINFO [0m:      	 'loss': [(1, 2.303352151932169),
[92mINFO [0m:      	          (2, 1.8958737767424856),
[92mINFO [0m:      	          (3, 7.227043761592619),
[92mINFO [0m:      	          (4, 3.001123427176008),
[92mINFO [0m:      	          (5, 2.4579295434561574),
[92mINFO [0m:      	          (6, 2.2739563795608464),
[92mINFO [0m:      	          (7, 2.5952308708581984),
[92mINFO [0m:      	          (8, 2.5273906952824867),
[92mINFO [0m:      	          (9, 2.7319109470260385),
[92mINFO [0m:      	          (10, 2.3453819348710496)]}
[92mINFO [0m:      	History (metrics, centralized):
[92mINFO [0m:      	{'accuracy': [(0, 0.1003),
[92mINFO [0m:      	              (1, 0.1),
[92mINFO [0m:      	              (2, 0.4308),
[92mINFO [0m:      	              (3, 0.4439),
[92mINFO [0m:      	              (4, 0.5962),
[92mINFO [0m:      	              (5, 0.6562),
[92mINFO [0m:      	              (6, 0.6883),
[92mINFO [0m:      	              (7, 0.6374),
[92mINFO [0m:      	              (8, 0.654),
[92mINFO [0m:      	              (9, 0.7064),
[92mINFO [0m:      	              (10, 0.7348)],
[92mINFO [0m:      	 'loss': [(0, 2.303244739151001),
[92mINFO [0m:      	          (1, 2.307177117919922),
[92mINFO [0m:      	          (2, 1.8290640224456787),
[92mINFO [0m:      	          (3, 7.066125917816162),
[92mINFO [0m:      	          (4, 2.9975688011169432),
[92mINFO [0m:      	          (5, 2.4734190519332886),
[92mINFO [0m:      	          (6, 2.4184437232017517),
[92mINFO [0m:      	          (7, 2.7558348044872285),
[92mINFO [0m:      	          (8, 2.6332975776672365),
[92mINFO [0m:      	          (9, 2.9388802293300627),
[92mINFO [0m:      	          (10, 2.56275854947567)]}
[92mINFO [0m:      
Treinando no dispositivo: cuda:0 com o dataset: CIFAR10 | Setup clientes: 5 (num_gpus por cliente=0.2) | SEED=42 | Método: FedAvgM (server_momentum=0.9, server_lr=1.0)
FLOPS por amostra (forward): 6.030e+07 | (forward+backward, 3x): 1.809e+08
Files already downloaded and verified
Files already downloaded and verified
Dividindo o dataset usando a distribuição de Dirichlet com alpha=1.0.
Iniciando a simulação de Aprendizado Federado...
=== Diagnóstico de Medição de GPU ===
  pynvml_disponivel: True
  pynvml_versao: 580.173.02
  gpus_detectadas: 1
  leitura_potencia_ok: True
  potencia_atual_W: 114.937

--- Rodada 0 - Avaliação Centralizada (Servidor) ---
Loss (Servidor): 2.3032 | Acurácia (Servidor): 0.1003

--- Rodada 1 - Avaliação Centralizada (Servidor) ---
Loss (Servidor): 2.3072 | Acurácia (Servidor): 0.1000
--- Avaliação Agregada (Clientes) ---
Loss Média (Clientes): 2.3034 | Acurácia Média (Clientes): 0.1062

--- Rodada 2 - Avaliação Centralizada (Servidor) ---
Loss (Servidor): 1.8291 | Acurácia (Servidor): 0.4308
--- Avaliação Agregada (Clientes) ---
Loss Média (Clientes): 1.8959 | Acurácia Média (Clientes): 0.4100

--- Rodada 3 - Avaliação Centralizada (Servidor) ---
Loss (Servidor): 7.0661 | Acurácia (Servidor): 0.4439
--- Avaliação Agregada (Clientes) ---
Loss Média (Clientes): 7.2270 | Acurácia Média (Clientes): 0.4244

--- Rodada 4 - Avaliação Centralizada (Servidor) ---
Loss (Servidor): 2.9976 | Acurácia (Servidor): 0.5962
--- Avaliação Agregada (Clientes) ---
Loss Média (Clientes): 3.0011 | Acurácia Média (Clientes): 0.5836

--- Rodada 5 - Avaliação Centralizada (Servidor) ---
Loss (Servidor): 2.4734 | Acurácia (Servidor): 0.6562
--- Avaliação Agregada (Clientes) ---
Loss Média (Clientes): 2.4579 | Acurácia Média (Clientes): 0.6511

--- Rodada 6 - Avaliação Centralizada (Servidor) ---
Loss (Servidor): 2.4184 | Acurácia (Servidor): 0.6883
--- Avaliação Agregada (Clientes) ---
Loss Média (Clientes): 2.2740 | Acurácia Média (Clientes): 0.6957

--- Rodada 7 - Avaliação Centralizada (Servidor) ---
Loss (Servidor): 2.7558 | Acurácia (Servidor): 0.6374
--- Avaliação Agregada (Clientes) ---
Loss Média (Clientes): 2.5952 | Acurácia Média (Clientes): 0.6409

--- Rodada 8 - Avaliação Centralizada (Servidor) ---
Loss (Servidor): 2.6333 | Acurácia (Servidor): 0.6540
--- Avaliação Agregada (Clientes) ---
Loss Média (Clientes): 2.5274 | Acurácia Média (Clientes): 0.6585

--- Rodada 9 - Avaliação Centralizada (Servidor) ---
Loss (Servidor): 2.9389 | Acurácia (Servidor): 0.7064
--- Avaliação Agregada (Clientes) ---
Loss Média (Clientes): 2.7319 | Acurácia Média (Clientes): 0.7059

--- Rodada 10 - Avaliação Centralizada (Servidor) ---
Loss (Servidor): 2.5628 | Acurácia (Servidor): 0.7348
--- Avaliação Agregada (Clientes) ---
Loss Média (Clientes): 2.3454 | Acurácia Média (Clientes): 0.7339

Resultados salvos em: /home/tiago/GitHubProjects/fedhad-thesis-2/FedAvgM-results/1.1_diagnostico_drift/CIFAR10/FedAvgM__CIFAR10__Setup-5__Clients-5__Rounds-10__Delay-0_05__Alpha-1_0__Seed-42.txt
[36m(ClientAppActor pid=493087)[0m [93mWARNING [0m:   DEPRECATED FEATURE: `client_fn` now expects a signature `def client_fn(context: Context)`.The provided `client_fn` has signature: {'cid': <Parameter "cid: str">}. You can import the `Context` like this: `from flwr.app import Context`[32m [repeated 4x across cluster][0m
[36m(ClientAppActor pid=493087)[0m             This is a deprecated feature. It will be removed[32m [repeated 4x across cluster][0m
[36m(ClientAppActor pid=493087)[0m             entirely in future versions of Flower.[32m [repeated 4x across cluster][0m
