[codecarbon WARNING @ 12:43:08] Multiple instances of codecarbon are allowed to run at the same time.
[93mWARNING [0m:   DEPRECATED FEATURE: flwr.simulation.start_simulation() is deprecated.
	Instead, use the `flwr run` CLI command to start a local simulation in your Flower app, as shown for example below:

		$ flwr new  # Create a new Flower app from a template

		$ flwr run  # Run the Flower app in Simulation Mode

	Using `start_simulation()` is deprecated.

            This is a deprecated feature. It will be removed
            entirely in future versions of Flower.
        
[92mINFO [0m:      Starting Flower simulation, config: num_rounds=10, no round_timeout
2026-09-04 12:43:16,707	INFO worker.py:2012 -- Started a local Ray instance.
/home/tiago/GitHubProjects/fedhad-thesis-2/env_flwr_pt/lib/python3.12/site-packages/ray/_private/worker.py:2051: FutureWarning: Tip: In future versions of Ray, Ray will no longer override accelerator visible devices env var if num_gpus=0 or num_gpus=None (default). To enable this behavior and turn off this error message, set RAY_ACCEL_ENV_VAR_OVERRIDE_ON_ZERO=0
  warnings.warn(
[92mINFO [0m:      Flower VCE: Ray initialized with resources: {'accelerator_type:A40': 1.0, 'object_store_memory': 77746114560.0, 'node:__internal_head__': 1.0, 'memory': 181407600640.0, 'node:10.129.64.100': 1.0, 'GPU': 1.0, 'CPU': 64.0}
[92mINFO [0m:      Optimize your simulation with Flower VCE: https://flower.ai/docs/framework/how-to-run-simulations.html
/home/tiago/GitHubProjects/fedhad-thesis-2/FedAVG_Final.py:1577: UserWarning: No `num_cpus` specified in `client_resources`. Using `num_cpus=1` for each client.
  history = fl.simulation.start_simulation(
[92mINFO [0m:      Flower VCE: Resources for each Virtual Client: {'num_gpus': 0.2, 'num_cpus': 1}
[92mINFO [0m:      Flower VCE: Creating VirtualClientEngineActorPool with 5 actors
[92mINFO [0m:      [INIT]
[92mINFO [0m:      Requesting initial parameters from one random client
[36m(ClientAppActor pid=469646)[0m [93mWARNING [0m:   DEPRECATED FEATURE: `client_fn` now expects a signature `def client_fn(context: Context)`.The provided `client_fn` has signature: {'cid': <Parameter "cid: str">}. You can import the `Context` like this: `from flwr.app import Context`
[36m(ClientAppActor pid=469646)[0m 
[36m(ClientAppActor pid=469646)[0m             This is a deprecated feature. It will be removed
[36m(ClientAppActor pid=469646)[0m             entirely in future versions of Flower.
[36m(ClientAppActor pid=469646)[0m         
[92mINFO [0m:      Received initial parameters from one random client
[92mINFO [0m:      Starting evaluation of initial global parameters
[92mINFO [0m:      initial parameters (loss, other metrics): 2.30340019569397, {'accuracy': 0.0972, 'loss': 2.30340019569397}
[92mINFO [0m:      
[92mINFO [0m:      [ROUND 1]
[92mINFO [0m:      configure_fit: strategy sampled 5 clients (out of 5)
[36m(ClientAppActor pid=469646)[0m [93mWARNING [0m:   DEPRECATED FEATURE: `client_fn` now expects a signature `def client_fn(context: Context)`.The provided `client_fn` has signature: {'cid': <Parameter "cid: str">}. You can import the `Context` like this: `from flwr.app import Context`
[36m(ClientAppActor pid=469646)[0m 
[36m(ClientAppActor pid=469646)[0m             This is a deprecated feature. It will be removed
[36m(ClientAppActor pid=469646)[0m             entirely in future versions of Flower.
[36m(ClientAppActor pid=469646)[0m         
[36m(ClientAppActor pid=469647)[0m 
[36m(ClientAppActor pid=469647)[0m         
[36m(ClientAppActor pid=469645)[0m 
[36m(ClientAppActor pid=469645)[0m         
[36m(ClientAppActor pid=469643)[0m 
[36m(ClientAppActor pid=469643)[0m         
[36m(ClientAppActor pid=469644)[0m 
[36m(ClientAppActor pid=469644)[0m         
[92mINFO [0m:      aggregate_fit: received 5 results and 0 failures
[92mINFO [0m:      fit progress: (1, 2.3031732013702393, {'accuracy': 0.1876, 'loss': 2.3031732013702393}, 15.44540909701027)
[92mINFO [0m:      configure_evaluate: strategy sampled 5 clients (out of 5)
[36m(ClientAppActor pid=469643)[0m 
[36m(ClientAppActor pid=469643)[0m         
[36m(ClientAppActor pid=469643)[0m [93mWARNING [0m:   DEPRECATED FEATURE: `client_fn` now expects a signature `def client_fn(context: Context)`.The provided `client_fn` has signature: {'cid': <Parameter "cid: str">}. You can import the `Context` like this: `from flwr.app import Context`[32m [repeated 5x across cluster] (Ray deduplicates logs by default. Set RAY_DEDUP_LOGS=0 to disable log deduplication, or see https://docs.ray.io/en/master/ray-observability/user-guides/configure-logging.html#log-deduplication for more options.)[0m
[36m(ClientAppActor pid=469643)[0m             This is a deprecated feature. It will be removed[32m [repeated 5x across cluster][0m
[36m(ClientAppActor pid=469643)[0m             entirely in future versions of Flower.[32m [repeated 5x across cluster][0m
[36m(ClientAppActor pid=469644)[0m 
[36m(ClientAppActor pid=469644)[0m         
[36m(ClientAppActor pid=469647)[0m 
[36m(ClientAppActor pid=469647)[0m         
[36m(ClientAppActor pid=469645)[0m 
[36m(ClientAppActor pid=469645)[0m         
[36m(ClientAppActor pid=469646)[0m 
[36m(ClientAppActor pid=469646)[0m         
[92mINFO [0m:      aggregate_evaluate: received 5 results and 0 failures
[92mINFO [0m:      
[92mINFO [0m:      [ROUND 2]
[92mINFO [0m:      configure_fit: strategy sampled 5 clients (out of 5)
[36m(ClientAppActor pid=469646)[0m 
[36m(ClientAppActor pid=469646)[0m         
[36m(ClientAppActor pid=469645)[0m 
[36m(ClientAppActor pid=469645)[0m         
[36m(ClientAppActor pid=469647)[0m 
[36m(ClientAppActor pid=469647)[0m         
[36m(ClientAppActor pid=469644)[0m 
[36m(ClientAppActor pid=469644)[0m         
[36m(ClientAppActor pid=469643)[0m 
[36m(ClientAppActor pid=469643)[0m         
[92mINFO [0m:      aggregate_fit: received 5 results and 0 failures
[92mINFO [0m:      fit progress: (2, 2.231047147369385, {'accuracy': 0.2118, 'loss': 2.231047147369385}, 29.88945221400354)
[92mINFO [0m:      configure_evaluate: strategy sampled 5 clients (out of 5)
[36m(ClientAppActor pid=469644)[0m 
[36m(ClientAppActor pid=469644)[0m         
[36m(ClientAppActor pid=469644)[0m [93mWARNING [0m:   DEPRECATED FEATURE: `client_fn` now expects a signature `def client_fn(context: Context)`.The provided `client_fn` has signature: {'cid': <Parameter "cid: str">}. You can import the `Context` like this: `from flwr.app import Context`[32m [repeated 10x across cluster][0m
[36m(ClientAppActor pid=469644)[0m             This is a deprecated feature. It will be removed[32m [repeated 10x across cluster][0m
[36m(ClientAppActor pid=469644)[0m             entirely in future versions of Flower.[32m [repeated 10x across cluster][0m
[36m(ClientAppActor pid=469643)[0m 
[36m(ClientAppActor pid=469643)[0m         
[36m(ClientAppActor pid=469647)[0m 
[36m(ClientAppActor pid=469647)[0m         
[36m(ClientAppActor pid=469645)[0m 
[36m(ClientAppActor pid=469645)[0m         
[36m(ClientAppActor pid=469646)[0m 
[36m(ClientAppActor pid=469646)[0m         
[92mINFO [0m:      aggregate_evaluate: received 5 results and 0 failures
[92mINFO [0m:      
[92mINFO [0m:      [ROUND 3]
[92mINFO [0m:      configure_fit: strategy sampled 5 clients (out of 5)
[36m(ClientAppActor pid=469646)[0m 
[36m(ClientAppActor pid=469646)[0m         
[36m(ClientAppActor pid=469647)[0m 
[36m(ClientAppActor pid=469647)[0m         
[36m(ClientAppActor pid=469643)[0m 
[36m(ClientAppActor pid=469643)[0m         
[36m(ClientAppActor pid=469645)[0m 
[36m(ClientAppActor pid=469645)[0m         
[36m(ClientAppActor pid=469644)[0m 
[36m(ClientAppActor pid=469644)[0m         
[92mINFO [0m:      aggregate_fit: received 5 results and 0 failures
[92mINFO [0m:      fit progress: (3, 1.945923537826538, {'accuracy': 0.3093, 'loss': 1.945923537826538}, 44.10289141203975)
[92mINFO [0m:      configure_evaluate: strategy sampled 5 clients (out of 5)
[36m(ClientAppActor pid=469646)[0m 
[36m(ClientAppActor pid=469646)[0m         
[36m(ClientAppActor pid=469646)[0m [93mWARNING [0m:   DEPRECATED FEATURE: `client_fn` now expects a signature `def client_fn(context: Context)`.The provided `client_fn` has signature: {'cid': <Parameter "cid: str">}. You can import the `Context` like this: `from flwr.app import Context`[32m [repeated 10x across cluster][0m
[36m(ClientAppActor pid=469646)[0m             This is a deprecated feature. It will be removed[32m [repeated 10x across cluster][0m
[36m(ClientAppActor pid=469646)[0m             entirely in future versions of Flower.[32m [repeated 10x across cluster][0m
[36m(ClientAppActor pid=469647)[0m 
[36m(ClientAppActor pid=469647)[0m         
[36m(ClientAppActor pid=469644)[0m 
[36m(ClientAppActor pid=469644)[0m         
[36m(ClientAppActor pid=469645)[0m 
[36m(ClientAppActor pid=469645)[0m         
[36m(ClientAppActor pid=469643)[0m 
[36m(ClientAppActor pid=469643)[0m         
[92mINFO [0m:      aggregate_evaluate: received 5 results and 0 failures
[92mINFO [0m:      
[92mINFO [0m:      [ROUND 4]
[92mINFO [0m:      configure_fit: strategy sampled 5 clients (out of 5)
[36m(ClientAppActor pid=469643)[0m 
[36m(ClientAppActor pid=469643)[0m         
[36m(ClientAppActor pid=469644)[0m 
[36m(ClientAppActor pid=469644)[0m         
[36m(ClientAppActor pid=469645)[0m 
[36m(ClientAppActor pid=469645)[0m         
[36m(ClientAppActor pid=469647)[0m 
[36m(ClientAppActor pid=469647)[0m         
[36m(ClientAppActor pid=469646)[0m 
[36m(ClientAppActor pid=469646)[0m         
[92mINFO [0m:      aggregate_fit: received 5 results and 0 failures
[92mINFO [0m:      fit progress: (4, 1.868575552368164, {'accuracy': 0.3786, 'loss': 1.868575552368164}, 58.06772623601137)
[92mINFO [0m:      configure_evaluate: strategy sampled 5 clients (out of 5)
[36m(ClientAppActor pid=469644)[0m 
[36m(ClientAppActor pid=469644)[0m         
[36m(ClientAppActor pid=469644)[0m [93mWARNING [0m:   DEPRECATED FEATURE: `client_fn` now expects a signature `def client_fn(context: Context)`.The provided `client_fn` has signature: {'cid': <Parameter "cid: str">}. You can import the `Context` like this: `from flwr.app import Context`[32m [repeated 10x across cluster][0m
[36m(ClientAppActor pid=469644)[0m             This is a deprecated feature. It will be removed[32m [repeated 10x across cluster][0m
[36m(ClientAppActor pid=469644)[0m             entirely in future versions of Flower.[32m [repeated 10x across cluster][0m
[36m(ClientAppActor pid=469646)[0m 
[36m(ClientAppActor pid=469646)[0m         
[36m(ClientAppActor pid=469647)[0m 
[36m(ClientAppActor pid=469647)[0m         
[36m(ClientAppActor pid=469643)[0m 
[36m(ClientAppActor pid=469643)[0m         
[36m(ClientAppActor pid=469645)[0m 
[36m(ClientAppActor pid=469645)[0m         
[92mINFO [0m:      aggregate_evaluate: received 5 results and 0 failures
[92mINFO [0m:      
[92mINFO [0m:      [ROUND 5]
[92mINFO [0m:      configure_fit: strategy sampled 5 clients (out of 5)
[36m(ClientAppActor pid=469645)[0m 
[36m(ClientAppActor pid=469645)[0m         
[36m(ClientAppActor pid=469643)[0m 
[36m(ClientAppActor pid=469643)[0m         
[36m(ClientAppActor pid=469647)[0m 
[36m(ClientAppActor pid=469647)[0m         
[36m(ClientAppActor pid=469646)[0m 
[36m(ClientAppActor pid=469646)[0m         
[36m(ClientAppActor pid=469644)[0m 
[36m(ClientAppActor pid=469644)[0m         
[92mINFO [0m:      aggregate_fit: received 5 results and 0 failures
[92mINFO [0m:      fit progress: (5, 1.6866633724212647, {'accuracy': 0.4189, 'loss': 1.6866633724212647}, 72.55094882304547)
[92mINFO [0m:      configure_evaluate: strategy sampled 5 clients (out of 5)
[36m(ClientAppActor pid=469647)[0m 
[36m(ClientAppActor pid=469647)[0m         
[36m(ClientAppActor pid=469647)[0m [93mWARNING [0m:   DEPRECATED FEATURE: `client_fn` now expects a signature `def client_fn(context: Context)`.The provided `client_fn` has signature: {'cid': <Parameter "cid: str">}. You can import the `Context` like this: `from flwr.app import Context`[32m [repeated 10x across cluster][0m
[36m(ClientAppActor pid=469647)[0m             This is a deprecated feature. It will be removed[32m [repeated 10x across cluster][0m
[36m(ClientAppActor pid=469647)[0m             entirely in future versions of Flower.[32m [repeated 10x across cluster][0m
[36m(ClientAppActor pid=469645)[0m 
[36m(ClientAppActor pid=469645)[0m         
[36m(ClientAppActor pid=469646)[0m 
[36m(ClientAppActor pid=469646)[0m         
[36m(ClientAppActor pid=469643)[0m 
[36m(ClientAppActor pid=469643)[0m         
[36m(ClientAppActor pid=469644)[0m 
[36m(ClientAppActor pid=469644)[0m         
[92mINFO [0m:      aggregate_evaluate: received 5 results and 0 failures
[92mINFO [0m:      
[92mINFO [0m:      [ROUND 6]
[92mINFO [0m:      configure_fit: strategy sampled 5 clients (out of 5)
[36m(ClientAppActor pid=469644)[0m 
[36m(ClientAppActor pid=469644)[0m         
[36m(ClientAppActor pid=469646)[0m 
[36m(ClientAppActor pid=469646)[0m         
[36m(ClientAppActor pid=469643)[0m 
[36m(ClientAppActor pid=469643)[0m         
[36m(ClientAppActor pid=469645)[0m 
[36m(ClientAppActor pid=469645)[0m         
[36m(ClientAppActor pid=469647)[0m 
[36m(ClientAppActor pid=469647)[0m         
[92mINFO [0m:      aggregate_fit: received 5 results and 0 failures
[92mINFO [0m:      fit progress: (6, 1.6682879920959472, {'accuracy': 0.4216, 'loss': 1.6682879920959472}, 87.05954355903668)
[92mINFO [0m:      configure_evaluate: strategy sampled 5 clients (out of 5)
[36m(ClientAppActor pid=469647)[0m 
[36m(ClientAppActor pid=469647)[0m         
[36m(ClientAppActor pid=469647)[0m [93mWARNING [0m:   DEPRECATED FEATURE: `client_fn` now expects a signature `def client_fn(context: Context)`.The provided `client_fn` has signature: {'cid': <Parameter "cid: str">}. You can import the `Context` like this: `from flwr.app import Context`[32m [repeated 10x across cluster][0m
[36m(ClientAppActor pid=469647)[0m             This is a deprecated feature. It will be removed[32m [repeated 10x across cluster][0m
[36m(ClientAppActor pid=469647)[0m             entirely in future versions of Flower.[32m [repeated 10x across cluster][0m
[36m(ClientAppActor pid=469645)[0m 
[36m(ClientAppActor pid=469645)[0m         
[36m(ClientAppActor pid=469646)[0m 
[36m(ClientAppActor pid=469646)[0m         
[36m(ClientAppActor pid=469644)[0m 
[36m(ClientAppActor pid=469644)[0m         
[36m(ClientAppActor pid=469643)[0m 
[36m(ClientAppActor pid=469643)[0m         
[92mINFO [0m:      aggregate_evaluate: received 5 results and 0 failures
[92mINFO [0m:      
[92mINFO [0m:      [ROUND 7]
[92mINFO [0m:      configure_fit: strategy sampled 5 clients (out of 5)
[36m(ClientAppActor pid=469643)[0m 
[36m(ClientAppActor pid=469643)[0m         
[36m(ClientAppActor pid=469644)[0m 
[36m(ClientAppActor pid=469644)[0m         
[36m(ClientAppActor pid=469646)[0m 
[36m(ClientAppActor pid=469646)[0m         
[36m(ClientAppActor pid=469645)[0m 
[36m(ClientAppActor pid=469645)[0m         
[36m(ClientAppActor pid=469647)[0m 
[36m(ClientAppActor pid=469647)[0m         
[92mINFO [0m:      aggregate_fit: received 5 results and 0 failures
[92mINFO [0m:      fit progress: (7, 1.641257151412964, {'accuracy': 0.4282, 'loss': 1.641257151412964}, 101.44153644901235)
[92mINFO [0m:      configure_evaluate: strategy sampled 5 clients (out of 5)
[36m(ClientAppActor pid=469645)[0m 
[36m(ClientAppActor pid=469645)[0m         
[36m(ClientAppActor pid=469645)[0m [93mWARNING [0m:   DEPRECATED FEATURE: `client_fn` now expects a signature `def client_fn(context: Context)`.The provided `client_fn` has signature: {'cid': <Parameter "cid: str">}. You can import the `Context` like this: `from flwr.app import Context`[32m [repeated 10x across cluster][0m
[36m(ClientAppActor pid=469645)[0m             This is a deprecated feature. It will be removed[32m [repeated 10x across cluster][0m
[36m(ClientAppActor pid=469645)[0m             entirely in future versions of Flower.[32m [repeated 10x across cluster][0m
[36m(ClientAppActor pid=469647)[0m 
[36m(ClientAppActor pid=469647)[0m         
[36m(ClientAppActor pid=469644)[0m 
[36m(ClientAppActor pid=469644)[0m         
[36m(ClientAppActor pid=469646)[0m 
[36m(ClientAppActor pid=469646)[0m         
[36m(ClientAppActor pid=469643)[0m 
[36m(ClientAppActor pid=469643)[0m         
[92mINFO [0m:      aggregate_evaluate: received 5 results and 0 failures
[92mINFO [0m:      
[92mINFO [0m:      [ROUND 8]
[92mINFO [0m:      configure_fit: strategy sampled 5 clients (out of 5)
[36m(ClientAppActor pid=469643)[0m 
[36m(ClientAppActor pid=469643)[0m         
[36m(ClientAppActor pid=469646)[0m 
[36m(ClientAppActor pid=469646)[0m         
[36m(ClientAppActor pid=469644)[0m 
[36m(ClientAppActor pid=469644)[0m         
[36m(ClientAppActor pid=469647)[0m 
[36m(ClientAppActor pid=469647)[0m         
[36m(ClientAppActor pid=469645)[0m 
[36m(ClientAppActor pid=469645)[0m         
[92mINFO [0m:      aggregate_fit: received 5 results and 0 failures
[92mINFO [0m:      fit progress: (8, 1.449787668800354, {'accuracy': 0.4998, 'loss': 1.449787668800354}, 116.27123830304481)
[92mINFO [0m:      configure_evaluate: strategy sampled 5 clients (out of 5)
[36m(ClientAppActor pid=469645)[0m 
[36m(ClientAppActor pid=469645)[0m         
[36m(ClientAppActor pid=469645)[0m [93mWARNING [0m:   DEPRECATED FEATURE: `client_fn` now expects a signature `def client_fn(context: Context)`.The provided `client_fn` has signature: {'cid': <Parameter "cid: str">}. You can import the `Context` like this: `from flwr.app import Context`[32m [repeated 10x across cluster][0m
[36m(ClientAppActor pid=469645)[0m             This is a deprecated feature. It will be removed[32m [repeated 10x across cluster][0m
[36m(ClientAppActor pid=469645)[0m             entirely in future versions of Flower.[32m [repeated 10x across cluster][0m
[36m(ClientAppActor pid=469643)[0m 
[36m(ClientAppActor pid=469643)[0m         
[36m(ClientAppActor pid=469644)[0m 
[36m(ClientAppActor pid=469644)[0m         
[36m(ClientAppActor pid=469646)[0m 
[36m(ClientAppActor pid=469646)[0m         
[36m(ClientAppActor pid=469647)[0m 
[36m(ClientAppActor pid=469647)[0m         
[92mINFO [0m:      aggregate_evaluate: received 5 results and 0 failures
[92mINFO [0m:      
[92mINFO [0m:      [ROUND 9]
[92mINFO [0m:      configure_fit: strategy sampled 5 clients (out of 5)
[36m(ClientAppActor pid=469647)[0m 
[36m(ClientAppActor pid=469647)[0m         
[36m(ClientAppActor pid=469646)[0m 
[36m(ClientAppActor pid=469646)[0m         
[36m(ClientAppActor pid=469644)[0m 
[36m(ClientAppActor pid=469644)[0m         
[36m(ClientAppActor pid=469643)[0m 
[36m(ClientAppActor pid=469643)[0m         
[36m(ClientAppActor pid=469645)[0m 
[36m(ClientAppActor pid=469645)[0m         
[92mINFO [0m:      aggregate_fit: received 5 results and 0 failures
[92mINFO [0m:      fit progress: (9, 1.4646600637435914, {'accuracy': 0.4927, 'loss': 1.4646600637435914}, 130.43409618304577)
[92mINFO [0m:      configure_evaluate: strategy sampled 5 clients (out of 5)
[36m(ClientAppActor pid=469644)[0m 
[36m(ClientAppActor pid=469644)[0m         
[36m(ClientAppActor pid=469644)[0m [93mWARNING [0m:   DEPRECATED FEATURE: `client_fn` now expects a signature `def client_fn(context: Context)`.The provided `client_fn` has signature: {'cid': <Parameter "cid: str">}. You can import the `Context` like this: `from flwr.app import Context`[32m [repeated 10x across cluster][0m
[36m(ClientAppActor pid=469644)[0m             This is a deprecated feature. It will be removed[32m [repeated 10x across cluster][0m
[36m(ClientAppActor pid=469644)[0m             entirely in future versions of Flower.[32m [repeated 10x across cluster][0m
[36m(ClientAppActor pid=469643)[0m 
[36m(ClientAppActor pid=469643)[0m         
[36m(ClientAppActor pid=469646)[0m 
[36m(ClientAppActor pid=469646)[0m         
[36m(ClientAppActor pid=469645)[0m 
[36m(ClientAppActor pid=469645)[0m         
[36m(ClientAppActor pid=469647)[0m 
[36m(ClientAppActor pid=469647)[0m         
[92mINFO [0m:      aggregate_evaluate: received 5 results and 0 failures
[92mINFO [0m:      
[92mINFO [0m:      [ROUND 10]
[92mINFO [0m:      configure_fit: strategy sampled 5 clients (out of 5)
[36m(ClientAppActor pid=469647)[0m 
[36m(ClientAppActor pid=469647)[0m         
[36m(ClientAppActor pid=469645)[0m 
[36m(ClientAppActor pid=469645)[0m         
[36m(ClientAppActor pid=469646)[0m 
[36m(ClientAppActor pid=469646)[0m         
[36m(ClientAppActor pid=469643)[0m 
[36m(ClientAppActor pid=469643)[0m         
[36m(ClientAppActor pid=469644)[0m 
[36m(ClientAppActor pid=469644)[0m         
[92mINFO [0m:      aggregate_fit: received 5 results and 0 failures
[92mINFO [0m:      fit progress: (10, 1.3896892135620118, {'accuracy': 0.5265, 'loss': 1.3896892135620118}, 144.85548657400068)
[92mINFO [0m:      configure_evaluate: strategy sampled 5 clients (out of 5)
[36m(ClientAppActor pid=469644)[0m 
[36m(ClientAppActor pid=469644)[0m         
[36m(ClientAppActor pid=469644)[0m [93mWARNING [0m:   DEPRECATED FEATURE: `client_fn` now expects a signature `def client_fn(context: Context)`.The provided `client_fn` has signature: {'cid': <Parameter "cid: str">}. You can import the `Context` like this: `from flwr.app import Context`[32m [repeated 10x across cluster][0m
[36m(ClientAppActor pid=469644)[0m             This is a deprecated feature. It will be removed[32m [repeated 10x across cluster][0m
[36m(ClientAppActor pid=469644)[0m             entirely in future versions of Flower.[32m [repeated 10x across cluster][0m
[36m(ClientAppActor pid=469643)[0m 
[36m(ClientAppActor pid=469643)[0m         
[36m(ClientAppActor pid=469645)[0m 
[36m(ClientAppActor pid=469645)[0m         
[36m(ClientAppActor pid=469647)[0m 
[36m(ClientAppActor pid=469647)[0m         
[36m(ClientAppActor pid=469646)[0m 
[36m(ClientAppActor pid=469646)[0m         
[92mINFO [0m:      aggregate_evaluate: received 5 results and 0 failures
[92mINFO [0m:      
[92mINFO [0m:      [SUMMARY]
[92mINFO [0m:      Run finished 10 round(s) in 145.72s
[92mINFO [0m:      	History (loss, distributed):
[92mINFO [0m:      		round 1: 2.303263539620965
[92mINFO [0m:      		round 2: 2.235619253031082
[92mINFO [0m:      		round 3: 1.9438599468064781
[92mINFO [0m:      		round 4: 1.8706524563308045
[92mINFO [0m:      		round 5: 1.682552607412073
[92mINFO [0m:      		round 6: 1.6718925230260226
[92mINFO [0m:      		round 7: 1.6452982482169183
[92mINFO [0m:      		round 8: 1.4464113001456518
[92mINFO [0m:      		round 9: 1.4752123758676936
[92mINFO [0m:      		round 10: 1.393153406368009
[92mINFO [0m:      	History (loss, centralized):
[92mINFO [0m:      		round 0: 2.30340019569397
[92mINFO [0m:      		round 1: 2.3031732013702393
[92mINFO [0m:      		round 2: 2.231047147369385
[92mINFO [0m:      		round 3: 1.945923537826538
[92mINFO [0m:      		round 4: 1.868575552368164
[92mINFO [0m:      		round 5: 1.6866633724212647
[92mINFO [0m:      		round 6: 1.6682879920959472
[92mINFO [0m:      		round 7: 1.641257151412964
[92mINFO [0m:      		round 8: 1.449787668800354
[92mINFO [0m:      		round 9: 1.4646600637435914
[92mINFO [0m:      		round 10: 1.3896892135620118
[92mINFO [0m:      	History (metrics, distributed, fit):
[92mINFO [0m:      	{'avg_flops_per_client_round': [(1, 8140805084160.0),
[92mINFO [0m:      	                                (2, 8140805084160.0),
[92mINFO [0m:      	                                (3, 8140805084160.0),
[92mINFO [0m:      	                                (4, 8140805084160.0),
[92mINFO [0m:      	                                (5, 8140805084160.0),
[92mINFO [0m:      	                                (6, 8140805084160.0),
[92mINFO [0m:      	                                (7, 8140805084160.0),
[92mINFO [0m:      	                                (8, 8140805084160.0),
[92mINFO [0m:      	                                (9, 8140805084160.0),
[92mINFO [0m:      	                                (10, 8140805084160.0)],
[92mINFO [0m:      	 'total_flops_round': [(1, 40704025420800),
[92mINFO [0m:      	                       (2, 40704025420800),
[92mINFO [0m:      	                       (3, 40704025420800),
[92mINFO [0m:      	                       (4, 40704025420800),
[92mINFO [0m:      	                       (5, 40704025420800),
[92mINFO [0m:      	                       (6, 40704025420800),
[92mINFO [0m:      	                       (7, 40704025420800),
[92mINFO [0m:      	                       (8, 40704025420800),
[92mINFO [0m:      	                       (9, 40704025420800),
[92mINFO [0m:      	                       (10, 40704025420800)]}
[92mINFO [0m:      	History (metrics, distributed, evaluate):
[92mINFO [0m:      	{'accuracy': [(1, 0.18230938563137883),
[92mINFO [0m:      	              (2, 0.2137282369421653),
[92mINFO [0m:      	              (3, 0.31078647188312986),
[92mINFO [0m:      	              (4, 0.3800280168100861),
[92mINFO [0m:      	              (5, 0.42405443265959575),
[92mINFO [0m:      	              (6, 0.42645587352411446),
[92mINFO [0m:      	              (7, 0.4244546728036822),
[92mINFO [0m:      	              (8, 0.4938963378026816),
[92mINFO [0m:      	              (9, 0.48889333600160095),
[92mINFO [0m:      	              (10, 0.5193115869521713)],
[92mINFO [0m:      	 'loss': [(1, 2.303263539620965),
[92mINFO [0m:      	          (2, 2.235619253031082),
[92mINFO [0m:      	          (3, 1.9438599468064781),
[92mINFO [0m:      	          (4, 1.8706524563308045),
[92mINFO [0m:      	          (5, 1.682552607412073),
[92mINFO [0m:      	          (6, 1.6718925230260226),
[92mINFO [0m:      	          (7, 1.6452982482169183),
[92mINFO [0m:      	          (8, 1.4464113001456518),
[92mINFO [0m:      	          (9, 1.4752123758676936),
[92mINFO [0m:      	          (10, 1.393153406368009)]}
[92mINFO [0m:      	History (metrics, centralized):
[92mINFO [0m:      	{'accuracy': [(0, 0.0972),
[92mINFO [0m:      	              (1, 0.1876),
[92mINFO [0m:      	              (2, 0.2118),
[92mINFO [0m:      	              (3, 0.3093),
[92mINFO [0m:      	              (4, 0.3786),
[92mINFO [0m:      	              (5, 0.4189),
[92mINFO [0m:      	              (6, 0.4216),
[92mINFO [0m:      	              (7, 0.4282),
[92mINFO [0m:      	              (8, 0.4998),
[92mINFO [0m:      	              (9, 0.4927),
[92mINFO [0m:      	              (10, 0.5265)],
[92mINFO [0m:      	 'loss': [(0, 2.30340019569397),
[92mINFO [0m:      	          (1, 2.3031732013702393),
[92mINFO [0m:      	          (2, 2.231047147369385),
[92mINFO [0m:      	          (3, 1.945923537826538),
[92mINFO [0m:      	          (4, 1.868575552368164),
[92mINFO [0m:      	          (5, 1.6866633724212647),
[92mINFO [0m:      	          (6, 1.6682879920959472),
[92mINFO [0m:      	          (7, 1.641257151412964),
[92mINFO [0m:      	          (8, 1.449787668800354),
[92mINFO [0m:      	          (9, 1.4646600637435914),
[92mINFO [0m:      	          (10, 1.3896892135620118)]}
[92mINFO [0m:      
Treinando no dispositivo: cuda:0 com o dataset: CIFAR10 | Setup clientes: 5 (num_gpus por cliente=0.2) | SEED=49
FLOPS por amostra (forward): 6.030e+07 | (forward+backward, 3x): 1.809e+08
Files already downloaded and verified
Files already downloaded and verified
Dividindo o dataset usando a distribuição de Dirichlet com alpha=0.01.
Iniciando a simulação de Aprendizado Federado...
=== Diagnóstico de Medição de GPU ===
  pynvml_disponivel: True
  pynvml_versao: 580.173.02
  gpus_detectadas: 1
  leitura_potencia_ok: True
  potencia_atual_W: 114.531

--- Rodada 0 - Avaliação Centralizada (Servidor) ---
Loss (Servidor): 2.3034 | Acurácia (Servidor): 0.0972

--- Rodada 1 - Avaliação Centralizada (Servidor) ---
Loss (Servidor): 2.3032 | Acurácia (Servidor): 0.1876
--- Avaliação Agregada (Clientes) ---
Loss Média (Clientes): 2.3033 | Acurácia Média (Clientes): 0.1823

--- Rodada 2 - Avaliação Centralizada (Servidor) ---
Loss (Servidor): 2.2310 | Acurácia (Servidor): 0.2118
--- Avaliação Agregada (Clientes) ---
Loss Média (Clientes): 2.2356 | Acurácia Média (Clientes): 0.2137

--- Rodada 3 - Avaliação Centralizada (Servidor) ---
Loss (Servidor): 1.9459 | Acurácia (Servidor): 0.3093
--- Avaliação Agregada (Clientes) ---
Loss Média (Clientes): 1.9439 | Acurácia Média (Clientes): 0.3108

--- Rodada 4 - Avaliação Centralizada (Servidor) ---
Loss (Servidor): 1.8686 | Acurácia (Servidor): 0.3786
--- Avaliação Agregada (Clientes) ---
Loss Média (Clientes): 1.8707 | Acurácia Média (Clientes): 0.3800

--- Rodada 5 - Avaliação Centralizada (Servidor) ---
Loss (Servidor): 1.6867 | Acurácia (Servidor): 0.4189
--- Avaliação Agregada (Clientes) ---
Loss Média (Clientes): 1.6826 | Acurácia Média (Clientes): 0.4241

--- Rodada 6 - Avaliação Centralizada (Servidor) ---
Loss (Servidor): 1.6683 | Acurácia (Servidor): 0.4216
--- Avaliação Agregada (Clientes) ---
Loss Média (Clientes): 1.6719 | Acurácia Média (Clientes): 0.4265

--- Rodada 7 - Avaliação Centralizada (Servidor) ---
Loss (Servidor): 1.6413 | Acurácia (Servidor): 0.4282
--- Avaliação Agregada (Clientes) ---
Loss Média (Clientes): 1.6453 | Acurácia Média (Clientes): 0.4245

--- Rodada 8 - Avaliação Centralizada (Servidor) ---
Loss (Servidor): 1.4498 | Acurácia (Servidor): 0.4998
--- Avaliação Agregada (Clientes) ---
Loss Média (Clientes): 1.4464 | Acurácia Média (Clientes): 0.4939

--- Rodada 9 - Avaliação Centralizada (Servidor) ---
Loss (Servidor): 1.4647 | Acurácia (Servidor): 0.4927
--- Avaliação Agregada (Clientes) ---
Loss Média (Clientes): 1.4752 | Acurácia Média (Clientes): 0.4889

--- Rodada 10 - Avaliação Centralizada (Servidor) ---
Loss (Servidor): 1.3897 | Acurácia (Servidor): 0.5265
--- Avaliação Agregada (Clientes) ---
Loss Média (Clientes): 1.3932 | Acurácia Média (Clientes): 0.5193

Resultados salvos em: /home/tiago/GitHubProjects/fedhad-thesis-2/FedAVG-results/1.1_diagnostico_drift/CIFAR10/FedAVG__CIFAR10__Setup-5__Clients-5__Rounds-10__Delay-0_05__Alpha-0_01__Seed-49.txt
[36m(ClientAppActor pid=469646)[0m [93mWARNING [0m:   DEPRECATED FEATURE: `client_fn` now expects a signature `def client_fn(context: Context)`.The provided `client_fn` has signature: {'cid': <Parameter "cid: str">}. You can import the `Context` like this: `from flwr.app import Context`[32m [repeated 4x across cluster][0m
[36m(ClientAppActor pid=469646)[0m             This is a deprecated feature. It will be removed[32m [repeated 4x across cluster][0m
[36m(ClientAppActor pid=469646)[0m             entirely in future versions of Flower.[32m [repeated 4x across cluster][0m
