[codecarbon WARNING @ 13:49:18] Multiple instances of codecarbon are allowed to run at the same time.
[93mWARNING [0m:   DEPRECATED FEATURE: flwr.simulation.start_simulation() is deprecated.
	Instead, use the `flwr run` CLI command to start a local simulation in your Flower app, as shown for example below:

		$ flwr new  # Create a new Flower app from a template

		$ flwr run  # Run the Flower app in Simulation Mode

	Using `start_simulation()` is deprecated.

            This is a deprecated feature. It will be removed
            entirely in future versions of Flower.
        
[92mINFO [0m:      Starting Flower simulation, config: num_rounds=10, no round_timeout
2026-09-04 13:49:26,971	INFO worker.py:2012 -- Started a local Ray instance.
/home/tiago/GitHubProjects/fedhad-thesis-2/env_flwr_pt/lib/python3.12/site-packages/ray/_private/worker.py:2051: FutureWarning: Tip: In future versions of Ray, Ray will no longer override accelerator visible devices env var if num_gpus=0 or num_gpus=None (default). To enable this behavior and turn off this error message, set RAY_ACCEL_ENV_VAR_OVERRIDE_ON_ZERO=0
  warnings.warn(
[92mINFO [0m:      Flower VCE: Ray initialized with resources: {'node:10.129.64.100': 1.0, 'memory': 181404214477.0, 'node:__internal_head__': 1.0, 'CPU': 64.0, 'accelerator_type:A40': 1.0, 'object_store_memory': 77744663347.0, 'GPU': 1.0}
[92mINFO [0m:      Optimize your simulation with Flower VCE: https://flower.ai/docs/framework/how-to-run-simulations.html
/home/tiago/GitHubProjects/fedhad-thesis-2/FedAvgM_Final.py:1669: UserWarning: No `num_cpus` specified in `client_resources`. Using `num_cpus=1` for each client.
  history = fl.simulation.start_simulation(
[92mINFO [0m:      Flower VCE: Resources for each Virtual Client: {'num_gpus': 0.2, 'num_cpus': 1}
[92mINFO [0m:      Flower VCE: Creating VirtualClientEngineActorPool with 5 actors
[92mINFO [0m:      [INIT]
[92mINFO [0m:      Using initial global parameters provided by strategy
[92mINFO [0m:      Starting evaluation of initial global parameters
[92mINFO [0m:      initial parameters (loss, other metrics): 2.303244739151001, {'accuracy': 0.1003, 'loss': 2.303244739151001}
[92mINFO [0m:      
[92mINFO [0m:      [ROUND 1]
[92mINFO [0m:      configure_fit: strategy sampled 5 clients (out of 5)
[36m(ClientAppActor pid=643372)[0m [93mWARNING [0m:   DEPRECATED FEATURE: `client_fn` now expects a signature `def client_fn(context: Context)`.The provided `client_fn` has signature: {'cid': <Parameter "cid: str">}. You can import the `Context` like this: `from flwr.app import Context`
[36m(ClientAppActor pid=643372)[0m 
[36m(ClientAppActor pid=643372)[0m             This is a deprecated feature. It will be removed
[36m(ClientAppActor pid=643372)[0m             entirely in future versions of Flower.
[36m(ClientAppActor pid=643372)[0m         
[36m(ClientAppActor pid=643338)[0m 
[36m(ClientAppActor pid=643338)[0m         
[36m(ClientAppActor pid=643349)[0m 
[36m(ClientAppActor pid=643349)[0m         
[36m(ClientAppActor pid=643371)[0m 
[36m(ClientAppActor pid=643371)[0m         
[36m(ClientAppActor pid=643337)[0m 
[36m(ClientAppActor pid=643337)[0m         
[92mINFO [0m:      aggregate_fit: received 5 results and 0 failures
[92mINFO [0m:      fit progress: (1, 2.297404851913452, {'accuracy': 0.1003, 'loss': 2.297404851913452}, 16.03385339601664)
[92mINFO [0m:      configure_evaluate: strategy sampled 5 clients (out of 5)
[36m(ClientAppActor pid=643371)[0m 
[36m(ClientAppActor pid=643371)[0m         
[36m(ClientAppActor pid=643371)[0m [93mWARNING [0m:   DEPRECATED FEATURE: `client_fn` now expects a signature `def client_fn(context: Context)`.The provided `client_fn` has signature: {'cid': <Parameter "cid: str">}. You can import the `Context` like this: `from flwr.app import Context`[32m [repeated 5x across cluster] (Ray deduplicates logs by default. Set RAY_DEDUP_LOGS=0 to disable log deduplication, or see https://docs.ray.io/en/master/ray-observability/user-guides/configure-logging.html#log-deduplication for more options.)[0m
[36m(ClientAppActor pid=643371)[0m             This is a deprecated feature. It will be removed[32m [repeated 5x across cluster][0m
[36m(ClientAppActor pid=643371)[0m             entirely in future versions of Flower.[32m [repeated 5x across cluster][0m
[36m(ClientAppActor pid=643349)[0m 
[36m(ClientAppActor pid=643349)[0m         
[36m(ClientAppActor pid=643372)[0m 
[36m(ClientAppActor pid=643372)[0m         
[36m(ClientAppActor pid=643338)[0m 
[36m(ClientAppActor pid=643338)[0m         
[36m(ClientAppActor pid=643337)[0m 
[36m(ClientAppActor pid=643337)[0m         
[92mINFO [0m:      aggregate_evaluate: received 5 results and 0 failures
[92mINFO [0m:      
[92mINFO [0m:      [ROUND 2]
[92mINFO [0m:      configure_fit: strategy sampled 5 clients (out of 5)
[36m(ClientAppActor pid=643337)[0m 
[36m(ClientAppActor pid=643337)[0m         
[36m(ClientAppActor pid=643338)[0m 
[36m(ClientAppActor pid=643338)[0m         
[36m(ClientAppActor pid=643372)[0m 
[36m(ClientAppActor pid=643372)[0m         
[36m(ClientAppActor pid=643349)[0m 
[36m(ClientAppActor pid=643349)[0m         
[36m(ClientAppActor pid=643371)[0m 
[36m(ClientAppActor pid=643371)[0m         
[92mINFO [0m:      aggregate_fit: received 5 results and 0 failures
[92mINFO [0m:      fit progress: (2, 2.0131610134124758, {'accuracy': 0.3414, 'loss': 2.0131610134124758}, 30.348443800001405)
[92mINFO [0m:      configure_evaluate: strategy sampled 5 clients (out of 5)
[36m(ClientAppActor pid=643338)[0m 
[36m(ClientAppActor pid=643338)[0m         
[36m(ClientAppActor pid=643338)[0m [93mWARNING [0m:   DEPRECATED FEATURE: `client_fn` now expects a signature `def client_fn(context: Context)`.The provided `client_fn` has signature: {'cid': <Parameter "cid: str">}. You can import the `Context` like this: `from flwr.app import Context`[32m [repeated 10x across cluster][0m
[36m(ClientAppActor pid=643338)[0m             This is a deprecated feature. It will be removed[32m [repeated 10x across cluster][0m
[36m(ClientAppActor pid=643338)[0m             entirely in future versions of Flower.[32m [repeated 10x across cluster][0m
[36m(ClientAppActor pid=643349)[0m 
[36m(ClientAppActor pid=643349)[0m         
[36m(ClientAppActor pid=643337)[0m 
[36m(ClientAppActor pid=643337)[0m         
[36m(ClientAppActor pid=643372)[0m 
[36m(ClientAppActor pid=643372)[0m         
[36m(ClientAppActor pid=643371)[0m 
[36m(ClientAppActor pid=643371)[0m         
[92mINFO [0m:      aggregate_evaluate: received 5 results and 0 failures
[92mINFO [0m:      
[92mINFO [0m:      [ROUND 3]
[92mINFO [0m:      configure_fit: strategy sampled 5 clients (out of 5)
[36m(ClientAppActor pid=643371)[0m 
[36m(ClientAppActor pid=643371)[0m         
[36m(ClientAppActor pid=643372)[0m 
[36m(ClientAppActor pid=643372)[0m         
[36m(ClientAppActor pid=643337)[0m 
[36m(ClientAppActor pid=643337)[0m         
[36m(ClientAppActor pid=643349)[0m 
[36m(ClientAppActor pid=643349)[0m         
[36m(ClientAppActor pid=643338)[0m 
[36m(ClientAppActor pid=643338)[0m         
[92mINFO [0m:      aggregate_fit: received 5 results and 0 failures
[92mINFO [0m:      fit progress: (3, 2.439695923233032, {'accuracy': 0.4509, 'loss': 2.439695923233032}, 44.702688689983916)
[92mINFO [0m:      configure_evaluate: strategy sampled 5 clients (out of 5)
[36m(ClientAppActor pid=643337)[0m 
[36m(ClientAppActor pid=643337)[0m         
[36m(ClientAppActor pid=643337)[0m [93mWARNING [0m:   DEPRECATED FEATURE: `client_fn` now expects a signature `def client_fn(context: Context)`.The provided `client_fn` has signature: {'cid': <Parameter "cid: str">}. You can import the `Context` like this: `from flwr.app import Context`[32m [repeated 10x across cluster][0m
[36m(ClientAppActor pid=643337)[0m             This is a deprecated feature. It will be removed[32m [repeated 10x across cluster][0m
[36m(ClientAppActor pid=643337)[0m             entirely in future versions of Flower.[32m [repeated 10x across cluster][0m
[36m(ClientAppActor pid=643338)[0m 
[36m(ClientAppActor pid=643338)[0m         
[36m(ClientAppActor pid=643349)[0m 
[36m(ClientAppActor pid=643349)[0m         
[36m(ClientAppActor pid=643372)[0m 
[36m(ClientAppActor pid=643372)[0m         
[36m(ClientAppActor pid=643371)[0m 
[36m(ClientAppActor pid=643371)[0m         
[92mINFO [0m:      aggregate_evaluate: received 5 results and 0 failures
[92mINFO [0m:      
[92mINFO [0m:      [ROUND 4]
[92mINFO [0m:      configure_fit: strategy sampled 5 clients (out of 5)
[36m(ClientAppActor pid=643372)[0m 
[36m(ClientAppActor pid=643372)[0m         
[36m(ClientAppActor pid=643371)[0m 
[36m(ClientAppActor pid=643371)[0m         
[36m(ClientAppActor pid=643349)[0m 
[36m(ClientAppActor pid=643349)[0m         
[36m(ClientAppActor pid=643338)[0m 
[36m(ClientAppActor pid=643338)[0m         
[36m(ClientAppActor pid=643337)[0m 
[36m(ClientAppActor pid=643337)[0m         
[92mINFO [0m:      aggregate_fit: received 5 results and 0 failures
[92mINFO [0m:      fit progress: (4, 2.214681488800049, {'accuracy': 0.4875, 'loss': 2.214681488800049}, 58.8919646180002)
[92mINFO [0m:      configure_evaluate: strategy sampled 5 clients (out of 5)
[36m(ClientAppActor pid=643371)[0m 
[36m(ClientAppActor pid=643371)[0m         
[36m(ClientAppActor pid=643371)[0m [93mWARNING [0m:   DEPRECATED FEATURE: `client_fn` now expects a signature `def client_fn(context: Context)`.The provided `client_fn` has signature: {'cid': <Parameter "cid: str">}. You can import the `Context` like this: `from flwr.app import Context`[32m [repeated 10x across cluster][0m
[36m(ClientAppActor pid=643371)[0m             This is a deprecated feature. It will be removed[32m [repeated 10x across cluster][0m
[36m(ClientAppActor pid=643371)[0m             entirely in future versions of Flower.[32m [repeated 10x across cluster][0m
[36m(ClientAppActor pid=643338)[0m 
[36m(ClientAppActor pid=643338)[0m         
[36m(ClientAppActor pid=643372)[0m 
[36m(ClientAppActor pid=643372)[0m         
[36m(ClientAppActor pid=643349)[0m 
[36m(ClientAppActor pid=643349)[0m         
[36m(ClientAppActor pid=643337)[0m 
[36m(ClientAppActor pid=643337)[0m         
[92mINFO [0m:      aggregate_evaluate: received 5 results and 0 failures
[92mINFO [0m:      
[92mINFO [0m:      [ROUND 5]
[92mINFO [0m:      configure_fit: strategy sampled 5 clients (out of 5)
[36m(ClientAppActor pid=643337)[0m 
[36m(ClientAppActor pid=643337)[0m         
[36m(ClientAppActor pid=643349)[0m 
[36m(ClientAppActor pid=643349)[0m         
[36m(ClientAppActor pid=643338)[0m 
[36m(ClientAppActor pid=643338)[0m         
[36m(ClientAppActor pid=643372)[0m 
[36m(ClientAppActor pid=643372)[0m         
[36m(ClientAppActor pid=643371)[0m 
[36m(ClientAppActor pid=643371)[0m         
[92mINFO [0m:      aggregate_fit: received 5 results and 0 failures
[92mINFO [0m:      fit progress: (5, 2.1269520151138304, {'accuracy': 0.4599, 'loss': 2.1269520151138304}, 73.22234122699592)
[92mINFO [0m:      configure_evaluate: strategy sampled 5 clients (out of 5)
[36m(ClientAppActor pid=643349)[0m 
[36m(ClientAppActor pid=643349)[0m         
[36m(ClientAppActor pid=643349)[0m [93mWARNING [0m:   DEPRECATED FEATURE: `client_fn` now expects a signature `def client_fn(context: Context)`.The provided `client_fn` has signature: {'cid': <Parameter "cid: str">}. You can import the `Context` like this: `from flwr.app import Context`[32m [repeated 10x across cluster][0m
[36m(ClientAppActor pid=643349)[0m             This is a deprecated feature. It will be removed[32m [repeated 10x across cluster][0m
[36m(ClientAppActor pid=643349)[0m             entirely in future versions of Flower.[32m [repeated 10x across cluster][0m
[36m(ClientAppActor pid=643337)[0m 
[36m(ClientAppActor pid=643337)[0m         
[36m(ClientAppActor pid=643338)[0m 
[36m(ClientAppActor pid=643338)[0m         
[36m(ClientAppActor pid=643371)[0m 
[36m(ClientAppActor pid=643371)[0m         
[36m(ClientAppActor pid=643372)[0m 
[36m(ClientAppActor pid=643372)[0m         
[92mINFO [0m:      aggregate_evaluate: received 5 results and 0 failures
[92mINFO [0m:      
[92mINFO [0m:      [ROUND 6]
[92mINFO [0m:      configure_fit: strategy sampled 5 clients (out of 5)
[36m(ClientAppActor pid=643372)[0m 
[36m(ClientAppActor pid=643372)[0m         
[36m(ClientAppActor pid=643371)[0m 
[36m(ClientAppActor pid=643371)[0m         
[36m(ClientAppActor pid=643338)[0m 
[36m(ClientAppActor pid=643338)[0m         
[36m(ClientAppActor pid=643337)[0m 
[36m(ClientAppActor pid=643337)[0m         
[36m(ClientAppActor pid=643349)[0m 
[36m(ClientAppActor pid=643349)[0m         
[92mINFO [0m:      aggregate_fit: received 5 results and 0 failures
[92mINFO [0m:      fit progress: (6, 2.2850654010772704, {'accuracy': 0.5007, 'loss': 2.2850654010772704}, 87.59136257896898)
[92mINFO [0m:      configure_evaluate: strategy sampled 5 clients (out of 5)
[36m(ClientAppActor pid=643337)[0m 
[36m(ClientAppActor pid=643337)[0m         
[36m(ClientAppActor pid=643337)[0m [93mWARNING [0m:   DEPRECATED FEATURE: `client_fn` now expects a signature `def client_fn(context: Context)`.The provided `client_fn` has signature: {'cid': <Parameter "cid: str">}. You can import the `Context` like this: `from flwr.app import Context`[32m [repeated 10x across cluster][0m
[36m(ClientAppActor pid=643337)[0m             This is a deprecated feature. It will be removed[32m [repeated 10x across cluster][0m
[36m(ClientAppActor pid=643337)[0m             entirely in future versions of Flower.[32m [repeated 10x across cluster][0m
[36m(ClientAppActor pid=643349)[0m 
[36m(ClientAppActor pid=643349)[0m         
[36m(ClientAppActor pid=643371)[0m 
[36m(ClientAppActor pid=643371)[0m         
[36m(ClientAppActor pid=643338)[0m 
[36m(ClientAppActor pid=643338)[0m         
[36m(ClientAppActor pid=643372)[0m 
[36m(ClientAppActor pid=643372)[0m         
[92mINFO [0m:      aggregate_evaluate: received 5 results and 0 failures
[92mINFO [0m:      
[92mINFO [0m:      [ROUND 7]
[92mINFO [0m:      configure_fit: strategy sampled 5 clients (out of 5)
[36m(ClientAppActor pid=643372)[0m 
[36m(ClientAppActor pid=643372)[0m         
[36m(ClientAppActor pid=643371)[0m 
[36m(ClientAppActor pid=643371)[0m         
[36m(ClientAppActor pid=643338)[0m 
[36m(ClientAppActor pid=643338)[0m         
[36m(ClientAppActor pid=643349)[0m 
[36m(ClientAppActor pid=643349)[0m         
[36m(ClientAppActor pid=643337)[0m 
[36m(ClientAppActor pid=643337)[0m         
[92mINFO [0m:      aggregate_fit: received 5 results and 0 failures
[92mINFO [0m:      fit progress: (7, 2.717758857345581, {'accuracy': 0.5516, 'loss': 2.717758857345581}, 101.87221569096437)
[92mINFO [0m:      configure_evaluate: strategy sampled 5 clients (out of 5)
[36m(ClientAppActor pid=643338)[0m 
[36m(ClientAppActor pid=643338)[0m         
[36m(ClientAppActor pid=643338)[0m [93mWARNING [0m:   DEPRECATED FEATURE: `client_fn` now expects a signature `def client_fn(context: Context)`.The provided `client_fn` has signature: {'cid': <Parameter "cid: str">}. You can import the `Context` like this: `from flwr.app import Context`[32m [repeated 10x across cluster][0m
[36m(ClientAppActor pid=643338)[0m             This is a deprecated feature. It will be removed[32m [repeated 10x across cluster][0m
[36m(ClientAppActor pid=643338)[0m             entirely in future versions of Flower.[32m [repeated 10x across cluster][0m
[36m(ClientAppActor pid=643349)[0m 
[36m(ClientAppActor pid=643349)[0m         
[36m(ClientAppActor pid=643372)[0m 
[36m(ClientAppActor pid=643372)[0m         
[36m(ClientAppActor pid=643337)[0m 
[36m(ClientAppActor pid=643337)[0m         
[36m(ClientAppActor pid=643371)[0m 
[36m(ClientAppActor pid=643371)[0m         
[92mINFO [0m:      aggregate_evaluate: received 5 results and 0 failures
[92mINFO [0m:      
[92mINFO [0m:      [ROUND 8]
[92mINFO [0m:      configure_fit: strategy sampled 5 clients (out of 5)
[36m(ClientAppActor pid=643371)[0m 
[36m(ClientAppActor pid=643371)[0m         
[36m(ClientAppActor pid=643337)[0m 
[36m(ClientAppActor pid=643337)[0m         
[36m(ClientAppActor pid=643372)[0m 
[36m(ClientAppActor pid=643372)[0m         
[36m(ClientAppActor pid=643349)[0m 
[36m(ClientAppActor pid=643349)[0m         
[36m(ClientAppActor pid=643338)[0m 
[36m(ClientAppActor pid=643338)[0m         
[92mINFO [0m:      aggregate_fit: received 5 results and 0 failures
[92mINFO [0m:      fit progress: (8, 2.8404494710922243, {'accuracy': 0.5865, 'loss': 2.8404494710922243}, 115.83005768799921)
[92mINFO [0m:      configure_evaluate: strategy sampled 5 clients (out of 5)
[36m(ClientAppActor pid=643371)[0m 
[36m(ClientAppActor pid=643371)[0m         
[36m(ClientAppActor pid=643371)[0m [93mWARNING [0m:   DEPRECATED FEATURE: `client_fn` now expects a signature `def client_fn(context: Context)`.The provided `client_fn` has signature: {'cid': <Parameter "cid: str">}. You can import the `Context` like this: `from flwr.app import Context`[32m [repeated 10x across cluster][0m
[36m(ClientAppActor pid=643371)[0m             This is a deprecated feature. It will be removed[32m [repeated 10x across cluster][0m
[36m(ClientAppActor pid=643371)[0m             entirely in future versions of Flower.[32m [repeated 10x across cluster][0m
[36m(ClientAppActor pid=643338)[0m 
[36m(ClientAppActor pid=643338)[0m         
[36m(ClientAppActor pid=643337)[0m 
[36m(ClientAppActor pid=643337)[0m         
[36m(ClientAppActor pid=643372)[0m 
[36m(ClientAppActor pid=643372)[0m         
[36m(ClientAppActor pid=643349)[0m 
[36m(ClientAppActor pid=643349)[0m         
[92mINFO [0m:      aggregate_evaluate: received 5 results and 0 failures
[92mINFO [0m:      
[92mINFO [0m:      [ROUND 9]
[92mINFO [0m:      configure_fit: strategy sampled 5 clients (out of 5)
[36m(ClientAppActor pid=643349)[0m 
[36m(ClientAppActor pid=643349)[0m         
[36m(ClientAppActor pid=643372)[0m 
[36m(ClientAppActor pid=643372)[0m         
[36m(ClientAppActor pid=643337)[0m 
[36m(ClientAppActor pid=643337)[0m         
[36m(ClientAppActor pid=643338)[0m 
[36m(ClientAppActor pid=643338)[0m         
[36m(ClientAppActor pid=643371)[0m 
[36m(ClientAppActor pid=643371)[0m         
[92mINFO [0m:      aggregate_fit: received 5 results and 0 failures
[92mINFO [0m:      fit progress: (9, 2.8179471054077148, {'accuracy': 0.5735, 'loss': 2.8179471054077148}, 130.6360719089862)
[92mINFO [0m:      configure_evaluate: strategy sampled 5 clients (out of 5)
[36m(ClientAppActor pid=643371)[0m 
[36m(ClientAppActor pid=643371)[0m         
[36m(ClientAppActor pid=643371)[0m [93mWARNING [0m:   DEPRECATED FEATURE: `client_fn` now expects a signature `def client_fn(context: Context)`.The provided `client_fn` has signature: {'cid': <Parameter "cid: str">}. You can import the `Context` like this: `from flwr.app import Context`[32m [repeated 10x across cluster][0m
[36m(ClientAppActor pid=643371)[0m             This is a deprecated feature. It will be removed[32m [repeated 10x across cluster][0m
[36m(ClientAppActor pid=643371)[0m             entirely in future versions of Flower.[32m [repeated 10x across cluster][0m
[36m(ClientAppActor pid=643372)[0m 
[36m(ClientAppActor pid=643372)[0m         
[36m(ClientAppActor pid=643349)[0m 
[36m(ClientAppActor pid=643349)[0m         
[36m(ClientAppActor pid=643337)[0m 
[36m(ClientAppActor pid=643337)[0m         
[36m(ClientAppActor pid=643338)[0m 
[36m(ClientAppActor pid=643338)[0m         
[92mINFO [0m:      aggregate_evaluate: received 5 results and 0 failures
[92mINFO [0m:      
[92mINFO [0m:      [ROUND 10]
[92mINFO [0m:      configure_fit: strategy sampled 5 clients (out of 5)
[36m(ClientAppActor pid=643338)[0m 
[36m(ClientAppActor pid=643338)[0m         
[36m(ClientAppActor pid=643337)[0m 
[36m(ClientAppActor pid=643337)[0m         
[36m(ClientAppActor pid=643349)[0m 
[36m(ClientAppActor pid=643349)[0m         
[36m(ClientAppActor pid=643372)[0m 
[36m(ClientAppActor pid=643372)[0m         
[36m(ClientAppActor pid=643371)[0m 
[36m(ClientAppActor pid=643371)[0m         
[92mINFO [0m:      aggregate_fit: received 5 results and 0 failures
[92mINFO [0m:      fit progress: (10, 3.1618701375961304, {'accuracy': 0.5504, 'loss': 3.1618701375961304}, 144.93975339399185)
[92mINFO [0m:      configure_evaluate: strategy sampled 5 clients (out of 5)
[36m(ClientAppActor pid=643372)[0m 
[36m(ClientAppActor pid=643372)[0m         
[36m(ClientAppActor pid=643372)[0m [93mWARNING [0m:   DEPRECATED FEATURE: `client_fn` now expects a signature `def client_fn(context: Context)`.The provided `client_fn` has signature: {'cid': <Parameter "cid: str">}. You can import the `Context` like this: `from flwr.app import Context`[32m [repeated 10x across cluster][0m
[36m(ClientAppActor pid=643372)[0m             This is a deprecated feature. It will be removed[32m [repeated 10x across cluster][0m
[36m(ClientAppActor pid=643372)[0m             entirely in future versions of Flower.[32m [repeated 10x across cluster][0m
[36m(ClientAppActor pid=643337)[0m 
[36m(ClientAppActor pid=643337)[0m         
[36m(ClientAppActor pid=643371)[0m 
[36m(ClientAppActor pid=643371)[0m         
[36m(ClientAppActor pid=643349)[0m 
[36m(ClientAppActor pid=643349)[0m         
[36m(ClientAppActor pid=643338)[0m 
[36m(ClientAppActor pid=643338)[0m         
[92mINFO [0m:      aggregate_evaluate: received 5 results and 0 failures
[92mINFO [0m:      
[92mINFO [0m:      [SUMMARY]
[92mINFO [0m:      Run finished 10 round(s) in 145.76s
[92mINFO [0m:      	History (loss, distributed):
[92mINFO [0m:      		round 1: 2.2991226814012093
[92mINFO [0m:      		round 2: 2.013867340056413
[92mINFO [0m:      		round 3: 2.4506664186698193
[92mINFO [0m:      		round 4: 2.184075467752013
[92mINFO [0m:      		round 5: 2.1154441802972412
[92mINFO [0m:      		round 6: 2.3165489312862726
[92mINFO [0m:      		round 7: 2.7718595154263017
[92mINFO [0m:      		round 8: 2.9209249390676324
[92mINFO [0m:      		round 9: 2.906314807549599
[92mINFO [0m:      		round 10: 3.1177594236288817
[92mINFO [0m:      	History (loss, centralized):
[92mINFO [0m:      		round 0: 2.303244739151001
[92mINFO [0m:      		round 1: 2.297404851913452
[92mINFO [0m:      		round 2: 2.0131610134124758
[92mINFO [0m:      		round 3: 2.439695923233032
[92mINFO [0m:      		round 4: 2.214681488800049
[92mINFO [0m:      		round 5: 2.1269520151138304
[92mINFO [0m:      		round 6: 2.2850654010772704
[92mINFO [0m:      		round 7: 2.717758857345581
[92mINFO [0m:      		round 8: 2.8404494710922243
[92mINFO [0m:      		round 9: 2.8179471054077148
[92mINFO [0m:      		round 10: 3.1618701375961304
[92mINFO [0m:      	History (metrics, distributed, fit):
[92mINFO [0m:      	{'avg_flops_per_client_round': [(1, 8140443294720.0),
[92mINFO [0m:      	                                (2, 8140443294720.0),
[92mINFO [0m:      	                                (3, 8140443294720.0),
[92mINFO [0m:      	                                (4, 8140443294720.0),
[92mINFO [0m:      	                                (5, 8140443294720.0),
[92mINFO [0m:      	                                (6, 8140443294720.0),
[92mINFO [0m:      	                                (7, 8140443294720.0),
[92mINFO [0m:      	                                (8, 8140443294720.0),
[92mINFO [0m:      	                                (9, 8140443294720.0),
[92mINFO [0m:      	                                (10, 8140443294720.0)],
[92mINFO [0m:      	 'total_flops_round': [(1, 40702216473600),
[92mINFO [0m:      	                       (2, 40702216473600),
[92mINFO [0m:      	                       (3, 40702216473600),
[92mINFO [0m:      	                       (4, 40702216473600),
[92mINFO [0m:      	                       (5, 40702216473600),
[92mINFO [0m:      	                       (6, 40702216473600),
[92mINFO [0m:      	                       (7, 40702216473600),
[92mINFO [0m:      	                       (8, 40702216473600),
[92mINFO [0m:      	                       (9, 40702216473600),
[92mINFO [0m:      	                       (10, 40702216473600)]}
[92mINFO [0m:      	History (metrics, distributed, evaluate):
[92mINFO [0m:      	{'accuracy': [(1, 0.10162032406481297),
[92mINFO [0m:      	              (2, 0.34126825365073016),
[92mINFO [0m:      	              (3, 0.4526905381076215),
[92mINFO [0m:      	              (4, 0.49249849969994),
[92mINFO [0m:      	              (5, 0.46469293858771754),
[92mINFO [0m:      	              (6, 0.4978995799159832),
[92mINFO [0m:      	              (7, 0.5597119423884777),
[92mINFO [0m:      	              (8, 0.5829165833166633),
[92mINFO [0m:      	              (9, 0.5677135427085417),
[92mINFO [0m:      	              (10, 0.5453090618123625)],
[92mINFO [0m:      	 'loss': [(1, 2.2991226814012093),
[92mINFO [0m:      	          (2, 2.013867340056413),
[92mINFO [0m:      	          (3, 2.4506664186698193),
[92mINFO [0m:      	          (4, 2.184075467752013),
[92mINFO [0m:      	          (5, 2.1154441802972412),
[92mINFO [0m:      	          (6, 2.3165489312862726),
[92mINFO [0m:      	          (7, 2.7718595154263017),
[92mINFO [0m:      	          (8, 2.9209249390676324),
[92mINFO [0m:      	          (9, 2.906314807549599),
[92mINFO [0m:      	          (10, 3.1177594236288817)]}
[92mINFO [0m:      	History (metrics, centralized):
[92mINFO [0m:      	{'accuracy': [(0, 0.1003),
[92mINFO [0m:      	              (1, 0.1003),
[92mINFO [0m:      	              (2, 0.3414),
[92mINFO [0m:      	              (3, 0.4509),
[92mINFO [0m:      	              (4, 0.4875),
[92mINFO [0m:      	              (5, 0.4599),
[92mINFO [0m:      	              (6, 0.5007),
[92mINFO [0m:      	              (7, 0.5516),
[92mINFO [0m:      	              (8, 0.5865),
[92mINFO [0m:      	              (9, 0.5735),
[92mINFO [0m:      	              (10, 0.5504)],
[92mINFO [0m:      	 'loss': [(0, 2.303244739151001),
[92mINFO [0m:      	          (1, 2.297404851913452),
[92mINFO [0m:      	          (2, 2.0131610134124758),
[92mINFO [0m:      	          (3, 2.439695923233032),
[92mINFO [0m:      	          (4, 2.214681488800049),
[92mINFO [0m:      	          (5, 2.1269520151138304),
[92mINFO [0m:      	          (6, 2.2850654010772704),
[92mINFO [0m:      	          (7, 2.717758857345581),
[92mINFO [0m:      	          (8, 2.8404494710922243),
[92mINFO [0m:      	          (9, 2.8179471054077148),
[92mINFO [0m:      	          (10, 3.1618701375961304)]}
[92mINFO [0m:      
Treinando no dispositivo: cuda:0 com o dataset: CIFAR10 | Setup clientes: 5 (num_gpus por cliente=0.2) | SEED=42 | Método: FedAvgM (server_momentum=0.9, server_lr=1.0)
FLOPS por amostra (forward): 6.030e+07 | (forward+backward, 3x): 1.809e+08
Files already downloaded and verified
Files already downloaded and verified
Dividindo o dataset usando a distribuição de Dirichlet com alpha=0.01.
Iniciando a simulação de Aprendizado Federado...
=== Diagnóstico de Medição de GPU ===
  pynvml_disponivel: True
  pynvml_versao: 580.173.02
  gpus_detectadas: 1
  leitura_potencia_ok: True
  potencia_atual_W: 114.047

--- Rodada 0 - Avaliação Centralizada (Servidor) ---
Loss (Servidor): 2.3032 | Acurácia (Servidor): 0.1003

--- Rodada 1 - Avaliação Centralizada (Servidor) ---
Loss (Servidor): 2.2974 | Acurácia (Servidor): 0.1003
--- Avaliação Agregada (Clientes) ---
Loss Média (Clientes): 2.2991 | Acurácia Média (Clientes): 0.1016

--- Rodada 2 - Avaliação Centralizada (Servidor) ---
Loss (Servidor): 2.0132 | Acurácia (Servidor): 0.3414
--- Avaliação Agregada (Clientes) ---
Loss Média (Clientes): 2.0139 | Acurácia Média (Clientes): 0.3413

--- Rodada 3 - Avaliação Centralizada (Servidor) ---
Loss (Servidor): 2.4397 | Acurácia (Servidor): 0.4509
--- Avaliação Agregada (Clientes) ---
Loss Média (Clientes): 2.4507 | Acurácia Média (Clientes): 0.4527

--- Rodada 4 - Avaliação Centralizada (Servidor) ---
Loss (Servidor): 2.2147 | Acurácia (Servidor): 0.4875
--- Avaliação Agregada (Clientes) ---
Loss Média (Clientes): 2.1841 | Acurácia Média (Clientes): 0.4925

--- Rodada 5 - Avaliação Centralizada (Servidor) ---
Loss (Servidor): 2.1270 | Acurácia (Servidor): 0.4599
--- Avaliação Agregada (Clientes) ---
Loss Média (Clientes): 2.1154 | Acurácia Média (Clientes): 0.4647

--- Rodada 6 - Avaliação Centralizada (Servidor) ---
Loss (Servidor): 2.2851 | Acurácia (Servidor): 0.5007
--- Avaliação Agregada (Clientes) ---
Loss Média (Clientes): 2.3165 | Acurácia Média (Clientes): 0.4979

--- Rodada 7 - Avaliação Centralizada (Servidor) ---
Loss (Servidor): 2.7178 | Acurácia (Servidor): 0.5516
--- Avaliação Agregada (Clientes) ---
Loss Média (Clientes): 2.7719 | Acurácia Média (Clientes): 0.5597

--- Rodada 8 - Avaliação Centralizada (Servidor) ---
Loss (Servidor): 2.8404 | Acurácia (Servidor): 0.5865
--- Avaliação Agregada (Clientes) ---
Loss Média (Clientes): 2.9209 | Acurácia Média (Clientes): 0.5829

--- Rodada 9 - Avaliação Centralizada (Servidor) ---
Loss (Servidor): 2.8179 | Acurácia (Servidor): 0.5735
--- Avaliação Agregada (Clientes) ---
Loss Média (Clientes): 2.9063 | Acurácia Média (Clientes): 0.5677

--- Rodada 10 - Avaliação Centralizada (Servidor) ---
Loss (Servidor): 3.1619 | Acurácia (Servidor): 0.5504
--- Avaliação Agregada (Clientes) ---
Loss Média (Clientes): 3.1178 | Acurácia Média (Clientes): 0.5453

Resultados salvos em: /home/tiago/GitHubProjects/fedhad-thesis-2/FedAvgM-results/1.1_diagnostico_drift/CIFAR10/FedAvgM__CIFAR10__Setup-5__Clients-5__Rounds-10__Delay-0_05__Alpha-0_01__Seed-42.txt
[36m(ClientAppActor pid=643338)[0m [93mWARNING [0m:   DEPRECATED FEATURE: `client_fn` now expects a signature `def client_fn(context: Context)`.The provided `client_fn` has signature: {'cid': <Parameter "cid: str">}. You can import the `Context` like this: `from flwr.app import Context`[32m [repeated 4x across cluster][0m
[36m(ClientAppActor pid=643338)[0m             This is a deprecated feature. It will be removed[32m [repeated 4x across cluster][0m
[36m(ClientAppActor pid=643338)[0m             entirely in future versions of Flower.[32m [repeated 4x across cluster][0m
