[codecarbon WARNING @ 13:09:09] Multiple instances of codecarbon are allowed to run at the same time.
[93mWARNING [0m:   DEPRECATED FEATURE: flwr.simulation.start_simulation() is deprecated.
	Instead, use the `flwr run` CLI command to start a local simulation in your Flower app, as shown for example below:

		$ flwr new  # Create a new Flower app from a template

		$ flwr run  # Run the Flower app in Simulation Mode

	Using `start_simulation()` is deprecated.

            This is a deprecated feature. It will be removed
            entirely in future versions of Flower.
        
[92mINFO [0m:      Starting Flower simulation, config: num_rounds=10, no round_timeout
2026-09-04 13:09:17,787	INFO worker.py:2012 -- Started a local Ray instance.
/home/tiago/GitHubProjects/fedhad-thesis-2/env_flwr_pt/lib/python3.12/site-packages/ray/_private/worker.py:2051: FutureWarning: Tip: In future versions of Ray, Ray will no longer override accelerator visible devices env var if num_gpus=0 or num_gpus=None (default). To enable this behavior and turn off this error message, set RAY_ACCEL_ENV_VAR_OVERRIDE_ON_ZERO=0
  warnings.warn(
[92mINFO [0m:      Flower VCE: Ray initialized with resources: {'CPU': 64.0, 'memory': 181328984884.0, 'node:__internal_head__': 1.0, 'object_store_memory': 77712422092.0, 'node:10.129.64.100': 1.0, 'accelerator_type:A40': 1.0, 'GPU': 1.0}
[92mINFO [0m:      Optimize your simulation with Flower VCE: https://flower.ai/docs/framework/how-to-run-simulations.html
/home/tiago/GitHubProjects/fedhad-thesis-2/FedAvgM_Final.py:1669: UserWarning: No `num_cpus` specified in `client_resources`. Using `num_cpus=1` for each client.
  history = fl.simulation.start_simulation(
[92mINFO [0m:      Flower VCE: Resources for each Virtual Client: {'num_gpus': 0.2, 'num_cpus': 1}
[92mINFO [0m:      Flower VCE: Creating VirtualClientEngineActorPool with 5 actors
[92mINFO [0m:      [INIT]
[92mINFO [0m:      Using initial global parameters provided by strategy
[92mINFO [0m:      Starting evaluation of initial global parameters
[92mINFO [0m:      initial parameters (loss, other metrics): 2.3034515926361085, {'accuracy': 0.1, 'loss': 2.3034515926361085}
[92mINFO [0m:      
[92mINFO [0m:      [ROUND 1]
[92mINFO [0m:      configure_fit: strategy sampled 5 clients (out of 5)
[36m(ClientAppActor pid=537754)[0m [93mWARNING [0m:   DEPRECATED FEATURE: `client_fn` now expects a signature `def client_fn(context: Context)`.The provided `client_fn` has signature: {'cid': <Parameter "cid: str">}. You can import the `Context` like this: `from flwr.app import Context`
[36m(ClientAppActor pid=537754)[0m 
[36m(ClientAppActor pid=537754)[0m             This is a deprecated feature. It will be removed
[36m(ClientAppActor pid=537754)[0m             entirely in future versions of Flower.
[36m(ClientAppActor pid=537754)[0m         
[36m(ClientAppActor pid=537752)[0m 
[36m(ClientAppActor pid=537752)[0m         
[36m(ClientAppActor pid=537753)[0m 
[36m(ClientAppActor pid=537753)[0m         
[36m(ClientAppActor pid=537720)[0m 
[36m(ClientAppActor pid=537720)[0m         
[36m(ClientAppActor pid=537719)[0m 
[36m(ClientAppActor pid=537719)[0m         
[92mINFO [0m:      aggregate_fit: received 5 results and 0 failures
[92mINFO [0m:      fit progress: (1, 2.3202656188964843, {'accuracy': 0.1, 'loss': 2.3202656188964843}, 13.72675714502111)
[92mINFO [0m:      configure_evaluate: strategy sampled 5 clients (out of 5)
[36m(ClientAppActor pid=537754)[0m 
[36m(ClientAppActor pid=537754)[0m         
[36m(ClientAppActor pid=537754)[0m [93mWARNING [0m:   DEPRECATED FEATURE: `client_fn` now expects a signature `def client_fn(context: Context)`.The provided `client_fn` has signature: {'cid': <Parameter "cid: str">}. You can import the `Context` like this: `from flwr.app import Context`[32m [repeated 5x across cluster] (Ray deduplicates logs by default. Set RAY_DEDUP_LOGS=0 to disable log deduplication, or see https://docs.ray.io/en/master/ray-observability/user-guides/configure-logging.html#log-deduplication for more options.)[0m
[36m(ClientAppActor pid=537754)[0m             This is a deprecated feature. It will be removed[32m [repeated 5x across cluster][0m
[36m(ClientAppActor pid=537754)[0m             entirely in future versions of Flower.[32m [repeated 5x across cluster][0m
[36m(ClientAppActor pid=537753)[0m 
[36m(ClientAppActor pid=537753)[0m         
[36m(ClientAppActor pid=537719)[0m 
[36m(ClientAppActor pid=537719)[0m         
[36m(ClientAppActor pid=537752)[0m 
[36m(ClientAppActor pid=537752)[0m         
[36m(ClientAppActor pid=537720)[0m 
[36m(ClientAppActor pid=537720)[0m         
[92mINFO [0m:      aggregate_evaluate: received 5 results and 0 failures
[92mINFO [0m:      
[92mINFO [0m:      [ROUND 2]
[92mINFO [0m:      configure_fit: strategy sampled 5 clients (out of 5)
[36m(ClientAppActor pid=537720)[0m 
[36m(ClientAppActor pid=537720)[0m         
[36m(ClientAppActor pid=537752)[0m 
[36m(ClientAppActor pid=537752)[0m         
[36m(ClientAppActor pid=537719)[0m 
[36m(ClientAppActor pid=537719)[0m         
[36m(ClientAppActor pid=537753)[0m 
[36m(ClientAppActor pid=537753)[0m         
[36m(ClientAppActor pid=537754)[0m 
[36m(ClientAppActor pid=537754)[0m         
[92mINFO [0m:      aggregate_fit: received 5 results and 0 failures
[92mINFO [0m:      fit progress: (2, 1.7564828945159912, {'accuracy': 0.3426, 'loss': 1.7564828945159912}, 26.434130326029845)
[92mINFO [0m:      configure_evaluate: strategy sampled 5 clients (out of 5)
[36m(ClientAppActor pid=537719)[0m 
[36m(ClientAppActor pid=537719)[0m         
[36m(ClientAppActor pid=537719)[0m [93mWARNING [0m:   DEPRECATED FEATURE: `client_fn` now expects a signature `def client_fn(context: Context)`.The provided `client_fn` has signature: {'cid': <Parameter "cid: str">}. You can import the `Context` like this: `from flwr.app import Context`[32m [repeated 10x across cluster][0m
[36m(ClientAppActor pid=537719)[0m             This is a deprecated feature. It will be removed[32m [repeated 10x across cluster][0m
[36m(ClientAppActor pid=537719)[0m             entirely in future versions of Flower.[32m [repeated 10x across cluster][0m
[36m(ClientAppActor pid=537754)[0m 
[36m(ClientAppActor pid=537754)[0m         
[36m(ClientAppActor pid=537753)[0m 
[36m(ClientAppActor pid=537753)[0m         
[36m(ClientAppActor pid=537752)[0m 
[36m(ClientAppActor pid=537752)[0m         
[36m(ClientAppActor pid=537720)[0m 
[36m(ClientAppActor pid=537720)[0m         
[92mINFO [0m:      aggregate_evaluate: received 5 results and 0 failures
[92mINFO [0m:      
[92mINFO [0m:      [ROUND 3]
[92mINFO [0m:      configure_fit: strategy sampled 5 clients (out of 5)
[36m(ClientAppActor pid=537720)[0m 
[36m(ClientAppActor pid=537720)[0m         
[36m(ClientAppActor pid=537752)[0m 
[36m(ClientAppActor pid=537752)[0m         
[36m(ClientAppActor pid=537754)[0m 
[36m(ClientAppActor pid=537754)[0m         
[36m(ClientAppActor pid=537753)[0m 
[36m(ClientAppActor pid=537753)[0m         
[36m(ClientAppActor pid=537719)[0m 
[36m(ClientAppActor pid=537719)[0m         
[92mINFO [0m:      aggregate_fit: received 5 results and 0 failures
[92mINFO [0m:      fit progress: (3, 5.976377437210083, {'accuracy': 0.4048, 'loss': 5.976377437210083}, 38.95120177499484)
[92mINFO [0m:      configure_evaluate: strategy sampled 5 clients (out of 5)
[36m(ClientAppActor pid=537752)[0m 
[36m(ClientAppActor pid=537752)[0m         
[36m(ClientAppActor pid=537752)[0m [93mWARNING [0m:   DEPRECATED FEATURE: `client_fn` now expects a signature `def client_fn(context: Context)`.The provided `client_fn` has signature: {'cid': <Parameter "cid: str">}. You can import the `Context` like this: `from flwr.app import Context`[32m [repeated 10x across cluster][0m
[36m(ClientAppActor pid=537752)[0m             This is a deprecated feature. It will be removed[32m [repeated 10x across cluster][0m
[36m(ClientAppActor pid=537752)[0m             entirely in future versions of Flower.[32m [repeated 10x across cluster][0m
[36m(ClientAppActor pid=537754)[0m 
[36m(ClientAppActor pid=537754)[0m         
[36m(ClientAppActor pid=537753)[0m 
[36m(ClientAppActor pid=537753)[0m         
[36m(ClientAppActor pid=537720)[0m 
[36m(ClientAppActor pid=537720)[0m         
[36m(ClientAppActor pid=537719)[0m 
[36m(ClientAppActor pid=537719)[0m         
[92mINFO [0m:      aggregate_evaluate: received 5 results and 0 failures
[92mINFO [0m:      
[92mINFO [0m:      [ROUND 4]
[92mINFO [0m:      configure_fit: strategy sampled 5 clients (out of 5)
[36m(ClientAppActor pid=537719)[0m 
[36m(ClientAppActor pid=537719)[0m         
[36m(ClientAppActor pid=537720)[0m 
[36m(ClientAppActor pid=537720)[0m         
[36m(ClientAppActor pid=537753)[0m 
[36m(ClientAppActor pid=537753)[0m         
[36m(ClientAppActor pid=537754)[0m 
[36m(ClientAppActor pid=537754)[0m         
[36m(ClientAppActor pid=537752)[0m 
[36m(ClientAppActor pid=537752)[0m         
[92mINFO [0m:      aggregate_fit: received 5 results and 0 failures
[92mINFO [0m:      fit progress: (4, 5.361154816436768, {'accuracy': 0.4938, 'loss': 5.361154816436768}, 51.65328580798814)
[92mINFO [0m:      configure_evaluate: strategy sampled 5 clients (out of 5)
[36m(ClientAppActor pid=537752)[0m 
[36m(ClientAppActor pid=537752)[0m         
[36m(ClientAppActor pid=537752)[0m [93mWARNING [0m:   DEPRECATED FEATURE: `client_fn` now expects a signature `def client_fn(context: Context)`.The provided `client_fn` has signature: {'cid': <Parameter "cid: str">}. You can import the `Context` like this: `from flwr.app import Context`[32m [repeated 10x across cluster][0m
[36m(ClientAppActor pid=537752)[0m             This is a deprecated feature. It will be removed[32m [repeated 10x across cluster][0m
[36m(ClientAppActor pid=537752)[0m             entirely in future versions of Flower.[32m [repeated 10x across cluster][0m
[36m(ClientAppActor pid=537719)[0m 
[36m(ClientAppActor pid=537719)[0m         
[36m(ClientAppActor pid=537754)[0m 
[36m(ClientAppActor pid=537754)[0m         
[36m(ClientAppActor pid=537720)[0m 
[36m(ClientAppActor pid=537720)[0m         
[36m(ClientAppActor pid=537753)[0m 
[36m(ClientAppActor pid=537753)[0m         
[92mINFO [0m:      aggregate_evaluate: received 5 results and 0 failures
[92mINFO [0m:      
[92mINFO [0m:      [ROUND 5]
[92mINFO [0m:      configure_fit: strategy sampled 5 clients (out of 5)
[36m(ClientAppActor pid=537753)[0m 
[36m(ClientAppActor pid=537753)[0m         
[36m(ClientAppActor pid=537720)[0m 
[36m(ClientAppActor pid=537720)[0m         
[36m(ClientAppActor pid=537754)[0m 
[36m(ClientAppActor pid=537754)[0m         
[36m(ClientAppActor pid=537719)[0m 
[36m(ClientAppActor pid=537719)[0m         
[36m(ClientAppActor pid=537752)[0m 
[36m(ClientAppActor pid=537752)[0m         
[92mINFO [0m:      aggregate_fit: received 5 results and 0 failures
[92mINFO [0m:      fit progress: (5, 3.33031533203125, {'accuracy': 0.665, 'loss': 3.33031533203125}, 64.62273765000282)
[92mINFO [0m:      configure_evaluate: strategy sampled 5 clients (out of 5)
[36m(ClientAppActor pid=537752)[0m 
[36m(ClientAppActor pid=537752)[0m         
[36m(ClientAppActor pid=537752)[0m [93mWARNING [0m:   DEPRECATED FEATURE: `client_fn` now expects a signature `def client_fn(context: Context)`.The provided `client_fn` has signature: {'cid': <Parameter "cid: str">}. You can import the `Context` like this: `from flwr.app import Context`[32m [repeated 10x across cluster][0m
[36m(ClientAppActor pid=537752)[0m             This is a deprecated feature. It will be removed[32m [repeated 10x across cluster][0m
[36m(ClientAppActor pid=537752)[0m             entirely in future versions of Flower.[32m [repeated 10x across cluster][0m
[36m(ClientAppActor pid=537753)[0m 
[36m(ClientAppActor pid=537753)[0m         
[36m(ClientAppActor pid=537754)[0m 
[36m(ClientAppActor pid=537754)[0m         
[36m(ClientAppActor pid=537720)[0m 
[36m(ClientAppActor pid=537720)[0m         
[36m(ClientAppActor pid=537719)[0m 
[36m(ClientAppActor pid=537719)[0m         
[92mINFO [0m:      aggregate_evaluate: received 5 results and 0 failures
[92mINFO [0m:      
[92mINFO [0m:      [ROUND 6]
[92mINFO [0m:      configure_fit: strategy sampled 5 clients (out of 5)
[36m(ClientAppActor pid=537719)[0m 
[36m(ClientAppActor pid=537719)[0m         
[36m(ClientAppActor pid=537720)[0m 
[36m(ClientAppActor pid=537720)[0m         
[36m(ClientAppActor pid=537754)[0m 
[36m(ClientAppActor pid=537754)[0m         
[36m(ClientAppActor pid=537753)[0m 
[36m(ClientAppActor pid=537753)[0m         
[36m(ClientAppActor pid=537752)[0m 
[36m(ClientAppActor pid=537752)[0m         
[92mINFO [0m:      aggregate_fit: received 5 results and 0 failures
[92mINFO [0m:      fit progress: (6, 2.5078735857009886, {'accuracy': 0.7108, 'loss': 2.5078735857009886}, 76.87656742602121)
[92mINFO [0m:      configure_evaluate: strategy sampled 5 clients (out of 5)
[36m(ClientAppActor pid=537719)[0m 
[36m(ClientAppActor pid=537719)[0m         
[36m(ClientAppActor pid=537719)[0m [93mWARNING [0m:   DEPRECATED FEATURE: `client_fn` now expects a signature `def client_fn(context: Context)`.The provided `client_fn` has signature: {'cid': <Parameter "cid: str">}. You can import the `Context` like this: `from flwr.app import Context`[32m [repeated 10x across cluster][0m
[36m(ClientAppActor pid=537719)[0m             This is a deprecated feature. It will be removed[32m [repeated 10x across cluster][0m
[36m(ClientAppActor pid=537719)[0m             entirely in future versions of Flower.[32m [repeated 10x across cluster][0m
[36m(ClientAppActor pid=537720)[0m 
[36m(ClientAppActor pid=537720)[0m         
[36m(ClientAppActor pid=537752)[0m 
[36m(ClientAppActor pid=537752)[0m         
[36m(ClientAppActor pid=537754)[0m 
[36m(ClientAppActor pid=537754)[0m         
[36m(ClientAppActor pid=537753)[0m 
[36m(ClientAppActor pid=537753)[0m         
[92mINFO [0m:      aggregate_evaluate: received 5 results and 0 failures
[92mINFO [0m:      
[92mINFO [0m:      [ROUND 7]
[92mINFO [0m:      configure_fit: strategy sampled 5 clients (out of 5)
[36m(ClientAppActor pid=537753)[0m 
[36m(ClientAppActor pid=537753)[0m         
[36m(ClientAppActor pid=537754)[0m 
[36m(ClientAppActor pid=537754)[0m         
[36m(ClientAppActor pid=537752)[0m 
[36m(ClientAppActor pid=537752)[0m         
[36m(ClientAppActor pid=537720)[0m 
[36m(ClientAppActor pid=537720)[0m         
[36m(ClientAppActor pid=537719)[0m 
[36m(ClientAppActor pid=537719)[0m         
[92mINFO [0m:      aggregate_fit: received 5 results and 0 failures
[92mINFO [0m:      fit progress: (7, 1.9418961234092713, {'accuracy': 0.7086, 'loss': 1.9418961234092713}, 89.4285614429973)
[92mINFO [0m:      configure_evaluate: strategy sampled 5 clients (out of 5)
[36m(ClientAppActor pid=537754)[0m 
[36m(ClientAppActor pid=537754)[0m         
[36m(ClientAppActor pid=537754)[0m [93mWARNING [0m:   DEPRECATED FEATURE: `client_fn` now expects a signature `def client_fn(context: Context)`.The provided `client_fn` has signature: {'cid': <Parameter "cid: str">}. You can import the `Context` like this: `from flwr.app import Context`[32m [repeated 10x across cluster][0m
[36m(ClientAppActor pid=537754)[0m             This is a deprecated feature. It will be removed[32m [repeated 10x across cluster][0m
[36m(ClientAppActor pid=537754)[0m             entirely in future versions of Flower.[32m [repeated 10x across cluster][0m
[36m(ClientAppActor pid=537719)[0m 
[36m(ClientAppActor pid=537719)[0m         
[36m(ClientAppActor pid=537720)[0m 
[36m(ClientAppActor pid=537720)[0m         
[36m(ClientAppActor pid=537752)[0m 
[36m(ClientAppActor pid=537752)[0m         
[36m(ClientAppActor pid=537753)[0m 
[36m(ClientAppActor pid=537753)[0m         
[92mINFO [0m:      aggregate_evaluate: received 5 results and 0 failures
[92mINFO [0m:      
[92mINFO [0m:      [ROUND 8]
[92mINFO [0m:      configure_fit: strategy sampled 5 clients (out of 5)
[36m(ClientAppActor pid=537753)[0m 
[36m(ClientAppActor pid=537753)[0m         
[36m(ClientAppActor pid=537752)[0m 
[36m(ClientAppActor pid=537752)[0m         
[36m(ClientAppActor pid=537719)[0m 
[36m(ClientAppActor pid=537719)[0m         
[36m(ClientAppActor pid=537720)[0m 
[36m(ClientAppActor pid=537720)[0m         
[36m(ClientAppActor pid=537754)[0m 
[36m(ClientAppActor pid=537754)[0m         
[92mINFO [0m:      aggregate_fit: received 5 results and 0 failures
[92mINFO [0m:      fit progress: (8, 1.885135330057144, {'accuracy': 0.7091, 'loss': 1.885135330057144}, 102.04963977501029)
[92mINFO [0m:      configure_evaluate: strategy sampled 5 clients (out of 5)
[36m(ClientAppActor pid=537720)[0m 
[36m(ClientAppActor pid=537720)[0m         
[36m(ClientAppActor pid=537720)[0m [93mWARNING [0m:   DEPRECATED FEATURE: `client_fn` now expects a signature `def client_fn(context: Context)`.The provided `client_fn` has signature: {'cid': <Parameter "cid: str">}. You can import the `Context` like this: `from flwr.app import Context`[32m [repeated 10x across cluster][0m
[36m(ClientAppActor pid=537720)[0m             This is a deprecated feature. It will be removed[32m [repeated 10x across cluster][0m
[36m(ClientAppActor pid=537720)[0m             entirely in future versions of Flower.[32m [repeated 10x across cluster][0m
[36m(ClientAppActor pid=537753)[0m 
[36m(ClientAppActor pid=537753)[0m         
[36m(ClientAppActor pid=537754)[0m 
[36m(ClientAppActor pid=537754)[0m         
[36m(ClientAppActor pid=537719)[0m 
[36m(ClientAppActor pid=537719)[0m         
[36m(ClientAppActor pid=537752)[0m 
[36m(ClientAppActor pid=537752)[0m         
[92mINFO [0m:      aggregate_evaluate: received 5 results and 0 failures
[92mINFO [0m:      
[92mINFO [0m:      [ROUND 9]
[92mINFO [0m:      configure_fit: strategy sampled 5 clients (out of 5)
[36m(ClientAppActor pid=537752)[0m 
[36m(ClientAppActor pid=537752)[0m         
[36m(ClientAppActor pid=537719)[0m 
[36m(ClientAppActor pid=537719)[0m         
[36m(ClientAppActor pid=537754)[0m 
[36m(ClientAppActor pid=537754)[0m         
[36m(ClientAppActor pid=537753)[0m 
[36m(ClientAppActor pid=537753)[0m         
[36m(ClientAppActor pid=537720)[0m 
[36m(ClientAppActor pid=537720)[0m         
[92mINFO [0m:      aggregate_fit: received 5 results and 0 failures
[92mINFO [0m:      fit progress: (9, 2.951553119850159, {'accuracy': 0.6895, 'loss': 2.951553119850159}, 114.53888528601965)
[92mINFO [0m:      configure_evaluate: strategy sampled 5 clients (out of 5)
[36m(ClientAppActor pid=537719)[0m 
[36m(ClientAppActor pid=537719)[0m         
[36m(ClientAppActor pid=537719)[0m [93mWARNING [0m:   DEPRECATED FEATURE: `client_fn` now expects a signature `def client_fn(context: Context)`.The provided `client_fn` has signature: {'cid': <Parameter "cid: str">}. You can import the `Context` like this: `from flwr.app import Context`[32m [repeated 10x across cluster][0m
[36m(ClientAppActor pid=537719)[0m             This is a deprecated feature. It will be removed[32m [repeated 10x across cluster][0m
[36m(ClientAppActor pid=537719)[0m             entirely in future versions of Flower.[32m [repeated 10x across cluster][0m
[36m(ClientAppActor pid=537752)[0m 
[36m(ClientAppActor pid=537752)[0m         
[36m(ClientAppActor pid=537720)[0m 
[36m(ClientAppActor pid=537720)[0m         
[36m(ClientAppActor pid=537753)[0m 
[36m(ClientAppActor pid=537753)[0m         
[36m(ClientAppActor pid=537754)[0m 
[36m(ClientAppActor pid=537754)[0m         
[92mINFO [0m:      aggregate_evaluate: received 5 results and 0 failures
[92mINFO [0m:      
[92mINFO [0m:      [ROUND 10]
[92mINFO [0m:      configure_fit: strategy sampled 5 clients (out of 5)
[36m(ClientAppActor pid=537754)[0m 
[36m(ClientAppActor pid=537754)[0m         
[36m(ClientAppActor pid=537753)[0m 
[36m(ClientAppActor pid=537753)[0m         
[36m(ClientAppActor pid=537720)[0m 
[36m(ClientAppActor pid=537720)[0m         
[36m(ClientAppActor pid=537752)[0m 
[36m(ClientAppActor pid=537752)[0m         
[36m(ClientAppActor pid=537719)[0m 
[36m(ClientAppActor pid=537719)[0m         
[92mINFO [0m:      aggregate_fit: received 5 results and 0 failures
[92mINFO [0m:      fit progress: (10, 3.5567037564754487, {'accuracy': 0.6868, 'loss': 3.5567037564754487}, 126.94624493300216)
[92mINFO [0m:      configure_evaluate: strategy sampled 5 clients (out of 5)
[36m(ClientAppActor pid=537720)[0m 
[36m(ClientAppActor pid=537720)[0m         
[36m(ClientAppActor pid=537720)[0m [93mWARNING [0m:   DEPRECATED FEATURE: `client_fn` now expects a signature `def client_fn(context: Context)`.The provided `client_fn` has signature: {'cid': <Parameter "cid: str">}. You can import the `Context` like this: `from flwr.app import Context`[32m [repeated 10x across cluster][0m
[36m(ClientAppActor pid=537720)[0m             This is a deprecated feature. It will be removed[32m [repeated 10x across cluster][0m
[36m(ClientAppActor pid=537720)[0m             entirely in future versions of Flower.[32m [repeated 10x across cluster][0m
[36m(ClientAppActor pid=537753)[0m 
[36m(ClientAppActor pid=537753)[0m         
[36m(ClientAppActor pid=537719)[0m 
[36m(ClientAppActor pid=537719)[0m         
[36m(ClientAppActor pid=537754)[0m 
[36m(ClientAppActor pid=537754)[0m         
[36m(ClientAppActor pid=537752)[0m 
[36m(ClientAppActor pid=537752)[0m         
[92mINFO [0m:      aggregate_evaluate: received 5 results and 0 failures
[92mINFO [0m:      
[92mINFO [0m:      [SUMMARY]
[92mINFO [0m:      Run finished 10 round(s) in 127.84s
[92mINFO [0m:      	History (loss, distributed):
[92mINFO [0m:      		round 1: 2.3214868888133715
[92mINFO [0m:      		round 2: 1.7304665115939564
[92mINFO [0m:      		round 3: 5.660422513107148
[92mINFO [0m:      		round 4: 4.957419438312212
[92mINFO [0m:      		round 5: 3.142320145277169
[92mINFO [0m:      		round 6: 2.49496466676541
[92mINFO [0m:      		round 7: 1.9971497374303153
[92mINFO [0m:      		round 8: 1.8437568842112513
[92mINFO [0m:      		round 9: 2.8844308131406096
[92mINFO [0m:      		round 10: 3.318143752967419
[92mINFO [0m:      	History (loss, centralized):
[92mINFO [0m:      		round 0: 2.3034515926361085
[92mINFO [0m:      		round 1: 2.3202656188964843
[92mINFO [0m:      		round 2: 1.7564828945159912
[92mINFO [0m:      		round 3: 5.976377437210083
[92mINFO [0m:      		round 4: 5.361154816436768
[92mINFO [0m:      		round 5: 3.33031533203125
[92mINFO [0m:      		round 6: 2.5078735857009886
[92mINFO [0m:      		round 7: 1.9418961234092713
[92mINFO [0m:      		round 8: 1.885135330057144
[92mINFO [0m:      		round 9: 2.951553119850159
[92mINFO [0m:      		round 10: 3.5567037564754487
[92mINFO [0m:      	History (metrics, distributed, fit):
[92mINFO [0m:      	{'avg_flops_per_client_round': [(1, 8140624189440.0),
[92mINFO [0m:      	                                (2, 8140624189440.0),
[92mINFO [0m:      	                                (3, 8140624189440.0),
[92mINFO [0m:      	                                (4, 8140624189440.0),
[92mINFO [0m:      	                                (5, 8140624189440.0),
[92mINFO [0m:      	                                (6, 8140624189440.0),
[92mINFO [0m:      	                                (7, 8140624189440.0),
[92mINFO [0m:      	                                (8, 8140624189440.0),
[92mINFO [0m:      	                                (9, 8140624189440.0),
[92mINFO [0m:      	                                (10, 8140624189440.0)],
[92mINFO [0m:      	 'total_flops_round': [(1, 40703120947200),
[92mINFO [0m:      	                       (2, 40703120947200),
[92mINFO [0m:      	                       (3, 40703120947200),
[92mINFO [0m:      	                       (4, 40703120947200),
[92mINFO [0m:      	                       (5, 40703120947200),
[92mINFO [0m:      	                       (6, 40703120947200),
[92mINFO [0m:      	                       (7, 40703120947200),
[92mINFO [0m:      	                       (8, 40703120947200),
[92mINFO [0m:      	                       (9, 40703120947200),
[92mINFO [0m:      	                       (10, 40703120947200)]}
[92mINFO [0m:      	History (metrics, distributed, evaluate):
[92mINFO [0m:      	{'accuracy': [(1, 0.1054421768707483),
[92mINFO [0m:      	              (2, 0.36014405762304924),
[92mINFO [0m:      	              (3, 0.41876750700280113),
[92mINFO [0m:      	              (4, 0.511204481792717),
[92mINFO [0m:      	              (5, 0.6726690676270508),
[92mINFO [0m:      	              (6, 0.7098839535814325),
[92mINFO [0m:      	              (7, 0.7054821928771509),
[92mINFO [0m:      	              (8, 0.7154861944777912),
[92mINFO [0m:      	              (9, 0.70328131252501),
[92mINFO [0m:      	              (10, 0.6900760304121649)],
[92mINFO [0m:      	 'loss': [(1, 2.3214868888133715),
[92mINFO [0m:      	          (2, 1.7304665115939564),
[92mINFO [0m:      	          (3, 5.660422513107148),
[92mINFO [0m:      	          (4, 4.957419438312212),
[92mINFO [0m:      	          (5, 3.142320145277169),
[92mINFO [0m:      	          (6, 2.49496466676541),
[92mINFO [0m:      	          (7, 1.9971497374303153),
[92mINFO [0m:      	          (8, 1.8437568842112513),
[92mINFO [0m:      	          (9, 2.8844308131406096),
[92mINFO [0m:      	          (10, 3.318143752967419)]}
[92mINFO [0m:      	History (metrics, centralized):
[92mINFO [0m:      	{'accuracy': [(0, 0.1),
[92mINFO [0m:      	              (1, 0.1),
[92mINFO [0m:      	              (2, 0.3426),
[92mINFO [0m:      	              (3, 0.4048),
[92mINFO [0m:      	              (4, 0.4938),
[92mINFO [0m:      	              (5, 0.665),
[92mINFO [0m:      	              (6, 0.7108),
[92mINFO [0m:      	              (7, 0.7086),
[92mINFO [0m:      	              (8, 0.7091),
[92mINFO [0m:      	              (9, 0.6895),
[92mINFO [0m:      	              (10, 0.6868)],
[92mINFO [0m:      	 'loss': [(0, 2.3034515926361085),
[92mINFO [0m:      	          (1, 2.3202656188964843),
[92mINFO [0m:      	          (2, 1.7564828945159912),
[92mINFO [0m:      	          (3, 5.976377437210083),
[92mINFO [0m:      	          (4, 5.361154816436768),
[92mINFO [0m:      	          (5, 3.33031533203125),
[92mINFO [0m:      	          (6, 2.5078735857009886),
[92mINFO [0m:      	          (7, 1.9418961234092713),
[92mINFO [0m:      	          (8, 1.885135330057144),
[92mINFO [0m:      	          (9, 2.951553119850159),
[92mINFO [0m:      	          (10, 3.5567037564754487)]}
[92mINFO [0m:      
Treinando no dispositivo: cuda:0 com o dataset: CIFAR10 | Setup clientes: 5 (num_gpus por cliente=0.2) | SEED=48 | Método: FedAvgM (server_momentum=0.9, server_lr=1.0)
FLOPS por amostra (forward): 6.030e+07 | (forward+backward, 3x): 1.809e+08
Files already downloaded and verified
Files already downloaded and verified
Dividindo o dataset usando a distribuição de Dirichlet com alpha=1.0.
Iniciando a simulação de Aprendizado Federado...
=== Diagnóstico de Medição de GPU ===
  pynvml_disponivel: True
  pynvml_versao: 580.173.02
  gpus_detectadas: 1
  leitura_potencia_ok: True
  potencia_atual_W: 115.591

--- Rodada 0 - Avaliação Centralizada (Servidor) ---
Loss (Servidor): 2.3035 | Acurácia (Servidor): 0.1000

--- Rodada 1 - Avaliação Centralizada (Servidor) ---
Loss (Servidor): 2.3203 | Acurácia (Servidor): 0.1000
--- Avaliação Agregada (Clientes) ---
Loss Média (Clientes): 2.3215 | Acurácia Média (Clientes): 0.1054

--- Rodada 2 - Avaliação Centralizada (Servidor) ---
Loss (Servidor): 1.7565 | Acurácia (Servidor): 0.3426
--- Avaliação Agregada (Clientes) ---
Loss Média (Clientes): 1.7305 | Acurácia Média (Clientes): 0.3601

--- Rodada 3 - Avaliação Centralizada (Servidor) ---
Loss (Servidor): 5.9764 | Acurácia (Servidor): 0.4048
--- Avaliação Agregada (Clientes) ---
Loss Média (Clientes): 5.6604 | Acurácia Média (Clientes): 0.4188

--- Rodada 4 - Avaliação Centralizada (Servidor) ---
Loss (Servidor): 5.3612 | Acurácia (Servidor): 0.4938
--- Avaliação Agregada (Clientes) ---
Loss Média (Clientes): 4.9574 | Acurácia Média (Clientes): 0.5112

--- Rodada 5 - Avaliação Centralizada (Servidor) ---
Loss (Servidor): 3.3303 | Acurácia (Servidor): 0.6650
--- Avaliação Agregada (Clientes) ---
Loss Média (Clientes): 3.1423 | Acurácia Média (Clientes): 0.6727

--- Rodada 6 - Avaliação Centralizada (Servidor) ---
Loss (Servidor): 2.5079 | Acurácia (Servidor): 0.7108
--- Avaliação Agregada (Clientes) ---
Loss Média (Clientes): 2.4950 | Acurácia Média (Clientes): 0.7099

--- Rodada 7 - Avaliação Centralizada (Servidor) ---
Loss (Servidor): 1.9419 | Acurácia (Servidor): 0.7086
--- Avaliação Agregada (Clientes) ---
Loss Média (Clientes): 1.9971 | Acurácia Média (Clientes): 0.7055

--- Rodada 8 - Avaliação Centralizada (Servidor) ---
Loss (Servidor): 1.8851 | Acurácia (Servidor): 0.7091
--- Avaliação Agregada (Clientes) ---
Loss Média (Clientes): 1.8438 | Acurácia Média (Clientes): 0.7155

--- Rodada 9 - Avaliação Centralizada (Servidor) ---
Loss (Servidor): 2.9516 | Acurácia (Servidor): 0.6895
--- Avaliação Agregada (Clientes) ---
Loss Média (Clientes): 2.8844 | Acurácia Média (Clientes): 0.7033

--- Rodada 10 - Avaliação Centralizada (Servidor) ---
Loss (Servidor): 3.5567 | Acurácia (Servidor): 0.6868
--- Avaliação Agregada (Clientes) ---
Loss Média (Clientes): 3.3181 | Acurácia Média (Clientes): 0.6901

Resultados salvos em: /home/tiago/GitHubProjects/fedhad-thesis-2/FedAvgM-results/1.1_diagnostico_drift/CIFAR10/FedAvgM__CIFAR10__Setup-5__Clients-5__Rounds-10__Delay-0_05__Alpha-1_0__Seed-48.txt
[36m(ClientAppActor pid=537752)[0m [93mWARNING [0m:   DEPRECATED FEATURE: `client_fn` now expects a signature `def client_fn(context: Context)`.The provided `client_fn` has signature: {'cid': <Parameter "cid: str">}. You can import the `Context` like this: `from flwr.app import Context`[32m [repeated 4x across cluster][0m
[36m(ClientAppActor pid=537752)[0m             This is a deprecated feature. It will be removed[32m [repeated 4x across cluster][0m
[36m(ClientAppActor pid=537752)[0m             entirely in future versions of Flower.[32m [repeated 4x across cluster][0m
