[codecarbon WARNING @ 11:51:31] Multiple instances of codecarbon are allowed to run at the same time.
[93mWARNING [0m:   DEPRECATED FEATURE: flwr.simulation.start_simulation() is deprecated.
	Instead, use the `flwr run` CLI command to start a local simulation in your Flower app, as shown for example below:

		$ flwr new  # Create a new Flower app from a template

		$ flwr run  # Run the Flower app in Simulation Mode

	Using `start_simulation()` is deprecated.

            This is a deprecated feature. It will be removed
            entirely in future versions of Flower.
        
[92mINFO [0m:      Starting Flower simulation, config: num_rounds=10, no round_timeout
2026-09-04 11:51:39,526	INFO worker.py:2012 -- Started a local Ray instance.
/home/tiago/GitHubProjects/fedhad-thesis-2/env_flwr_pt/lib/python3.12/site-packages/ray/_private/worker.py:2051: FutureWarning: Tip: In future versions of Ray, Ray will no longer override accelerator visible devices env var if num_gpus=0 or num_gpus=None (default). To enable this behavior and turn off this error message, set RAY_ACCEL_ENV_VAR_OVERRIDE_ON_ZERO=0
  warnings.warn(
[92mINFO [0m:      Flower VCE: Ray initialized with resources: {'accelerator_type:A40': 1.0, 'CPU': 64.0, 'GPU': 1.0, 'node:__internal_head__': 1.0, 'object_store_memory': 77730185625.0, 'node:10.129.64.100': 1.0, 'memory': 181370433127.0}
[92mINFO [0m:      Optimize your simulation with Flower VCE: https://flower.ai/docs/framework/how-to-run-simulations.html
/home/tiago/GitHubProjects/fedhad-thesis-2/FedAVG_Final.py:1577: UserWarning: No `num_cpus` specified in `client_resources`. Using `num_cpus=1` for each client.
  history = fl.simulation.start_simulation(
[92mINFO [0m:      Flower VCE: Resources for each Virtual Client: {'num_gpus': 0.2, 'num_cpus': 1}
[92mINFO [0m:      Flower VCE: Creating VirtualClientEngineActorPool with 5 actors
[92mINFO [0m:      [INIT]
[92mINFO [0m:      Requesting initial parameters from one random client
[36m(ClientAppActor pid=338825)[0m [93mWARNING [0m:   DEPRECATED FEATURE: `client_fn` now expects a signature `def client_fn(context: Context)`.The provided `client_fn` has signature: {'cid': <Parameter "cid: str">}. You can import the `Context` like this: `from flwr.app import Context`
[36m(ClientAppActor pid=338825)[0m 
[36m(ClientAppActor pid=338825)[0m             This is a deprecated feature. It will be removed
[36m(ClientAppActor pid=338825)[0m             entirely in future versions of Flower.
[36m(ClientAppActor pid=338825)[0m         
[92mINFO [0m:      Received initial parameters from one random client
[92mINFO [0m:      Starting evaluation of initial global parameters
[92mINFO [0m:      initial parameters (loss, other metrics): 2.3034946784973145, {'accuracy': 0.0972, 'loss': 2.3034946784973145}
[92mINFO [0m:      
[92mINFO [0m:      [ROUND 1]
[92mINFO [0m:      configure_fit: strategy sampled 5 clients (out of 5)
[36m(ClientAppActor pid=338825)[0m [93mWARNING [0m:   DEPRECATED FEATURE: `client_fn` now expects a signature `def client_fn(context: Context)`.The provided `client_fn` has signature: {'cid': <Parameter "cid: str">}. You can import the `Context` like this: `from flwr.app import Context`
[36m(ClientAppActor pid=338825)[0m 
[36m(ClientAppActor pid=338825)[0m             This is a deprecated feature. It will be removed
[36m(ClientAppActor pid=338825)[0m             entirely in future versions of Flower.
[36m(ClientAppActor pid=338825)[0m         
[36m(ClientAppActor pid=338824)[0m 
[36m(ClientAppActor pid=338824)[0m         
[36m(ClientAppActor pid=338822)[0m 
[36m(ClientAppActor pid=338822)[0m         
[36m(ClientAppActor pid=338821)[0m 
[36m(ClientAppActor pid=338821)[0m         
[36m(ClientAppActor pid=338823)[0m 
[36m(ClientAppActor pid=338823)[0m         
[92mINFO [0m:      aggregate_fit: received 5 results and 0 failures
[92mINFO [0m:      fit progress: (1, 2.2920501945495606, {'accuracy': 0.2252, 'loss': 2.2920501945495606}, 16.864954846038017)
[92mINFO [0m:      configure_evaluate: strategy sampled 5 clients (out of 5)
[36m(ClientAppActor pid=338821)[0m 
[36m(ClientAppActor pid=338821)[0m         
[36m(ClientAppActor pid=338821)[0m [93mWARNING [0m:   DEPRECATED FEATURE: `client_fn` now expects a signature `def client_fn(context: Context)`.The provided `client_fn` has signature: {'cid': <Parameter "cid: str">}. You can import the `Context` like this: `from flwr.app import Context`[32m [repeated 5x across cluster] (Ray deduplicates logs by default. Set RAY_DEDUP_LOGS=0 to disable log deduplication, or see https://docs.ray.io/en/master/ray-observability/user-guides/configure-logging.html#log-deduplication for more options.)[0m
[36m(ClientAppActor pid=338821)[0m             This is a deprecated feature. It will be removed[32m [repeated 5x across cluster][0m
[36m(ClientAppActor pid=338821)[0m             entirely in future versions of Flower.[32m [repeated 5x across cluster][0m
[36m(ClientAppActor pid=338822)[0m 
[36m(ClientAppActor pid=338822)[0m         
[36m(ClientAppActor pid=338824)[0m 
[36m(ClientAppActor pid=338824)[0m         
[36m(ClientAppActor pid=338825)[0m 
[36m(ClientAppActor pid=338825)[0m         
[36m(ClientAppActor pid=338823)[0m 
[36m(ClientAppActor pid=338823)[0m         
[92mINFO [0m:      aggregate_evaluate: received 5 results and 0 failures
[92mINFO [0m:      
[92mINFO [0m:      [ROUND 2]
[92mINFO [0m:      configure_fit: strategy sampled 5 clients (out of 5)
[36m(ClientAppActor pid=338823)[0m 
[36m(ClientAppActor pid=338823)[0m         
[36m(ClientAppActor pid=338825)[0m 
[36m(ClientAppActor pid=338825)[0m         
[36m(ClientAppActor pid=338824)[0m 
[36m(ClientAppActor pid=338824)[0m         
[36m(ClientAppActor pid=338822)[0m 
[36m(ClientAppActor pid=338822)[0m         
[36m(ClientAppActor pid=338821)[0m 
[36m(ClientAppActor pid=338821)[0m         
[92mINFO [0m:      aggregate_fit: received 5 results and 0 failures
[92mINFO [0m:      fit progress: (2, 1.6470915399551391, {'accuracy': 0.4455, 'loss': 1.6470915399551391}, 32.59889763902174)
[92mINFO [0m:      configure_evaluate: strategy sampled 5 clients (out of 5)
[36m(ClientAppActor pid=338825)[0m 
[36m(ClientAppActor pid=338825)[0m         
[36m(ClientAppActor pid=338825)[0m [93mWARNING [0m:   DEPRECATED FEATURE: `client_fn` now expects a signature `def client_fn(context: Context)`.The provided `client_fn` has signature: {'cid': <Parameter "cid: str">}. You can import the `Context` like this: `from flwr.app import Context`[32m [repeated 10x across cluster][0m
[36m(ClientAppActor pid=338825)[0m             This is a deprecated feature. It will be removed[32m [repeated 10x across cluster][0m
[36m(ClientAppActor pid=338825)[0m             entirely in future versions of Flower.[32m [repeated 10x across cluster][0m
[36m(ClientAppActor pid=338822)[0m 
[36m(ClientAppActor pid=338822)[0m         
[36m(ClientAppActor pid=338823)[0m 
[36m(ClientAppActor pid=338823)[0m         
[36m(ClientAppActor pid=338824)[0m 
[36m(ClientAppActor pid=338824)[0m         
[36m(ClientAppActor pid=338821)[0m 
[36m(ClientAppActor pid=338821)[0m         
[92mINFO [0m:      aggregate_evaluate: received 5 results and 0 failures
[92mINFO [0m:      
[92mINFO [0m:      [ROUND 3]
[92mINFO [0m:      configure_fit: strategy sampled 5 clients (out of 5)
[36m(ClientAppActor pid=338821)[0m 
[36m(ClientAppActor pid=338821)[0m         
[36m(ClientAppActor pid=338822)[0m 
[36m(ClientAppActor pid=338822)[0m         
[36m(ClientAppActor pid=338824)[0m 
[36m(ClientAppActor pid=338824)[0m         
[36m(ClientAppActor pid=338823)[0m 
[36m(ClientAppActor pid=338823)[0m         
[36m(ClientAppActor pid=338825)[0m 
[36m(ClientAppActor pid=338825)[0m         
[92mINFO [0m:      aggregate_fit: received 5 results and 0 failures
[92mINFO [0m:      fit progress: (3, 1.3148402069091798, {'accuracy': 0.5495, 'loss': 1.3148402069091798}, 48.17785813199589)
[92mINFO [0m:      configure_evaluate: strategy sampled 5 clients (out of 5)
[36m(ClientAppActor pid=338824)[0m 
[36m(ClientAppActor pid=338824)[0m         
[36m(ClientAppActor pid=338824)[0m [93mWARNING [0m:   DEPRECATED FEATURE: `client_fn` now expects a signature `def client_fn(context: Context)`.The provided `client_fn` has signature: {'cid': <Parameter "cid: str">}. You can import the `Context` like this: `from flwr.app import Context`[32m [repeated 10x across cluster][0m
[36m(ClientAppActor pid=338824)[0m             This is a deprecated feature. It will be removed[32m [repeated 10x across cluster][0m
[36m(ClientAppActor pid=338824)[0m             entirely in future versions of Flower.[32m [repeated 10x across cluster][0m
[36m(ClientAppActor pid=338825)[0m 
[36m(ClientAppActor pid=338825)[0m         
[36m(ClientAppActor pid=338823)[0m 
[36m(ClientAppActor pid=338823)[0m         
[36m(ClientAppActor pid=338822)[0m 
[36m(ClientAppActor pid=338822)[0m         
[36m(ClientAppActor pid=338821)[0m 
[36m(ClientAppActor pid=338821)[0m         
[92mINFO [0m:      aggregate_evaluate: received 5 results and 0 failures
[92mINFO [0m:      
[92mINFO [0m:      [ROUND 4]
[92mINFO [0m:      configure_fit: strategy sampled 5 clients (out of 5)
[36m(ClientAppActor pid=338822)[0m 
[36m(ClientAppActor pid=338822)[0m         
[36m(ClientAppActor pid=338821)[0m 
[36m(ClientAppActor pid=338821)[0m         
[36m(ClientAppActor pid=338823)[0m 
[36m(ClientAppActor pid=338823)[0m         
[36m(ClientAppActor pid=338825)[0m 
[36m(ClientAppActor pid=338825)[0m         
[36m(ClientAppActor pid=338824)[0m 
[36m(ClientAppActor pid=338824)[0m         
[92mINFO [0m:      aggregate_fit: received 5 results and 0 failures
[92mINFO [0m:      fit progress: (4, 1.1130364408493043, {'accuracy': 0.6308, 'loss': 1.1130364408493043}, 63.598010168992914)
[92mINFO [0m:      configure_evaluate: strategy sampled 5 clients (out of 5)
[36m(ClientAppActor pid=338821)[0m 
[36m(ClientAppActor pid=338821)[0m         
[36m(ClientAppActor pid=338821)[0m [93mWARNING [0m:   DEPRECATED FEATURE: `client_fn` now expects a signature `def client_fn(context: Context)`.The provided `client_fn` has signature: {'cid': <Parameter "cid: str">}. You can import the `Context` like this: `from flwr.app import Context`[32m [repeated 10x across cluster][0m
[36m(ClientAppActor pid=338821)[0m             This is a deprecated feature. It will be removed[32m [repeated 10x across cluster][0m
[36m(ClientAppActor pid=338821)[0m             entirely in future versions of Flower.[32m [repeated 10x across cluster][0m
[36m(ClientAppActor pid=338825)[0m 
[36m(ClientAppActor pid=338825)[0m         
[36m(ClientAppActor pid=338822)[0m 
[36m(ClientAppActor pid=338822)[0m         
[36m(ClientAppActor pid=338823)[0m 
[36m(ClientAppActor pid=338823)[0m         
[36m(ClientAppActor pid=338824)[0m 
[36m(ClientAppActor pid=338824)[0m         
[92mINFO [0m:      aggregate_evaluate: received 5 results and 0 failures
[92mINFO [0m:      
[92mINFO [0m:      [ROUND 5]
[92mINFO [0m:      configure_fit: strategy sampled 5 clients (out of 5)
[36m(ClientAppActor pid=338824)[0m 
[36m(ClientAppActor pid=338824)[0m         
[36m(ClientAppActor pid=338823)[0m 
[36m(ClientAppActor pid=338823)[0m         
[36m(ClientAppActor pid=338822)[0m 
[36m(ClientAppActor pid=338822)[0m         
[36m(ClientAppActor pid=338825)[0m 
[36m(ClientAppActor pid=338825)[0m         
[36m(ClientAppActor pid=338821)[0m 
[36m(ClientAppActor pid=338821)[0m         
[92mINFO [0m:      aggregate_fit: received 5 results and 0 failures
[92mINFO [0m:      fit progress: (5, 1.0372438913345337, {'accuracy': 0.6487, 'loss': 1.0372438913345337}, 79.15613514499273)
[92mINFO [0m:      configure_evaluate: strategy sampled 5 clients (out of 5)
[36m(ClientAppActor pid=338823)[0m 
[36m(ClientAppActor pid=338823)[0m         
[36m(ClientAppActor pid=338823)[0m [93mWARNING [0m:   DEPRECATED FEATURE: `client_fn` now expects a signature `def client_fn(context: Context)`.The provided `client_fn` has signature: {'cid': <Parameter "cid: str">}. You can import the `Context` like this: `from flwr.app import Context`[32m [repeated 10x across cluster][0m
[36m(ClientAppActor pid=338823)[0m             This is a deprecated feature. It will be removed[32m [repeated 10x across cluster][0m
[36m(ClientAppActor pid=338823)[0m             entirely in future versions of Flower.[32m [repeated 10x across cluster][0m
[36m(ClientAppActor pid=338822)[0m 
[36m(ClientAppActor pid=338822)[0m         
[36m(ClientAppActor pid=338824)[0m 
[36m(ClientAppActor pid=338824)[0m         
[36m(ClientAppActor pid=338821)[0m 
[36m(ClientAppActor pid=338821)[0m         
[36m(ClientAppActor pid=338825)[0m 
[36m(ClientAppActor pid=338825)[0m         
[92mINFO [0m:      aggregate_evaluate: received 5 results and 0 failures
[92mINFO [0m:      
[92mINFO [0m:      [ROUND 6]
[92mINFO [0m:      configure_fit: strategy sampled 5 clients (out of 5)
[36m(ClientAppActor pid=338825)[0m 
[36m(ClientAppActor pid=338825)[0m         
[36m(ClientAppActor pid=338821)[0m 
[36m(ClientAppActor pid=338821)[0m         
[36m(ClientAppActor pid=338822)[0m 
[36m(ClientAppActor pid=338822)[0m         
[36m(ClientAppActor pid=338824)[0m 
[36m(ClientAppActor pid=338824)[0m         
[36m(ClientAppActor pid=338823)[0m 
[36m(ClientAppActor pid=338823)[0m         
[92mINFO [0m:      aggregate_fit: received 5 results and 0 failures
[92mINFO [0m:      fit progress: (6, 0.9783238401412964, {'accuracy': 0.6755, 'loss': 0.9783238401412964}, 94.87133959599305)
[92mINFO [0m:      configure_evaluate: strategy sampled 5 clients (out of 5)
[36m(ClientAppActor pid=338824)[0m 
[36m(ClientAppActor pid=338824)[0m         
[36m(ClientAppActor pid=338824)[0m [93mWARNING [0m:   DEPRECATED FEATURE: `client_fn` now expects a signature `def client_fn(context: Context)`.The provided `client_fn` has signature: {'cid': <Parameter "cid: str">}. You can import the `Context` like this: `from flwr.app import Context`[32m [repeated 10x across cluster][0m
[36m(ClientAppActor pid=338824)[0m             This is a deprecated feature. It will be removed[32m [repeated 10x across cluster][0m
[36m(ClientAppActor pid=338824)[0m             entirely in future versions of Flower.[32m [repeated 10x across cluster][0m
[36m(ClientAppActor pid=338823)[0m 
[36m(ClientAppActor pid=338823)[0m         
[36m(ClientAppActor pid=338821)[0m 
[36m(ClientAppActor pid=338821)[0m         
[36m(ClientAppActor pid=338822)[0m 
[36m(ClientAppActor pid=338822)[0m         
[36m(ClientAppActor pid=338825)[0m 
[36m(ClientAppActor pid=338825)[0m         
[92mINFO [0m:      aggregate_evaluate: received 5 results and 0 failures
[92mINFO [0m:      
[92mINFO [0m:      [ROUND 7]
[92mINFO [0m:      configure_fit: strategy sampled 5 clients (out of 5)
[36m(ClientAppActor pid=338825)[0m 
[36m(ClientAppActor pid=338825)[0m         
[36m(ClientAppActor pid=338822)[0m 
[36m(ClientAppActor pid=338822)[0m         
[36m(ClientAppActor pid=338823)[0m 
[36m(ClientAppActor pid=338823)[0m         
[36m(ClientAppActor pid=338821)[0m 
[36m(ClientAppActor pid=338821)[0m         
[36m(ClientAppActor pid=338824)[0m 
[36m(ClientAppActor pid=338824)[0m         
[92mINFO [0m:      aggregate_fit: received 5 results and 0 failures
[92mINFO [0m:      fit progress: (7, 0.9586910530090332, {'accuracy': 0.6836, 'loss': 0.9586910530090332}, 110.54729566501919)
[92mINFO [0m:      configure_evaluate: strategy sampled 5 clients (out of 5)
[36m(ClientAppActor pid=338823)[0m 
[36m(ClientAppActor pid=338823)[0m         
[36m(ClientAppActor pid=338823)[0m [93mWARNING [0m:   DEPRECATED FEATURE: `client_fn` now expects a signature `def client_fn(context: Context)`.The provided `client_fn` has signature: {'cid': <Parameter "cid: str">}. You can import the `Context` like this: `from flwr.app import Context`[32m [repeated 10x across cluster][0m
[36m(ClientAppActor pid=338823)[0m             This is a deprecated feature. It will be removed[32m [repeated 10x across cluster][0m
[36m(ClientAppActor pid=338823)[0m             entirely in future versions of Flower.[32m [repeated 10x across cluster][0m
[36m(ClientAppActor pid=338821)[0m 
[36m(ClientAppActor pid=338821)[0m         
[36m(ClientAppActor pid=338825)[0m 
[36m(ClientAppActor pid=338825)[0m         
[36m(ClientAppActor pid=338824)[0m 
[36m(ClientAppActor pid=338824)[0m         
[36m(ClientAppActor pid=338822)[0m 
[36m(ClientAppActor pid=338822)[0m         
[92mINFO [0m:      aggregate_evaluate: received 5 results and 0 failures
[92mINFO [0m:      
[92mINFO [0m:      [ROUND 8]
[92mINFO [0m:      configure_fit: strategy sampled 5 clients (out of 5)
[36m(ClientAppActor pid=338822)[0m 
[36m(ClientAppActor pid=338822)[0m         
[36m(ClientAppActor pid=338824)[0m 
[36m(ClientAppActor pid=338824)[0m         
[36m(ClientAppActor pid=338825)[0m 
[36m(ClientAppActor pid=338825)[0m         
[36m(ClientAppActor pid=338821)[0m 
[36m(ClientAppActor pid=338821)[0m         
[36m(ClientAppActor pid=338823)[0m 
[36m(ClientAppActor pid=338823)[0m         
[92mINFO [0m:      aggregate_fit: received 5 results and 0 failures
[92mINFO [0m:      fit progress: (8, 0.9163353263854981, {'accuracy': 0.7009, 'loss': 0.9163353263854981}, 125.92644719104283)
[92mINFO [0m:      configure_evaluate: strategy sampled 5 clients (out of 5)
[36m(ClientAppActor pid=338822)[0m 
[36m(ClientAppActor pid=338822)[0m         
[36m(ClientAppActor pid=338822)[0m [93mWARNING [0m:   DEPRECATED FEATURE: `client_fn` now expects a signature `def client_fn(context: Context)`.The provided `client_fn` has signature: {'cid': <Parameter "cid: str">}. You can import the `Context` like this: `from flwr.app import Context`[32m [repeated 10x across cluster][0m
[36m(ClientAppActor pid=338822)[0m             This is a deprecated feature. It will be removed[32m [repeated 10x across cluster][0m
[36m(ClientAppActor pid=338822)[0m             entirely in future versions of Flower.[32m [repeated 10x across cluster][0m
[36m(ClientAppActor pid=338823)[0m 
[36m(ClientAppActor pid=338823)[0m         
[36m(ClientAppActor pid=338824)[0m 
[36m(ClientAppActor pid=338824)[0m         
[36m(ClientAppActor pid=338825)[0m 
[36m(ClientAppActor pid=338825)[0m         
[36m(ClientAppActor pid=338821)[0m 
[36m(ClientAppActor pid=338821)[0m         
[92mINFO [0m:      aggregate_evaluate: received 5 results and 0 failures
[92mINFO [0m:      
[92mINFO [0m:      [ROUND 9]
[92mINFO [0m:      configure_fit: strategy sampled 5 clients (out of 5)
[36m(ClientAppActor pid=338821)[0m 
[36m(ClientAppActor pid=338821)[0m         
[36m(ClientAppActor pid=338825)[0m 
[36m(ClientAppActor pid=338825)[0m         
[36m(ClientAppActor pid=338823)[0m 
[36m(ClientAppActor pid=338823)[0m         
[36m(ClientAppActor pid=338824)[0m 
[36m(ClientAppActor pid=338824)[0m         
[36m(ClientAppActor pid=338822)[0m 
[36m(ClientAppActor pid=338822)[0m         
[92mINFO [0m:      aggregate_fit: received 5 results and 0 failures
[92mINFO [0m:      fit progress: (9, 0.9254027424812317, {'accuracy': 0.7006, 'loss': 0.9254027424812317}, 141.81631814903812)
[92mINFO [0m:      configure_evaluate: strategy sampled 5 clients (out of 5)
[36m(ClientAppActor pid=338822)[0m 
[36m(ClientAppActor pid=338822)[0m         
[36m(ClientAppActor pid=338822)[0m [93mWARNING [0m:   DEPRECATED FEATURE: `client_fn` now expects a signature `def client_fn(context: Context)`.The provided `client_fn` has signature: {'cid': <Parameter "cid: str">}. You can import the `Context` like this: `from flwr.app import Context`[32m [repeated 10x across cluster][0m
[36m(ClientAppActor pid=338822)[0m             This is a deprecated feature. It will be removed[32m [repeated 10x across cluster][0m
[36m(ClientAppActor pid=338822)[0m             entirely in future versions of Flower.[32m [repeated 10x across cluster][0m
[36m(ClientAppActor pid=338825)[0m 
[36m(ClientAppActor pid=338825)[0m         
[36m(ClientAppActor pid=338821)[0m 
[36m(ClientAppActor pid=338821)[0m         
[36m(ClientAppActor pid=338823)[0m 
[36m(ClientAppActor pid=338823)[0m         
[36m(ClientAppActor pid=338824)[0m 
[36m(ClientAppActor pid=338824)[0m         
[92mINFO [0m:      aggregate_evaluate: received 5 results and 0 failures
[92mINFO [0m:      
[92mINFO [0m:      [ROUND 10]
[92mINFO [0m:      configure_fit: strategy sampled 5 clients (out of 5)
[36m(ClientAppActor pid=338824)[0m 
[36m(ClientAppActor pid=338824)[0m         
[36m(ClientAppActor pid=338823)[0m 
[36m(ClientAppActor pid=338823)[0m         
[36m(ClientAppActor pid=338821)[0m 
[36m(ClientAppActor pid=338821)[0m         
[36m(ClientAppActor pid=338825)[0m 
[36m(ClientAppActor pid=338825)[0m         
[36m(ClientAppActor pid=338822)[0m 
[36m(ClientAppActor pid=338822)[0m         
[92mINFO [0m:      aggregate_fit: received 5 results and 0 failures
[92mINFO [0m:      fit progress: (10, 0.92640943608284, {'accuracy': 0.7038, 'loss': 0.92640943608284}, 157.34381269098958)
[92mINFO [0m:      configure_evaluate: strategy sampled 5 clients (out of 5)
[36m(ClientAppActor pid=338825)[0m 
[36m(ClientAppActor pid=338825)[0m         
[36m(ClientAppActor pid=338825)[0m [93mWARNING [0m:   DEPRECATED FEATURE: `client_fn` now expects a signature `def client_fn(context: Context)`.The provided `client_fn` has signature: {'cid': <Parameter "cid: str">}. You can import the `Context` like this: `from flwr.app import Context`[32m [repeated 10x across cluster][0m
[36m(ClientAppActor pid=338825)[0m             This is a deprecated feature. It will be removed[32m [repeated 10x across cluster][0m
[36m(ClientAppActor pid=338825)[0m             entirely in future versions of Flower.[32m [repeated 10x across cluster][0m
[36m(ClientAppActor pid=338822)[0m 
[36m(ClientAppActor pid=338822)[0m         
[36m(ClientAppActor pid=338823)[0m 
[36m(ClientAppActor pid=338823)[0m         
[36m(ClientAppActor pid=338821)[0m 
[36m(ClientAppActor pid=338821)[0m         
[36m(ClientAppActor pid=338824)[0m 
[36m(ClientAppActor pid=338824)[0m         
[92mINFO [0m:      aggregate_evaluate: received 5 results and 0 failures
[92mINFO [0m:      
[92mINFO [0m:      [SUMMARY]
[92mINFO [0m:      Run finished 10 round(s) in 158.11s
[92mINFO [0m:      	History (loss, distributed):
[92mINFO [0m:      		round 1: 2.291563486656905
[92mINFO [0m:      		round 2: 1.6551672080671498
[92mINFO [0m:      		round 3: 1.324254329702676
[92mINFO [0m:      		round 4: 1.1123325393000483
[92mINFO [0m:      		round 5: 1.0280106129653697
[92mINFO [0m:      		round 6: 0.9665200954106705
[92mINFO [0m:      		round 7: 0.9478711569657535
[92mINFO [0m:      		round 8: 0.9007918447918097
[92mINFO [0m:      		round 9: 0.9104498390698041
[92mINFO [0m:      		round 10: 0.9074384874243223
[92mINFO [0m:      	History (loss, centralized):
[92mINFO [0m:      		round 0: 2.3034946784973145
[92mINFO [0m:      		round 1: 2.2920501945495606
[92mINFO [0m:      		round 2: 1.6470915399551391
[92mINFO [0m:      		round 3: 1.3148402069091798
[92mINFO [0m:      		round 4: 1.1130364408493043
[92mINFO [0m:      		round 5: 1.0372438913345337
[92mINFO [0m:      		round 6: 0.9783238401412964
[92mINFO [0m:      		round 7: 0.9586910530090332
[92mINFO [0m:      		round 8: 0.9163353263854981
[92mINFO [0m:      		round 9: 0.9254027424812317
[92mINFO [0m:      		round 10: 0.92640943608284
[92mINFO [0m:      	History (metrics, distributed, fit):
[92mINFO [0m:      	{'avg_flops_per_client_round': [(1, 8140805084160.0),
[92mINFO [0m:      	                                (2, 8140805084160.0),
[92mINFO [0m:      	                                (3, 8140805084160.0),
[92mINFO [0m:      	                                (4, 8140805084160.0),
[92mINFO [0m:      	                                (5, 8140805084160.0),
[92mINFO [0m:      	                                (6, 8140805084160.0),
[92mINFO [0m:      	                                (7, 8140805084160.0),
[92mINFO [0m:      	                                (8, 8140805084160.0),
[92mINFO [0m:      	                                (9, 8140805084160.0),
[92mINFO [0m:      	                                (10, 8140805084160.0)],
[92mINFO [0m:      	 'total_flops_round': [(1, 40704025420800),
[92mINFO [0m:      	                       (2, 40704025420800),
[92mINFO [0m:      	                       (3, 40704025420800),
[92mINFO [0m:      	                       (4, 40704025420800),
[92mINFO [0m:      	                       (5, 40704025420800),
[92mINFO [0m:      	                       (6, 40704025420800),
[92mINFO [0m:      	                       (7, 40704025420800),
[92mINFO [0m:      	                       (8, 40704025420800),
[92mINFO [0m:      	                       (9, 40704025420800),
[92mINFO [0m:      	                       (10, 40704025420800)]}
[92mINFO [0m:      	History (metrics, distributed, evaluate):
[92mINFO [0m:      	{'accuracy': [(1, 0.22233340004002403),
[92mINFO [0m:      	              (2, 0.4504702821693016),
[92mINFO [0m:      	              (3, 0.5555333199919952),
[92mINFO [0m:      	              (4, 0.6323794276565939),
[92mINFO [0m:      	              (5, 0.6557934760856514),
[92mINFO [0m:      	              (6, 0.6756053632179307),
[92mINFO [0m:      	              (7, 0.6848108865319191),
[92mINFO [0m:      	              (8, 0.6998198919351611),
[92mINFO [0m:      	              (9, 0.7048228937362417),
[92mINFO [0m:      	              (10, 0.7064238543125876)],
[92mINFO [0m:      	 'loss': [(1, 2.291563486656905),
[92mINFO [0m:      	          (2, 1.6551672080671498),
[92mINFO [0m:      	          (3, 1.324254329702676),
[92mINFO [0m:      	          (4, 1.1123325393000483),
[92mINFO [0m:      	          (5, 1.0280106129653697),
[92mINFO [0m:      	          (6, 0.9665200954106705),
[92mINFO [0m:      	          (7, 0.9478711569657535),
[92mINFO [0m:      	          (8, 0.9007918447918097),
[92mINFO [0m:      	          (9, 0.9104498390698041),
[92mINFO [0m:      	          (10, 0.9074384874243223)]}
[92mINFO [0m:      	History (metrics, centralized):
[92mINFO [0m:      	{'accuracy': [(0, 0.0972),
[92mINFO [0m:      	              (1, 0.2252),
[92mINFO [0m:      	              (2, 0.4455),
[92mINFO [0m:      	              (3, 0.5495),
[92mINFO [0m:      	              (4, 0.6308),
[92mINFO [0m:      	              (5, 0.6487),
[92mINFO [0m:      	              (6, 0.6755),
[92mINFO [0m:      	              (7, 0.6836),
[92mINFO [0m:      	              (8, 0.7009),
[92mINFO [0m:      	              (9, 0.7006),
[92mINFO [0m:      	              (10, 0.7038)],
[92mINFO [0m:      	 'loss': [(0, 2.3034946784973145),
[92mINFO [0m:      	          (1, 2.2920501945495606),
[92mINFO [0m:      	          (2, 1.6470915399551391),
[92mINFO [0m:      	          (3, 1.3148402069091798),
[92mINFO [0m:      	          (4, 1.1130364408493043),
[92mINFO [0m:      	          (5, 1.0372438913345337),
[92mINFO [0m:      	          (6, 0.9783238401412964),
[92mINFO [0m:      	          (7, 0.9586910530090332),
[92mINFO [0m:      	          (8, 0.9163353263854981),
[92mINFO [0m:      	          (9, 0.9254027424812317),
[92mINFO [0m:      	          (10, 0.92640943608284)]}
[92mINFO [0m:      
Treinando no dispositivo: cuda:0 com o dataset: CIFAR10 | Setup clientes: 5 (num_gpus por cliente=0.2) | SEED=42
FLOPS por amostra (forward): 6.030e+07 | (forward+backward, 3x): 1.809e+08
Files already downloaded and verified
Files already downloaded and verified
Dividindo o dataset usando a distribuição de Dirichlet com alpha=0.1.
Iniciando a simulação de Aprendizado Federado...
=== Diagnóstico de Medição de GPU ===
  pynvml_disponivel: True
  pynvml_versao: 580.173.02
  gpus_detectadas: 1
  leitura_potencia_ok: True
  potencia_atual_W: 115.885

--- Rodada 0 - Avaliação Centralizada (Servidor) ---
Loss (Servidor): 2.3035 | Acurácia (Servidor): 0.0972

--- Rodada 1 - Avaliação Centralizada (Servidor) ---
Loss (Servidor): 2.2921 | Acurácia (Servidor): 0.2252
--- Avaliação Agregada (Clientes) ---
Loss Média (Clientes): 2.2916 | Acurácia Média (Clientes): 0.2223

--- Rodada 2 - Avaliação Centralizada (Servidor) ---
Loss (Servidor): 1.6471 | Acurácia (Servidor): 0.4455
--- Avaliação Agregada (Clientes) ---
Loss Média (Clientes): 1.6552 | Acurácia Média (Clientes): 0.4505

--- Rodada 3 - Avaliação Centralizada (Servidor) ---
Loss (Servidor): 1.3148 | Acurácia (Servidor): 0.5495
--- Avaliação Agregada (Clientes) ---
Loss Média (Clientes): 1.3243 | Acurácia Média (Clientes): 0.5555

--- Rodada 4 - Avaliação Centralizada (Servidor) ---
Loss (Servidor): 1.1130 | Acurácia (Servidor): 0.6308
--- Avaliação Agregada (Clientes) ---
Loss Média (Clientes): 1.1123 | Acurácia Média (Clientes): 0.6324

--- Rodada 5 - Avaliação Centralizada (Servidor) ---
Loss (Servidor): 1.0372 | Acurácia (Servidor): 0.6487
--- Avaliação Agregada (Clientes) ---
Loss Média (Clientes): 1.0280 | Acurácia Média (Clientes): 0.6558

--- Rodada 6 - Avaliação Centralizada (Servidor) ---
Loss (Servidor): 0.9783 | Acurácia (Servidor): 0.6755
--- Avaliação Agregada (Clientes) ---
Loss Média (Clientes): 0.9665 | Acurácia Média (Clientes): 0.6756

--- Rodada 7 - Avaliação Centralizada (Servidor) ---
Loss (Servidor): 0.9587 | Acurácia (Servidor): 0.6836
--- Avaliação Agregada (Clientes) ---
Loss Média (Clientes): 0.9479 | Acurácia Média (Clientes): 0.6848

--- Rodada 8 - Avaliação Centralizada (Servidor) ---
Loss (Servidor): 0.9163 | Acurácia (Servidor): 0.7009
--- Avaliação Agregada (Clientes) ---
Loss Média (Clientes): 0.9008 | Acurácia Média (Clientes): 0.6998

--- Rodada 9 - Avaliação Centralizada (Servidor) ---
Loss (Servidor): 0.9254 | Acurácia (Servidor): 0.7006
--- Avaliação Agregada (Clientes) ---
Loss Média (Clientes): 0.9104 | Acurácia Média (Clientes): 0.7048

--- Rodada 10 - Avaliação Centralizada (Servidor) ---
Loss (Servidor): 0.9264 | Acurácia (Servidor): 0.7038
--- Avaliação Agregada (Clientes) ---
Loss Média (Clientes): 0.9074 | Acurácia Média (Clientes): 0.7064

Resultados salvos em: /home/tiago/GitHubProjects/fedhad-thesis-2/FedAVG-results/1.1_diagnostico_drift/CIFAR10/FedAVG__CIFAR10__Setup-5__Clients-5__Rounds-10__Delay-0_05__Alpha-0_1__Seed-42.txt
[36m(ClientAppActor pid=338824)[0m [93mWARNING [0m:   DEPRECATED FEATURE: `client_fn` now expects a signature `def client_fn(context: Context)`.The provided `client_fn` has signature: {'cid': <Parameter "cid: str">}. You can import the `Context` like this: `from flwr.app import Context`[32m [repeated 4x across cluster][0m
[36m(ClientAppActor pid=338824)[0m             This is a deprecated feature. It will be removed[32m [repeated 4x across cluster][0m
[36m(ClientAppActor pid=338824)[0m             entirely in future versions of Flower.[32m [repeated 4x across cluster][0m
