[codecarbon WARNING @ 11:40:51] Multiple instances of codecarbon are allowed to run at the same time.
[93mWARNING [0m:   DEPRECATED FEATURE: flwr.simulation.start_simulation() is deprecated.
	Instead, use the `flwr run` CLI command to start a local simulation in your Flower app, as shown for example below:

		$ flwr new  # Create a new Flower app from a template

		$ flwr run  # Run the Flower app in Simulation Mode

	Using `start_simulation()` is deprecated.

            This is a deprecated feature. It will be removed
            entirely in future versions of Flower.
        
[92mINFO [0m:      Starting Flower simulation, config: num_rounds=10, no round_timeout
2026-09-04 11:40:59,654	INFO worker.py:2012 -- Started a local Ray instance.
/home/tiago/GitHubProjects/fedhad-thesis-2/env_flwr_pt/lib/python3.12/site-packages/ray/_private/worker.py:2051: FutureWarning: Tip: In future versions of Ray, Ray will no longer override accelerator visible devices env var if num_gpus=0 or num_gpus=None (default). To enable this behavior and turn off this error message, set RAY_ACCEL_ENV_VAR_OVERRIDE_ON_ZERO=0
  warnings.warn(
[92mINFO [0m:      Flower VCE: Ray initialized with resources: {'accelerator_type:A40': 1.0, 'CPU': 64.0, 'node:__internal_head__': 1.0, 'node:10.129.64.100': 1.0, 'memory': 181396057293.0, 'GPU': 1.0, 'object_store_memory': 77741167411.0}
[92mINFO [0m:      Optimize your simulation with Flower VCE: https://flower.ai/docs/framework/how-to-run-simulations.html
/home/tiago/GitHubProjects/fedhad-thesis-2/FedAVG_Final.py:1577: UserWarning: No `num_cpus` specified in `client_resources`. Using `num_cpus=1` for each client.
  history = fl.simulation.start_simulation(
[92mINFO [0m:      Flower VCE: Resources for each Virtual Client: {'num_gpus': 0.2, 'num_cpus': 1}
[92mINFO [0m:      Flower VCE: Creating VirtualClientEngineActorPool with 5 actors
[92mINFO [0m:      [INIT]
[92mINFO [0m:      Requesting initial parameters from one random client
[36m(ClientAppActor pid=309263)[0m [93mWARNING [0m:   DEPRECATED FEATURE: `client_fn` now expects a signature `def client_fn(context: Context)`.The provided `client_fn` has signature: {'cid': <Parameter "cid: str">}. You can import the `Context` like this: `from flwr.app import Context`
[36m(ClientAppActor pid=309263)[0m 
[36m(ClientAppActor pid=309263)[0m             This is a deprecated feature. It will be removed
[36m(ClientAppActor pid=309263)[0m             entirely in future versions of Flower.
[36m(ClientAppActor pid=309263)[0m         
[92mINFO [0m:      Received initial parameters from one random client
[92mINFO [0m:      Starting evaluation of initial global parameters
[92mINFO [0m:      initial parameters (loss, other metrics): 2.3038121353149412, {'accuracy': 0.1, 'loss': 2.3038121353149412}
[92mINFO [0m:      
[92mINFO [0m:      [ROUND 1]
[92mINFO [0m:      configure_fit: strategy sampled 5 clients (out of 5)
[36m(ClientAppActor pid=309263)[0m [93mWARNING [0m:   DEPRECATED FEATURE: `client_fn` now expects a signature `def client_fn(context: Context)`.The provided `client_fn` has signature: {'cid': <Parameter "cid: str">}. You can import the `Context` like this: `from flwr.app import Context`
[36m(ClientAppActor pid=309263)[0m 
[36m(ClientAppActor pid=309263)[0m             This is a deprecated feature. It will be removed
[36m(ClientAppActor pid=309263)[0m             entirely in future versions of Flower.
[36m(ClientAppActor pid=309263)[0m         
[36m(ClientAppActor pid=309262)[0m 
[36m(ClientAppActor pid=309262)[0m         
[36m(ClientAppActor pid=309261)[0m 
[36m(ClientAppActor pid=309261)[0m         
[36m(ClientAppActor pid=309259)[0m 
[36m(ClientAppActor pid=309259)[0m         
[36m(ClientAppActor pid=309260)[0m 
[36m(ClientAppActor pid=309260)[0m         
[92mINFO [0m:      aggregate_fit: received 5 results and 0 failures
[92mINFO [0m:      fit progress: (1, 2.324641728210449, {'accuracy': 0.1, 'loss': 2.324641728210449}, 13.940909556986298)
[92mINFO [0m:      configure_evaluate: strategy sampled 5 clients (out of 5)
[36m(ClientAppActor pid=309259)[0m 
[36m(ClientAppActor pid=309259)[0m         
[36m(ClientAppActor pid=309259)[0m [93mWARNING [0m:   DEPRECATED FEATURE: `client_fn` now expects a signature `def client_fn(context: Context)`.The provided `client_fn` has signature: {'cid': <Parameter "cid: str">}. You can import the `Context` like this: `from flwr.app import Context`[32m [repeated 5x across cluster] (Ray deduplicates logs by default. Set RAY_DEDUP_LOGS=0 to disable log deduplication, or see https://docs.ray.io/en/master/ray-observability/user-guides/configure-logging.html#log-deduplication for more options.)[0m
[36m(ClientAppActor pid=309259)[0m             This is a deprecated feature. It will be removed[32m [repeated 5x across cluster][0m
[36m(ClientAppActor pid=309259)[0m             entirely in future versions of Flower.[32m [repeated 5x across cluster][0m
[36m(ClientAppActor pid=309261)[0m 
[36m(ClientAppActor pid=309261)[0m         
[36m(ClientAppActor pid=309262)[0m 
[36m(ClientAppActor pid=309262)[0m         
[36m(ClientAppActor pid=309260)[0m 
[36m(ClientAppActor pid=309260)[0m         
[36m(ClientAppActor pid=309263)[0m 
[36m(ClientAppActor pid=309263)[0m         
[92mINFO [0m:      aggregate_evaluate: received 5 results and 0 failures
[92mINFO [0m:      
[92mINFO [0m:      [ROUND 2]
[92mINFO [0m:      configure_fit: strategy sampled 5 clients (out of 5)
[36m(ClientAppActor pid=309263)[0m 
[36m(ClientAppActor pid=309263)[0m         
[36m(ClientAppActor pid=309260)[0m 
[36m(ClientAppActor pid=309260)[0m         
[36m(ClientAppActor pid=309261)[0m 
[36m(ClientAppActor pid=309261)[0m         
[36m(ClientAppActor pid=309262)[0m 
[36m(ClientAppActor pid=309262)[0m         
[36m(ClientAppActor pid=309259)[0m 
[36m(ClientAppActor pid=309259)[0m         
[92mINFO [0m:      aggregate_fit: received 5 results and 0 failures
[92mINFO [0m:      fit progress: (2, 1.2435265064239502, {'accuracy': 0.6002, 'loss': 1.2435265064239502}, 26.608188761980273)
[92mINFO [0m:      configure_evaluate: strategy sampled 5 clients (out of 5)
[36m(ClientAppActor pid=309262)[0m 
[36m(ClientAppActor pid=309262)[0m         
[36m(ClientAppActor pid=309262)[0m [93mWARNING [0m:   DEPRECATED FEATURE: `client_fn` now expects a signature `def client_fn(context: Context)`.The provided `client_fn` has signature: {'cid': <Parameter "cid: str">}. You can import the `Context` like this: `from flwr.app import Context`[32m [repeated 10x across cluster][0m
[36m(ClientAppActor pid=309262)[0m             This is a deprecated feature. It will be removed[32m [repeated 10x across cluster][0m
[36m(ClientAppActor pid=309262)[0m             entirely in future versions of Flower.[32m [repeated 10x across cluster][0m
[36m(ClientAppActor pid=309259)[0m 
[36m(ClientAppActor pid=309259)[0m         
[36m(ClientAppActor pid=309261)[0m 
[36m(ClientAppActor pid=309261)[0m         
[36m(ClientAppActor pid=309263)[0m 
[36m(ClientAppActor pid=309263)[0m         
[36m(ClientAppActor pid=309260)[0m 
[36m(ClientAppActor pid=309260)[0m         
[92mINFO [0m:      aggregate_evaluate: received 5 results and 0 failures
[92mINFO [0m:      
[92mINFO [0m:      [ROUND 3]
[92mINFO [0m:      configure_fit: strategy sampled 5 clients (out of 5)
[36m(ClientAppActor pid=309260)[0m 
[36m(ClientAppActor pid=309260)[0m         
[36m(ClientAppActor pid=309263)[0m 
[36m(ClientAppActor pid=309263)[0m         
[36m(ClientAppActor pid=309261)[0m 
[36m(ClientAppActor pid=309261)[0m         
[36m(ClientAppActor pid=309259)[0m 
[36m(ClientAppActor pid=309259)[0m         
[36m(ClientAppActor pid=309262)[0m 
[36m(ClientAppActor pid=309262)[0m         
[92mINFO [0m:      aggregate_fit: received 5 results and 0 failures
[92mINFO [0m:      fit progress: (3, 0.7785617794036865, {'accuracy': 0.7274, 'loss': 0.7785617794036865}, 39.47746834298596)
[92mINFO [0m:      configure_evaluate: strategy sampled 5 clients (out of 5)
[36m(ClientAppActor pid=309262)[0m 
[36m(ClientAppActor pid=309262)[0m         
[36m(ClientAppActor pid=309262)[0m [93mWARNING [0m:   DEPRECATED FEATURE: `client_fn` now expects a signature `def client_fn(context: Context)`.The provided `client_fn` has signature: {'cid': <Parameter "cid: str">}. You can import the `Context` like this: `from flwr.app import Context`[32m [repeated 10x across cluster][0m
[36m(ClientAppActor pid=309262)[0m             This is a deprecated feature. It will be removed[32m [repeated 10x across cluster][0m
[36m(ClientAppActor pid=309262)[0m             entirely in future versions of Flower.[32m [repeated 10x across cluster][0m
[36m(ClientAppActor pid=309260)[0m 
[36m(ClientAppActor pid=309260)[0m         
[36m(ClientAppActor pid=309261)[0m 
[36m(ClientAppActor pid=309261)[0m         
[36m(ClientAppActor pid=309263)[0m 
[36m(ClientAppActor pid=309263)[0m         
[36m(ClientAppActor pid=309259)[0m 
[36m(ClientAppActor pid=309259)[0m         
[92mINFO [0m:      aggregate_evaluate: received 5 results and 0 failures
[92mINFO [0m:      
[92mINFO [0m:      [ROUND 4]
[92mINFO [0m:      configure_fit: strategy sampled 5 clients (out of 5)
[36m(ClientAppActor pid=309259)[0m 
[36m(ClientAppActor pid=309259)[0m         
[36m(ClientAppActor pid=309263)[0m 
[36m(ClientAppActor pid=309263)[0m         
[36m(ClientAppActor pid=309261)[0m 
[36m(ClientAppActor pid=309261)[0m         
[36m(ClientAppActor pid=309260)[0m 
[36m(ClientAppActor pid=309260)[0m         
[36m(ClientAppActor pid=309262)[0m 
[36m(ClientAppActor pid=309262)[0m         
[92mINFO [0m:      aggregate_fit: received 5 results and 0 failures
[92mINFO [0m:      fit progress: (4, 0.6812252097129822, {'accuracy': 0.7708, 'loss': 0.6812252097129822}, 51.822791785001755)
[92mINFO [0m:      configure_evaluate: strategy sampled 5 clients (out of 5)
[36m(ClientAppActor pid=309259)[0m 
[36m(ClientAppActor pid=309259)[0m         
[36m(ClientAppActor pid=309259)[0m [93mWARNING [0m:   DEPRECATED FEATURE: `client_fn` now expects a signature `def client_fn(context: Context)`.The provided `client_fn` has signature: {'cid': <Parameter "cid: str">}. You can import the `Context` like this: `from flwr.app import Context`[32m [repeated 10x across cluster][0m
[36m(ClientAppActor pid=309259)[0m             This is a deprecated feature. It will be removed[32m [repeated 10x across cluster][0m
[36m(ClientAppActor pid=309259)[0m             entirely in future versions of Flower.[32m [repeated 10x across cluster][0m
[36m(ClientAppActor pid=309263)[0m 
[36m(ClientAppActor pid=309263)[0m         
[36m(ClientAppActor pid=309260)[0m 
[36m(ClientAppActor pid=309260)[0m         
[36m(ClientAppActor pid=309261)[0m 
[36m(ClientAppActor pid=309261)[0m         
[36m(ClientAppActor pid=309262)[0m 
[36m(ClientAppActor pid=309262)[0m         
[92mINFO [0m:      aggregate_evaluate: received 5 results and 0 failures
[92mINFO [0m:      
[92mINFO [0m:      [ROUND 5]
[92mINFO [0m:      configure_fit: strategy sampled 5 clients (out of 5)
[36m(ClientAppActor pid=309262)[0m 
[36m(ClientAppActor pid=309262)[0m         
[36m(ClientAppActor pid=309261)[0m 
[36m(ClientAppActor pid=309261)[0m         
[36m(ClientAppActor pid=309260)[0m 
[36m(ClientAppActor pid=309260)[0m         
[36m(ClientAppActor pid=309263)[0m 
[36m(ClientAppActor pid=309263)[0m         
[36m(ClientAppActor pid=309259)[0m 
[36m(ClientAppActor pid=309259)[0m         
[92mINFO [0m:      aggregate_fit: received 5 results and 0 failures
[92mINFO [0m:      fit progress: (5, 0.6263566960334778, {'accuracy': 0.7938, 'loss': 0.6263566960334778}, 64.1140357159893)
[92mINFO [0m:      configure_evaluate: strategy sampled 5 clients (out of 5)
[36m(ClientAppActor pid=309262)[0m 
[36m(ClientAppActor pid=309262)[0m         
[36m(ClientAppActor pid=309262)[0m [93mWARNING [0m:   DEPRECATED FEATURE: `client_fn` now expects a signature `def client_fn(context: Context)`.The provided `client_fn` has signature: {'cid': <Parameter "cid: str">}. You can import the `Context` like this: `from flwr.app import Context`[32m [repeated 10x across cluster][0m
[36m(ClientAppActor pid=309262)[0m             This is a deprecated feature. It will be removed[32m [repeated 10x across cluster][0m
[36m(ClientAppActor pid=309262)[0m             entirely in future versions of Flower.[32m [repeated 10x across cluster][0m
[36m(ClientAppActor pid=309259)[0m 
[36m(ClientAppActor pid=309259)[0m         
[36m(ClientAppActor pid=309263)[0m 
[36m(ClientAppActor pid=309263)[0m         
[36m(ClientAppActor pid=309261)[0m 
[36m(ClientAppActor pid=309261)[0m         
[36m(ClientAppActor pid=309260)[0m 
[36m(ClientAppActor pid=309260)[0m         
[92mINFO [0m:      aggregate_evaluate: received 5 results and 0 failures
[92mINFO [0m:      
[92mINFO [0m:      [ROUND 6]
[92mINFO [0m:      configure_fit: strategy sampled 5 clients (out of 5)
[36m(ClientAppActor pid=309260)[0m 
[36m(ClientAppActor pid=309260)[0m         
[36m(ClientAppActor pid=309261)[0m 
[36m(ClientAppActor pid=309261)[0m         
[36m(ClientAppActor pid=309263)[0m 
[36m(ClientAppActor pid=309263)[0m         
[36m(ClientAppActor pid=309259)[0m 
[36m(ClientAppActor pid=309259)[0m         
[36m(ClientAppActor pid=309262)[0m 
[36m(ClientAppActor pid=309262)[0m         
[92mINFO [0m:      aggregate_fit: received 5 results and 0 failures
[92mINFO [0m:      fit progress: (6, 0.6269493098735809, {'accuracy': 0.8011, 'loss': 0.6269493098735809}, 76.8295235550031)
[92mINFO [0m:      configure_evaluate: strategy sampled 5 clients (out of 5)
[36m(ClientAppActor pid=309262)[0m 
[36m(ClientAppActor pid=309262)[0m         
[36m(ClientAppActor pid=309262)[0m [93mWARNING [0m:   DEPRECATED FEATURE: `client_fn` now expects a signature `def client_fn(context: Context)`.The provided `client_fn` has signature: {'cid': <Parameter "cid: str">}. You can import the `Context` like this: `from flwr.app import Context`[32m [repeated 10x across cluster][0m
[36m(ClientAppActor pid=309262)[0m             This is a deprecated feature. It will be removed[32m [repeated 10x across cluster][0m
[36m(ClientAppActor pid=309262)[0m             entirely in future versions of Flower.[32m [repeated 10x across cluster][0m
[36m(ClientAppActor pid=309261)[0m 
[36m(ClientAppActor pid=309261)[0m         
[36m(ClientAppActor pid=309259)[0m 
[36m(ClientAppActor pid=309259)[0m         
[36m(ClientAppActor pid=309263)[0m 
[36m(ClientAppActor pid=309263)[0m         
[36m(ClientAppActor pid=309260)[0m 
[36m(ClientAppActor pid=309260)[0m         
[92mINFO [0m:      aggregate_evaluate: received 5 results and 0 failures
[92mINFO [0m:      
[92mINFO [0m:      [ROUND 7]
[92mINFO [0m:      configure_fit: strategy sampled 5 clients (out of 5)
[36m(ClientAppActor pid=309260)[0m 
[36m(ClientAppActor pid=309260)[0m         
[36m(ClientAppActor pid=309263)[0m 
[36m(ClientAppActor pid=309263)[0m         
[36m(ClientAppActor pid=309259)[0m 
[36m(ClientAppActor pid=309259)[0m         
[36m(ClientAppActor pid=309261)[0m 
[36m(ClientAppActor pid=309261)[0m         
[36m(ClientAppActor pid=309262)[0m 
[36m(ClientAppActor pid=309262)[0m         
[92mINFO [0m:      aggregate_fit: received 5 results and 0 failures
[92mINFO [0m:      fit progress: (7, 0.6476881813526154, {'accuracy': 0.8035, 'loss': 0.6476881813526154}, 89.36684704199433)
[92mINFO [0m:      configure_evaluate: strategy sampled 5 clients (out of 5)
[36m(ClientAppActor pid=309259)[0m 
[36m(ClientAppActor pid=309259)[0m         
[36m(ClientAppActor pid=309259)[0m [93mWARNING [0m:   DEPRECATED FEATURE: `client_fn` now expects a signature `def client_fn(context: Context)`.The provided `client_fn` has signature: {'cid': <Parameter "cid: str">}. You can import the `Context` like this: `from flwr.app import Context`[32m [repeated 10x across cluster][0m
[36m(ClientAppActor pid=309259)[0m             This is a deprecated feature. It will be removed[32m [repeated 10x across cluster][0m
[36m(ClientAppActor pid=309259)[0m             entirely in future versions of Flower.[32m [repeated 10x across cluster][0m
[36m(ClientAppActor pid=309262)[0m 
[36m(ClientAppActor pid=309262)[0m         
[36m(ClientAppActor pid=309261)[0m 
[36m(ClientAppActor pid=309261)[0m         
[36m(ClientAppActor pid=309260)[0m 
[36m(ClientAppActor pid=309260)[0m         
[36m(ClientAppActor pid=309263)[0m 
[36m(ClientAppActor pid=309263)[0m         
[92mINFO [0m:      aggregate_evaluate: received 5 results and 0 failures
[92mINFO [0m:      
[92mINFO [0m:      [ROUND 8]
[92mINFO [0m:      configure_fit: strategy sampled 5 clients (out of 5)
[36m(ClientAppActor pid=309263)[0m 
[36m(ClientAppActor pid=309263)[0m         
[36m(ClientAppActor pid=309260)[0m 
[36m(ClientAppActor pid=309260)[0m         
[36m(ClientAppActor pid=309261)[0m 
[36m(ClientAppActor pid=309261)[0m         
[36m(ClientAppActor pid=309262)[0m 
[36m(ClientAppActor pid=309262)[0m         
[36m(ClientAppActor pid=309259)[0m 
[36m(ClientAppActor pid=309259)[0m         
[92mINFO [0m:      aggregate_fit: received 5 results and 0 failures
[92mINFO [0m:      fit progress: (8, 0.6231365291595459, {'accuracy': 0.8149, 'loss': 0.6231365291595459}, 101.72326418699231)
[92mINFO [0m:      configure_evaluate: strategy sampled 5 clients (out of 5)
[36m(ClientAppActor pid=309260)[0m 
[36m(ClientAppActor pid=309260)[0m         
[36m(ClientAppActor pid=309260)[0m [93mWARNING [0m:   DEPRECATED FEATURE: `client_fn` now expects a signature `def client_fn(context: Context)`.The provided `client_fn` has signature: {'cid': <Parameter "cid: str">}. You can import the `Context` like this: `from flwr.app import Context`[32m [repeated 10x across cluster][0m
[36m(ClientAppActor pid=309260)[0m             This is a deprecated feature. It will be removed[32m [repeated 10x across cluster][0m
[36m(ClientAppActor pid=309260)[0m             entirely in future versions of Flower.[32m [repeated 10x across cluster][0m
[36m(ClientAppActor pid=309259)[0m 
[36m(ClientAppActor pid=309259)[0m         
[36m(ClientAppActor pid=309262)[0m 
[36m(ClientAppActor pid=309262)[0m         
[36m(ClientAppActor pid=309263)[0m 
[36m(ClientAppActor pid=309263)[0m         
[36m(ClientAppActor pid=309261)[0m 
[36m(ClientAppActor pid=309261)[0m         
[92mINFO [0m:      aggregate_evaluate: received 5 results and 0 failures
[92mINFO [0m:      
[92mINFO [0m:      [ROUND 9]
[92mINFO [0m:      configure_fit: strategy sampled 5 clients (out of 5)
[36m(ClientAppActor pid=309261)[0m 
[36m(ClientAppActor pid=309261)[0m         
[36m(ClientAppActor pid=309263)[0m 
[36m(ClientAppActor pid=309263)[0m         
[36m(ClientAppActor pid=309262)[0m 
[36m(ClientAppActor pid=309262)[0m         
[36m(ClientAppActor pid=309259)[0m 
[36m(ClientAppActor pid=309259)[0m         
[36m(ClientAppActor pid=309260)[0m 
[36m(ClientAppActor pid=309260)[0m         
[92mINFO [0m:      aggregate_fit: received 5 results and 0 failures
[92mINFO [0m:      fit progress: (9, 0.6897839668273926, {'accuracy': 0.8109, 'loss': 0.6897839668273926}, 114.3009309740155)
[92mINFO [0m:      configure_evaluate: strategy sampled 5 clients (out of 5)
[36m(ClientAppActor pid=309262)[0m 
[36m(ClientAppActor pid=309262)[0m         
[36m(ClientAppActor pid=309262)[0m [93mWARNING [0m:   DEPRECATED FEATURE: `client_fn` now expects a signature `def client_fn(context: Context)`.The provided `client_fn` has signature: {'cid': <Parameter "cid: str">}. You can import the `Context` like this: `from flwr.app import Context`[32m [repeated 10x across cluster][0m
[36m(ClientAppActor pid=309262)[0m             This is a deprecated feature. It will be removed[32m [repeated 10x across cluster][0m
[36m(ClientAppActor pid=309262)[0m             entirely in future versions of Flower.[32m [repeated 10x across cluster][0m
[36m(ClientAppActor pid=309260)[0m 
[36m(ClientAppActor pid=309260)[0m         
[36m(ClientAppActor pid=309259)[0m 
[36m(ClientAppActor pid=309259)[0m         
[36m(ClientAppActor pid=309261)[0m 
[36m(ClientAppActor pid=309261)[0m         
[36m(ClientAppActor pid=309263)[0m 
[36m(ClientAppActor pid=309263)[0m         
[92mINFO [0m:      aggregate_evaluate: received 5 results and 0 failures
[92mINFO [0m:      
[92mINFO [0m:      [ROUND 10]
[92mINFO [0m:      configure_fit: strategy sampled 5 clients (out of 5)
[36m(ClientAppActor pid=309263)[0m 
[36m(ClientAppActor pid=309263)[0m         
[36m(ClientAppActor pid=309261)[0m 
[36m(ClientAppActor pid=309261)[0m         
[36m(ClientAppActor pid=309259)[0m 
[36m(ClientAppActor pid=309259)[0m         
[36m(ClientAppActor pid=309260)[0m 
[36m(ClientAppActor pid=309260)[0m         
[36m(ClientAppActor pid=309262)[0m 
[36m(ClientAppActor pid=309262)[0m         
[92mINFO [0m:      aggregate_fit: received 5 results and 0 failures
[92mINFO [0m:      fit progress: (10, 0.6873761339187622, {'accuracy': 0.8141, 'loss': 0.6873761339187622}, 126.95359366596676)
[92mINFO [0m:      configure_evaluate: strategy sampled 5 clients (out of 5)
[36m(ClientAppActor pid=309259)[0m 
[36m(ClientAppActor pid=309259)[0m         
[36m(ClientAppActor pid=309259)[0m [93mWARNING [0m:   DEPRECATED FEATURE: `client_fn` now expects a signature `def client_fn(context: Context)`.The provided `client_fn` has signature: {'cid': <Parameter "cid: str">}. You can import the `Context` like this: `from flwr.app import Context`[32m [repeated 10x across cluster][0m
[36m(ClientAppActor pid=309259)[0m             This is a deprecated feature. It will be removed[32m [repeated 10x across cluster][0m
[36m(ClientAppActor pid=309259)[0m             entirely in future versions of Flower.[32m [repeated 10x across cluster][0m
[36m(ClientAppActor pid=309260)[0m 
[36m(ClientAppActor pid=309260)[0m         
[36m(ClientAppActor pid=309262)[0m 
[36m(ClientAppActor pid=309262)[0m         
[36m(ClientAppActor pid=309263)[0m 
[36m(ClientAppActor pid=309263)[0m         
[36m(ClientAppActor pid=309261)[0m 
[36m(ClientAppActor pid=309261)[0m         
[92mINFO [0m:      aggregate_evaluate: received 5 results and 0 failures
[92mINFO [0m:      
[92mINFO [0m:      [SUMMARY]
[92mINFO [0m:      Run finished 10 round(s) in 127.84s
[92mINFO [0m:      	History (loss, distributed):
[92mINFO [0m:      		round 1: 2.3261586802155554
[92mINFO [0m:      		round 2: 1.240075262976723
[92mINFO [0m:      		round 3: 0.7724332239936476
[92mINFO [0m:      		round 4: 0.6631937677461077
[92mINFO [0m:      		round 5: 0.599296464733245
[92mINFO [0m:      		round 6: 0.5876886568051433
[92mINFO [0m:      		round 7: 0.6169681074975759
[92mINFO [0m:      		round 8: 0.5942364104414789
[92mINFO [0m:      		round 9: 0.6745887554409785
[92mINFO [0m:      		round 10: 0.6584506432930569
[92mINFO [0m:      	History (loss, centralized):
[92mINFO [0m:      		round 0: 2.3038121353149412
[92mINFO [0m:      		round 1: 2.324641728210449
[92mINFO [0m:      		round 2: 1.2435265064239502
[92mINFO [0m:      		round 3: 0.7785617794036865
[92mINFO [0m:      		round 4: 0.6812252097129822
[92mINFO [0m:      		round 5: 0.6263566960334778
[92mINFO [0m:      		round 6: 0.6269493098735809
[92mINFO [0m:      		round 7: 0.6476881813526154
[92mINFO [0m:      		round 8: 0.6231365291595459
[92mINFO [0m:      		round 9: 0.6897839668273926
[92mINFO [0m:      		round 10: 0.6873761339187622
[92mINFO [0m:      	History (metrics, distributed, fit):
[92mINFO [0m:      	{'avg_flops_per_client_round': [(1, 8140624189440.0),
[92mINFO [0m:      	                                (2, 8140624189440.0),
[92mINFO [0m:      	                                (3, 8140624189440.0),
[92mINFO [0m:      	                                (4, 8140624189440.0),
[92mINFO [0m:      	                                (5, 8140624189440.0),
[92mINFO [0m:      	                                (6, 8140624189440.0),
[92mINFO [0m:      	                                (7, 8140624189440.0),
[92mINFO [0m:      	                                (8, 8140624189440.0),
[92mINFO [0m:      	                                (9, 8140624189440.0),
[92mINFO [0m:      	                                (10, 8140624189440.0)],
[92mINFO [0m:      	 'total_flops_round': [(1, 40703120947200),
[92mINFO [0m:      	                       (2, 40703120947200),
[92mINFO [0m:      	                       (3, 40703120947200),
[92mINFO [0m:      	                       (4, 40703120947200),
[92mINFO [0m:      	                       (5, 40703120947200),
[92mINFO [0m:      	                       (6, 40703120947200),
[92mINFO [0m:      	                       (7, 40703120947200),
[92mINFO [0m:      	                       (8, 40703120947200),
[92mINFO [0m:      	                       (9, 40703120947200),
[92mINFO [0m:      	                       (10, 40703120947200)]}
[92mINFO [0m:      	History (metrics, distributed, evaluate):
[92mINFO [0m:      	{'accuracy': [(1, 0.1054421768707483),
[92mINFO [0m:      	              (2, 0.6072428971588636),
[92mINFO [0m:      	              (3, 0.7314925970388155),
[92mINFO [0m:      	              (4, 0.771108443377351),
[92mINFO [0m:      	              (5, 0.8037214885954381),
[92mINFO [0m:      	              (6, 0.8117246898759504),
[92mINFO [0m:      	              (7, 0.8097238895558223),
[92mINFO [0m:      	              (8, 0.8229291716686674),
[92mINFO [0m:      	              (9, 0.8171268507402961),
[92mINFO [0m:      	              (10, 0.8281312525010004)],
[92mINFO [0m:      	 'loss': [(1, 2.3261586802155554),
[92mINFO [0m:      	          (2, 1.240075262976723),
[92mINFO [0m:      	          (3, 0.7724332239936476),
[92mINFO [0m:      	          (4, 0.6631937677461077),
[92mINFO [0m:      	          (5, 0.599296464733245),
[92mINFO [0m:      	          (6, 0.5876886568051433),
[92mINFO [0m:      	          (7, 0.6169681074975759),
[92mINFO [0m:      	          (8, 0.5942364104414789),
[92mINFO [0m:      	          (9, 0.6745887554409785),
[92mINFO [0m:      	          (10, 0.6584506432930569)]}
[92mINFO [0m:      	History (metrics, centralized):
[92mINFO [0m:      	{'accuracy': [(0, 0.1),
[92mINFO [0m:      	              (1, 0.1),
[92mINFO [0m:      	              (2, 0.6002),
[92mINFO [0m:      	              (3, 0.7274),
[92mINFO [0m:      	              (4, 0.7708),
[92mINFO [0m:      	              (5, 0.7938),
[92mINFO [0m:      	              (6, 0.8011),
[92mINFO [0m:      	              (7, 0.8035),
[92mINFO [0m:      	              (8, 0.8149),
[92mINFO [0m:      	              (9, 0.8109),
[92mINFO [0m:      	              (10, 0.8141)],
[92mINFO [0m:      	 'loss': [(0, 2.3038121353149412),
[92mINFO [0m:      	          (1, 2.324641728210449),
[92mINFO [0m:      	          (2, 1.2435265064239502),
[92mINFO [0m:      	          (3, 0.7785617794036865),
[92mINFO [0m:      	          (4, 0.6812252097129822),
[92mINFO [0m:      	          (5, 0.6263566960334778),
[92mINFO [0m:      	          (6, 0.6269493098735809),
[92mINFO [0m:      	          (7, 0.6476881813526154),
[92mINFO [0m:      	          (8, 0.6231365291595459),
[92mINFO [0m:      	          (9, 0.6897839668273926),
[92mINFO [0m:      	          (10, 0.6873761339187622)]}
[92mINFO [0m:      
Treinando no dispositivo: cuda:0 com o dataset: CIFAR10 | Setup clientes: 5 (num_gpus por cliente=0.2) | SEED=48
FLOPS por amostra (forward): 6.030e+07 | (forward+backward, 3x): 1.809e+08
Files already downloaded and verified
Files already downloaded and verified
Dividindo o dataset usando a distribuição de Dirichlet com alpha=1.0.
Iniciando a simulação de Aprendizado Federado...
=== Diagnóstico de Medição de GPU ===
  pynvml_disponivel: True
  pynvml_versao: 580.173.02
  gpus_detectadas: 1
  leitura_potencia_ok: True
  potencia_atual_W: 115.746

--- Rodada 0 - Avaliação Centralizada (Servidor) ---
Loss (Servidor): 2.3038 | Acurácia (Servidor): 0.1000

--- Rodada 1 - Avaliação Centralizada (Servidor) ---
Loss (Servidor): 2.3246 | Acurácia (Servidor): 0.1000
--- Avaliação Agregada (Clientes) ---
Loss Média (Clientes): 2.3262 | Acurácia Média (Clientes): 0.1054

--- Rodada 2 - Avaliação Centralizada (Servidor) ---
Loss (Servidor): 1.2435 | Acurácia (Servidor): 0.6002
--- Avaliação Agregada (Clientes) ---
Loss Média (Clientes): 1.2401 | Acurácia Média (Clientes): 0.6072

--- Rodada 3 - Avaliação Centralizada (Servidor) ---
Loss (Servidor): 0.7786 | Acurácia (Servidor): 0.7274
--- Avaliação Agregada (Clientes) ---
Loss Média (Clientes): 0.7724 | Acurácia Média (Clientes): 0.7315

--- Rodada 4 - Avaliação Centralizada (Servidor) ---
Loss (Servidor): 0.6812 | Acurácia (Servidor): 0.7708
--- Avaliação Agregada (Clientes) ---
Loss Média (Clientes): 0.6632 | Acurácia Média (Clientes): 0.7711

--- Rodada 5 - Avaliação Centralizada (Servidor) ---
Loss (Servidor): 0.6264 | Acurácia (Servidor): 0.7938
--- Avaliação Agregada (Clientes) ---
Loss Média (Clientes): 0.5993 | Acurácia Média (Clientes): 0.8037

--- Rodada 6 - Avaliação Centralizada (Servidor) ---
Loss (Servidor): 0.6269 | Acurácia (Servidor): 0.8011
--- Avaliação Agregada (Clientes) ---
Loss Média (Clientes): 0.5877 | Acurácia Média (Clientes): 0.8117

--- Rodada 7 - Avaliação Centralizada (Servidor) ---
Loss (Servidor): 0.6477 | Acurácia (Servidor): 0.8035
--- Avaliação Agregada (Clientes) ---
Loss Média (Clientes): 0.6170 | Acurácia Média (Clientes): 0.8097

--- Rodada 8 - Avaliação Centralizada (Servidor) ---
Loss (Servidor): 0.6231 | Acurácia (Servidor): 0.8149
--- Avaliação Agregada (Clientes) ---
Loss Média (Clientes): 0.5942 | Acurácia Média (Clientes): 0.8229

--- Rodada 9 - Avaliação Centralizada (Servidor) ---
Loss (Servidor): 0.6898 | Acurácia (Servidor): 0.8109
--- Avaliação Agregada (Clientes) ---
Loss Média (Clientes): 0.6746 | Acurácia Média (Clientes): 0.8171

--- Rodada 10 - Avaliação Centralizada (Servidor) ---
Loss (Servidor): 0.6874 | Acurácia (Servidor): 0.8141
--- Avaliação Agregada (Clientes) ---
Loss Média (Clientes): 0.6585 | Acurácia Média (Clientes): 0.8281

Resultados salvos em: /home/tiago/GitHubProjects/fedhad-thesis-2/FedAVG-results/1.1_diagnostico_drift/CIFAR10/FedAVG__CIFAR10__Setup-5__Clients-5__Rounds-10__Delay-0_05__Alpha-1_0__Seed-48.txt
[36m(ClientAppActor pid=309261)[0m [93mWARNING [0m:   DEPRECATED FEATURE: `client_fn` now expects a signature `def client_fn(context: Context)`.The provided `client_fn` has signature: {'cid': <Parameter "cid: str">}. You can import the `Context` like this: `from flwr.app import Context`[32m [repeated 4x across cluster][0m
[36m(ClientAppActor pid=309261)[0m             This is a deprecated feature. It will be removed[32m [repeated 4x across cluster][0m
[36m(ClientAppActor pid=309261)[0m             entirely in future versions of Flower.[32m [repeated 4x across cluster][0m
