/home/tiago/GitHubProjects/fedhad-thesis-2/env_flwr_pt/lib/python3.12/site-packages/torch/utils/data/dataset.py:473: UserWarning: Length of split at index 0 is 0. This might result in an empty dataset.
  warnings.warn(
[codecarbon WARNING @ 14:07:56] Multiple instances of codecarbon are allowed to run at the same time.
[93mWARNING [0m:   DEPRECATED FEATURE: flwr.simulation.start_simulation() is deprecated.
	Instead, use the `flwr run` CLI command to start a local simulation in your Flower app, as shown for example below:

		$ flwr new  # Create a new Flower app from a template

		$ flwr run  # Run the Flower app in Simulation Mode

	Using `start_simulation()` is deprecated.

            This is a deprecated feature. It will be removed
            entirely in future versions of Flower.
        
[92mINFO [0m:      Starting Flower simulation, config: num_rounds=10, no round_timeout
2026-09-04 14:08:04,487	INFO worker.py:2012 -- Started a local Ray instance.
/home/tiago/GitHubProjects/fedhad-thesis-2/env_flwr_pt/lib/python3.12/site-packages/ray/_private/worker.py:2051: FutureWarning: Tip: In future versions of Ray, Ray will no longer override accelerator visible devices env var if num_gpus=0 or num_gpus=None (default). To enable this behavior and turn off this error message, set RAY_ACCEL_ENV_VAR_OVERRIDE_ON_ZERO=0
  warnings.warn(
[92mINFO [0m:      Flower VCE: Ray initialized with resources: {'object_store_memory': 77755790131.0, 'node:__internal_head__': 1.0, 'node:10.129.64.100': 1.0, 'accelerator_type:A40': 1.0, 'CPU': 64.0, 'GPU': 1.0, 'memory': 181430176973.0}
[92mINFO [0m:      Optimize your simulation with Flower VCE: https://flower.ai/docs/framework/how-to-run-simulations.html
/home/tiago/GitHubProjects/fedhad-thesis-2/FedAvgM_Final.py:1669: UserWarning: No `num_cpus` specified in `client_resources`. Using `num_cpus=1` for each client.
  history = fl.simulation.start_simulation(
[92mINFO [0m:      Flower VCE: Resources for each Virtual Client: {'num_gpus': 0.2, 'num_cpus': 1}
[92mINFO [0m:      Flower VCE: Creating VirtualClientEngineActorPool with 5 actors
[92mINFO [0m:      [INIT]
[92mINFO [0m:      Using initial global parameters provided by strategy
[92mINFO [0m:      Starting evaluation of initial global parameters
[92mINFO [0m:      initial parameters (loss, other metrics): 2.3034515926361085, {'accuracy': 0.1, 'loss': 2.3034515926361085}
[92mINFO [0m:      
[92mINFO [0m:      [ROUND 1]
[92mINFO [0m:      configure_fit: strategy sampled 5 clients (out of 5)
[36m(ClientAppActor pid=690467)[0m [93mWARNING [0m:   DEPRECATED FEATURE: `client_fn` now expects a signature `def client_fn(context: Context)`.The provided `client_fn` has signature: {'cid': <Parameter "cid: str">}. You can import the `Context` like this: `from flwr.app import Context`
[36m(ClientAppActor pid=690467)[0m 
[36m(ClientAppActor pid=690467)[0m             This is a deprecated feature. It will be removed
[36m(ClientAppActor pid=690467)[0m             entirely in future versions of Flower.
[36m(ClientAppActor pid=690467)[0m         
[36m(ClientAppActor pid=690466)[0m 
[36m(ClientAppActor pid=690466)[0m         
[36m(ClientAppActor pid=690436)[0m 
[36m(ClientAppActor pid=690436)[0m         
[36m(ClientAppActor pid=690433)[0m 
[36m(ClientAppActor pid=690433)[0m         
[36m(ClientAppActor pid=690432)[0m 
[36m(ClientAppActor pid=690432)[0m         
[92mINFO [0m:      aggregate_fit: received 5 results and 0 failures
[92mINFO [0m:      fit progress: (1, 2.313640412902832, {'accuracy': 0.1119, 'loss': 2.313640412902832}, 15.106569594005123)
[92mINFO [0m:      configure_evaluate: strategy sampled 5 clients (out of 5)
[36m(ClientAppActor pid=690432)[0m 
[36m(ClientAppActor pid=690432)[0m         
[36m(ClientAppActor pid=690432)[0m [93mWARNING [0m:   DEPRECATED FEATURE: `client_fn` now expects a signature `def client_fn(context: Context)`.The provided `client_fn` has signature: {'cid': <Parameter "cid: str">}. You can import the `Context` like this: `from flwr.app import Context`[32m [repeated 5x across cluster] (Ray deduplicates logs by default. Set RAY_DEDUP_LOGS=0 to disable log deduplication, or see https://docs.ray.io/en/master/ray-observability/user-guides/configure-logging.html#log-deduplication for more options.)[0m
[36m(ClientAppActor pid=690432)[0m             This is a deprecated feature. It will be removed[32m [repeated 5x across cluster][0m
[36m(ClientAppActor pid=690432)[0m             entirely in future versions of Flower.[32m [repeated 5x across cluster][0m
[36m(ClientAppActor pid=690436)[0m 
[36m(ClientAppActor pid=690436)[0m         
[36m(ClientAppActor pid=690433)[0m 
[36m(ClientAppActor pid=690433)[0m         
[36m(ClientAppActor pid=690466)[0m 
[36m(ClientAppActor pid=690466)[0m         
[36m(ClientAppActor pid=690467)[0m 
[36m(ClientAppActor pid=690467)[0m         
[92mINFO [0m:      aggregate_evaluate: received 5 results and 0 failures
[92mINFO [0m:      
[92mINFO [0m:      [ROUND 2]
[92mINFO [0m:      configure_fit: strategy sampled 5 clients (out of 5)
[36m(ClientAppActor pid=690467)[0m 
[36m(ClientAppActor pid=690467)[0m         
[36m(ClientAppActor pid=690436)[0m 
[36m(ClientAppActor pid=690436)[0m         
[36m(ClientAppActor pid=690466)[0m 
[36m(ClientAppActor pid=690466)[0m         
[36m(ClientAppActor pid=690433)[0m 
[36m(ClientAppActor pid=690433)[0m         
[36m(ClientAppActor pid=690432)[0m 
[36m(ClientAppActor pid=690432)[0m         
[92mINFO [0m:      aggregate_fit: received 5 results and 0 failures
[92mINFO [0m:      fit progress: (2, 2.017687840270996, {'accuracy': 0.2746, 'loss': 2.017687840270996}, 29.13232206401881)
[92mINFO [0m:      configure_evaluate: strategy sampled 5 clients (out of 5)
[36m(ClientAppActor pid=690432)[0m 
[36m(ClientAppActor pid=690432)[0m         
[36m(ClientAppActor pid=690432)[0m [93mWARNING [0m:   DEPRECATED FEATURE: `client_fn` now expects a signature `def client_fn(context: Context)`.The provided `client_fn` has signature: {'cid': <Parameter "cid: str">}. You can import the `Context` like this: `from flwr.app import Context`[32m [repeated 10x across cluster][0m
[36m(ClientAppActor pid=690432)[0m             This is a deprecated feature. It will be removed[32m [repeated 10x across cluster][0m
[36m(ClientAppActor pid=690432)[0m             entirely in future versions of Flower.[32m [repeated 10x across cluster][0m
[36m(ClientAppActor pid=690433)[0m 
[36m(ClientAppActor pid=690433)[0m         
[36m(ClientAppActor pid=690467)[0m 
[36m(ClientAppActor pid=690467)[0m         
[36m(ClientAppActor pid=690436)[0m 
[36m(ClientAppActor pid=690436)[0m         
[36m(ClientAppActor pid=690466)[0m 
[36m(ClientAppActor pid=690466)[0m         
[92mINFO [0m:      aggregate_evaluate: received 5 results and 0 failures
[92mINFO [0m:      
[92mINFO [0m:      [ROUND 3]
[92mINFO [0m:      configure_fit: strategy sampled 5 clients (out of 5)
[36m(ClientAppActor pid=690466)[0m 
[36m(ClientAppActor pid=690466)[0m         
[36m(ClientAppActor pid=690436)[0m 
[36m(ClientAppActor pid=690436)[0m         
[36m(ClientAppActor pid=690467)[0m 
[36m(ClientAppActor pid=690467)[0m         
[36m(ClientAppActor pid=690433)[0m 
[36m(ClientAppActor pid=690433)[0m         
[36m(ClientAppActor pid=690432)[0m 
[36m(ClientAppActor pid=690432)[0m         
[92mINFO [0m:      aggregate_fit: received 5 results and 0 failures
[92mINFO [0m:      fit progress: (3, 3.080374383163452, {'accuracy': 0.3019, 'loss': 3.080374383163452}, 42.701191336032934)
[92mINFO [0m:      configure_evaluate: strategy sampled 5 clients (out of 5)
[36m(ClientAppActor pid=690467)[0m 
[36m(ClientAppActor pid=690467)[0m         
[36m(ClientAppActor pid=690467)[0m [93mWARNING [0m:   DEPRECATED FEATURE: `client_fn` now expects a signature `def client_fn(context: Context)`.The provided `client_fn` has signature: {'cid': <Parameter "cid: str">}. You can import the `Context` like this: `from flwr.app import Context`[32m [repeated 10x across cluster][0m
[36m(ClientAppActor pid=690467)[0m             This is a deprecated feature. It will be removed[32m [repeated 10x across cluster][0m
[36m(ClientAppActor pid=690467)[0m             entirely in future versions of Flower.[32m [repeated 10x across cluster][0m
[36m(ClientAppActor pid=690466)[0m 
[36m(ClientAppActor pid=690466)[0m         
[36m(ClientAppActor pid=690432)[0m 
[36m(ClientAppActor pid=690432)[0m         
[36m(ClientAppActor pid=690433)[0m 
[36m(ClientAppActor pid=690433)[0m         
[36m(ClientAppActor pid=690436)[0m 
[36m(ClientAppActor pid=690436)[0m         
[92mINFO [0m:      aggregate_evaluate: received 5 results and 0 failures
[92mINFO [0m:      
[92mINFO [0m:      [ROUND 4]
[92mINFO [0m:      configure_fit: strategy sampled 5 clients (out of 5)
[36m(ClientAppActor pid=690436)[0m 
[36m(ClientAppActor pid=690436)[0m         
[36m(ClientAppActor pid=690433)[0m 
[36m(ClientAppActor pid=690433)[0m         
[36m(ClientAppActor pid=690432)[0m 
[36m(ClientAppActor pid=690432)[0m         
[36m(ClientAppActor pid=690466)[0m 
[36m(ClientAppActor pid=690466)[0m         
[36m(ClientAppActor pid=690467)[0m 
[36m(ClientAppActor pid=690467)[0m         
[92mINFO [0m:      aggregate_fit: received 5 results and 0 failures
[92mINFO [0m:      fit progress: (4, 2.441700048446655, {'accuracy': 0.3705, 'loss': 2.441700048446655}, 56.26810914801899)
[92mINFO [0m:      configure_evaluate: strategy sampled 5 clients (out of 5)
[36m(ClientAppActor pid=690466)[0m 
[36m(ClientAppActor pid=690466)[0m         
[36m(ClientAppActor pid=690466)[0m [93mWARNING [0m:   DEPRECATED FEATURE: `client_fn` now expects a signature `def client_fn(context: Context)`.The provided `client_fn` has signature: {'cid': <Parameter "cid: str">}. You can import the `Context` like this: `from flwr.app import Context`[32m [repeated 10x across cluster][0m
[36m(ClientAppActor pid=690466)[0m             This is a deprecated feature. It will be removed[32m [repeated 10x across cluster][0m
[36m(ClientAppActor pid=690466)[0m             entirely in future versions of Flower.[32m [repeated 10x across cluster][0m
[36m(ClientAppActor pid=690436)[0m 
[36m(ClientAppActor pid=690436)[0m         
[36m(ClientAppActor pid=690432)[0m 
[36m(ClientAppActor pid=690432)[0m         
[36m(ClientAppActor pid=690433)[0m 
[36m(ClientAppActor pid=690433)[0m         
[36m(ClientAppActor pid=690467)[0m 
[36m(ClientAppActor pid=690467)[0m         
[92mINFO [0m:      aggregate_evaluate: received 5 results and 0 failures
[92mINFO [0m:      
[92mINFO [0m:      [ROUND 5]
[92mINFO [0m:      configure_fit: strategy sampled 5 clients (out of 5)
[36m(ClientAppActor pid=690433)[0m 
[36m(ClientAppActor pid=690433)[0m         
[36m(ClientAppActor pid=690467)[0m 
[36m(ClientAppActor pid=690467)[0m         
[36m(ClientAppActor pid=690432)[0m 
[36m(ClientAppActor pid=690432)[0m         
[36m(ClientAppActor pid=690436)[0m 
[36m(ClientAppActor pid=690436)[0m         
[36m(ClientAppActor pid=690466)[0m 
[36m(ClientAppActor pid=690466)[0m         
[92mINFO [0m:      aggregate_fit: received 5 results and 0 failures
[92mINFO [0m:      fit progress: (5, 1.9580881404876709, {'accuracy': 0.4044, 'loss': 1.9580881404876709}, 69.62758389802184)
[92mINFO [0m:      configure_evaluate: strategy sampled 5 clients (out of 5)
[36m(ClientAppActor pid=690467)[0m 
[36m(ClientAppActor pid=690467)[0m         
[36m(ClientAppActor pid=690467)[0m [93mWARNING [0m:   DEPRECATED FEATURE: `client_fn` now expects a signature `def client_fn(context: Context)`.The provided `client_fn` has signature: {'cid': <Parameter "cid: str">}. You can import the `Context` like this: `from flwr.app import Context`[32m [repeated 10x across cluster][0m
[36m(ClientAppActor pid=690467)[0m             This is a deprecated feature. It will be removed[32m [repeated 10x across cluster][0m
[36m(ClientAppActor pid=690467)[0m             entirely in future versions of Flower.[32m [repeated 10x across cluster][0m
[36m(ClientAppActor pid=690433)[0m 
[36m(ClientAppActor pid=690433)[0m         
[36m(ClientAppActor pid=690436)[0m 
[36m(ClientAppActor pid=690436)[0m         
[36m(ClientAppActor pid=690432)[0m 
[36m(ClientAppActor pid=690432)[0m         
[36m(ClientAppActor pid=690466)[0m 
[36m(ClientAppActor pid=690466)[0m         
[92mINFO [0m:      aggregate_evaluate: received 5 results and 0 failures
[92mINFO [0m:      
[92mINFO [0m:      [ROUND 6]
[92mINFO [0m:      configure_fit: strategy sampled 5 clients (out of 5)
[36m(ClientAppActor pid=690466)[0m 
[36m(ClientAppActor pid=690466)[0m         
[36m(ClientAppActor pid=690432)[0m 
[36m(ClientAppActor pid=690432)[0m         
[36m(ClientAppActor pid=690436)[0m 
[36m(ClientAppActor pid=690436)[0m         
[36m(ClientAppActor pid=690467)[0m 
[36m(ClientAppActor pid=690467)[0m         
[36m(ClientAppActor pid=690433)[0m 
[36m(ClientAppActor pid=690433)[0m         
[92mINFO [0m:      aggregate_fit: received 5 results and 0 failures
[92mINFO [0m:      fit progress: (6, 2.839912401199341, {'accuracy': 0.4185, 'loss': 2.839912401199341}, 83.28080396004952)
[92mINFO [0m:      configure_evaluate: strategy sampled 5 clients (out of 5)
[36m(ClientAppActor pid=690433)[0m 
[36m(ClientAppActor pid=690433)[0m         
[36m(ClientAppActor pid=690433)[0m [93mWARNING [0m:   DEPRECATED FEATURE: `client_fn` now expects a signature `def client_fn(context: Context)`.The provided `client_fn` has signature: {'cid': <Parameter "cid: str">}. You can import the `Context` like this: `from flwr.app import Context`[32m [repeated 10x across cluster][0m
[36m(ClientAppActor pid=690433)[0m             This is a deprecated feature. It will be removed[32m [repeated 10x across cluster][0m
[36m(ClientAppActor pid=690433)[0m             entirely in future versions of Flower.[32m [repeated 10x across cluster][0m
[36m(ClientAppActor pid=690432)[0m 
[36m(ClientAppActor pid=690432)[0m         
[36m(ClientAppActor pid=690467)[0m 
[36m(ClientAppActor pid=690467)[0m         
[36m(ClientAppActor pid=690436)[0m 
[36m(ClientAppActor pid=690436)[0m         
[36m(ClientAppActor pid=690466)[0m 
[36m(ClientAppActor pid=690466)[0m         
[92mINFO [0m:      aggregate_evaluate: received 5 results and 0 failures
[92mINFO [0m:      
[92mINFO [0m:      [ROUND 7]
[92mINFO [0m:      configure_fit: strategy sampled 5 clients (out of 5)
[36m(ClientAppActor pid=690466)[0m 
[36m(ClientAppActor pid=690466)[0m         
[36m(ClientAppActor pid=690436)[0m 
[36m(ClientAppActor pid=690436)[0m         
[36m(ClientAppActor pid=690467)[0m 
[36m(ClientAppActor pid=690467)[0m         
[36m(ClientAppActor pid=690432)[0m 
[36m(ClientAppActor pid=690432)[0m         
[36m(ClientAppActor pid=690433)[0m 
[36m(ClientAppActor pid=690433)[0m         
[92mINFO [0m:      aggregate_fit: received 5 results and 0 failures
[92mINFO [0m:      fit progress: (7, 3.592703540802002, {'accuracy': 0.4644, 'loss': 3.592703540802002}, 97.06684527103789)
[92mINFO [0m:      configure_evaluate: strategy sampled 5 clients (out of 5)
[36m(ClientAppActor pid=690433)[0m 
[36m(ClientAppActor pid=690433)[0m         
[36m(ClientAppActor pid=690433)[0m [93mWARNING [0m:   DEPRECATED FEATURE: `client_fn` now expects a signature `def client_fn(context: Context)`.The provided `client_fn` has signature: {'cid': <Parameter "cid: str">}. You can import the `Context` like this: `from flwr.app import Context`[32m [repeated 10x across cluster][0m
[36m(ClientAppActor pid=690433)[0m             This is a deprecated feature. It will be removed[32m [repeated 10x across cluster][0m
[36m(ClientAppActor pid=690433)[0m             entirely in future versions of Flower.[32m [repeated 10x across cluster][0m
[36m(ClientAppActor pid=690432)[0m 
[36m(ClientAppActor pid=690432)[0m         
[36m(ClientAppActor pid=690467)[0m 
[36m(ClientAppActor pid=690467)[0m         
[36m(ClientAppActor pid=690466)[0m 
[36m(ClientAppActor pid=690466)[0m         
[36m(ClientAppActor pid=690436)[0m 
[36m(ClientAppActor pid=690436)[0m         
[92mINFO [0m:      aggregate_evaluate: received 5 results and 0 failures
[92mINFO [0m:      
[92mINFO [0m:      [ROUND 8]
[92mINFO [0m:      configure_fit: strategy sampled 5 clients (out of 5)
[36m(ClientAppActor pid=690466)[0m 
[36m(ClientAppActor pid=690466)[0m         
[36m(ClientAppActor pid=690436)[0m 
[36m(ClientAppActor pid=690436)[0m         
[36m(ClientAppActor pid=690432)[0m 
[36m(ClientAppActor pid=690432)[0m         
[36m(ClientAppActor pid=690467)[0m 
[36m(ClientAppActor pid=690467)[0m         
[36m(ClientAppActor pid=690433)[0m 
[36m(ClientAppActor pid=690433)[0m         
[92mINFO [0m:      aggregate_fit: received 5 results and 0 failures
[92mINFO [0m:      fit progress: (8, 3.7182535224914552, {'accuracy': 0.4754, 'loss': 3.7182535224914552}, 110.39046319003683)
[92mINFO [0m:      configure_evaluate: strategy sampled 5 clients (out of 5)
[36m(ClientAppActor pid=690432)[0m 
[36m(ClientAppActor pid=690432)[0m         
[36m(ClientAppActor pid=690432)[0m [93mWARNING [0m:   DEPRECATED FEATURE: `client_fn` now expects a signature `def client_fn(context: Context)`.The provided `client_fn` has signature: {'cid': <Parameter "cid: str">}. You can import the `Context` like this: `from flwr.app import Context`[32m [repeated 10x across cluster][0m
[36m(ClientAppActor pid=690432)[0m             This is a deprecated feature. It will be removed[32m [repeated 10x across cluster][0m
[36m(ClientAppActor pid=690432)[0m             entirely in future versions of Flower.[32m [repeated 10x across cluster][0m
[36m(ClientAppActor pid=690466)[0m 
[36m(ClientAppActor pid=690466)[0m         
[36m(ClientAppActor pid=690433)[0m 
[36m(ClientAppActor pid=690433)[0m         
[36m(ClientAppActor pid=690436)[0m 
[36m(ClientAppActor pid=690436)[0m         
[36m(ClientAppActor pid=690467)[0m 
[36m(ClientAppActor pid=690467)[0m         
[92mINFO [0m:      aggregate_evaluate: received 5 results and 0 failures
[92mINFO [0m:      
[92mINFO [0m:      [ROUND 9]
[92mINFO [0m:      configure_fit: strategy sampled 5 clients (out of 5)
[36m(ClientAppActor pid=690467)[0m 
[36m(ClientAppActor pid=690467)[0m         
[36m(ClientAppActor pid=690436)[0m 
[36m(ClientAppActor pid=690436)[0m         
[36m(ClientAppActor pid=690433)[0m 
[36m(ClientAppActor pid=690433)[0m         
[36m(ClientAppActor pid=690466)[0m 
[36m(ClientAppActor pid=690466)[0m         
[36m(ClientAppActor pid=690432)[0m 
[36m(ClientAppActor pid=690432)[0m         
[92mINFO [0m:      aggregate_fit: received 5 results and 0 failures
[92mINFO [0m:      fit progress: (9, 3.0605352294921877, {'accuracy': 0.4585, 'loss': 3.0605352294921877}, 124.11913788004313)
[92mINFO [0m:      configure_evaluate: strategy sampled 5 clients (out of 5)
[36m(ClientAppActor pid=690466)[0m 
[36m(ClientAppActor pid=690466)[0m         
[36m(ClientAppActor pid=690466)[0m [93mWARNING [0m:   DEPRECATED FEATURE: `client_fn` now expects a signature `def client_fn(context: Context)`.The provided `client_fn` has signature: {'cid': <Parameter "cid: str">}. You can import the `Context` like this: `from flwr.app import Context`[32m [repeated 10x across cluster][0m
[36m(ClientAppActor pid=690466)[0m             This is a deprecated feature. It will be removed[32m [repeated 10x across cluster][0m
[36m(ClientAppActor pid=690466)[0m             entirely in future versions of Flower.[32m [repeated 10x across cluster][0m
[36m(ClientAppActor pid=690467)[0m 
[36m(ClientAppActor pid=690467)[0m         
[36m(ClientAppActor pid=690432)[0m 
[36m(ClientAppActor pid=690432)[0m         
[36m(ClientAppActor pid=690433)[0m 
[36m(ClientAppActor pid=690433)[0m         
[36m(ClientAppActor pid=690436)[0m 
[36m(ClientAppActor pid=690436)[0m         
[92mINFO [0m:      aggregate_evaluate: received 5 results and 0 failures
[92mINFO [0m:      
[92mINFO [0m:      [ROUND 10]
[92mINFO [0m:      configure_fit: strategy sampled 5 clients (out of 5)
[36m(ClientAppActor pid=690436)[0m 
[36m(ClientAppActor pid=690436)[0m         
[36m(ClientAppActor pid=690433)[0m 
[36m(ClientAppActor pid=690433)[0m         
[36m(ClientAppActor pid=690467)[0m 
[36m(ClientAppActor pid=690467)[0m         
[36m(ClientAppActor pid=690432)[0m 
[36m(ClientAppActor pid=690432)[0m         
[36m(ClientAppActor pid=690466)[0m 
[36m(ClientAppActor pid=690466)[0m         
[92mINFO [0m:      aggregate_fit: received 5 results and 0 failures
[92mINFO [0m:      fit progress: (10, 3.2022582313537598, {'accuracy': 0.4622, 'loss': 3.2022582313537598}, 137.35984073003056)
[92mINFO [0m:      configure_evaluate: strategy sampled 5 clients (out of 5)
[36m(ClientAppActor pid=690433)[0m 
[36m(ClientAppActor pid=690433)[0m         
[36m(ClientAppActor pid=690433)[0m [93mWARNING [0m:   DEPRECATED FEATURE: `client_fn` now expects a signature `def client_fn(context: Context)`.The provided `client_fn` has signature: {'cid': <Parameter "cid: str">}. You can import the `Context` like this: `from flwr.app import Context`[32m [repeated 10x across cluster][0m
[36m(ClientAppActor pid=690433)[0m             This is a deprecated feature. It will be removed[32m [repeated 10x across cluster][0m
[36m(ClientAppActor pid=690433)[0m             entirely in future versions of Flower.[32m [repeated 10x across cluster][0m
[36m(ClientAppActor pid=690436)[0m 
[36m(ClientAppActor pid=690436)[0m         
[36m(ClientAppActor pid=690466)[0m 
[36m(ClientAppActor pid=690466)[0m         
[36m(ClientAppActor pid=690432)[0m 
[36m(ClientAppActor pid=690432)[0m         
[36m(ClientAppActor pid=690467)[0m 
[36m(ClientAppActor pid=690467)[0m         
[92mINFO [0m:      aggregate_evaluate: received 5 results and 0 failures
[92mINFO [0m:      
[92mINFO [0m:      [SUMMARY]
[92mINFO [0m:      Run finished 10 round(s) in 138.32s
[92mINFO [0m:      	History (loss, distributed):
[92mINFO [0m:      		round 1: 2.3137701724285744
[92mINFO [0m:      		round 2: 2.009956339593648
[92mINFO [0m:      		round 3: 3.010038510158697
[92mINFO [0m:      		round 4: 2.4038204657695226
[92mINFO [0m:      		round 5: 1.949614823496468
[92mINFO [0m:      		round 6: 2.7755024165457596
[92mINFO [0m:      		round 7: 3.5131175094758254
[92mINFO [0m:      		round 8: 3.6965159374037895
[92mINFO [0m:      		round 9: 3.0537846864855607
[92mINFO [0m:      		round 10: 3.244504225924149
[92mINFO [0m:      	History (loss, centralized):
[92mINFO [0m:      		round 0: 2.3034515926361085
[92mINFO [0m:      		round 1: 2.313640412902832
[92mINFO [0m:      		round 2: 2.017687840270996
[92mINFO [0m:      		round 3: 3.080374383163452
[92mINFO [0m:      		round 4: 2.441700048446655
[92mINFO [0m:      		round 5: 1.9580881404876709
[92mINFO [0m:      		round 6: 2.839912401199341
[92mINFO [0m:      		round 7: 3.592703540802002
[92mINFO [0m:      		round 8: 3.7182535224914552
[92mINFO [0m:      		round 9: 3.0605352294921877
[92mINFO [0m:      		round 10: 3.2022582313537598
[92mINFO [0m:      	History (metrics, distributed, fit):
[92mINFO [0m:      	{'avg_flops_per_client_round': [(1, 8140443294720.0),
[92mINFO [0m:      	                                (2, 8140443294720.0),
[92mINFO [0m:      	                                (3, 8140443294720.0),
[92mINFO [0m:      	                                (4, 8140443294720.0),
[92mINFO [0m:      	                                (5, 8140443294720.0),
[92mINFO [0m:      	                                (6, 8140443294720.0),
[92mINFO [0m:      	                                (7, 8140443294720.0),
[92mINFO [0m:      	                                (8, 8140443294720.0),
[92mINFO [0m:      	                                (9, 8140443294720.0),
[92mINFO [0m:      	                                (10, 8140443294720.0)],
[92mINFO [0m:      	 'total_flops_round': [(1, 40702216473600),
[92mINFO [0m:      	                       (2, 40702216473600),
[92mINFO [0m:      	                       (3, 40702216473600),
[92mINFO [0m:      	                       (4, 40702216473600),
[92mINFO [0m:      	                       (5, 40702216473600),
[92mINFO [0m:      	                       (6, 40702216473600),
[92mINFO [0m:      	                       (7, 40702216473600),
[92mINFO [0m:      	                       (8, 40702216473600),
[92mINFO [0m:      	                       (9, 40702216473600),
[92mINFO [0m:      	                       (10, 40702216473600)]}
[92mINFO [0m:      	History (metrics, distributed, evaluate):
[92mINFO [0m:      	{'accuracy': [(1, 0.11182236447289458),
[92mINFO [0m:      	              (2, 0.27745549109821965),
[92mINFO [0m:      	              (3, 0.3024604920984197),
[92mINFO [0m:      	              (4, 0.3750750150030006),
[92mINFO [0m:      	              (5, 0.41448289657931586),
[92mINFO [0m:      	              (6, 0.4268853770754151),
[92mINFO [0m:      	              (7, 0.47329465893178635),
[92mINFO [0m:      	              (8, 0.48089617923584715),
[92mINFO [0m:      	              (9, 0.46729345869173833),
[92mINFO [0m:      	              (10, 0.46889377875575117)],
[92mINFO [0m:      	 'loss': [(1, 2.3137701724285744),
[92mINFO [0m:      	          (2, 2.009956339593648),
[92mINFO [0m:      	          (3, 3.010038510158697),
[92mINFO [0m:      	          (4, 2.4038204657695226),
[92mINFO [0m:      	          (5, 1.949614823496468),
[92mINFO [0m:      	          (6, 2.7755024165457596),
[92mINFO [0m:      	          (7, 3.5131175094758254),
[92mINFO [0m:      	          (8, 3.6965159374037895),
[92mINFO [0m:      	          (9, 3.0537846864855607),
[92mINFO [0m:      	          (10, 3.244504225924149)]}
[92mINFO [0m:      	History (metrics, centralized):
[92mINFO [0m:      	{'accuracy': [(0, 0.1),
[92mINFO [0m:      	              (1, 0.1119),
[92mINFO [0m:      	              (2, 0.2746),
[92mINFO [0m:      	              (3, 0.3019),
[92mINFO [0m:      	              (4, 0.3705),
[92mINFO [0m:      	              (5, 0.4044),
[92mINFO [0m:      	              (6, 0.4185),
[92mINFO [0m:      	              (7, 0.4644),
[92mINFO [0m:      	              (8, 0.4754),
[92mINFO [0m:      	              (9, 0.4585),
[92mINFO [0m:      	              (10, 0.4622)],
[92mINFO [0m:      	 'loss': [(0, 2.3034515926361085),
[92mINFO [0m:      	          (1, 2.313640412902832),
[92mINFO [0m:      	          (2, 2.017687840270996),
[92mINFO [0m:      	          (3, 3.080374383163452),
[92mINFO [0m:      	          (4, 2.441700048446655),
[92mINFO [0m:      	          (5, 1.9580881404876709),
[92mINFO [0m:      	          (6, 2.839912401199341),
[92mINFO [0m:      	          (7, 3.592703540802002),
[92mINFO [0m:      	          (8, 3.7182535224914552),
[92mINFO [0m:      	          (9, 3.0605352294921877),
[92mINFO [0m:      	          (10, 3.2022582313537598)]}
[92mINFO [0m:      
Treinando no dispositivo: cuda:0 com o dataset: CIFAR10 | Setup clientes: 5 (num_gpus por cliente=0.2) | SEED=48 | Método: FedAvgM (server_momentum=0.9, server_lr=1.0)
FLOPS por amostra (forward): 6.030e+07 | (forward+backward, 3x): 1.809e+08
Files already downloaded and verified
Files already downloaded and verified
Dividindo o dataset usando a distribuição de Dirichlet com alpha=0.01.
Aviso: Cliente 4 tem apenas 1 amostra(s), que serão usadas para validação.
Iniciando a simulação de Aprendizado Federado...
=== Diagnóstico de Medição de GPU ===
  pynvml_disponivel: True
  pynvml_versao: 580.173.02
  gpus_detectadas: 1
  leitura_potencia_ok: True
  potencia_atual_W: 114.644

--- Rodada 0 - Avaliação Centralizada (Servidor) ---
Loss (Servidor): 2.3035 | Acurácia (Servidor): 0.1000

--- Rodada 1 - Avaliação Centralizada (Servidor) ---
Loss (Servidor): 2.3136 | Acurácia (Servidor): 0.1119
--- Avaliação Agregada (Clientes) ---
Loss Média (Clientes): 2.3138 | Acurácia Média (Clientes): 0.1118

--- Rodada 2 - Avaliação Centralizada (Servidor) ---
Loss (Servidor): 2.0177 | Acurácia (Servidor): 0.2746
--- Avaliação Agregada (Clientes) ---
Loss Média (Clientes): 2.0100 | Acurácia Média (Clientes): 0.2775

--- Rodada 3 - Avaliação Centralizada (Servidor) ---
Loss (Servidor): 3.0804 | Acurácia (Servidor): 0.3019
--- Avaliação Agregada (Clientes) ---
Loss Média (Clientes): 3.0100 | Acurácia Média (Clientes): 0.3025

--- Rodada 4 - Avaliação Centralizada (Servidor) ---
Loss (Servidor): 2.4417 | Acurácia (Servidor): 0.3705
--- Avaliação Agregada (Clientes) ---
Loss Média (Clientes): 2.4038 | Acurácia Média (Clientes): 0.3751

--- Rodada 5 - Avaliação Centralizada (Servidor) ---
Loss (Servidor): 1.9581 | Acurácia (Servidor): 0.4044
--- Avaliação Agregada (Clientes) ---
Loss Média (Clientes): 1.9496 | Acurácia Média (Clientes): 0.4145

--- Rodada 6 - Avaliação Centralizada (Servidor) ---
Loss (Servidor): 2.8399 | Acurácia (Servidor): 0.4185
--- Avaliação Agregada (Clientes) ---
Loss Média (Clientes): 2.7755 | Acurácia Média (Clientes): 0.4269

--- Rodada 7 - Avaliação Centralizada (Servidor) ---
Loss (Servidor): 3.5927 | Acurácia (Servidor): 0.4644
--- Avaliação Agregada (Clientes) ---
Loss Média (Clientes): 3.5131 | Acurácia Média (Clientes): 0.4733

--- Rodada 8 - Avaliação Centralizada (Servidor) ---
Loss (Servidor): 3.7183 | Acurácia (Servidor): 0.4754
--- Avaliação Agregada (Clientes) ---
Loss Média (Clientes): 3.6965 | Acurácia Média (Clientes): 0.4809

--- Rodada 9 - Avaliação Centralizada (Servidor) ---
Loss (Servidor): 3.0605 | Acurácia (Servidor): 0.4585
--- Avaliação Agregada (Clientes) ---
Loss Média (Clientes): 3.0538 | Acurácia Média (Clientes): 0.4673

--- Rodada 10 - Avaliação Centralizada (Servidor) ---
Loss (Servidor): 3.2023 | Acurácia (Servidor): 0.4622
--- Avaliação Agregada (Clientes) ---
Loss Média (Clientes): 3.2445 | Acurácia Média (Clientes): 0.4689

Resultados salvos em: /home/tiago/GitHubProjects/fedhad-thesis-2/FedAvgM-results/1.1_diagnostico_drift/CIFAR10/FedAvgM__CIFAR10__Setup-5__Clients-5__Rounds-10__Delay-0_05__Alpha-0_01__Seed-48.txt
[36m(ClientAppActor pid=690467)[0m [93mWARNING [0m:   DEPRECATED FEATURE: `client_fn` now expects a signature `def client_fn(context: Context)`.The provided `client_fn` has signature: {'cid': <Parameter "cid: str">}. You can import the `Context` like this: `from flwr.app import Context`[32m [repeated 4x across cluster][0m
[36m(ClientAppActor pid=690467)[0m             This is a deprecated feature. It will be removed[32m [repeated 4x across cluster][0m
[36m(ClientAppActor pid=690467)[0m             entirely in future versions of Flower.[32m [repeated 4x across cluster][0m
