[codecarbon WARNING @ 12:21:42] Multiple instances of codecarbon are allowed to run at the same time.
[93mWARNING [0m:   DEPRECATED FEATURE: flwr.simulation.start_simulation() is deprecated.
	Instead, use the `flwr run` CLI command to start a local simulation in your Flower app, as shown for example below:

		$ flwr new  # Create a new Flower app from a template

		$ flwr run  # Run the Flower app in Simulation Mode

	Using `start_simulation()` is deprecated.

            This is a deprecated feature. It will be removed
            entirely in future versions of Flower.
        
[92mINFO [0m:      Starting Flower simulation, config: num_rounds=10, no round_timeout
2026-09-04 12:21:50,277	INFO worker.py:2012 -- Started a local Ray instance.
/home/tiago/GitHubProjects/fedhad-thesis-2/env_flwr_pt/lib/python3.12/site-packages/ray/_private/worker.py:2051: FutureWarning: Tip: In future versions of Ray, Ray will no longer override accelerator visible devices env var if num_gpus=0 or num_gpus=None (default). To enable this behavior and turn off this error message, set RAY_ACCEL_ENV_VAR_OVERRIDE_ON_ZERO=0
  warnings.warn(
[92mINFO [0m:      Flower VCE: Ray initialized with resources: {'node:__internal_head__': 1.0, 'GPU': 1.0, 'memory': 181399443456.0, 'node:10.129.64.100': 1.0, 'object_store_memory': 77742618624.0, 'accelerator_type:A40': 1.0, 'CPU': 64.0}
[92mINFO [0m:      Optimize your simulation with Flower VCE: https://flower.ai/docs/framework/how-to-run-simulations.html
/home/tiago/GitHubProjects/fedhad-thesis-2/FedAVG_Final.py:1577: UserWarning: No `num_cpus` specified in `client_resources`. Using `num_cpus=1` for each client.
  history = fl.simulation.start_simulation(
[92mINFO [0m:      Flower VCE: Resources for each Virtual Client: {'num_gpus': 0.2, 'num_cpus': 1}
[92mINFO [0m:      Flower VCE: Creating VirtualClientEngineActorPool with 5 actors
[92mINFO [0m:      [INIT]
[92mINFO [0m:      Requesting initial parameters from one random client
[36m(ClientAppActor pid=415642)[0m [93mWARNING [0m:   DEPRECATED FEATURE: `client_fn` now expects a signature `def client_fn(context: Context)`.The provided `client_fn` has signature: {'cid': <Parameter "cid: str">}. You can import the `Context` like this: `from flwr.app import Context`
[36m(ClientAppActor pid=415642)[0m 
[36m(ClientAppActor pid=415642)[0m             This is a deprecated feature. It will be removed
[36m(ClientAppActor pid=415642)[0m             entirely in future versions of Flower.
[36m(ClientAppActor pid=415642)[0m         
[92mINFO [0m:      Received initial parameters from one random client
[92mINFO [0m:      Starting evaluation of initial global parameters
[92mINFO [0m:      initial parameters (loss, other metrics): 2.3031479778289796, {'accuracy': 0.0996, 'loss': 2.3031479778289796}
[92mINFO [0m:      
[92mINFO [0m:      [ROUND 1]
[92mINFO [0m:      configure_fit: strategy sampled 5 clients (out of 5)
[36m(ClientAppActor pid=415642)[0m [93mWARNING [0m:   DEPRECATED FEATURE: `client_fn` now expects a signature `def client_fn(context: Context)`.The provided `client_fn` has signature: {'cid': <Parameter "cid: str">}. You can import the `Context` like this: `from flwr.app import Context`
[36m(ClientAppActor pid=415642)[0m 
[36m(ClientAppActor pid=415642)[0m             This is a deprecated feature. It will be removed
[36m(ClientAppActor pid=415642)[0m             entirely in future versions of Flower.
[36m(ClientAppActor pid=415642)[0m         
[36m(ClientAppActor pid=415641)[0m 
[36m(ClientAppActor pid=415641)[0m         
[36m(ClientAppActor pid=415640)[0m 
[36m(ClientAppActor pid=415640)[0m         
[36m(ClientAppActor pid=415639)[0m 
[36m(ClientAppActor pid=415639)[0m         
[36m(ClientAppActor pid=415638)[0m 
[36m(ClientAppActor pid=415638)[0m         
[92mINFO [0m:      aggregate_fit: received 5 results and 0 failures
[92mINFO [0m:      fit progress: (1, 2.3036043113708495, {'accuracy': 0.1, 'loss': 2.3036043113708495}, 15.616454517003149)
[92mINFO [0m:      configure_evaluate: strategy sampled 5 clients (out of 5)
[36m(ClientAppActor pid=415639)[0m 
[36m(ClientAppActor pid=415639)[0m         
[36m(ClientAppActor pid=415639)[0m [93mWARNING [0m:   DEPRECATED FEATURE: `client_fn` now expects a signature `def client_fn(context: Context)`.The provided `client_fn` has signature: {'cid': <Parameter "cid: str">}. You can import the `Context` like this: `from flwr.app import Context`[32m [repeated 5x across cluster] (Ray deduplicates logs by default. Set RAY_DEDUP_LOGS=0 to disable log deduplication, or see https://docs.ray.io/en/master/ray-observability/user-guides/configure-logging.html#log-deduplication for more options.)[0m
[36m(ClientAppActor pid=415639)[0m             This is a deprecated feature. It will be removed[32m [repeated 5x across cluster][0m
[36m(ClientAppActor pid=415639)[0m             entirely in future versions of Flower.[32m [repeated 5x across cluster][0m
[36m(ClientAppActor pid=415641)[0m 
[36m(ClientAppActor pid=415641)[0m         
[36m(ClientAppActor pid=415640)[0m 
[36m(ClientAppActor pid=415640)[0m         
[36m(ClientAppActor pid=415642)[0m 
[36m(ClientAppActor pid=415642)[0m         
[36m(ClientAppActor pid=415638)[0m 
[36m(ClientAppActor pid=415638)[0m         
[92mINFO [0m:      aggregate_evaluate: received 5 results and 0 failures
[92mINFO [0m:      
[92mINFO [0m:      [ROUND 2]
[92mINFO [0m:      configure_fit: strategy sampled 5 clients (out of 5)
[36m(ClientAppActor pid=415638)[0m 
[36m(ClientAppActor pid=415638)[0m         
[36m(ClientAppActor pid=415642)[0m 
[36m(ClientAppActor pid=415642)[0m         
[36m(ClientAppActor pid=415641)[0m 
[36m(ClientAppActor pid=415641)[0m         
[36m(ClientAppActor pid=415640)[0m 
[36m(ClientAppActor pid=415640)[0m         
[36m(ClientAppActor pid=415639)[0m 
[36m(ClientAppActor pid=415639)[0m         
[92mINFO [0m:      aggregate_fit: received 5 results and 0 failures
[92mINFO [0m:      fit progress: (2, 2.1054418560028076, {'accuracy': 0.211, 'loss': 2.1054418560028076}, 29.88123425800586)
[92mINFO [0m:      configure_evaluate: strategy sampled 5 clients (out of 5)
[36m(ClientAppActor pid=415642)[0m 
[36m(ClientAppActor pid=415642)[0m         
[36m(ClientAppActor pid=415642)[0m [93mWARNING [0m:   DEPRECATED FEATURE: `client_fn` now expects a signature `def client_fn(context: Context)`.The provided `client_fn` has signature: {'cid': <Parameter "cid: str">}. You can import the `Context` like this: `from flwr.app import Context`[32m [repeated 10x across cluster][0m
[36m(ClientAppActor pid=415642)[0m             This is a deprecated feature. It will be removed[32m [repeated 10x across cluster][0m
[36m(ClientAppActor pid=415642)[0m             entirely in future versions of Flower.[32m [repeated 10x across cluster][0m
[36m(ClientAppActor pid=415640)[0m 
[36m(ClientAppActor pid=415640)[0m         
[36m(ClientAppActor pid=415638)[0m 
[36m(ClientAppActor pid=415638)[0m         
[36m(ClientAppActor pid=415641)[0m 
[36m(ClientAppActor pid=415641)[0m         
[36m(ClientAppActor pid=415639)[0m 
[36m(ClientAppActor pid=415639)[0m         
[92mINFO [0m:      aggregate_evaluate: received 5 results and 0 failures
[92mINFO [0m:      
[92mINFO [0m:      [ROUND 3]
[92mINFO [0m:      configure_fit: strategy sampled 5 clients (out of 5)
[36m(ClientAppActor pid=415639)[0m 
[36m(ClientAppActor pid=415639)[0m         
[36m(ClientAppActor pid=415641)[0m 
[36m(ClientAppActor pid=415641)[0m         
[36m(ClientAppActor pid=415638)[0m 
[36m(ClientAppActor pid=415638)[0m         
[36m(ClientAppActor pid=415640)[0m 
[36m(ClientAppActor pid=415640)[0m         
[36m(ClientAppActor pid=415642)[0m 
[36m(ClientAppActor pid=415642)[0m         
[92mINFO [0m:      aggregate_fit: received 5 results and 0 failures
[92mINFO [0m:      fit progress: (3, 1.7152884582519532, {'accuracy': 0.4394, 'loss': 1.7152884582519532}, 44.04825750697637)
[92mINFO [0m:      configure_evaluate: strategy sampled 5 clients (out of 5)
[36m(ClientAppActor pid=415638)[0m 
[36m(ClientAppActor pid=415638)[0m         
[36m(ClientAppActor pid=415638)[0m [93mWARNING [0m:   DEPRECATED FEATURE: `client_fn` now expects a signature `def client_fn(context: Context)`.The provided `client_fn` has signature: {'cid': <Parameter "cid: str">}. You can import the `Context` like this: `from flwr.app import Context`[32m [repeated 10x across cluster][0m
[36m(ClientAppActor pid=415638)[0m             This is a deprecated feature. It will be removed[32m [repeated 10x across cluster][0m
[36m(ClientAppActor pid=415638)[0m             entirely in future versions of Flower.[32m [repeated 10x across cluster][0m
[36m(ClientAppActor pid=415642)[0m 
[36m(ClientAppActor pid=415642)[0m         
[36m(ClientAppActor pid=415640)[0m 
[36m(ClientAppActor pid=415640)[0m         
[36m(ClientAppActor pid=415641)[0m 
[36m(ClientAppActor pid=415641)[0m         
[36m(ClientAppActor pid=415639)[0m 
[36m(ClientAppActor pid=415639)[0m         
[92mINFO [0m:      aggregate_evaluate: received 5 results and 0 failures
[92mINFO [0m:      
[92mINFO [0m:      [ROUND 4]
[92mINFO [0m:      configure_fit: strategy sampled 5 clients (out of 5)
[36m(ClientAppActor pid=415641)[0m 
[36m(ClientAppActor pid=415641)[0m         
[36m(ClientAppActor pid=415639)[0m 
[36m(ClientAppActor pid=415639)[0m         
[36m(ClientAppActor pid=415640)[0m 
[36m(ClientAppActor pid=415640)[0m         
[36m(ClientAppActor pid=415642)[0m 
[36m(ClientAppActor pid=415642)[0m         
[36m(ClientAppActor pid=415638)[0m 
[36m(ClientAppActor pid=415638)[0m         
[92mINFO [0m:      aggregate_fit: received 5 results and 0 failures
[92mINFO [0m:      fit progress: (4, 1.5057228328704835, {'accuracy': 0.509, 'loss': 1.5057228328704835}, 58.10294526698999)
[92mINFO [0m:      configure_evaluate: strategy sampled 5 clients (out of 5)
[36m(ClientAppActor pid=415639)[0m 
[36m(ClientAppActor pid=415639)[0m         
[36m(ClientAppActor pid=415639)[0m [93mWARNING [0m:   DEPRECATED FEATURE: `client_fn` now expects a signature `def client_fn(context: Context)`.The provided `client_fn` has signature: {'cid': <Parameter "cid: str">}. You can import the `Context` like this: `from flwr.app import Context`[32m [repeated 10x across cluster][0m
[36m(ClientAppActor pid=415639)[0m             This is a deprecated feature. It will be removed[32m [repeated 10x across cluster][0m
[36m(ClientAppActor pid=415639)[0m             entirely in future versions of Flower.[32m [repeated 10x across cluster][0m
[36m(ClientAppActor pid=415642)[0m 
[36m(ClientAppActor pid=415642)[0m         
[36m(ClientAppActor pid=415641)[0m 
[36m(ClientAppActor pid=415641)[0m         
[36m(ClientAppActor pid=415640)[0m 
[36m(ClientAppActor pid=415640)[0m         
[36m(ClientAppActor pid=415638)[0m 
[36m(ClientAppActor pid=415638)[0m         
[92mINFO [0m:      aggregate_evaluate: received 5 results and 0 failures
[92mINFO [0m:      
[92mINFO [0m:      [ROUND 5]
[92mINFO [0m:      configure_fit: strategy sampled 5 clients (out of 5)
[36m(ClientAppActor pid=415638)[0m 
[36m(ClientAppActor pid=415638)[0m         
[36m(ClientAppActor pid=415640)[0m 
[36m(ClientAppActor pid=415640)[0m         
[36m(ClientAppActor pid=415641)[0m 
[36m(ClientAppActor pid=415641)[0m         
[36m(ClientAppActor pid=415642)[0m 
[36m(ClientAppActor pid=415642)[0m         
[36m(ClientAppActor pid=415639)[0m 
[36m(ClientAppActor pid=415639)[0m         
[92mINFO [0m:      aggregate_fit: received 5 results and 0 failures
[92mINFO [0m:      fit progress: (5, 1.3011751876831055, {'accuracy': 0.5615, 'loss': 1.3011751876831055}, 72.4488278789795)
[92mINFO [0m:      configure_evaluate: strategy sampled 5 clients (out of 5)
[36m(ClientAppActor pid=415640)[0m 
[36m(ClientAppActor pid=415640)[0m         
[36m(ClientAppActor pid=415640)[0m [93mWARNING [0m:   DEPRECATED FEATURE: `client_fn` now expects a signature `def client_fn(context: Context)`.The provided `client_fn` has signature: {'cid': <Parameter "cid: str">}. You can import the `Context` like this: `from flwr.app import Context`[32m [repeated 10x across cluster][0m
[36m(ClientAppActor pid=415640)[0m             This is a deprecated feature. It will be removed[32m [repeated 10x across cluster][0m
[36m(ClientAppActor pid=415640)[0m             entirely in future versions of Flower.[32m [repeated 10x across cluster][0m
[36m(ClientAppActor pid=415638)[0m 
[36m(ClientAppActor pid=415638)[0m         
[36m(ClientAppActor pid=415641)[0m 
[36m(ClientAppActor pid=415641)[0m         
[36m(ClientAppActor pid=415639)[0m 
[36m(ClientAppActor pid=415639)[0m         
[36m(ClientAppActor pid=415642)[0m 
[36m(ClientAppActor pid=415642)[0m         
[92mINFO [0m:      aggregate_evaluate: received 5 results and 0 failures
[92mINFO [0m:      
[92mINFO [0m:      [ROUND 6]
[92mINFO [0m:      configure_fit: strategy sampled 5 clients (out of 5)
[36m(ClientAppActor pid=415642)[0m 
[36m(ClientAppActor pid=415642)[0m         
[36m(ClientAppActor pid=415639)[0m 
[36m(ClientAppActor pid=415639)[0m         
[36m(ClientAppActor pid=415638)[0m 
[36m(ClientAppActor pid=415638)[0m         
[36m(ClientAppActor pid=415641)[0m 
[36m(ClientAppActor pid=415641)[0m         
[36m(ClientAppActor pid=415640)[0m 
[36m(ClientAppActor pid=415640)[0m         
[92mINFO [0m:      aggregate_fit: received 5 results and 0 failures
[92mINFO [0m:      fit progress: (6, 1.2608237461090088, {'accuracy': 0.5504, 'loss': 1.2608237461090088}, 86.76913729996886)
[92mINFO [0m:      configure_evaluate: strategy sampled 5 clients (out of 5)
[36m(ClientAppActor pid=415641)[0m 
[36m(ClientAppActor pid=415641)[0m         
[36m(ClientAppActor pid=415641)[0m [93mWARNING [0m:   DEPRECATED FEATURE: `client_fn` now expects a signature `def client_fn(context: Context)`.The provided `client_fn` has signature: {'cid': <Parameter "cid: str">}. You can import the `Context` like this: `from flwr.app import Context`[32m [repeated 10x across cluster][0m
[36m(ClientAppActor pid=415641)[0m             This is a deprecated feature. It will be removed[32m [repeated 10x across cluster][0m
[36m(ClientAppActor pid=415641)[0m             entirely in future versions of Flower.[32m [repeated 10x across cluster][0m
[36m(ClientAppActor pid=415640)[0m 
[36m(ClientAppActor pid=415640)[0m         
[36m(ClientAppActor pid=415639)[0m 
[36m(ClientAppActor pid=415639)[0m         
[36m(ClientAppActor pid=415638)[0m 
[36m(ClientAppActor pid=415638)[0m         
[36m(ClientAppActor pid=415642)[0m 
[36m(ClientAppActor pid=415642)[0m         
[92mINFO [0m:      aggregate_evaluate: received 5 results and 0 failures
[92mINFO [0m:      
[92mINFO [0m:      [ROUND 7]
[92mINFO [0m:      configure_fit: strategy sampled 5 clients (out of 5)
[36m(ClientAppActor pid=415642)[0m 
[36m(ClientAppActor pid=415642)[0m         
[36m(ClientAppActor pid=415638)[0m 
[36m(ClientAppActor pid=415638)[0m         
[36m(ClientAppActor pid=415639)[0m 
[36m(ClientAppActor pid=415639)[0m         
[36m(ClientAppActor pid=415640)[0m 
[36m(ClientAppActor pid=415640)[0m         
[36m(ClientAppActor pid=415641)[0m 
[36m(ClientAppActor pid=415641)[0m         
[92mINFO [0m:      aggregate_fit: received 5 results and 0 failures
[92mINFO [0m:      fit progress: (7, 1.1791247081756593, {'accuracy': 0.6121, 'loss': 1.1791247081756593}, 101.03613829397364)
[92mINFO [0m:      configure_evaluate: strategy sampled 5 clients (out of 5)
[36m(ClientAppActor pid=415639)[0m 
[36m(ClientAppActor pid=415639)[0m         
[36m(ClientAppActor pid=415639)[0m [93mWARNING [0m:   DEPRECATED FEATURE: `client_fn` now expects a signature `def client_fn(context: Context)`.The provided `client_fn` has signature: {'cid': <Parameter "cid: str">}. You can import the `Context` like this: `from flwr.app import Context`[32m [repeated 10x across cluster][0m
[36m(ClientAppActor pid=415639)[0m             This is a deprecated feature. It will be removed[32m [repeated 10x across cluster][0m
[36m(ClientAppActor pid=415639)[0m             entirely in future versions of Flower.[32m [repeated 10x across cluster][0m
[36m(ClientAppActor pid=415640)[0m 
[36m(ClientAppActor pid=415640)[0m         
[36m(ClientAppActor pid=415642)[0m 
[36m(ClientAppActor pid=415642)[0m         
[36m(ClientAppActor pid=415641)[0m 
[36m(ClientAppActor pid=415641)[0m         
[36m(ClientAppActor pid=415638)[0m 
[36m(ClientAppActor pid=415638)[0m         
[92mINFO [0m:      aggregate_evaluate: received 5 results and 0 failures
[92mINFO [0m:      
[92mINFO [0m:      [ROUND 8]
[92mINFO [0m:      configure_fit: strategy sampled 5 clients (out of 5)
[36m(ClientAppActor pid=415638)[0m 
[36m(ClientAppActor pid=415638)[0m         
[36m(ClientAppActor pid=415641)[0m 
[36m(ClientAppActor pid=415641)[0m         
[36m(ClientAppActor pid=415642)[0m 
[36m(ClientAppActor pid=415642)[0m         
[36m(ClientAppActor pid=415640)[0m 
[36m(ClientAppActor pid=415640)[0m         
[36m(ClientAppActor pid=415639)[0m 
[36m(ClientAppActor pid=415639)[0m         
[92mINFO [0m:      aggregate_fit: received 5 results and 0 failures
[92mINFO [0m:      fit progress: (8, 1.1260373723983765, {'accuracy': 0.6185, 'loss': 1.1260373723983765}, 115.11625817499589)
[92mINFO [0m:      configure_evaluate: strategy sampled 5 clients (out of 5)
[36m(ClientAppActor pid=415638)[0m 
[36m(ClientAppActor pid=415638)[0m         
[36m(ClientAppActor pid=415638)[0m [93mWARNING [0m:   DEPRECATED FEATURE: `client_fn` now expects a signature `def client_fn(context: Context)`.The provided `client_fn` has signature: {'cid': <Parameter "cid: str">}. You can import the `Context` like this: `from flwr.app import Context`[32m [repeated 10x across cluster][0m
[36m(ClientAppActor pid=415638)[0m             This is a deprecated feature. It will be removed[32m [repeated 10x across cluster][0m
[36m(ClientAppActor pid=415638)[0m             entirely in future versions of Flower.[32m [repeated 10x across cluster][0m
[36m(ClientAppActor pid=415639)[0m 
[36m(ClientAppActor pid=415639)[0m         
[36m(ClientAppActor pid=415641)[0m 
[36m(ClientAppActor pid=415641)[0m         
[36m(ClientAppActor pid=415642)[0m 
[36m(ClientAppActor pid=415642)[0m         
[36m(ClientAppActor pid=415640)[0m 
[36m(ClientAppActor pid=415640)[0m         
[92mINFO [0m:      aggregate_evaluate: received 5 results and 0 failures
[92mINFO [0m:      
[92mINFO [0m:      [ROUND 9]
[92mINFO [0m:      configure_fit: strategy sampled 5 clients (out of 5)
[36m(ClientAppActor pid=415640)[0m 
[36m(ClientAppActor pid=415640)[0m         
[36m(ClientAppActor pid=415642)[0m 
[36m(ClientAppActor pid=415642)[0m         
[36m(ClientAppActor pid=415639)[0m 
[36m(ClientAppActor pid=415639)[0m         
[36m(ClientAppActor pid=415641)[0m 
[36m(ClientAppActor pid=415641)[0m         
[36m(ClientAppActor pid=415638)[0m 
[36m(ClientAppActor pid=415638)[0m         
[92mINFO [0m:      aggregate_fit: received 5 results and 0 failures
[92mINFO [0m:      fit progress: (9, 1.140986357498169, {'accuracy': 0.6161, 'loss': 1.140986357498169}, 129.85627040598774)
[92mINFO [0m:      configure_evaluate: strategy sampled 5 clients (out of 5)
[36m(ClientAppActor pid=415638)[0m 
[36m(ClientAppActor pid=415638)[0m         
[36m(ClientAppActor pid=415638)[0m [93mWARNING [0m:   DEPRECATED FEATURE: `client_fn` now expects a signature `def client_fn(context: Context)`.The provided `client_fn` has signature: {'cid': <Parameter "cid: str">}. You can import the `Context` like this: `from flwr.app import Context`[32m [repeated 10x across cluster][0m
[36m(ClientAppActor pid=415638)[0m             This is a deprecated feature. It will be removed[32m [repeated 10x across cluster][0m
[36m(ClientAppActor pid=415638)[0m             entirely in future versions of Flower.[32m [repeated 10x across cluster][0m
[36m(ClientAppActor pid=415642)[0m 
[36m(ClientAppActor pid=415642)[0m         
[36m(ClientAppActor pid=415640)[0m 
[36m(ClientAppActor pid=415640)[0m         
[36m(ClientAppActor pid=415639)[0m 
[36m(ClientAppActor pid=415639)[0m         
[36m(ClientAppActor pid=415641)[0m 
[36m(ClientAppActor pid=415641)[0m         
[92mINFO [0m:      aggregate_evaluate: received 5 results and 0 failures
[92mINFO [0m:      
[92mINFO [0m:      [ROUND 10]
[92mINFO [0m:      configure_fit: strategy sampled 5 clients (out of 5)
[36m(ClientAppActor pid=415641)[0m 
[36m(ClientAppActor pid=415641)[0m         
[36m(ClientAppActor pid=415639)[0m 
[36m(ClientAppActor pid=415639)[0m         
[36m(ClientAppActor pid=415640)[0m 
[36m(ClientAppActor pid=415640)[0m         
[36m(ClientAppActor pid=415642)[0m 
[36m(ClientAppActor pid=415642)[0m         
[36m(ClientAppActor pid=415638)[0m 
[36m(ClientAppActor pid=415638)[0m         
[92mINFO [0m:      aggregate_fit: received 5 results and 0 failures
[92mINFO [0m:      fit progress: (10, 1.0807235445022583, {'accuracy': 0.6395, 'loss': 1.0807235445022583}, 144.04151114897104)
[92mINFO [0m:      configure_evaluate: strategy sampled 5 clients (out of 5)
[36m(ClientAppActor pid=415642)[0m 
[36m(ClientAppActor pid=415642)[0m         
[36m(ClientAppActor pid=415642)[0m [93mWARNING [0m:   DEPRECATED FEATURE: `client_fn` now expects a signature `def client_fn(context: Context)`.The provided `client_fn` has signature: {'cid': <Parameter "cid: str">}. You can import the `Context` like this: `from flwr.app import Context`[32m [repeated 10x across cluster][0m
[36m(ClientAppActor pid=415642)[0m             This is a deprecated feature. It will be removed[32m [repeated 10x across cluster][0m
[36m(ClientAppActor pid=415642)[0m             entirely in future versions of Flower.[32m [repeated 10x across cluster][0m
[36m(ClientAppActor pid=415639)[0m 
[36m(ClientAppActor pid=415639)[0m         
[36m(ClientAppActor pid=415638)[0m 
[36m(ClientAppActor pid=415638)[0m         
[36m(ClientAppActor pid=415640)[0m 
[36m(ClientAppActor pid=415640)[0m         
[36m(ClientAppActor pid=415641)[0m 
[36m(ClientAppActor pid=415641)[0m         
[92mINFO [0m:      aggregate_evaluate: received 5 results and 0 failures
[92mINFO [0m:      
[92mINFO [0m:      [SUMMARY]
[92mINFO [0m:      Run finished 10 round(s) in 144.78s
[92mINFO [0m:      	History (loss, distributed):
[92mINFO [0m:      		round 1: 2.3083501578474266
[92mINFO [0m:      		round 2: 2.105583243619015
[92mINFO [0m:      		round 3: 1.7225389645609481
[92mINFO [0m:      		round 4: 1.5055012154707934
[92mINFO [0m:      		round 5: 1.311646856029264
[92mINFO [0m:      		round 6: 1.2767056764710256
[92mINFO [0m:      		round 7: 1.1810723240016865
[92mINFO [0m:      		round 8: 1.1256000623509368
[92mINFO [0m:      		round 9: 1.1425951335591826
[92mINFO [0m:      		round 10: 1.0923042287824631
[92mINFO [0m:      	History (loss, centralized):
[92mINFO [0m:      		round 0: 2.3031479778289796
[92mINFO [0m:      		round 1: 2.3036043113708495
[92mINFO [0m:      		round 2: 2.1054418560028076
[92mINFO [0m:      		round 3: 1.7152884582519532
[92mINFO [0m:      		round 4: 1.5057228328704835
[92mINFO [0m:      		round 5: 1.3011751876831055
[92mINFO [0m:      		round 6: 1.2608237461090088
[92mINFO [0m:      		round 7: 1.1791247081756593
[92mINFO [0m:      		round 8: 1.1260373723983765
[92mINFO [0m:      		round 9: 1.140986357498169
[92mINFO [0m:      		round 10: 1.0807235445022583
[92mINFO [0m:      	History (metrics, distributed, fit):
[92mINFO [0m:      	{'avg_flops_per_client_round': [(1, 8140443294720.0),
[92mINFO [0m:      	                                (2, 8140443294720.0),
[92mINFO [0m:      	                                (3, 8140443294720.0),
[92mINFO [0m:      	                                (4, 8140443294720.0),
[92mINFO [0m:      	                                (5, 8140443294720.0),
[92mINFO [0m:      	                                (6, 8140443294720.0),
[92mINFO [0m:      	                                (7, 8140443294720.0),
[92mINFO [0m:      	                                (8, 8140443294720.0),
[92mINFO [0m:      	                                (9, 8140443294720.0),
[92mINFO [0m:      	                                (10, 8140443294720.0)],
[92mINFO [0m:      	 'total_flops_round': [(1, 40702216473600),
[92mINFO [0m:      	                       (2, 40702216473600),
[92mINFO [0m:      	                       (3, 40702216473600),
[92mINFO [0m:      	                       (4, 40702216473600),
[92mINFO [0m:      	                       (5, 40702216473600),
[92mINFO [0m:      	                       (6, 40702216473600),
[92mINFO [0m:      	                       (7, 40702216473600),
[92mINFO [0m:      	                       (8, 40702216473600),
[92mINFO [0m:      	                       (9, 40702216473600),
[92mINFO [0m:      	                       (10, 40702216473600)]}
[92mINFO [0m:      	History (metrics, distributed, evaluate):
[92mINFO [0m:      	{'accuracy': [(1, 0.10142028405681137),
[92mINFO [0m:      	              (2, 0.21244248849769953),
[92mINFO [0m:      	              (3, 0.4298859771954391),
[92mINFO [0m:      	              (4, 0.5057011402280456),
[92mINFO [0m:      	              (5, 0.5665133026605321),
[92mINFO [0m:      	              (6, 0.5531106221244249),
[92mINFO [0m:      	              (7, 0.6159231846369274),
[92mINFO [0m:      	              (8, 0.6245249049809962),
[92mINFO [0m:      	              (9, 0.622124424884977),
[92mINFO [0m:      	              (10, 0.6387277455491098)],
[92mINFO [0m:      	 'loss': [(1, 2.3083501578474266),
[92mINFO [0m:      	          (2, 2.105583243619015),
[92mINFO [0m:      	          (3, 1.7225389645609481),
[92mINFO [0m:      	          (4, 1.5055012154707934),
[92mINFO [0m:      	          (5, 1.311646856029264),
[92mINFO [0m:      	          (6, 1.2767056764710256),
[92mINFO [0m:      	          (7, 1.1810723240016865),
[92mINFO [0m:      	          (8, 1.1256000623509368),
[92mINFO [0m:      	          (9, 1.1425951335591826),
[92mINFO [0m:      	          (10, 1.0923042287824631)]}
[92mINFO [0m:      	History (metrics, centralized):
[92mINFO [0m:      	{'accuracy': [(0, 0.0996),
[92mINFO [0m:      	              (1, 0.1),
[92mINFO [0m:      	              (2, 0.211),
[92mINFO [0m:      	              (3, 0.4394),
[92mINFO [0m:      	              (4, 0.509),
[92mINFO [0m:      	              (5, 0.5615),
[92mINFO [0m:      	              (6, 0.5504),
[92mINFO [0m:      	              (7, 0.6121),
[92mINFO [0m:      	              (8, 0.6185),
[92mINFO [0m:      	              (9, 0.6161),
[92mINFO [0m:      	              (10, 0.6395)],
[92mINFO [0m:      	 'loss': [(0, 2.3031479778289796),
[92mINFO [0m:      	          (1, 2.3036043113708495),
[92mINFO [0m:      	          (2, 2.1054418560028076),
[92mINFO [0m:      	          (3, 1.7152884582519532),
[92mINFO [0m:      	          (4, 1.5057228328704835),
[92mINFO [0m:      	          (5, 1.3011751876831055),
[92mINFO [0m:      	          (6, 1.2608237461090088),
[92mINFO [0m:      	          (7, 1.1791247081756593),
[92mINFO [0m:      	          (8, 1.1260373723983765),
[92mINFO [0m:      	          (9, 1.140986357498169),
[92mINFO [0m:      	          (10, 1.0807235445022583)]}
[92mINFO [0m:      
Treinando no dispositivo: cuda:0 com o dataset: CIFAR10 | Setup clientes: 5 (num_gpus por cliente=0.2) | SEED=42
FLOPS por amostra (forward): 6.030e+07 | (forward+backward, 3x): 1.809e+08
Files already downloaded and verified
Files already downloaded and verified
Dividindo o dataset usando a distribuição de Dirichlet com alpha=0.01.
Iniciando a simulação de Aprendizado Federado...
=== Diagnóstico de Medição de GPU ===
  pynvml_disponivel: True
  pynvml_versao: 580.173.02
  gpus_detectadas: 1
  leitura_potencia_ok: True
  potencia_atual_W: 114.878

--- Rodada 0 - Avaliação Centralizada (Servidor) ---
Loss (Servidor): 2.3031 | Acurácia (Servidor): 0.0996

--- Rodada 1 - Avaliação Centralizada (Servidor) ---
Loss (Servidor): 2.3036 | Acurácia (Servidor): 0.1000
--- Avaliação Agregada (Clientes) ---
Loss Média (Clientes): 2.3084 | Acurácia Média (Clientes): 0.1014

--- Rodada 2 - Avaliação Centralizada (Servidor) ---
Loss (Servidor): 2.1054 | Acurácia (Servidor): 0.2110
--- Avaliação Agregada (Clientes) ---
Loss Média (Clientes): 2.1056 | Acurácia Média (Clientes): 0.2124

--- Rodada 3 - Avaliação Centralizada (Servidor) ---
Loss (Servidor): 1.7153 | Acurácia (Servidor): 0.4394
--- Avaliação Agregada (Clientes) ---
Loss Média (Clientes): 1.7225 | Acurácia Média (Clientes): 0.4299

--- Rodada 4 - Avaliação Centralizada (Servidor) ---
Loss (Servidor): 1.5057 | Acurácia (Servidor): 0.5090
--- Avaliação Agregada (Clientes) ---
Loss Média (Clientes): 1.5055 | Acurácia Média (Clientes): 0.5057

--- Rodada 5 - Avaliação Centralizada (Servidor) ---
Loss (Servidor): 1.3012 | Acurácia (Servidor): 0.5615
--- Avaliação Agregada (Clientes) ---
Loss Média (Clientes): 1.3116 | Acurácia Média (Clientes): 0.5665

--- Rodada 6 - Avaliação Centralizada (Servidor) ---
Loss (Servidor): 1.2608 | Acurácia (Servidor): 0.5504
--- Avaliação Agregada (Clientes) ---
Loss Média (Clientes): 1.2767 | Acurácia Média (Clientes): 0.5531

--- Rodada 7 - Avaliação Centralizada (Servidor) ---
Loss (Servidor): 1.1791 | Acurácia (Servidor): 0.6121
--- Avaliação Agregada (Clientes) ---
Loss Média (Clientes): 1.1811 | Acurácia Média (Clientes): 0.6159

--- Rodada 8 - Avaliação Centralizada (Servidor) ---
Loss (Servidor): 1.1260 | Acurácia (Servidor): 0.6185
--- Avaliação Agregada (Clientes) ---
Loss Média (Clientes): 1.1256 | Acurácia Média (Clientes): 0.6245

--- Rodada 9 - Avaliação Centralizada (Servidor) ---
Loss (Servidor): 1.1410 | Acurácia (Servidor): 0.6161
--- Avaliação Agregada (Clientes) ---
Loss Média (Clientes): 1.1426 | Acurácia Média (Clientes): 0.6221

--- Rodada 10 - Avaliação Centralizada (Servidor) ---
Loss (Servidor): 1.0807 | Acurácia (Servidor): 0.6395
--- Avaliação Agregada (Clientes) ---
Loss Média (Clientes): 1.0923 | Acurácia Média (Clientes): 0.6387

Resultados salvos em: /home/tiago/GitHubProjects/fedhad-thesis-2/FedAVG-results/1.1_diagnostico_drift/CIFAR10/FedAVG__CIFAR10__Setup-5__Clients-5__Rounds-10__Delay-0_05__Alpha-0_01__Seed-42.txt
[36m(ClientAppActor pid=415641)[0m [93mWARNING [0m:   DEPRECATED FEATURE: `client_fn` now expects a signature `def client_fn(context: Context)`.The provided `client_fn` has signature: {'cid': <Parameter "cid: str">}. You can import the `Context` like this: `from flwr.app import Context`[32m [repeated 4x across cluster][0m
[36m(ClientAppActor pid=415641)[0m             This is a deprecated feature. It will be removed[32m [repeated 4x across cluster][0m
[36m(ClientAppActor pid=415641)[0m             entirely in future versions of Flower.[32m [repeated 4x across cluster][0m
