[codecarbon WARNING @ 14:10:33] Multiple instances of codecarbon are allowed to run at the same time.
[93mWARNING [0m:   DEPRECATED FEATURE: flwr.simulation.start_simulation() is deprecated.
	Instead, use the `flwr run` CLI command to start a local simulation in your Flower app, as shown for example below:

		$ flwr new  # Create a new Flower app from a template

		$ flwr run  # Run the Flower app in Simulation Mode

	Using `start_simulation()` is deprecated.

            This is a deprecated feature. It will be removed
            entirely in future versions of Flower.
        
[92mINFO [0m:      Starting Flower simulation, config: num_rounds=10, no round_timeout
2026-09-04 14:10:41,931	INFO worker.py:2012 -- Started a local Ray instance.
/home/tiago/GitHubProjects/fedhad-thesis-2/env_flwr_pt/lib/python3.12/site-packages/ray/_private/worker.py:2051: FutureWarning: Tip: In future versions of Ray, Ray will no longer override accelerator visible devices env var if num_gpus=0 or num_gpus=None (default). To enable this behavior and turn off this error message, set RAY_ACCEL_ENV_VAR_OVERRIDE_ON_ZERO=0
  warnings.warn(
[92mINFO [0m:      Flower VCE: Ray initialized with resources: {'memory': 181368408884.0, 'object_store_memory': 77729318092.0, 'CPU': 64.0, 'GPU': 1.0, 'node:10.129.64.100': 1.0, 'node:__internal_head__': 1.0, 'accelerator_type:A40': 1.0}
[92mINFO [0m:      Optimize your simulation with Flower VCE: https://flower.ai/docs/framework/how-to-run-simulations.html
/home/tiago/GitHubProjects/fedhad-thesis-2/FedAvgM_Final.py:1669: UserWarning: No `num_cpus` specified in `client_resources`. Using `num_cpus=1` for each client.
  history = fl.simulation.start_simulation(
[92mINFO [0m:      Flower VCE: Resources for each Virtual Client: {'num_gpus': 0.2, 'num_cpus': 1}
[92mINFO [0m:      Flower VCE: Creating VirtualClientEngineActorPool with 5 actors
[92mINFO [0m:      [INIT]
[92mINFO [0m:      Using initial global parameters provided by strategy
[92mINFO [0m:      Starting evaluation of initial global parameters
[92mINFO [0m:      initial parameters (loss, other metrics): 2.3033320701599123, {'accuracy': 0.1, 'loss': 2.3033320701599123}
[92mINFO [0m:      
[92mINFO [0m:      [ROUND 1]
[92mINFO [0m:      configure_fit: strategy sampled 5 clients (out of 5)
[36m(ClientAppActor pid=697850)[0m [93mWARNING [0m:   DEPRECATED FEATURE: `client_fn` now expects a signature `def client_fn(context: Context)`.The provided `client_fn` has signature: {'cid': <Parameter "cid: str">}. You can import the `Context` like this: `from flwr.app import Context`
[36m(ClientAppActor pid=697850)[0m 
[36m(ClientAppActor pid=697850)[0m             This is a deprecated feature. It will be removed
[36m(ClientAppActor pid=697850)[0m             entirely in future versions of Flower.
[36m(ClientAppActor pid=697850)[0m         
[36m(ClientAppActor pid=697886)[0m 
[36m(ClientAppActor pid=697886)[0m         
[36m(ClientAppActor pid=697862)[0m 
[36m(ClientAppActor pid=697862)[0m         
[36m(ClientAppActor pid=697885)[0m 
[36m(ClientAppActor pid=697885)[0m         
[36m(ClientAppActor pid=697849)[0m 
[36m(ClientAppActor pid=697849)[0m         
[92mINFO [0m:      aggregate_fit: received 5 results and 0 failures
[92mINFO [0m:      fit progress: (1, 2.317489073562622, {'accuracy': 0.1074, 'loss': 2.317489073562622}, 16.014015260967426)
[92mINFO [0m:      configure_evaluate: strategy sampled 5 clients (out of 5)
[36m(ClientAppActor pid=697885)[0m 
[36m(ClientAppActor pid=697885)[0m         
[36m(ClientAppActor pid=697885)[0m [93mWARNING [0m:   DEPRECATED FEATURE: `client_fn` now expects a signature `def client_fn(context: Context)`.The provided `client_fn` has signature: {'cid': <Parameter "cid: str">}. You can import the `Context` like this: `from flwr.app import Context`[32m [repeated 5x across cluster] (Ray deduplicates logs by default. Set RAY_DEDUP_LOGS=0 to disable log deduplication, or see https://docs.ray.io/en/master/ray-observability/user-guides/configure-logging.html#log-deduplication for more options.)[0m
[36m(ClientAppActor pid=697885)[0m             This is a deprecated feature. It will be removed[32m [repeated 5x across cluster][0m
[36m(ClientAppActor pid=697885)[0m             entirely in future versions of Flower.[32m [repeated 5x across cluster][0m
[36m(ClientAppActor pid=697850)[0m 
[36m(ClientAppActor pid=697850)[0m         
[36m(ClientAppActor pid=697886)[0m 
[36m(ClientAppActor pid=697886)[0m         
[36m(ClientAppActor pid=697862)[0m 
[36m(ClientAppActor pid=697862)[0m         
[36m(ClientAppActor pid=697849)[0m 
[36m(ClientAppActor pid=697849)[0m         
[92mINFO [0m:      aggregate_evaluate: received 5 results and 0 failures
[92mINFO [0m:      
[92mINFO [0m:      [ROUND 2]
[92mINFO [0m:      configure_fit: strategy sampled 5 clients (out of 5)
[36m(ClientAppActor pid=697849)[0m 
[36m(ClientAppActor pid=697849)[0m         
[36m(ClientAppActor pid=697862)[0m 
[36m(ClientAppActor pid=697862)[0m         
[36m(ClientAppActor pid=697886)[0m 
[36m(ClientAppActor pid=697886)[0m         
[36m(ClientAppActor pid=697850)[0m 
[36m(ClientAppActor pid=697850)[0m         
[36m(ClientAppActor pid=697885)[0m 
[36m(ClientAppActor pid=697885)[0m         
[92mINFO [0m:      aggregate_fit: received 5 results and 0 failures
[92mINFO [0m:      fit progress: (2, 2.2050012649536135, {'accuracy': 0.3412, 'loss': 2.2050012649536135}, 30.511697025969625)
[92mINFO [0m:      configure_evaluate: strategy sampled 5 clients (out of 5)
[36m(ClientAppActor pid=697850)[0m 
[36m(ClientAppActor pid=697850)[0m         
[36m(ClientAppActor pid=697850)[0m [93mWARNING [0m:   DEPRECATED FEATURE: `client_fn` now expects a signature `def client_fn(context: Context)`.The provided `client_fn` has signature: {'cid': <Parameter "cid: str">}. You can import the `Context` like this: `from flwr.app import Context`[32m [repeated 10x across cluster][0m
[36m(ClientAppActor pid=697850)[0m             This is a deprecated feature. It will be removed[32m [repeated 10x across cluster][0m
[36m(ClientAppActor pid=697850)[0m             entirely in future versions of Flower.[32m [repeated 10x across cluster][0m
[36m(ClientAppActor pid=697885)[0m 
[36m(ClientAppActor pid=697885)[0m         
[36m(ClientAppActor pid=697886)[0m 
[36m(ClientAppActor pid=697886)[0m         
[36m(ClientAppActor pid=697862)[0m 
[36m(ClientAppActor pid=697862)[0m         
[36m(ClientAppActor pid=697849)[0m 
[36m(ClientAppActor pid=697849)[0m         
[92mINFO [0m:      aggregate_evaluate: received 5 results and 0 failures
[92mINFO [0m:      
[92mINFO [0m:      [ROUND 3]
[92mINFO [0m:      configure_fit: strategy sampled 5 clients (out of 5)
[36m(ClientAppActor pid=697849)[0m 
[36m(ClientAppActor pid=697849)[0m         
[36m(ClientAppActor pid=697862)[0m 
[36m(ClientAppActor pid=697862)[0m         
[36m(ClientAppActor pid=697885)[0m 
[36m(ClientAppActor pid=697885)[0m         
[36m(ClientAppActor pid=697886)[0m 
[36m(ClientAppActor pid=697886)[0m         
[36m(ClientAppActor pid=697850)[0m 
[36m(ClientAppActor pid=697850)[0m         
[92mINFO [0m:      aggregate_fit: received 5 results and 0 failures
[92mINFO [0m:      fit progress: (3, 2.6226011013031005, {'accuracy': 0.361, 'loss': 2.6226011013031005}, 44.7500058709993)
[92mINFO [0m:      configure_evaluate: strategy sampled 5 clients (out of 5)
[36m(ClientAppActor pid=697849)[0m 
[36m(ClientAppActor pid=697849)[0m         
[36m(ClientAppActor pid=697849)[0m [93mWARNING [0m:   DEPRECATED FEATURE: `client_fn` now expects a signature `def client_fn(context: Context)`.The provided `client_fn` has signature: {'cid': <Parameter "cid: str">}. You can import the `Context` like this: `from flwr.app import Context`[32m [repeated 10x across cluster][0m
[36m(ClientAppActor pid=697849)[0m             This is a deprecated feature. It will be removed[32m [repeated 10x across cluster][0m
[36m(ClientAppActor pid=697849)[0m             entirely in future versions of Flower.[32m [repeated 10x across cluster][0m
[36m(ClientAppActor pid=697862)[0m 
[36m(ClientAppActor pid=697862)[0m         
[36m(ClientAppActor pid=697850)[0m 
[36m(ClientAppActor pid=697850)[0m         
[36m(ClientAppActor pid=697886)[0m 
[36m(ClientAppActor pid=697886)[0m         
[36m(ClientAppActor pid=697885)[0m 
[36m(ClientAppActor pid=697885)[0m         
[92mINFO [0m:      aggregate_evaluate: received 5 results and 0 failures
[92mINFO [0m:      
[92mINFO [0m:      [ROUND 4]
[92mINFO [0m:      configure_fit: strategy sampled 5 clients (out of 5)
[36m(ClientAppActor pid=697885)[0m 
[36m(ClientAppActor pid=697885)[0m         
[36m(ClientAppActor pid=697850)[0m 
[36m(ClientAppActor pid=697850)[0m         
[36m(ClientAppActor pid=697886)[0m 
[36m(ClientAppActor pid=697886)[0m         
[36m(ClientAppActor pid=697862)[0m 
[36m(ClientAppActor pid=697862)[0m         
[36m(ClientAppActor pid=697849)[0m 
[36m(ClientAppActor pid=697849)[0m         
[92mINFO [0m:      aggregate_fit: received 5 results and 0 failures
[92mINFO [0m:      fit progress: (4, 2.218877163696289, {'accuracy': 0.3651, 'loss': 2.218877163696289}, 58.745940427004825)
[92mINFO [0m:      configure_evaluate: strategy sampled 5 clients (out of 5)
[36m(ClientAppActor pid=697850)[0m 
[36m(ClientAppActor pid=697850)[0m         
[36m(ClientAppActor pid=697850)[0m [93mWARNING [0m:   DEPRECATED FEATURE: `client_fn` now expects a signature `def client_fn(context: Context)`.The provided `client_fn` has signature: {'cid': <Parameter "cid: str">}. You can import the `Context` like this: `from flwr.app import Context`[32m [repeated 10x across cluster][0m
[36m(ClientAppActor pid=697850)[0m             This is a deprecated feature. It will be removed[32m [repeated 10x across cluster][0m
[36m(ClientAppActor pid=697850)[0m             entirely in future versions of Flower.[32m [repeated 10x across cluster][0m
[36m(ClientAppActor pid=697849)[0m 
[36m(ClientAppActor pid=697849)[0m         
[36m(ClientAppActor pid=697862)[0m 
[36m(ClientAppActor pid=697862)[0m         
[36m(ClientAppActor pid=697885)[0m 
[36m(ClientAppActor pid=697885)[0m         
[36m(ClientAppActor pid=697886)[0m 
[36m(ClientAppActor pid=697886)[0m         
[92mINFO [0m:      aggregate_evaluate: received 5 results and 0 failures
[92mINFO [0m:      
[92mINFO [0m:      [ROUND 5]
[92mINFO [0m:      configure_fit: strategy sampled 5 clients (out of 5)
[36m(ClientAppActor pid=697886)[0m 
[36m(ClientAppActor pid=697886)[0m         
[36m(ClientAppActor pid=697885)[0m 
[36m(ClientAppActor pid=697885)[0m         
[36m(ClientAppActor pid=697862)[0m 
[36m(ClientAppActor pid=697862)[0m         
[36m(ClientAppActor pid=697849)[0m 
[36m(ClientAppActor pid=697849)[0m         
[36m(ClientAppActor pid=697850)[0m 
[36m(ClientAppActor pid=697850)[0m         
[92mINFO [0m:      aggregate_fit: received 5 results and 0 failures
[92mINFO [0m:      fit progress: (5, 2.042609839820862, {'accuracy': 0.3791, 'loss': 2.042609839820862}, 73.18306302500423)
[92mINFO [0m:      configure_evaluate: strategy sampled 5 clients (out of 5)
[36m(ClientAppActor pid=697862)[0m 
[36m(ClientAppActor pid=697862)[0m         
[36m(ClientAppActor pid=697862)[0m [93mWARNING [0m:   DEPRECATED FEATURE: `client_fn` now expects a signature `def client_fn(context: Context)`.The provided `client_fn` has signature: {'cid': <Parameter "cid: str">}. You can import the `Context` like this: `from flwr.app import Context`[32m [repeated 10x across cluster][0m
[36m(ClientAppActor pid=697862)[0m             This is a deprecated feature. It will be removed[32m [repeated 10x across cluster][0m
[36m(ClientAppActor pid=697862)[0m             entirely in future versions of Flower.[32m [repeated 10x across cluster][0m
[36m(ClientAppActor pid=697886)[0m 
[36m(ClientAppActor pid=697886)[0m         
[36m(ClientAppActor pid=697849)[0m 
[36m(ClientAppActor pid=697849)[0m         
[36m(ClientAppActor pid=697885)[0m 
[36m(ClientAppActor pid=697885)[0m         
[36m(ClientAppActor pid=697850)[0m 
[36m(ClientAppActor pid=697850)[0m         
[92mINFO [0m:      aggregate_evaluate: received 5 results and 0 failures
[92mINFO [0m:      
[92mINFO [0m:      [ROUND 6]
[92mINFO [0m:      configure_fit: strategy sampled 5 clients (out of 5)
[36m(ClientAppActor pid=697850)[0m 
[36m(ClientAppActor pid=697850)[0m         
[36m(ClientAppActor pid=697885)[0m 
[36m(ClientAppActor pid=697885)[0m         
[36m(ClientAppActor pid=697886)[0m 
[36m(ClientAppActor pid=697886)[0m         
[36m(ClientAppActor pid=697849)[0m 
[36m(ClientAppActor pid=697849)[0m         
[36m(ClientAppActor pid=697862)[0m 
[36m(ClientAppActor pid=697862)[0m         
[92mINFO [0m:      aggregate_fit: received 5 results and 0 failures
[92mINFO [0m:      fit progress: (6, 2.965432893371582, {'accuracy': 0.3819, 'loss': 2.965432893371582}, 87.71299808198819)
[92mINFO [0m:      configure_evaluate: strategy sampled 5 clients (out of 5)
[36m(ClientAppActor pid=697862)[0m 
[36m(ClientAppActor pid=697862)[0m         
[36m(ClientAppActor pid=697862)[0m [93mWARNING [0m:   DEPRECATED FEATURE: `client_fn` now expects a signature `def client_fn(context: Context)`.The provided `client_fn` has signature: {'cid': <Parameter "cid: str">}. You can import the `Context` like this: `from flwr.app import Context`[32m [repeated 10x across cluster][0m
[36m(ClientAppActor pid=697862)[0m             This is a deprecated feature. It will be removed[32m [repeated 10x across cluster][0m
[36m(ClientAppActor pid=697862)[0m             entirely in future versions of Flower.[32m [repeated 10x across cluster][0m
[36m(ClientAppActor pid=697849)[0m 
[36m(ClientAppActor pid=697849)[0m         
[36m(ClientAppActor pid=697885)[0m 
[36m(ClientAppActor pid=697885)[0m         
[36m(ClientAppActor pid=697850)[0m 
[36m(ClientAppActor pid=697850)[0m         
[36m(ClientAppActor pid=697886)[0m 
[36m(ClientAppActor pid=697886)[0m         
[92mINFO [0m:      aggregate_evaluate: received 5 results and 0 failures
[92mINFO [0m:      
[92mINFO [0m:      [ROUND 7]
[92mINFO [0m:      configure_fit: strategy sampled 5 clients (out of 5)
[36m(ClientAppActor pid=697886)[0m 
[36m(ClientAppActor pid=697886)[0m         
[36m(ClientAppActor pid=697850)[0m 
[36m(ClientAppActor pid=697850)[0m         
[36m(ClientAppActor pid=697885)[0m 
[36m(ClientAppActor pid=697885)[0m         
[36m(ClientAppActor pid=697849)[0m 
[36m(ClientAppActor pid=697849)[0m         
[36m(ClientAppActor pid=697862)[0m 
[36m(ClientAppActor pid=697862)[0m         
[92mINFO [0m:      aggregate_fit: received 5 results and 0 failures
[92mINFO [0m:      fit progress: (7, 3.22686464805603, {'accuracy': 0.4823, 'loss': 3.22686464805603}, 102.18505272397306)
[92mINFO [0m:      configure_evaluate: strategy sampled 5 clients (out of 5)
[36m(ClientAppActor pid=697849)[0m 
[36m(ClientAppActor pid=697849)[0m         
[36m(ClientAppActor pid=697849)[0m [93mWARNING [0m:   DEPRECATED FEATURE: `client_fn` now expects a signature `def client_fn(context: Context)`.The provided `client_fn` has signature: {'cid': <Parameter "cid: str">}. You can import the `Context` like this: `from flwr.app import Context`[32m [repeated 10x across cluster][0m
[36m(ClientAppActor pid=697849)[0m             This is a deprecated feature. It will be removed[32m [repeated 10x across cluster][0m
[36m(ClientAppActor pid=697849)[0m             entirely in future versions of Flower.[32m [repeated 10x across cluster][0m
[36m(ClientAppActor pid=697862)[0m 
[36m(ClientAppActor pid=697862)[0m         
[36m(ClientAppActor pid=697850)[0m 
[36m(ClientAppActor pid=697850)[0m         
[36m(ClientAppActor pid=697885)[0m 
[36m(ClientAppActor pid=697885)[0m         
[36m(ClientAppActor pid=697886)[0m 
[36m(ClientAppActor pid=697886)[0m         
[92mINFO [0m:      aggregate_evaluate: received 5 results and 0 failures
[92mINFO [0m:      
[92mINFO [0m:      [ROUND 8]
[92mINFO [0m:      configure_fit: strategy sampled 5 clients (out of 5)
[36m(ClientAppActor pid=697886)[0m 
[36m(ClientAppActor pid=697886)[0m         
[36m(ClientAppActor pid=697885)[0m 
[36m(ClientAppActor pid=697885)[0m         
[36m(ClientAppActor pid=697850)[0m 
[36m(ClientAppActor pid=697850)[0m         
[36m(ClientAppActor pid=697862)[0m 
[36m(ClientAppActor pid=697862)[0m         
[36m(ClientAppActor pid=697849)[0m 
[36m(ClientAppActor pid=697849)[0m         
[92mINFO [0m:      aggregate_fit: received 5 results and 0 failures
[92mINFO [0m:      fit progress: (8, 3.57106274433136, {'accuracy': 0.5303, 'loss': 3.57106274433136}, 116.77154971600976)
[92mINFO [0m:      configure_evaluate: strategy sampled 5 clients (out of 5)
[36m(ClientAppActor pid=697849)[0m 
[36m(ClientAppActor pid=697849)[0m         
[36m(ClientAppActor pid=697849)[0m [93mWARNING [0m:   DEPRECATED FEATURE: `client_fn` now expects a signature `def client_fn(context: Context)`.The provided `client_fn` has signature: {'cid': <Parameter "cid: str">}. You can import the `Context` like this: `from flwr.app import Context`[32m [repeated 10x across cluster][0m
[36m(ClientAppActor pid=697849)[0m             This is a deprecated feature. It will be removed[32m [repeated 10x across cluster][0m
[36m(ClientAppActor pid=697849)[0m             entirely in future versions of Flower.[32m [repeated 10x across cluster][0m
[36m(ClientAppActor pid=697886)[0m 
[36m(ClientAppActor pid=697886)[0m         
[36m(ClientAppActor pid=697850)[0m 
[36m(ClientAppActor pid=697850)[0m         
[36m(ClientAppActor pid=697885)[0m 
[36m(ClientAppActor pid=697885)[0m         
[36m(ClientAppActor pid=697862)[0m 
[36m(ClientAppActor pid=697862)[0m         
[92mINFO [0m:      aggregate_evaluate: received 5 results and 0 failures
[92mINFO [0m:      
[92mINFO [0m:      [ROUND 9]
[92mINFO [0m:      configure_fit: strategy sampled 5 clients (out of 5)
[36m(ClientAppActor pid=697862)[0m 
[36m(ClientAppActor pid=697862)[0m         
[36m(ClientAppActor pid=697885)[0m 
[36m(ClientAppActor pid=697885)[0m         
[36m(ClientAppActor pid=697850)[0m 
[36m(ClientAppActor pid=697850)[0m         
[36m(ClientAppActor pid=697886)[0m 
[36m(ClientAppActor pid=697886)[0m         
[36m(ClientAppActor pid=697849)[0m 
[36m(ClientAppActor pid=697849)[0m         
[92mINFO [0m:      aggregate_fit: received 5 results and 0 failures
[92mINFO [0m:      fit progress: (9, 3.5066753131866455, {'accuracy': 0.4917, 'loss': 3.5066753131866455}, 131.1682120449841)
[92mINFO [0m:      configure_evaluate: strategy sampled 5 clients (out of 5)
[36m(ClientAppActor pid=697850)[0m 
[36m(ClientAppActor pid=697850)[0m         
[36m(ClientAppActor pid=697850)[0m [93mWARNING [0m:   DEPRECATED FEATURE: `client_fn` now expects a signature `def client_fn(context: Context)`.The provided `client_fn` has signature: {'cid': <Parameter "cid: str">}. You can import the `Context` like this: `from flwr.app import Context`[32m [repeated 10x across cluster][0m
[36m(ClientAppActor pid=697850)[0m             This is a deprecated feature. It will be removed[32m [repeated 10x across cluster][0m
[36m(ClientAppActor pid=697850)[0m             entirely in future versions of Flower.[32m [repeated 10x across cluster][0m
[36m(ClientAppActor pid=697886)[0m 
[36m(ClientAppActor pid=697886)[0m         
[36m(ClientAppActor pid=697885)[0m 
[36m(ClientAppActor pid=697885)[0m         
[36m(ClientAppActor pid=697849)[0m 
[36m(ClientAppActor pid=697849)[0m         
[36m(ClientAppActor pid=697862)[0m 
[36m(ClientAppActor pid=697862)[0m         
[92mINFO [0m:      aggregate_evaluate: received 5 results and 0 failures
[92mINFO [0m:      
[92mINFO [0m:      [ROUND 10]
[92mINFO [0m:      configure_fit: strategy sampled 5 clients (out of 5)
[36m(ClientAppActor pid=697862)[0m 
[36m(ClientAppActor pid=697862)[0m         
[36m(ClientAppActor pid=697849)[0m 
[36m(ClientAppActor pid=697849)[0m         
[36m(ClientAppActor pid=697886)[0m 
[36m(ClientAppActor pid=697886)[0m         
[36m(ClientAppActor pid=697885)[0m 
[36m(ClientAppActor pid=697885)[0m         
[36m(ClientAppActor pid=697850)[0m 
[36m(ClientAppActor pid=697850)[0m         
[92mINFO [0m:      aggregate_fit: received 5 results and 0 failures
[92mINFO [0m:      fit progress: (10, 2.888290605354309, {'accuracy': 0.4698, 'loss': 2.888290605354309}, 145.73883974197088)
[92mINFO [0m:      configure_evaluate: strategy sampled 5 clients (out of 5)
[36m(ClientAppActor pid=697850)[0m 
[36m(ClientAppActor pid=697850)[0m         
[36m(ClientAppActor pid=697850)[0m [93mWARNING [0m:   DEPRECATED FEATURE: `client_fn` now expects a signature `def client_fn(context: Context)`.The provided `client_fn` has signature: {'cid': <Parameter "cid: str">}. You can import the `Context` like this: `from flwr.app import Context`[32m [repeated 10x across cluster][0m
[36m(ClientAppActor pid=697850)[0m             This is a deprecated feature. It will be removed[32m [repeated 10x across cluster][0m
[36m(ClientAppActor pid=697850)[0m             entirely in future versions of Flower.[32m [repeated 10x across cluster][0m
[36m(ClientAppActor pid=697885)[0m 
[36m(ClientAppActor pid=697885)[0m         
[36m(ClientAppActor pid=697849)[0m 
[36m(ClientAppActor pid=697849)[0m         
[36m(ClientAppActor pid=697862)[0m 
[36m(ClientAppActor pid=697862)[0m         
[36m(ClientAppActor pid=697886)[0m 
[36m(ClientAppActor pid=697886)[0m         
[92mINFO [0m:      aggregate_evaluate: received 5 results and 0 failures
[92mINFO [0m:      
[92mINFO [0m:      [SUMMARY]
[92mINFO [0m:      Run finished 10 round(s) in 146.59s
[92mINFO [0m:      	History (loss, distributed):
[92mINFO [0m:      		round 1: 2.3174975551508274
[92mINFO [0m:      		round 2: 2.2041713789221715
[92mINFO [0m:      		round 3: 2.6201268938963285
[92mINFO [0m:      		round 4: 2.2232598978589957
[92mINFO [0m:      		round 5: 2.015146580390365
[92mINFO [0m:      		round 6: 2.93533063536051
[92mINFO [0m:      		round 7: 3.2454674702681183
[92mINFO [0m:      		round 8: 3.774774195445593
[92mINFO [0m:      		round 9: 3.740543242499951
[92mINFO [0m:      		round 10: 3.032748670739748
[92mINFO [0m:      	History (loss, centralized):
[92mINFO [0m:      		round 0: 2.3033320701599123
[92mINFO [0m:      		round 1: 2.317489073562622
[92mINFO [0m:      		round 2: 2.2050012649536135
[92mINFO [0m:      		round 3: 2.6226011013031005
[92mINFO [0m:      		round 4: 2.218877163696289
[92mINFO [0m:      		round 5: 2.042609839820862
[92mINFO [0m:      		round 6: 2.965432893371582
[92mINFO [0m:      		round 7: 3.22686464805603
[92mINFO [0m:      		round 8: 3.57106274433136
[92mINFO [0m:      		round 9: 3.5066753131866455
[92mINFO [0m:      		round 10: 2.888290605354309
[92mINFO [0m:      	History (metrics, distributed, fit):
[92mINFO [0m:      	{'avg_flops_per_client_round': [(1, 8140805084160.0),
[92mINFO [0m:      	                                (2, 8140805084160.0),
[92mINFO [0m:      	                                (3, 8140805084160.0),
[92mINFO [0m:      	                                (4, 8140805084160.0),
[92mINFO [0m:      	                                (5, 8140805084160.0),
[92mINFO [0m:      	                                (6, 8140805084160.0),
[92mINFO [0m:      	                                (7, 8140805084160.0),
[92mINFO [0m:      	                                (8, 8140805084160.0),
[92mINFO [0m:      	                                (9, 8140805084160.0),
[92mINFO [0m:      	                                (10, 8140805084160.0)],
[92mINFO [0m:      	 'total_flops_round': [(1, 40704025420800),
[92mINFO [0m:      	                       (2, 40704025420800),
[92mINFO [0m:      	                       (3, 40704025420800),
[92mINFO [0m:      	                       (4, 40704025420800),
[92mINFO [0m:      	                       (5, 40704025420800),
[92mINFO [0m:      	                       (6, 40704025420800),
[92mINFO [0m:      	                       (7, 40704025420800),
[92mINFO [0m:      	                       (8, 40704025420800),
[92mINFO [0m:      	                       (9, 40704025420800),
[92mINFO [0m:      	                       (10, 40704025420800)]}
[92mINFO [0m:      	History (metrics, distributed, evaluate):
[92mINFO [0m:      	{'accuracy': [(1, 0.1034620772463478),
[92mINFO [0m:      	              (2, 0.34140484290574347),
[92mINFO [0m:      	              (3, 0.3660196117670602),
[92mINFO [0m:      	              (4, 0.3666199719831899),
[92mINFO [0m:      	              (5, 0.38202921753051833),
[92mINFO [0m:      	              (6, 0.3922353412047228),
[92mINFO [0m:      	              (7, 0.4868921352811687),
[92mINFO [0m:      	              (8, 0.5245147088252952),
[92mINFO [0m:      	              (9, 0.4832899739843906),
[92mINFO [0m:      	              (10, 0.4640784470682409)],
[92mINFO [0m:      	 'loss': [(1, 2.3174975551508274),
[92mINFO [0m:      	          (2, 2.2041713789221715),
[92mINFO [0m:      	          (3, 2.6201268938963285),
[92mINFO [0m:      	          (4, 2.2232598978589957),
[92mINFO [0m:      	          (5, 2.015146580390365),
[92mINFO [0m:      	          (6, 2.93533063536051),
[92mINFO [0m:      	          (7, 3.2454674702681183),
[92mINFO [0m:      	          (8, 3.774774195445593),
[92mINFO [0m:      	          (9, 3.740543242499951),
[92mINFO [0m:      	          (10, 3.032748670739748)]}
[92mINFO [0m:      	History (metrics, centralized):
[92mINFO [0m:      	{'accuracy': [(0, 0.1),
[92mINFO [0m:      	              (1, 0.1074),
[92mINFO [0m:      	              (2, 0.3412),
[92mINFO [0m:      	              (3, 0.361),
[92mINFO [0m:      	              (4, 0.3651),
[92mINFO [0m:      	              (5, 0.3791),
[92mINFO [0m:      	              (6, 0.3819),
[92mINFO [0m:      	              (7, 0.4823),
[92mINFO [0m:      	              (8, 0.5303),
[92mINFO [0m:      	              (9, 0.4917),
[92mINFO [0m:      	              (10, 0.4698)],
[92mINFO [0m:      	 'loss': [(0, 2.3033320701599123),
[92mINFO [0m:      	          (1, 2.317489073562622),
[92mINFO [0m:      	          (2, 2.2050012649536135),
[92mINFO [0m:      	          (3, 2.6226011013031005),
[92mINFO [0m:      	          (4, 2.218877163696289),
[92mINFO [0m:      	          (5, 2.042609839820862),
[92mINFO [0m:      	          (6, 2.965432893371582),
[92mINFO [0m:      	          (7, 3.22686464805603),
[92mINFO [0m:      	          (8, 3.57106274433136),
[92mINFO [0m:      	          (9, 3.5066753131866455),
[92mINFO [0m:      	          (10, 2.888290605354309)]}
[92mINFO [0m:      
Treinando no dispositivo: cuda:0 com o dataset: CIFAR10 | Setup clientes: 5 (num_gpus por cliente=0.2) | SEED=49 | Método: FedAvgM (server_momentum=0.9, server_lr=1.0)
FLOPS por amostra (forward): 6.030e+07 | (forward+backward, 3x): 1.809e+08
Files already downloaded and verified
Files already downloaded and verified
Dividindo o dataset usando a distribuição de Dirichlet com alpha=0.01.
Iniciando a simulação de Aprendizado Federado...
=== Diagnóstico de Medição de GPU ===
  pynvml_disponivel: True
  pynvml_versao: 580.173.02
  gpus_detectadas: 1
  leitura_potencia_ok: True
  potencia_atual_W: 116.024

--- Rodada 0 - Avaliação Centralizada (Servidor) ---
Loss (Servidor): 2.3033 | Acurácia (Servidor): 0.1000

--- Rodada 1 - Avaliação Centralizada (Servidor) ---
Loss (Servidor): 2.3175 | Acurácia (Servidor): 0.1074
--- Avaliação Agregada (Clientes) ---
Loss Média (Clientes): 2.3175 | Acurácia Média (Clientes): 0.1035

--- Rodada 2 - Avaliação Centralizada (Servidor) ---
Loss (Servidor): 2.2050 | Acurácia (Servidor): 0.3412
--- Avaliação Agregada (Clientes) ---
Loss Média (Clientes): 2.2042 | Acurácia Média (Clientes): 0.3414

--- Rodada 3 - Avaliação Centralizada (Servidor) ---
Loss (Servidor): 2.6226 | Acurácia (Servidor): 0.3610
--- Avaliação Agregada (Clientes) ---
Loss Média (Clientes): 2.6201 | Acurácia Média (Clientes): 0.3660

--- Rodada 4 - Avaliação Centralizada (Servidor) ---
Loss (Servidor): 2.2189 | Acurácia (Servidor): 0.3651
--- Avaliação Agregada (Clientes) ---
Loss Média (Clientes): 2.2233 | Acurácia Média (Clientes): 0.3666

--- Rodada 5 - Avaliação Centralizada (Servidor) ---
Loss (Servidor): 2.0426 | Acurácia (Servidor): 0.3791
--- Avaliação Agregada (Clientes) ---
Loss Média (Clientes): 2.0151 | Acurácia Média (Clientes): 0.3820

--- Rodada 6 - Avaliação Centralizada (Servidor) ---
Loss (Servidor): 2.9654 | Acurácia (Servidor): 0.3819
--- Avaliação Agregada (Clientes) ---
Loss Média (Clientes): 2.9353 | Acurácia Média (Clientes): 0.3922

--- Rodada 7 - Avaliação Centralizada (Servidor) ---
Loss (Servidor): 3.2269 | Acurácia (Servidor): 0.4823
--- Avaliação Agregada (Clientes) ---
Loss Média (Clientes): 3.2455 | Acurácia Média (Clientes): 0.4869

--- Rodada 8 - Avaliação Centralizada (Servidor) ---
Loss (Servidor): 3.5711 | Acurácia (Servidor): 0.5303
--- Avaliação Agregada (Clientes) ---
Loss Média (Clientes): 3.7748 | Acurácia Média (Clientes): 0.5245

--- Rodada 9 - Avaliação Centralizada (Servidor) ---
Loss (Servidor): 3.5067 | Acurácia (Servidor): 0.4917
--- Avaliação Agregada (Clientes) ---
Loss Média (Clientes): 3.7405 | Acurácia Média (Clientes): 0.4833

--- Rodada 10 - Avaliação Centralizada (Servidor) ---
Loss (Servidor): 2.8883 | Acurácia (Servidor): 0.4698
--- Avaliação Agregada (Clientes) ---
Loss Média (Clientes): 3.0327 | Acurácia Média (Clientes): 0.4641

Resultados salvos em: /home/tiago/GitHubProjects/fedhad-thesis-2/FedAvgM-results/1.1_diagnostico_drift/CIFAR10/FedAvgM__CIFAR10__Setup-5__Clients-5__Rounds-10__Delay-0_05__Alpha-0_01__Seed-49.txt
[36m(ClientAppActor pid=697886)[0m [93mWARNING [0m:   DEPRECATED FEATURE: `client_fn` now expects a signature `def client_fn(context: Context)`.The provided `client_fn` has signature: {'cid': <Parameter "cid: str">}. You can import the `Context` like this: `from flwr.app import Context`[32m [repeated 4x across cluster][0m
[36m(ClientAppActor pid=697886)[0m             This is a deprecated feature. It will be removed[32m [repeated 4x across cluster][0m
[36m(ClientAppActor pid=697886)[0m             entirely in future versions of Flower.[32m [repeated 4x across cluster][0m
