[codecarbon WARNING @ 11:46:16] Multiple instances of codecarbon are allowed to run at the same time.
[93mWARNING [0m:   DEPRECATED FEATURE: flwr.simulation.start_simulation() is deprecated.
	Instead, use the `flwr run` CLI command to start a local simulation in your Flower app, as shown for example below:

		$ flwr new  # Create a new Flower app from a template

		$ flwr run  # Run the Flower app in Simulation Mode

	Using `start_simulation()` is deprecated.

            This is a deprecated feature. It will be removed
            entirely in future versions of Flower.
        
[92mINFO [0m:      Starting Flower simulation, config: num_rounds=10, no round_timeout
2026-09-04 11:46:24,667	INFO worker.py:2012 -- Started a local Ray instance.
/home/tiago/GitHubProjects/fedhad-thesis-2/env_flwr_pt/lib/python3.12/site-packages/ray/_private/worker.py:2051: FutureWarning: Tip: In future versions of Ray, Ray will no longer override accelerator visible devices env var if num_gpus=0 or num_gpus=None (default). To enable this behavior and turn off this error message, set RAY_ACCEL_ENV_VAR_OVERRIDE_ON_ZERO=0
  warnings.warn(
[92mINFO [0m:      Flower VCE: Ray initialized with resources: {'CPU': 64.0, 'node:10.129.64.100': 1.0, 'accelerator_type:A40': 1.0, 'node:__internal_head__': 1.0, 'GPU': 1.0, 'memory': 181355363124.0, 'object_store_memory': 77723727052.0}
[92mINFO [0m:      Optimize your simulation with Flower VCE: https://flower.ai/docs/framework/how-to-run-simulations.html
/home/tiago/GitHubProjects/fedhad-thesis-2/FedAVG_Final.py:1577: UserWarning: No `num_cpus` specified in `client_resources`. Using `num_cpus=1` for each client.
  history = fl.simulation.start_simulation(
[92mINFO [0m:      Flower VCE: Resources for each Virtual Client: {'num_gpus': 0.2, 'num_cpus': 1}
[92mINFO [0m:      Flower VCE: Creating VirtualClientEngineActorPool with 5 actors
[92mINFO [0m:      [INIT]
[92mINFO [0m:      Requesting initial parameters from one random client
[36m(ClientAppActor pid=324103)[0m [93mWARNING [0m:   DEPRECATED FEATURE: `client_fn` now expects a signature `def client_fn(context: Context)`.The provided `client_fn` has signature: {'cid': <Parameter "cid: str">}. You can import the `Context` like this: `from flwr.app import Context`
[36m(ClientAppActor pid=324103)[0m 
[36m(ClientAppActor pid=324103)[0m             This is a deprecated feature. It will be removed
[36m(ClientAppActor pid=324103)[0m             entirely in future versions of Flower.
[36m(ClientAppActor pid=324103)[0m         
[92mINFO [0m:      Received initial parameters from one random client
[92mINFO [0m:      Starting evaluation of initial global parameters
[92mINFO [0m:      initial parameters (loss, other metrics): 2.303168863296509, {'accuracy': 0.1, 'loss': 2.303168863296509}
[92mINFO [0m:      
[92mINFO [0m:      [ROUND 1]
[92mINFO [0m:      configure_fit: strategy sampled 5 clients (out of 5)
[36m(ClientAppActor pid=324103)[0m [93mWARNING [0m:   DEPRECATED FEATURE: `client_fn` now expects a signature `def client_fn(context: Context)`.The provided `client_fn` has signature: {'cid': <Parameter "cid: str">}. You can import the `Context` like this: `from flwr.app import Context`
[36m(ClientAppActor pid=324103)[0m 
[36m(ClientAppActor pid=324103)[0m             This is a deprecated feature. It will be removed
[36m(ClientAppActor pid=324103)[0m             entirely in future versions of Flower.
[36m(ClientAppActor pid=324103)[0m         
[36m(ClientAppActor pid=324102)[0m 
[36m(ClientAppActor pid=324102)[0m         
[36m(ClientAppActor pid=324101)[0m 
[36m(ClientAppActor pid=324101)[0m         
[36m(ClientAppActor pid=324100)[0m 
[36m(ClientAppActor pid=324100)[0m         
[36m(ClientAppActor pid=324099)[0m 
[36m(ClientAppActor pid=324099)[0m         
[92mINFO [0m:      aggregate_fit: received 5 results and 0 failures
[92mINFO [0m:      fit progress: (1, 2.311076856613159, {'accuracy': 0.1, 'loss': 2.311076856613159}, 14.123885362001602)
[92mINFO [0m:      configure_evaluate: strategy sampled 5 clients (out of 5)
[36m(ClientAppActor pid=324099)[0m 
[36m(ClientAppActor pid=324099)[0m         
[36m(ClientAppActor pid=324099)[0m [93mWARNING [0m:   DEPRECATED FEATURE: `client_fn` now expects a signature `def client_fn(context: Context)`.The provided `client_fn` has signature: {'cid': <Parameter "cid: str">}. You can import the `Context` like this: `from flwr.app import Context`[32m [repeated 5x across cluster] (Ray deduplicates logs by default. Set RAY_DEDUP_LOGS=0 to disable log deduplication, or see https://docs.ray.io/en/master/ray-observability/user-guides/configure-logging.html#log-deduplication for more options.)[0m
[36m(ClientAppActor pid=324099)[0m             This is a deprecated feature. It will be removed[32m [repeated 5x across cluster][0m
[36m(ClientAppActor pid=324099)[0m             entirely in future versions of Flower.[32m [repeated 5x across cluster][0m
[36m(ClientAppActor pid=324101)[0m 
[36m(ClientAppActor pid=324101)[0m         
[36m(ClientAppActor pid=324100)[0m 
[36m(ClientAppActor pid=324100)[0m         
[36m(ClientAppActor pid=324102)[0m 
[36m(ClientAppActor pid=324102)[0m         
[36m(ClientAppActor pid=324103)[0m 
[36m(ClientAppActor pid=324103)[0m         
[92mINFO [0m:      aggregate_evaluate: received 5 results and 0 failures
[92mINFO [0m:      
[92mINFO [0m:      [ROUND 2]
[92mINFO [0m:      configure_fit: strategy sampled 5 clients (out of 5)
[36m(ClientAppActor pid=324103)[0m 
[36m(ClientAppActor pid=324103)[0m         
[36m(ClientAppActor pid=324102)[0m 
[36m(ClientAppActor pid=324102)[0m         
[36m(ClientAppActor pid=324100)[0m 
[36m(ClientAppActor pid=324100)[0m         
[36m(ClientAppActor pid=324101)[0m 
[36m(ClientAppActor pid=324101)[0m         
[36m(ClientAppActor pid=324099)[0m 
[36m(ClientAppActor pid=324099)[0m         
[92mINFO [0m:      aggregate_fit: received 5 results and 0 failures
[92mINFO [0m:      fit progress: (2, 1.2627575902938843, {'accuracy': 0.5748, 'loss': 1.2627575902938843}, 27.288683064980432)
[92mINFO [0m:      configure_evaluate: strategy sampled 5 clients (out of 5)
[36m(ClientAppActor pid=324099)[0m 
[36m(ClientAppActor pid=324099)[0m         
[36m(ClientAppActor pid=324099)[0m [93mWARNING [0m:   DEPRECATED FEATURE: `client_fn` now expects a signature `def client_fn(context: Context)`.The provided `client_fn` has signature: {'cid': <Parameter "cid: str">}. You can import the `Context` like this: `from flwr.app import Context`[32m [repeated 10x across cluster][0m
[36m(ClientAppActor pid=324099)[0m             This is a deprecated feature. It will be removed[32m [repeated 10x across cluster][0m
[36m(ClientAppActor pid=324099)[0m             entirely in future versions of Flower.[32m [repeated 10x across cluster][0m
[36m(ClientAppActor pid=324102)[0m 
[36m(ClientAppActor pid=324102)[0m         
[36m(ClientAppActor pid=324103)[0m 
[36m(ClientAppActor pid=324103)[0m         
[36m(ClientAppActor pid=324100)[0m 
[36m(ClientAppActor pid=324100)[0m         
[36m(ClientAppActor pid=324101)[0m 
[36m(ClientAppActor pid=324101)[0m         
[92mINFO [0m:      aggregate_evaluate: received 5 results and 0 failures
[92mINFO [0m:      
[92mINFO [0m:      [ROUND 3]
[92mINFO [0m:      configure_fit: strategy sampled 5 clients (out of 5)
[36m(ClientAppActor pid=324101)[0m 
[36m(ClientAppActor pid=324101)[0m         
[36m(ClientAppActor pid=324100)[0m 
[36m(ClientAppActor pid=324100)[0m         
[36m(ClientAppActor pid=324103)[0m 
[36m(ClientAppActor pid=324103)[0m         
[36m(ClientAppActor pid=324102)[0m 
[36m(ClientAppActor pid=324102)[0m         
[36m(ClientAppActor pid=324099)[0m 
[36m(ClientAppActor pid=324099)[0m         
[92mINFO [0m:      aggregate_fit: received 5 results and 0 failures
[92mINFO [0m:      fit progress: (3, 0.8094778426170349, {'accuracy': 0.6992, 'loss': 0.8094778426170349}, 40.08154308400117)
[92mINFO [0m:      configure_evaluate: strategy sampled 5 clients (out of 5)
[36m(ClientAppActor pid=324099)[0m 
[36m(ClientAppActor pid=324099)[0m         
[36m(ClientAppActor pid=324099)[0m [93mWARNING [0m:   DEPRECATED FEATURE: `client_fn` now expects a signature `def client_fn(context: Context)`.The provided `client_fn` has signature: {'cid': <Parameter "cid: str">}. You can import the `Context` like this: `from flwr.app import Context`[32m [repeated 10x across cluster][0m
[36m(ClientAppActor pid=324099)[0m             This is a deprecated feature. It will be removed[32m [repeated 10x across cluster][0m
[36m(ClientAppActor pid=324099)[0m             entirely in future versions of Flower.[32m [repeated 10x across cluster][0m
[36m(ClientAppActor pid=324102)[0m 
[36m(ClientAppActor pid=324102)[0m         
[36m(ClientAppActor pid=324103)[0m 
[36m(ClientAppActor pid=324103)[0m         
[36m(ClientAppActor pid=324101)[0m 
[36m(ClientAppActor pid=324101)[0m         
[36m(ClientAppActor pid=324100)[0m 
[36m(ClientAppActor pid=324100)[0m         
[92mINFO [0m:      aggregate_evaluate: received 5 results and 0 failures
[92mINFO [0m:      
[92mINFO [0m:      [ROUND 4]
[92mINFO [0m:      configure_fit: strategy sampled 5 clients (out of 5)
[36m(ClientAppActor pid=324100)[0m 
[36m(ClientAppActor pid=324100)[0m         
[36m(ClientAppActor pid=324101)[0m 
[36m(ClientAppActor pid=324101)[0m         
[36m(ClientAppActor pid=324102)[0m 
[36m(ClientAppActor pid=324102)[0m         
[36m(ClientAppActor pid=324103)[0m 
[36m(ClientAppActor pid=324103)[0m         
[36m(ClientAppActor pid=324099)[0m 
[36m(ClientAppActor pid=324099)[0m         
[92mINFO [0m:      aggregate_fit: received 5 results and 0 failures
[92mINFO [0m:      fit progress: (4, 0.6741153465270996, {'accuracy': 0.7634, 'loss': 0.6741153465270996}, 52.563721454003826)
[92mINFO [0m:      configure_evaluate: strategy sampled 5 clients (out of 5)
[36m(ClientAppActor pid=324100)[0m 
[36m(ClientAppActor pid=324100)[0m         
[36m(ClientAppActor pid=324100)[0m [93mWARNING [0m:   DEPRECATED FEATURE: `client_fn` now expects a signature `def client_fn(context: Context)`.The provided `client_fn` has signature: {'cid': <Parameter "cid: str">}. You can import the `Context` like this: `from flwr.app import Context`[32m [repeated 10x across cluster][0m
[36m(ClientAppActor pid=324100)[0m             This is a deprecated feature. It will be removed[32m [repeated 10x across cluster][0m
[36m(ClientAppActor pid=324100)[0m             entirely in future versions of Flower.[32m [repeated 10x across cluster][0m
[36m(ClientAppActor pid=324102)[0m 
[36m(ClientAppActor pid=324102)[0m         
[36m(ClientAppActor pid=324101)[0m 
[36m(ClientAppActor pid=324101)[0m         
[36m(ClientAppActor pid=324099)[0m 
[36m(ClientAppActor pid=324099)[0m         
[36m(ClientAppActor pid=324103)[0m 
[36m(ClientAppActor pid=324103)[0m         
[92mINFO [0m:      aggregate_evaluate: received 5 results and 0 failures
[92mINFO [0m:      
[92mINFO [0m:      [ROUND 5]
[92mINFO [0m:      configure_fit: strategy sampled 5 clients (out of 5)
[36m(ClientAppActor pid=324103)[0m 
[36m(ClientAppActor pid=324103)[0m         
[36m(ClientAppActor pid=324099)[0m 
[36m(ClientAppActor pid=324099)[0m         
[36m(ClientAppActor pid=324101)[0m 
[36m(ClientAppActor pid=324101)[0m         
[36m(ClientAppActor pid=324102)[0m 
[36m(ClientAppActor pid=324102)[0m         
[36m(ClientAppActor pid=324100)[0m 
[36m(ClientAppActor pid=324100)[0m         
[92mINFO [0m:      aggregate_fit: received 5 results and 0 failures
[92mINFO [0m:      fit progress: (5, 0.623596847486496, {'accuracy': 0.7922, 'loss': 0.623596847486496}, 65.19712796300882)
[92mINFO [0m:      configure_evaluate: strategy sampled 5 clients (out of 5)
[36m(ClientAppActor pid=324102)[0m 
[36m(ClientAppActor pid=324102)[0m         
[36m(ClientAppActor pid=324102)[0m [93mWARNING [0m:   DEPRECATED FEATURE: `client_fn` now expects a signature `def client_fn(context: Context)`.The provided `client_fn` has signature: {'cid': <Parameter "cid: str">}. You can import the `Context` like this: `from flwr.app import Context`[32m [repeated 10x across cluster][0m
[36m(ClientAppActor pid=324102)[0m             This is a deprecated feature. It will be removed[32m [repeated 10x across cluster][0m
[36m(ClientAppActor pid=324102)[0m             entirely in future versions of Flower.[32m [repeated 10x across cluster][0m
[36m(ClientAppActor pid=324100)[0m 
[36m(ClientAppActor pid=324100)[0m         
[36m(ClientAppActor pid=324101)[0m 
[36m(ClientAppActor pid=324101)[0m         
[36m(ClientAppActor pid=324099)[0m 
[36m(ClientAppActor pid=324099)[0m         
[36m(ClientAppActor pid=324103)[0m 
[36m(ClientAppActor pid=324103)[0m         
[92mINFO [0m:      aggregate_evaluate: received 5 results and 0 failures
[92mINFO [0m:      
[92mINFO [0m:      [ROUND 6]
[92mINFO [0m:      configure_fit: strategy sampled 5 clients (out of 5)
[36m(ClientAppActor pid=324103)[0m 
[36m(ClientAppActor pid=324103)[0m         
[36m(ClientAppActor pid=324099)[0m 
[36m(ClientAppActor pid=324099)[0m         
[36m(ClientAppActor pid=324101)[0m 
[36m(ClientAppActor pid=324101)[0m         
[36m(ClientAppActor pid=324100)[0m 
[36m(ClientAppActor pid=324100)[0m         
[36m(ClientAppActor pid=324102)[0m 
[36m(ClientAppActor pid=324102)[0m         
[92mINFO [0m:      aggregate_fit: received 5 results and 0 failures
[92mINFO [0m:      fit progress: (6, 0.6532443217754365, {'accuracy': 0.7997, 'loss': 0.6532443217754365}, 77.89589847496245)
[92mINFO [0m:      configure_evaluate: strategy sampled 5 clients (out of 5)
[36m(ClientAppActor pid=324100)[0m 
[36m(ClientAppActor pid=324100)[0m         
[36m(ClientAppActor pid=324100)[0m [93mWARNING [0m:   DEPRECATED FEATURE: `client_fn` now expects a signature `def client_fn(context: Context)`.The provided `client_fn` has signature: {'cid': <Parameter "cid: str">}. You can import the `Context` like this: `from flwr.app import Context`[32m [repeated 10x across cluster][0m
[36m(ClientAppActor pid=324100)[0m             This is a deprecated feature. It will be removed[32m [repeated 10x across cluster][0m
[36m(ClientAppActor pid=324100)[0m             entirely in future versions of Flower.[32m [repeated 10x across cluster][0m
[36m(ClientAppActor pid=324099)[0m 
[36m(ClientAppActor pid=324099)[0m         
[36m(ClientAppActor pid=324103)[0m 
[36m(ClientAppActor pid=324103)[0m         
[36m(ClientAppActor pid=324102)[0m 
[36m(ClientAppActor pid=324102)[0m         
[36m(ClientAppActor pid=324101)[0m 
[36m(ClientAppActor pid=324101)[0m         
[92mINFO [0m:      aggregate_evaluate: received 5 results and 0 failures
[92mINFO [0m:      
[92mINFO [0m:      [ROUND 7]
[92mINFO [0m:      configure_fit: strategy sampled 5 clients (out of 5)
[36m(ClientAppActor pid=324101)[0m 
[36m(ClientAppActor pid=324101)[0m         
[36m(ClientAppActor pid=324102)[0m 
[36m(ClientAppActor pid=324102)[0m         
[36m(ClientAppActor pid=324103)[0m 
[36m(ClientAppActor pid=324103)[0m         
[36m(ClientAppActor pid=324099)[0m 
[36m(ClientAppActor pid=324099)[0m         
[36m(ClientAppActor pid=324100)[0m 
[36m(ClientAppActor pid=324100)[0m         
[92mINFO [0m:      aggregate_fit: received 5 results and 0 failures
[92mINFO [0m:      fit progress: (7, 0.6505286751747131, {'accuracy': 0.8062, 'loss': 0.6505286751747131}, 90.37422275997233)
[92mINFO [0m:      configure_evaluate: strategy sampled 5 clients (out of 5)
[36m(ClientAppActor pid=324102)[0m 
[36m(ClientAppActor pid=324102)[0m         
[36m(ClientAppActor pid=324102)[0m [93mWARNING [0m:   DEPRECATED FEATURE: `client_fn` now expects a signature `def client_fn(context: Context)`.The provided `client_fn` has signature: {'cid': <Parameter "cid: str">}. You can import the `Context` like this: `from flwr.app import Context`[32m [repeated 10x across cluster][0m
[36m(ClientAppActor pid=324102)[0m             This is a deprecated feature. It will be removed[32m [repeated 10x across cluster][0m
[36m(ClientAppActor pid=324102)[0m             entirely in future versions of Flower.[32m [repeated 10x across cluster][0m
[36m(ClientAppActor pid=324100)[0m 
[36m(ClientAppActor pid=324100)[0m         
[36m(ClientAppActor pid=324103)[0m 
[36m(ClientAppActor pid=324103)[0m         
[36m(ClientAppActor pid=324101)[0m 
[36m(ClientAppActor pid=324101)[0m         
[36m(ClientAppActor pid=324099)[0m 
[36m(ClientAppActor pid=324099)[0m         
[92mINFO [0m:      aggregate_evaluate: received 5 results and 0 failures
[92mINFO [0m:      
[92mINFO [0m:      [ROUND 8]
[92mINFO [0m:      configure_fit: strategy sampled 5 clients (out of 5)
[36m(ClientAppActor pid=324099)[0m 
[36m(ClientAppActor pid=324099)[0m         
[36m(ClientAppActor pid=324101)[0m 
[36m(ClientAppActor pid=324101)[0m         
[36m(ClientAppActor pid=324103)[0m 
[36m(ClientAppActor pid=324103)[0m         
[36m(ClientAppActor pid=324100)[0m 
[36m(ClientAppActor pid=324100)[0m         
[36m(ClientAppActor pid=324102)[0m 
[36m(ClientAppActor pid=324102)[0m         
[92mINFO [0m:      aggregate_fit: received 5 results and 0 failures
[92mINFO [0m:      fit progress: (8, 0.6453332226276398, {'accuracy': 0.815, 'loss': 0.6453332226276398}, 103.11412853299407)
[92mINFO [0m:      configure_evaluate: strategy sampled 5 clients (out of 5)
[36m(ClientAppActor pid=324101)[0m 
[36m(ClientAppActor pid=324101)[0m         
[36m(ClientAppActor pid=324101)[0m [93mWARNING [0m:   DEPRECATED FEATURE: `client_fn` now expects a signature `def client_fn(context: Context)`.The provided `client_fn` has signature: {'cid': <Parameter "cid: str">}. You can import the `Context` like this: `from flwr.app import Context`[32m [repeated 10x across cluster][0m
[36m(ClientAppActor pid=324101)[0m             This is a deprecated feature. It will be removed[32m [repeated 10x across cluster][0m
[36m(ClientAppActor pid=324101)[0m             entirely in future versions of Flower.[32m [repeated 10x across cluster][0m
[36m(ClientAppActor pid=324103)[0m 
[36m(ClientAppActor pid=324103)[0m         
[36m(ClientAppActor pid=324099)[0m 
[36m(ClientAppActor pid=324099)[0m         
[36m(ClientAppActor pid=324100)[0m 
[36m(ClientAppActor pid=324100)[0m         
[36m(ClientAppActor pid=324102)[0m 
[36m(ClientAppActor pid=324102)[0m         
[92mINFO [0m:      aggregate_evaluate: received 5 results and 0 failures
[92mINFO [0m:      
[92mINFO [0m:      [ROUND 9]
[92mINFO [0m:      configure_fit: strategy sampled 5 clients (out of 5)
[36m(ClientAppActor pid=324102)[0m 
[36m(ClientAppActor pid=324102)[0m         
[36m(ClientAppActor pid=324100)[0m 
[36m(ClientAppActor pid=324100)[0m         
[36m(ClientAppActor pid=324099)[0m 
[36m(ClientAppActor pid=324099)[0m         
[36m(ClientAppActor pid=324103)[0m 
[36m(ClientAppActor pid=324103)[0m         
[36m(ClientAppActor pid=324101)[0m 
[36m(ClientAppActor pid=324101)[0m         
[92mINFO [0m:      aggregate_fit: received 5 results and 0 failures
[92mINFO [0m:      fit progress: (9, 0.672106238913536, {'accuracy': 0.8116, 'loss': 0.672106238913536}, 115.73812623997219)
[92mINFO [0m:      configure_evaluate: strategy sampled 5 clients (out of 5)
[36m(ClientAppActor pid=324103)[0m 
[36m(ClientAppActor pid=324103)[0m         
[36m(ClientAppActor pid=324103)[0m [93mWARNING [0m:   DEPRECATED FEATURE: `client_fn` now expects a signature `def client_fn(context: Context)`.The provided `client_fn` has signature: {'cid': <Parameter "cid: str">}. You can import the `Context` like this: `from flwr.app import Context`[32m [repeated 10x across cluster][0m
[36m(ClientAppActor pid=324103)[0m             This is a deprecated feature. It will be removed[32m [repeated 10x across cluster][0m
[36m(ClientAppActor pid=324103)[0m             entirely in future versions of Flower.[32m [repeated 10x across cluster][0m
[36m(ClientAppActor pid=324099)[0m 
[36m(ClientAppActor pid=324099)[0m         
[36m(ClientAppActor pid=324100)[0m 
[36m(ClientAppActor pid=324100)[0m         
[36m(ClientAppActor pid=324101)[0m 
[36m(ClientAppActor pid=324101)[0m         
[36m(ClientAppActor pid=324102)[0m 
[36m(ClientAppActor pid=324102)[0m         
[92mINFO [0m:      aggregate_evaluate: received 5 results and 0 failures
[92mINFO [0m:      
[92mINFO [0m:      [ROUND 10]
[92mINFO [0m:      configure_fit: strategy sampled 5 clients (out of 5)
[36m(ClientAppActor pid=324102)[0m 
[36m(ClientAppActor pid=324102)[0m         
[36m(ClientAppActor pid=324101)[0m 
[36m(ClientAppActor pid=324101)[0m         
[36m(ClientAppActor pid=324100)[0m 
[36m(ClientAppActor pid=324100)[0m         
[36m(ClientAppActor pid=324099)[0m 
[36m(ClientAppActor pid=324099)[0m         
[36m(ClientAppActor pid=324103)[0m 
[36m(ClientAppActor pid=324103)[0m         
[92mINFO [0m:      aggregate_fit: received 5 results and 0 failures
[92mINFO [0m:      fit progress: (10, 0.6998086923360824, {'accuracy': 0.815, 'loss': 0.6998086923360824}, 128.01328982197447)
[92mINFO [0m:      configure_evaluate: strategy sampled 5 clients (out of 5)
[36m(ClientAppActor pid=324102)[0m 
[36m(ClientAppActor pid=324102)[0m         
[36m(ClientAppActor pid=324102)[0m [93mWARNING [0m:   DEPRECATED FEATURE: `client_fn` now expects a signature `def client_fn(context: Context)`.The provided `client_fn` has signature: {'cid': <Parameter "cid: str">}. You can import the `Context` like this: `from flwr.app import Context`[32m [repeated 10x across cluster][0m
[36m(ClientAppActor pid=324102)[0m             This is a deprecated feature. It will be removed[32m [repeated 10x across cluster][0m
[36m(ClientAppActor pid=324102)[0m             entirely in future versions of Flower.[32m [repeated 10x across cluster][0m
[36m(ClientAppActor pid=324103)[0m 
[36m(ClientAppActor pid=324103)[0m         
[36m(ClientAppActor pid=324100)[0m 
[36m(ClientAppActor pid=324100)[0m         
[36m(ClientAppActor pid=324099)[0m 
[36m(ClientAppActor pid=324099)[0m         
[36m(ClientAppActor pid=324101)[0m 
[36m(ClientAppActor pid=324101)[0m         
[92mINFO [0m:      aggregate_evaluate: received 5 results and 0 failures
[92mINFO [0m:      
[92mINFO [0m:      [SUMMARY]
[92mINFO [0m:      Run finished 10 round(s) in 128.85s
[92mINFO [0m:      	History (loss, distributed):
[92mINFO [0m:      		round 1: 2.3118199123152023
[92mINFO [0m:      		round 2: 1.264263268325337
[92mINFO [0m:      		round 3: 0.8166159224887121
[92mINFO [0m:      		round 4: 0.6748186559803084
[92mINFO [0m:      		round 5: 0.6259054507831346
[92mINFO [0m:      		round 6: 0.6577388323114375
[92mINFO [0m:      		round 7: 0.6533582278530861
[92mINFO [0m:      		round 8: 0.6529561268262251
[92mINFO [0m:      		round 9: 0.6747909685791028
[92mINFO [0m:      		round 10: 0.6863266904043488
[92mINFO [0m:      	History (loss, centralized):
[92mINFO [0m:      		round 0: 2.303168863296509
[92mINFO [0m:      		round 1: 2.311076856613159
[92mINFO [0m:      		round 2: 1.2627575902938843
[92mINFO [0m:      		round 3: 0.8094778426170349
[92mINFO [0m:      		round 4: 0.6741153465270996
[92mINFO [0m:      		round 5: 0.623596847486496
[92mINFO [0m:      		round 6: 0.6532443217754365
[92mINFO [0m:      		round 7: 0.6505286751747131
[92mINFO [0m:      		round 8: 0.6453332226276398
[92mINFO [0m:      		round 9: 0.672106238913536
[92mINFO [0m:      		round 10: 0.6998086923360824
[92mINFO [0m:      	History (metrics, distributed, fit):
[92mINFO [0m:      	{'avg_flops_per_client_round': [(1, 8140805084160.0),
[92mINFO [0m:      	                                (2, 8140805084160.0),
[92mINFO [0m:      	                                (3, 8140805084160.0),
[92mINFO [0m:      	                                (4, 8140805084160.0),
[92mINFO [0m:      	                                (5, 8140805084160.0),
[92mINFO [0m:      	                                (6, 8140805084160.0),
[92mINFO [0m:      	                                (7, 8140805084160.0),
[92mINFO [0m:      	                                (8, 8140805084160.0),
[92mINFO [0m:      	                                (9, 8140805084160.0),
[92mINFO [0m:      	                                (10, 8140805084160.0)],
[92mINFO [0m:      	 'total_flops_round': [(1, 40704025420800),
[92mINFO [0m:      	                       (2, 40704025420800),
[92mINFO [0m:      	                       (3, 40704025420800),
[92mINFO [0m:      	                       (4, 40704025420800),
[92mINFO [0m:      	                       (5, 40704025420800),
[92mINFO [0m:      	                       (6, 40704025420800),
[92mINFO [0m:      	                       (7, 40704025420800),
[92mINFO [0m:      	                       (8, 40704025420800),
[92mINFO [0m:      	                       (9, 40704025420800),
[92mINFO [0m:      	                       (10, 40704025420800)]}
[92mINFO [0m:      	History (metrics, distributed, evaluate):
[92mINFO [0m:      	{'accuracy': [(1, 0.10006003602161297),
[92mINFO [0m:      	              (2, 0.5687412447468481),
[92mINFO [0m:      	              (3, 0.7010206123674204),
[92mINFO [0m:      	              (4, 0.7622573544126476),
[92mINFO [0m:      	              (5, 0.7884730838503102),
[92mINFO [0m:      	              (6, 0.7986792075245147),
[92mINFO [0m:      	              (7, 0.8004802881729037),
[92mINFO [0m:      	              (8, 0.808685211126676),
[92mINFO [0m:      	              (9, 0.810486291775065),
[92mINFO [0m:      	              (10, 0.8178907344406644)],
[92mINFO [0m:      	 'loss': [(1, 2.3118199123152023),
[92mINFO [0m:      	          (2, 1.264263268325337),
[92mINFO [0m:      	          (3, 0.8166159224887121),
[92mINFO [0m:      	          (4, 0.6748186559803084),
[92mINFO [0m:      	          (5, 0.6259054507831346),
[92mINFO [0m:      	          (6, 0.6577388323114375),
[92mINFO [0m:      	          (7, 0.6533582278530861),
[92mINFO [0m:      	          (8, 0.6529561268262251),
[92mINFO [0m:      	          (9, 0.6747909685791028),
[92mINFO [0m:      	          (10, 0.6863266904043488)]}
[92mINFO [0m:      	History (metrics, centralized):
[92mINFO [0m:      	{'accuracy': [(0, 0.1),
[92mINFO [0m:      	              (1, 0.1),
[92mINFO [0m:      	              (2, 0.5748),
[92mINFO [0m:      	              (3, 0.6992),
[92mINFO [0m:      	              (4, 0.7634),
[92mINFO [0m:      	              (5, 0.7922),
[92mINFO [0m:      	              (6, 0.7997),
[92mINFO [0m:      	              (7, 0.8062),
[92mINFO [0m:      	              (8, 0.815),
[92mINFO [0m:      	              (9, 0.8116),
[92mINFO [0m:      	              (10, 0.815)],
[92mINFO [0m:      	 'loss': [(0, 2.303168863296509),
[92mINFO [0m:      	          (1, 2.311076856613159),
[92mINFO [0m:      	          (2, 1.2627575902938843),
[92mINFO [0m:      	          (3, 0.8094778426170349),
[92mINFO [0m:      	          (4, 0.6741153465270996),
[92mINFO [0m:      	          (5, 0.623596847486496),
[92mINFO [0m:      	          (6, 0.6532443217754365),
[92mINFO [0m:      	          (7, 0.6505286751747131),
[92mINFO [0m:      	          (8, 0.6453332226276398),
[92mINFO [0m:      	          (9, 0.672106238913536),
[92mINFO [0m:      	          (10, 0.6998086923360824)]}
[92mINFO [0m:      
Treinando no dispositivo: cuda:0 com o dataset: CIFAR10 | Setup clientes: 5 (num_gpus por cliente=0.2) | SEED=50
FLOPS por amostra (forward): 6.030e+07 | (forward+backward, 3x): 1.809e+08
Files already downloaded and verified
Files already downloaded and verified
Dividindo o dataset usando a distribuição de Dirichlet com alpha=1.0.
Iniciando a simulação de Aprendizado Federado...
=== Diagnóstico de Medição de GPU ===
  pynvml_disponivel: True
  pynvml_versao: 580.173.02
  gpus_detectadas: 1
  leitura_potencia_ok: True
  potencia_atual_W: 114.986

--- Rodada 0 - Avaliação Centralizada (Servidor) ---
Loss (Servidor): 2.3032 | Acurácia (Servidor): 0.1000

--- Rodada 1 - Avaliação Centralizada (Servidor) ---
Loss (Servidor): 2.3111 | Acurácia (Servidor): 0.1000
--- Avaliação Agregada (Clientes) ---
Loss Média (Clientes): 2.3118 | Acurácia Média (Clientes): 0.1001

--- Rodada 2 - Avaliação Centralizada (Servidor) ---
Loss (Servidor): 1.2628 | Acurácia (Servidor): 0.5748
--- Avaliação Agregada (Clientes) ---
Loss Média (Clientes): 1.2643 | Acurácia Média (Clientes): 0.5687

--- Rodada 3 - Avaliação Centralizada (Servidor) ---
Loss (Servidor): 0.8095 | Acurácia (Servidor): 0.6992
--- Avaliação Agregada (Clientes) ---
Loss Média (Clientes): 0.8166 | Acurácia Média (Clientes): 0.7010

--- Rodada 4 - Avaliação Centralizada (Servidor) ---
Loss (Servidor): 0.6741 | Acurácia (Servidor): 0.7634
--- Avaliação Agregada (Clientes) ---
Loss Média (Clientes): 0.6748 | Acurácia Média (Clientes): 0.7623

--- Rodada 5 - Avaliação Centralizada (Servidor) ---
Loss (Servidor): 0.6236 | Acurácia (Servidor): 0.7922
--- Avaliação Agregada (Clientes) ---
Loss Média (Clientes): 0.6259 | Acurácia Média (Clientes): 0.7885

--- Rodada 6 - Avaliação Centralizada (Servidor) ---
Loss (Servidor): 0.6532 | Acurácia (Servidor): 0.7997
--- Avaliação Agregada (Clientes) ---
Loss Média (Clientes): 0.6577 | Acurácia Média (Clientes): 0.7987

--- Rodada 7 - Avaliação Centralizada (Servidor) ---
Loss (Servidor): 0.6505 | Acurácia (Servidor): 0.8062
--- Avaliação Agregada (Clientes) ---
Loss Média (Clientes): 0.6534 | Acurácia Média (Clientes): 0.8005

--- Rodada 8 - Avaliação Centralizada (Servidor) ---
Loss (Servidor): 0.6453 | Acurácia (Servidor): 0.8150
--- Avaliação Agregada (Clientes) ---
Loss Média (Clientes): 0.6530 | Acurácia Média (Clientes): 0.8087

--- Rodada 9 - Avaliação Centralizada (Servidor) ---
Loss (Servidor): 0.6721 | Acurácia (Servidor): 0.8116
--- Avaliação Agregada (Clientes) ---
Loss Média (Clientes): 0.6748 | Acurácia Média (Clientes): 0.8105

--- Rodada 10 - Avaliação Centralizada (Servidor) ---
Loss (Servidor): 0.6998 | Acurácia (Servidor): 0.8150
--- Avaliação Agregada (Clientes) ---
Loss Média (Clientes): 0.6863 | Acurácia Média (Clientes): 0.8179

Resultados salvos em: /home/tiago/GitHubProjects/fedhad-thesis-2/FedAVG-results/1.1_diagnostico_drift/CIFAR10/FedAVG__CIFAR10__Setup-5__Clients-5__Rounds-10__Delay-0_05__Alpha-1_0__Seed-50.txt
[36m(ClientAppActor pid=324101)[0m [93mWARNING [0m:   DEPRECATED FEATURE: `client_fn` now expects a signature `def client_fn(context: Context)`.The provided `client_fn` has signature: {'cid': <Parameter "cid: str">}. You can import the `Context` like this: `from flwr.app import Context`[32m [repeated 4x across cluster][0m
[36m(ClientAppActor pid=324101)[0m             This is a deprecated feature. It will be removed[32m [repeated 4x across cluster][0m
[36m(ClientAppActor pid=324101)[0m             entirely in future versions of Flower.[32m [repeated 4x across cluster][0m
