[codecarbon WARNING @ 11:48:53] Multiple instances of codecarbon are allowed to run at the same time.
[93mWARNING [0m:   DEPRECATED FEATURE: flwr.simulation.start_simulation() is deprecated.
	Instead, use the `flwr run` CLI command to start a local simulation in your Flower app, as shown for example below:

		$ flwr new  # Create a new Flower app from a template

		$ flwr run  # Run the Flower app in Simulation Mode

	Using `start_simulation()` is deprecated.

            This is a deprecated feature. It will be removed
            entirely in future versions of Flower.
        
[92mINFO [0m:      Starting Flower simulation, config: num_rounds=10, no round_timeout
2026-09-04 11:49:02,111	INFO worker.py:2012 -- Started a local Ray instance.
/home/tiago/GitHubProjects/fedhad-thesis-2/env_flwr_pt/lib/python3.12/site-packages/ray/_private/worker.py:2051: FutureWarning: Tip: In future versions of Ray, Ray will no longer override accelerator visible devices env var if num_gpus=0 or num_gpus=None (default). To enable this behavior and turn off this error message, set RAY_ACCEL_ENV_VAR_OVERRIDE_ON_ZERO=0
  warnings.warn(
[92mINFO [0m:      Flower VCE: Ray initialized with resources: {'node:__internal_head__': 1.0, 'node:10.129.64.100': 1.0, 'memory': 181292935578.0, 'CPU': 64.0, 'object_store_memory': 77696972390.0, 'accelerator_type:A40': 1.0, 'GPU': 1.0}
[92mINFO [0m:      Optimize your simulation with Flower VCE: https://flower.ai/docs/framework/how-to-run-simulations.html
/home/tiago/GitHubProjects/fedhad-thesis-2/FedAVG_Final.py:1577: UserWarning: No `num_cpus` specified in `client_resources`. Using `num_cpus=1` for each client.
  history = fl.simulation.start_simulation(
[92mINFO [0m:      Flower VCE: Resources for each Virtual Client: {'num_gpus': 0.2, 'num_cpus': 1}
[92mINFO [0m:      Flower VCE: Creating VirtualClientEngineActorPool with 5 actors
[92mINFO [0m:      [INIT]
[92mINFO [0m:      Requesting initial parameters from one random client
[36m(ClientAppActor pid=331439)[0m [93mWARNING [0m:   DEPRECATED FEATURE: `client_fn` now expects a signature `def client_fn(context: Context)`.The provided `client_fn` has signature: {'cid': <Parameter "cid: str">}. You can import the `Context` like this: `from flwr.app import Context`
[36m(ClientAppActor pid=331439)[0m 
[36m(ClientAppActor pid=331439)[0m             This is a deprecated feature. It will be removed
[36m(ClientAppActor pid=331439)[0m             entirely in future versions of Flower.
[36m(ClientAppActor pid=331439)[0m         
[92mINFO [0m:      Received initial parameters from one random client
[92mINFO [0m:      Starting evaluation of initial global parameters
[92mINFO [0m:      initial parameters (loss, other metrics): 2.3030982109069824, {'accuracy': 0.0986, 'loss': 2.3030982109069824}
[92mINFO [0m:      
[92mINFO [0m:      [ROUND 1]
[92mINFO [0m:      configure_fit: strategy sampled 5 clients (out of 5)
[36m(ClientAppActor pid=331439)[0m [93mWARNING [0m:   DEPRECATED FEATURE: `client_fn` now expects a signature `def client_fn(context: Context)`.The provided `client_fn` has signature: {'cid': <Parameter "cid: str">}. You can import the `Context` like this: `from flwr.app import Context`
[36m(ClientAppActor pid=331439)[0m 
[36m(ClientAppActor pid=331439)[0m             This is a deprecated feature. It will be removed
[36m(ClientAppActor pid=331439)[0m             entirely in future versions of Flower.
[36m(ClientAppActor pid=331439)[0m         
[36m(ClientAppActor pid=331438)[0m 
[36m(ClientAppActor pid=331438)[0m         
[36m(ClientAppActor pid=331437)[0m 
[36m(ClientAppActor pid=331437)[0m         
[36m(ClientAppActor pid=331440)[0m 
[36m(ClientAppActor pid=331440)[0m         
[36m(ClientAppActor pid=331436)[0m 
[36m(ClientAppActor pid=331436)[0m         
[92mINFO [0m:      aggregate_fit: received 5 results and 0 failures
[92mINFO [0m:      fit progress: (1, 2.3061527225494385, {'accuracy': 0.1002, 'loss': 2.3061527225494385}, 14.387429001973942)
[92mINFO [0m:      configure_evaluate: strategy sampled 5 clients (out of 5)
[36m(ClientAppActor pid=331440)[0m 
[36m(ClientAppActor pid=331440)[0m         
[36m(ClientAppActor pid=331440)[0m [93mWARNING [0m:   DEPRECATED FEATURE: `client_fn` now expects a signature `def client_fn(context: Context)`.The provided `client_fn` has signature: {'cid': <Parameter "cid: str">}. You can import the `Context` like this: `from flwr.app import Context`[32m [repeated 5x across cluster] (Ray deduplicates logs by default. Set RAY_DEDUP_LOGS=0 to disable log deduplication, or see https://docs.ray.io/en/master/ray-observability/user-guides/configure-logging.html#log-deduplication for more options.)[0m
[36m(ClientAppActor pid=331440)[0m             This is a deprecated feature. It will be removed[32m [repeated 5x across cluster][0m
[36m(ClientAppActor pid=331440)[0m             entirely in future versions of Flower.[32m [repeated 5x across cluster][0m
[36m(ClientAppActor pid=331436)[0m 
[36m(ClientAppActor pid=331436)[0m         
[36m(ClientAppActor pid=331438)[0m 
[36m(ClientAppActor pid=331438)[0m         
[36m(ClientAppActor pid=331437)[0m 
[36m(ClientAppActor pid=331437)[0m         
[36m(ClientAppActor pid=331439)[0m 
[36m(ClientAppActor pid=331439)[0m         
[92mINFO [0m:      aggregate_evaluate: received 5 results and 0 failures
[92mINFO [0m:      
[92mINFO [0m:      [ROUND 2]
[92mINFO [0m:      configure_fit: strategy sampled 5 clients (out of 5)
[36m(ClientAppActor pid=331439)[0m 
[36m(ClientAppActor pid=331439)[0m         
[36m(ClientAppActor pid=331437)[0m 
[36m(ClientAppActor pid=331437)[0m         
[36m(ClientAppActor pid=331438)[0m 
[36m(ClientAppActor pid=331438)[0m         
[36m(ClientAppActor pid=331436)[0m 
[36m(ClientAppActor pid=331436)[0m         
[36m(ClientAppActor pid=331440)[0m 
[36m(ClientAppActor pid=331440)[0m         
[92mINFO [0m:      aggregate_fit: received 5 results and 0 failures
[92mINFO [0m:      fit progress: (2, 1.1724177827835083, {'accuracy': 0.6332, 'loss': 1.1724177827835083}, 27.757311023946386)
[92mINFO [0m:      configure_evaluate: strategy sampled 5 clients (out of 5)
[36m(ClientAppActor pid=331438)[0m 
[36m(ClientAppActor pid=331438)[0m         
[36m(ClientAppActor pid=331438)[0m [93mWARNING [0m:   DEPRECATED FEATURE: `client_fn` now expects a signature `def client_fn(context: Context)`.The provided `client_fn` has signature: {'cid': <Parameter "cid: str">}. You can import the `Context` like this: `from flwr.app import Context`[32m [repeated 10x across cluster][0m
[36m(ClientAppActor pid=331438)[0m             This is a deprecated feature. It will be removed[32m [repeated 10x across cluster][0m
[36m(ClientAppActor pid=331438)[0m             entirely in future versions of Flower.[32m [repeated 10x across cluster][0m
[36m(ClientAppActor pid=331440)[0m 
[36m(ClientAppActor pid=331440)[0m         
[36m(ClientAppActor pid=331439)[0m 
[36m(ClientAppActor pid=331439)[0m         
[36m(ClientAppActor pid=331436)[0m 
[36m(ClientAppActor pid=331436)[0m         
[36m(ClientAppActor pid=331437)[0m 
[36m(ClientAppActor pid=331437)[0m         
[92mINFO [0m:      aggregate_evaluate: received 5 results and 0 failures
[92mINFO [0m:      
[92mINFO [0m:      [ROUND 3]
[92mINFO [0m:      configure_fit: strategy sampled 5 clients (out of 5)
[36m(ClientAppActor pid=331437)[0m 
[36m(ClientAppActor pid=331437)[0m         
[36m(ClientAppActor pid=331436)[0m 
[36m(ClientAppActor pid=331436)[0m         
[36m(ClientAppActor pid=331439)[0m 
[36m(ClientAppActor pid=331439)[0m         
[36m(ClientAppActor pid=331440)[0m 
[36m(ClientAppActor pid=331440)[0m         
[36m(ClientAppActor pid=331438)[0m 
[36m(ClientAppActor pid=331438)[0m         
[92mINFO [0m:      aggregate_fit: received 5 results and 0 failures
[92mINFO [0m:      fit progress: (3, 0.7605509699821472, {'accuracy': 0.7363, 'loss': 0.7605509699821472}, 40.987796938978136)
[92mINFO [0m:      configure_evaluate: strategy sampled 5 clients (out of 5)
[36m(ClientAppActor pid=331436)[0m 
[36m(ClientAppActor pid=331436)[0m         
[36m(ClientAppActor pid=331436)[0m [93mWARNING [0m:   DEPRECATED FEATURE: `client_fn` now expects a signature `def client_fn(context: Context)`.The provided `client_fn` has signature: {'cid': <Parameter "cid: str">}. You can import the `Context` like this: `from flwr.app import Context`[32m [repeated 10x across cluster][0m
[36m(ClientAppActor pid=331436)[0m             This is a deprecated feature. It will be removed[32m [repeated 10x across cluster][0m
[36m(ClientAppActor pid=331436)[0m             entirely in future versions of Flower.[32m [repeated 10x across cluster][0m
[36m(ClientAppActor pid=331439)[0m 
[36m(ClientAppActor pid=331439)[0m         
[36m(ClientAppActor pid=331437)[0m 
[36m(ClientAppActor pid=331437)[0m         
[36m(ClientAppActor pid=331440)[0m 
[36m(ClientAppActor pid=331440)[0m         
[36m(ClientAppActor pid=331438)[0m 
[36m(ClientAppActor pid=331438)[0m         
[92mINFO [0m:      aggregate_evaluate: received 5 results and 0 failures
[92mINFO [0m:      
[92mINFO [0m:      [ROUND 4]
[92mINFO [0m:      configure_fit: strategy sampled 5 clients (out of 5)
[36m(ClientAppActor pid=331438)[0m 
[36m(ClientAppActor pid=331438)[0m         
[36m(ClientAppActor pid=331440)[0m 
[36m(ClientAppActor pid=331440)[0m         
[36m(ClientAppActor pid=331439)[0m 
[36m(ClientAppActor pid=331439)[0m         
[36m(ClientAppActor pid=331437)[0m 
[36m(ClientAppActor pid=331437)[0m         
[36m(ClientAppActor pid=331436)[0m 
[36m(ClientAppActor pid=331436)[0m         
[92mINFO [0m:      aggregate_fit: received 5 results and 0 failures
[92mINFO [0m:      fit progress: (4, 0.6788434068202972, {'accuracy': 0.7772, 'loss': 0.6788434068202972}, 54.24776284099789)
[92mINFO [0m:      configure_evaluate: strategy sampled 5 clients (out of 5)
[36m(ClientAppActor pid=331437)[0m 
[36m(ClientAppActor pid=331437)[0m         
[36m(ClientAppActor pid=331437)[0m [93mWARNING [0m:   DEPRECATED FEATURE: `client_fn` now expects a signature `def client_fn(context: Context)`.The provided `client_fn` has signature: {'cid': <Parameter "cid: str">}. You can import the `Context` like this: `from flwr.app import Context`[32m [repeated 10x across cluster][0m
[36m(ClientAppActor pid=331437)[0m             This is a deprecated feature. It will be removed[32m [repeated 10x across cluster][0m
[36m(ClientAppActor pid=331437)[0m             entirely in future versions of Flower.[32m [repeated 10x across cluster][0m
[36m(ClientAppActor pid=331439)[0m 
[36m(ClientAppActor pid=331439)[0m         
[36m(ClientAppActor pid=331440)[0m 
[36m(ClientAppActor pid=331440)[0m         
[36m(ClientAppActor pid=331436)[0m 
[36m(ClientAppActor pid=331436)[0m         
[36m(ClientAppActor pid=331438)[0m 
[36m(ClientAppActor pid=331438)[0m         
[92mINFO [0m:      aggregate_evaluate: received 5 results and 0 failures
[92mINFO [0m:      
[92mINFO [0m:      [ROUND 5]
[92mINFO [0m:      configure_fit: strategy sampled 5 clients (out of 5)
[36m(ClientAppActor pid=331438)[0m 
[36m(ClientAppActor pid=331438)[0m         
[36m(ClientAppActor pid=331436)[0m 
[36m(ClientAppActor pid=331436)[0m         
[36m(ClientAppActor pid=331440)[0m 
[36m(ClientAppActor pid=331440)[0m         
[36m(ClientAppActor pid=331439)[0m 
[36m(ClientAppActor pid=331439)[0m         
[36m(ClientAppActor pid=331437)[0m 
[36m(ClientAppActor pid=331437)[0m         
[92mINFO [0m:      aggregate_fit: received 5 results and 0 failures
[92mINFO [0m:      fit progress: (5, 0.659405511379242, {'accuracy': 0.7923, 'loss': 0.659405511379242}, 67.65860648598755)
[92mINFO [0m:      configure_evaluate: strategy sampled 5 clients (out of 5)
[36m(ClientAppActor pid=331437)[0m 
[36m(ClientAppActor pid=331437)[0m         
[36m(ClientAppActor pid=331437)[0m [93mWARNING [0m:   DEPRECATED FEATURE: `client_fn` now expects a signature `def client_fn(context: Context)`.The provided `client_fn` has signature: {'cid': <Parameter "cid: str">}. You can import the `Context` like this: `from flwr.app import Context`[32m [repeated 10x across cluster][0m
[36m(ClientAppActor pid=331437)[0m             This is a deprecated feature. It will be removed[32m [repeated 10x across cluster][0m
[36m(ClientAppActor pid=331437)[0m             entirely in future versions of Flower.[32m [repeated 10x across cluster][0m
[36m(ClientAppActor pid=331440)[0m 
[36m(ClientAppActor pid=331440)[0m         
[36m(ClientAppActor pid=331436)[0m 
[36m(ClientAppActor pid=331436)[0m         
[36m(ClientAppActor pid=331438)[0m 
[36m(ClientAppActor pid=331438)[0m         
[36m(ClientAppActor pid=331439)[0m 
[36m(ClientAppActor pid=331439)[0m         
[92mINFO [0m:      aggregate_evaluate: received 5 results and 0 failures
[92mINFO [0m:      
[92mINFO [0m:      [ROUND 6]
[92mINFO [0m:      configure_fit: strategy sampled 5 clients (out of 5)
[36m(ClientAppActor pid=331439)[0m 
[36m(ClientAppActor pid=331439)[0m         
[36m(ClientAppActor pid=331438)[0m 
[36m(ClientAppActor pid=331438)[0m         
[36m(ClientAppActor pid=331436)[0m 
[36m(ClientAppActor pid=331436)[0m         
[36m(ClientAppActor pid=331440)[0m 
[36m(ClientAppActor pid=331440)[0m         
[36m(ClientAppActor pid=331437)[0m 
[36m(ClientAppActor pid=331437)[0m         
[92mINFO [0m:      aggregate_fit: received 5 results and 0 failures
[92mINFO [0m:      fit progress: (6, 0.6190469586372376, {'accuracy': 0.8097, 'loss': 0.6190469586372376}, 80.75978863495402)
[92mINFO [0m:      configure_evaluate: strategy sampled 5 clients (out of 5)
[36m(ClientAppActor pid=331436)[0m 
[36m(ClientAppActor pid=331436)[0m         
[36m(ClientAppActor pid=331436)[0m [93mWARNING [0m:   DEPRECATED FEATURE: `client_fn` now expects a signature `def client_fn(context: Context)`.The provided `client_fn` has signature: {'cid': <Parameter "cid: str">}. You can import the `Context` like this: `from flwr.app import Context`[32m [repeated 10x across cluster][0m
[36m(ClientAppActor pid=331436)[0m             This is a deprecated feature. It will be removed[32m [repeated 10x across cluster][0m
[36m(ClientAppActor pid=331436)[0m             entirely in future versions of Flower.[32m [repeated 10x across cluster][0m
[36m(ClientAppActor pid=331437)[0m 
[36m(ClientAppActor pid=331437)[0m         
[36m(ClientAppActor pid=331438)[0m 
[36m(ClientAppActor pid=331438)[0m         
[36m(ClientAppActor pid=331440)[0m 
[36m(ClientAppActor pid=331440)[0m         
[36m(ClientAppActor pid=331439)[0m 
[36m(ClientAppActor pid=331439)[0m         
[92mINFO [0m:      aggregate_evaluate: received 5 results and 0 failures
[92mINFO [0m:      
[92mINFO [0m:      [ROUND 7]
[92mINFO [0m:      configure_fit: strategy sampled 5 clients (out of 5)
[36m(ClientAppActor pid=331439)[0m 
[36m(ClientAppActor pid=331439)[0m         
[36m(ClientAppActor pid=331440)[0m 
[36m(ClientAppActor pid=331440)[0m         
[36m(ClientAppActor pid=331438)[0m 
[36m(ClientAppActor pid=331438)[0m         
[36m(ClientAppActor pid=331437)[0m 
[36m(ClientAppActor pid=331437)[0m         
[36m(ClientAppActor pid=331436)[0m 
[36m(ClientAppActor pid=331436)[0m         
[92mINFO [0m:      aggregate_fit: received 5 results and 0 failures
[92mINFO [0m:      fit progress: (7, 0.6372601288795471, {'accuracy': 0.8136, 'loss': 0.6372601288795471}, 93.67518053698586)
[92mINFO [0m:      configure_evaluate: strategy sampled 5 clients (out of 5)
[36m(ClientAppActor pid=331439)[0m 
[36m(ClientAppActor pid=331439)[0m         
[36m(ClientAppActor pid=331439)[0m [93mWARNING [0m:   DEPRECATED FEATURE: `client_fn` now expects a signature `def client_fn(context: Context)`.The provided `client_fn` has signature: {'cid': <Parameter "cid: str">}. You can import the `Context` like this: `from flwr.app import Context`[32m [repeated 10x across cluster][0m
[36m(ClientAppActor pid=331439)[0m             This is a deprecated feature. It will be removed[32m [repeated 10x across cluster][0m
[36m(ClientAppActor pid=331439)[0m             entirely in future versions of Flower.[32m [repeated 10x across cluster][0m
[36m(ClientAppActor pid=331440)[0m 
[36m(ClientAppActor pid=331440)[0m         
[36m(ClientAppActor pid=331436)[0m 
[36m(ClientAppActor pid=331436)[0m         
[36m(ClientAppActor pid=331438)[0m 
[36m(ClientAppActor pid=331438)[0m         
[36m(ClientAppActor pid=331437)[0m 
[36m(ClientAppActor pid=331437)[0m         
[92mINFO [0m:      aggregate_evaluate: received 5 results and 0 failures
[92mINFO [0m:      
[92mINFO [0m:      [ROUND 8]
[92mINFO [0m:      configure_fit: strategy sampled 5 clients (out of 5)
[36m(ClientAppActor pid=331437)[0m 
[36m(ClientAppActor pid=331437)[0m         
[36m(ClientAppActor pid=331438)[0m 
[36m(ClientAppActor pid=331438)[0m         
[36m(ClientAppActor pid=331436)[0m 
[36m(ClientAppActor pid=331436)[0m         
[36m(ClientAppActor pid=331440)[0m 
[36m(ClientAppActor pid=331440)[0m         
[36m(ClientAppActor pid=331439)[0m 
[36m(ClientAppActor pid=331439)[0m         
[92mINFO [0m:      aggregate_fit: received 5 results and 0 failures
[92mINFO [0m:      fit progress: (8, 0.6579009257316589, {'accuracy': 0.8176, 'loss': 0.6579009257316589}, 106.9800173859694)
[92mINFO [0m:      configure_evaluate: strategy sampled 5 clients (out of 5)
[36m(ClientAppActor pid=331440)[0m 
[36m(ClientAppActor pid=331440)[0m         
[36m(ClientAppActor pid=331440)[0m [93mWARNING [0m:   DEPRECATED FEATURE: `client_fn` now expects a signature `def client_fn(context: Context)`.The provided `client_fn` has signature: {'cid': <Parameter "cid: str">}. You can import the `Context` like this: `from flwr.app import Context`[32m [repeated 10x across cluster][0m
[36m(ClientAppActor pid=331440)[0m             This is a deprecated feature. It will be removed[32m [repeated 10x across cluster][0m
[36m(ClientAppActor pid=331440)[0m             entirely in future versions of Flower.[32m [repeated 10x across cluster][0m
[36m(ClientAppActor pid=331439)[0m 
[36m(ClientAppActor pid=331439)[0m         
[36m(ClientAppActor pid=331437)[0m 
[36m(ClientAppActor pid=331437)[0m         
[36m(ClientAppActor pid=331436)[0m 
[36m(ClientAppActor pid=331436)[0m         
[36m(ClientAppActor pid=331438)[0m 
[36m(ClientAppActor pid=331438)[0m         
[92mINFO [0m:      aggregate_evaluate: received 5 results and 0 failures
[92mINFO [0m:      
[92mINFO [0m:      [ROUND 9]
[92mINFO [0m:      configure_fit: strategy sampled 5 clients (out of 5)
[36m(ClientAppActor pid=331438)[0m 
[36m(ClientAppActor pid=331438)[0m         
[36m(ClientAppActor pid=331436)[0m 
[36m(ClientAppActor pid=331436)[0m         
[36m(ClientAppActor pid=331439)[0m 
[36m(ClientAppActor pid=331439)[0m         
[36m(ClientAppActor pid=331437)[0m 
[36m(ClientAppActor pid=331437)[0m         
[36m(ClientAppActor pid=331440)[0m 
[36m(ClientAppActor pid=331440)[0m         
[92mINFO [0m:      aggregate_fit: received 5 results and 0 failures
[92mINFO [0m:      fit progress: (9, 0.6894604776620865, {'accuracy': 0.8127, 'loss': 0.6894604776620865}, 120.4844597929623)
[92mINFO [0m:      configure_evaluate: strategy sampled 5 clients (out of 5)
[36m(ClientAppActor pid=331440)[0m 
[36m(ClientAppActor pid=331440)[0m         
[36m(ClientAppActor pid=331440)[0m [93mWARNING [0m:   DEPRECATED FEATURE: `client_fn` now expects a signature `def client_fn(context: Context)`.The provided `client_fn` has signature: {'cid': <Parameter "cid: str">}. You can import the `Context` like this: `from flwr.app import Context`[32m [repeated 10x across cluster][0m
[36m(ClientAppActor pid=331440)[0m             This is a deprecated feature. It will be removed[32m [repeated 10x across cluster][0m
[36m(ClientAppActor pid=331440)[0m             entirely in future versions of Flower.[32m [repeated 10x across cluster][0m
[36m(ClientAppActor pid=331438)[0m 
[36m(ClientAppActor pid=331438)[0m         
[36m(ClientAppActor pid=331436)[0m 
[36m(ClientAppActor pid=331436)[0m         
[36m(ClientAppActor pid=331437)[0m 
[36m(ClientAppActor pid=331437)[0m         
[36m(ClientAppActor pid=331439)[0m 
[36m(ClientAppActor pid=331439)[0m         
[92mINFO [0m:      aggregate_evaluate: received 5 results and 0 failures
[92mINFO [0m:      
[92mINFO [0m:      [ROUND 10]
[92mINFO [0m:      configure_fit: strategy sampled 5 clients (out of 5)
[36m(ClientAppActor pid=331439)[0m 
[36m(ClientAppActor pid=331439)[0m         
[36m(ClientAppActor pid=331437)[0m 
[36m(ClientAppActor pid=331437)[0m         
[36m(ClientAppActor pid=331438)[0m 
[36m(ClientAppActor pid=331438)[0m         
[36m(ClientAppActor pid=331436)[0m 
[36m(ClientAppActor pid=331436)[0m         
[36m(ClientAppActor pid=331440)[0m 
[36m(ClientAppActor pid=331440)[0m         
[92mINFO [0m:      aggregate_fit: received 5 results and 0 failures
[92mINFO [0m:      fit progress: (10, 0.7104525166034699, {'accuracy': 0.8158, 'loss': 0.7104525166034699}, 133.71899030398345)
[92mINFO [0m:      configure_evaluate: strategy sampled 5 clients (out of 5)
[36m(ClientAppActor pid=331438)[0m 
[36m(ClientAppActor pid=331438)[0m         
[36m(ClientAppActor pid=331438)[0m [93mWARNING [0m:   DEPRECATED FEATURE: `client_fn` now expects a signature `def client_fn(context: Context)`.The provided `client_fn` has signature: {'cid': <Parameter "cid: str">}. You can import the `Context` like this: `from flwr.app import Context`[32m [repeated 10x across cluster][0m
[36m(ClientAppActor pid=331438)[0m             This is a deprecated feature. It will be removed[32m [repeated 10x across cluster][0m
[36m(ClientAppActor pid=331438)[0m             entirely in future versions of Flower.[32m [repeated 10x across cluster][0m
[36m(ClientAppActor pid=331440)[0m 
[36m(ClientAppActor pid=331440)[0m         
[36m(ClientAppActor pid=331437)[0m 
[36m(ClientAppActor pid=331437)[0m         
[36m(ClientAppActor pid=331439)[0m 
[36m(ClientAppActor pid=331439)[0m         
[36m(ClientAppActor pid=331436)[0m 
[36m(ClientAppActor pid=331436)[0m         
[92mINFO [0m:      aggregate_evaluate: received 5 results and 0 failures
[92mINFO [0m:      
[92mINFO [0m:      [SUMMARY]
[92mINFO [0m:      Run finished 10 round(s) in 134.54s
[92mINFO [0m:      	History (loss, distributed):
[92mINFO [0m:      		round 1: 2.3071280527038542
[92mINFO [0m:      		round 2: 1.1611428232420058
[92mINFO [0m:      		round 3: 0.7482904537576063
[92mINFO [0m:      		round 4: 0.6622164880647426
[92mINFO [0m:      		round 5: 0.6391644252269637
[92mINFO [0m:      		round 6: 0.5995470392687314
[92mINFO [0m:      		round 7: 0.6174795620885788
[92mINFO [0m:      		round 8: 0.6248139646120456
[92mINFO [0m:      		round 9: 0.6607097210463176
[92mINFO [0m:      		round 10: 0.6679477238518541
[92mINFO [0m:      	History (loss, centralized):
[92mINFO [0m:      		round 0: 2.3030982109069824
[92mINFO [0m:      		round 1: 2.3061527225494385
[92mINFO [0m:      		round 2: 1.1724177827835083
[92mINFO [0m:      		round 3: 0.7605509699821472
[92mINFO [0m:      		round 4: 0.6788434068202972
[92mINFO [0m:      		round 5: 0.659405511379242
[92mINFO [0m:      		round 6: 0.6190469586372376
[92mINFO [0m:      		round 7: 0.6372601288795471
[92mINFO [0m:      		round 8: 0.6579009257316589
[92mINFO [0m:      		round 9: 0.6894604776620865
[92mINFO [0m:      		round 10: 0.7104525166034699
[92mINFO [0m:      	History (metrics, distributed, fit):
[92mINFO [0m:      	{'avg_flops_per_client_round': [(1, 8140624189440.0),
[92mINFO [0m:      	                                (2, 8140624189440.0),
[92mINFO [0m:      	                                (3, 8140624189440.0),
[92mINFO [0m:      	                                (4, 8140624189440.0),
[92mINFO [0m:      	                                (5, 8140624189440.0),
[92mINFO [0m:      	                                (6, 8140624189440.0),
[92mINFO [0m:      	                                (7, 8140624189440.0),
[92mINFO [0m:      	                                (8, 8140624189440.0),
[92mINFO [0m:      	                                (9, 8140624189440.0),
[92mINFO [0m:      	                                (10, 8140624189440.0)],
[92mINFO [0m:      	 'total_flops_round': [(1, 40703120947200),
[92mINFO [0m:      	                       (2, 40703120947200),
[92mINFO [0m:      	                       (3, 40703120947200),
[92mINFO [0m:      	                       (4, 40703120947200),
[92mINFO [0m:      	                       (5, 40703120947200),
[92mINFO [0m:      	                       (6, 40703120947200),
[92mINFO [0m:      	                       (7, 40703120947200),
[92mINFO [0m:      	                       (8, 40703120947200),
[92mINFO [0m:      	                       (9, 40703120947200),
[92mINFO [0m:      	                       (10, 40703120947200)]}
[92mINFO [0m:      	History (metrics, distributed, evaluate):
[92mINFO [0m:      	{'accuracy': [(1, 0.1094437775110044),
[92mINFO [0m:      	              (2, 0.6388555422168868),
[92mINFO [0m:      	              (3, 0.7388955582232893),
[92mINFO [0m:      	              (4, 0.7721088435374149),
[92mINFO [0m:      	              (5, 0.7939175670268107),
[92mINFO [0m:      	              (6, 0.8093237294917968),
[92mINFO [0m:      	              (7, 0.8169267707082833),
[92mINFO [0m:      	              (8, 0.8219287715086034),
[92mINFO [0m:      	              (9, 0.8177270908363345),
[92mINFO [0m:      	              (10, 0.821328531412565)],
[92mINFO [0m:      	 'loss': [(1, 2.3071280527038542),
[92mINFO [0m:      	          (2, 1.1611428232420058),
[92mINFO [0m:      	          (3, 0.7482904537576063),
[92mINFO [0m:      	          (4, 0.6622164880647426),
[92mINFO [0m:      	          (5, 0.6391644252269637),
[92mINFO [0m:      	          (6, 0.5995470392687314),
[92mINFO [0m:      	          (7, 0.6174795620885788),
[92mINFO [0m:      	          (8, 0.6248139646120456),
[92mINFO [0m:      	          (9, 0.6607097210463176),
[92mINFO [0m:      	          (10, 0.6679477238518541)]}
[92mINFO [0m:      	History (metrics, centralized):
[92mINFO [0m:      	{'accuracy': [(0, 0.0986),
[92mINFO [0m:      	              (1, 0.1002),
[92mINFO [0m:      	              (2, 0.6332),
[92mINFO [0m:      	              (3, 0.7363),
[92mINFO [0m:      	              (4, 0.7772),
[92mINFO [0m:      	              (5, 0.7923),
[92mINFO [0m:      	              (6, 0.8097),
[92mINFO [0m:      	              (7, 0.8136),
[92mINFO [0m:      	              (8, 0.8176),
[92mINFO [0m:      	              (9, 0.8127),
[92mINFO [0m:      	              (10, 0.8158)],
[92mINFO [0m:      	 'loss': [(0, 2.3030982109069824),
[92mINFO [0m:      	          (1, 2.3061527225494385),
[92mINFO [0m:      	          (2, 1.1724177827835083),
[92mINFO [0m:      	          (3, 0.7605509699821472),
[92mINFO [0m:      	          (4, 0.6788434068202972),
[92mINFO [0m:      	          (5, 0.659405511379242),
[92mINFO [0m:      	          (6, 0.6190469586372376),
[92mINFO [0m:      	          (7, 0.6372601288795471),
[92mINFO [0m:      	          (8, 0.6579009257316589),
[92mINFO [0m:      	          (9, 0.6894604776620865),
[92mINFO [0m:      	          (10, 0.7104525166034699)]}
[92mINFO [0m:      
Treinando no dispositivo: cuda:0 com o dataset: CIFAR10 | Setup clientes: 5 (num_gpus por cliente=0.2) | SEED=51
FLOPS por amostra (forward): 6.030e+07 | (forward+backward, 3x): 1.809e+08
Files already downloaded and verified
Files already downloaded and verified
Dividindo o dataset usando a distribuição de Dirichlet com alpha=1.0.
Iniciando a simulação de Aprendizado Federado...
=== Diagnóstico de Medição de GPU ===
  pynvml_disponivel: True
  pynvml_versao: 580.173.02
  gpus_detectadas: 1
  leitura_potencia_ok: True
  potencia_atual_W: 115.459

--- Rodada 0 - Avaliação Centralizada (Servidor) ---
Loss (Servidor): 2.3031 | Acurácia (Servidor): 0.0986

--- Rodada 1 - Avaliação Centralizada (Servidor) ---
Loss (Servidor): 2.3062 | Acurácia (Servidor): 0.1002
--- Avaliação Agregada (Clientes) ---
Loss Média (Clientes): 2.3071 | Acurácia Média (Clientes): 0.1094

--- Rodada 2 - Avaliação Centralizada (Servidor) ---
Loss (Servidor): 1.1724 | Acurácia (Servidor): 0.6332
--- Avaliação Agregada (Clientes) ---
Loss Média (Clientes): 1.1611 | Acurácia Média (Clientes): 0.6389

--- Rodada 3 - Avaliação Centralizada (Servidor) ---
Loss (Servidor): 0.7606 | Acurácia (Servidor): 0.7363
--- Avaliação Agregada (Clientes) ---
Loss Média (Clientes): 0.7483 | Acurácia Média (Clientes): 0.7389

--- Rodada 4 - Avaliação Centralizada (Servidor) ---
Loss (Servidor): 0.6788 | Acurácia (Servidor): 0.7772
--- Avaliação Agregada (Clientes) ---
Loss Média (Clientes): 0.6622 | Acurácia Média (Clientes): 0.7721

--- Rodada 5 - Avaliação Centralizada (Servidor) ---
Loss (Servidor): 0.6594 | Acurácia (Servidor): 0.7923
--- Avaliação Agregada (Clientes) ---
Loss Média (Clientes): 0.6392 | Acurácia Média (Clientes): 0.7939

--- Rodada 6 - Avaliação Centralizada (Servidor) ---
Loss (Servidor): 0.6190 | Acurácia (Servidor): 0.8097
--- Avaliação Agregada (Clientes) ---
Loss Média (Clientes): 0.5995 | Acurácia Média (Clientes): 0.8093

--- Rodada 7 - Avaliação Centralizada (Servidor) ---
Loss (Servidor): 0.6373 | Acurácia (Servidor): 0.8136
--- Avaliação Agregada (Clientes) ---
Loss Média (Clientes): 0.6175 | Acurácia Média (Clientes): 0.8169

--- Rodada 8 - Avaliação Centralizada (Servidor) ---
Loss (Servidor): 0.6579 | Acurácia (Servidor): 0.8176
--- Avaliação Agregada (Clientes) ---
Loss Média (Clientes): 0.6248 | Acurácia Média (Clientes): 0.8219

--- Rodada 9 - Avaliação Centralizada (Servidor) ---
Loss (Servidor): 0.6895 | Acurácia (Servidor): 0.8127
--- Avaliação Agregada (Clientes) ---
Loss Média (Clientes): 0.6607 | Acurácia Média (Clientes): 0.8177

--- Rodada 10 - Avaliação Centralizada (Servidor) ---
Loss (Servidor): 0.7105 | Acurácia (Servidor): 0.8158
--- Avaliação Agregada (Clientes) ---
Loss Média (Clientes): 0.6679 | Acurácia Média (Clientes): 0.8213

Resultados salvos em: /home/tiago/GitHubProjects/fedhad-thesis-2/FedAVG-results/1.1_diagnostico_drift/CIFAR10/FedAVG__CIFAR10__Setup-5__Clients-5__Rounds-10__Delay-0_05__Alpha-1_0__Seed-51.txt
[36m(ClientAppActor pid=331436)[0m [93mWARNING [0m:   DEPRECATED FEATURE: `client_fn` now expects a signature `def client_fn(context: Context)`.The provided `client_fn` has signature: {'cid': <Parameter "cid: str">}. You can import the `Context` like this: `from flwr.app import Context`[32m [repeated 4x across cluster][0m
[36m(ClientAppActor pid=331436)[0m             This is a deprecated feature. It will be removed[32m [repeated 4x across cluster][0m
[36m(ClientAppActor pid=331436)[0m             entirely in future versions of Flower.[32m [repeated 4x across cluster][0m
