[codecarbon WARNING @ 12:03:14] Multiple instances of codecarbon are allowed to run at the same time.
[93mWARNING [0m:   DEPRECATED FEATURE: flwr.simulation.start_simulation() is deprecated.
	Instead, use the `flwr run` CLI command to start a local simulation in your Flower app, as shown for example below:

		$ flwr new  # Create a new Flower app from a template

		$ flwr run  # Run the Flower app in Simulation Mode

	Using `start_simulation()` is deprecated.

            This is a deprecated feature. It will be removed
            entirely in future versions of Flower.
        
[92mINFO [0m:      Starting Flower simulation, config: num_rounds=10, no round_timeout
2026-09-04 12:03:23,199	INFO worker.py:2012 -- Started a local Ray instance.
/home/tiago/GitHubProjects/fedhad-thesis-2/env_flwr_pt/lib/python3.12/site-packages/ray/_private/worker.py:2051: FutureWarning: Tip: In future versions of Ray, Ray will no longer override accelerator visible devices env var if num_gpus=0 or num_gpus=None (default). To enable this behavior and turn off this error message, set RAY_ACCEL_ENV_VAR_OVERRIDE_ON_ZERO=0
  warnings.warn(
[92mINFO [0m:      Flower VCE: Ray initialized with resources: {'node:10.129.64.100': 1.0, 'memory': 181425041818.0, 'CPU': 64.0, 'node:__internal_head__': 1.0, 'GPU': 1.0, 'object_store_memory': 77753589350.0, 'accelerator_type:A40': 1.0}
[92mINFO [0m:      Optimize your simulation with Flower VCE: https://flower.ai/docs/framework/how-to-run-simulations.html
/home/tiago/GitHubProjects/fedhad-thesis-2/FedAVG_Final.py:1577: UserWarning: No `num_cpus` specified in `client_resources`. Using `num_cpus=1` for each client.
  history = fl.simulation.start_simulation(
[92mINFO [0m:      Flower VCE: Resources for each Virtual Client: {'num_gpus': 0.2, 'num_cpus': 1}
[92mINFO [0m:      Flower VCE: Creating VirtualClientEngineActorPool with 5 actors
[92mINFO [0m:      [INIT]
[92mINFO [0m:      Requesting initial parameters from one random client
[36m(ClientAppActor pid=369246)[0m [93mWARNING [0m:   DEPRECATED FEATURE: `client_fn` now expects a signature `def client_fn(context: Context)`.The provided `client_fn` has signature: {'cid': <Parameter "cid: str">}. You can import the `Context` like this: `from flwr.app import Context`
[36m(ClientAppActor pid=369246)[0m 
[36m(ClientAppActor pid=369246)[0m             This is a deprecated feature. It will be removed
[36m(ClientAppActor pid=369246)[0m             entirely in future versions of Flower.
[36m(ClientAppActor pid=369246)[0m         
[92mINFO [0m:      Received initial parameters from one random client
[92mINFO [0m:      Starting evaluation of initial global parameters
[92mINFO [0m:      initial parameters (loss, other metrics): 2.3036525131225587, {'accuracy': 0.1, 'loss': 2.3036525131225587}
[92mINFO [0m:      
[92mINFO [0m:      [ROUND 1]
[92mINFO [0m:      configure_fit: strategy sampled 5 clients (out of 5)
[36m(ClientAppActor pid=369246)[0m [93mWARNING [0m:   DEPRECATED FEATURE: `client_fn` now expects a signature `def client_fn(context: Context)`.The provided `client_fn` has signature: {'cid': <Parameter "cid: str">}. You can import the `Context` like this: `from flwr.app import Context`
[36m(ClientAppActor pid=369246)[0m 
[36m(ClientAppActor pid=369246)[0m             This is a deprecated feature. It will be removed
[36m(ClientAppActor pid=369246)[0m             entirely in future versions of Flower.
[36m(ClientAppActor pid=369246)[0m         
[36m(ClientAppActor pid=369250)[0m 
[36m(ClientAppActor pid=369250)[0m         
[36m(ClientAppActor pid=369249)[0m 
[36m(ClientAppActor pid=369249)[0m         
[36m(ClientAppActor pid=369248)[0m 
[36m(ClientAppActor pid=369248)[0m         
[36m(ClientAppActor pid=369247)[0m 
[36m(ClientAppActor pid=369247)[0m         
[92mINFO [0m:      aggregate_fit: received 5 results and 0 failures
[92mINFO [0m:      fit progress: (1, 2.301847246551514, {'accuracy': 0.1777, 'loss': 2.301847246551514}, 16.614078940008767)
[92mINFO [0m:      configure_evaluate: strategy sampled 5 clients (out of 5)
[36m(ClientAppActor pid=369249)[0m 
[36m(ClientAppActor pid=369249)[0m         
[36m(ClientAppActor pid=369249)[0m [93mWARNING [0m:   DEPRECATED FEATURE: `client_fn` now expects a signature `def client_fn(context: Context)`.The provided `client_fn` has signature: {'cid': <Parameter "cid: str">}. You can import the `Context` like this: `from flwr.app import Context`[32m [repeated 5x across cluster] (Ray deduplicates logs by default. Set RAY_DEDUP_LOGS=0 to disable log deduplication, or see https://docs.ray.io/en/master/ray-observability/user-guides/configure-logging.html#log-deduplication for more options.)[0m
[36m(ClientAppActor pid=369249)[0m             This is a deprecated feature. It will be removed[32m [repeated 5x across cluster][0m
[36m(ClientAppActor pid=369249)[0m             entirely in future versions of Flower.[32m [repeated 5x across cluster][0m
[36m(ClientAppActor pid=369247)[0m 
[36m(ClientAppActor pid=369247)[0m         
[36m(ClientAppActor pid=369248)[0m 
[36m(ClientAppActor pid=369248)[0m         
[36m(ClientAppActor pid=369250)[0m 
[36m(ClientAppActor pid=369250)[0m         
[36m(ClientAppActor pid=369246)[0m 
[36m(ClientAppActor pid=369246)[0m         
[92mINFO [0m:      aggregate_evaluate: received 5 results and 0 failures
[92mINFO [0m:      
[92mINFO [0m:      [ROUND 2]
[92mINFO [0m:      configure_fit: strategy sampled 5 clients (out of 5)
[36m(ClientAppActor pid=369246)[0m 
[36m(ClientAppActor pid=369246)[0m         
[36m(ClientAppActor pid=369250)[0m 
[36m(ClientAppActor pid=369250)[0m         
[36m(ClientAppActor pid=369247)[0m 
[36m(ClientAppActor pid=369247)[0m         
[36m(ClientAppActor pid=369248)[0m 
[36m(ClientAppActor pid=369248)[0m         
[36m(ClientAppActor pid=369249)[0m 
[36m(ClientAppActor pid=369249)[0m         
[92mINFO [0m:      aggregate_fit: received 5 results and 0 failures
[92mINFO [0m:      fit progress: (2, 1.7736198461532593, {'accuracy': 0.4112, 'loss': 1.7736198461532593}, 32.33420974900946)
[92mINFO [0m:      configure_evaluate: strategy sampled 5 clients (out of 5)
[36m(ClientAppActor pid=369250)[0m 
[36m(ClientAppActor pid=369250)[0m         
[36m(ClientAppActor pid=369250)[0m [93mWARNING [0m:   DEPRECATED FEATURE: `client_fn` now expects a signature `def client_fn(context: Context)`.The provided `client_fn` has signature: {'cid': <Parameter "cid: str">}. You can import the `Context` like this: `from flwr.app import Context`[32m [repeated 10x across cluster][0m
[36m(ClientAppActor pid=369250)[0m             This is a deprecated feature. It will be removed[32m [repeated 10x across cluster][0m
[36m(ClientAppActor pid=369250)[0m             entirely in future versions of Flower.[32m [repeated 10x across cluster][0m
[36m(ClientAppActor pid=369246)[0m 
[36m(ClientAppActor pid=369246)[0m         
[36m(ClientAppActor pid=369249)[0m 
[36m(ClientAppActor pid=369249)[0m         
[36m(ClientAppActor pid=369248)[0m 
[36m(ClientAppActor pid=369248)[0m         
[36m(ClientAppActor pid=369247)[0m 
[36m(ClientAppActor pid=369247)[0m         
[92mINFO [0m:      aggregate_evaluate: received 5 results and 0 failures
[92mINFO [0m:      
[92mINFO [0m:      [ROUND 3]
[92mINFO [0m:      configure_fit: strategy sampled 5 clients (out of 5)
[36m(ClientAppActor pid=369247)[0m 
[36m(ClientAppActor pid=369247)[0m         
[36m(ClientAppActor pid=369248)[0m 
[36m(ClientAppActor pid=369248)[0m         
[36m(ClientAppActor pid=369249)[0m 
[36m(ClientAppActor pid=369249)[0m         
[36m(ClientAppActor pid=369246)[0m 
[36m(ClientAppActor pid=369246)[0m         
[36m(ClientAppActor pid=369250)[0m 
[36m(ClientAppActor pid=369250)[0m         
[92mINFO [0m:      aggregate_fit: received 5 results and 0 failures
[92mINFO [0m:      fit progress: (3, 1.4508502462387085, {'accuracy': 0.4886, 'loss': 1.4508502462387085}, 47.7546151340357)
[92mINFO [0m:      configure_evaluate: strategy sampled 5 clients (out of 5)
[36m(ClientAppActor pid=369247)[0m 
[36m(ClientAppActor pid=369247)[0m         
[36m(ClientAppActor pid=369247)[0m [93mWARNING [0m:   DEPRECATED FEATURE: `client_fn` now expects a signature `def client_fn(context: Context)`.The provided `client_fn` has signature: {'cid': <Parameter "cid: str">}. You can import the `Context` like this: `from flwr.app import Context`[32m [repeated 10x across cluster][0m
[36m(ClientAppActor pid=369247)[0m             This is a deprecated feature. It will be removed[32m [repeated 10x across cluster][0m
[36m(ClientAppActor pid=369247)[0m             entirely in future versions of Flower.[32m [repeated 10x across cluster][0m
[36m(ClientAppActor pid=369246)[0m 
[36m(ClientAppActor pid=369246)[0m         
[36m(ClientAppActor pid=369250)[0m 
[36m(ClientAppActor pid=369250)[0m         
[36m(ClientAppActor pid=369248)[0m 
[36m(ClientAppActor pid=369248)[0m         
[36m(ClientAppActor pid=369249)[0m 
[36m(ClientAppActor pid=369249)[0m         
[92mINFO [0m:      aggregate_evaluate: received 5 results and 0 failures
[92mINFO [0m:      
[92mINFO [0m:      [ROUND 4]
[92mINFO [0m:      configure_fit: strategy sampled 5 clients (out of 5)
[36m(ClientAppActor pid=369249)[0m 
[36m(ClientAppActor pid=369249)[0m         
[36m(ClientAppActor pid=369250)[0m 
[36m(ClientAppActor pid=369250)[0m         
[36m(ClientAppActor pid=369246)[0m 
[36m(ClientAppActor pid=369246)[0m         
[36m(ClientAppActor pid=369248)[0m 
[36m(ClientAppActor pid=369248)[0m         
[36m(ClientAppActor pid=369247)[0m 
[36m(ClientAppActor pid=369247)[0m         
[92mINFO [0m:      aggregate_fit: received 5 results and 0 failures
[92mINFO [0m:      fit progress: (4, 1.2761203142166138, {'accuracy': 0.5516, 'loss': 1.2761203142166138}, 63.44628668500809)
[92mINFO [0m:      configure_evaluate: strategy sampled 5 clients (out of 5)
[36m(ClientAppActor pid=369246)[0m 
[36m(ClientAppActor pid=369246)[0m         
[36m(ClientAppActor pid=369246)[0m [93mWARNING [0m:   DEPRECATED FEATURE: `client_fn` now expects a signature `def client_fn(context: Context)`.The provided `client_fn` has signature: {'cid': <Parameter "cid: str">}. You can import the `Context` like this: `from flwr.app import Context`[32m [repeated 10x across cluster][0m
[36m(ClientAppActor pid=369246)[0m             This is a deprecated feature. It will be removed[32m [repeated 10x across cluster][0m
[36m(ClientAppActor pid=369246)[0m             entirely in future versions of Flower.[32m [repeated 10x across cluster][0m
[36m(ClientAppActor pid=369249)[0m 
[36m(ClientAppActor pid=369249)[0m         
[36m(ClientAppActor pid=369247)[0m 
[36m(ClientAppActor pid=369247)[0m         
[36m(ClientAppActor pid=369248)[0m 
[36m(ClientAppActor pid=369248)[0m         
[36m(ClientAppActor pid=369250)[0m 
[36m(ClientAppActor pid=369250)[0m         
[92mINFO [0m:      aggregate_evaluate: received 5 results and 0 failures
[92mINFO [0m:      
[92mINFO [0m:      [ROUND 5]
[92mINFO [0m:      configure_fit: strategy sampled 5 clients (out of 5)
[36m(ClientAppActor pid=369250)[0m 
[36m(ClientAppActor pid=369250)[0m         
[36m(ClientAppActor pid=369248)[0m 
[36m(ClientAppActor pid=369248)[0m         
[36m(ClientAppActor pid=369247)[0m 
[36m(ClientAppActor pid=369247)[0m         
[36m(ClientAppActor pid=369249)[0m 
[36m(ClientAppActor pid=369249)[0m         
[36m(ClientAppActor pid=369246)[0m 
[36m(ClientAppActor pid=369246)[0m         
[92mINFO [0m:      aggregate_fit: received 5 results and 0 failures
[92mINFO [0m:      fit progress: (5, 1.1369349059104918, {'accuracy': 0.6135, 'loss': 1.1369349059104918}, 79.24278769904049)
[92mINFO [0m:      configure_evaluate: strategy sampled 5 clients (out of 5)
[36m(ClientAppActor pid=369247)[0m 
[36m(ClientAppActor pid=369247)[0m         
[36m(ClientAppActor pid=369247)[0m [93mWARNING [0m:   DEPRECATED FEATURE: `client_fn` now expects a signature `def client_fn(context: Context)`.The provided `client_fn` has signature: {'cid': <Parameter "cid: str">}. You can import the `Context` like this: `from flwr.app import Context`[32m [repeated 10x across cluster][0m
[36m(ClientAppActor pid=369247)[0m             This is a deprecated feature. It will be removed[32m [repeated 10x across cluster][0m
[36m(ClientAppActor pid=369247)[0m             entirely in future versions of Flower.[32m [repeated 10x across cluster][0m
[36m(ClientAppActor pid=369250)[0m 
[36m(ClientAppActor pid=369250)[0m         
[36m(ClientAppActor pid=369249)[0m 
[36m(ClientAppActor pid=369249)[0m         
[36m(ClientAppActor pid=369246)[0m 
[36m(ClientAppActor pid=369246)[0m         
[36m(ClientAppActor pid=369248)[0m 
[36m(ClientAppActor pid=369248)[0m         
[92mINFO [0m:      aggregate_evaluate: received 5 results and 0 failures
[92mINFO [0m:      
[92mINFO [0m:      [ROUND 6]
[92mINFO [0m:      configure_fit: strategy sampled 5 clients (out of 5)
[36m(ClientAppActor pid=369248)[0m 
[36m(ClientAppActor pid=369248)[0m         
[36m(ClientAppActor pid=369246)[0m 
[36m(ClientAppActor pid=369246)[0m         
[36m(ClientAppActor pid=369249)[0m 
[36m(ClientAppActor pid=369249)[0m         
[36m(ClientAppActor pid=369250)[0m 
[36m(ClientAppActor pid=369250)[0m         
[36m(ClientAppActor pid=369247)[0m 
[36m(ClientAppActor pid=369247)[0m         
[92mINFO [0m:      aggregate_fit: received 5 results and 0 failures
[92mINFO [0m:      fit progress: (6, 1.0626043914794923, {'accuracy': 0.6354, 'loss': 1.0626043914794923}, 95.09499419503845)
[92mINFO [0m:      configure_evaluate: strategy sampled 5 clients (out of 5)
[36m(ClientAppActor pid=369247)[0m 
[36m(ClientAppActor pid=369247)[0m         
[36m(ClientAppActor pid=369247)[0m [93mWARNING [0m:   DEPRECATED FEATURE: `client_fn` now expects a signature `def client_fn(context: Context)`.The provided `client_fn` has signature: {'cid': <Parameter "cid: str">}. You can import the `Context` like this: `from flwr.app import Context`[32m [repeated 10x across cluster][0m
[36m(ClientAppActor pid=369247)[0m             This is a deprecated feature. It will be removed[32m [repeated 10x across cluster][0m
[36m(ClientAppActor pid=369247)[0m             entirely in future versions of Flower.[32m [repeated 10x across cluster][0m
[36m(ClientAppActor pid=369248)[0m 
[36m(ClientAppActor pid=369248)[0m         
[36m(ClientAppActor pid=369250)[0m 
[36m(ClientAppActor pid=369250)[0m         
[36m(ClientAppActor pid=369249)[0m 
[36m(ClientAppActor pid=369249)[0m         
[36m(ClientAppActor pid=369246)[0m 
[36m(ClientAppActor pid=369246)[0m         
[92mINFO [0m:      aggregate_evaluate: received 5 results and 0 failures
[92mINFO [0m:      
[92mINFO [0m:      [ROUND 7]
[92mINFO [0m:      configure_fit: strategy sampled 5 clients (out of 5)
[36m(ClientAppActor pid=369246)[0m 
[36m(ClientAppActor pid=369246)[0m         
[36m(ClientAppActor pid=369249)[0m 
[36m(ClientAppActor pid=369249)[0m         
[36m(ClientAppActor pid=369250)[0m 
[36m(ClientAppActor pid=369250)[0m         
[36m(ClientAppActor pid=369248)[0m 
[36m(ClientAppActor pid=369248)[0m         
[36m(ClientAppActor pid=369247)[0m 
[36m(ClientAppActor pid=369247)[0m         
[92mINFO [0m:      aggregate_fit: received 5 results and 0 failures
[92mINFO [0m:      fit progress: (7, 0.9652377604484558, {'accuracy': 0.6835, 'loss': 0.9652377604484558}, 110.77428930002498)
[92mINFO [0m:      configure_evaluate: strategy sampled 5 clients (out of 5)
[36m(ClientAppActor pid=369246)[0m 
[36m(ClientAppActor pid=369246)[0m         
[36m(ClientAppActor pid=369246)[0m [93mWARNING [0m:   DEPRECATED FEATURE: `client_fn` now expects a signature `def client_fn(context: Context)`.The provided `client_fn` has signature: {'cid': <Parameter "cid: str">}. You can import the `Context` like this: `from flwr.app import Context`[32m [repeated 10x across cluster][0m
[36m(ClientAppActor pid=369246)[0m             This is a deprecated feature. It will be removed[32m [repeated 10x across cluster][0m
[36m(ClientAppActor pid=369246)[0m             entirely in future versions of Flower.[32m [repeated 10x across cluster][0m
[36m(ClientAppActor pid=369249)[0m 
[36m(ClientAppActor pid=369249)[0m         
[36m(ClientAppActor pid=369247)[0m 
[36m(ClientAppActor pid=369247)[0m         
[36m(ClientAppActor pid=369250)[0m 
[36m(ClientAppActor pid=369250)[0m         
[36m(ClientAppActor pid=369248)[0m 
[36m(ClientAppActor pid=369248)[0m         
[92mINFO [0m:      aggregate_evaluate: received 5 results and 0 failures
[92mINFO [0m:      
[92mINFO [0m:      [ROUND 8]
[92mINFO [0m:      configure_fit: strategy sampled 5 clients (out of 5)
[36m(ClientAppActor pid=369250)[0m 
[36m(ClientAppActor pid=369250)[0m         
[36m(ClientAppActor pid=369248)[0m 
[36m(ClientAppActor pid=369248)[0m         
[36m(ClientAppActor pid=369247)[0m 
[36m(ClientAppActor pid=369247)[0m         
[36m(ClientAppActor pid=369249)[0m 
[36m(ClientAppActor pid=369249)[0m         
[36m(ClientAppActor pid=369246)[0m 
[36m(ClientAppActor pid=369246)[0m         
[92mINFO [0m:      aggregate_fit: received 5 results and 0 failures
[92mINFO [0m:      fit progress: (8, 0.9521554206848144, {'accuracy': 0.6887, 'loss': 0.9521554206848144}, 126.21060075500282)
[92mINFO [0m:      configure_evaluate: strategy sampled 5 clients (out of 5)
[36m(ClientAppActor pid=369250)[0m 
[36m(ClientAppActor pid=369250)[0m         
[36m(ClientAppActor pid=369250)[0m [93mWARNING [0m:   DEPRECATED FEATURE: `client_fn` now expects a signature `def client_fn(context: Context)`.The provided `client_fn` has signature: {'cid': <Parameter "cid: str">}. You can import the `Context` like this: `from flwr.app import Context`[32m [repeated 10x across cluster][0m
[36m(ClientAppActor pid=369250)[0m             This is a deprecated feature. It will be removed[32m [repeated 10x across cluster][0m
[36m(ClientAppActor pid=369250)[0m             entirely in future versions of Flower.[32m [repeated 10x across cluster][0m
[36m(ClientAppActor pid=369247)[0m 
[36m(ClientAppActor pid=369247)[0m         
[36m(ClientAppActor pid=369248)[0m 
[36m(ClientAppActor pid=369248)[0m         
[36m(ClientAppActor pid=369246)[0m 
[36m(ClientAppActor pid=369246)[0m         
[36m(ClientAppActor pid=369249)[0m 
[36m(ClientAppActor pid=369249)[0m         
[92mINFO [0m:      aggregate_evaluate: received 5 results and 0 failures
[92mINFO [0m:      
[92mINFO [0m:      [ROUND 9]
[92mINFO [0m:      configure_fit: strategy sampled 5 clients (out of 5)
[36m(ClientAppActor pid=369246)[0m 
[36m(ClientAppActor pid=369246)[0m         
[36m(ClientAppActor pid=369249)[0m 
[36m(ClientAppActor pid=369249)[0m         
[36m(ClientAppActor pid=369248)[0m 
[36m(ClientAppActor pid=369248)[0m         
[36m(ClientAppActor pid=369247)[0m 
[36m(ClientAppActor pid=369247)[0m         
[36m(ClientAppActor pid=369250)[0m 
[36m(ClientAppActor pid=369250)[0m         
[92mINFO [0m:      aggregate_fit: received 5 results and 0 failures
[92mINFO [0m:      fit progress: (9, 0.9845863512992858, {'accuracy': 0.688, 'loss': 0.9845863512992858}, 141.68985237600282)
[92mINFO [0m:      configure_evaluate: strategy sampled 5 clients (out of 5)
[36m(ClientAppActor pid=369246)[0m 
[36m(ClientAppActor pid=369246)[0m         
[36m(ClientAppActor pid=369246)[0m [93mWARNING [0m:   DEPRECATED FEATURE: `client_fn` now expects a signature `def client_fn(context: Context)`.The provided `client_fn` has signature: {'cid': <Parameter "cid: str">}. You can import the `Context` like this: `from flwr.app import Context`[32m [repeated 10x across cluster][0m
[36m(ClientAppActor pid=369246)[0m             This is a deprecated feature. It will be removed[32m [repeated 10x across cluster][0m
[36m(ClientAppActor pid=369246)[0m             entirely in future versions of Flower.[32m [repeated 10x across cluster][0m
[36m(ClientAppActor pid=369248)[0m 
[36m(ClientAppActor pid=369248)[0m         
[36m(ClientAppActor pid=369249)[0m 
[36m(ClientAppActor pid=369249)[0m         
[36m(ClientAppActor pid=369250)[0m 
[36m(ClientAppActor pid=369250)[0m         
[36m(ClientAppActor pid=369247)[0m 
[36m(ClientAppActor pid=369247)[0m         
[92mINFO [0m:      aggregate_evaluate: received 5 results and 0 failures
[92mINFO [0m:      
[92mINFO [0m:      [ROUND 10]
[92mINFO [0m:      configure_fit: strategy sampled 5 clients (out of 5)
[36m(ClientAppActor pid=369247)[0m 
[36m(ClientAppActor pid=369247)[0m         
[36m(ClientAppActor pid=369250)[0m 
[36m(ClientAppActor pid=369250)[0m         
[36m(ClientAppActor pid=369249)[0m 
[36m(ClientAppActor pid=369249)[0m         
[36m(ClientAppActor pid=369248)[0m 
[36m(ClientAppActor pid=369248)[0m         
[36m(ClientAppActor pid=369246)[0m 
[36m(ClientAppActor pid=369246)[0m         
[92mINFO [0m:      aggregate_fit: received 5 results and 0 failures
[92mINFO [0m:      fit progress: (10, 0.9331232297897338, {'accuracy': 0.7053, 'loss': 0.9331232297897338}, 157.57145681901602)
[92mINFO [0m:      configure_evaluate: strategy sampled 5 clients (out of 5)
[36m(ClientAppActor pid=369246)[0m 
[36m(ClientAppActor pid=369246)[0m         
[36m(ClientAppActor pid=369246)[0m [93mWARNING [0m:   DEPRECATED FEATURE: `client_fn` now expects a signature `def client_fn(context: Context)`.The provided `client_fn` has signature: {'cid': <Parameter "cid: str">}. You can import the `Context` like this: `from flwr.app import Context`[32m [repeated 10x across cluster][0m
[36m(ClientAppActor pid=369246)[0m             This is a deprecated feature. It will be removed[32m [repeated 10x across cluster][0m
[36m(ClientAppActor pid=369246)[0m             entirely in future versions of Flower.[32m [repeated 10x across cluster][0m
[36m(ClientAppActor pid=369250)[0m 
[36m(ClientAppActor pid=369250)[0m         
[36m(ClientAppActor pid=369249)[0m 
[36m(ClientAppActor pid=369249)[0m         
[36m(ClientAppActor pid=369248)[0m 
[36m(ClientAppActor pid=369248)[0m         
[36m(ClientAppActor pid=369247)[0m 
[36m(ClientAppActor pid=369247)[0m         
[92mINFO [0m:      aggregate_evaluate: received 5 results and 0 failures
[92mINFO [0m:      
[92mINFO [0m:      [SUMMARY]
[92mINFO [0m:      Run finished 10 round(s) in 158.35s
[92mINFO [0m:      	History (loss, distributed):
[92mINFO [0m:      		round 1: 2.296692442364375
[92mINFO [0m:      		round 2: 1.764980647906032
[92mINFO [0m:      		round 3: 1.4451270635685778
[92mINFO [0m:      		round 4: 1.2585031922302032
[92mINFO [0m:      		round 5: 1.1188986662008154
[92mINFO [0m:      		round 6: 1.0344561434326494
[92mINFO [0m:      		round 7: 0.9403124333549219
[92mINFO [0m:      		round 8: 0.9243823454955923
[92mINFO [0m:      		round 9: 0.9490785777556889
[92mINFO [0m:      		round 10: 0.8999467675676818
[92mINFO [0m:      	History (loss, centralized):
[92mINFO [0m:      		round 0: 2.3036525131225587
[92mINFO [0m:      		round 1: 2.301847246551514
[92mINFO [0m:      		round 2: 1.7736198461532593
[92mINFO [0m:      		round 3: 1.4508502462387085
[92mINFO [0m:      		round 4: 1.2761203142166138
[92mINFO [0m:      		round 5: 1.1369349059104918
[92mINFO [0m:      		round 6: 1.0626043914794923
[92mINFO [0m:      		round 7: 0.9652377604484558
[92mINFO [0m:      		round 8: 0.9521554206848144
[92mINFO [0m:      		round 9: 0.9845863512992858
[92mINFO [0m:      		round 10: 0.9331232297897338
[92mINFO [0m:      	History (metrics, distributed, fit):
[92mINFO [0m:      	{'avg_flops_per_client_round': [(1, 8140805084160.0),
[92mINFO [0m:      	                                (2, 8140805084160.0),
[92mINFO [0m:      	                                (3, 8140805084160.0),
[92mINFO [0m:      	                                (4, 8140805084160.0),
[92mINFO [0m:      	                                (5, 8140805084160.0),
[92mINFO [0m:      	                                (6, 8140805084160.0),
[92mINFO [0m:      	                                (7, 8140805084160.0),
[92mINFO [0m:      	                                (8, 8140805084160.0),
[92mINFO [0m:      	                                (9, 8140805084160.0),
[92mINFO [0m:      	                                (10, 8140805084160.0)],
[92mINFO [0m:      	 'total_flops_round': [(1, 40704025420800),
[92mINFO [0m:      	                       (2, 40704025420800),
[92mINFO [0m:      	                       (3, 40704025420800),
[92mINFO [0m:      	                       (4, 40704025420800),
[92mINFO [0m:      	                       (5, 40704025420800),
[92mINFO [0m:      	                       (6, 40704025420800),
[92mINFO [0m:      	                       (7, 40704025420800),
[92mINFO [0m:      	                       (8, 40704025420800),
[92mINFO [0m:      	                       (9, 40704025420800),
[92mINFO [0m:      	                       (10, 40704025420800)]}
[92mINFO [0m:      	History (metrics, distributed, evaluate):
[92mINFO [0m:      	{'accuracy': [(1, 0.1827096257754653),
[92mINFO [0m:      	              (2, 0.4126475885531319),
[92mINFO [0m:      	              (3, 0.4926956173704223),
[92mINFO [0m:      	              (4, 0.557934760856514),
[92mINFO [0m:      	              (5, 0.6203722233340004),
[92mINFO [0m:      	              (6, 0.6503902341404842),
[92mINFO [0m:      	              (7, 0.6898138883329998),
[92mINFO [0m:      	              (8, 0.692615569341605),
[92mINFO [0m:      	              (9, 0.6928156894136482),
[92mINFO [0m:      	              (10, 0.713828296978187)],
[92mINFO [0m:      	 'loss': [(1, 2.296692442364375),
[92mINFO [0m:      	          (2, 1.764980647906032),
[92mINFO [0m:      	          (3, 1.4451270635685778),
[92mINFO [0m:      	          (4, 1.2585031922302032),
[92mINFO [0m:      	          (5, 1.1188986662008154),
[92mINFO [0m:      	          (6, 1.0344561434326494),
[92mINFO [0m:      	          (7, 0.9403124333549219),
[92mINFO [0m:      	          (8, 0.9243823454955923),
[92mINFO [0m:      	          (9, 0.9490785777556889),
[92mINFO [0m:      	          (10, 0.8999467675676818)]}
[92mINFO [0m:      	History (metrics, centralized):
[92mINFO [0m:      	{'accuracy': [(0, 0.1),
[92mINFO [0m:      	              (1, 0.1777),
[92mINFO [0m:      	              (2, 0.4112),
[92mINFO [0m:      	              (3, 0.4886),
[92mINFO [0m:      	              (4, 0.5516),
[92mINFO [0m:      	              (5, 0.6135),
[92mINFO [0m:      	              (6, 0.6354),
[92mINFO [0m:      	              (7, 0.6835),
[92mINFO [0m:      	              (8, 0.6887),
[92mINFO [0m:      	              (9, 0.688),
[92mINFO [0m:      	              (10, 0.7053)],
[92mINFO [0m:      	 'loss': [(0, 2.3036525131225587),
[92mINFO [0m:      	          (1, 2.301847246551514),
[92mINFO [0m:      	          (2, 1.7736198461532593),
[92mINFO [0m:      	          (3, 1.4508502462387085),
[92mINFO [0m:      	          (4, 1.2761203142166138),
[92mINFO [0m:      	          (5, 1.1369349059104918),
[92mINFO [0m:      	          (6, 1.0626043914794923),
[92mINFO [0m:      	          (7, 0.9652377604484558),
[92mINFO [0m:      	          (8, 0.9521554206848144),
[92mINFO [0m:      	          (9, 0.9845863512992858),
[92mINFO [0m:      	          (10, 0.9331232297897338)]}
[92mINFO [0m:      
Treinando no dispositivo: cuda:0 com o dataset: CIFAR10 | Setup clientes: 5 (num_gpus por cliente=0.2) | SEED=46
FLOPS por amostra (forward): 6.030e+07 | (forward+backward, 3x): 1.809e+08
Files already downloaded and verified
Files already downloaded and verified
Dividindo o dataset usando a distribuição de Dirichlet com alpha=0.1.
Iniciando a simulação de Aprendizado Federado...
=== Diagnóstico de Medição de GPU ===
  pynvml_disponivel: True
  pynvml_versao: 580.173.02
  gpus_detectadas: 1
  leitura_potencia_ok: True
  potencia_atual_W: 115.175

--- Rodada 0 - Avaliação Centralizada (Servidor) ---
Loss (Servidor): 2.3037 | Acurácia (Servidor): 0.1000

--- Rodada 1 - Avaliação Centralizada (Servidor) ---
Loss (Servidor): 2.3018 | Acurácia (Servidor): 0.1777
--- Avaliação Agregada (Clientes) ---
Loss Média (Clientes): 2.2967 | Acurácia Média (Clientes): 0.1827

--- Rodada 2 - Avaliação Centralizada (Servidor) ---
Loss (Servidor): 1.7736 | Acurácia (Servidor): 0.4112
--- Avaliação Agregada (Clientes) ---
Loss Média (Clientes): 1.7650 | Acurácia Média (Clientes): 0.4126

--- Rodada 3 - Avaliação Centralizada (Servidor) ---
Loss (Servidor): 1.4509 | Acurácia (Servidor): 0.4886
--- Avaliação Agregada (Clientes) ---
Loss Média (Clientes): 1.4451 | Acurácia Média (Clientes): 0.4927

--- Rodada 4 - Avaliação Centralizada (Servidor) ---
Loss (Servidor): 1.2761 | Acurácia (Servidor): 0.5516
--- Avaliação Agregada (Clientes) ---
Loss Média (Clientes): 1.2585 | Acurácia Média (Clientes): 0.5579

--- Rodada 5 - Avaliação Centralizada (Servidor) ---
Loss (Servidor): 1.1369 | Acurácia (Servidor): 0.6135
--- Avaliação Agregada (Clientes) ---
Loss Média (Clientes): 1.1189 | Acurácia Média (Clientes): 0.6204

--- Rodada 6 - Avaliação Centralizada (Servidor) ---
Loss (Servidor): 1.0626 | Acurácia (Servidor): 0.6354
--- Avaliação Agregada (Clientes) ---
Loss Média (Clientes): 1.0345 | Acurácia Média (Clientes): 0.6504

--- Rodada 7 - Avaliação Centralizada (Servidor) ---
Loss (Servidor): 0.9652 | Acurácia (Servidor): 0.6835
--- Avaliação Agregada (Clientes) ---
Loss Média (Clientes): 0.9403 | Acurácia Média (Clientes): 0.6898

--- Rodada 8 - Avaliação Centralizada (Servidor) ---
Loss (Servidor): 0.9522 | Acurácia (Servidor): 0.6887
--- Avaliação Agregada (Clientes) ---
Loss Média (Clientes): 0.9244 | Acurácia Média (Clientes): 0.6926

--- Rodada 9 - Avaliação Centralizada (Servidor) ---
Loss (Servidor): 0.9846 | Acurácia (Servidor): 0.6880
--- Avaliação Agregada (Clientes) ---
Loss Média (Clientes): 0.9491 | Acurácia Média (Clientes): 0.6928

--- Rodada 10 - Avaliação Centralizada (Servidor) ---
Loss (Servidor): 0.9331 | Acurácia (Servidor): 0.7053
--- Avaliação Agregada (Clientes) ---
Loss Média (Clientes): 0.8999 | Acurácia Média (Clientes): 0.7138

Resultados salvos em: /home/tiago/GitHubProjects/fedhad-thesis-2/FedAVG-results/1.1_diagnostico_drift/CIFAR10/FedAVG__CIFAR10__Setup-5__Clients-5__Rounds-10__Delay-0_05__Alpha-0_1__Seed-46.txt
[36m(ClientAppActor pid=369247)[0m [93mWARNING [0m:   DEPRECATED FEATURE: `client_fn` now expects a signature `def client_fn(context: Context)`.The provided `client_fn` has signature: {'cid': <Parameter "cid: str">}. You can import the `Context` like this: `from flwr.app import Context`[32m [repeated 4x across cluster][0m
[36m(ClientAppActor pid=369247)[0m             This is a deprecated feature. It will be removed[32m [repeated 4x across cluster][0m
[36m(ClientAppActor pid=369247)[0m             entirely in future versions of Flower.[32m [repeated 4x across cluster][0m
