[codecarbon WARNING @ 11:43:28] Multiple instances of codecarbon are allowed to run at the same time.
[93mWARNING [0m:   DEPRECATED FEATURE: flwr.simulation.start_simulation() is deprecated.
	Instead, use the `flwr run` CLI command to start a local simulation in your Flower app, as shown for example below:

		$ flwr new  # Create a new Flower app from a template

		$ flwr run  # Run the Flower app in Simulation Mode

	Using `start_simulation()` is deprecated.

            This is a deprecated feature. It will be removed
            entirely in future versions of Flower.
        
[92mINFO [0m:      Starting Flower simulation, config: num_rounds=10, no round_timeout
2026-09-04 11:43:37,129	INFO worker.py:2012 -- Started a local Ray instance.
/home/tiago/GitHubProjects/fedhad-thesis-2/env_flwr_pt/lib/python3.12/site-packages/ray/_private/worker.py:2051: FutureWarning: Tip: In future versions of Ray, Ray will no longer override accelerator visible devices env var if num_gpus=0 or num_gpus=None (default). To enable this behavior and turn off this error message, set RAY_ACCEL_ENV_VAR_OVERRIDE_ON_ZERO=0
  warnings.warn(
[92mINFO [0m:      Flower VCE: Ray initialized with resources: {'accelerator_type:A40': 1.0, 'memory': 181382498304.0, 'node:10.129.64.100': 1.0, 'object_store_memory': 77735356416.0, 'CPU': 64.0, 'GPU': 1.0, 'node:__internal_head__': 1.0}
[92mINFO [0m:      Optimize your simulation with Flower VCE: https://flower.ai/docs/framework/how-to-run-simulations.html
/home/tiago/GitHubProjects/fedhad-thesis-2/FedAVG_Final.py:1577: UserWarning: No `num_cpus` specified in `client_resources`. Using `num_cpus=1` for each client.
  history = fl.simulation.start_simulation(
[92mINFO [0m:      Flower VCE: Resources for each Virtual Client: {'num_gpus': 0.2, 'num_cpus': 1}
[92mINFO [0m:      Flower VCE: Creating VirtualClientEngineActorPool with 5 actors
[92mINFO [0m:      [INIT]
[92mINFO [0m:      Requesting initial parameters from one random client
[36m(ClientAppActor pid=316649)[0m [93mWARNING [0m:   DEPRECATED FEATURE: `client_fn` now expects a signature `def client_fn(context: Context)`.The provided `client_fn` has signature: {'cid': <Parameter "cid: str">}. You can import the `Context` like this: `from flwr.app import Context`
[36m(ClientAppActor pid=316649)[0m 
[36m(ClientAppActor pid=316649)[0m             This is a deprecated feature. It will be removed
[36m(ClientAppActor pid=316649)[0m             entirely in future versions of Flower.
[36m(ClientAppActor pid=316649)[0m         
[92mINFO [0m:      Received initial parameters from one random client
[92mINFO [0m:      Starting evaluation of initial global parameters
[92mINFO [0m:      initial parameters (loss, other metrics): 2.3029026264190673, {'accuracy': 0.0994, 'loss': 2.3029026264190673}
[92mINFO [0m:      
[92mINFO [0m:      [ROUND 1]
[92mINFO [0m:      configure_fit: strategy sampled 5 clients (out of 5)
[36m(ClientAppActor pid=316649)[0m [93mWARNING [0m:   DEPRECATED FEATURE: `client_fn` now expects a signature `def client_fn(context: Context)`.The provided `client_fn` has signature: {'cid': <Parameter "cid: str">}. You can import the `Context` like this: `from flwr.app import Context`
[36m(ClientAppActor pid=316649)[0m 
[36m(ClientAppActor pid=316649)[0m             This is a deprecated feature. It will be removed
[36m(ClientAppActor pid=316649)[0m             entirely in future versions of Flower.
[36m(ClientAppActor pid=316649)[0m         
[36m(ClientAppActor pid=316646)[0m 
[36m(ClientAppActor pid=316646)[0m         
[36m(ClientAppActor pid=316647)[0m 
[36m(ClientAppActor pid=316647)[0m         
[36m(ClientAppActor pid=316650)[0m 
[36m(ClientAppActor pid=316650)[0m         
[36m(ClientAppActor pid=316648)[0m 
[36m(ClientAppActor pid=316648)[0m         
[92mINFO [0m:      aggregate_fit: received 5 results and 0 failures
[92mINFO [0m:      fit progress: (1, 2.3062068183898927, {'accuracy': 0.1397, 'loss': 2.3062068183898927}, 14.601917234016582)
[92mINFO [0m:      configure_evaluate: strategy sampled 5 clients (out of 5)
[36m(ClientAppActor pid=316650)[0m 
[36m(ClientAppActor pid=316650)[0m         
[36m(ClientAppActor pid=316650)[0m [93mWARNING [0m:   DEPRECATED FEATURE: `client_fn` now expects a signature `def client_fn(context: Context)`.The provided `client_fn` has signature: {'cid': <Parameter "cid: str">}. You can import the `Context` like this: `from flwr.app import Context`[32m [repeated 5x across cluster] (Ray deduplicates logs by default. Set RAY_DEDUP_LOGS=0 to disable log deduplication, or see https://docs.ray.io/en/master/ray-observability/user-guides/configure-logging.html#log-deduplication for more options.)[0m
[36m(ClientAppActor pid=316650)[0m             This is a deprecated feature. It will be removed[32m [repeated 5x across cluster][0m
[36m(ClientAppActor pid=316650)[0m             entirely in future versions of Flower.[32m [repeated 5x across cluster][0m
[36m(ClientAppActor pid=316646)[0m 
[36m(ClientAppActor pid=316646)[0m         
[36m(ClientAppActor pid=316648)[0m 
[36m(ClientAppActor pid=316648)[0m         
[36m(ClientAppActor pid=316647)[0m 
[36m(ClientAppActor pid=316647)[0m         
[36m(ClientAppActor pid=316649)[0m 
[36m(ClientAppActor pid=316649)[0m         
[92mINFO [0m:      aggregate_evaluate: received 5 results and 0 failures
[92mINFO [0m:      
[92mINFO [0m:      [ROUND 2]
[92mINFO [0m:      configure_fit: strategy sampled 5 clients (out of 5)
[36m(ClientAppActor pid=316649)[0m 
[36m(ClientAppActor pid=316649)[0m         
[36m(ClientAppActor pid=316647)[0m 
[36m(ClientAppActor pid=316647)[0m         
[36m(ClientAppActor pid=316646)[0m 
[36m(ClientAppActor pid=316646)[0m         
[36m(ClientAppActor pid=316648)[0m 
[36m(ClientAppActor pid=316648)[0m         
[36m(ClientAppActor pid=316650)[0m 
[36m(ClientAppActor pid=316650)[0m         
[92mINFO [0m:      aggregate_fit: received 5 results and 0 failures
[92mINFO [0m:      fit progress: (2, 1.1789950349807738, {'accuracy': 0.6158, 'loss': 1.1789950349807738}, 28.119817967992276)
[92mINFO [0m:      configure_evaluate: strategy sampled 5 clients (out of 5)
[36m(ClientAppActor pid=316648)[0m 
[36m(ClientAppActor pid=316648)[0m         
[36m(ClientAppActor pid=316648)[0m [93mWARNING [0m:   DEPRECATED FEATURE: `client_fn` now expects a signature `def client_fn(context: Context)`.The provided `client_fn` has signature: {'cid': <Parameter "cid: str">}. You can import the `Context` like this: `from flwr.app import Context`[32m [repeated 10x across cluster][0m
[36m(ClientAppActor pid=316648)[0m             This is a deprecated feature. It will be removed[32m [repeated 10x across cluster][0m
[36m(ClientAppActor pid=316648)[0m             entirely in future versions of Flower.[32m [repeated 10x across cluster][0m
[36m(ClientAppActor pid=316646)[0m 
[36m(ClientAppActor pid=316646)[0m         
[36m(ClientAppActor pid=316650)[0m 
[36m(ClientAppActor pid=316650)[0m         
[36m(ClientAppActor pid=316647)[0m 
[36m(ClientAppActor pid=316647)[0m         
[36m(ClientAppActor pid=316649)[0m 
[36m(ClientAppActor pid=316649)[0m         
[92mINFO [0m:      aggregate_evaluate: received 5 results and 0 failures
[92mINFO [0m:      
[92mINFO [0m:      [ROUND 3]
[92mINFO [0m:      configure_fit: strategy sampled 5 clients (out of 5)
[36m(ClientAppActor pid=316649)[0m 
[36m(ClientAppActor pid=316649)[0m         
[36m(ClientAppActor pid=316647)[0m 
[36m(ClientAppActor pid=316647)[0m         
[36m(ClientAppActor pid=316646)[0m 
[36m(ClientAppActor pid=316646)[0m         
[36m(ClientAppActor pid=316650)[0m 
[36m(ClientAppActor pid=316650)[0m         
[36m(ClientAppActor pid=316648)[0m 
[36m(ClientAppActor pid=316648)[0m         
[92mINFO [0m:      aggregate_fit: received 5 results and 0 failures
[92mINFO [0m:      fit progress: (3, 0.7614462022781372, {'accuracy': 0.7396, 'loss': 0.7614462022781372}, 41.39883788803127)
[92mINFO [0m:      configure_evaluate: strategy sampled 5 clients (out of 5)
[36m(ClientAppActor pid=316649)[0m 
[36m(ClientAppActor pid=316649)[0m         
[36m(ClientAppActor pid=316649)[0m [93mWARNING [0m:   DEPRECATED FEATURE: `client_fn` now expects a signature `def client_fn(context: Context)`.The provided `client_fn` has signature: {'cid': <Parameter "cid: str">}. You can import the `Context` like this: `from flwr.app import Context`[32m [repeated 10x across cluster][0m
[36m(ClientAppActor pid=316649)[0m             This is a deprecated feature. It will be removed[32m [repeated 10x across cluster][0m
[36m(ClientAppActor pid=316649)[0m             entirely in future versions of Flower.[32m [repeated 10x across cluster][0m
[36m(ClientAppActor pid=316648)[0m 
[36m(ClientAppActor pid=316648)[0m         
[36m(ClientAppActor pid=316647)[0m 
[36m(ClientAppActor pid=316647)[0m         
[36m(ClientAppActor pid=316650)[0m 
[36m(ClientAppActor pid=316650)[0m         
[36m(ClientAppActor pid=316646)[0m 
[36m(ClientAppActor pid=316646)[0m         
[92mINFO [0m:      aggregate_evaluate: received 5 results and 0 failures
[92mINFO [0m:      
[92mINFO [0m:      [ROUND 4]
[92mINFO [0m:      configure_fit: strategy sampled 5 clients (out of 5)
[36m(ClientAppActor pid=316646)[0m 
[36m(ClientAppActor pid=316646)[0m         
[36m(ClientAppActor pid=316650)[0m 
[36m(ClientAppActor pid=316650)[0m         
[36m(ClientAppActor pid=316647)[0m 
[36m(ClientAppActor pid=316647)[0m         
[36m(ClientAppActor pid=316648)[0m 
[36m(ClientAppActor pid=316648)[0m         
[36m(ClientAppActor pid=316649)[0m 
[36m(ClientAppActor pid=316649)[0m         
[92mINFO [0m:      aggregate_fit: received 5 results and 0 failures
[92mINFO [0m:      fit progress: (4, 0.6721288170337677, {'accuracy': 0.7773, 'loss': 0.6721288170337677}, 54.51212458102964)
[92mINFO [0m:      configure_evaluate: strategy sampled 5 clients (out of 5)
[36m(ClientAppActor pid=316650)[0m 
[36m(ClientAppActor pid=316650)[0m         
[36m(ClientAppActor pid=316650)[0m [93mWARNING [0m:   DEPRECATED FEATURE: `client_fn` now expects a signature `def client_fn(context: Context)`.The provided `client_fn` has signature: {'cid': <Parameter "cid: str">}. You can import the `Context` like this: `from flwr.app import Context`[32m [repeated 10x across cluster][0m
[36m(ClientAppActor pid=316650)[0m             This is a deprecated feature. It will be removed[32m [repeated 10x across cluster][0m
[36m(ClientAppActor pid=316650)[0m             entirely in future versions of Flower.[32m [repeated 10x across cluster][0m
[36m(ClientAppActor pid=316648)[0m 
[36m(ClientAppActor pid=316648)[0m         
[36m(ClientAppActor pid=316649)[0m 
[36m(ClientAppActor pid=316649)[0m         
[36m(ClientAppActor pid=316647)[0m 
[36m(ClientAppActor pid=316647)[0m         
[36m(ClientAppActor pid=316646)[0m 
[36m(ClientAppActor pid=316646)[0m         
[92mINFO [0m:      aggregate_evaluate: received 5 results and 0 failures
[92mINFO [0m:      
[92mINFO [0m:      [ROUND 5]
[92mINFO [0m:      configure_fit: strategy sampled 5 clients (out of 5)
[36m(ClientAppActor pid=316646)[0m 
[36m(ClientAppActor pid=316646)[0m         
[36m(ClientAppActor pid=316647)[0m 
[36m(ClientAppActor pid=316647)[0m         
[36m(ClientAppActor pid=316649)[0m 
[36m(ClientAppActor pid=316649)[0m         
[36m(ClientAppActor pid=316648)[0m 
[36m(ClientAppActor pid=316648)[0m         
[36m(ClientAppActor pid=316650)[0m 
[36m(ClientAppActor pid=316650)[0m         
[92mINFO [0m:      aggregate_fit: received 5 results and 0 failures
[92mINFO [0m:      fit progress: (5, 0.6629612078189849, {'accuracy': 0.7897, 'loss': 0.6629612078189849}, 67.79766717302846)
[92mINFO [0m:      configure_evaluate: strategy sampled 5 clients (out of 5)
[36m(ClientAppActor pid=316649)[0m 
[36m(ClientAppActor pid=316649)[0m         
[36m(ClientAppActor pid=316649)[0m [93mWARNING [0m:   DEPRECATED FEATURE: `client_fn` now expects a signature `def client_fn(context: Context)`.The provided `client_fn` has signature: {'cid': <Parameter "cid: str">}. You can import the `Context` like this: `from flwr.app import Context`[32m [repeated 10x across cluster][0m
[36m(ClientAppActor pid=316649)[0m             This is a deprecated feature. It will be removed[32m [repeated 10x across cluster][0m
[36m(ClientAppActor pid=316649)[0m             entirely in future versions of Flower.[32m [repeated 10x across cluster][0m
[36m(ClientAppActor pid=316648)[0m 
[36m(ClientAppActor pid=316648)[0m         
[36m(ClientAppActor pid=316646)[0m 
[36m(ClientAppActor pid=316646)[0m         
[36m(ClientAppActor pid=316650)[0m 
[36m(ClientAppActor pid=316650)[0m         
[36m(ClientAppActor pid=316647)[0m 
[36m(ClientAppActor pid=316647)[0m         
[92mINFO [0m:      aggregate_evaluate: received 5 results and 0 failures
[92mINFO [0m:      
[92mINFO [0m:      [ROUND 6]
[92mINFO [0m:      configure_fit: strategy sampled 5 clients (out of 5)
[36m(ClientAppActor pid=316647)[0m 
[36m(ClientAppActor pid=316647)[0m         
[36m(ClientAppActor pid=316650)[0m 
[36m(ClientAppActor pid=316650)[0m         
[36m(ClientAppActor pid=316646)[0m 
[36m(ClientAppActor pid=316646)[0m         
[36m(ClientAppActor pid=316648)[0m 
[36m(ClientAppActor pid=316648)[0m         
[36m(ClientAppActor pid=316649)[0m 
[36m(ClientAppActor pid=316649)[0m         
[92mINFO [0m:      aggregate_fit: received 5 results and 0 failures
[92mINFO [0m:      fit progress: (6, 0.6428296966075897, {'accuracy': 0.8046, 'loss': 0.6428296966075897}, 81.53870819101576)
[92mINFO [0m:      configure_evaluate: strategy sampled 5 clients (out of 5)
[36m(ClientAppActor pid=316649)[0m 
[36m(ClientAppActor pid=316649)[0m         
[36m(ClientAppActor pid=316649)[0m [93mWARNING [0m:   DEPRECATED FEATURE: `client_fn` now expects a signature `def client_fn(context: Context)`.The provided `client_fn` has signature: {'cid': <Parameter "cid: str">}. You can import the `Context` like this: `from flwr.app import Context`[32m [repeated 10x across cluster][0m
[36m(ClientAppActor pid=316649)[0m             This is a deprecated feature. It will be removed[32m [repeated 10x across cluster][0m
[36m(ClientAppActor pid=316649)[0m             entirely in future versions of Flower.[32m [repeated 10x across cluster][0m
[36m(ClientAppActor pid=316650)[0m 
[36m(ClientAppActor pid=316650)[0m         
[36m(ClientAppActor pid=316648)[0m 
[36m(ClientAppActor pid=316648)[0m         
[36m(ClientAppActor pid=316647)[0m 
[36m(ClientAppActor pid=316647)[0m         
[36m(ClientAppActor pid=316646)[0m 
[36m(ClientAppActor pid=316646)[0m         
[92mINFO [0m:      aggregate_evaluate: received 5 results and 0 failures
[92mINFO [0m:      
[92mINFO [0m:      [ROUND 7]
[92mINFO [0m:      configure_fit: strategy sampled 5 clients (out of 5)
[36m(ClientAppActor pid=316646)[0m 
[36m(ClientAppActor pid=316646)[0m         
[36m(ClientAppActor pid=316647)[0m 
[36m(ClientAppActor pid=316647)[0m         
[36m(ClientAppActor pid=316648)[0m 
[36m(ClientAppActor pid=316648)[0m         
[36m(ClientAppActor pid=316650)[0m 
[36m(ClientAppActor pid=316650)[0m         
[36m(ClientAppActor pid=316649)[0m 
[36m(ClientAppActor pid=316649)[0m         
[92mINFO [0m:      aggregate_fit: received 5 results and 0 failures
[92mINFO [0m:      fit progress: (7, 0.6647696658372879, {'accuracy': 0.8068, 'loss': 0.6647696658372879}, 94.938225143007)
[92mINFO [0m:      configure_evaluate: strategy sampled 5 clients (out of 5)
[36m(ClientAppActor pid=316650)[0m 
[36m(ClientAppActor pid=316650)[0m         
[36m(ClientAppActor pid=316650)[0m [93mWARNING [0m:   DEPRECATED FEATURE: `client_fn` now expects a signature `def client_fn(context: Context)`.The provided `client_fn` has signature: {'cid': <Parameter "cid: str">}. You can import the `Context` like this: `from flwr.app import Context`[32m [repeated 10x across cluster][0m
[36m(ClientAppActor pid=316650)[0m             This is a deprecated feature. It will be removed[32m [repeated 10x across cluster][0m
[36m(ClientAppActor pid=316650)[0m             entirely in future versions of Flower.[32m [repeated 10x across cluster][0m
[36m(ClientAppActor pid=316647)[0m 
[36m(ClientAppActor pid=316647)[0m         
[36m(ClientAppActor pid=316649)[0m 
[36m(ClientAppActor pid=316649)[0m         
[36m(ClientAppActor pid=316648)[0m 
[36m(ClientAppActor pid=316648)[0m         
[36m(ClientAppActor pid=316646)[0m 
[36m(ClientAppActor pid=316646)[0m         
[92mINFO [0m:      aggregate_evaluate: received 5 results and 0 failures
[92mINFO [0m:      
[92mINFO [0m:      [ROUND 8]
[92mINFO [0m:      configure_fit: strategy sampled 5 clients (out of 5)
[36m(ClientAppActor pid=316646)[0m 
[36m(ClientAppActor pid=316646)[0m         
[36m(ClientAppActor pid=316648)[0m 
[36m(ClientAppActor pid=316648)[0m         
[36m(ClientAppActor pid=316649)[0m 
[36m(ClientAppActor pid=316649)[0m         
[36m(ClientAppActor pid=316647)[0m 
[36m(ClientAppActor pid=316647)[0m         
[36m(ClientAppActor pid=316650)[0m 
[36m(ClientAppActor pid=316650)[0m         
[92mINFO [0m:      aggregate_fit: received 5 results and 0 failures
[92mINFO [0m:      fit progress: (8, 0.6537933693885803, {'accuracy': 0.815, 'loss': 0.6537933693885803}, 108.55702879902674)
[92mINFO [0m:      configure_evaluate: strategy sampled 5 clients (out of 5)
[36m(ClientAppActor pid=316650)[0m 
[36m(ClientAppActor pid=316650)[0m         
[36m(ClientAppActor pid=316650)[0m [93mWARNING [0m:   DEPRECATED FEATURE: `client_fn` now expects a signature `def client_fn(context: Context)`.The provided `client_fn` has signature: {'cid': <Parameter "cid: str">}. You can import the `Context` like this: `from flwr.app import Context`[32m [repeated 10x across cluster][0m
[36m(ClientAppActor pid=316650)[0m             This is a deprecated feature. It will be removed[32m [repeated 10x across cluster][0m
[36m(ClientAppActor pid=316650)[0m             entirely in future versions of Flower.[32m [repeated 10x across cluster][0m
[36m(ClientAppActor pid=316649)[0m 
[36m(ClientAppActor pid=316649)[0m         
[36m(ClientAppActor pid=316646)[0m 
[36m(ClientAppActor pid=316646)[0m         
[36m(ClientAppActor pid=316647)[0m 
[36m(ClientAppActor pid=316647)[0m         
[36m(ClientAppActor pid=316648)[0m 
[36m(ClientAppActor pid=316648)[0m         
[92mINFO [0m:      aggregate_evaluate: received 5 results and 0 failures
[92mINFO [0m:      
[92mINFO [0m:      [ROUND 9]
[92mINFO [0m:      configure_fit: strategy sampled 5 clients (out of 5)
[36m(ClientAppActor pid=316648)[0m 
[36m(ClientAppActor pid=316648)[0m         
[36m(ClientAppActor pid=316647)[0m 
[36m(ClientAppActor pid=316647)[0m         
[36m(ClientAppActor pid=316646)[0m 
[36m(ClientAppActor pid=316646)[0m         
[36m(ClientAppActor pid=316649)[0m 
[36m(ClientAppActor pid=316649)[0m         
[36m(ClientAppActor pid=316650)[0m 
[36m(ClientAppActor pid=316650)[0m         
[92mINFO [0m:      aggregate_fit: received 5 results and 0 failures
[92mINFO [0m:      fit progress: (9, 0.7124724054813385, {'accuracy': 0.8087, 'loss': 0.7124724054813385}, 121.88638530403841)
[92mINFO [0m:      configure_evaluate: strategy sampled 5 clients (out of 5)
[36m(ClientAppActor pid=316646)[0m 
[36m(ClientAppActor pid=316646)[0m         
[36m(ClientAppActor pid=316646)[0m [93mWARNING [0m:   DEPRECATED FEATURE: `client_fn` now expects a signature `def client_fn(context: Context)`.The provided `client_fn` has signature: {'cid': <Parameter "cid: str">}. You can import the `Context` like this: `from flwr.app import Context`[32m [repeated 10x across cluster][0m
[36m(ClientAppActor pid=316646)[0m             This is a deprecated feature. It will be removed[32m [repeated 10x across cluster][0m
[36m(ClientAppActor pid=316646)[0m             entirely in future versions of Flower.[32m [repeated 10x across cluster][0m
[36m(ClientAppActor pid=316647)[0m 
[36m(ClientAppActor pid=316647)[0m         
[36m(ClientAppActor pid=316649)[0m 
[36m(ClientAppActor pid=316649)[0m         
[36m(ClientAppActor pid=316650)[0m 
[36m(ClientAppActor pid=316650)[0m         
[36m(ClientAppActor pid=316648)[0m 
[36m(ClientAppActor pid=316648)[0m         
[92mINFO [0m:      aggregate_evaluate: received 5 results and 0 failures
[92mINFO [0m:      
[92mINFO [0m:      [ROUND 10]
[92mINFO [0m:      configure_fit: strategy sampled 5 clients (out of 5)
[36m(ClientAppActor pid=316648)[0m 
[36m(ClientAppActor pid=316648)[0m         
[36m(ClientAppActor pid=316650)[0m 
[36m(ClientAppActor pid=316650)[0m         
[36m(ClientAppActor pid=316649)[0m 
[36m(ClientAppActor pid=316649)[0m         
[36m(ClientAppActor pid=316647)[0m 
[36m(ClientAppActor pid=316647)[0m         
[36m(ClientAppActor pid=316646)[0m 
[36m(ClientAppActor pid=316646)[0m         
[92mINFO [0m:      aggregate_fit: received 5 results and 0 failures
[92mINFO [0m:      fit progress: (10, 0.706708995962143, {'accuracy': 0.8163, 'loss': 0.706708995962143}, 135.47685448202537)
[92mINFO [0m:      configure_evaluate: strategy sampled 5 clients (out of 5)
[36m(ClientAppActor pid=316646)[0m 
[36m(ClientAppActor pid=316646)[0m         
[36m(ClientAppActor pid=316646)[0m [93mWARNING [0m:   DEPRECATED FEATURE: `client_fn` now expects a signature `def client_fn(context: Context)`.The provided `client_fn` has signature: {'cid': <Parameter "cid: str">}. You can import the `Context` like this: `from flwr.app import Context`[32m [repeated 10x across cluster][0m
[36m(ClientAppActor pid=316646)[0m             This is a deprecated feature. It will be removed[32m [repeated 10x across cluster][0m
[36m(ClientAppActor pid=316646)[0m             entirely in future versions of Flower.[32m [repeated 10x across cluster][0m
[36m(ClientAppActor pid=316650)[0m 
[36m(ClientAppActor pid=316650)[0m         
[36m(ClientAppActor pid=316647)[0m 
[36m(ClientAppActor pid=316647)[0m         
[36m(ClientAppActor pid=316649)[0m 
[36m(ClientAppActor pid=316649)[0m         
[36m(ClientAppActor pid=316648)[0m 
[36m(ClientAppActor pid=316648)[0m         
[92mINFO [0m:      aggregate_evaluate: received 5 results and 0 failures
[92mINFO [0m:      
[92mINFO [0m:      [SUMMARY]
[92mINFO [0m:      Run finished 10 round(s) in 136.34s
[92mINFO [0m:      	History (loss, distributed):
[92mINFO [0m:      		round 1: 2.308836017670084
[92mINFO [0m:      		round 2: 1.1737583159637146
[92mINFO [0m:      		round 3: 0.7621527804213077
[92mINFO [0m:      		round 4: 0.6758177648810875
[92mINFO [0m:      		round 5: 0.6535083314880175
[92mINFO [0m:      		round 6: 0.6254617114003156
[92mINFO [0m:      		round 7: 0.6706241938639946
[92mINFO [0m:      		round 8: 0.6461678884085678
[92mINFO [0m:      		round 9: 0.7010346951217306
[92mINFO [0m:      		round 10: 0.7185634067293261
[92mINFO [0m:      	History (loss, centralized):
[92mINFO [0m:      		round 0: 2.3029026264190673
[92mINFO [0m:      		round 1: 2.3062068183898927
[92mINFO [0m:      		round 2: 1.1789950349807738
[92mINFO [0m:      		round 3: 0.7614462022781372
[92mINFO [0m:      		round 4: 0.6721288170337677
[92mINFO [0m:      		round 5: 0.6629612078189849
[92mINFO [0m:      		round 6: 0.6428296966075897
[92mINFO [0m:      		round 7: 0.6647696658372879
[92mINFO [0m:      		round 8: 0.6537933693885803
[92mINFO [0m:      		round 9: 0.7124724054813385
[92mINFO [0m:      		round 10: 0.706708995962143
[92mINFO [0m:      	History (metrics, distributed, fit):
[92mINFO [0m:      	{'avg_flops_per_client_round': [(1, 8140624189440.0),
[92mINFO [0m:      	                                (2, 8140624189440.0),
[92mINFO [0m:      	                                (3, 8140624189440.0),
[92mINFO [0m:      	                                (4, 8140624189440.0),
[92mINFO [0m:      	                                (5, 8140624189440.0),
[92mINFO [0m:      	                                (6, 8140624189440.0),
[92mINFO [0m:      	                                (7, 8140624189440.0),
[92mINFO [0m:      	                                (8, 8140624189440.0),
[92mINFO [0m:      	                                (9, 8140624189440.0),
[92mINFO [0m:      	                                (10, 8140624189440.0)],
[92mINFO [0m:      	 'total_flops_round': [(1, 40703120947200),
[92mINFO [0m:      	                       (2, 40703120947200),
[92mINFO [0m:      	                       (3, 40703120947200),
[92mINFO [0m:      	                       (4, 40703120947200),
[92mINFO [0m:      	                       (5, 40703120947200),
[92mINFO [0m:      	                       (6, 40703120947200),
[92mINFO [0m:      	                       (7, 40703120947200),
[92mINFO [0m:      	                       (8, 40703120947200),
[92mINFO [0m:      	                       (9, 40703120947200),
[92mINFO [0m:      	                       (10, 40703120947200)]}
[92mINFO [0m:      	History (metrics, distributed, evaluate):
[92mINFO [0m:      	{'accuracy': [(1, 0.1404561824729892),
[92mINFO [0m:      	              (2, 0.6202480992396959),
[92mINFO [0m:      	              (3, 0.7388955582232893),
[92mINFO [0m:      	              (4, 0.773109243697479),
[92mINFO [0m:      	              (5, 0.7951180472188876),
[92mINFO [0m:      	              (6, 0.8011204481792717),
[92mINFO [0m:      	              (7, 0.8015206082432973),
[92mINFO [0m:      	              (8, 0.8107242897158864),
[92mINFO [0m:      	              (9, 0.8135254101640657),
[92mINFO [0m:      	              (10, 0.8091236494597839)],
[92mINFO [0m:      	 'loss': [(1, 2.308836017670084),
[92mINFO [0m:      	          (2, 1.1737583159637146),
[92mINFO [0m:      	          (3, 0.7621527804213077),
[92mINFO [0m:      	          (4, 0.6758177648810875),
[92mINFO [0m:      	          (5, 0.6535083314880175),
[92mINFO [0m:      	          (6, 0.6254617114003156),
[92mINFO [0m:      	          (7, 0.6706241938639946),
[92mINFO [0m:      	          (8, 0.6461678884085678),
[92mINFO [0m:      	          (9, 0.7010346951217306),
[92mINFO [0m:      	          (10, 0.7185634067293261)]}
[92mINFO [0m:      	History (metrics, centralized):
[92mINFO [0m:      	{'accuracy': [(0, 0.0994),
[92mINFO [0m:      	              (1, 0.1397),
[92mINFO [0m:      	              (2, 0.6158),
[92mINFO [0m:      	              (3, 0.7396),
[92mINFO [0m:      	              (4, 0.7773),
[92mINFO [0m:      	              (5, 0.7897),
[92mINFO [0m:      	              (6, 0.8046),
[92mINFO [0m:      	              (7, 0.8068),
[92mINFO [0m:      	              (8, 0.815),
[92mINFO [0m:      	              (9, 0.8087),
[92mINFO [0m:      	              (10, 0.8163)],
[92mINFO [0m:      	 'loss': [(0, 2.3029026264190673),
[92mINFO [0m:      	          (1, 2.3062068183898927),
[92mINFO [0m:      	          (2, 1.1789950349807738),
[92mINFO [0m:      	          (3, 0.7614462022781372),
[92mINFO [0m:      	          (4, 0.6721288170337677),
[92mINFO [0m:      	          (5, 0.6629612078189849),
[92mINFO [0m:      	          (6, 0.6428296966075897),
[92mINFO [0m:      	          (7, 0.6647696658372879),
[92mINFO [0m:      	          (8, 0.6537933693885803),
[92mINFO [0m:      	          (9, 0.7124724054813385),
[92mINFO [0m:      	          (10, 0.706708995962143)]}
[92mINFO [0m:      
Treinando no dispositivo: cuda:0 com o dataset: CIFAR10 | Setup clientes: 5 (num_gpus por cliente=0.2) | SEED=49
FLOPS por amostra (forward): 6.030e+07 | (forward+backward, 3x): 1.809e+08
Files already downloaded and verified
Files already downloaded and verified
Dividindo o dataset usando a distribuição de Dirichlet com alpha=1.0.
Iniciando a simulação de Aprendizado Federado...
=== Diagnóstico de Medição de GPU ===
  pynvml_disponivel: True
  pynvml_versao: 580.173.02
  gpus_detectadas: 1
  leitura_potencia_ok: True
  potencia_atual_W: 115.547

--- Rodada 0 - Avaliação Centralizada (Servidor) ---
Loss (Servidor): 2.3029 | Acurácia (Servidor): 0.0994

--- Rodada 1 - Avaliação Centralizada (Servidor) ---
Loss (Servidor): 2.3062 | Acurácia (Servidor): 0.1397
--- Avaliação Agregada (Clientes) ---
Loss Média (Clientes): 2.3088 | Acurácia Média (Clientes): 0.1405

--- Rodada 2 - Avaliação Centralizada (Servidor) ---
Loss (Servidor): 1.1790 | Acurácia (Servidor): 0.6158
--- Avaliação Agregada (Clientes) ---
Loss Média (Clientes): 1.1738 | Acurácia Média (Clientes): 0.6202

--- Rodada 3 - Avaliação Centralizada (Servidor) ---
Loss (Servidor): 0.7614 | Acurácia (Servidor): 0.7396
--- Avaliação Agregada (Clientes) ---
Loss Média (Clientes): 0.7622 | Acurácia Média (Clientes): 0.7389

--- Rodada 4 - Avaliação Centralizada (Servidor) ---
Loss (Servidor): 0.6721 | Acurácia (Servidor): 0.7773
--- Avaliação Agregada (Clientes) ---
Loss Média (Clientes): 0.6758 | Acurácia Média (Clientes): 0.7731

--- Rodada 5 - Avaliação Centralizada (Servidor) ---
Loss (Servidor): 0.6630 | Acurácia (Servidor): 0.7897
--- Avaliação Agregada (Clientes) ---
Loss Média (Clientes): 0.6535 | Acurácia Média (Clientes): 0.7951

--- Rodada 6 - Avaliação Centralizada (Servidor) ---
Loss (Servidor): 0.6428 | Acurácia (Servidor): 0.8046
--- Avaliação Agregada (Clientes) ---
Loss Média (Clientes): 0.6255 | Acurácia Média (Clientes): 0.8011

--- Rodada 7 - Avaliação Centralizada (Servidor) ---
Loss (Servidor): 0.6648 | Acurácia (Servidor): 0.8068
--- Avaliação Agregada (Clientes) ---
Loss Média (Clientes): 0.6706 | Acurácia Média (Clientes): 0.8015

--- Rodada 8 - Avaliação Centralizada (Servidor) ---
Loss (Servidor): 0.6538 | Acurácia (Servidor): 0.8150
--- Avaliação Agregada (Clientes) ---
Loss Média (Clientes): 0.6462 | Acurácia Média (Clientes): 0.8107

--- Rodada 9 - Avaliação Centralizada (Servidor) ---
Loss (Servidor): 0.7125 | Acurácia (Servidor): 0.8087
--- Avaliação Agregada (Clientes) ---
Loss Média (Clientes): 0.7010 | Acurácia Média (Clientes): 0.8135

--- Rodada 10 - Avaliação Centralizada (Servidor) ---
Loss (Servidor): 0.7067 | Acurácia (Servidor): 0.8163
--- Avaliação Agregada (Clientes) ---
Loss Média (Clientes): 0.7186 | Acurácia Média (Clientes): 0.8091

Resultados salvos em: /home/tiago/GitHubProjects/fedhad-thesis-2/FedAVG-results/1.1_diagnostico_drift/CIFAR10/FedAVG__CIFAR10__Setup-5__Clients-5__Rounds-10__Delay-0_05__Alpha-1_0__Seed-49.txt
[36m(ClientAppActor pid=316648)[0m [93mWARNING [0m:   DEPRECATED FEATURE: `client_fn` now expects a signature `def client_fn(context: Context)`.The provided `client_fn` has signature: {'cid': <Parameter "cid: str">}. You can import the `Context` like this: `from flwr.app import Context`[32m [repeated 4x across cluster][0m
[36m(ClientAppActor pid=316648)[0m             This is a deprecated feature. It will be removed[32m [repeated 4x across cluster][0m
[36m(ClientAppActor pid=316648)[0m             entirely in future versions of Flower.[32m [repeated 4x across cluster][0m
