[codecarbon WARNING @ 13:36:46] Multiple instances of codecarbon are allowed to run at the same time.
[93mWARNING [0m:   DEPRECATED FEATURE: flwr.simulation.start_simulation() is deprecated.
	Instead, use the `flwr run` CLI command to start a local simulation in your Flower app, as shown for example below:

		$ flwr new  # Create a new Flower app from a template

		$ flwr run  # Run the Flower app in Simulation Mode

	Using `start_simulation()` is deprecated.

            This is a deprecated feature. It will be removed
            entirely in future versions of Flower.
        
[92mINFO [0m:      Starting Flower simulation, config: num_rounds=10, no round_timeout
2026-09-04 13:36:55,030	INFO worker.py:2012 -- Started a local Ray instance.
/home/tiago/GitHubProjects/fedhad-thesis-2/env_flwr_pt/lib/python3.12/site-packages/ray/_private/worker.py:2051: FutureWarning: Tip: In future versions of Ray, Ray will no longer override accelerator visible devices env var if num_gpus=0 or num_gpus=None (default). To enable this behavior and turn off this error message, set RAY_ACCEL_ENV_VAR_OVERRIDE_ON_ZERO=0
  warnings.warn(
[92mINFO [0m:      Flower VCE: Ray initialized with resources: {'node:10.129.64.100': 1.0, 'memory': 181403821671.0, 'CPU': 64.0, 'object_store_memory': 77744495001.0, 'GPU': 1.0, 'node:__internal_head__': 1.0, 'accelerator_type:A40': 1.0}
[92mINFO [0m:      Optimize your simulation with Flower VCE: https://flower.ai/docs/framework/how-to-run-simulations.html
/home/tiago/GitHubProjects/fedhad-thesis-2/FedAvgM_Final.py:1669: UserWarning: No `num_cpus` specified in `client_resources`. Using `num_cpus=1` for each client.
  history = fl.simulation.start_simulation(
[92mINFO [0m:      Flower VCE: Resources for each Virtual Client: {'num_gpus': 0.2, 'num_cpus': 1}
[92mINFO [0m:      Flower VCE: Creating VirtualClientEngineActorPool with 5 actors
[92mINFO [0m:      [INIT]
[92mINFO [0m:      Using initial global parameters provided by strategy
[92mINFO [0m:      Starting evaluation of initial global parameters
[92mINFO [0m:      initial parameters (loss, other metrics): 2.3034515926361085, {'accuracy': 0.1, 'loss': 2.3034515926361085}
[92mINFO [0m:      
[92mINFO [0m:      [ROUND 1]
[92mINFO [0m:      configure_fit: strategy sampled 5 clients (out of 5)
[36m(ClientAppActor pid=612247)[0m [93mWARNING [0m:   DEPRECATED FEATURE: `client_fn` now expects a signature `def client_fn(context: Context)`.The provided `client_fn` has signature: {'cid': <Parameter "cid: str">}. You can import the `Context` like this: `from flwr.app import Context`
[36m(ClientAppActor pid=612247)[0m 
[36m(ClientAppActor pid=612247)[0m             This is a deprecated feature. It will be removed
[36m(ClientAppActor pid=612247)[0m             entirely in future versions of Flower.
[36m(ClientAppActor pid=612247)[0m         
[36m(ClientAppActor pid=612246)[0m 
[36m(ClientAppActor pid=612246)[0m         
[36m(ClientAppActor pid=612213)[0m 
[36m(ClientAppActor pid=612213)[0m         
[36m(ClientAppActor pid=612212)[0m 
[36m(ClientAppActor pid=612212)[0m         
[36m(ClientAppActor pid=612214)[0m 
[36m(ClientAppActor pid=612214)[0m         
[92mINFO [0m:      aggregate_fit: received 5 results and 0 failures
[92mINFO [0m:      fit progress: (1, 2.315503847885132, {'accuracy': 0.1, 'loss': 2.315503847885132}, 17.545833198993932)
[92mINFO [0m:      configure_evaluate: strategy sampled 5 clients (out of 5)
[36m(ClientAppActor pid=612213)[0m 
[36m(ClientAppActor pid=612213)[0m         
[36m(ClientAppActor pid=612213)[0m [93mWARNING [0m:   DEPRECATED FEATURE: `client_fn` now expects a signature `def client_fn(context: Context)`.The provided `client_fn` has signature: {'cid': <Parameter "cid: str">}. You can import the `Context` like this: `from flwr.app import Context`[32m [repeated 5x across cluster] (Ray deduplicates logs by default. Set RAY_DEDUP_LOGS=0 to disable log deduplication, or see https://docs.ray.io/en/master/ray-observability/user-guides/configure-logging.html#log-deduplication for more options.)[0m
[36m(ClientAppActor pid=612213)[0m             This is a deprecated feature. It will be removed[32m [repeated 5x across cluster][0m
[36m(ClientAppActor pid=612213)[0m             entirely in future versions of Flower.[32m [repeated 5x across cluster][0m
[36m(ClientAppActor pid=612214)[0m 
[36m(ClientAppActor pid=612214)[0m         
[36m(ClientAppActor pid=612246)[0m 
[36m(ClientAppActor pid=612246)[0m         
[36m(ClientAppActor pid=612212)[0m 
[36m(ClientAppActor pid=612212)[0m         
[36m(ClientAppActor pid=612247)[0m 
[36m(ClientAppActor pid=612247)[0m         
[92mINFO [0m:      aggregate_evaluate: received 5 results and 0 failures
[92mINFO [0m:      
[92mINFO [0m:      [ROUND 2]
[92mINFO [0m:      configure_fit: strategy sampled 5 clients (out of 5)
[36m(ClientAppActor pid=612247)[0m 
[36m(ClientAppActor pid=612247)[0m         
[36m(ClientAppActor pid=612212)[0m 
[36m(ClientAppActor pid=612212)[0m         
[36m(ClientAppActor pid=612246)[0m 
[36m(ClientAppActor pid=612246)[0m         
[36m(ClientAppActor pid=612214)[0m 
[36m(ClientAppActor pid=612214)[0m         
[36m(ClientAppActor pid=612213)[0m 
[36m(ClientAppActor pid=612213)[0m         
[92mINFO [0m:      aggregate_fit: received 5 results and 0 failures
[92mINFO [0m:      fit progress: (2, 3.2446160034179687, {'accuracy': 0.3856, 'loss': 3.2446160034179687}, 33.906815632013604)
[92mINFO [0m:      configure_evaluate: strategy sampled 5 clients (out of 5)
[36m(ClientAppActor pid=612213)[0m 
[36m(ClientAppActor pid=612213)[0m         
[36m(ClientAppActor pid=612213)[0m [93mWARNING [0m:   DEPRECATED FEATURE: `client_fn` now expects a signature `def client_fn(context: Context)`.The provided `client_fn` has signature: {'cid': <Parameter "cid: str">}. You can import the `Context` like this: `from flwr.app import Context`[32m [repeated 10x across cluster][0m
[36m(ClientAppActor pid=612213)[0m             This is a deprecated feature. It will be removed[32m [repeated 10x across cluster][0m
[36m(ClientAppActor pid=612213)[0m             entirely in future versions of Flower.[32m [repeated 10x across cluster][0m
[36m(ClientAppActor pid=612214)[0m 
[36m(ClientAppActor pid=612214)[0m         
[36m(ClientAppActor pid=612212)[0m 
[36m(ClientAppActor pid=612212)[0m         
[36m(ClientAppActor pid=612247)[0m 
[36m(ClientAppActor pid=612247)[0m         
[36m(ClientAppActor pid=612246)[0m 
[36m(ClientAppActor pid=612246)[0m         
[92mINFO [0m:      aggregate_evaluate: received 5 results and 0 failures
[92mINFO [0m:      
[92mINFO [0m:      [ROUND 3]
[92mINFO [0m:      configure_fit: strategy sampled 5 clients (out of 5)
[36m(ClientAppActor pid=612246)[0m 
[36m(ClientAppActor pid=612246)[0m         
[36m(ClientAppActor pid=612247)[0m 
[36m(ClientAppActor pid=612247)[0m         
[36m(ClientAppActor pid=612212)[0m 
[36m(ClientAppActor pid=612212)[0m         
[36m(ClientAppActor pid=612214)[0m 
[36m(ClientAppActor pid=612214)[0m         
[36m(ClientAppActor pid=612213)[0m 
[36m(ClientAppActor pid=612213)[0m         
[92mINFO [0m:      aggregate_fit: received 5 results and 0 failures
[92mINFO [0m:      fit progress: (3, 7.336804955291748, {'accuracy': 0.3835, 'loss': 7.336804955291748}, 49.88218871096615)
[92mINFO [0m:      configure_evaluate: strategy sampled 5 clients (out of 5)
[36m(ClientAppActor pid=612212)[0m 
[36m(ClientAppActor pid=612212)[0m         
[36m(ClientAppActor pid=612212)[0m [93mWARNING [0m:   DEPRECATED FEATURE: `client_fn` now expects a signature `def client_fn(context: Context)`.The provided `client_fn` has signature: {'cid': <Parameter "cid: str">}. You can import the `Context` like this: `from flwr.app import Context`[32m [repeated 10x across cluster][0m
[36m(ClientAppActor pid=612212)[0m             This is a deprecated feature. It will be removed[32m [repeated 10x across cluster][0m
[36m(ClientAppActor pid=612212)[0m             entirely in future versions of Flower.[32m [repeated 10x across cluster][0m
[36m(ClientAppActor pid=612246)[0m 
[36m(ClientAppActor pid=612246)[0m         
[36m(ClientAppActor pid=612214)[0m 
[36m(ClientAppActor pid=612214)[0m         
[36m(ClientAppActor pid=612213)[0m 
[36m(ClientAppActor pid=612213)[0m         
[36m(ClientAppActor pid=612247)[0m 
[36m(ClientAppActor pid=612247)[0m         
[92mINFO [0m:      aggregate_evaluate: received 5 results and 0 failures
[92mINFO [0m:      
[92mINFO [0m:      [ROUND 4]
[92mINFO [0m:      configure_fit: strategy sampled 5 clients (out of 5)
[36m(ClientAppActor pid=612247)[0m 
[36m(ClientAppActor pid=612247)[0m         
[36m(ClientAppActor pid=612213)[0m 
[36m(ClientAppActor pid=612213)[0m         
[36m(ClientAppActor pid=612214)[0m 
[36m(ClientAppActor pid=612214)[0m         
[36m(ClientAppActor pid=612212)[0m 
[36m(ClientAppActor pid=612212)[0m         
[36m(ClientAppActor pid=612246)[0m 
[36m(ClientAppActor pid=612246)[0m         
[92mINFO [0m:      aggregate_fit: received 5 results and 0 failures
[92mINFO [0m:      fit progress: (4, 3.8887710372924804, {'accuracy': 0.4352, 'loss': 3.8887710372924804}, 65.55266986001516)
[92mINFO [0m:      configure_evaluate: strategy sampled 5 clients (out of 5)
[36m(ClientAppActor pid=612247)[0m 
[36m(ClientAppActor pid=612247)[0m         
[36m(ClientAppActor pid=612247)[0m [93mWARNING [0m:   DEPRECATED FEATURE: `client_fn` now expects a signature `def client_fn(context: Context)`.The provided `client_fn` has signature: {'cid': <Parameter "cid: str">}. You can import the `Context` like this: `from flwr.app import Context`[32m [repeated 10x across cluster][0m
[36m(ClientAppActor pid=612247)[0m             This is a deprecated feature. It will be removed[32m [repeated 10x across cluster][0m
[36m(ClientAppActor pid=612247)[0m             entirely in future versions of Flower.[32m [repeated 10x across cluster][0m
[36m(ClientAppActor pid=612212)[0m 
[36m(ClientAppActor pid=612212)[0m         
[36m(ClientAppActor pid=612213)[0m 
[36m(ClientAppActor pid=612213)[0m         
[36m(ClientAppActor pid=612214)[0m 
[36m(ClientAppActor pid=612214)[0m         
[36m(ClientAppActor pid=612246)[0m 
[36m(ClientAppActor pid=612246)[0m         
[92mINFO [0m:      aggregate_evaluate: received 5 results and 0 failures
[92mINFO [0m:      
[92mINFO [0m:      [ROUND 5]
[92mINFO [0m:      configure_fit: strategy sampled 5 clients (out of 5)
[36m(ClientAppActor pid=612246)[0m 
[36m(ClientAppActor pid=612246)[0m         
[36m(ClientAppActor pid=612214)[0m 
[36m(ClientAppActor pid=612214)[0m         
[36m(ClientAppActor pid=612212)[0m 
[36m(ClientAppActor pid=612212)[0m         
[36m(ClientAppActor pid=612213)[0m 
[36m(ClientAppActor pid=612213)[0m         
[36m(ClientAppActor pid=612247)[0m 
[36m(ClientAppActor pid=612247)[0m         
[92mINFO [0m:      aggregate_fit: received 5 results and 0 failures
[92mINFO [0m:      fit progress: (5, 2.8038530206680297, {'accuracy': 0.55, 'loss': 2.8038530206680297}, 81.56514413596597)
[92mINFO [0m:      configure_evaluate: strategy sampled 5 clients (out of 5)
[36m(ClientAppActor pid=612246)[0m 
[36m(ClientAppActor pid=612246)[0m         
[36m(ClientAppActor pid=612246)[0m [93mWARNING [0m:   DEPRECATED FEATURE: `client_fn` now expects a signature `def client_fn(context: Context)`.The provided `client_fn` has signature: {'cid': <Parameter "cid: str">}. You can import the `Context` like this: `from flwr.app import Context`[32m [repeated 10x across cluster][0m
[36m(ClientAppActor pid=612246)[0m             This is a deprecated feature. It will be removed[32m [repeated 10x across cluster][0m
[36m(ClientAppActor pid=612246)[0m             entirely in future versions of Flower.[32m [repeated 10x across cluster][0m
[36m(ClientAppActor pid=612214)[0m 
[36m(ClientAppActor pid=612214)[0m         
[36m(ClientAppActor pid=612212)[0m 
[36m(ClientAppActor pid=612212)[0m         
[36m(ClientAppActor pid=612213)[0m 
[36m(ClientAppActor pid=612213)[0m         
[36m(ClientAppActor pid=612247)[0m 
[36m(ClientAppActor pid=612247)[0m         
[92mINFO [0m:      aggregate_evaluate: received 5 results and 0 failures
[92mINFO [0m:      
[92mINFO [0m:      [ROUND 6]
[92mINFO [0m:      configure_fit: strategy sampled 5 clients (out of 5)
[36m(ClientAppActor pid=612247)[0m 
[36m(ClientAppActor pid=612247)[0m         
[36m(ClientAppActor pid=612213)[0m 
[36m(ClientAppActor pid=612213)[0m         
[36m(ClientAppActor pid=612212)[0m 
[36m(ClientAppActor pid=612212)[0m         
[36m(ClientAppActor pid=612214)[0m 
[36m(ClientAppActor pid=612214)[0m         
[36m(ClientAppActor pid=612246)[0m 
[36m(ClientAppActor pid=612246)[0m         
[92mINFO [0m:      aggregate_fit: received 5 results and 0 failures
[92mINFO [0m:      fit progress: (6, 4.036693968963623, {'accuracy': 0.5743, 'loss': 4.036693968963623}, 97.22746867296519)
[92mINFO [0m:      configure_evaluate: strategy sampled 5 clients (out of 5)
[36m(ClientAppActor pid=612213)[0m 
[36m(ClientAppActor pid=612213)[0m         
[36m(ClientAppActor pid=612213)[0m [93mWARNING [0m:   DEPRECATED FEATURE: `client_fn` now expects a signature `def client_fn(context: Context)`.The provided `client_fn` has signature: {'cid': <Parameter "cid: str">}. You can import the `Context` like this: `from flwr.app import Context`[32m [repeated 10x across cluster][0m
[36m(ClientAppActor pid=612213)[0m             This is a deprecated feature. It will be removed[32m [repeated 10x across cluster][0m
[36m(ClientAppActor pid=612213)[0m             entirely in future versions of Flower.[32m [repeated 10x across cluster][0m
[36m(ClientAppActor pid=612246)[0m 
[36m(ClientAppActor pid=612246)[0m         
[36m(ClientAppActor pid=612212)[0m 
[36m(ClientAppActor pid=612212)[0m         
[36m(ClientAppActor pid=612214)[0m 
[36m(ClientAppActor pid=612214)[0m         
[36m(ClientAppActor pid=612247)[0m 
[36m(ClientAppActor pid=612247)[0m         
[92mINFO [0m:      aggregate_evaluate: received 5 results and 0 failures
[92mINFO [0m:      
[92mINFO [0m:      [ROUND 7]
[92mINFO [0m:      configure_fit: strategy sampled 5 clients (out of 5)
[36m(ClientAppActor pid=612247)[0m 
[36m(ClientAppActor pid=612247)[0m         
[36m(ClientAppActor pid=612214)[0m 
[36m(ClientAppActor pid=612214)[0m         
[36m(ClientAppActor pid=612246)[0m 
[36m(ClientAppActor pid=612246)[0m         
[36m(ClientAppActor pid=612212)[0m 
[36m(ClientAppActor pid=612212)[0m         
[36m(ClientAppActor pid=612213)[0m 
[36m(ClientAppActor pid=612213)[0m         
[92mINFO [0m:      aggregate_fit: received 5 results and 0 failures
[92mINFO [0m:      fit progress: (7, 4.310439586257934, {'accuracy': 0.5958, 'loss': 4.310439586257934}, 113.73292196996044)
[92mINFO [0m:      configure_evaluate: strategy sampled 5 clients (out of 5)
[36m(ClientAppActor pid=612213)[0m 
[36m(ClientAppActor pid=612213)[0m         
[36m(ClientAppActor pid=612213)[0m [93mWARNING [0m:   DEPRECATED FEATURE: `client_fn` now expects a signature `def client_fn(context: Context)`.The provided `client_fn` has signature: {'cid': <Parameter "cid: str">}. You can import the `Context` like this: `from flwr.app import Context`[32m [repeated 10x across cluster][0m
[36m(ClientAppActor pid=612213)[0m             This is a deprecated feature. It will be removed[32m [repeated 10x across cluster][0m
[36m(ClientAppActor pid=612213)[0m             entirely in future versions of Flower.[32m [repeated 10x across cluster][0m
[36m(ClientAppActor pid=612212)[0m 
[36m(ClientAppActor pid=612212)[0m         
[36m(ClientAppActor pid=612246)[0m 
[36m(ClientAppActor pid=612246)[0m         
[36m(ClientAppActor pid=612247)[0m 
[36m(ClientAppActor pid=612247)[0m         
[36m(ClientAppActor pid=612214)[0m 
[36m(ClientAppActor pid=612214)[0m         
[92mINFO [0m:      aggregate_evaluate: received 5 results and 0 failures
[92mINFO [0m:      
[92mINFO [0m:      [ROUND 8]
[92mINFO [0m:      configure_fit: strategy sampled 5 clients (out of 5)
[36m(ClientAppActor pid=612214)[0m 
[36m(ClientAppActor pid=612214)[0m         
[36m(ClientAppActor pid=612247)[0m 
[36m(ClientAppActor pid=612247)[0m         
[36m(ClientAppActor pid=612246)[0m 
[36m(ClientAppActor pid=612246)[0m         
[36m(ClientAppActor pid=612212)[0m 
[36m(ClientAppActor pid=612212)[0m         
[36m(ClientAppActor pid=612213)[0m 
[36m(ClientAppActor pid=612213)[0m         
[92mINFO [0m:      aggregate_fit: received 5 results and 0 failures
[92mINFO [0m:      fit progress: (8, 3.5047207544326784, {'accuracy': 0.5924, 'loss': 3.5047207544326784}, 129.2858898889972)
[92mINFO [0m:      configure_evaluate: strategy sampled 5 clients (out of 5)
[36m(ClientAppActor pid=612214)[0m 
[36m(ClientAppActor pid=612214)[0m         
[36m(ClientAppActor pid=612214)[0m [93mWARNING [0m:   DEPRECATED FEATURE: `client_fn` now expects a signature `def client_fn(context: Context)`.The provided `client_fn` has signature: {'cid': <Parameter "cid: str">}. You can import the `Context` like this: `from flwr.app import Context`[32m [repeated 10x across cluster][0m
[36m(ClientAppActor pid=612214)[0m             This is a deprecated feature. It will be removed[32m [repeated 10x across cluster][0m
[36m(ClientAppActor pid=612214)[0m             entirely in future versions of Flower.[32m [repeated 10x across cluster][0m
[36m(ClientAppActor pid=612246)[0m 
[36m(ClientAppActor pid=612246)[0m         
[36m(ClientAppActor pid=612213)[0m 
[36m(ClientAppActor pid=612213)[0m         
[36m(ClientAppActor pid=612247)[0m 
[36m(ClientAppActor pid=612247)[0m         
[36m(ClientAppActor pid=612212)[0m 
[36m(ClientAppActor pid=612212)[0m         
[92mINFO [0m:      aggregate_evaluate: received 5 results and 0 failures
[92mINFO [0m:      
[92mINFO [0m:      [ROUND 9]
[92mINFO [0m:      configure_fit: strategy sampled 5 clients (out of 5)
[36m(ClientAppActor pid=612212)[0m 
[36m(ClientAppActor pid=612212)[0m         
[36m(ClientAppActor pid=612247)[0m 
[36m(ClientAppActor pid=612247)[0m         
[36m(ClientAppActor pid=612213)[0m 
[36m(ClientAppActor pid=612213)[0m         
[36m(ClientAppActor pid=612246)[0m 
[36m(ClientAppActor pid=612246)[0m         
[36m(ClientAppActor pid=612214)[0m 
[36m(ClientAppActor pid=612214)[0m         
[92mINFO [0m:      aggregate_fit: received 5 results and 0 failures
[92mINFO [0m:      fit progress: (9, 4.333726107978821, {'accuracy': 0.5517, 'loss': 4.333726107978821}, 144.98143795796204)
[92mINFO [0m:      configure_evaluate: strategy sampled 5 clients (out of 5)
[36m(ClientAppActor pid=612212)[0m 
[36m(ClientAppActor pid=612212)[0m         
[36m(ClientAppActor pid=612212)[0m [93mWARNING [0m:   DEPRECATED FEATURE: `client_fn` now expects a signature `def client_fn(context: Context)`.The provided `client_fn` has signature: {'cid': <Parameter "cid: str">}. You can import the `Context` like this: `from flwr.app import Context`[32m [repeated 10x across cluster][0m
[36m(ClientAppActor pid=612212)[0m             This is a deprecated feature. It will be removed[32m [repeated 10x across cluster][0m
[36m(ClientAppActor pid=612212)[0m             entirely in future versions of Flower.[32m [repeated 10x across cluster][0m
[36m(ClientAppActor pid=612246)[0m 
[36m(ClientAppActor pid=612246)[0m         
[36m(ClientAppActor pid=612214)[0m 
[36m(ClientAppActor pid=612214)[0m         
[36m(ClientAppActor pid=612213)[0m 
[36m(ClientAppActor pid=612213)[0m         
[36m(ClientAppActor pid=612247)[0m 
[36m(ClientAppActor pid=612247)[0m         
[92mINFO [0m:      aggregate_evaluate: received 5 results and 0 failures
[92mINFO [0m:      
[92mINFO [0m:      [ROUND 10]
[92mINFO [0m:      configure_fit: strategy sampled 5 clients (out of 5)
[36m(ClientAppActor pid=612247)[0m 
[36m(ClientAppActor pid=612247)[0m         
[36m(ClientAppActor pid=612213)[0m 
[36m(ClientAppActor pid=612213)[0m         
[36m(ClientAppActor pid=612246)[0m 
[36m(ClientAppActor pid=612246)[0m         
[36m(ClientAppActor pid=612214)[0m 
[36m(ClientAppActor pid=612214)[0m         
[36m(ClientAppActor pid=612212)[0m 
[36m(ClientAppActor pid=612212)[0m         
[92mINFO [0m:      aggregate_fit: received 5 results and 0 failures
[92mINFO [0m:      fit progress: (10, 4.9490331615448, {'accuracy': 0.5532, 'loss': 4.9490331615448}, 160.6502252529608)
[92mINFO [0m:      configure_evaluate: strategy sampled 5 clients (out of 5)
[36m(ClientAppActor pid=612213)[0m 
[36m(ClientAppActor pid=612213)[0m         
[36m(ClientAppActor pid=612213)[0m [93mWARNING [0m:   DEPRECATED FEATURE: `client_fn` now expects a signature `def client_fn(context: Context)`.The provided `client_fn` has signature: {'cid': <Parameter "cid: str">}. You can import the `Context` like this: `from flwr.app import Context`[32m [repeated 10x across cluster][0m
[36m(ClientAppActor pid=612213)[0m             This is a deprecated feature. It will be removed[32m [repeated 10x across cluster][0m
[36m(ClientAppActor pid=612213)[0m             entirely in future versions of Flower.[32m [repeated 10x across cluster][0m
[36m(ClientAppActor pid=612247)[0m 
[36m(ClientAppActor pid=612247)[0m         
[36m(ClientAppActor pid=612212)[0m 
[36m(ClientAppActor pid=612212)[0m         
[36m(ClientAppActor pid=612214)[0m 
[36m(ClientAppActor pid=612214)[0m         
[36m(ClientAppActor pid=612246)[0m 
[36m(ClientAppActor pid=612246)[0m         
[92mINFO [0m:      aggregate_evaluate: received 5 results and 0 failures
[92mINFO [0m:      
[92mINFO [0m:      [SUMMARY]
[92mINFO [0m:      Run finished 10 round(s) in 161.64s
[92mINFO [0m:      	History (loss, distributed):
[92mINFO [0m:      		round 1: 2.316219483293882
[92mINFO [0m:      		round 2: 3.2545399487185547
[92mINFO [0m:      		round 3: 7.486764281880813
[92mINFO [0m:      		round 4: 3.8823502240728596
[92mINFO [0m:      		round 5: 2.689190041785147
[92mINFO [0m:      		round 6: 3.8408529606482693
[92mINFO [0m:      		round 7: 4.161085187251039
[92mINFO [0m:      		round 8: 3.331976481539314
[92mINFO [0m:      		round 9: 4.050829043488901
[92mINFO [0m:      		round 10: 4.60642164352597
[92mINFO [0m:      	History (loss, centralized):
[92mINFO [0m:      		round 0: 2.3034515926361085
[92mINFO [0m:      		round 1: 2.315503847885132
[92mINFO [0m:      		round 2: 3.2446160034179687
[92mINFO [0m:      		round 3: 7.336804955291748
[92mINFO [0m:      		round 4: 3.8887710372924804
[92mINFO [0m:      		round 5: 2.8038530206680297
[92mINFO [0m:      		round 6: 4.036693968963623
[92mINFO [0m:      		round 7: 4.310439586257934
[92mINFO [0m:      		round 8: 3.5047207544326784
[92mINFO [0m:      		round 9: 4.333726107978821
[92mINFO [0m:      		round 10: 4.9490331615448
[92mINFO [0m:      	History (metrics, distributed, fit):
[92mINFO [0m:      	{'avg_flops_per_client_round': [(1, 8140624189440.0),
[92mINFO [0m:      	                                (2, 8140624189440.0),
[92mINFO [0m:      	                                (3, 8140624189440.0),
[92mINFO [0m:      	                                (4, 8140624189440.0),
[92mINFO [0m:      	                                (5, 8140624189440.0),
[92mINFO [0m:      	                                (6, 8140624189440.0),
[92mINFO [0m:      	                                (7, 8140624189440.0),
[92mINFO [0m:      	                                (8, 8140624189440.0),
[92mINFO [0m:      	                                (9, 8140624189440.0),
[92mINFO [0m:      	                                (10, 8140624189440.0)],
[92mINFO [0m:      	 'total_flops_round': [(1, 40703120947200),
[92mINFO [0m:      	                       (2, 40703120947200),
[92mINFO [0m:      	                       (3, 40703120947200),
[92mINFO [0m:      	                       (4, 40703120947200),
[92mINFO [0m:      	                       (5, 40703120947200),
[92mINFO [0m:      	                       (6, 40703120947200),
[92mINFO [0m:      	                       (7, 40703120947200),
[92mINFO [0m:      	                       (8, 40703120947200),
[92mINFO [0m:      	                       (9, 40703120947200),
[92mINFO [0m:      	                       (10, 40703120947200)]}
[92mINFO [0m:      	History (metrics, distributed, evaluate):
[92mINFO [0m:      	{'accuracy': [(1, 0.10004001600640255),
[92mINFO [0m:      	              (2, 0.3941576630652261),
[92mINFO [0m:      	              (3, 0.383953581432573),
[92mINFO [0m:      	              (4, 0.4335734293717487),
[92mINFO [0m:      	              (5, 0.5592236894757903),
[92mINFO [0m:      	              (6, 0.579031612645058),
[92mINFO [0m:      	              (7, 0.6024409763905563),
[92mINFO [0m:      	              (8, 0.5998399359743898),
[92mINFO [0m:      	              (9, 0.5566226490596239),
[92mINFO [0m:      	              (10, 0.5568227290916367)],
[92mINFO [0m:      	 'loss': [(1, 2.316219483293882),
[92mINFO [0m:      	          (2, 3.2545399487185547),
[92mINFO [0m:      	          (3, 7.486764281880813),
[92mINFO [0m:      	          (4, 3.8823502240728596),
[92mINFO [0m:      	          (5, 2.689190041785147),
[92mINFO [0m:      	          (6, 3.8408529606482693),
[92mINFO [0m:      	          (7, 4.161085187251039),
[92mINFO [0m:      	          (8, 3.331976481539314),
[92mINFO [0m:      	          (9, 4.050829043488901),
[92mINFO [0m:      	          (10, 4.60642164352597)]}
[92mINFO [0m:      	History (metrics, centralized):
[92mINFO [0m:      	{'accuracy': [(0, 0.1),
[92mINFO [0m:      	              (1, 0.1),
[92mINFO [0m:      	              (2, 0.3856),
[92mINFO [0m:      	              (3, 0.3835),
[92mINFO [0m:      	              (4, 0.4352),
[92mINFO [0m:      	              (5, 0.55),
[92mINFO [0m:      	              (6, 0.5743),
[92mINFO [0m:      	              (7, 0.5958),
[92mINFO [0m:      	              (8, 0.5924),
[92mINFO [0m:      	              (9, 0.5517),
[92mINFO [0m:      	              (10, 0.5532)],
[92mINFO [0m:      	 'loss': [(0, 2.3034515926361085),
[92mINFO [0m:      	          (1, 2.315503847885132),
[92mINFO [0m:      	          (2, 3.2446160034179687),
[92mINFO [0m:      	          (3, 7.336804955291748),
[92mINFO [0m:      	          (4, 3.8887710372924804),
[92mINFO [0m:      	          (5, 2.8038530206680297),
[92mINFO [0m:      	          (6, 4.036693968963623),
[92mINFO [0m:      	          (7, 4.310439586257934),
[92mINFO [0m:      	          (8, 3.5047207544326784),
[92mINFO [0m:      	          (9, 4.333726107978821),
[92mINFO [0m:      	          (10, 4.9490331615448)]}
[92mINFO [0m:      
Treinando no dispositivo: cuda:0 com o dataset: CIFAR10 | Setup clientes: 5 (num_gpus por cliente=0.2) | SEED=48 | Método: FedAvgM (server_momentum=0.9, server_lr=1.0)
FLOPS por amostra (forward): 6.030e+07 | (forward+backward, 3x): 1.809e+08
Files already downloaded and verified
Files already downloaded and verified
Dividindo o dataset usando a distribuição de Dirichlet com alpha=0.1.
Iniciando a simulação de Aprendizado Federado...
=== Diagnóstico de Medição de GPU ===
  pynvml_disponivel: True
  pynvml_versao: 580.173.02
  gpus_detectadas: 1
  leitura_potencia_ok: True
  potencia_atual_W: 116.49

--- Rodada 0 - Avaliação Centralizada (Servidor) ---
Loss (Servidor): 2.3035 | Acurácia (Servidor): 0.1000

--- Rodada 1 - Avaliação Centralizada (Servidor) ---
Loss (Servidor): 2.3155 | Acurácia (Servidor): 0.1000
--- Avaliação Agregada (Clientes) ---
Loss Média (Clientes): 2.3162 | Acurácia Média (Clientes): 0.1000

--- Rodada 2 - Avaliação Centralizada (Servidor) ---
Loss (Servidor): 3.2446 | Acurácia (Servidor): 0.3856
--- Avaliação Agregada (Clientes) ---
Loss Média (Clientes): 3.2545 | Acurácia Média (Clientes): 0.3942

--- Rodada 3 - Avaliação Centralizada (Servidor) ---
Loss (Servidor): 7.3368 | Acurácia (Servidor): 0.3835
--- Avaliação Agregada (Clientes) ---
Loss Média (Clientes): 7.4868 | Acurácia Média (Clientes): 0.3840

--- Rodada 4 - Avaliação Centralizada (Servidor) ---
Loss (Servidor): 3.8888 | Acurácia (Servidor): 0.4352
--- Avaliação Agregada (Clientes) ---
Loss Média (Clientes): 3.8824 | Acurácia Média (Clientes): 0.4336

--- Rodada 5 - Avaliação Centralizada (Servidor) ---
Loss (Servidor): 2.8039 | Acurácia (Servidor): 0.5500
--- Avaliação Agregada (Clientes) ---
Loss Média (Clientes): 2.6892 | Acurácia Média (Clientes): 0.5592

--- Rodada 6 - Avaliação Centralizada (Servidor) ---
Loss (Servidor): 4.0367 | Acurácia (Servidor): 0.5743
--- Avaliação Agregada (Clientes) ---
Loss Média (Clientes): 3.8409 | Acurácia Média (Clientes): 0.5790

--- Rodada 7 - Avaliação Centralizada (Servidor) ---
Loss (Servidor): 4.3104 | Acurácia (Servidor): 0.5958
--- Avaliação Agregada (Clientes) ---
Loss Média (Clientes): 4.1611 | Acurácia Média (Clientes): 0.6024

--- Rodada 8 - Avaliação Centralizada (Servidor) ---
Loss (Servidor): 3.5047 | Acurácia (Servidor): 0.5924
--- Avaliação Agregada (Clientes) ---
Loss Média (Clientes): 3.3320 | Acurácia Média (Clientes): 0.5998

--- Rodada 9 - Avaliação Centralizada (Servidor) ---
Loss (Servidor): 4.3337 | Acurácia (Servidor): 0.5517
--- Avaliação Agregada (Clientes) ---
Loss Média (Clientes): 4.0508 | Acurácia Média (Clientes): 0.5566

--- Rodada 10 - Avaliação Centralizada (Servidor) ---
Loss (Servidor): 4.9490 | Acurácia (Servidor): 0.5532
--- Avaliação Agregada (Clientes) ---
Loss Média (Clientes): 4.6064 | Acurácia Média (Clientes): 0.5568

Resultados salvos em: /home/tiago/GitHubProjects/fedhad-thesis-2/FedAvgM-results/1.1_diagnostico_drift/CIFAR10/FedAvgM__CIFAR10__Setup-5__Clients-5__Rounds-10__Delay-0_05__Alpha-0_1__Seed-48.txt
[36m(ClientAppActor pid=612246)[0m [93mWARNING [0m:   DEPRECATED FEATURE: `client_fn` now expects a signature `def client_fn(context: Context)`.The provided `client_fn` has signature: {'cid': <Parameter "cid: str">}. You can import the `Context` like this: `from flwr.app import Context`[32m [repeated 4x across cluster][0m
[36m(ClientAppActor pid=612246)[0m             This is a deprecated feature. It will be removed[32m [repeated 4x across cluster][0m
[36m(ClientAppActor pid=612246)[0m             entirely in future versions of Flower.[32m [repeated 4x across cluster][0m
