[codecarbon WARNING @ 13:42:43] Multiple instances of codecarbon are allowed to run at the same time.
[93mWARNING [0m:   DEPRECATED FEATURE: flwr.simulation.start_simulation() is deprecated.
	Instead, use the `flwr run` CLI command to start a local simulation in your Flower app, as shown for example below:

		$ flwr new  # Create a new Flower app from a template

		$ flwr run  # Run the Flower app in Simulation Mode

	Using `start_simulation()` is deprecated.

            This is a deprecated feature. It will be removed
            entirely in future versions of Flower.
        
[92mINFO [0m:      Starting Flower simulation, config: num_rounds=10, no round_timeout
2026-09-04 13:42:51,739	INFO worker.py:2012 -- Started a local Ray instance.
/home/tiago/GitHubProjects/fedhad-thesis-2/env_flwr_pt/lib/python3.12/site-packages/ray/_private/worker.py:2051: FutureWarning: Tip: In future versions of Ray, Ray will no longer override accelerator visible devices env var if num_gpus=0 or num_gpus=None (default). To enable this behavior and turn off this error message, set RAY_ACCEL_ENV_VAR_OVERRIDE_ON_ZERO=0
  warnings.warn(
[92mINFO [0m:      Flower VCE: Ray initialized with resources: {'accelerator_type:A40': 1.0, 'node:10.129.64.100': 1.0, 'object_store_memory': 77749319270.0, 'GPU': 1.0, 'node:__internal_head__': 1.0, 'memory': 181415078298.0, 'CPU': 64.0}
[92mINFO [0m:      Optimize your simulation with Flower VCE: https://flower.ai/docs/framework/how-to-run-simulations.html
/home/tiago/GitHubProjects/fedhad-thesis-2/FedAvgM_Final.py:1669: UserWarning: No `num_cpus` specified in `client_resources`. Using `num_cpus=1` for each client.
  history = fl.simulation.start_simulation(
[92mINFO [0m:      Flower VCE: Resources for each Virtual Client: {'num_gpus': 0.2, 'num_cpus': 1}
[92mINFO [0m:      Flower VCE: Creating VirtualClientEngineActorPool with 5 actors
[92mINFO [0m:      [INIT]
[92mINFO [0m:      Using initial global parameters provided by strategy
[92mINFO [0m:      Starting evaluation of initial global parameters
[92mINFO [0m:      initial parameters (loss, other metrics): 2.302623388671875, {'accuracy': 0.1, 'loss': 2.302623388671875}
[92mINFO [0m:      
[92mINFO [0m:      [ROUND 1]
[92mINFO [0m:      configure_fit: strategy sampled 5 clients (out of 5)
[36m(ClientAppActor pid=627526)[0m [93mWARNING [0m:   DEPRECATED FEATURE: `client_fn` now expects a signature `def client_fn(context: Context)`.The provided `client_fn` has signature: {'cid': <Parameter "cid: str">}. You can import the `Context` like this: `from flwr.app import Context`
[36m(ClientAppActor pid=627526)[0m 
[36m(ClientAppActor pid=627526)[0m             This is a deprecated feature. It will be removed
[36m(ClientAppActor pid=627526)[0m             entirely in future versions of Flower.
[36m(ClientAppActor pid=627526)[0m         
[36m(ClientAppActor pid=627525)[0m 
[36m(ClientAppActor pid=627525)[0m         
[36m(ClientAppActor pid=627509)[0m 
[36m(ClientAppActor pid=627509)[0m         
[36m(ClientAppActor pid=627492)[0m 
[36m(ClientAppActor pid=627492)[0m         
[36m(ClientAppActor pid=627491)[0m 
[36m(ClientAppActor pid=627491)[0m         
[92mINFO [0m:      aggregate_fit: received 5 results and 0 failures
[92mINFO [0m:      fit progress: (1, 2.231269985961914, {'accuracy': 0.1933, 'loss': 2.231269985961914}, 19.904227835009806)
[92mINFO [0m:      configure_evaluate: strategy sampled 5 clients (out of 5)
[36m(ClientAppActor pid=627491)[0m 
[36m(ClientAppActor pid=627491)[0m         
[36m(ClientAppActor pid=627491)[0m [93mWARNING [0m:   DEPRECATED FEATURE: `client_fn` now expects a signature `def client_fn(context: Context)`.The provided `client_fn` has signature: {'cid': <Parameter "cid: str">}. You can import the `Context` like this: `from flwr.app import Context`[32m [repeated 5x across cluster] (Ray deduplicates logs by default. Set RAY_DEDUP_LOGS=0 to disable log deduplication, or see https://docs.ray.io/en/master/ray-observability/user-guides/configure-logging.html#log-deduplication for more options.)[0m
[36m(ClientAppActor pid=627491)[0m             This is a deprecated feature. It will be removed[32m [repeated 5x across cluster][0m
[36m(ClientAppActor pid=627491)[0m             entirely in future versions of Flower.[32m [repeated 5x across cluster][0m
[36m(ClientAppActor pid=627509)[0m 
[36m(ClientAppActor pid=627509)[0m         
[36m(ClientAppActor pid=627492)[0m 
[36m(ClientAppActor pid=627492)[0m         
[36m(ClientAppActor pid=627526)[0m 
[36m(ClientAppActor pid=627526)[0m         
[36m(ClientAppActor pid=627525)[0m 
[36m(ClientAppActor pid=627525)[0m         
[92mINFO [0m:      aggregate_evaluate: received 5 results and 0 failures
[92mINFO [0m:      
[92mINFO [0m:      [ROUND 2]
[92mINFO [0m:      configure_fit: strategy sampled 5 clients (out of 5)
[36m(ClientAppActor pid=627525)[0m 
[36m(ClientAppActor pid=627525)[0m         
[36m(ClientAppActor pid=627526)[0m 
[36m(ClientAppActor pid=627526)[0m         
[36m(ClientAppActor pid=627509)[0m 
[36m(ClientAppActor pid=627509)[0m         
[36m(ClientAppActor pid=627492)[0m 
[36m(ClientAppActor pid=627492)[0m         
[36m(ClientAppActor pid=627491)[0m 
[36m(ClientAppActor pid=627491)[0m         
[92mINFO [0m:      aggregate_fit: received 5 results and 0 failures
[92mINFO [0m:      fit progress: (2, 5.449298110580444, {'accuracy': 0.4316, 'loss': 5.449298110580444}, 38.66175776795717)
[92mINFO [0m:      configure_evaluate: strategy sampled 5 clients (out of 5)
[36m(ClientAppActor pid=627491)[0m 
[36m(ClientAppActor pid=627491)[0m         
[36m(ClientAppActor pid=627491)[0m [93mWARNING [0m:   DEPRECATED FEATURE: `client_fn` now expects a signature `def client_fn(context: Context)`.The provided `client_fn` has signature: {'cid': <Parameter "cid: str">}. You can import the `Context` like this: `from flwr.app import Context`[32m [repeated 10x across cluster][0m
[36m(ClientAppActor pid=627491)[0m             This is a deprecated feature. It will be removed[32m [repeated 10x across cluster][0m
[36m(ClientAppActor pid=627491)[0m             entirely in future versions of Flower.[32m [repeated 10x across cluster][0m
[36m(ClientAppActor pid=627525)[0m 
[36m(ClientAppActor pid=627525)[0m         
[36m(ClientAppActor pid=627509)[0m 
[36m(ClientAppActor pid=627509)[0m         
[36m(ClientAppActor pid=627492)[0m 
[36m(ClientAppActor pid=627492)[0m         
[36m(ClientAppActor pid=627526)[0m 
[36m(ClientAppActor pid=627526)[0m         
[92mINFO [0m:      aggregate_evaluate: received 5 results and 0 failures
[92mINFO [0m:      
[92mINFO [0m:      [ROUND 3]
[92mINFO [0m:      configure_fit: strategy sampled 5 clients (out of 5)
[36m(ClientAppActor pid=627492)[0m 
[36m(ClientAppActor pid=627492)[0m         
[36m(ClientAppActor pid=627526)[0m 
[36m(ClientAppActor pid=627526)[0m         
[36m(ClientAppActor pid=627509)[0m 
[36m(ClientAppActor pid=627509)[0m         
[36m(ClientAppActor pid=627525)[0m 
[36m(ClientAppActor pid=627525)[0m         
[36m(ClientAppActor pid=627491)[0m 
[36m(ClientAppActor pid=627491)[0m         
[92mINFO [0m:      aggregate_fit: received 5 results and 0 failures
[92mINFO [0m:      fit progress: (3, 10.17394803390503, {'accuracy': 0.415, 'loss': 10.17394803390503}, 56.744734823994804)
[92mINFO [0m:      configure_evaluate: strategy sampled 5 clients (out of 5)
[36m(ClientAppActor pid=627492)[0m 
[36m(ClientAppActor pid=627492)[0m         
[36m(ClientAppActor pid=627492)[0m [93mWARNING [0m:   DEPRECATED FEATURE: `client_fn` now expects a signature `def client_fn(context: Context)`.The provided `client_fn` has signature: {'cid': <Parameter "cid: str">}. You can import the `Context` like this: `from flwr.app import Context`[32m [repeated 10x across cluster][0m
[36m(ClientAppActor pid=627492)[0m             This is a deprecated feature. It will be removed[32m [repeated 10x across cluster][0m
[36m(ClientAppActor pid=627492)[0m             entirely in future versions of Flower.[32m [repeated 10x across cluster][0m
[36m(ClientAppActor pid=627491)[0m 
[36m(ClientAppActor pid=627491)[0m         
[36m(ClientAppActor pid=627526)[0m 
[36m(ClientAppActor pid=627526)[0m         
[36m(ClientAppActor pid=627525)[0m 
[36m(ClientAppActor pid=627525)[0m         
[36m(ClientAppActor pid=627509)[0m 
[36m(ClientAppActor pid=627509)[0m         
[92mINFO [0m:      aggregate_evaluate: received 5 results and 0 failures
[92mINFO [0m:      
[92mINFO [0m:      [ROUND 4]
[92mINFO [0m:      configure_fit: strategy sampled 5 clients (out of 5)
[36m(ClientAppActor pid=627509)[0m 
[36m(ClientAppActor pid=627509)[0m         
[36m(ClientAppActor pid=627525)[0m 
[36m(ClientAppActor pid=627525)[0m         
[36m(ClientAppActor pid=627526)[0m 
[36m(ClientAppActor pid=627526)[0m         
[36m(ClientAppActor pid=627491)[0m 
[36m(ClientAppActor pid=627491)[0m         
[36m(ClientAppActor pid=627492)[0m 
[36m(ClientAppActor pid=627492)[0m         
[92mINFO [0m:      aggregate_fit: received 5 results and 0 failures
[92mINFO [0m:      fit progress: (4, 4.039867365646362, {'accuracy': 0.5036, 'loss': 4.039867365646362}, 75.30548747099238)
[92mINFO [0m:      configure_evaluate: strategy sampled 5 clients (out of 5)
[36m(ClientAppActor pid=627492)[0m 
[36m(ClientAppActor pid=627492)[0m         
[36m(ClientAppActor pid=627492)[0m [93mWARNING [0m:   DEPRECATED FEATURE: `client_fn` now expects a signature `def client_fn(context: Context)`.The provided `client_fn` has signature: {'cid': <Parameter "cid: str">}. You can import the `Context` like this: `from flwr.app import Context`[32m [repeated 10x across cluster][0m
[36m(ClientAppActor pid=627492)[0m             This is a deprecated feature. It will be removed[32m [repeated 10x across cluster][0m
[36m(ClientAppActor pid=627492)[0m             entirely in future versions of Flower.[32m [repeated 10x across cluster][0m
[36m(ClientAppActor pid=627509)[0m 
[36m(ClientAppActor pid=627509)[0m         
[36m(ClientAppActor pid=627491)[0m 
[36m(ClientAppActor pid=627491)[0m         
[36m(ClientAppActor pid=627526)[0m 
[36m(ClientAppActor pid=627526)[0m         
[36m(ClientAppActor pid=627525)[0m 
[36m(ClientAppActor pid=627525)[0m         
[92mINFO [0m:      aggregate_evaluate: received 5 results and 0 failures
[92mINFO [0m:      
[92mINFO [0m:      [ROUND 5]
[92mINFO [0m:      configure_fit: strategy sampled 5 clients (out of 5)
[36m(ClientAppActor pid=627525)[0m 
[36m(ClientAppActor pid=627525)[0m         
[36m(ClientAppActor pid=627526)[0m 
[36m(ClientAppActor pid=627526)[0m         
[36m(ClientAppActor pid=627509)[0m 
[36m(ClientAppActor pid=627509)[0m         
[36m(ClientAppActor pid=627491)[0m 
[36m(ClientAppActor pid=627491)[0m         
[36m(ClientAppActor pid=627492)[0m 
[36m(ClientAppActor pid=627492)[0m         
[92mINFO [0m:      aggregate_fit: received 5 results and 0 failures
[92mINFO [0m:      fit progress: (5, 3.0803244007110595, {'accuracy': 0.6002, 'loss': 3.0803244007110595}, 93.53680314699886)
[92mINFO [0m:      configure_evaluate: strategy sampled 5 clients (out of 5)
[36m(ClientAppActor pid=627526)[0m 
[36m(ClientAppActor pid=627526)[0m         
[36m(ClientAppActor pid=627526)[0m [93mWARNING [0m:   DEPRECATED FEATURE: `client_fn` now expects a signature `def client_fn(context: Context)`.The provided `client_fn` has signature: {'cid': <Parameter "cid: str">}. You can import the `Context` like this: `from flwr.app import Context`[32m [repeated 10x across cluster][0m
[36m(ClientAppActor pid=627526)[0m             This is a deprecated feature. It will be removed[32m [repeated 10x across cluster][0m
[36m(ClientAppActor pid=627526)[0m             entirely in future versions of Flower.[32m [repeated 10x across cluster][0m
[36m(ClientAppActor pid=627491)[0m 
[36m(ClientAppActor pid=627491)[0m         
[36m(ClientAppActor pid=627525)[0m 
[36m(ClientAppActor pid=627525)[0m         
[36m(ClientAppActor pid=627509)[0m 
[36m(ClientAppActor pid=627509)[0m         
[36m(ClientAppActor pid=627492)[0m 
[36m(ClientAppActor pid=627492)[0m         
[92mINFO [0m:      aggregate_evaluate: received 5 results and 0 failures
[92mINFO [0m:      
[92mINFO [0m:      [ROUND 6]
[92mINFO [0m:      configure_fit: strategy sampled 5 clients (out of 5)
[36m(ClientAppActor pid=627509)[0m 
[36m(ClientAppActor pid=627509)[0m         
[36m(ClientAppActor pid=627492)[0m 
[36m(ClientAppActor pid=627492)[0m         
[36m(ClientAppActor pid=627525)[0m 
[36m(ClientAppActor pid=627525)[0m         
[36m(ClientAppActor pid=627491)[0m 
[36m(ClientAppActor pid=627491)[0m         
[36m(ClientAppActor pid=627526)[0m 
[36m(ClientAppActor pid=627526)[0m         
[92mINFO [0m:      aggregate_fit: received 5 results and 0 failures
[92mINFO [0m:      fit progress: (6, 3.9226050088882447, {'accuracy': 0.5799, 'loss': 3.9226050088882447}, 111.92723354295595)
[92mINFO [0m:      configure_evaluate: strategy sampled 5 clients (out of 5)
[36m(ClientAppActor pid=627526)[0m 
[36m(ClientAppActor pid=627526)[0m         
[36m(ClientAppActor pid=627526)[0m [93mWARNING [0m:   DEPRECATED FEATURE: `client_fn` now expects a signature `def client_fn(context: Context)`.The provided `client_fn` has signature: {'cid': <Parameter "cid: str">}. You can import the `Context` like this: `from flwr.app import Context`[32m [repeated 10x across cluster][0m
[36m(ClientAppActor pid=627526)[0m             This is a deprecated feature. It will be removed[32m [repeated 10x across cluster][0m
[36m(ClientAppActor pid=627526)[0m             entirely in future versions of Flower.[32m [repeated 10x across cluster][0m
[36m(ClientAppActor pid=627491)[0m 
[36m(ClientAppActor pid=627491)[0m         
[36m(ClientAppActor pid=627525)[0m 
[36m(ClientAppActor pid=627525)[0m         
[36m(ClientAppActor pid=627509)[0m 
[36m(ClientAppActor pid=627509)[0m         
[36m(ClientAppActor pid=627492)[0m 
[36m(ClientAppActor pid=627492)[0m         
[92mINFO [0m:      aggregate_evaluate: received 5 results and 0 failures
[92mINFO [0m:      
[92mINFO [0m:      [ROUND 7]
[92mINFO [0m:      configure_fit: strategy sampled 5 clients (out of 5)
[36m(ClientAppActor pid=627492)[0m 
[36m(ClientAppActor pid=627492)[0m         
[36m(ClientAppActor pid=627509)[0m 
[36m(ClientAppActor pid=627509)[0m         
[36m(ClientAppActor pid=627525)[0m 
[36m(ClientAppActor pid=627525)[0m         
[36m(ClientAppActor pid=627491)[0m 
[36m(ClientAppActor pid=627491)[0m         
[36m(ClientAppActor pid=627526)[0m 
[36m(ClientAppActor pid=627526)[0m         
[92mINFO [0m:      aggregate_fit: received 5 results and 0 failures
[92mINFO [0m:      fit progress: (7, 3.261318772506714, {'accuracy': 0.5386, 'loss': 3.261318772506714}, 130.0213262399775)
[92mINFO [0m:      configure_evaluate: strategy sampled 5 clients (out of 5)
[36m(ClientAppActor pid=627492)[0m 
[36m(ClientAppActor pid=627492)[0m         
[36m(ClientAppActor pid=627492)[0m [93mWARNING [0m:   DEPRECATED FEATURE: `client_fn` now expects a signature `def client_fn(context: Context)`.The provided `client_fn` has signature: {'cid': <Parameter "cid: str">}. You can import the `Context` like this: `from flwr.app import Context`[32m [repeated 10x across cluster][0m
[36m(ClientAppActor pid=627492)[0m             This is a deprecated feature. It will be removed[32m [repeated 10x across cluster][0m
[36m(ClientAppActor pid=627492)[0m             entirely in future versions of Flower.[32m [repeated 10x across cluster][0m
[36m(ClientAppActor pid=627509)[0m 
[36m(ClientAppActor pid=627509)[0m         
[36m(ClientAppActor pid=627491)[0m 
[36m(ClientAppActor pid=627491)[0m         
[36m(ClientAppActor pid=627525)[0m 
[36m(ClientAppActor pid=627525)[0m         
[36m(ClientAppActor pid=627526)[0m 
[36m(ClientAppActor pid=627526)[0m         
[92mINFO [0m:      aggregate_evaluate: received 5 results and 0 failures
[92mINFO [0m:      
[92mINFO [0m:      [ROUND 8]
[92mINFO [0m:      configure_fit: strategy sampled 5 clients (out of 5)
[36m(ClientAppActor pid=627526)[0m 
[36m(ClientAppActor pid=627526)[0m         
[36m(ClientAppActor pid=627491)[0m 
[36m(ClientAppActor pid=627491)[0m         
[36m(ClientAppActor pid=627525)[0m 
[36m(ClientAppActor pid=627525)[0m         
[36m(ClientAppActor pid=627492)[0m 
[36m(ClientAppActor pid=627492)[0m         
[36m(ClientAppActor pid=627509)[0m 
[36m(ClientAppActor pid=627509)[0m         
[92mINFO [0m:      aggregate_fit: received 5 results and 0 failures
[92mINFO [0m:      fit progress: (8, 2.9360620363235475, {'accuracy': 0.5189, 'loss': 2.9360620363235475}, 148.3979422149714)
[92mINFO [0m:      configure_evaluate: strategy sampled 5 clients (out of 5)
[36m(ClientAppActor pid=627492)[0m 
[36m(ClientAppActor pid=627492)[0m         
[36m(ClientAppActor pid=627492)[0m [93mWARNING [0m:   DEPRECATED FEATURE: `client_fn` now expects a signature `def client_fn(context: Context)`.The provided `client_fn` has signature: {'cid': <Parameter "cid: str">}. You can import the `Context` like this: `from flwr.app import Context`[32m [repeated 10x across cluster][0m
[36m(ClientAppActor pid=627492)[0m             This is a deprecated feature. It will be removed[32m [repeated 10x across cluster][0m
[36m(ClientAppActor pid=627492)[0m             entirely in future versions of Flower.[32m [repeated 10x across cluster][0m
[36m(ClientAppActor pid=627491)[0m 
[36m(ClientAppActor pid=627491)[0m         
[36m(ClientAppActor pid=627509)[0m 
[36m(ClientAppActor pid=627509)[0m         
[36m(ClientAppActor pid=627525)[0m 
[36m(ClientAppActor pid=627525)[0m         
[36m(ClientAppActor pid=627526)[0m 
[36m(ClientAppActor pid=627526)[0m         
[92mINFO [0m:      aggregate_evaluate: received 5 results and 0 failures
[92mINFO [0m:      
[92mINFO [0m:      [ROUND 9]
[92mINFO [0m:      configure_fit: strategy sampled 5 clients (out of 5)
[36m(ClientAppActor pid=627525)[0m 
[36m(ClientAppActor pid=627525)[0m         
[36m(ClientAppActor pid=627526)[0m 
[36m(ClientAppActor pid=627526)[0m         
[36m(ClientAppActor pid=627509)[0m 
[36m(ClientAppActor pid=627509)[0m         
[36m(ClientAppActor pid=627491)[0m 
[36m(ClientAppActor pid=627491)[0m         
[36m(ClientAppActor pid=627492)[0m 
[36m(ClientAppActor pid=627492)[0m         
[92mINFO [0m:      aggregate_fit: received 5 results and 0 failures
[92mINFO [0m:      fit progress: (9, 3.3888989044189453, {'accuracy': 0.5497, 'loss': 3.3888989044189453}, 166.99296500300989)
[92mINFO [0m:      configure_evaluate: strategy sampled 5 clients (out of 5)
[36m(ClientAppActor pid=627492)[0m 
[36m(ClientAppActor pid=627492)[0m         
[36m(ClientAppActor pid=627492)[0m [93mWARNING [0m:   DEPRECATED FEATURE: `client_fn` now expects a signature `def client_fn(context: Context)`.The provided `client_fn` has signature: {'cid': <Parameter "cid: str">}. You can import the `Context` like this: `from flwr.app import Context`[32m [repeated 10x across cluster][0m
[36m(ClientAppActor pid=627492)[0m             This is a deprecated feature. It will be removed[32m [repeated 10x across cluster][0m
[36m(ClientAppActor pid=627492)[0m             entirely in future versions of Flower.[32m [repeated 10x across cluster][0m
[36m(ClientAppActor pid=627491)[0m 
[36m(ClientAppActor pid=627491)[0m         
[36m(ClientAppActor pid=627525)[0m 
[36m(ClientAppActor pid=627525)[0m         
[36m(ClientAppActor pid=627509)[0m 
[36m(ClientAppActor pid=627509)[0m         
[36m(ClientAppActor pid=627526)[0m 
[36m(ClientAppActor pid=627526)[0m         
[92mINFO [0m:      aggregate_evaluate: received 5 results and 0 failures
[92mINFO [0m:      
[92mINFO [0m:      [ROUND 10]
[92mINFO [0m:      configure_fit: strategy sampled 5 clients (out of 5)
[36m(ClientAppActor pid=627509)[0m 
[36m(ClientAppActor pid=627509)[0m         
[36m(ClientAppActor pid=627526)[0m 
[36m(ClientAppActor pid=627526)[0m         
[36m(ClientAppActor pid=627525)[0m 
[36m(ClientAppActor pid=627525)[0m         
[36m(ClientAppActor pid=627491)[0m 
[36m(ClientAppActor pid=627491)[0m         
[36m(ClientAppActor pid=627492)[0m 
[36m(ClientAppActor pid=627492)[0m         
[92mINFO [0m:      aggregate_fit: received 5 results and 0 failures
[92mINFO [0m:      fit progress: (10, 4.001484768295288, {'accuracy': 0.6082, 'loss': 4.001484768295288}, 185.24259293999057)
[92mINFO [0m:      configure_evaluate: strategy sampled 5 clients (out of 5)
[36m(ClientAppActor pid=627491)[0m 
[36m(ClientAppActor pid=627491)[0m         
[36m(ClientAppActor pid=627491)[0m [93mWARNING [0m:   DEPRECATED FEATURE: `client_fn` now expects a signature `def client_fn(context: Context)`.The provided `client_fn` has signature: {'cid': <Parameter "cid: str">}. You can import the `Context` like this: `from flwr.app import Context`[32m [repeated 10x across cluster][0m
[36m(ClientAppActor pid=627491)[0m             This is a deprecated feature. It will be removed[32m [repeated 10x across cluster][0m
[36m(ClientAppActor pid=627491)[0m             entirely in future versions of Flower.[32m [repeated 10x across cluster][0m
[36m(ClientAppActor pid=627509)[0m 
[36m(ClientAppActor pid=627509)[0m         
[36m(ClientAppActor pid=627526)[0m 
[36m(ClientAppActor pid=627526)[0m         
[36m(ClientAppActor pid=627492)[0m 
[36m(ClientAppActor pid=627492)[0m         
[36m(ClientAppActor pid=627525)[0m 
[36m(ClientAppActor pid=627525)[0m         
[92mINFO [0m:      aggregate_evaluate: received 5 results and 0 failures
[92mINFO [0m:      
[92mINFO [0m:      [SUMMARY]
[92mINFO [0m:      Run finished 10 round(s) in 186.19s
[92mINFO [0m:      	History (loss, distributed):
[92mINFO [0m:      		round 1: 2.2339176698901877
[92mINFO [0m:      		round 2: 5.4014981252946255
[92mINFO [0m:      		round 3: 9.959177475632108
[92mINFO [0m:      		round 4: 3.91500907137987
[92mINFO [0m:      		round 5: 3.086055834579162
[92mINFO [0m:      		round 6: 3.967630400099658
[92mINFO [0m:      		round 7: 3.4231846144145934
[92mINFO [0m:      		round 8: 2.975495132370331
[92mINFO [0m:      		round 9: 3.1848965370108755
[92mINFO [0m:      		round 10: 3.738687935509108
[92mINFO [0m:      	History (loss, centralized):
[92mINFO [0m:      		round 0: 2.302623388671875
[92mINFO [0m:      		round 1: 2.231269985961914
[92mINFO [0m:      		round 2: 5.449298110580444
[92mINFO [0m:      		round 3: 10.17394803390503
[92mINFO [0m:      		round 4: 4.039867365646362
[92mINFO [0m:      		round 5: 3.0803244007110595
[92mINFO [0m:      		round 6: 3.9226050088882447
[92mINFO [0m:      		round 7: 3.261318772506714
[92mINFO [0m:      		round 8: 2.9360620363235475
[92mINFO [0m:      		round 9: 3.3888989044189453
[92mINFO [0m:      		round 10: 4.001484768295288
[92mINFO [0m:      	History (metrics, distributed, fit):
[92mINFO [0m:      	{'avg_flops_per_client_round': [(1, 8140805084160.0),
[92mINFO [0m:      	                                (2, 8140805084160.0),
[92mINFO [0m:      	                                (3, 8140805084160.0),
[92mINFO [0m:      	                                (4, 8140805084160.0),
[92mINFO [0m:      	                                (5, 8140805084160.0),
[92mINFO [0m:      	                                (6, 8140805084160.0),
[92mINFO [0m:      	                                (7, 8140805084160.0),
[92mINFO [0m:      	                                (8, 8140805084160.0),
[92mINFO [0m:      	                                (9, 8140805084160.0),
[92mINFO [0m:      	                                (10, 8140805084160.0)],
[92mINFO [0m:      	 'total_flops_round': [(1, 40704025420800),
[92mINFO [0m:      	                       (2, 40704025420800),
[92mINFO [0m:      	                       (3, 40704025420800),
[92mINFO [0m:      	                       (4, 40704025420800),
[92mINFO [0m:      	                       (5, 40704025420800),
[92mINFO [0m:      	                       (6, 40704025420800),
[92mINFO [0m:      	                       (7, 40704025420800),
[92mINFO [0m:      	                       (8, 40704025420800),
[92mINFO [0m:      	                       (9, 40704025420800),
[92mINFO [0m:      	                       (10, 40704025420800)]}
[92mINFO [0m:      	History (metrics, distributed, evaluate):
[92mINFO [0m:      	{'accuracy': [(1, 0.19851911146688012),
[92mINFO [0m:      	              (2, 0.4326595957574545),
[92mINFO [0m:      	              (3, 0.42645587352411446),
[92mINFO [0m:      	              (4, 0.5133079847908745),
[92mINFO [0m:      	              (5, 0.6105663398038823),
[92mINFO [0m:      	              (6, 0.592555533319992),
[92mINFO [0m:      	              (7, 0.5469281568941364),
[92mINFO [0m:      	              (8, 0.5363217930758455),
[92mINFO [0m:      	              (9, 0.5617370422253352),
[92mINFO [0m:      	              (10, 0.6187712627576546)],
[92mINFO [0m:      	 'loss': [(1, 2.2339176698901877),
[92mINFO [0m:      	          (2, 5.4014981252946255),
[92mINFO [0m:      	          (3, 9.959177475632108),
[92mINFO [0m:      	          (4, 3.91500907137987),
[92mINFO [0m:      	          (5, 3.086055834579162),
[92mINFO [0m:      	          (6, 3.967630400099658),
[92mINFO [0m:      	          (7, 3.4231846144145934),
[92mINFO [0m:      	          (8, 2.975495132370331),
[92mINFO [0m:      	          (9, 3.1848965370108755),
[92mINFO [0m:      	          (10, 3.738687935509108)]}
[92mINFO [0m:      	History (metrics, centralized):
[92mINFO [0m:      	{'accuracy': [(0, 0.1),
[92mINFO [0m:      	              (1, 0.1933),
[92mINFO [0m:      	              (2, 0.4316),
[92mINFO [0m:      	              (3, 0.415),
[92mINFO [0m:      	              (4, 0.5036),
[92mINFO [0m:      	              (5, 0.6002),
[92mINFO [0m:      	              (6, 0.5799),
[92mINFO [0m:      	              (7, 0.5386),
[92mINFO [0m:      	              (8, 0.5189),
[92mINFO [0m:      	              (9, 0.5497),
[92mINFO [0m:      	              (10, 0.6082)],
[92mINFO [0m:      	 'loss': [(0, 2.302623388671875),
[92mINFO [0m:      	          (1, 2.231269985961914),
[92mINFO [0m:      	          (2, 5.449298110580444),
[92mINFO [0m:      	          (3, 10.17394803390503),
[92mINFO [0m:      	          (4, 4.039867365646362),
[92mINFO [0m:      	          (5, 3.0803244007110595),
[92mINFO [0m:      	          (6, 3.9226050088882447),
[92mINFO [0m:      	          (7, 3.261318772506714),
[92mINFO [0m:      	          (8, 2.9360620363235475),
[92mINFO [0m:      	          (9, 3.3888989044189453),
[92mINFO [0m:      	          (10, 4.001484768295288)]}
[92mINFO [0m:      
Treinando no dispositivo: cuda:0 com o dataset: CIFAR10 | Setup clientes: 5 (num_gpus por cliente=0.2) | SEED=50 | Método: FedAvgM (server_momentum=0.9, server_lr=1.0)
FLOPS por amostra (forward): 6.030e+07 | (forward+backward, 3x): 1.809e+08
Files already downloaded and verified
Files already downloaded and verified
Dividindo o dataset usando a distribuição de Dirichlet com alpha=0.1.
Iniciando a simulação de Aprendizado Federado...
=== Diagnóstico de Medição de GPU ===
  pynvml_disponivel: True
  pynvml_versao: 580.173.02
  gpus_detectadas: 1
  leitura_potencia_ok: True
  potencia_atual_W: 114.231

--- Rodada 0 - Avaliação Centralizada (Servidor) ---
Loss (Servidor): 2.3026 | Acurácia (Servidor): 0.1000

--- Rodada 1 - Avaliação Centralizada (Servidor) ---
Loss (Servidor): 2.2313 | Acurácia (Servidor): 0.1933
--- Avaliação Agregada (Clientes) ---
Loss Média (Clientes): 2.2339 | Acurácia Média (Clientes): 0.1985

--- Rodada 2 - Avaliação Centralizada (Servidor) ---
Loss (Servidor): 5.4493 | Acurácia (Servidor): 0.4316
--- Avaliação Agregada (Clientes) ---
Loss Média (Clientes): 5.4015 | Acurácia Média (Clientes): 0.4327

--- Rodada 3 - Avaliação Centralizada (Servidor) ---
Loss (Servidor): 10.1739 | Acurácia (Servidor): 0.4150
--- Avaliação Agregada (Clientes) ---
Loss Média (Clientes): 9.9592 | Acurácia Média (Clientes): 0.4265

--- Rodada 4 - Avaliação Centralizada (Servidor) ---
Loss (Servidor): 4.0399 | Acurácia (Servidor): 0.5036
--- Avaliação Agregada (Clientes) ---
Loss Média (Clientes): 3.9150 | Acurácia Média (Clientes): 0.5133

--- Rodada 5 - Avaliação Centralizada (Servidor) ---
Loss (Servidor): 3.0803 | Acurácia (Servidor): 0.6002
--- Avaliação Agregada (Clientes) ---
Loss Média (Clientes): 3.0861 | Acurácia Média (Clientes): 0.6106

--- Rodada 6 - Avaliação Centralizada (Servidor) ---
Loss (Servidor): 3.9226 | Acurácia (Servidor): 0.5799
--- Avaliação Agregada (Clientes) ---
Loss Média (Clientes): 3.9676 | Acurácia Média (Clientes): 0.5926

--- Rodada 7 - Avaliação Centralizada (Servidor) ---
Loss (Servidor): 3.2613 | Acurácia (Servidor): 0.5386
--- Avaliação Agregada (Clientes) ---
Loss Média (Clientes): 3.4232 | Acurácia Média (Clientes): 0.5469

--- Rodada 8 - Avaliação Centralizada (Servidor) ---
Loss (Servidor): 2.9361 | Acurácia (Servidor): 0.5189
--- Avaliação Agregada (Clientes) ---
Loss Média (Clientes): 2.9755 | Acurácia Média (Clientes): 0.5363

--- Rodada 9 - Avaliação Centralizada (Servidor) ---
Loss (Servidor): 3.3889 | Acurácia (Servidor): 0.5497
--- Avaliação Agregada (Clientes) ---
Loss Média (Clientes): 3.1849 | Acurácia Média (Clientes): 0.5617

--- Rodada 10 - Avaliação Centralizada (Servidor) ---
Loss (Servidor): 4.0015 | Acurácia (Servidor): 0.6082
--- Avaliação Agregada (Clientes) ---
Loss Média (Clientes): 3.7387 | Acurácia Média (Clientes): 0.6188

Resultados salvos em: /home/tiago/GitHubProjects/fedhad-thesis-2/FedAvgM-results/1.1_diagnostico_drift/CIFAR10/FedAvgM__CIFAR10__Setup-5__Clients-5__Rounds-10__Delay-0_05__Alpha-0_1__Seed-50.txt
[36m(ClientAppActor pid=627525)[0m [93mWARNING [0m:   DEPRECATED FEATURE: `client_fn` now expects a signature `def client_fn(context: Context)`.The provided `client_fn` has signature: {'cid': <Parameter "cid: str">}. You can import the `Context` like this: `from flwr.app import Context`[32m [repeated 4x across cluster][0m
[36m(ClientAppActor pid=627525)[0m             This is a deprecated feature. It will be removed[32m [repeated 4x across cluster][0m
[36m(ClientAppActor pid=627525)[0m             entirely in future versions of Flower.[32m [repeated 4x across cluster][0m
