[codecarbon WARNING @ 13:01:07] Multiple instances of codecarbon are allowed to run at the same time.
[93mWARNING [0m:   DEPRECATED FEATURE: flwr.simulation.start_simulation() is deprecated.
	Instead, use the `flwr run` CLI command to start a local simulation in your Flower app, as shown for example below:

		$ flwr new  # Create a new Flower app from a template

		$ flwr run  # Run the Flower app in Simulation Mode

	Using `start_simulation()` is deprecated.

            This is a deprecated feature. It will be removed
            entirely in future versions of Flower.
        
[92mINFO [0m:      Starting Flower simulation, config: num_rounds=10, no round_timeout
2026-09-04 13:01:15,297	INFO worker.py:2012 -- Started a local Ray instance.
/home/tiago/GitHubProjects/fedhad-thesis-2/env_flwr_pt/lib/python3.12/site-packages/ray/_private/worker.py:2051: FutureWarning: Tip: In future versions of Ray, Ray will no longer override accelerator visible devices env var if num_gpus=0 or num_gpus=None (default). To enable this behavior and turn off this error message, set RAY_ACCEL_ENV_VAR_OVERRIDE_ON_ZERO=0
  warnings.warn(
[92mINFO [0m:      Flower VCE: Ray initialized with resources: {'GPU': 1.0, 'node:10.129.64.100': 1.0, 'object_store_memory': 77695819776.0, 'accelerator_type:A40': 1.0, 'CPU': 64.0, 'node:__internal_head__': 1.0, 'memory': 181290246144.0}
[92mINFO [0m:      Optimize your simulation with Flower VCE: https://flower.ai/docs/framework/how-to-run-simulations.html
/home/tiago/GitHubProjects/fedhad-thesis-2/FedAvgM_Final.py:1669: UserWarning: No `num_cpus` specified in `client_resources`. Using `num_cpus=1` for each client.
  history = fl.simulation.start_simulation(
[92mINFO [0m:      Flower VCE: Resources for each Virtual Client: {'num_gpus': 0.2, 'num_cpus': 1}
[92mINFO [0m:      Flower VCE: Creating VirtualClientEngineActorPool with 5 actors
[92mINFO [0m:      [INIT]
[92mINFO [0m:      Using initial global parameters provided by strategy
[92mINFO [0m:      Starting evaluation of initial global parameters
[92mINFO [0m:      initial parameters (loss, other metrics): 2.3032842998504637, {'accuracy': 0.1211, 'loss': 2.3032842998504637}
[92mINFO [0m:      
[92mINFO [0m:      [ROUND 1]
[92mINFO [0m:      configure_fit: strategy sampled 5 clients (out of 5)
[36m(ClientAppActor pid=515532)[0m [93mWARNING [0m:   DEPRECATED FEATURE: `client_fn` now expects a signature `def client_fn(context: Context)`.The provided `client_fn` has signature: {'cid': <Parameter "cid: str">}. You can import the `Context` like this: `from flwr.app import Context`
[36m(ClientAppActor pid=515532)[0m 
[36m(ClientAppActor pid=515532)[0m             This is a deprecated feature. It will be removed
[36m(ClientAppActor pid=515532)[0m             entirely in future versions of Flower.
[36m(ClientAppActor pid=515532)[0m         
[36m(ClientAppActor pid=515533)[0m 
[36m(ClientAppActor pid=515533)[0m         
[36m(ClientAppActor pid=515499)[0m 
[36m(ClientAppActor pid=515499)[0m         
[36m(ClientAppActor pid=515511)[0m 
[36m(ClientAppActor pid=515511)[0m         
[36m(ClientAppActor pid=515498)[0m 
[36m(ClientAppActor pid=515498)[0m         
[92mINFO [0m:      aggregate_fit: received 5 results and 0 failures
[92mINFO [0m:      fit progress: (1, 2.326393559265137, {'accuracy': 0.1, 'loss': 2.326393559265137}, 15.663653565978166)
[92mINFO [0m:      configure_evaluate: strategy sampled 5 clients (out of 5)
[36m(ClientAppActor pid=515498)[0m 
[36m(ClientAppActor pid=515498)[0m         
[36m(ClientAppActor pid=515498)[0m [93mWARNING [0m:   DEPRECATED FEATURE: `client_fn` now expects a signature `def client_fn(context: Context)`.The provided `client_fn` has signature: {'cid': <Parameter "cid: str">}. You can import the `Context` like this: `from flwr.app import Context`[32m [repeated 5x across cluster] (Ray deduplicates logs by default. Set RAY_DEDUP_LOGS=0 to disable log deduplication, or see https://docs.ray.io/en/master/ray-observability/user-guides/configure-logging.html#log-deduplication for more options.)[0m
[36m(ClientAppActor pid=515498)[0m             This is a deprecated feature. It will be removed[32m [repeated 5x across cluster][0m
[36m(ClientAppActor pid=515498)[0m             entirely in future versions of Flower.[32m [repeated 5x across cluster][0m
[36m(ClientAppActor pid=515499)[0m 
[36m(ClientAppActor pid=515499)[0m         
[36m(ClientAppActor pid=515532)[0m 
[36m(ClientAppActor pid=515532)[0m         
[36m(ClientAppActor pid=515511)[0m 
[36m(ClientAppActor pid=515511)[0m         
[36m(ClientAppActor pid=515533)[0m 
[36m(ClientAppActor pid=515533)[0m         
[92mINFO [0m:      aggregate_evaluate: received 5 results and 0 failures
[92mINFO [0m:      
[92mINFO [0m:      [ROUND 2]
[92mINFO [0m:      configure_fit: strategy sampled 5 clients (out of 5)
[36m(ClientAppActor pid=515533)[0m 
[36m(ClientAppActor pid=515533)[0m         
[36m(ClientAppActor pid=515511)[0m 
[36m(ClientAppActor pid=515511)[0m         
[36m(ClientAppActor pid=515532)[0m 
[36m(ClientAppActor pid=515532)[0m         
[36m(ClientAppActor pid=515499)[0m 
[36m(ClientAppActor pid=515499)[0m         
[36m(ClientAppActor pid=515498)[0m 
[36m(ClientAppActor pid=515498)[0m         
[92mINFO [0m:      aggregate_fit: received 5 results and 0 failures
[92mINFO [0m:      fit progress: (2, 1.7575398176193238, {'accuracy': 0.4287, 'loss': 1.7575398176193238}, 29.441629444947466)
[92mINFO [0m:      configure_evaluate: strategy sampled 5 clients (out of 5)
[36m(ClientAppActor pid=515533)[0m 
[36m(ClientAppActor pid=515533)[0m         
[36m(ClientAppActor pid=515533)[0m [93mWARNING [0m:   DEPRECATED FEATURE: `client_fn` now expects a signature `def client_fn(context: Context)`.The provided `client_fn` has signature: {'cid': <Parameter "cid: str">}. You can import the `Context` like this: `from flwr.app import Context`[32m [repeated 10x across cluster][0m
[36m(ClientAppActor pid=515533)[0m             This is a deprecated feature. It will be removed[32m [repeated 10x across cluster][0m
[36m(ClientAppActor pid=515533)[0m             entirely in future versions of Flower.[32m [repeated 10x across cluster][0m
[36m(ClientAppActor pid=515499)[0m 
[36m(ClientAppActor pid=515499)[0m         
[36m(ClientAppActor pid=515511)[0m 
[36m(ClientAppActor pid=515511)[0m         
[36m(ClientAppActor pid=515532)[0m 
[36m(ClientAppActor pid=515532)[0m         
[36m(ClientAppActor pid=515498)[0m 
[36m(ClientAppActor pid=515498)[0m         
[92mINFO [0m:      aggregate_evaluate: received 5 results and 0 failures
[92mINFO [0m:      
[92mINFO [0m:      [ROUND 3]
[92mINFO [0m:      configure_fit: strategy sampled 5 clients (out of 5)
[36m(ClientAppActor pid=515498)[0m 
[36m(ClientAppActor pid=515498)[0m         
[36m(ClientAppActor pid=515532)[0m 
[36m(ClientAppActor pid=515532)[0m         
[36m(ClientAppActor pid=515511)[0m 
[36m(ClientAppActor pid=515511)[0m         
[36m(ClientAppActor pid=515499)[0m 
[36m(ClientAppActor pid=515499)[0m         
[36m(ClientAppActor pid=515533)[0m 
[36m(ClientAppActor pid=515533)[0m         
[92mINFO [0m:      aggregate_fit: received 5 results and 0 failures
[92mINFO [0m:      fit progress: (3, 5.105033723068237, {'accuracy': 0.5031, 'loss': 5.105033723068237}, 43.4773211889551)
[92mINFO [0m:      configure_evaluate: strategy sampled 5 clients (out of 5)
[36m(ClientAppActor pid=515499)[0m 
[36m(ClientAppActor pid=515499)[0m         
[36m(ClientAppActor pid=515499)[0m [93mWARNING [0m:   DEPRECATED FEATURE: `client_fn` now expects a signature `def client_fn(context: Context)`.The provided `client_fn` has signature: {'cid': <Parameter "cid: str">}. You can import the `Context` like this: `from flwr.app import Context`[32m [repeated 10x across cluster][0m
[36m(ClientAppActor pid=515499)[0m             This is a deprecated feature. It will be removed[32m [repeated 10x across cluster][0m
[36m(ClientAppActor pid=515499)[0m             entirely in future versions of Flower.[32m [repeated 10x across cluster][0m
[36m(ClientAppActor pid=515511)[0m 
[36m(ClientAppActor pid=515511)[0m         
[36m(ClientAppActor pid=515533)[0m 
[36m(ClientAppActor pid=515533)[0m         
[36m(ClientAppActor pid=515532)[0m 
[36m(ClientAppActor pid=515532)[0m         
[36m(ClientAppActor pid=515498)[0m 
[36m(ClientAppActor pid=515498)[0m         
[92mINFO [0m:      aggregate_evaluate: received 5 results and 0 failures
[92mINFO [0m:      
[92mINFO [0m:      [ROUND 4]
[92mINFO [0m:      configure_fit: strategy sampled 5 clients (out of 5)
[36m(ClientAppActor pid=515498)[0m 
[36m(ClientAppActor pid=515498)[0m         
[36m(ClientAppActor pid=515532)[0m 
[36m(ClientAppActor pid=515532)[0m         
[36m(ClientAppActor pid=515533)[0m 
[36m(ClientAppActor pid=515533)[0m         
[36m(ClientAppActor pid=515511)[0m 
[36m(ClientAppActor pid=515511)[0m         
[36m(ClientAppActor pid=515499)[0m 
[36m(ClientAppActor pid=515499)[0m         
[92mINFO [0m:      aggregate_fit: received 5 results and 0 failures
[92mINFO [0m:      fit progress: (4, 4.0800062910079955, {'accuracy': 0.5508, 'loss': 4.0800062910079955}, 57.21715702599613)
[92mINFO [0m:      configure_evaluate: strategy sampled 5 clients (out of 5)
[36m(ClientAppActor pid=515533)[0m 
[36m(ClientAppActor pid=515533)[0m         
[36m(ClientAppActor pid=515533)[0m [93mWARNING [0m:   DEPRECATED FEATURE: `client_fn` now expects a signature `def client_fn(context: Context)`.The provided `client_fn` has signature: {'cid': <Parameter "cid: str">}. You can import the `Context` like this: `from flwr.app import Context`[32m [repeated 10x across cluster][0m
[36m(ClientAppActor pid=515533)[0m             This is a deprecated feature. It will be removed[32m [repeated 10x across cluster][0m
[36m(ClientAppActor pid=515533)[0m             entirely in future versions of Flower.[32m [repeated 10x across cluster][0m
[36m(ClientAppActor pid=515499)[0m 
[36m(ClientAppActor pid=515499)[0m         
[36m(ClientAppActor pid=515498)[0m 
[36m(ClientAppActor pid=515498)[0m         
[36m(ClientAppActor pid=515532)[0m 
[36m(ClientAppActor pid=515532)[0m         
[36m(ClientAppActor pid=515511)[0m 
[36m(ClientAppActor pid=515511)[0m         
[92mINFO [0m:      aggregate_evaluate: received 5 results and 0 failures
[92mINFO [0m:      
[92mINFO [0m:      [ROUND 5]
[92mINFO [0m:      configure_fit: strategy sampled 5 clients (out of 5)
[36m(ClientAppActor pid=515511)[0m 
[36m(ClientAppActor pid=515511)[0m         
[36m(ClientAppActor pid=515532)[0m 
[36m(ClientAppActor pid=515532)[0m         
[36m(ClientAppActor pid=515498)[0m 
[36m(ClientAppActor pid=515498)[0m         
[36m(ClientAppActor pid=515499)[0m 
[36m(ClientAppActor pid=515499)[0m         
[36m(ClientAppActor pid=515533)[0m 
[36m(ClientAppActor pid=515533)[0m         
[92mINFO [0m:      aggregate_fit: received 5 results and 0 failures
[92mINFO [0m:      fit progress: (5, 2.471441724777222, {'accuracy': 0.6874, 'loss': 2.471441724777222}, 71.32295239396626)
[92mINFO [0m:      configure_evaluate: strategy sampled 5 clients (out of 5)
[36m(ClientAppActor pid=515533)[0m 
[36m(ClientAppActor pid=515533)[0m         
[36m(ClientAppActor pid=515533)[0m [93mWARNING [0m:   DEPRECATED FEATURE: `client_fn` now expects a signature `def client_fn(context: Context)`.The provided `client_fn` has signature: {'cid': <Parameter "cid: str">}. You can import the `Context` like this: `from flwr.app import Context`[32m [repeated 10x across cluster][0m
[36m(ClientAppActor pid=515533)[0m             This is a deprecated feature. It will be removed[32m [repeated 10x across cluster][0m
[36m(ClientAppActor pid=515533)[0m             entirely in future versions of Flower.[32m [repeated 10x across cluster][0m
[36m(ClientAppActor pid=515532)[0m 
[36m(ClientAppActor pid=515532)[0m         
[36m(ClientAppActor pid=515498)[0m 
[36m(ClientAppActor pid=515498)[0m         
[36m(ClientAppActor pid=515499)[0m 
[36m(ClientAppActor pid=515499)[0m         
[36m(ClientAppActor pid=515511)[0m 
[36m(ClientAppActor pid=515511)[0m         
[92mINFO [0m:      aggregate_evaluate: received 5 results and 0 failures
[92mINFO [0m:      
[92mINFO [0m:      [ROUND 6]
[92mINFO [0m:      configure_fit: strategy sampled 5 clients (out of 5)
[36m(ClientAppActor pid=515511)[0m 
[36m(ClientAppActor pid=515511)[0m         
[36m(ClientAppActor pid=515499)[0m 
[36m(ClientAppActor pid=515499)[0m         
[36m(ClientAppActor pid=515498)[0m 
[36m(ClientAppActor pid=515498)[0m         
[36m(ClientAppActor pid=515532)[0m 
[36m(ClientAppActor pid=515532)[0m         
[36m(ClientAppActor pid=515533)[0m 
[36m(ClientAppActor pid=515533)[0m         
[92mINFO [0m:      aggregate_fit: received 5 results and 0 failures
[92mINFO [0m:      fit progress: (6, 2.428672337055206, {'accuracy': 0.6964, 'loss': 2.428672337055206}, 84.68073394097155)
[92mINFO [0m:      configure_evaluate: strategy sampled 5 clients (out of 5)
[36m(ClientAppActor pid=515511)[0m 
[36m(ClientAppActor pid=515511)[0m         
[36m(ClientAppActor pid=515511)[0m [93mWARNING [0m:   DEPRECATED FEATURE: `client_fn` now expects a signature `def client_fn(context: Context)`.The provided `client_fn` has signature: {'cid': <Parameter "cid: str">}. You can import the `Context` like this: `from flwr.app import Context`[32m [repeated 10x across cluster][0m
[36m(ClientAppActor pid=515511)[0m             This is a deprecated feature. It will be removed[32m [repeated 10x across cluster][0m
[36m(ClientAppActor pid=515511)[0m             entirely in future versions of Flower.[32m [repeated 10x across cluster][0m
[36m(ClientAppActor pid=515533)[0m 
[36m(ClientAppActor pid=515533)[0m         
[36m(ClientAppActor pid=515499)[0m 
[36m(ClientAppActor pid=515499)[0m         
[36m(ClientAppActor pid=515532)[0m 
[36m(ClientAppActor pid=515532)[0m         
[36m(ClientAppActor pid=515498)[0m 
[36m(ClientAppActor pid=515498)[0m         
[92mINFO [0m:      aggregate_evaluate: received 5 results and 0 failures
[92mINFO [0m:      
[92mINFO [0m:      [ROUND 7]
[92mINFO [0m:      configure_fit: strategy sampled 5 clients (out of 5)
[36m(ClientAppActor pid=515498)[0m 
[36m(ClientAppActor pid=515498)[0m         
[36m(ClientAppActor pid=515532)[0m 
[36m(ClientAppActor pid=515532)[0m         
[36m(ClientAppActor pid=515533)[0m 
[36m(ClientAppActor pid=515533)[0m         
[36m(ClientAppActor pid=515499)[0m 
[36m(ClientAppActor pid=515499)[0m         
[36m(ClientAppActor pid=515511)[0m 
[36m(ClientAppActor pid=515511)[0m         
[92mINFO [0m:      aggregate_fit: received 5 results and 0 failures
[92mINFO [0m:      fit progress: (7, 2.265209058570862, {'accuracy': 0.6804, 'loss': 2.265209058570862}, 98.29538937198231)
[92mINFO [0m:      configure_evaluate: strategy sampled 5 clients (out of 5)
[36m(ClientAppActor pid=515498)[0m 
[36m(ClientAppActor pid=515498)[0m         
[36m(ClientAppActor pid=515498)[0m [93mWARNING [0m:   DEPRECATED FEATURE: `client_fn` now expects a signature `def client_fn(context: Context)`.The provided `client_fn` has signature: {'cid': <Parameter "cid: str">}. You can import the `Context` like this: `from flwr.app import Context`[32m [repeated 10x across cluster][0m
[36m(ClientAppActor pid=515498)[0m             This is a deprecated feature. It will be removed[32m [repeated 10x across cluster][0m
[36m(ClientAppActor pid=515498)[0m             entirely in future versions of Flower.[32m [repeated 10x across cluster][0m
[36m(ClientAppActor pid=515533)[0m 
[36m(ClientAppActor pid=515533)[0m         
[36m(ClientAppActor pid=515511)[0m 
[36m(ClientAppActor pid=515511)[0m         
[36m(ClientAppActor pid=515499)[0m 
[36m(ClientAppActor pid=515499)[0m         
[36m(ClientAppActor pid=515532)[0m 
[36m(ClientAppActor pid=515532)[0m         
[92mINFO [0m:      aggregate_evaluate: received 5 results and 0 failures
[92mINFO [0m:      
[92mINFO [0m:      [ROUND 8]
[92mINFO [0m:      configure_fit: strategy sampled 5 clients (out of 5)
[36m(ClientAppActor pid=515532)[0m 
[36m(ClientAppActor pid=515532)[0m         
[36m(ClientAppActor pid=515499)[0m 
[36m(ClientAppActor pid=515499)[0m         
[36m(ClientAppActor pid=515511)[0m 
[36m(ClientAppActor pid=515511)[0m         
[36m(ClientAppActor pid=515533)[0m 
[36m(ClientAppActor pid=515533)[0m         
[36m(ClientAppActor pid=515498)[0m 
[36m(ClientAppActor pid=515498)[0m         
[92mINFO [0m:      aggregate_fit: received 5 results and 0 failures
[92mINFO [0m:      fit progress: (8, 1.7950097699165344, {'accuracy': 0.7028, 'loss': 1.7950097699165344}, 112.31768653698964)
[92mINFO [0m:      configure_evaluate: strategy sampled 5 clients (out of 5)
[36m(ClientAppActor pid=515498)[0m 
[36m(ClientAppActor pid=515498)[0m         
[36m(ClientAppActor pid=515498)[0m [93mWARNING [0m:   DEPRECATED FEATURE: `client_fn` now expects a signature `def client_fn(context: Context)`.The provided `client_fn` has signature: {'cid': <Parameter "cid: str">}. You can import the `Context` like this: `from flwr.app import Context`[32m [repeated 10x across cluster][0m
[36m(ClientAppActor pid=515498)[0m             This is a deprecated feature. It will be removed[32m [repeated 10x across cluster][0m
[36m(ClientAppActor pid=515498)[0m             entirely in future versions of Flower.[32m [repeated 10x across cluster][0m
[36m(ClientAppActor pid=515532)[0m 
[36m(ClientAppActor pid=515532)[0m         
[36m(ClientAppActor pid=515511)[0m 
[36m(ClientAppActor pid=515511)[0m         
[36m(ClientAppActor pid=515499)[0m 
[36m(ClientAppActor pid=515499)[0m         
[36m(ClientAppActor pid=515533)[0m 
[36m(ClientAppActor pid=515533)[0m         
[92mINFO [0m:      aggregate_evaluate: received 5 results and 0 failures
[92mINFO [0m:      
[92mINFO [0m:      [ROUND 9]
[92mINFO [0m:      configure_fit: strategy sampled 5 clients (out of 5)
[36m(ClientAppActor pid=515533)[0m 
[36m(ClientAppActor pid=515533)[0m         
[36m(ClientAppActor pid=515499)[0m 
[36m(ClientAppActor pid=515499)[0m         
[36m(ClientAppActor pid=515511)[0m 
[36m(ClientAppActor pid=515511)[0m         
[36m(ClientAppActor pid=515532)[0m 
[36m(ClientAppActor pid=515532)[0m         
[36m(ClientAppActor pid=515498)[0m 
[36m(ClientAppActor pid=515498)[0m         
[92mINFO [0m:      aggregate_fit: received 5 results and 0 failures
[92mINFO [0m:      fit progress: (9, 2.364600246667862, {'accuracy': 0.697, 'loss': 2.364600246667862}, 126.5195835539489)
[92mINFO [0m:      configure_evaluate: strategy sampled 5 clients (out of 5)
[36m(ClientAppActor pid=515498)[0m 
[36m(ClientAppActor pid=515498)[0m         
[36m(ClientAppActor pid=515498)[0m [93mWARNING [0m:   DEPRECATED FEATURE: `client_fn` now expects a signature `def client_fn(context: Context)`.The provided `client_fn` has signature: {'cid': <Parameter "cid: str">}. You can import the `Context` like this: `from flwr.app import Context`[32m [repeated 10x across cluster][0m
[36m(ClientAppActor pid=515498)[0m             This is a deprecated feature. It will be removed[32m [repeated 10x across cluster][0m
[36m(ClientAppActor pid=515498)[0m             entirely in future versions of Flower.[32m [repeated 10x across cluster][0m
[36m(ClientAppActor pid=515499)[0m 
[36m(ClientAppActor pid=515499)[0m         
[36m(ClientAppActor pid=515532)[0m 
[36m(ClientAppActor pid=515532)[0m         
[36m(ClientAppActor pid=515533)[0m 
[36m(ClientAppActor pid=515533)[0m         
[36m(ClientAppActor pid=515511)[0m 
[36m(ClientAppActor pid=515511)[0m         
[92mINFO [0m:      aggregate_evaluate: received 5 results and 0 failures
[92mINFO [0m:      
[92mINFO [0m:      [ROUND 10]
[92mINFO [0m:      configure_fit: strategy sampled 5 clients (out of 5)
[36m(ClientAppActor pid=515511)[0m 
[36m(ClientAppActor pid=515511)[0m         
[36m(ClientAppActor pid=515533)[0m 
[36m(ClientAppActor pid=515533)[0m         
[36m(ClientAppActor pid=515532)[0m 
[36m(ClientAppActor pid=515532)[0m         
[36m(ClientAppActor pid=515499)[0m 
[36m(ClientAppActor pid=515499)[0m         
[36m(ClientAppActor pid=515498)[0m 
[36m(ClientAppActor pid=515498)[0m         
[92mINFO [0m:      aggregate_fit: received 5 results and 0 failures
[92mINFO [0m:      fit progress: (10, 3.074560810613632, {'accuracy': 0.7077, 'loss': 3.074560810613632}, 139.94054970494471)
[92mINFO [0m:      configure_evaluate: strategy sampled 5 clients (out of 5)
[36m(ClientAppActor pid=515533)[0m 
[36m(ClientAppActor pid=515533)[0m         
[36m(ClientAppActor pid=515533)[0m [93mWARNING [0m:   DEPRECATED FEATURE: `client_fn` now expects a signature `def client_fn(context: Context)`.The provided `client_fn` has signature: {'cid': <Parameter "cid: str">}. You can import the `Context` like this: `from flwr.app import Context`[32m [repeated 10x across cluster][0m
[36m(ClientAppActor pid=515533)[0m             This is a deprecated feature. It will be removed[32m [repeated 10x across cluster][0m
[36m(ClientAppActor pid=515533)[0m             entirely in future versions of Flower.[32m [repeated 10x across cluster][0m
[36m(ClientAppActor pid=515499)[0m 
[36m(ClientAppActor pid=515499)[0m         
[36m(ClientAppActor pid=515498)[0m 
[36m(ClientAppActor pid=515498)[0m         
[36m(ClientAppActor pid=515511)[0m 
[36m(ClientAppActor pid=515511)[0m         
[36m(ClientAppActor pid=515532)[0m 
[36m(ClientAppActor pid=515532)[0m         
[92mINFO [0m:      aggregate_evaluate: received 5 results and 0 failures
[92mINFO [0m:      
[92mINFO [0m:      [SUMMARY]
[92mINFO [0m:      Run finished 10 round(s) in 140.83s
[92mINFO [0m:      	History (loss, distributed):
[92mINFO [0m:      		round 1: 2.3262340079884187
[92mINFO [0m:      		round 2: 1.7436046602726936
[92mINFO [0m:      		round 3: 4.877149127015308
[92mINFO [0m:      		round 4: 3.859976811807792
[92mINFO [0m:      		round 5: 2.3521011334602813
[92mINFO [0m:      		round 6: 2.246988187555601
[92mINFO [0m:      		round 7: 2.082759372231101
[92mINFO [0m:      		round 8: 1.6224891626391234
[92mINFO [0m:      		round 9: 2.083607065100439
[92mINFO [0m:      		round 10: 2.62299512840715
[92mINFO [0m:      	History (loss, centralized):
[92mINFO [0m:      		round 0: 2.3032842998504637
[92mINFO [0m:      		round 1: 2.326393559265137
[92mINFO [0m:      		round 2: 1.7575398176193238
[92mINFO [0m:      		round 3: 5.105033723068237
[92mINFO [0m:      		round 4: 4.0800062910079955
[92mINFO [0m:      		round 5: 2.471441724777222
[92mINFO [0m:      		round 6: 2.428672337055206
[92mINFO [0m:      		round 7: 2.265209058570862
[92mINFO [0m:      		round 8: 1.7950097699165344
[92mINFO [0m:      		round 9: 2.364600246667862
[92mINFO [0m:      		round 10: 3.074560810613632
[92mINFO [0m:      	History (metrics, distributed, fit):
[92mINFO [0m:      	{'avg_flops_per_client_round': [(1, 8140624189440.0),
[92mINFO [0m:      	                                (2, 8140624189440.0),
[92mINFO [0m:      	                                (3, 8140624189440.0),
[92mINFO [0m:      	                                (4, 8140624189440.0),
[92mINFO [0m:      	                                (5, 8140624189440.0),
[92mINFO [0m:      	                                (6, 8140624189440.0),
[92mINFO [0m:      	                                (7, 8140624189440.0),
[92mINFO [0m:      	                                (8, 8140624189440.0),
[92mINFO [0m:      	                                (9, 8140624189440.0),
[92mINFO [0m:      	                                (10, 8140624189440.0)],
[92mINFO [0m:      	 'total_flops_round': [(1, 40703120947200),
[92mINFO [0m:      	                       (2, 40703120947200),
[92mINFO [0m:      	                       (3, 40703120947200),
[92mINFO [0m:      	                       (4, 40703120947200),
[92mINFO [0m:      	                       (5, 40703120947200),
[92mINFO [0m:      	                       (6, 40703120947200),
[92mINFO [0m:      	                       (7, 40703120947200),
[92mINFO [0m:      	                       (8, 40703120947200),
[92mINFO [0m:      	                       (9, 40703120947200),
[92mINFO [0m:      	                       (10, 40703120947200)]}
[92mINFO [0m:      	History (metrics, distributed, evaluate):
[92mINFO [0m:      	{'accuracy': [(1, 0.10064025610244097),
[92mINFO [0m:      	              (2, 0.4335734293717487),
[92mINFO [0m:      	              (3, 0.5058023209283713),
[92mINFO [0m:      	              (4, 0.5598239295718287),
[92mINFO [0m:      	              (5, 0.6842737094837935),
[92mINFO [0m:      	              (6, 0.7108843537414966),
[92mINFO [0m:      	              (7, 0.6792717086834734),
[92mINFO [0m:      	              (8, 0.7088835534213686),
[92mINFO [0m:      	              (9, 0.7048819527811124),
[92mINFO [0m:      	              (10, 0.7174869947979192)],
[92mINFO [0m:      	 'loss': [(1, 2.3262340079884187),
[92mINFO [0m:      	          (2, 1.7436046602726936),
[92mINFO [0m:      	          (3, 4.877149127015308),
[92mINFO [0m:      	          (4, 3.859976811807792),
[92mINFO [0m:      	          (5, 2.3521011334602813),
[92mINFO [0m:      	          (6, 2.246988187555601),
[92mINFO [0m:      	          (7, 2.082759372231101),
[92mINFO [0m:      	          (8, 1.6224891626391234),
[92mINFO [0m:      	          (9, 2.083607065100439),
[92mINFO [0m:      	          (10, 2.62299512840715)]}
[92mINFO [0m:      	History (metrics, centralized):
[92mINFO [0m:      	{'accuracy': [(0, 0.1211),
[92mINFO [0m:      	              (1, 0.1),
[92mINFO [0m:      	              (2, 0.4287),
[92mINFO [0m:      	              (3, 0.5031),
[92mINFO [0m:      	              (4, 0.5508),
[92mINFO [0m:      	              (5, 0.6874),
[92mINFO [0m:      	              (6, 0.6964),
[92mINFO [0m:      	              (7, 0.6804),
[92mINFO [0m:      	              (8, 0.7028),
[92mINFO [0m:      	              (9, 0.697),
[92mINFO [0m:      	              (10, 0.7077)],
[92mINFO [0m:      	 'loss': [(0, 2.3032842998504637),
[92mINFO [0m:      	          (1, 2.326393559265137),
[92mINFO [0m:      	          (2, 1.7575398176193238),
[92mINFO [0m:      	          (3, 5.105033723068237),
[92mINFO [0m:      	          (4, 4.0800062910079955),
[92mINFO [0m:      	          (5, 2.471441724777222),
[92mINFO [0m:      	          (6, 2.428672337055206),
[92mINFO [0m:      	          (7, 2.265209058570862),
[92mINFO [0m:      	          (8, 1.7950097699165344),
[92mINFO [0m:      	          (9, 2.364600246667862),
[92mINFO [0m:      	          (10, 3.074560810613632)]}
[92mINFO [0m:      
Treinando no dispositivo: cuda:0 com o dataset: CIFAR10 | Setup clientes: 5 (num_gpus por cliente=0.2) | SEED=45 | Método: FedAvgM (server_momentum=0.9, server_lr=1.0)
FLOPS por amostra (forward): 6.030e+07 | (forward+backward, 3x): 1.809e+08
Files already downloaded and verified
Files already downloaded and verified
Dividindo o dataset usando a distribuição de Dirichlet com alpha=1.0.
Iniciando a simulação de Aprendizado Federado...
=== Diagnóstico de Medição de GPU ===
  pynvml_disponivel: True
  pynvml_versao: 580.173.02
  gpus_detectadas: 1
  leitura_potencia_ok: True
  potencia_atual_W: 114.779

--- Rodada 0 - Avaliação Centralizada (Servidor) ---
Loss (Servidor): 2.3033 | Acurácia (Servidor): 0.1211

--- Rodada 1 - Avaliação Centralizada (Servidor) ---
Loss (Servidor): 2.3264 | Acurácia (Servidor): 0.1000
--- Avaliação Agregada (Clientes) ---
Loss Média (Clientes): 2.3262 | Acurácia Média (Clientes): 0.1006

--- Rodada 2 - Avaliação Centralizada (Servidor) ---
Loss (Servidor): 1.7575 | Acurácia (Servidor): 0.4287
--- Avaliação Agregada (Clientes) ---
Loss Média (Clientes): 1.7436 | Acurácia Média (Clientes): 0.4336

--- Rodada 3 - Avaliação Centralizada (Servidor) ---
Loss (Servidor): 5.1050 | Acurácia (Servidor): 0.5031
--- Avaliação Agregada (Clientes) ---
Loss Média (Clientes): 4.8771 | Acurácia Média (Clientes): 0.5058

--- Rodada 4 - Avaliação Centralizada (Servidor) ---
Loss (Servidor): 4.0800 | Acurácia (Servidor): 0.5508
--- Avaliação Agregada (Clientes) ---
Loss Média (Clientes): 3.8600 | Acurácia Média (Clientes): 0.5598

--- Rodada 5 - Avaliação Centralizada (Servidor) ---
Loss (Servidor): 2.4714 | Acurácia (Servidor): 0.6874
--- Avaliação Agregada (Clientes) ---
Loss Média (Clientes): 2.3521 | Acurácia Média (Clientes): 0.6843

--- Rodada 6 - Avaliação Centralizada (Servidor) ---
Loss (Servidor): 2.4287 | Acurácia (Servidor): 0.6964
--- Avaliação Agregada (Clientes) ---
Loss Média (Clientes): 2.2470 | Acurácia Média (Clientes): 0.7109

--- Rodada 7 - Avaliação Centralizada (Servidor) ---
Loss (Servidor): 2.2652 | Acurácia (Servidor): 0.6804
--- Avaliação Agregada (Clientes) ---
Loss Média (Clientes): 2.0828 | Acurácia Média (Clientes): 0.6793

--- Rodada 8 - Avaliação Centralizada (Servidor) ---
Loss (Servidor): 1.7950 | Acurácia (Servidor): 0.7028
--- Avaliação Agregada (Clientes) ---
Loss Média (Clientes): 1.6225 | Acurácia Média (Clientes): 0.7089

--- Rodada 9 - Avaliação Centralizada (Servidor) ---
Loss (Servidor): 2.3646 | Acurácia (Servidor): 0.6970
--- Avaliação Agregada (Clientes) ---
Loss Média (Clientes): 2.0836 | Acurácia Média (Clientes): 0.7049

--- Rodada 10 - Avaliação Centralizada (Servidor) ---
Loss (Servidor): 3.0746 | Acurácia (Servidor): 0.7077
--- Avaliação Agregada (Clientes) ---
Loss Média (Clientes): 2.6230 | Acurácia Média (Clientes): 0.7175

Resultados salvos em: /home/tiago/GitHubProjects/fedhad-thesis-2/FedAvgM-results/1.1_diagnostico_drift/CIFAR10/FedAvgM__CIFAR10__Setup-5__Clients-5__Rounds-10__Delay-0_05__Alpha-1_0__Seed-45.txt
[36m(ClientAppActor pid=515532)[0m [93mWARNING [0m:   DEPRECATED FEATURE: `client_fn` now expects a signature `def client_fn(context: Context)`.The provided `client_fn` has signature: {'cid': <Parameter "cid: str">}. You can import the `Context` like this: `from flwr.app import Context`[32m [repeated 4x across cluster][0m
[36m(ClientAppActor pid=515532)[0m             This is a deprecated feature. It will be removed[32m [repeated 4x across cluster][0m
[36m(ClientAppActor pid=515532)[0m             entirely in future versions of Flower.[32m [repeated 4x across cluster][0m
