[codecarbon WARNING @ 13:34:08] Multiple instances of codecarbon are allowed to run at the same time.
[93mWARNING [0m:   DEPRECATED FEATURE: flwr.simulation.start_simulation() is deprecated.
	Instead, use the `flwr run` CLI command to start a local simulation in your Flower app, as shown for example below:

		$ flwr new  # Create a new Flower app from a template

		$ flwr run  # Run the Flower app in Simulation Mode

	Using `start_simulation()` is deprecated.

            This is a deprecated feature. It will be removed
            entirely in future versions of Flower.
        
[92mINFO [0m:      Starting Flower simulation, config: num_rounds=10, no round_timeout
2026-09-04 13:34:17,192	INFO worker.py:2012 -- Started a local Ray instance.
/home/tiago/GitHubProjects/fedhad-thesis-2/env_flwr_pt/lib/python3.12/site-packages/ray/_private/worker.py:2051: FutureWarning: Tip: In future versions of Ray, Ray will no longer override accelerator visible devices env var if num_gpus=0 or num_gpus=None (default). To enable this behavior and turn off this error message, set RAY_ACCEL_ENV_VAR_OVERRIDE_ON_ZERO=0
  warnings.warn(
[92mINFO [0m:      Flower VCE: Ray initialized with resources: {'object_store_memory': 77735883571.0, 'memory': 181383728333.0, 'accelerator_type:A40': 1.0, 'GPU': 1.0, 'node:__internal_head__': 1.0, 'node:10.129.64.100': 1.0, 'CPU': 64.0}
[92mINFO [0m:      Optimize your simulation with Flower VCE: https://flower.ai/docs/framework/how-to-run-simulations.html
/home/tiago/GitHubProjects/fedhad-thesis-2/FedAvgM_Final.py:1669: UserWarning: No `num_cpus` specified in `client_resources`. Using `num_cpus=1` for each client.
  history = fl.simulation.start_simulation(
[92mINFO [0m:      Flower VCE: Resources for each Virtual Client: {'num_gpus': 0.2, 'num_cpus': 1}
[92mINFO [0m:      Flower VCE: Creating VirtualClientEngineActorPool with 5 actors
[92mINFO [0m:      [INIT]
[92mINFO [0m:      Using initial global parameters provided by strategy
[92mINFO [0m:      Starting evaluation of initial global parameters
[92mINFO [0m:      initial parameters (loss, other metrics): 2.3030543338775633, {'accuracy': 0.1, 'loss': 2.3030543338775633}
[92mINFO [0m:      
[92mINFO [0m:      [ROUND 1]
[92mINFO [0m:      configure_fit: strategy sampled 5 clients (out of 5)
[36m(ClientAppActor pid=604971)[0m [93mWARNING [0m:   DEPRECATED FEATURE: `client_fn` now expects a signature `def client_fn(context: Context)`.The provided `client_fn` has signature: {'cid': <Parameter "cid: str">}. You can import the `Context` like this: `from flwr.app import Context`
[36m(ClientAppActor pid=604971)[0m 
[36m(ClientAppActor pid=604971)[0m             This is a deprecated feature. It will be removed
[36m(ClientAppActor pid=604971)[0m             entirely in future versions of Flower.
[36m(ClientAppActor pid=604971)[0m         
[36m(ClientAppActor pid=604938)[0m 
[36m(ClientAppActor pid=604938)[0m         
[36m(ClientAppActor pid=604970)[0m 
[36m(ClientAppActor pid=604970)[0m         
[36m(ClientAppActor pid=604936)[0m 
[36m(ClientAppActor pid=604936)[0m         
[36m(ClientAppActor pid=604937)[0m 
[36m(ClientAppActor pid=604937)[0m         
[92mINFO [0m:      aggregate_fit: received 5 results and 0 failures
[92mINFO [0m:      fit progress: (1, 2.2786472846984864, {'accuracy': 0.1306, 'loss': 2.2786472846984864}, 15.103219743003137)
[92mINFO [0m:      configure_evaluate: strategy sampled 5 clients (out of 5)
[36m(ClientAppActor pid=604936)[0m 
[36m(ClientAppActor pid=604936)[0m         
[36m(ClientAppActor pid=604936)[0m [93mWARNING [0m:   DEPRECATED FEATURE: `client_fn` now expects a signature `def client_fn(context: Context)`.The provided `client_fn` has signature: {'cid': <Parameter "cid: str">}. You can import the `Context` like this: `from flwr.app import Context`[32m [repeated 5x across cluster] (Ray deduplicates logs by default. Set RAY_DEDUP_LOGS=0 to disable log deduplication, or see https://docs.ray.io/en/master/ray-observability/user-guides/configure-logging.html#log-deduplication for more options.)[0m
[36m(ClientAppActor pid=604936)[0m             This is a deprecated feature. It will be removed[32m [repeated 5x across cluster][0m
[36m(ClientAppActor pid=604936)[0m             entirely in future versions of Flower.[32m [repeated 5x across cluster][0m
[36m(ClientAppActor pid=604937)[0m 
[36m(ClientAppActor pid=604937)[0m         
[36m(ClientAppActor pid=604938)[0m 
[36m(ClientAppActor pid=604938)[0m         
[36m(ClientAppActor pid=604971)[0m 
[36m(ClientAppActor pid=604971)[0m         
[36m(ClientAppActor pid=604970)[0m 
[36m(ClientAppActor pid=604970)[0m         
[92mINFO [0m:      aggregate_evaluate: received 5 results and 0 failures
[92mINFO [0m:      
[92mINFO [0m:      [ROUND 2]
[92mINFO [0m:      configure_fit: strategy sampled 5 clients (out of 5)
[36m(ClientAppActor pid=604970)[0m 
[36m(ClientAppActor pid=604970)[0m         
[36m(ClientAppActor pid=604971)[0m 
[36m(ClientAppActor pid=604971)[0m         
[36m(ClientAppActor pid=604938)[0m 
[36m(ClientAppActor pid=604938)[0m         
[36m(ClientAppActor pid=604936)[0m 
[36m(ClientAppActor pid=604936)[0m         
[36m(ClientAppActor pid=604937)[0m 
[36m(ClientAppActor pid=604937)[0m         
[92mINFO [0m:      aggregate_fit: received 5 results and 0 failures
[92mINFO [0m:      fit progress: (2, 2.0984503059387207, {'accuracy': 0.3021, 'loss': 2.0984503059387207}, 28.91249814402545)
[92mINFO [0m:      configure_evaluate: strategy sampled 5 clients (out of 5)
[36m(ClientAppActor pid=604936)[0m 
[36m(ClientAppActor pid=604936)[0m         
[36m(ClientAppActor pid=604936)[0m [93mWARNING [0m:   DEPRECATED FEATURE: `client_fn` now expects a signature `def client_fn(context: Context)`.The provided `client_fn` has signature: {'cid': <Parameter "cid: str">}. You can import the `Context` like this: `from flwr.app import Context`[32m [repeated 10x across cluster][0m
[36m(ClientAppActor pid=604936)[0m             This is a deprecated feature. It will be removed[32m [repeated 10x across cluster][0m
[36m(ClientAppActor pid=604936)[0m             entirely in future versions of Flower.[32m [repeated 10x across cluster][0m
[36m(ClientAppActor pid=604971)[0m 
[36m(ClientAppActor pid=604971)[0m         
[36m(ClientAppActor pid=604970)[0m 
[36m(ClientAppActor pid=604970)[0m         
[36m(ClientAppActor pid=604938)[0m 
[36m(ClientAppActor pid=604938)[0m         
[36m(ClientAppActor pid=604937)[0m 
[36m(ClientAppActor pid=604937)[0m         
[92mINFO [0m:      aggregate_evaluate: received 5 results and 0 failures
[92mINFO [0m:      
[92mINFO [0m:      [ROUND 3]
[92mINFO [0m:      configure_fit: strategy sampled 5 clients (out of 5)
[36m(ClientAppActor pid=604937)[0m 
[36m(ClientAppActor pid=604937)[0m         
[36m(ClientAppActor pid=604938)[0m 
[36m(ClientAppActor pid=604938)[0m         
[36m(ClientAppActor pid=604970)[0m 
[36m(ClientAppActor pid=604970)[0m         
[36m(ClientAppActor pid=604971)[0m 
[36m(ClientAppActor pid=604971)[0m         
[36m(ClientAppActor pid=604936)[0m 
[36m(ClientAppActor pid=604936)[0m         
[92mINFO [0m:      aggregate_fit: received 5 results and 0 failures
[92mINFO [0m:      fit progress: (3, 2.2306930114746093, {'accuracy': 0.4136, 'loss': 2.2306930114746093}, 42.28776232502423)
[92mINFO [0m:      configure_evaluate: strategy sampled 5 clients (out of 5)
[36m(ClientAppActor pid=604937)[0m 
[36m(ClientAppActor pid=604937)[0m         
[36m(ClientAppActor pid=604937)[0m [93mWARNING [0m:   DEPRECATED FEATURE: `client_fn` now expects a signature `def client_fn(context: Context)`.The provided `client_fn` has signature: {'cid': <Parameter "cid: str">}. You can import the `Context` like this: `from flwr.app import Context`[32m [repeated 10x across cluster][0m
[36m(ClientAppActor pid=604937)[0m             This is a deprecated feature. It will be removed[32m [repeated 10x across cluster][0m
[36m(ClientAppActor pid=604937)[0m             entirely in future versions of Flower.[32m [repeated 10x across cluster][0m
[36m(ClientAppActor pid=604938)[0m 
[36m(ClientAppActor pid=604938)[0m         
[36m(ClientAppActor pid=604970)[0m 
[36m(ClientAppActor pid=604970)[0m         
[36m(ClientAppActor pid=604971)[0m 
[36m(ClientAppActor pid=604971)[0m         
[36m(ClientAppActor pid=604936)[0m 
[36m(ClientAppActor pid=604936)[0m         
[92mINFO [0m:      aggregate_evaluate: received 5 results and 0 failures
[92mINFO [0m:      
[92mINFO [0m:      [ROUND 4]
[92mINFO [0m:      configure_fit: strategy sampled 5 clients (out of 5)
[36m(ClientAppActor pid=604936)[0m 
[36m(ClientAppActor pid=604936)[0m         
[36m(ClientAppActor pid=604971)[0m 
[36m(ClientAppActor pid=604971)[0m         
[36m(ClientAppActor pid=604970)[0m 
[36m(ClientAppActor pid=604970)[0m         
[36m(ClientAppActor pid=604937)[0m 
[36m(ClientAppActor pid=604937)[0m         
[36m(ClientAppActor pid=604938)[0m 
[36m(ClientAppActor pid=604938)[0m         
[92mINFO [0m:      aggregate_fit: received 5 results and 0 failures
[92mINFO [0m:      fit progress: (4, 2.3092020221710206, {'accuracy': 0.437, 'loss': 2.3092020221710206}, 55.90316092700232)
[92mINFO [0m:      configure_evaluate: strategy sampled 5 clients (out of 5)
[36m(ClientAppActor pid=604970)[0m 
[36m(ClientAppActor pid=604970)[0m         
[36m(ClientAppActor pid=604970)[0m [93mWARNING [0m:   DEPRECATED FEATURE: `client_fn` now expects a signature `def client_fn(context: Context)`.The provided `client_fn` has signature: {'cid': <Parameter "cid: str">}. You can import the `Context` like this: `from flwr.app import Context`[32m [repeated 10x across cluster][0m
[36m(ClientAppActor pid=604970)[0m             This is a deprecated feature. It will be removed[32m [repeated 10x across cluster][0m
[36m(ClientAppActor pid=604970)[0m             entirely in future versions of Flower.[32m [repeated 10x across cluster][0m
[36m(ClientAppActor pid=604937)[0m 
[36m(ClientAppActor pid=604937)[0m         
[36m(ClientAppActor pid=604936)[0m 
[36m(ClientAppActor pid=604936)[0m         
[36m(ClientAppActor pid=604938)[0m 
[36m(ClientAppActor pid=604938)[0m         
[36m(ClientAppActor pid=604971)[0m 
[36m(ClientAppActor pid=604971)[0m         
[92mINFO [0m:      aggregate_evaluate: received 5 results and 0 failures
[92mINFO [0m:      
[92mINFO [0m:      [ROUND 5]
[92mINFO [0m:      configure_fit: strategy sampled 5 clients (out of 5)
[36m(ClientAppActor pid=604971)[0m 
[36m(ClientAppActor pid=604971)[0m         
[36m(ClientAppActor pid=604938)[0m 
[36m(ClientAppActor pid=604938)[0m         
[36m(ClientAppActor pid=604936)[0m 
[36m(ClientAppActor pid=604936)[0m         
[36m(ClientAppActor pid=604937)[0m 
[36m(ClientAppActor pid=604937)[0m         
[36m(ClientAppActor pid=604970)[0m 
[36m(ClientAppActor pid=604970)[0m         
[92mINFO [0m:      aggregate_fit: received 5 results and 0 failures
[92mINFO [0m:      fit progress: (5, 4.006751127624511, {'accuracy': 0.4997, 'loss': 4.006751127624511}, 69.66998940199846)
[92mINFO [0m:      configure_evaluate: strategy sampled 5 clients (out of 5)
[36m(ClientAppActor pid=604937)[0m 
[36m(ClientAppActor pid=604937)[0m         
[36m(ClientAppActor pid=604937)[0m [93mWARNING [0m:   DEPRECATED FEATURE: `client_fn` now expects a signature `def client_fn(context: Context)`.The provided `client_fn` has signature: {'cid': <Parameter "cid: str">}. You can import the `Context` like this: `from flwr.app import Context`[32m [repeated 10x across cluster][0m
[36m(ClientAppActor pid=604937)[0m             This is a deprecated feature. It will be removed[32m [repeated 10x across cluster][0m
[36m(ClientAppActor pid=604937)[0m             entirely in future versions of Flower.[32m [repeated 10x across cluster][0m
[36m(ClientAppActor pid=604971)[0m 
[36m(ClientAppActor pid=604971)[0m         
[36m(ClientAppActor pid=604936)[0m 
[36m(ClientAppActor pid=604936)[0m         
[36m(ClientAppActor pid=604970)[0m 
[36m(ClientAppActor pid=604970)[0m         
[36m(ClientAppActor pid=604938)[0m 
[36m(ClientAppActor pid=604938)[0m         
[92mINFO [0m:      aggregate_evaluate: received 5 results and 0 failures
[92mINFO [0m:      
[92mINFO [0m:      [ROUND 6]
[92mINFO [0m:      configure_fit: strategy sampled 5 clients (out of 5)
[36m(ClientAppActor pid=604938)[0m 
[36m(ClientAppActor pid=604938)[0m         
[36m(ClientAppActor pid=604970)[0m 
[36m(ClientAppActor pid=604970)[0m         
[36m(ClientAppActor pid=604936)[0m 
[36m(ClientAppActor pid=604936)[0m         
[36m(ClientAppActor pid=604971)[0m 
[36m(ClientAppActor pid=604971)[0m         
[36m(ClientAppActor pid=604937)[0m 
[36m(ClientAppActor pid=604937)[0m         
[92mINFO [0m:      aggregate_fit: received 5 results and 0 failures
[92mINFO [0m:      fit progress: (6, 5.087101191329956, {'accuracy': 0.5091, 'loss': 5.087101191329956}, 83.01425885601202)
[92mINFO [0m:      configure_evaluate: strategy sampled 5 clients (out of 5)
[36m(ClientAppActor pid=604936)[0m 
[36m(ClientAppActor pid=604936)[0m         
[36m(ClientAppActor pid=604936)[0m [93mWARNING [0m:   DEPRECATED FEATURE: `client_fn` now expects a signature `def client_fn(context: Context)`.The provided `client_fn` has signature: {'cid': <Parameter "cid: str">}. You can import the `Context` like this: `from flwr.app import Context`[32m [repeated 10x across cluster][0m
[36m(ClientAppActor pid=604936)[0m             This is a deprecated feature. It will be removed[32m [repeated 10x across cluster][0m
[36m(ClientAppActor pid=604936)[0m             entirely in future versions of Flower.[32m [repeated 10x across cluster][0m
[36m(ClientAppActor pid=604937)[0m 
[36m(ClientAppActor pid=604937)[0m         
[36m(ClientAppActor pid=604970)[0m 
[36m(ClientAppActor pid=604970)[0m         
[36m(ClientAppActor pid=604938)[0m 
[36m(ClientAppActor pid=604938)[0m         
[36m(ClientAppActor pid=604971)[0m 
[36m(ClientAppActor pid=604971)[0m         
[92mINFO [0m:      aggregate_evaluate: received 5 results and 0 failures
[92mINFO [0m:      
[92mINFO [0m:      [ROUND 7]
[92mINFO [0m:      configure_fit: strategy sampled 5 clients (out of 5)
[36m(ClientAppActor pid=604971)[0m 
[36m(ClientAppActor pid=604971)[0m         
[36m(ClientAppActor pid=604938)[0m 
[36m(ClientAppActor pid=604938)[0m         
[36m(ClientAppActor pid=604970)[0m 
[36m(ClientAppActor pid=604970)[0m         
[36m(ClientAppActor pid=604937)[0m 
[36m(ClientAppActor pid=604937)[0m         
[36m(ClientAppActor pid=604936)[0m 
[36m(ClientAppActor pid=604936)[0m         
[92mINFO [0m:      aggregate_fit: received 5 results and 0 failures
[92mINFO [0m:      fit progress: (7, 2.7358971799850464, {'accuracy': 0.5654, 'loss': 2.7358971799850464}, 96.92279705003602)
[92mINFO [0m:      configure_evaluate: strategy sampled 5 clients (out of 5)
[36m(ClientAppActor pid=604936)[0m 
[36m(ClientAppActor pid=604936)[0m         
[36m(ClientAppActor pid=604936)[0m [93mWARNING [0m:   DEPRECATED FEATURE: `client_fn` now expects a signature `def client_fn(context: Context)`.The provided `client_fn` has signature: {'cid': <Parameter "cid: str">}. You can import the `Context` like this: `from flwr.app import Context`[32m [repeated 10x across cluster][0m
[36m(ClientAppActor pid=604936)[0m             This is a deprecated feature. It will be removed[32m [repeated 10x across cluster][0m
[36m(ClientAppActor pid=604936)[0m             entirely in future versions of Flower.[32m [repeated 10x across cluster][0m
[36m(ClientAppActor pid=604970)[0m 
[36m(ClientAppActor pid=604970)[0m         
[36m(ClientAppActor pid=604938)[0m 
[36m(ClientAppActor pid=604938)[0m         
[36m(ClientAppActor pid=604971)[0m 
[36m(ClientAppActor pid=604971)[0m         
[36m(ClientAppActor pid=604937)[0m 
[36m(ClientAppActor pid=604937)[0m         
[92mINFO [0m:      aggregate_evaluate: received 5 results and 0 failures
[92mINFO [0m:      
[92mINFO [0m:      [ROUND 8]
[92mINFO [0m:      configure_fit: strategy sampled 5 clients (out of 5)
[36m(ClientAppActor pid=604971)[0m 
[36m(ClientAppActor pid=604971)[0m         
[36m(ClientAppActor pid=604937)[0m 
[36m(ClientAppActor pid=604937)[0m         
[36m(ClientAppActor pid=604970)[0m 
[36m(ClientAppActor pid=604970)[0m         
[36m(ClientAppActor pid=604938)[0m 
[36m(ClientAppActor pid=604938)[0m         
[36m(ClientAppActor pid=604936)[0m 
[36m(ClientAppActor pid=604936)[0m         
[92mINFO [0m:      aggregate_fit: received 5 results and 0 failures
[92mINFO [0m:      fit progress: (8, 1.9140654502868653, {'accuracy': 0.5731, 'loss': 1.9140654502868653}, 110.31493894802406)
[92mINFO [0m:      configure_evaluate: strategy sampled 5 clients (out of 5)
[36m(ClientAppActor pid=604938)[0m 
[36m(ClientAppActor pid=604938)[0m         
[36m(ClientAppActor pid=604938)[0m [93mWARNING [0m:   DEPRECATED FEATURE: `client_fn` now expects a signature `def client_fn(context: Context)`.The provided `client_fn` has signature: {'cid': <Parameter "cid: str">}. You can import the `Context` like this: `from flwr.app import Context`[32m [repeated 10x across cluster][0m
[36m(ClientAppActor pid=604938)[0m             This is a deprecated feature. It will be removed[32m [repeated 10x across cluster][0m
[36m(ClientAppActor pid=604938)[0m             entirely in future versions of Flower.[32m [repeated 10x across cluster][0m
[36m(ClientAppActor pid=604936)[0m 
[36m(ClientAppActor pid=604936)[0m         
[36m(ClientAppActor pid=604970)[0m 
[36m(ClientAppActor pid=604970)[0m         
[36m(ClientAppActor pid=604937)[0m 
[36m(ClientAppActor pid=604937)[0m         
[36m(ClientAppActor pid=604971)[0m 
[36m(ClientAppActor pid=604971)[0m         
[92mINFO [0m:      aggregate_evaluate: received 5 results and 0 failures
[92mINFO [0m:      
[92mINFO [0m:      [ROUND 9]
[92mINFO [0m:      configure_fit: strategy sampled 5 clients (out of 5)
[36m(ClientAppActor pid=604971)[0m 
[36m(ClientAppActor pid=604971)[0m         
[36m(ClientAppActor pid=604970)[0m 
[36m(ClientAppActor pid=604970)[0m         
[36m(ClientAppActor pid=604936)[0m 
[36m(ClientAppActor pid=604936)[0m         
[36m(ClientAppActor pid=604937)[0m 
[36m(ClientAppActor pid=604937)[0m         
[36m(ClientAppActor pid=604938)[0m 
[36m(ClientAppActor pid=604938)[0m         
[92mINFO [0m:      aggregate_fit: received 5 results and 0 failures
[92mINFO [0m:      fit progress: (9, 2.3401794704437258, {'accuracy': 0.5987, 'loss': 2.3401794704437258}, 123.67185221199179)
[92mINFO [0m:      configure_evaluate: strategy sampled 5 clients (out of 5)
[36m(ClientAppActor pid=604970)[0m 
[36m(ClientAppActor pid=604970)[0m         
[36m(ClientAppActor pid=604970)[0m [93mWARNING [0m:   DEPRECATED FEATURE: `client_fn` now expects a signature `def client_fn(context: Context)`.The provided `client_fn` has signature: {'cid': <Parameter "cid: str">}. You can import the `Context` like this: `from flwr.app import Context`[32m [repeated 10x across cluster][0m
[36m(ClientAppActor pid=604970)[0m             This is a deprecated feature. It will be removed[32m [repeated 10x across cluster][0m
[36m(ClientAppActor pid=604970)[0m             entirely in future versions of Flower.[32m [repeated 10x across cluster][0m
[36m(ClientAppActor pid=604936)[0m 
[36m(ClientAppActor pid=604936)[0m         
[36m(ClientAppActor pid=604938)[0m 
[36m(ClientAppActor pid=604938)[0m         
[36m(ClientAppActor pid=604937)[0m 
[36m(ClientAppActor pid=604937)[0m         
[36m(ClientAppActor pid=604971)[0m 
[36m(ClientAppActor pid=604971)[0m         
[92mINFO [0m:      aggregate_evaluate: received 5 results and 0 failures
[92mINFO [0m:      
[92mINFO [0m:      [ROUND 10]
[92mINFO [0m:      configure_fit: strategy sampled 5 clients (out of 5)
[36m(ClientAppActor pid=604971)[0m 
[36m(ClientAppActor pid=604971)[0m         
[36m(ClientAppActor pid=604938)[0m 
[36m(ClientAppActor pid=604938)[0m         
[36m(ClientAppActor pid=604936)[0m 
[36m(ClientAppActor pid=604936)[0m         
[36m(ClientAppActor pid=604937)[0m 
[36m(ClientAppActor pid=604937)[0m         
[36m(ClientAppActor pid=604970)[0m 
[36m(ClientAppActor pid=604970)[0m         
[92mINFO [0m:      aggregate_fit: received 5 results and 0 failures
[92mINFO [0m:      fit progress: (10, 3.4904935916900635, {'accuracy': 0.5875, 'loss': 3.4904935916900635}, 136.88113537902245)
[92mINFO [0m:      configure_evaluate: strategy sampled 5 clients (out of 5)
[36m(ClientAppActor pid=604971)[0m 
[36m(ClientAppActor pid=604971)[0m         
[36m(ClientAppActor pid=604971)[0m [93mWARNING [0m:   DEPRECATED FEATURE: `client_fn` now expects a signature `def client_fn(context: Context)`.The provided `client_fn` has signature: {'cid': <Parameter "cid: str">}. You can import the `Context` like this: `from flwr.app import Context`[32m [repeated 10x across cluster][0m
[36m(ClientAppActor pid=604971)[0m             This is a deprecated feature. It will be removed[32m [repeated 10x across cluster][0m
[36m(ClientAppActor pid=604971)[0m             entirely in future versions of Flower.[32m [repeated 10x across cluster][0m
[36m(ClientAppActor pid=604936)[0m 
[36m(ClientAppActor pid=604936)[0m         
[36m(ClientAppActor pid=604938)[0m 
[36m(ClientAppActor pid=604938)[0m         
[36m(ClientAppActor pid=604937)[0m 
[36m(ClientAppActor pid=604937)[0m         
[36m(ClientAppActor pid=604970)[0m 
[36m(ClientAppActor pid=604970)[0m         
[92mINFO [0m:      aggregate_evaluate: received 5 results and 0 failures
[92mINFO [0m:      
[92mINFO [0m:      [SUMMARY]
[92mINFO [0m:      Run finished 10 round(s) in 137.81s
[92mINFO [0m:      	History (loss, distributed):
[92mINFO [0m:      		round 1: 2.2786366922368235
[92mINFO [0m:      		round 2: 2.1060685882908072
[92mINFO [0m:      		round 3: 2.1965356988145373
[92mINFO [0m:      		round 4: 2.2872627795350917
[92mINFO [0m:      		round 5: 3.9732943218613666
[92mINFO [0m:      		round 6: 5.03950080724628
[92mINFO [0m:      		round 7: 2.770739487607359
[92mINFO [0m:      		round 8: 1.991038603045021
[92mINFO [0m:      		round 9: 2.3552481094216833
[92mINFO [0m:      		round 10: 3.5444350003098783
[92mINFO [0m:      	History (loss, centralized):
[92mINFO [0m:      		round 0: 2.3030543338775633
[92mINFO [0m:      		round 1: 2.2786472846984864
[92mINFO [0m:      		round 2: 2.0984503059387207
[92mINFO [0m:      		round 3: 2.2306930114746093
[92mINFO [0m:      		round 4: 2.3092020221710206
[92mINFO [0m:      		round 5: 4.006751127624511
[92mINFO [0m:      		round 6: 5.087101191329956
[92mINFO [0m:      		round 7: 2.7358971799850464
[92mINFO [0m:      		round 8: 1.9140654502868653
[92mINFO [0m:      		round 9: 2.3401794704437258
[92mINFO [0m:      		round 10: 3.4904935916900635
[92mINFO [0m:      	History (metrics, distributed, fit):
[92mINFO [0m:      	{'avg_flops_per_client_round': [(1, 8140805084160.0),
[92mINFO [0m:      	                                (2, 8140805084160.0),
[92mINFO [0m:      	                                (3, 8140805084160.0),
[92mINFO [0m:      	                                (4, 8140805084160.0),
[92mINFO [0m:      	                                (5, 8140805084160.0),
[92mINFO [0m:      	                                (6, 8140805084160.0),
[92mINFO [0m:      	                                (7, 8140805084160.0),
[92mINFO [0m:      	                                (8, 8140805084160.0),
[92mINFO [0m:      	                                (9, 8140805084160.0),
[92mINFO [0m:      	                                (10, 8140805084160.0)],
[92mINFO [0m:      	 'total_flops_round': [(1, 40704025420800),
[92mINFO [0m:      	                       (2, 40704025420800),
[92mINFO [0m:      	                       (3, 40704025420800),
[92mINFO [0m:      	                       (4, 40704025420800),
[92mINFO [0m:      	                       (5, 40704025420800),
[92mINFO [0m:      	                       (6, 40704025420800),
[92mINFO [0m:      	                       (7, 40704025420800),
[92mINFO [0m:      	                       (8, 40704025420800),
[92mINFO [0m:      	                       (9, 40704025420800),
[92mINFO [0m:      	                       (10, 40704025420800)]}
[92mINFO [0m:      	History (metrics, distributed, evaluate):
[92mINFO [0m:      	{'accuracy': [(1, 0.13007804682809687),
[92mINFO [0m:      	              (2, 0.2995797478487092),
[92mINFO [0m:      	              (3, 0.4086451871122674),
[92mINFO [0m:      	              (4, 0.436661997198319),
[92mINFO [0m:      	              (5, 0.5157094256553932),
[92mINFO [0m:      	              (6, 0.5077046227736642),
[92mINFO [0m:      	              (7, 0.5641384830898539),
[92mINFO [0m:      	              (8, 0.5551330798479087),
[92mINFO [0m:      	              (9, 0.5917550530318191),
[92mINFO [0m:      	              (10, 0.5803482089253552)],
[92mINFO [0m:      	 'loss': [(1, 2.2786366922368235),
[92mINFO [0m:      	          (2, 2.1060685882908072),
[92mINFO [0m:      	          (3, 2.1965356988145373),
[92mINFO [0m:      	          (4, 2.2872627795350917),
[92mINFO [0m:      	          (5, 3.9732943218613666),
[92mINFO [0m:      	          (6, 5.03950080724628),
[92mINFO [0m:      	          (7, 2.770739487607359),
[92mINFO [0m:      	          (8, 1.991038603045021),
[92mINFO [0m:      	          (9, 2.3552481094216833),
[92mINFO [0m:      	          (10, 3.5444350003098783)]}
[92mINFO [0m:      	History (metrics, centralized):
[92mINFO [0m:      	{'accuracy': [(0, 0.1),
[92mINFO [0m:      	              (1, 0.1306),
[92mINFO [0m:      	              (2, 0.3021),
[92mINFO [0m:      	              (3, 0.4136),
[92mINFO [0m:      	              (4, 0.437),
[92mINFO [0m:      	              (5, 0.4997),
[92mINFO [0m:      	              (6, 0.5091),
[92mINFO [0m:      	              (7, 0.5654),
[92mINFO [0m:      	              (8, 0.5731),
[92mINFO [0m:      	              (9, 0.5987),
[92mINFO [0m:      	              (10, 0.5875)],
[92mINFO [0m:      	 'loss': [(0, 2.3030543338775633),
[92mINFO [0m:      	          (1, 2.2786472846984864),
[92mINFO [0m:      	          (2, 2.0984503059387207),
[92mINFO [0m:      	          (3, 2.2306930114746093),
[92mINFO [0m:      	          (4, 2.3092020221710206),
[92mINFO [0m:      	          (5, 4.006751127624511),
[92mINFO [0m:      	          (6, 5.087101191329956),
[92mINFO [0m:      	          (7, 2.7358971799850464),
[92mINFO [0m:      	          (8, 1.9140654502868653),
[92mINFO [0m:      	          (9, 2.3401794704437258),
[92mINFO [0m:      	          (10, 3.4904935916900635)]}
[92mINFO [0m:      
Treinando no dispositivo: cuda:0 com o dataset: CIFAR10 | Setup clientes: 5 (num_gpus por cliente=0.2) | SEED=47 | Método: FedAvgM (server_momentum=0.9, server_lr=1.0)
FLOPS por amostra (forward): 6.030e+07 | (forward+backward, 3x): 1.809e+08
Files already downloaded and verified
Files already downloaded and verified
Dividindo o dataset usando a distribuição de Dirichlet com alpha=0.1.
Iniciando a simulação de Aprendizado Federado...
=== Diagnóstico de Medição de GPU ===
  pynvml_disponivel: True
  pynvml_versao: 580.173.02
  gpus_detectadas: 1
  leitura_potencia_ok: True
  potencia_atual_W: 114.46

--- Rodada 0 - Avaliação Centralizada (Servidor) ---
Loss (Servidor): 2.3031 | Acurácia (Servidor): 0.1000

--- Rodada 1 - Avaliação Centralizada (Servidor) ---
Loss (Servidor): 2.2786 | Acurácia (Servidor): 0.1306
--- Avaliação Agregada (Clientes) ---
Loss Média (Clientes): 2.2786 | Acurácia Média (Clientes): 0.1301

--- Rodada 2 - Avaliação Centralizada (Servidor) ---
Loss (Servidor): 2.0985 | Acurácia (Servidor): 0.3021
--- Avaliação Agregada (Clientes) ---
Loss Média (Clientes): 2.1061 | Acurácia Média (Clientes): 0.2996

--- Rodada 3 - Avaliação Centralizada (Servidor) ---
Loss (Servidor): 2.2307 | Acurácia (Servidor): 0.4136
--- Avaliação Agregada (Clientes) ---
Loss Média (Clientes): 2.1965 | Acurácia Média (Clientes): 0.4086

--- Rodada 4 - Avaliação Centralizada (Servidor) ---
Loss (Servidor): 2.3092 | Acurácia (Servidor): 0.4370
--- Avaliação Agregada (Clientes) ---
Loss Média (Clientes): 2.2873 | Acurácia Média (Clientes): 0.4367

--- Rodada 5 - Avaliação Centralizada (Servidor) ---
Loss (Servidor): 4.0068 | Acurácia (Servidor): 0.4997
--- Avaliação Agregada (Clientes) ---
Loss Média (Clientes): 3.9733 | Acurácia Média (Clientes): 0.5157

--- Rodada 6 - Avaliação Centralizada (Servidor) ---
Loss (Servidor): 5.0871 | Acurácia (Servidor): 0.5091
--- Avaliação Agregada (Clientes) ---
Loss Média (Clientes): 5.0395 | Acurácia Média (Clientes): 0.5077

--- Rodada 7 - Avaliação Centralizada (Servidor) ---
Loss (Servidor): 2.7359 | Acurácia (Servidor): 0.5654
--- Avaliação Agregada (Clientes) ---
Loss Média (Clientes): 2.7707 | Acurácia Média (Clientes): 0.5641

--- Rodada 8 - Avaliação Centralizada (Servidor) ---
Loss (Servidor): 1.9141 | Acurácia (Servidor): 0.5731
--- Avaliação Agregada (Clientes) ---
Loss Média (Clientes): 1.9910 | Acurácia Média (Clientes): 0.5551

--- Rodada 9 - Avaliação Centralizada (Servidor) ---
Loss (Servidor): 2.3402 | Acurácia (Servidor): 0.5987
--- Avaliação Agregada (Clientes) ---
Loss Média (Clientes): 2.3552 | Acurácia Média (Clientes): 0.5918

--- Rodada 10 - Avaliação Centralizada (Servidor) ---
Loss (Servidor): 3.4905 | Acurácia (Servidor): 0.5875
--- Avaliação Agregada (Clientes) ---
Loss Média (Clientes): 3.5444 | Acurácia Média (Clientes): 0.5803

Resultados salvos em: /home/tiago/GitHubProjects/fedhad-thesis-2/FedAvgM-results/1.1_diagnostico_drift/CIFAR10/FedAvgM__CIFAR10__Setup-5__Clients-5__Rounds-10__Delay-0_05__Alpha-0_1__Seed-47.txt
[36m(ClientAppActor pid=604970)[0m [93mWARNING [0m:   DEPRECATED FEATURE: `client_fn` now expects a signature `def client_fn(context: Context)`.The provided `client_fn` has signature: {'cid': <Parameter "cid: str">}. You can import the `Context` like this: `from flwr.app import Context`[32m [repeated 4x across cluster][0m
[36m(ClientAppActor pid=604970)[0m             This is a deprecated feature. It will be removed[32m [repeated 4x across cluster][0m
[36m(ClientAppActor pid=604970)[0m             entirely in future versions of Flower.[32m [repeated 4x across cluster][0m
