[codecarbon WARNING @ 11:38:13] Multiple instances of codecarbon are allowed to run at the same time.
[93mWARNING [0m:   DEPRECATED FEATURE: flwr.simulation.start_simulation() is deprecated.
	Instead, use the `flwr run` CLI command to start a local simulation in your Flower app, as shown for example below:

		$ flwr new  # Create a new Flower app from a template

		$ flwr run  # Run the Flower app in Simulation Mode

	Using `start_simulation()` is deprecated.

            This is a deprecated feature. It will be removed
            entirely in future versions of Flower.
        
[92mINFO [0m:      Starting Flower simulation, config: num_rounds=10, no round_timeout
2026-09-04 11:38:22,172	INFO worker.py:2012 -- Started a local Ray instance.
/home/tiago/GitHubProjects/fedhad-thesis-2/env_flwr_pt/lib/python3.12/site-packages/ray/_private/worker.py:2051: FutureWarning: Tip: In future versions of Ray, Ray will no longer override accelerator visible devices env var if num_gpus=0 or num_gpus=None (default). To enable this behavior and turn off this error message, set RAY_ACCEL_ENV_VAR_OVERRIDE_ON_ZERO=0
  warnings.warn(
[92mINFO [0m:      Flower VCE: Ray initialized with resources: {'object_store_memory': 77735771750.0, 'node:__internal_head__': 1.0, 'CPU': 64.0, 'accelerator_type:A40': 1.0, 'GPU': 1.0, 'memory': 181383467418.0, 'node:10.129.64.100': 1.0}
[92mINFO [0m:      Optimize your simulation with Flower VCE: https://flower.ai/docs/framework/how-to-run-simulations.html
/home/tiago/GitHubProjects/fedhad-thesis-2/FedAVG_Final.py:1577: UserWarning: No `num_cpus` specified in `client_resources`. Using `num_cpus=1` for each client.
  history = fl.simulation.start_simulation(
[92mINFO [0m:      Flower VCE: Resources for each Virtual Client: {'num_gpus': 0.2, 'num_cpus': 1}
[92mINFO [0m:      Flower VCE: Creating VirtualClientEngineActorPool with 5 actors
[92mINFO [0m:      [INIT]
[92mINFO [0m:      Requesting initial parameters from one random client
[36m(ClientAppActor pid=301865)[0m [93mWARNING [0m:   DEPRECATED FEATURE: `client_fn` now expects a signature `def client_fn(context: Context)`.The provided `client_fn` has signature: {'cid': <Parameter "cid: str">}. You can import the `Context` like this: `from flwr.app import Context`
[36m(ClientAppActor pid=301865)[0m 
[36m(ClientAppActor pid=301865)[0m             This is a deprecated feature. It will be removed
[36m(ClientAppActor pid=301865)[0m             entirely in future versions of Flower.
[36m(ClientAppActor pid=301865)[0m         
[92mINFO [0m:      Received initial parameters from one random client
[92mINFO [0m:      Starting evaluation of initial global parameters
[92mINFO [0m:      initial parameters (loss, other metrics): 2.3032591259002686, {'accuracy': 0.0692, 'loss': 2.3032591259002686}
[92mINFO [0m:      
[92mINFO [0m:      [ROUND 1]
[92mINFO [0m:      configure_fit: strategy sampled 5 clients (out of 5)
[36m(ClientAppActor pid=301865)[0m [93mWARNING [0m:   DEPRECATED FEATURE: `client_fn` now expects a signature `def client_fn(context: Context)`.The provided `client_fn` has signature: {'cid': <Parameter "cid: str">}. You can import the `Context` like this: `from flwr.app import Context`
[36m(ClientAppActor pid=301865)[0m 
[36m(ClientAppActor pid=301865)[0m             This is a deprecated feature. It will be removed
[36m(ClientAppActor pid=301865)[0m             entirely in future versions of Flower.
[36m(ClientAppActor pid=301865)[0m         
[36m(ClientAppActor pid=301866)[0m 
[36m(ClientAppActor pid=301866)[0m         
[36m(ClientAppActor pid=301864)[0m 
[36m(ClientAppActor pid=301864)[0m         
[36m(ClientAppActor pid=301863)[0m 
[36m(ClientAppActor pid=301863)[0m         
[36m(ClientAppActor pid=301862)[0m 
[36m(ClientAppActor pid=301862)[0m         
[92mINFO [0m:      aggregate_fit: received 5 results and 0 failures
[92mINFO [0m:      fit progress: (1, 2.2975395519256594, {'accuracy': 0.1192, 'loss': 2.2975395519256594}, 13.659292906988412)
[92mINFO [0m:      configure_evaluate: strategy sampled 5 clients (out of 5)
[36m(ClientAppActor pid=301864)[0m 
[36m(ClientAppActor pid=301864)[0m         
[36m(ClientAppActor pid=301864)[0m [93mWARNING [0m:   DEPRECATED FEATURE: `client_fn` now expects a signature `def client_fn(context: Context)`.The provided `client_fn` has signature: {'cid': <Parameter "cid: str">}. You can import the `Context` like this: `from flwr.app import Context`[32m [repeated 5x across cluster] (Ray deduplicates logs by default. Set RAY_DEDUP_LOGS=0 to disable log deduplication, or see https://docs.ray.io/en/master/ray-observability/user-guides/configure-logging.html#log-deduplication for more options.)[0m
[36m(ClientAppActor pid=301864)[0m             This is a deprecated feature. It will be removed[32m [repeated 5x across cluster][0m
[36m(ClientAppActor pid=301864)[0m             entirely in future versions of Flower.[32m [repeated 5x across cluster][0m
[36m(ClientAppActor pid=301866)[0m 
[36m(ClientAppActor pid=301866)[0m         
[36m(ClientAppActor pid=301863)[0m 
[36m(ClientAppActor pid=301863)[0m         
[36m(ClientAppActor pid=301862)[0m 
[36m(ClientAppActor pid=301862)[0m         
[36m(ClientAppActor pid=301865)[0m 
[36m(ClientAppActor pid=301865)[0m         
[92mINFO [0m:      aggregate_evaluate: received 5 results and 0 failures
[92mINFO [0m:      
[92mINFO [0m:      [ROUND 2]
[92mINFO [0m:      configure_fit: strategy sampled 5 clients (out of 5)
[36m(ClientAppActor pid=301865)[0m 
[36m(ClientAppActor pid=301865)[0m         
[36m(ClientAppActor pid=301862)[0m 
[36m(ClientAppActor pid=301862)[0m         
[36m(ClientAppActor pid=301863)[0m 
[36m(ClientAppActor pid=301863)[0m         
[36m(ClientAppActor pid=301866)[0m 
[36m(ClientAppActor pid=301866)[0m         
[36m(ClientAppActor pid=301864)[0m 
[36m(ClientAppActor pid=301864)[0m         
[92mINFO [0m:      aggregate_fit: received 5 results and 0 failures
[92mINFO [0m:      fit progress: (2, 1.362223834991455, {'accuracy': 0.5686, 'loss': 1.362223834991455}, 26.6700877599651)
[92mINFO [0m:      configure_evaluate: strategy sampled 5 clients (out of 5)
[36m(ClientAppActor pid=301866)[0m 
[36m(ClientAppActor pid=301866)[0m         
[36m(ClientAppActor pid=301866)[0m [93mWARNING [0m:   DEPRECATED FEATURE: `client_fn` now expects a signature `def client_fn(context: Context)`.The provided `client_fn` has signature: {'cid': <Parameter "cid: str">}. You can import the `Context` like this: `from flwr.app import Context`[32m [repeated 10x across cluster][0m
[36m(ClientAppActor pid=301866)[0m             This is a deprecated feature. It will be removed[32m [repeated 10x across cluster][0m
[36m(ClientAppActor pid=301866)[0m             entirely in future versions of Flower.[32m [repeated 10x across cluster][0m
[36m(ClientAppActor pid=301863)[0m 
[36m(ClientAppActor pid=301863)[0m         
[36m(ClientAppActor pid=301864)[0m 
[36m(ClientAppActor pid=301864)[0m         
[36m(ClientAppActor pid=301862)[0m 
[36m(ClientAppActor pid=301862)[0m         
[36m(ClientAppActor pid=301865)[0m 
[36m(ClientAppActor pid=301865)[0m         
[92mINFO [0m:      aggregate_evaluate: received 5 results and 0 failures
[92mINFO [0m:      
[92mINFO [0m:      [ROUND 3]
[92mINFO [0m:      configure_fit: strategy sampled 5 clients (out of 5)
[36m(ClientAppActor pid=301865)[0m 
[36m(ClientAppActor pid=301865)[0m         
[36m(ClientAppActor pid=301862)[0m 
[36m(ClientAppActor pid=301862)[0m         
[36m(ClientAppActor pid=301864)[0m 
[36m(ClientAppActor pid=301864)[0m         
[36m(ClientAppActor pid=301863)[0m 
[36m(ClientAppActor pid=301863)[0m         
[36m(ClientAppActor pid=301866)[0m 
[36m(ClientAppActor pid=301866)[0m         
[92mINFO [0m:      aggregate_fit: received 5 results and 0 failures
[92mINFO [0m:      fit progress: (3, 0.796440954875946, {'accuracy': 0.7262, 'loss': 0.796440954875946}, 39.72612839000067)
[92mINFO [0m:      configure_evaluate: strategy sampled 5 clients (out of 5)
[36m(ClientAppActor pid=301863)[0m 
[36m(ClientAppActor pid=301863)[0m         
[36m(ClientAppActor pid=301863)[0m [93mWARNING [0m:   DEPRECATED FEATURE: `client_fn` now expects a signature `def client_fn(context: Context)`.The provided `client_fn` has signature: {'cid': <Parameter "cid: str">}. You can import the `Context` like this: `from flwr.app import Context`[32m [repeated 10x across cluster][0m
[36m(ClientAppActor pid=301863)[0m             This is a deprecated feature. It will be removed[32m [repeated 10x across cluster][0m
[36m(ClientAppActor pid=301863)[0m             entirely in future versions of Flower.[32m [repeated 10x across cluster][0m
[36m(ClientAppActor pid=301862)[0m 
[36m(ClientAppActor pid=301862)[0m         
[36m(ClientAppActor pid=301865)[0m 
[36m(ClientAppActor pid=301865)[0m         
[36m(ClientAppActor pid=301866)[0m 
[36m(ClientAppActor pid=301866)[0m         
[36m(ClientAppActor pid=301864)[0m 
[36m(ClientAppActor pid=301864)[0m         
[92mINFO [0m:      aggregate_evaluate: received 5 results and 0 failures
[92mINFO [0m:      
[92mINFO [0m:      [ROUND 4]
[92mINFO [0m:      configure_fit: strategy sampled 5 clients (out of 5)
[36m(ClientAppActor pid=301864)[0m 
[36m(ClientAppActor pid=301864)[0m         
[36m(ClientAppActor pid=301866)[0m 
[36m(ClientAppActor pid=301866)[0m         
[36m(ClientAppActor pid=301865)[0m 
[36m(ClientAppActor pid=301865)[0m         
[36m(ClientAppActor pid=301862)[0m 
[36m(ClientAppActor pid=301862)[0m         
[36m(ClientAppActor pid=301863)[0m 
[36m(ClientAppActor pid=301863)[0m         
[92mINFO [0m:      aggregate_fit: received 5 results and 0 failures
[92mINFO [0m:      fit progress: (4, 0.6576894828796387, {'accuracy': 0.779, 'loss': 0.6576894828796387}, 52.65910429501673)
[92mINFO [0m:      configure_evaluate: strategy sampled 5 clients (out of 5)
[36m(ClientAppActor pid=301863)[0m 
[36m(ClientAppActor pid=301863)[0m         
[36m(ClientAppActor pid=301863)[0m [93mWARNING [0m:   DEPRECATED FEATURE: `client_fn` now expects a signature `def client_fn(context: Context)`.The provided `client_fn` has signature: {'cid': <Parameter "cid: str">}. You can import the `Context` like this: `from flwr.app import Context`[32m [repeated 10x across cluster][0m
[36m(ClientAppActor pid=301863)[0m             This is a deprecated feature. It will be removed[32m [repeated 10x across cluster][0m
[36m(ClientAppActor pid=301863)[0m             entirely in future versions of Flower.[32m [repeated 10x across cluster][0m
[36m(ClientAppActor pid=301862)[0m 
[36m(ClientAppActor pid=301862)[0m         
[36m(ClientAppActor pid=301865)[0m 
[36m(ClientAppActor pid=301865)[0m         
[36m(ClientAppActor pid=301866)[0m 
[36m(ClientAppActor pid=301866)[0m         
[36m(ClientAppActor pid=301864)[0m 
[36m(ClientAppActor pid=301864)[0m         
[92mINFO [0m:      aggregate_evaluate: received 5 results and 0 failures
[92mINFO [0m:      
[92mINFO [0m:      [ROUND 5]
[92mINFO [0m:      configure_fit: strategy sampled 5 clients (out of 5)
[36m(ClientAppActor pid=301864)[0m 
[36m(ClientAppActor pid=301864)[0m         
[36m(ClientAppActor pid=301866)[0m 
[36m(ClientAppActor pid=301866)[0m         
[36m(ClientAppActor pid=301865)[0m 
[36m(ClientAppActor pid=301865)[0m         
[36m(ClientAppActor pid=301862)[0m 
[36m(ClientAppActor pid=301862)[0m         
[36m(ClientAppActor pid=301863)[0m 
[36m(ClientAppActor pid=301863)[0m         
[92mINFO [0m:      aggregate_fit: received 5 results and 0 failures
[92mINFO [0m:      fit progress: (5, 0.6403581813573838, {'accuracy': 0.7927, 'loss': 0.6403581813573838}, 65.51529261399992)
[92mINFO [0m:      configure_evaluate: strategy sampled 5 clients (out of 5)
[36m(ClientAppActor pid=301863)[0m 
[36m(ClientAppActor pid=301863)[0m         
[36m(ClientAppActor pid=301863)[0m [93mWARNING [0m:   DEPRECATED FEATURE: `client_fn` now expects a signature `def client_fn(context: Context)`.The provided `client_fn` has signature: {'cid': <Parameter "cid: str">}. You can import the `Context` like this: `from flwr.app import Context`[32m [repeated 10x across cluster][0m
[36m(ClientAppActor pid=301863)[0m             This is a deprecated feature. It will be removed[32m [repeated 10x across cluster][0m
[36m(ClientAppActor pid=301863)[0m             entirely in future versions of Flower.[32m [repeated 10x across cluster][0m
[36m(ClientAppActor pid=301864)[0m 
[36m(ClientAppActor pid=301864)[0m         
[36m(ClientAppActor pid=301862)[0m 
[36m(ClientAppActor pid=301862)[0m         
[36m(ClientAppActor pid=301865)[0m 
[36m(ClientAppActor pid=301865)[0m         
[36m(ClientAppActor pid=301866)[0m 
[36m(ClientAppActor pid=301866)[0m         
[92mINFO [0m:      aggregate_evaluate: received 5 results and 0 failures
[92mINFO [0m:      
[92mINFO [0m:      [ROUND 6]
[92mINFO [0m:      configure_fit: strategy sampled 5 clients (out of 5)
[36m(ClientAppActor pid=301866)[0m 
[36m(ClientAppActor pid=301866)[0m         
[36m(ClientAppActor pid=301865)[0m 
[36m(ClientAppActor pid=301865)[0m         
[36m(ClientAppActor pid=301864)[0m 
[36m(ClientAppActor pid=301864)[0m         
[36m(ClientAppActor pid=301862)[0m 
[36m(ClientAppActor pid=301862)[0m         
[36m(ClientAppActor pid=301863)[0m 
[36m(ClientAppActor pid=301863)[0m         
[92mINFO [0m:      aggregate_fit: received 5 results and 0 failures
[92mINFO [0m:      fit progress: (6, 0.6410280795574188, {'accuracy': 0.8037, 'loss': 0.6410280795574188}, 78.61207276501227)
[92mINFO [0m:      configure_evaluate: strategy sampled 5 clients (out of 5)
[36m(ClientAppActor pid=301863)[0m 
[36m(ClientAppActor pid=301863)[0m         
[36m(ClientAppActor pid=301863)[0m [93mWARNING [0m:   DEPRECATED FEATURE: `client_fn` now expects a signature `def client_fn(context: Context)`.The provided `client_fn` has signature: {'cid': <Parameter "cid: str">}. You can import the `Context` like this: `from flwr.app import Context`[32m [repeated 10x across cluster][0m
[36m(ClientAppActor pid=301863)[0m             This is a deprecated feature. It will be removed[32m [repeated 10x across cluster][0m
[36m(ClientAppActor pid=301863)[0m             entirely in future versions of Flower.[32m [repeated 10x across cluster][0m
[36m(ClientAppActor pid=301866)[0m 
[36m(ClientAppActor pid=301866)[0m         
[36m(ClientAppActor pid=301864)[0m 
[36m(ClientAppActor pid=301864)[0m         
[36m(ClientAppActor pid=301862)[0m 
[36m(ClientAppActor pid=301862)[0m         
[36m(ClientAppActor pid=301865)[0m 
[36m(ClientAppActor pid=301865)[0m         
[92mINFO [0m:      aggregate_evaluate: received 5 results and 0 failures
[92mINFO [0m:      
[92mINFO [0m:      [ROUND 7]
[92mINFO [0m:      configure_fit: strategy sampled 5 clients (out of 5)
[36m(ClientAppActor pid=301865)[0m 
[36m(ClientAppActor pid=301865)[0m         
[36m(ClientAppActor pid=301862)[0m 
[36m(ClientAppActor pid=301862)[0m         
[36m(ClientAppActor pid=301864)[0m 
[36m(ClientAppActor pid=301864)[0m         
[36m(ClientAppActor pid=301866)[0m 
[36m(ClientAppActor pid=301866)[0m         
[36m(ClientAppActor pid=301863)[0m 
[36m(ClientAppActor pid=301863)[0m         
[92mINFO [0m:      aggregate_fit: received 5 results and 0 failures
[92mINFO [0m:      fit progress: (7, 0.6429405867576599, {'accuracy': 0.8086, 'loss': 0.6429405867576599}, 91.54808663396398)
[92mINFO [0m:      configure_evaluate: strategy sampled 5 clients (out of 5)
[36m(ClientAppActor pid=301864)[0m 
[36m(ClientAppActor pid=301864)[0m         
[36m(ClientAppActor pid=301864)[0m [93mWARNING [0m:   DEPRECATED FEATURE: `client_fn` now expects a signature `def client_fn(context: Context)`.The provided `client_fn` has signature: {'cid': <Parameter "cid: str">}. You can import the `Context` like this: `from flwr.app import Context`[32m [repeated 10x across cluster][0m
[36m(ClientAppActor pid=301864)[0m             This is a deprecated feature. It will be removed[32m [repeated 10x across cluster][0m
[36m(ClientAppActor pid=301864)[0m             entirely in future versions of Flower.[32m [repeated 10x across cluster][0m
[36m(ClientAppActor pid=301865)[0m 
[36m(ClientAppActor pid=301865)[0m         
[36m(ClientAppActor pid=301863)[0m 
[36m(ClientAppActor pid=301863)[0m         
[36m(ClientAppActor pid=301866)[0m 
[36m(ClientAppActor pid=301866)[0m         
[36m(ClientAppActor pid=301862)[0m 
[36m(ClientAppActor pid=301862)[0m         
[92mINFO [0m:      aggregate_evaluate: received 5 results and 0 failures
[92mINFO [0m:      
[92mINFO [0m:      [ROUND 8]
[92mINFO [0m:      configure_fit: strategy sampled 5 clients (out of 5)
[36m(ClientAppActor pid=301862)[0m 
[36m(ClientAppActor pid=301862)[0m         
[36m(ClientAppActor pid=301866)[0m 
[36m(ClientAppActor pid=301866)[0m         
[36m(ClientAppActor pid=301865)[0m 
[36m(ClientAppActor pid=301865)[0m         
[36m(ClientAppActor pid=301863)[0m 
[36m(ClientAppActor pid=301863)[0m         
[36m(ClientAppActor pid=301864)[0m 
[36m(ClientAppActor pid=301864)[0m         
[92mINFO [0m:      aggregate_fit: received 5 results and 0 failures
[92mINFO [0m:      fit progress: (8, 0.6668340786933898, {'accuracy': 0.8127, 'loss': 0.6668340786933898}, 104.56572168599814)
[92mINFO [0m:      configure_evaluate: strategy sampled 5 clients (out of 5)
[36m(ClientAppActor pid=301864)[0m 
[36m(ClientAppActor pid=301864)[0m         
[36m(ClientAppActor pid=301864)[0m [93mWARNING [0m:   DEPRECATED FEATURE: `client_fn` now expects a signature `def client_fn(context: Context)`.The provided `client_fn` has signature: {'cid': <Parameter "cid: str">}. You can import the `Context` like this: `from flwr.app import Context`[32m [repeated 10x across cluster][0m
[36m(ClientAppActor pid=301864)[0m             This is a deprecated feature. It will be removed[32m [repeated 10x across cluster][0m
[36m(ClientAppActor pid=301864)[0m             entirely in future versions of Flower.[32m [repeated 10x across cluster][0m
[36m(ClientAppActor pid=301866)[0m 
[36m(ClientAppActor pid=301866)[0m         
[36m(ClientAppActor pid=301863)[0m 
[36m(ClientAppActor pid=301863)[0m         
[36m(ClientAppActor pid=301865)[0m 
[36m(ClientAppActor pid=301865)[0m         
[36m(ClientAppActor pid=301862)[0m 
[36m(ClientAppActor pid=301862)[0m         
[92mINFO [0m:      aggregate_evaluate: received 5 results and 0 failures
[92mINFO [0m:      
[92mINFO [0m:      [ROUND 9]
[92mINFO [0m:      configure_fit: strategy sampled 5 clients (out of 5)
[36m(ClientAppActor pid=301862)[0m 
[36m(ClientAppActor pid=301862)[0m         
[36m(ClientAppActor pid=301865)[0m 
[36m(ClientAppActor pid=301865)[0m         
[36m(ClientAppActor pid=301866)[0m 
[36m(ClientAppActor pid=301866)[0m         
[36m(ClientAppActor pid=301863)[0m 
[36m(ClientAppActor pid=301863)[0m         
[36m(ClientAppActor pid=301864)[0m 
[36m(ClientAppActor pid=301864)[0m         
[92mINFO [0m:      aggregate_fit: received 5 results and 0 failures
[92mINFO [0m:      fit progress: (9, 0.6525355783939362, {'accuracy': 0.8173, 'loss': 0.6525355783939362}, 117.52882083499571)
[92mINFO [0m:      configure_evaluate: strategy sampled 5 clients (out of 5)
[36m(ClientAppActor pid=301863)[0m 
[36m(ClientAppActor pid=301863)[0m         
[36m(ClientAppActor pid=301863)[0m [93mWARNING [0m:   DEPRECATED FEATURE: `client_fn` now expects a signature `def client_fn(context: Context)`.The provided `client_fn` has signature: {'cid': <Parameter "cid: str">}. You can import the `Context` like this: `from flwr.app import Context`[32m [repeated 10x across cluster][0m
[36m(ClientAppActor pid=301863)[0m             This is a deprecated feature. It will be removed[32m [repeated 10x across cluster][0m
[36m(ClientAppActor pid=301863)[0m             entirely in future versions of Flower.[32m [repeated 10x across cluster][0m
[36m(ClientAppActor pid=301866)[0m 
[36m(ClientAppActor pid=301866)[0m         
[36m(ClientAppActor pid=301865)[0m 
[36m(ClientAppActor pid=301865)[0m         
[36m(ClientAppActor pid=301864)[0m 
[36m(ClientAppActor pid=301864)[0m         
[36m(ClientAppActor pid=301862)[0m 
[36m(ClientAppActor pid=301862)[0m         
[92mINFO [0m:      aggregate_evaluate: received 5 results and 0 failures
[92mINFO [0m:      
[92mINFO [0m:      [ROUND 10]
[92mINFO [0m:      configure_fit: strategy sampled 5 clients (out of 5)
[36m(ClientAppActor pid=301862)[0m 
[36m(ClientAppActor pid=301862)[0m         
[36m(ClientAppActor pid=301864)[0m 
[36m(ClientAppActor pid=301864)[0m         
[36m(ClientAppActor pid=301865)[0m 
[36m(ClientAppActor pid=301865)[0m         
[36m(ClientAppActor pid=301866)[0m 
[36m(ClientAppActor pid=301866)[0m         
[36m(ClientAppActor pid=301863)[0m 
[36m(ClientAppActor pid=301863)[0m         
[92mINFO [0m:      aggregate_fit: received 5 results and 0 failures
[92mINFO [0m:      fit progress: (10, 0.676082707118988, {'accuracy': 0.8187, 'loss': 0.676082707118988}, 130.45802872400964)
[92mINFO [0m:      configure_evaluate: strategy sampled 5 clients (out of 5)
[36m(ClientAppActor pid=301866)[0m 
[36m(ClientAppActor pid=301866)[0m         
[36m(ClientAppActor pid=301866)[0m [93mWARNING [0m:   DEPRECATED FEATURE: `client_fn` now expects a signature `def client_fn(context: Context)`.The provided `client_fn` has signature: {'cid': <Parameter "cid: str">}. You can import the `Context` like this: `from flwr.app import Context`[32m [repeated 10x across cluster][0m
[36m(ClientAppActor pid=301866)[0m             This is a deprecated feature. It will be removed[32m [repeated 10x across cluster][0m
[36m(ClientAppActor pid=301866)[0m             entirely in future versions of Flower.[32m [repeated 10x across cluster][0m
[36m(ClientAppActor pid=301865)[0m 
[36m(ClientAppActor pid=301865)[0m         
[36m(ClientAppActor pid=301862)[0m 
[36m(ClientAppActor pid=301862)[0m         
[36m(ClientAppActor pid=301863)[0m 
[36m(ClientAppActor pid=301863)[0m         
[36m(ClientAppActor pid=301864)[0m 
[36m(ClientAppActor pid=301864)[0m         
[92mINFO [0m:      aggregate_evaluate: received 5 results and 0 failures
[92mINFO [0m:      
[92mINFO [0m:      [SUMMARY]
[92mINFO [0m:      Run finished 10 round(s) in 131.30s
[92mINFO [0m:      	History (loss, distributed):
[92mINFO [0m:      		round 1: 2.2965720197976482
[92mINFO [0m:      		round 2: 1.3707338317241673
[92mINFO [0m:      		round 3: 0.7832162579149157
[92mINFO [0m:      		round 4: 0.6505408038959065
[92mINFO [0m:      		round 5: 0.6282243941313601
[92mINFO [0m:      		round 6: 0.619984135005421
[92mINFO [0m:      		round 7: 0.617353084821169
[92mINFO [0m:      		round 8: 0.6397698939113619
[92mINFO [0m:      		round 9: 0.623294780723791
[92mINFO [0m:      		round 10: 0.6514554041881521
[92mINFO [0m:      	History (loss, centralized):
[92mINFO [0m:      		round 0: 2.3032591259002686
[92mINFO [0m:      		round 1: 2.2975395519256594
[92mINFO [0m:      		round 2: 1.362223834991455
[92mINFO [0m:      		round 3: 0.796440954875946
[92mINFO [0m:      		round 4: 0.6576894828796387
[92mINFO [0m:      		round 5: 0.6403581813573838
[92mINFO [0m:      		round 6: 0.6410280795574188
[92mINFO [0m:      		round 7: 0.6429405867576599
[92mINFO [0m:      		round 8: 0.6668340786933898
[92mINFO [0m:      		round 9: 0.6525355783939362
[92mINFO [0m:      		round 10: 0.676082707118988
[92mINFO [0m:      	History (metrics, distributed, fit):
[92mINFO [0m:      	{'avg_flops_per_client_round': [(1, 8140805084160.0),
[92mINFO [0m:      	                                (2, 8140805084160.0),
[92mINFO [0m:      	                                (3, 8140805084160.0),
[92mINFO [0m:      	                                (4, 8140805084160.0),
[92mINFO [0m:      	                                (5, 8140805084160.0),
[92mINFO [0m:      	                                (6, 8140805084160.0),
[92mINFO [0m:      	                                (7, 8140805084160.0),
[92mINFO [0m:      	                                (8, 8140805084160.0),
[92mINFO [0m:      	                                (9, 8140805084160.0),
[92mINFO [0m:      	                                (10, 8140805084160.0)],
[92mINFO [0m:      	 'total_flops_round': [(1, 40704025420800),
[92mINFO [0m:      	                       (2, 40704025420800),
[92mINFO [0m:      	                       (3, 40704025420800),
[92mINFO [0m:      	                       (4, 40704025420800),
[92mINFO [0m:      	                       (5, 40704025420800),
[92mINFO [0m:      	                       (6, 40704025420800),
[92mINFO [0m:      	                       (7, 40704025420800),
[92mINFO [0m:      	                       (8, 40704025420800),
[92mINFO [0m:      	                       (9, 40704025420800),
[92mINFO [0m:      	                       (10, 40704025420800)]}
[92mINFO [0m:      	History (metrics, distributed, evaluate):
[92mINFO [0m:      	{'accuracy': [(1, 0.12047228337002201),
[92mINFO [0m:      	              (2, 0.5693416049629778),
[92mINFO [0m:      	              (3, 0.7292375425255153),
[92mINFO [0m:      	              (4, 0.7760656393836302),
[92mINFO [0m:      	              (5, 0.7968781268761257),
[92mINFO [0m:      	              (6, 0.8048829297578547),
[92mINFO [0m:      	              (7, 0.8132879727836702),
[92mINFO [0m:      	              (8, 0.8152891735041025),
[92mINFO [0m:      	              (9, 0.8154892935761456),
[92mINFO [0m:      	              (10, 0.821092655593356)],
[92mINFO [0m:      	 'loss': [(1, 2.2965720197976482),
[92mINFO [0m:      	          (2, 1.3707338317241673),
[92mINFO [0m:      	          (3, 0.7832162579149157),
[92mINFO [0m:      	          (4, 0.6505408038959065),
[92mINFO [0m:      	          (5, 0.6282243941313601),
[92mINFO [0m:      	          (6, 0.619984135005421),
[92mINFO [0m:      	          (7, 0.617353084821169),
[92mINFO [0m:      	          (8, 0.6397698939113619),
[92mINFO [0m:      	          (9, 0.623294780723791),
[92mINFO [0m:      	          (10, 0.6514554041881521)]}
[92mINFO [0m:      	History (metrics, centralized):
[92mINFO [0m:      	{'accuracy': [(0, 0.0692),
[92mINFO [0m:      	              (1, 0.1192),
[92mINFO [0m:      	              (2, 0.5686),
[92mINFO [0m:      	              (3, 0.7262),
[92mINFO [0m:      	              (4, 0.779),
[92mINFO [0m:      	              (5, 0.7927),
[92mINFO [0m:      	              (6, 0.8037),
[92mINFO [0m:      	              (7, 0.8086),
[92mINFO [0m:      	              (8, 0.8127),
[92mINFO [0m:      	              (9, 0.8173),
[92mINFO [0m:      	              (10, 0.8187)],
[92mINFO [0m:      	 'loss': [(0, 2.3032591259002686),
[92mINFO [0m:      	          (1, 2.2975395519256594),
[92mINFO [0m:      	          (2, 1.362223834991455),
[92mINFO [0m:      	          (3, 0.796440954875946),
[92mINFO [0m:      	          (4, 0.6576894828796387),
[92mINFO [0m:      	          (5, 0.6403581813573838),
[92mINFO [0m:      	          (6, 0.6410280795574188),
[92mINFO [0m:      	          (7, 0.6429405867576599),
[92mINFO [0m:      	          (8, 0.6668340786933898),
[92mINFO [0m:      	          (9, 0.6525355783939362),
[92mINFO [0m:      	          (10, 0.676082707118988)]}
[92mINFO [0m:      
Treinando no dispositivo: cuda:0 com o dataset: CIFAR10 | Setup clientes: 5 (num_gpus por cliente=0.2) | SEED=47
FLOPS por amostra (forward): 6.030e+07 | (forward+backward, 3x): 1.809e+08
Files already downloaded and verified
Files already downloaded and verified
Dividindo o dataset usando a distribuição de Dirichlet com alpha=1.0.
Iniciando a simulação de Aprendizado Federado...
=== Diagnóstico de Medição de GPU ===
  pynvml_disponivel: True
  pynvml_versao: 580.173.02
  gpus_detectadas: 1
  leitura_potencia_ok: True
  potencia_atual_W: 115.776

--- Rodada 0 - Avaliação Centralizada (Servidor) ---
Loss (Servidor): 2.3033 | Acurácia (Servidor): 0.0692

--- Rodada 1 - Avaliação Centralizada (Servidor) ---
Loss (Servidor): 2.2975 | Acurácia (Servidor): 0.1192
--- Avaliação Agregada (Clientes) ---
Loss Média (Clientes): 2.2966 | Acurácia Média (Clientes): 0.1205

--- Rodada 2 - Avaliação Centralizada (Servidor) ---
Loss (Servidor): 1.3622 | Acurácia (Servidor): 0.5686
--- Avaliação Agregada (Clientes) ---
Loss Média (Clientes): 1.3707 | Acurácia Média (Clientes): 0.5693

--- Rodada 3 - Avaliação Centralizada (Servidor) ---
Loss (Servidor): 0.7964 | Acurácia (Servidor): 0.7262
--- Avaliação Agregada (Clientes) ---
Loss Média (Clientes): 0.7832 | Acurácia Média (Clientes): 0.7292

--- Rodada 4 - Avaliação Centralizada (Servidor) ---
Loss (Servidor): 0.6577 | Acurácia (Servidor): 0.7790
--- Avaliação Agregada (Clientes) ---
Loss Média (Clientes): 0.6505 | Acurácia Média (Clientes): 0.7761

--- Rodada 5 - Avaliação Centralizada (Servidor) ---
Loss (Servidor): 0.6404 | Acurácia (Servidor): 0.7927
--- Avaliação Agregada (Clientes) ---
Loss Média (Clientes): 0.6282 | Acurácia Média (Clientes): 0.7969

--- Rodada 6 - Avaliação Centralizada (Servidor) ---
Loss (Servidor): 0.6410 | Acurácia (Servidor): 0.8037
--- Avaliação Agregada (Clientes) ---
Loss Média (Clientes): 0.6200 | Acurácia Média (Clientes): 0.8049

--- Rodada 7 - Avaliação Centralizada (Servidor) ---
Loss (Servidor): 0.6429 | Acurácia (Servidor): 0.8086
--- Avaliação Agregada (Clientes) ---
Loss Média (Clientes): 0.6174 | Acurácia Média (Clientes): 0.8133

--- Rodada 8 - Avaliação Centralizada (Servidor) ---
Loss (Servidor): 0.6668 | Acurácia (Servidor): 0.8127
--- Avaliação Agregada (Clientes) ---
Loss Média (Clientes): 0.6398 | Acurácia Média (Clientes): 0.8153

--- Rodada 9 - Avaliação Centralizada (Servidor) ---
Loss (Servidor): 0.6525 | Acurácia (Servidor): 0.8173
--- Avaliação Agregada (Clientes) ---
Loss Média (Clientes): 0.6233 | Acurácia Média (Clientes): 0.8155

--- Rodada 10 - Avaliação Centralizada (Servidor) ---
Loss (Servidor): 0.6761 | Acurácia (Servidor): 0.8187
--- Avaliação Agregada (Clientes) ---
Loss Média (Clientes): 0.6515 | Acurácia Média (Clientes): 0.8211

Resultados salvos em: /home/tiago/GitHubProjects/fedhad-thesis-2/FedAVG-results/1.1_diagnostico_drift/CIFAR10/FedAVG__CIFAR10__Setup-5__Clients-5__Rounds-10__Delay-0_05__Alpha-1_0__Seed-47.txt
[36m(ClientAppActor pid=301864)[0m [93mWARNING [0m:   DEPRECATED FEATURE: `client_fn` now expects a signature `def client_fn(context: Context)`.The provided `client_fn` has signature: {'cid': <Parameter "cid: str">}. You can import the `Context` like this: `from flwr.app import Context`[32m [repeated 4x across cluster][0m
[36m(ClientAppActor pid=301864)[0m             This is a deprecated feature. It will be removed[32m [repeated 4x across cluster][0m
[36m(ClientAppActor pid=301864)[0m             entirely in future versions of Flower.[32m [repeated 4x across cluster][0m
