[codecarbon WARNING @ 12:30:36] Multiple instances of codecarbon are allowed to run at the same time.
[93mWARNING [0m:   DEPRECATED FEATURE: flwr.simulation.start_simulation() is deprecated.
	Instead, use the `flwr run` CLI command to start a local simulation in your Flower app, as shown for example below:

		$ flwr new  # Create a new Flower app from a template

		$ flwr run  # Run the Flower app in Simulation Mode

	Using `start_simulation()` is deprecated.

            This is a deprecated feature. It will be removed
            entirely in future versions of Flower.
        
[92mINFO [0m:      Starting Flower simulation, config: num_rounds=10, no round_timeout
2026-09-04 12:30:44,766	INFO worker.py:2012 -- Started a local Ray instance.
/home/tiago/GitHubProjects/fedhad-thesis-2/env_flwr_pt/lib/python3.12/site-packages/ray/_private/worker.py:2051: FutureWarning: Tip: In future versions of Ray, Ray will no longer override accelerator visible devices env var if num_gpus=0 or num_gpus=None (default). To enable this behavior and turn off this error message, set RAY_ACCEL_ENV_VAR_OVERRIDE_ON_ZERO=0
  warnings.warn(
[92mINFO [0m:      Flower VCE: Ray initialized with resources: {'CPU': 64.0, 'GPU': 1.0, 'object_store_memory': 77754917683.0, 'accelerator_type:A40': 1.0, 'node:10.129.64.100': 1.0, 'memory': 181428141261.0, 'node:__internal_head__': 1.0}
[92mINFO [0m:      Optimize your simulation with Flower VCE: https://flower.ai/docs/framework/how-to-run-simulations.html
/home/tiago/GitHubProjects/fedhad-thesis-2/FedAVG_Final.py:1577: UserWarning: No `num_cpus` specified in `client_resources`. Using `num_cpus=1` for each client.
  history = fl.simulation.start_simulation(
[92mINFO [0m:      Flower VCE: Resources for each Virtual Client: {'num_gpus': 0.2, 'num_cpus': 1}
[92mINFO [0m:      Flower VCE: Creating VirtualClientEngineActorPool with 5 actors
[92mINFO [0m:      [INIT]
[92mINFO [0m:      Requesting initial parameters from one random client
[36m(ClientAppActor pid=438533)[0m [93mWARNING [0m:   DEPRECATED FEATURE: `client_fn` now expects a signature `def client_fn(context: Context)`.The provided `client_fn` has signature: {'cid': <Parameter "cid: str">}. You can import the `Context` like this: `from flwr.app import Context`
[36m(ClientAppActor pid=438533)[0m 
[36m(ClientAppActor pid=438533)[0m             This is a deprecated feature. It will be removed
[36m(ClientAppActor pid=438533)[0m             entirely in future versions of Flower.
[36m(ClientAppActor pid=438533)[0m         
[92mINFO [0m:      Received initial parameters from one random client
[92mINFO [0m:      Starting evaluation of initial global parameters
[92mINFO [0m:      initial parameters (loss, other metrics): 2.3028535835266113, {'accuracy': 0.1066, 'loss': 2.3028535835266113}
[92mINFO [0m:      
[92mINFO [0m:      [ROUND 1]
[92mINFO [0m:      configure_fit: strategy sampled 5 clients (out of 5)
[36m(ClientAppActor pid=438533)[0m [93mWARNING [0m:   DEPRECATED FEATURE: `client_fn` now expects a signature `def client_fn(context: Context)`.The provided `client_fn` has signature: {'cid': <Parameter "cid: str">}. You can import the `Context` like this: `from flwr.app import Context`
[36m(ClientAppActor pid=438533)[0m 
[36m(ClientAppActor pid=438533)[0m             This is a deprecated feature. It will be removed
[36m(ClientAppActor pid=438533)[0m             entirely in future versions of Flower.
[36m(ClientAppActor pid=438533)[0m         
[36m(ClientAppActor pid=438534)[0m 
[36m(ClientAppActor pid=438534)[0m         
[36m(ClientAppActor pid=438532)[0m 
[36m(ClientAppActor pid=438532)[0m         
[36m(ClientAppActor pid=438531)[0m 
[36m(ClientAppActor pid=438531)[0m         
[36m(ClientAppActor pid=438530)[0m 
[36m(ClientAppActor pid=438530)[0m         
[92mINFO [0m:      aggregate_fit: received 5 results and 0 failures
[92mINFO [0m:      fit progress: (1, 2.3012148475646974, {'accuracy': 0.1016, 'loss': 2.3012148475646974}, 15.383777497976553)
[92mINFO [0m:      configure_evaluate: strategy sampled 5 clients (out of 5)
[36m(ClientAppActor pid=438534)[0m 
[36m(ClientAppActor pid=438534)[0m         
[36m(ClientAppActor pid=438534)[0m [93mWARNING [0m:   DEPRECATED FEATURE: `client_fn` now expects a signature `def client_fn(context: Context)`.The provided `client_fn` has signature: {'cid': <Parameter "cid: str">}. You can import the `Context` like this: `from flwr.app import Context`[32m [repeated 5x across cluster] (Ray deduplicates logs by default. Set RAY_DEDUP_LOGS=0 to disable log deduplication, or see https://docs.ray.io/en/master/ray-observability/user-guides/configure-logging.html#log-deduplication for more options.)[0m
[36m(ClientAppActor pid=438534)[0m             This is a deprecated feature. It will be removed[32m [repeated 5x across cluster][0m
[36m(ClientAppActor pid=438534)[0m             entirely in future versions of Flower.[32m [repeated 5x across cluster][0m
[36m(ClientAppActor pid=438533)[0m 
[36m(ClientAppActor pid=438533)[0m         
[36m(ClientAppActor pid=438532)[0m 
[36m(ClientAppActor pid=438532)[0m         
[36m(ClientAppActor pid=438530)[0m 
[36m(ClientAppActor pid=438530)[0m         
[36m(ClientAppActor pid=438531)[0m 
[36m(ClientAppActor pid=438531)[0m         
[92mINFO [0m:      aggregate_evaluate: received 5 results and 0 failures
[92mINFO [0m:      
[92mINFO [0m:      [ROUND 2]
[92mINFO [0m:      configure_fit: strategy sampled 5 clients (out of 5)
[36m(ClientAppActor pid=438531)[0m 
[36m(ClientAppActor pid=438531)[0m         
[36m(ClientAppActor pid=438530)[0m 
[36m(ClientAppActor pid=438530)[0m         
[36m(ClientAppActor pid=438532)[0m 
[36m(ClientAppActor pid=438532)[0m         
[36m(ClientAppActor pid=438533)[0m 
[36m(ClientAppActor pid=438533)[0m         
[36m(ClientAppActor pid=438534)[0m 
[36m(ClientAppActor pid=438534)[0m         
[92mINFO [0m:      aggregate_fit: received 5 results and 0 failures
[92mINFO [0m:      fit progress: (2, 2.0999959964752195, {'accuracy': 0.2515, 'loss': 2.0999959964752195}, 29.33602034096839)
[92mINFO [0m:      configure_evaluate: strategy sampled 5 clients (out of 5)
[36m(ClientAppActor pid=438532)[0m 
[36m(ClientAppActor pid=438532)[0m         
[36m(ClientAppActor pid=438532)[0m [93mWARNING [0m:   DEPRECATED FEATURE: `client_fn` now expects a signature `def client_fn(context: Context)`.The provided `client_fn` has signature: {'cid': <Parameter "cid: str">}. You can import the `Context` like this: `from flwr.app import Context`[32m [repeated 10x across cluster][0m
[36m(ClientAppActor pid=438532)[0m             This is a deprecated feature. It will be removed[32m [repeated 10x across cluster][0m
[36m(ClientAppActor pid=438532)[0m             entirely in future versions of Flower.[32m [repeated 10x across cluster][0m
[36m(ClientAppActor pid=438533)[0m 
[36m(ClientAppActor pid=438533)[0m         
[36m(ClientAppActor pid=438534)[0m 
[36m(ClientAppActor pid=438534)[0m         
[36m(ClientAppActor pid=438531)[0m 
[36m(ClientAppActor pid=438531)[0m         
[36m(ClientAppActor pid=438530)[0m 
[36m(ClientAppActor pid=438530)[0m         
[92mINFO [0m:      aggregate_evaluate: received 5 results and 0 failures
[92mINFO [0m:      
[92mINFO [0m:      [ROUND 3]
[92mINFO [0m:      configure_fit: strategy sampled 5 clients (out of 5)
[36m(ClientAppActor pid=438530)[0m 
[36m(ClientAppActor pid=438530)[0m         
[36m(ClientAppActor pid=438531)[0m 
[36m(ClientAppActor pid=438531)[0m         
[36m(ClientAppActor pid=438534)[0m 
[36m(ClientAppActor pid=438534)[0m         
[36m(ClientAppActor pid=438533)[0m 
[36m(ClientAppActor pid=438533)[0m         
[36m(ClientAppActor pid=438532)[0m 
[36m(ClientAppActor pid=438532)[0m         
[92mINFO [0m:      aggregate_fit: received 5 results and 0 failures
[92mINFO [0m:      fit progress: (3, 1.8160931453704834, {'accuracy': 0.399, 'loss': 1.8160931453704834}, 43.3208378359559)
[92mINFO [0m:      configure_evaluate: strategy sampled 5 clients (out of 5)
[36m(ClientAppActor pid=438531)[0m 
[36m(ClientAppActor pid=438531)[0m         
[36m(ClientAppActor pid=438531)[0m [93mWARNING [0m:   DEPRECATED FEATURE: `client_fn` now expects a signature `def client_fn(context: Context)`.The provided `client_fn` has signature: {'cid': <Parameter "cid: str">}. You can import the `Context` like this: `from flwr.app import Context`[32m [repeated 10x across cluster][0m
[36m(ClientAppActor pid=438531)[0m             This is a deprecated feature. It will be removed[32m [repeated 10x across cluster][0m
[36m(ClientAppActor pid=438531)[0m             entirely in future versions of Flower.[32m [repeated 10x across cluster][0m
[36m(ClientAppActor pid=438534)[0m 
[36m(ClientAppActor pid=438534)[0m         
[36m(ClientAppActor pid=438530)[0m 
[36m(ClientAppActor pid=438530)[0m         
[36m(ClientAppActor pid=438533)[0m 
[36m(ClientAppActor pid=438533)[0m         
[36m(ClientAppActor pid=438532)[0m 
[36m(ClientAppActor pid=438532)[0m         
[92mINFO [0m:      aggregate_evaluate: received 5 results and 0 failures
[92mINFO [0m:      
[92mINFO [0m:      [ROUND 4]
[92mINFO [0m:      configure_fit: strategy sampled 5 clients (out of 5)
[36m(ClientAppActor pid=438532)[0m 
[36m(ClientAppActor pid=438532)[0m         
[36m(ClientAppActor pid=438530)[0m 
[36m(ClientAppActor pid=438530)[0m         
[36m(ClientAppActor pid=438533)[0m 
[36m(ClientAppActor pid=438533)[0m         
[36m(ClientAppActor pid=438534)[0m 
[36m(ClientAppActor pid=438534)[0m         
[36m(ClientAppActor pid=438531)[0m 
[36m(ClientAppActor pid=438531)[0m         
[92mINFO [0m:      aggregate_fit: received 5 results and 0 failures
[92mINFO [0m:      fit progress: (4, 1.6256507656097412, {'accuracy': 0.4454, 'loss': 1.6256507656097412}, 57.71097006299533)
[92mINFO [0m:      configure_evaluate: strategy sampled 5 clients (out of 5)
[36m(ClientAppActor pid=438531)[0m 
[36m(ClientAppActor pid=438531)[0m         
[36m(ClientAppActor pid=438531)[0m [93mWARNING [0m:   DEPRECATED FEATURE: `client_fn` now expects a signature `def client_fn(context: Context)`.The provided `client_fn` has signature: {'cid': <Parameter "cid: str">}. You can import the `Context` like this: `from flwr.app import Context`[32m [repeated 10x across cluster][0m
[36m(ClientAppActor pid=438531)[0m             This is a deprecated feature. It will be removed[32m [repeated 10x across cluster][0m
[36m(ClientAppActor pid=438531)[0m             entirely in future versions of Flower.[32m [repeated 10x across cluster][0m
[36m(ClientAppActor pid=438532)[0m 
[36m(ClientAppActor pid=438532)[0m         
[36m(ClientAppActor pid=438534)[0m 
[36m(ClientAppActor pid=438534)[0m         
[36m(ClientAppActor pid=438533)[0m 
[36m(ClientAppActor pid=438533)[0m         
[36m(ClientAppActor pid=438530)[0m 
[36m(ClientAppActor pid=438530)[0m         
[92mINFO [0m:      aggregate_evaluate: received 5 results and 0 failures
[92mINFO [0m:      
[92mINFO [0m:      [ROUND 5]
[92mINFO [0m:      configure_fit: strategy sampled 5 clients (out of 5)
[36m(ClientAppActor pid=438533)[0m 
[36m(ClientAppActor pid=438533)[0m         
[36m(ClientAppActor pid=438530)[0m 
[36m(ClientAppActor pid=438530)[0m         
[36m(ClientAppActor pid=438534)[0m 
[36m(ClientAppActor pid=438534)[0m         
[36m(ClientAppActor pid=438532)[0m 
[36m(ClientAppActor pid=438532)[0m         
[36m(ClientAppActor pid=438531)[0m 
[36m(ClientAppActor pid=438531)[0m         
[92mINFO [0m:      aggregate_fit: received 5 results and 0 failures
[92mINFO [0m:      fit progress: (5, 1.4556066297531127, {'accuracy': 0.5294, 'loss': 1.4556066297531127}, 71.78560452099191)
[92mINFO [0m:      configure_evaluate: strategy sampled 5 clients (out of 5)
[36m(ClientAppActor pid=438532)[0m 
[36m(ClientAppActor pid=438532)[0m         
[36m(ClientAppActor pid=438532)[0m [93mWARNING [0m:   DEPRECATED FEATURE: `client_fn` now expects a signature `def client_fn(context: Context)`.The provided `client_fn` has signature: {'cid': <Parameter "cid: str">}. You can import the `Context` like this: `from flwr.app import Context`[32m [repeated 10x across cluster][0m
[36m(ClientAppActor pid=438532)[0m             This is a deprecated feature. It will be removed[32m [repeated 10x across cluster][0m
[36m(ClientAppActor pid=438532)[0m             entirely in future versions of Flower.[32m [repeated 10x across cluster][0m
[36m(ClientAppActor pid=438530)[0m 
[36m(ClientAppActor pid=438530)[0m         
[36m(ClientAppActor pid=438533)[0m 
[36m(ClientAppActor pid=438533)[0m         
[36m(ClientAppActor pid=438531)[0m 
[36m(ClientAppActor pid=438531)[0m         
[36m(ClientAppActor pid=438534)[0m 
[36m(ClientAppActor pid=438534)[0m         
[92mINFO [0m:      aggregate_evaluate: received 5 results and 0 failures
[92mINFO [0m:      
[92mINFO [0m:      [ROUND 6]
[92mINFO [0m:      configure_fit: strategy sampled 5 clients (out of 5)
[36m(ClientAppActor pid=438531)[0m 
[36m(ClientAppActor pid=438531)[0m         
[36m(ClientAppActor pid=438534)[0m 
[36m(ClientAppActor pid=438534)[0m         
[36m(ClientAppActor pid=438533)[0m 
[36m(ClientAppActor pid=438533)[0m         
[36m(ClientAppActor pid=438530)[0m 
[36m(ClientAppActor pid=438530)[0m         
[36m(ClientAppActor pid=438532)[0m 
[36m(ClientAppActor pid=438532)[0m         
[92mINFO [0m:      aggregate_fit: received 5 results and 0 failures
[92mINFO [0m:      fit progress: (6, 1.4484211051940918, {'accuracy': 0.5139, 'loss': 1.4484211051940918}, 85.80617843096843)
[92mINFO [0m:      configure_evaluate: strategy sampled 5 clients (out of 5)
[36m(ClientAppActor pid=438530)[0m 
[36m(ClientAppActor pid=438530)[0m         
[36m(ClientAppActor pid=438530)[0m [93mWARNING [0m:   DEPRECATED FEATURE: `client_fn` now expects a signature `def client_fn(context: Context)`.The provided `client_fn` has signature: {'cid': <Parameter "cid: str">}. You can import the `Context` like this: `from flwr.app import Context`[32m [repeated 10x across cluster][0m
[36m(ClientAppActor pid=438530)[0m             This is a deprecated feature. It will be removed[32m [repeated 10x across cluster][0m
[36m(ClientAppActor pid=438530)[0m             entirely in future versions of Flower.[32m [repeated 10x across cluster][0m
[36m(ClientAppActor pid=438532)[0m 
[36m(ClientAppActor pid=438532)[0m         
[36m(ClientAppActor pid=438533)[0m 
[36m(ClientAppActor pid=438533)[0m         
[36m(ClientAppActor pid=438531)[0m 
[36m(ClientAppActor pid=438531)[0m         
[36m(ClientAppActor pid=438534)[0m 
[36m(ClientAppActor pid=438534)[0m         
[92mINFO [0m:      aggregate_evaluate: received 5 results and 0 failures
[92mINFO [0m:      
[92mINFO [0m:      [ROUND 7]
[92mINFO [0m:      configure_fit: strategy sampled 5 clients (out of 5)
[36m(ClientAppActor pid=438534)[0m 
[36m(ClientAppActor pid=438534)[0m         
[36m(ClientAppActor pid=438531)[0m 
[36m(ClientAppActor pid=438531)[0m         
[36m(ClientAppActor pid=438533)[0m 
[36m(ClientAppActor pid=438533)[0m         
[36m(ClientAppActor pid=438532)[0m 
[36m(ClientAppActor pid=438532)[0m         
[36m(ClientAppActor pid=438530)[0m 
[36m(ClientAppActor pid=438530)[0m         
[92mINFO [0m:      aggregate_fit: received 5 results and 0 failures
[92mINFO [0m:      fit progress: (7, 1.3530864765167236, {'accuracy': 0.5525, 'loss': 1.3530864765167236}, 100.2013017149875)
[92mINFO [0m:      configure_evaluate: strategy sampled 5 clients (out of 5)
[36m(ClientAppActor pid=438532)[0m 
[36m(ClientAppActor pid=438532)[0m         
[36m(ClientAppActor pid=438532)[0m [93mWARNING [0m:   DEPRECATED FEATURE: `client_fn` now expects a signature `def client_fn(context: Context)`.The provided `client_fn` has signature: {'cid': <Parameter "cid: str">}. You can import the `Context` like this: `from flwr.app import Context`[32m [repeated 10x across cluster][0m
[36m(ClientAppActor pid=438532)[0m             This is a deprecated feature. It will be removed[32m [repeated 10x across cluster][0m
[36m(ClientAppActor pid=438532)[0m             entirely in future versions of Flower.[32m [repeated 10x across cluster][0m
[36m(ClientAppActor pid=438533)[0m 
[36m(ClientAppActor pid=438533)[0m         
[36m(ClientAppActor pid=438531)[0m 
[36m(ClientAppActor pid=438531)[0m         
[36m(ClientAppActor pid=438530)[0m 
[36m(ClientAppActor pid=438530)[0m         
[36m(ClientAppActor pid=438534)[0m 
[36m(ClientAppActor pid=438534)[0m         
[92mINFO [0m:      aggregate_evaluate: received 5 results and 0 failures
[92mINFO [0m:      
[92mINFO [0m:      [ROUND 8]
[92mINFO [0m:      configure_fit: strategy sampled 5 clients (out of 5)
[36m(ClientAppActor pid=438534)[0m 
[36m(ClientAppActor pid=438534)[0m         
[36m(ClientAppActor pid=438530)[0m 
[36m(ClientAppActor pid=438530)[0m         
[36m(ClientAppActor pid=438531)[0m 
[36m(ClientAppActor pid=438531)[0m         
[36m(ClientAppActor pid=438533)[0m 
[36m(ClientAppActor pid=438533)[0m         
[36m(ClientAppActor pid=438532)[0m 
[36m(ClientAppActor pid=438532)[0m         
[92mINFO [0m:      aggregate_fit: received 5 results and 0 failures
[92mINFO [0m:      fit progress: (8, 1.3668153772354126, {'accuracy': 0.5402, 'loss': 1.3668153772354126}, 114.20116306899581)
[92mINFO [0m:      configure_evaluate: strategy sampled 5 clients (out of 5)
[36m(ClientAppActor pid=438530)[0m 
[36m(ClientAppActor pid=438530)[0m         
[36m(ClientAppActor pid=438530)[0m [93mWARNING [0m:   DEPRECATED FEATURE: `client_fn` now expects a signature `def client_fn(context: Context)`.The provided `client_fn` has signature: {'cid': <Parameter "cid: str">}. You can import the `Context` like this: `from flwr.app import Context`[32m [repeated 10x across cluster][0m
[36m(ClientAppActor pid=438530)[0m             This is a deprecated feature. It will be removed[32m [repeated 10x across cluster][0m
[36m(ClientAppActor pid=438530)[0m             entirely in future versions of Flower.[32m [repeated 10x across cluster][0m
[36m(ClientAppActor pid=438534)[0m 
[36m(ClientAppActor pid=438534)[0m         
[36m(ClientAppActor pid=438533)[0m 
[36m(ClientAppActor pid=438533)[0m         
[36m(ClientAppActor pid=438532)[0m 
[36m(ClientAppActor pid=438532)[0m         
[36m(ClientAppActor pid=438531)[0m 
[36m(ClientAppActor pid=438531)[0m         
[92mINFO [0m:      aggregate_evaluate: received 5 results and 0 failures
[92mINFO [0m:      
[92mINFO [0m:      [ROUND 9]
[92mINFO [0m:      configure_fit: strategy sampled 5 clients (out of 5)
[36m(ClientAppActor pid=438531)[0m 
[36m(ClientAppActor pid=438531)[0m         
[36m(ClientAppActor pid=438533)[0m 
[36m(ClientAppActor pid=438533)[0m         
[36m(ClientAppActor pid=438532)[0m 
[36m(ClientAppActor pid=438532)[0m         
[36m(ClientAppActor pid=438534)[0m 
[36m(ClientAppActor pid=438534)[0m         
[36m(ClientAppActor pid=438530)[0m 
[36m(ClientAppActor pid=438530)[0m         
[92mINFO [0m:      aggregate_fit: received 5 results and 0 failures
[92mINFO [0m:      fit progress: (9, 1.2698012664794922, {'accuracy': 0.5764, 'loss': 1.2698012664794922}, 128.2960292819771)
[92mINFO [0m:      configure_evaluate: strategy sampled 5 clients (out of 5)
[36m(ClientAppActor pid=438534)[0m 
[36m(ClientAppActor pid=438534)[0m         
[36m(ClientAppActor pid=438534)[0m [93mWARNING [0m:   DEPRECATED FEATURE: `client_fn` now expects a signature `def client_fn(context: Context)`.The provided `client_fn` has signature: {'cid': <Parameter "cid: str">}. You can import the `Context` like this: `from flwr.app import Context`[32m [repeated 10x across cluster][0m
[36m(ClientAppActor pid=438534)[0m             This is a deprecated feature. It will be removed[32m [repeated 10x across cluster][0m
[36m(ClientAppActor pid=438534)[0m             entirely in future versions of Flower.[32m [repeated 10x across cluster][0m
[36m(ClientAppActor pid=438533)[0m 
[36m(ClientAppActor pid=438533)[0m         
[36m(ClientAppActor pid=438532)[0m 
[36m(ClientAppActor pid=438532)[0m         
[36m(ClientAppActor pid=438530)[0m 
[36m(ClientAppActor pid=438530)[0m         
[36m(ClientAppActor pid=438531)[0m 
[36m(ClientAppActor pid=438531)[0m         
[92mINFO [0m:      aggregate_evaluate: received 5 results and 0 failures
[92mINFO [0m:      
[92mINFO [0m:      [ROUND 10]
[92mINFO [0m:      configure_fit: strategy sampled 5 clients (out of 5)
[36m(ClientAppActor pid=438531)[0m 
[36m(ClientAppActor pid=438531)[0m         
[36m(ClientAppActor pid=438530)[0m 
[36m(ClientAppActor pid=438530)[0m         
[36m(ClientAppActor pid=438532)[0m 
[36m(ClientAppActor pid=438532)[0m         
[36m(ClientAppActor pid=438534)[0m 
[36m(ClientAppActor pid=438534)[0m         
[36m(ClientAppActor pid=438533)[0m 
[36m(ClientAppActor pid=438533)[0m         
[92mINFO [0m:      aggregate_fit: received 5 results and 0 failures
[92mINFO [0m:      fit progress: (10, 1.2852033908843994, {'accuracy': 0.5606, 'loss': 1.2852033908843994}, 142.07554069696926)
[92mINFO [0m:      configure_evaluate: strategy sampled 5 clients (out of 5)
[36m(ClientAppActor pid=438531)[0m 
[36m(ClientAppActor pid=438531)[0m         
[36m(ClientAppActor pid=438531)[0m [93mWARNING [0m:   DEPRECATED FEATURE: `client_fn` now expects a signature `def client_fn(context: Context)`.The provided `client_fn` has signature: {'cid': <Parameter "cid: str">}. You can import the `Context` like this: `from flwr.app import Context`[32m [repeated 10x across cluster][0m
[36m(ClientAppActor pid=438531)[0m             This is a deprecated feature. It will be removed[32m [repeated 10x across cluster][0m
[36m(ClientAppActor pid=438531)[0m             entirely in future versions of Flower.[32m [repeated 10x across cluster][0m
[36m(ClientAppActor pid=438534)[0m 
[36m(ClientAppActor pid=438534)[0m         
[36m(ClientAppActor pid=438532)[0m 
[36m(ClientAppActor pid=438532)[0m         
[36m(ClientAppActor pid=438533)[0m 
[36m(ClientAppActor pid=438533)[0m         
[36m(ClientAppActor pid=438530)[0m 
[36m(ClientAppActor pid=438530)[0m         
[92mINFO [0m:      aggregate_evaluate: received 5 results and 0 failures
[92mINFO [0m:      
[92mINFO [0m:      [SUMMARY]
[92mINFO [0m:      Run finished 10 round(s) in 143.00s
[92mINFO [0m:      	History (loss, distributed):
[92mINFO [0m:      		round 1: 2.3014467026339194
[92mINFO [0m:      		round 2: 2.099944341273344
[92mINFO [0m:      		round 3: 1.8194386101379638
[92mINFO [0m:      		round 4: 1.6424595266401696
[92mINFO [0m:      		round 5: 1.476872328533178
[92mINFO [0m:      		round 6: 1.4602322239024776
[92mINFO [0m:      		round 7: 1.3648492219616004
[92mINFO [0m:      		round 8: 1.3747061175905786
[92mINFO [0m:      		round 9: 1.2728002951869897
[92mINFO [0m:      		round 10: 1.2887752948998927
[92mINFO [0m:      	History (loss, centralized):
[92mINFO [0m:      		round 0: 2.3028535835266113
[92mINFO [0m:      		round 1: 2.3012148475646974
[92mINFO [0m:      		round 2: 2.0999959964752195
[92mINFO [0m:      		round 3: 1.8160931453704834
[92mINFO [0m:      		round 4: 1.6256507656097412
[92mINFO [0m:      		round 5: 1.4556066297531127
[92mINFO [0m:      		round 6: 1.4484211051940918
[92mINFO [0m:      		round 7: 1.3530864765167236
[92mINFO [0m:      		round 8: 1.3668153772354126
[92mINFO [0m:      		round 9: 1.2698012664794922
[92mINFO [0m:      		round 10: 1.2852033908843994
[92mINFO [0m:      	History (metrics, distributed, fit):
[92mINFO [0m:      	{'avg_flops_per_client_round': [(1, 8140624189440.0),
[92mINFO [0m:      	                                (2, 8140624189440.0),
[92mINFO [0m:      	                                (3, 8140624189440.0),
[92mINFO [0m:      	                                (4, 8140624189440.0),
[92mINFO [0m:      	                                (5, 8140624189440.0),
[92mINFO [0m:      	                                (6, 8140624189440.0),
[92mINFO [0m:      	                                (7, 8140624189440.0),
[92mINFO [0m:      	                                (8, 8140624189440.0),
[92mINFO [0m:      	                                (9, 8140624189440.0),
[92mINFO [0m:      	                                (10, 8140624189440.0)],
[92mINFO [0m:      	 'total_flops_round': [(1, 40703120947200),
[92mINFO [0m:      	                       (2, 40703120947200),
[92mINFO [0m:      	                       (3, 40703120947200),
[92mINFO [0m:      	                       (4, 40703120947200),
[92mINFO [0m:      	                       (5, 40703120947200),
[92mINFO [0m:      	                       (6, 40703120947200),
[92mINFO [0m:      	                       (7, 40703120947200),
[92mINFO [0m:      	                       (8, 40703120947200),
[92mINFO [0m:      	                       (9, 40703120947200),
[92mINFO [0m:      	                       (10, 40703120947200)]}
[92mINFO [0m:      	History (metrics, distributed, evaluate):
[92mINFO [0m:      	{'accuracy': [(1, 0.09803921568627451),
[92mINFO [0m:      	              (2, 0.25730292116846737),
[92mINFO [0m:      	              (3, 0.38895558223289317),
[92mINFO [0m:      	              (4, 0.4425770308123249),
[92mINFO [0m:      	              (5, 0.5222088835534213),
[92mINFO [0m:      	              (6, 0.5032012805122049),
[92mINFO [0m:      	              (7, 0.5480192076830732),
[92mINFO [0m:      	              (8, 0.5352140856342537),
[92mINFO [0m:      	              (9, 0.5654261704681873),
[92mINFO [0m:      	              (10, 0.5598239295718287)],
[92mINFO [0m:      	 'loss': [(1, 2.3014467026339194),
[92mINFO [0m:      	          (2, 2.099944341273344),
[92mINFO [0m:      	          (3, 1.8194386101379638),
[92mINFO [0m:      	          (4, 1.6424595266401696),
[92mINFO [0m:      	          (5, 1.476872328533178),
[92mINFO [0m:      	          (6, 1.4602322239024776),
[92mINFO [0m:      	          (7, 1.3648492219616004),
[92mINFO [0m:      	          (8, 1.3747061175905786),
[92mINFO [0m:      	          (9, 1.2728002951869897),
[92mINFO [0m:      	          (10, 1.2887752948998927)]}
[92mINFO [0m:      	History (metrics, centralized):
[92mINFO [0m:      	{'accuracy': [(0, 0.1066),
[92mINFO [0m:      	              (1, 0.1016),
[92mINFO [0m:      	              (2, 0.2515),
[92mINFO [0m:      	              (3, 0.399),
[92mINFO [0m:      	              (4, 0.4454),
[92mINFO [0m:      	              (5, 0.5294),
[92mINFO [0m:      	              (6, 0.5139),
[92mINFO [0m:      	              (7, 0.5525),
[92mINFO [0m:      	              (8, 0.5402),
[92mINFO [0m:      	              (9, 0.5764),
[92mINFO [0m:      	              (10, 0.5606)],
[92mINFO [0m:      	 'loss': [(0, 2.3028535835266113),
[92mINFO [0m:      	          (1, 2.3012148475646974),
[92mINFO [0m:      	          (2, 2.0999959964752195),
[92mINFO [0m:      	          (3, 1.8160931453704834),
[92mINFO [0m:      	          (4, 1.6256507656097412),
[92mINFO [0m:      	          (5, 1.4556066297531127),
[92mINFO [0m:      	          (6, 1.4484211051940918),
[92mINFO [0m:      	          (7, 1.3530864765167236),
[92mINFO [0m:      	          (8, 1.3668153772354126),
[92mINFO [0m:      	          (9, 1.2698012664794922),
[92mINFO [0m:      	          (10, 1.2852033908843994)]}
[92mINFO [0m:      
Treinando no dispositivo: cuda:0 com o dataset: CIFAR10 | Setup clientes: 5 (num_gpus por cliente=0.2) | SEED=45
FLOPS por amostra (forward): 6.030e+07 | (forward+backward, 3x): 1.809e+08
Files already downloaded and verified
Files already downloaded and verified
Dividindo o dataset usando a distribuição de Dirichlet com alpha=0.01.
Iniciando a simulação de Aprendizado Federado...
=== Diagnóstico de Medição de GPU ===
  pynvml_disponivel: True
  pynvml_versao: 580.173.02
  gpus_detectadas: 1
  leitura_potencia_ok: True
  potencia_atual_W: 114.137

--- Rodada 0 - Avaliação Centralizada (Servidor) ---
Loss (Servidor): 2.3029 | Acurácia (Servidor): 0.1066

--- Rodada 1 - Avaliação Centralizada (Servidor) ---
Loss (Servidor): 2.3012 | Acurácia (Servidor): 0.1016
--- Avaliação Agregada (Clientes) ---
Loss Média (Clientes): 2.3014 | Acurácia Média (Clientes): 0.0980

--- Rodada 2 - Avaliação Centralizada (Servidor) ---
Loss (Servidor): 2.1000 | Acurácia (Servidor): 0.2515
--- Avaliação Agregada (Clientes) ---
Loss Média (Clientes): 2.0999 | Acurácia Média (Clientes): 0.2573

--- Rodada 3 - Avaliação Centralizada (Servidor) ---
Loss (Servidor): 1.8161 | Acurácia (Servidor): 0.3990
--- Avaliação Agregada (Clientes) ---
Loss Média (Clientes): 1.8194 | Acurácia Média (Clientes): 0.3890

--- Rodada 4 - Avaliação Centralizada (Servidor) ---
Loss (Servidor): 1.6257 | Acurácia (Servidor): 0.4454
--- Avaliação Agregada (Clientes) ---
Loss Média (Clientes): 1.6425 | Acurácia Média (Clientes): 0.4426

--- Rodada 5 - Avaliação Centralizada (Servidor) ---
Loss (Servidor): 1.4556 | Acurácia (Servidor): 0.5294
--- Avaliação Agregada (Clientes) ---
Loss Média (Clientes): 1.4769 | Acurácia Média (Clientes): 0.5222

--- Rodada 6 - Avaliação Centralizada (Servidor) ---
Loss (Servidor): 1.4484 | Acurácia (Servidor): 0.5139
--- Avaliação Agregada (Clientes) ---
Loss Média (Clientes): 1.4602 | Acurácia Média (Clientes): 0.5032

--- Rodada 7 - Avaliação Centralizada (Servidor) ---
Loss (Servidor): 1.3531 | Acurácia (Servidor): 0.5525
--- Avaliação Agregada (Clientes) ---
Loss Média (Clientes): 1.3648 | Acurácia Média (Clientes): 0.5480

--- Rodada 8 - Avaliação Centralizada (Servidor) ---
Loss (Servidor): 1.3668 | Acurácia (Servidor): 0.5402
--- Avaliação Agregada (Clientes) ---
Loss Média (Clientes): 1.3747 | Acurácia Média (Clientes): 0.5352

--- Rodada 9 - Avaliação Centralizada (Servidor) ---
Loss (Servidor): 1.2698 | Acurácia (Servidor): 0.5764
--- Avaliação Agregada (Clientes) ---
Loss Média (Clientes): 1.2728 | Acurácia Média (Clientes): 0.5654

--- Rodada 10 - Avaliação Centralizada (Servidor) ---
Loss (Servidor): 1.2852 | Acurácia (Servidor): 0.5606
--- Avaliação Agregada (Clientes) ---
Loss Média (Clientes): 1.2888 | Acurácia Média (Clientes): 0.5598

Resultados salvos em: /home/tiago/GitHubProjects/fedhad-thesis-2/FedAVG-results/1.1_diagnostico_drift/CIFAR10/FedAVG__CIFAR10__Setup-5__Clients-5__Rounds-10__Delay-0_05__Alpha-0_01__Seed-45.txt
[36m(ClientAppActor pid=438530)[0m [93mWARNING [0m:   DEPRECATED FEATURE: `client_fn` now expects a signature `def client_fn(context: Context)`.The provided `client_fn` has signature: {'cid': <Parameter "cid: str">}. You can import the `Context` like this: `from flwr.app import Context`[32m [repeated 4x across cluster][0m
[36m(ClientAppActor pid=438530)[0m             This is a deprecated feature. It will be removed[32m [repeated 4x across cluster][0m
[36m(ClientAppActor pid=438530)[0m             entirely in future versions of Flower.[32m [repeated 4x across cluster][0m
