[codecarbon WARNING @ 12:24:29] Multiple instances of codecarbon are allowed to run at the same time.
[93mWARNING [0m:   DEPRECATED FEATURE: flwr.simulation.start_simulation() is deprecated.
	Instead, use the `flwr run` CLI command to start a local simulation in your Flower app, as shown for example below:

		$ flwr new  # Create a new Flower app from a template

		$ flwr run  # Run the Flower app in Simulation Mode

	Using `start_simulation()` is deprecated.

            This is a deprecated feature. It will be removed
            entirely in future versions of Flower.
        
[92mINFO [0m:      Starting Flower simulation, config: num_rounds=10, no round_timeout
2026-09-04 12:24:37,768	INFO worker.py:2012 -- Started a local Ray instance.
/home/tiago/GitHubProjects/fedhad-thesis-2/env_flwr_pt/lib/python3.12/site-packages/ray/_private/worker.py:2051: FutureWarning: Tip: In future versions of Ray, Ray will no longer override accelerator visible devices env var if num_gpus=0 or num_gpus=None (default). To enable this behavior and turn off this error message, set RAY_ACCEL_ENV_VAR_OVERRIDE_ON_ZERO=0
  warnings.warn(
[92mINFO [0m:      Flower VCE: Ray initialized with resources: {'node:__internal_head__': 1.0, 'object_store_memory': 77703298252.0, 'CPU': 64.0, 'node:10.129.64.100': 1.0, 'accelerator_type:A40': 1.0, 'memory': 181307695924.0, 'GPU': 1.0}
[92mINFO [0m:      Optimize your simulation with Flower VCE: https://flower.ai/docs/framework/how-to-run-simulations.html
/home/tiago/GitHubProjects/fedhad-thesis-2/FedAVG_Final.py:1577: UserWarning: No `num_cpus` specified in `client_resources`. Using `num_cpus=1` for each client.
  history = fl.simulation.start_simulation(
[92mINFO [0m:      Flower VCE: Resources for each Virtual Client: {'num_gpus': 0.2, 'num_cpus': 1}
[92mINFO [0m:      Flower VCE: Creating VirtualClientEngineActorPool with 5 actors
[92mINFO [0m:      [INIT]
[92mINFO [0m:      Requesting initial parameters from one random client
[36m(ClientAppActor pid=423159)[0m [93mWARNING [0m:   DEPRECATED FEATURE: `client_fn` now expects a signature `def client_fn(context: Context)`.The provided `client_fn` has signature: {'cid': <Parameter "cid: str">}. You can import the `Context` like this: `from flwr.app import Context`
[36m(ClientAppActor pid=423159)[0m 
[36m(ClientAppActor pid=423159)[0m             This is a deprecated feature. It will be removed
[36m(ClientAppActor pid=423159)[0m             entirely in future versions of Flower.
[36m(ClientAppActor pid=423159)[0m         
[92mINFO [0m:      Received initial parameters from one random client
[92mINFO [0m:      Starting evaluation of initial global parameters
[92mINFO [0m:      initial parameters (loss, other metrics): 2.302748380661011, {'accuracy': 0.1, 'loss': 2.302748380661011}
[92mINFO [0m:      
[92mINFO [0m:      [ROUND 1]
[92mINFO [0m:      configure_fit: strategy sampled 5 clients (out of 5)
[36m(ClientAppActor pid=423159)[0m [93mWARNING [0m:   DEPRECATED FEATURE: `client_fn` now expects a signature `def client_fn(context: Context)`.The provided `client_fn` has signature: {'cid': <Parameter "cid: str">}. You can import the `Context` like this: `from flwr.app import Context`
[36m(ClientAppActor pid=423159)[0m 
[36m(ClientAppActor pid=423159)[0m             This is a deprecated feature. It will be removed
[36m(ClientAppActor pid=423159)[0m             entirely in future versions of Flower.
[36m(ClientAppActor pid=423159)[0m         
[36m(ClientAppActor pid=423160)[0m 
[36m(ClientAppActor pid=423160)[0m         
[36m(ClientAppActor pid=423157)[0m 
[36m(ClientAppActor pid=423157)[0m         
[36m(ClientAppActor pid=423158)[0m 
[36m(ClientAppActor pid=423158)[0m         
[36m(ClientAppActor pid=423156)[0m 
[36m(ClientAppActor pid=423156)[0m         
[92mINFO [0m:      aggregate_fit: received 5 results and 0 failures
[92mINFO [0m:      fit progress: (1, 2.3539418869018554, {'accuracy': 0.1013, 'loss': 2.3539418869018554}, 15.175882506999187)
[92mINFO [0m:      configure_evaluate: strategy sampled 5 clients (out of 5)
[36m(ClientAppActor pid=423159)[0m 
[36m(ClientAppActor pid=423159)[0m         
[36m(ClientAppActor pid=423159)[0m [93mWARNING [0m:   DEPRECATED FEATURE: `client_fn` now expects a signature `def client_fn(context: Context)`.The provided `client_fn` has signature: {'cid': <Parameter "cid: str">}. You can import the `Context` like this: `from flwr.app import Context`[32m [repeated 5x across cluster] (Ray deduplicates logs by default. Set RAY_DEDUP_LOGS=0 to disable log deduplication, or see https://docs.ray.io/en/master/ray-observability/user-guides/configure-logging.html#log-deduplication for more options.)[0m
[36m(ClientAppActor pid=423159)[0m             This is a deprecated feature. It will be removed[32m [repeated 5x across cluster][0m
[36m(ClientAppActor pid=423159)[0m             entirely in future versions of Flower.[32m [repeated 5x across cluster][0m
[36m(ClientAppActor pid=423158)[0m 
[36m(ClientAppActor pid=423158)[0m         
[36m(ClientAppActor pid=423157)[0m 
[36m(ClientAppActor pid=423157)[0m         
[36m(ClientAppActor pid=423156)[0m 
[36m(ClientAppActor pid=423156)[0m         
[36m(ClientAppActor pid=423160)[0m 
[36m(ClientAppActor pid=423160)[0m         
[92mINFO [0m:      aggregate_evaluate: received 5 results and 0 failures
[92mINFO [0m:      
[92mINFO [0m:      [ROUND 2]
[92mINFO [0m:      configure_fit: strategy sampled 5 clients (out of 5)
[36m(ClientAppActor pid=423160)[0m 
[36m(ClientAppActor pid=423160)[0m         
[36m(ClientAppActor pid=423156)[0m 
[36m(ClientAppActor pid=423156)[0m         
[36m(ClientAppActor pid=423157)[0m 
[36m(ClientAppActor pid=423157)[0m         
[36m(ClientAppActor pid=423158)[0m 
[36m(ClientAppActor pid=423158)[0m         
[36m(ClientAppActor pid=423159)[0m 
[36m(ClientAppActor pid=423159)[0m         
[92mINFO [0m:      aggregate_fit: received 5 results and 0 failures
[92mINFO [0m:      fit progress: (2, 2.0767530094146727, {'accuracy': 0.2955, 'loss': 2.0767530094146727}, 31.46561508195009)
[92mINFO [0m:      configure_evaluate: strategy sampled 5 clients (out of 5)
[36m(ClientAppActor pid=423159)[0m 
[36m(ClientAppActor pid=423159)[0m         
[36m(ClientAppActor pid=423159)[0m [93mWARNING [0m:   DEPRECATED FEATURE: `client_fn` now expects a signature `def client_fn(context: Context)`.The provided `client_fn` has signature: {'cid': <Parameter "cid: str">}. You can import the `Context` like this: `from flwr.app import Context`[32m [repeated 10x across cluster][0m
[36m(ClientAppActor pid=423159)[0m             This is a deprecated feature. It will be removed[32m [repeated 10x across cluster][0m
[36m(ClientAppActor pid=423159)[0m             entirely in future versions of Flower.[32m [repeated 10x across cluster][0m
[36m(ClientAppActor pid=423157)[0m 
[36m(ClientAppActor pid=423157)[0m         
[36m(ClientAppActor pid=423156)[0m 
[36m(ClientAppActor pid=423156)[0m         
[36m(ClientAppActor pid=423158)[0m 
[36m(ClientAppActor pid=423158)[0m         
[36m(ClientAppActor pid=423160)[0m 
[36m(ClientAppActor pid=423160)[0m         
[92mINFO [0m:      aggregate_evaluate: received 5 results and 0 failures
[92mINFO [0m:      
[92mINFO [0m:      [ROUND 3]
[92mINFO [0m:      configure_fit: strategy sampled 5 clients (out of 5)
[36m(ClientAppActor pid=423160)[0m 
[36m(ClientAppActor pid=423160)[0m         
[36m(ClientAppActor pid=423158)[0m 
[36m(ClientAppActor pid=423158)[0m         
[36m(ClientAppActor pid=423156)[0m 
[36m(ClientAppActor pid=423156)[0m         
[36m(ClientAppActor pid=423157)[0m 
[36m(ClientAppActor pid=423157)[0m         
[36m(ClientAppActor pid=423159)[0m 
[36m(ClientAppActor pid=423159)[0m         
[92mINFO [0m:      aggregate_fit: received 5 results and 0 failures
[92mINFO [0m:      fit progress: (3, 1.8556278144836427, {'accuracy': 0.3507, 'loss': 1.8556278144836427}, 47.18669654900441)
[92mINFO [0m:      configure_evaluate: strategy sampled 5 clients (out of 5)
[36m(ClientAppActor pid=423158)[0m 
[36m(ClientAppActor pid=423158)[0m         
[36m(ClientAppActor pid=423158)[0m [93mWARNING [0m:   DEPRECATED FEATURE: `client_fn` now expects a signature `def client_fn(context: Context)`.The provided `client_fn` has signature: {'cid': <Parameter "cid: str">}. You can import the `Context` like this: `from flwr.app import Context`[32m [repeated 10x across cluster][0m
[36m(ClientAppActor pid=423158)[0m             This is a deprecated feature. It will be removed[32m [repeated 10x across cluster][0m
[36m(ClientAppActor pid=423158)[0m             entirely in future versions of Flower.[32m [repeated 10x across cluster][0m
[36m(ClientAppActor pid=423160)[0m 
[36m(ClientAppActor pid=423160)[0m         
[36m(ClientAppActor pid=423159)[0m 
[36m(ClientAppActor pid=423159)[0m         
[36m(ClientAppActor pid=423157)[0m 
[36m(ClientAppActor pid=423157)[0m         
[36m(ClientAppActor pid=423156)[0m 
[36m(ClientAppActor pid=423156)[0m         
[92mINFO [0m:      aggregate_evaluate: received 5 results and 0 failures
[92mINFO [0m:      
[92mINFO [0m:      [ROUND 4]
[92mINFO [0m:      configure_fit: strategy sampled 5 clients (out of 5)
[36m(ClientAppActor pid=423156)[0m 
[36m(ClientAppActor pid=423156)[0m         
[36m(ClientAppActor pid=423157)[0m 
[36m(ClientAppActor pid=423157)[0m         
[36m(ClientAppActor pid=423159)[0m 
[36m(ClientAppActor pid=423159)[0m         
[36m(ClientAppActor pid=423160)[0m 
[36m(ClientAppActor pid=423160)[0m         
[36m(ClientAppActor pid=423158)[0m 
[36m(ClientAppActor pid=423158)[0m         
[92mINFO [0m:      aggregate_fit: received 5 results and 0 failures
[92mINFO [0m:      fit progress: (4, 1.850768699645996, {'accuracy': 0.3958, 'loss': 1.850768699645996}, 63.390861920954194)
[92mINFO [0m:      configure_evaluate: strategy sampled 5 clients (out of 5)
[36m(ClientAppActor pid=423158)[0m 
[36m(ClientAppActor pid=423158)[0m         
[36m(ClientAppActor pid=423158)[0m [93mWARNING [0m:   DEPRECATED FEATURE: `client_fn` now expects a signature `def client_fn(context: Context)`.The provided `client_fn` has signature: {'cid': <Parameter "cid: str">}. You can import the `Context` like this: `from flwr.app import Context`[32m [repeated 10x across cluster][0m
[36m(ClientAppActor pid=423158)[0m             This is a deprecated feature. It will be removed[32m [repeated 10x across cluster][0m
[36m(ClientAppActor pid=423158)[0m             entirely in future versions of Flower.[32m [repeated 10x across cluster][0m
[36m(ClientAppActor pid=423157)[0m 
[36m(ClientAppActor pid=423157)[0m         
[36m(ClientAppActor pid=423156)[0m 
[36m(ClientAppActor pid=423156)[0m         
[36m(ClientAppActor pid=423160)[0m 
[36m(ClientAppActor pid=423160)[0m         
[36m(ClientAppActor pid=423159)[0m 
[36m(ClientAppActor pid=423159)[0m         
[92mINFO [0m:      aggregate_evaluate: received 5 results and 0 failures
[92mINFO [0m:      
[92mINFO [0m:      [ROUND 5]
[92mINFO [0m:      configure_fit: strategy sampled 5 clients (out of 5)
[36m(ClientAppActor pid=423160)[0m 
[36m(ClientAppActor pid=423160)[0m         
[36m(ClientAppActor pid=423159)[0m 
[36m(ClientAppActor pid=423159)[0m         
[36m(ClientAppActor pid=423156)[0m 
[36m(ClientAppActor pid=423156)[0m         
[36m(ClientAppActor pid=423157)[0m 
[36m(ClientAppActor pid=423157)[0m         
[36m(ClientAppActor pid=423158)[0m 
[36m(ClientAppActor pid=423158)[0m         
[92mINFO [0m:      aggregate_fit: received 5 results and 0 failures
[92mINFO [0m:      fit progress: (5, 1.6795824699401856, {'accuracy': 0.418, 'loss': 1.6795824699401856}, 79.14991129399277)
[92mINFO [0m:      configure_evaluate: strategy sampled 5 clients (out of 5)
[36m(ClientAppActor pid=423159)[0m 
[36m(ClientAppActor pid=423159)[0m         
[36m(ClientAppActor pid=423159)[0m [93mWARNING [0m:   DEPRECATED FEATURE: `client_fn` now expects a signature `def client_fn(context: Context)`.The provided `client_fn` has signature: {'cid': <Parameter "cid: str">}. You can import the `Context` like this: `from flwr.app import Context`[32m [repeated 10x across cluster][0m
[36m(ClientAppActor pid=423159)[0m             This is a deprecated feature. It will be removed[32m [repeated 10x across cluster][0m
[36m(ClientAppActor pid=423159)[0m             entirely in future versions of Flower.[32m [repeated 10x across cluster][0m
[36m(ClientAppActor pid=423156)[0m 
[36m(ClientAppActor pid=423156)[0m         
[36m(ClientAppActor pid=423157)[0m 
[36m(ClientAppActor pid=423157)[0m         
[36m(ClientAppActor pid=423158)[0m 
[36m(ClientAppActor pid=423158)[0m         
[36m(ClientAppActor pid=423160)[0m 
[36m(ClientAppActor pid=423160)[0m         
[92mINFO [0m:      aggregate_evaluate: received 5 results and 0 failures
[92mINFO [0m:      
[92mINFO [0m:      [ROUND 6]
[92mINFO [0m:      configure_fit: strategy sampled 5 clients (out of 5)
[36m(ClientAppActor pid=423160)[0m 
[36m(ClientAppActor pid=423160)[0m         
[36m(ClientAppActor pid=423158)[0m 
[36m(ClientAppActor pid=423158)[0m         
[36m(ClientAppActor pid=423157)[0m 
[36m(ClientAppActor pid=423157)[0m         
[36m(ClientAppActor pid=423156)[0m 
[36m(ClientAppActor pid=423156)[0m         
[36m(ClientAppActor pid=423159)[0m 
[36m(ClientAppActor pid=423159)[0m         
[92mINFO [0m:      aggregate_fit: received 5 results and 0 failures
[92mINFO [0m:      fit progress: (6, 1.9385472064971925, {'accuracy': 0.4348, 'loss': 1.9385472064971925}, 94.73487135698088)
[92mINFO [0m:      configure_evaluate: strategy sampled 5 clients (out of 5)
[36m(ClientAppActor pid=423160)[0m 
[36m(ClientAppActor pid=423160)[0m         
[36m(ClientAppActor pid=423160)[0m [93mWARNING [0m:   DEPRECATED FEATURE: `client_fn` now expects a signature `def client_fn(context: Context)`.The provided `client_fn` has signature: {'cid': <Parameter "cid: str">}. You can import the `Context` like this: `from flwr.app import Context`[32m [repeated 10x across cluster][0m
[36m(ClientAppActor pid=423160)[0m             This is a deprecated feature. It will be removed[32m [repeated 10x across cluster][0m
[36m(ClientAppActor pid=423160)[0m             entirely in future versions of Flower.[32m [repeated 10x across cluster][0m
[36m(ClientAppActor pid=423156)[0m 
[36m(ClientAppActor pid=423156)[0m         
[36m(ClientAppActor pid=423157)[0m 
[36m(ClientAppActor pid=423157)[0m         
[36m(ClientAppActor pid=423159)[0m 
[36m(ClientAppActor pid=423159)[0m         
[36m(ClientAppActor pid=423158)[0m 
[36m(ClientAppActor pid=423158)[0m         
[92mINFO [0m:      aggregate_evaluate: received 5 results and 0 failures
[92mINFO [0m:      
[92mINFO [0m:      [ROUND 7]
[92mINFO [0m:      configure_fit: strategy sampled 5 clients (out of 5)
[36m(ClientAppActor pid=423158)[0m 
[36m(ClientAppActor pid=423158)[0m         
[36m(ClientAppActor pid=423159)[0m 
[36m(ClientAppActor pid=423159)[0m         
[36m(ClientAppActor pid=423156)[0m 
[36m(ClientAppActor pid=423156)[0m         
[36m(ClientAppActor pid=423157)[0m 
[36m(ClientAppActor pid=423157)[0m         
[36m(ClientAppActor pid=423160)[0m 
[36m(ClientAppActor pid=423160)[0m         
[92mINFO [0m:      aggregate_fit: received 5 results and 0 failures
[92mINFO [0m:      fit progress: (7, 1.660822428894043, {'accuracy': 0.4291, 'loss': 1.660822428894043}, 110.79924907698296)
[92mINFO [0m:      configure_evaluate: strategy sampled 5 clients (out of 5)
[36m(ClientAppActor pid=423157)[0m 
[36m(ClientAppActor pid=423157)[0m         
[36m(ClientAppActor pid=423157)[0m [93mWARNING [0m:   DEPRECATED FEATURE: `client_fn` now expects a signature `def client_fn(context: Context)`.The provided `client_fn` has signature: {'cid': <Parameter "cid: str">}. You can import the `Context` like this: `from flwr.app import Context`[32m [repeated 10x across cluster][0m
[36m(ClientAppActor pid=423157)[0m             This is a deprecated feature. It will be removed[32m [repeated 10x across cluster][0m
[36m(ClientAppActor pid=423157)[0m             entirely in future versions of Flower.[32m [repeated 10x across cluster][0m
[36m(ClientAppActor pid=423159)[0m 
[36m(ClientAppActor pid=423159)[0m         
[36m(ClientAppActor pid=423158)[0m 
[36m(ClientAppActor pid=423158)[0m         
[36m(ClientAppActor pid=423160)[0m 
[36m(ClientAppActor pid=423160)[0m         
[36m(ClientAppActor pid=423156)[0m 
[36m(ClientAppActor pid=423156)[0m         
[92mINFO [0m:      aggregate_evaluate: received 5 results and 0 failures
[92mINFO [0m:      
[92mINFO [0m:      [ROUND 8]
[92mINFO [0m:      configure_fit: strategy sampled 5 clients (out of 5)
[36m(ClientAppActor pid=423156)[0m 
[36m(ClientAppActor pid=423156)[0m         
[36m(ClientAppActor pid=423160)[0m 
[36m(ClientAppActor pid=423160)[0m         
[36m(ClientAppActor pid=423158)[0m 
[36m(ClientAppActor pid=423158)[0m         
[36m(ClientAppActor pid=423157)[0m 
[36m(ClientAppActor pid=423157)[0m         
[36m(ClientAppActor pid=423159)[0m 
[36m(ClientAppActor pid=423159)[0m         
[92mINFO [0m:      aggregate_fit: received 5 results and 0 failures
[92mINFO [0m:      fit progress: (8, 2.284931299972534, {'accuracy': 0.4391, 'loss': 2.284931299972534}, 126.81097885995405)
[92mINFO [0m:      configure_evaluate: strategy sampled 5 clients (out of 5)
[36m(ClientAppActor pid=423159)[0m 
[36m(ClientAppActor pid=423159)[0m         
[36m(ClientAppActor pid=423159)[0m [93mWARNING [0m:   DEPRECATED FEATURE: `client_fn` now expects a signature `def client_fn(context: Context)`.The provided `client_fn` has signature: {'cid': <Parameter "cid: str">}. You can import the `Context` like this: `from flwr.app import Context`[32m [repeated 10x across cluster][0m
[36m(ClientAppActor pid=423159)[0m             This is a deprecated feature. It will be removed[32m [repeated 10x across cluster][0m
[36m(ClientAppActor pid=423159)[0m             entirely in future versions of Flower.[32m [repeated 10x across cluster][0m
[36m(ClientAppActor pid=423157)[0m 
[36m(ClientAppActor pid=423157)[0m         
[36m(ClientAppActor pid=423160)[0m 
[36m(ClientAppActor pid=423160)[0m         
[36m(ClientAppActor pid=423158)[0m 
[36m(ClientAppActor pid=423158)[0m         
[36m(ClientAppActor pid=423156)[0m 
[36m(ClientAppActor pid=423156)[0m         
[92mINFO [0m:      aggregate_evaluate: received 5 results and 0 failures
[92mINFO [0m:      
[92mINFO [0m:      [ROUND 9]
[92mINFO [0m:      configure_fit: strategy sampled 5 clients (out of 5)
[36m(ClientAppActor pid=423156)[0m 
[36m(ClientAppActor pid=423156)[0m         
[36m(ClientAppActor pid=423160)[0m 
[36m(ClientAppActor pid=423160)[0m         
[36m(ClientAppActor pid=423158)[0m 
[36m(ClientAppActor pid=423158)[0m         
[36m(ClientAppActor pid=423157)[0m 
[36m(ClientAppActor pid=423157)[0m         
[36m(ClientAppActor pid=423159)[0m 
[36m(ClientAppActor pid=423159)[0m         
[92mINFO [0m:      aggregate_fit: received 5 results and 0 failures
[92mINFO [0m:      fit progress: (9, 1.5058047145843505, {'accuracy': 0.4765, 'loss': 1.5058047145843505}, 142.52103748096852)
[92mINFO [0m:      configure_evaluate: strategy sampled 5 clients (out of 5)
[36m(ClientAppActor pid=423160)[0m 
[36m(ClientAppActor pid=423160)[0m         
[36m(ClientAppActor pid=423160)[0m [93mWARNING [0m:   DEPRECATED FEATURE: `client_fn` now expects a signature `def client_fn(context: Context)`.The provided `client_fn` has signature: {'cid': <Parameter "cid: str">}. You can import the `Context` like this: `from flwr.app import Context`[32m [repeated 10x across cluster][0m
[36m(ClientAppActor pid=423160)[0m             This is a deprecated feature. It will be removed[32m [repeated 10x across cluster][0m
[36m(ClientAppActor pid=423160)[0m             entirely in future versions of Flower.[32m [repeated 10x across cluster][0m
[36m(ClientAppActor pid=423158)[0m 
[36m(ClientAppActor pid=423158)[0m         
[36m(ClientAppActor pid=423157)[0m 
[36m(ClientAppActor pid=423157)[0m         
[36m(ClientAppActor pid=423159)[0m 
[36m(ClientAppActor pid=423159)[0m         
[36m(ClientAppActor pid=423156)[0m 
[36m(ClientAppActor pid=423156)[0m         
[92mINFO [0m:      aggregate_evaluate: received 5 results and 0 failures
[92mINFO [0m:      
[92mINFO [0m:      [ROUND 10]
[92mINFO [0m:      configure_fit: strategy sampled 5 clients (out of 5)
[36m(ClientAppActor pid=423156)[0m 
[36m(ClientAppActor pid=423156)[0m         
[36m(ClientAppActor pid=423159)[0m 
[36m(ClientAppActor pid=423159)[0m         
[36m(ClientAppActor pid=423157)[0m 
[36m(ClientAppActor pid=423157)[0m         
[36m(ClientAppActor pid=423158)[0m 
[36m(ClientAppActor pid=423158)[0m         
[36m(ClientAppActor pid=423160)[0m 
[36m(ClientAppActor pid=423160)[0m         
[92mINFO [0m:      aggregate_fit: received 5 results and 0 failures
[92mINFO [0m:      fit progress: (10, 1.995198654937744, {'accuracy': 0.4661, 'loss': 1.995198654937744}, 158.43983136699535)
[92mINFO [0m:      configure_evaluate: strategy sampled 5 clients (out of 5)
[36m(ClientAppActor pid=423157)[0m 
[36m(ClientAppActor pid=423157)[0m         
[36m(ClientAppActor pid=423157)[0m [93mWARNING [0m:   DEPRECATED FEATURE: `client_fn` now expects a signature `def client_fn(context: Context)`.The provided `client_fn` has signature: {'cid': <Parameter "cid: str">}. You can import the `Context` like this: `from flwr.app import Context`[32m [repeated 10x across cluster][0m
[36m(ClientAppActor pid=423157)[0m             This is a deprecated feature. It will be removed[32m [repeated 10x across cluster][0m
[36m(ClientAppActor pid=423157)[0m             entirely in future versions of Flower.[32m [repeated 10x across cluster][0m
[36m(ClientAppActor pid=423160)[0m 
[36m(ClientAppActor pid=423160)[0m         
[36m(ClientAppActor pid=423156)[0m 
[36m(ClientAppActor pid=423156)[0m         
[36m(ClientAppActor pid=423158)[0m 
[36m(ClientAppActor pid=423158)[0m         
[36m(ClientAppActor pid=423159)[0m 
[36m(ClientAppActor pid=423159)[0m         
[92mINFO [0m:      aggregate_evaluate: received 5 results and 0 failures
[92mINFO [0m:      
[92mINFO [0m:      [SUMMARY]
[92mINFO [0m:      Run finished 10 round(s) in 159.29s
[92mINFO [0m:      	History (loss, distributed):
[92mINFO [0m:      		round 1: 2.3547898279378168
[92mINFO [0m:      		round 2: 2.0932099355604916
[92mINFO [0m:      		round 3: 1.8780648698327922
[92mINFO [0m:      		round 4: 1.8871677005307679
[92mINFO [0m:      		round 5: 1.7072994316022476
[92mINFO [0m:      		round 6: 1.9998294925971087
[92mINFO [0m:      		round 7: 1.6747059130291864
[92mINFO [0m:      		round 8: 2.3634897731356346
[92mINFO [0m:      		round 9: 1.5177134446178253
[92mINFO [0m:      		round 10: 2.060867338830124
[92mINFO [0m:      	History (loss, centralized):
[92mINFO [0m:      		round 0: 2.302748380661011
[92mINFO [0m:      		round 1: 2.3539418869018554
[92mINFO [0m:      		round 2: 2.0767530094146727
[92mINFO [0m:      		round 3: 1.8556278144836427
[92mINFO [0m:      		round 4: 1.850768699645996
[92mINFO [0m:      		round 5: 1.6795824699401856
[92mINFO [0m:      		round 6: 1.9385472064971925
[92mINFO [0m:      		round 7: 1.660822428894043
[92mINFO [0m:      		round 8: 2.284931299972534
[92mINFO [0m:      		round 9: 1.5058047145843505
[92mINFO [0m:      		round 10: 1.995198654937744
[92mINFO [0m:      	History (metrics, distributed, fit):
[92mINFO [0m:      	{'avg_flops_per_client_round': [(1, 8140443294720.0),
[92mINFO [0m:      	                                (2, 8140443294720.0),
[92mINFO [0m:      	                                (3, 8140443294720.0),
[92mINFO [0m:      	                                (4, 8140443294720.0),
[92mINFO [0m:      	                                (5, 8140443294720.0),
[92mINFO [0m:      	                                (6, 8140443294720.0),
[92mINFO [0m:      	                                (7, 8140443294720.0),
[92mINFO [0m:      	                                (8, 8140443294720.0),
[92mINFO [0m:      	                                (9, 8140443294720.0),
[92mINFO [0m:      	                                (10, 8140443294720.0)],
[92mINFO [0m:      	 'total_flops_round': [(1, 40702216473600),
[92mINFO [0m:      	                       (2, 40702216473600),
[92mINFO [0m:      	                       (3, 40702216473600),
[92mINFO [0m:      	                       (4, 40702216473600),
[92mINFO [0m:      	                       (5, 40702216473600),
[92mINFO [0m:      	                       (6, 40702216473600),
[92mINFO [0m:      	                       (7, 40702216473600),
[92mINFO [0m:      	                       (8, 40702216473600),
[92mINFO [0m:      	                       (9, 40702216473600),
[92mINFO [0m:      	                       (10, 40702216473600)]}
[92mINFO [0m:      	History (metrics, distributed, evaluate):
[92mINFO [0m:      	{'accuracy': [(1, 0.10022004400880176),
[92mINFO [0m:      	              (2, 0.2920584116823365),
[92mINFO [0m:      	              (3, 0.34886977395479096),
[92mINFO [0m:      	              (4, 0.39627925585117024),
[92mINFO [0m:      	              (5, 0.4118823764752951),
[92mINFO [0m:      	              (6, 0.4362872574514903),
[92mINFO [0m:      	              (7, 0.4330866173234647),
[92mINFO [0m:      	              (8, 0.4368873774754951),
[92mINFO [0m:      	              (9, 0.47989597919583915),
[92mINFO [0m:      	              (10, 0.4596919383876775)],
[92mINFO [0m:      	 'loss': [(1, 2.3547898279378168),
[92mINFO [0m:      	          (2, 2.0932099355604916),
[92mINFO [0m:      	          (3, 1.8780648698327922),
[92mINFO [0m:      	          (4, 1.8871677005307679),
[92mINFO [0m:      	          (5, 1.7072994316022476),
[92mINFO [0m:      	          (6, 1.9998294925971087),
[92mINFO [0m:      	          (7, 1.6747059130291864),
[92mINFO [0m:      	          (8, 2.3634897731356346),
[92mINFO [0m:      	          (9, 1.5177134446178253),
[92mINFO [0m:      	          (10, 2.060867338830124)]}
[92mINFO [0m:      	History (metrics, centralized):
[92mINFO [0m:      	{'accuracy': [(0, 0.1),
[92mINFO [0m:      	              (1, 0.1013),
[92mINFO [0m:      	              (2, 0.2955),
[92mINFO [0m:      	              (3, 0.3507),
[92mINFO [0m:      	              (4, 0.3958),
[92mINFO [0m:      	              (5, 0.418),
[92mINFO [0m:      	              (6, 0.4348),
[92mINFO [0m:      	              (7, 0.4291),
[92mINFO [0m:      	              (8, 0.4391),
[92mINFO [0m:      	              (9, 0.4765),
[92mINFO [0m:      	              (10, 0.4661)],
[92mINFO [0m:      	 'loss': [(0, 2.302748380661011),
[92mINFO [0m:      	          (1, 2.3539418869018554),
[92mINFO [0m:      	          (2, 2.0767530094146727),
[92mINFO [0m:      	          (3, 1.8556278144836427),
[92mINFO [0m:      	          (4, 1.850768699645996),
[92mINFO [0m:      	          (5, 1.6795824699401856),
[92mINFO [0m:      	          (6, 1.9385472064971925),
[92mINFO [0m:      	          (7, 1.660822428894043),
[92mINFO [0m:      	          (8, 2.284931299972534),
[92mINFO [0m:      	          (9, 1.5058047145843505),
[92mINFO [0m:      	          (10, 1.995198654937744)]}
[92mINFO [0m:      
Treinando no dispositivo: cuda:0 com o dataset: CIFAR10 | Setup clientes: 5 (num_gpus por cliente=0.2) | SEED=43
FLOPS por amostra (forward): 6.030e+07 | (forward+backward, 3x): 1.809e+08
Files already downloaded and verified
Files already downloaded and verified
Dividindo o dataset usando a distribuição de Dirichlet com alpha=0.01.
Iniciando a simulação de Aprendizado Federado...
=== Diagnóstico de Medição de GPU ===
  pynvml_disponivel: True
  pynvml_versao: 580.173.02
  gpus_detectadas: 1
  leitura_potencia_ok: True
  potencia_atual_W: 115.408

--- Rodada 0 - Avaliação Centralizada (Servidor) ---
Loss (Servidor): 2.3027 | Acurácia (Servidor): 0.1000

--- Rodada 1 - Avaliação Centralizada (Servidor) ---
Loss (Servidor): 2.3539 | Acurácia (Servidor): 0.1013
--- Avaliação Agregada (Clientes) ---
Loss Média (Clientes): 2.3548 | Acurácia Média (Clientes): 0.1002

--- Rodada 2 - Avaliação Centralizada (Servidor) ---
Loss (Servidor): 2.0768 | Acurácia (Servidor): 0.2955
--- Avaliação Agregada (Clientes) ---
Loss Média (Clientes): 2.0932 | Acurácia Média (Clientes): 0.2921

--- Rodada 3 - Avaliação Centralizada (Servidor) ---
Loss (Servidor): 1.8556 | Acurácia (Servidor): 0.3507
--- Avaliação Agregada (Clientes) ---
Loss Média (Clientes): 1.8781 | Acurácia Média (Clientes): 0.3489

--- Rodada 4 - Avaliação Centralizada (Servidor) ---
Loss (Servidor): 1.8508 | Acurácia (Servidor): 0.3958
--- Avaliação Agregada (Clientes) ---
Loss Média (Clientes): 1.8872 | Acurácia Média (Clientes): 0.3963

--- Rodada 5 - Avaliação Centralizada (Servidor) ---
Loss (Servidor): 1.6796 | Acurácia (Servidor): 0.4180
--- Avaliação Agregada (Clientes) ---
Loss Média (Clientes): 1.7073 | Acurácia Média (Clientes): 0.4119

--- Rodada 6 - Avaliação Centralizada (Servidor) ---
Loss (Servidor): 1.9385 | Acurácia (Servidor): 0.4348
--- Avaliação Agregada (Clientes) ---
Loss Média (Clientes): 1.9998 | Acurácia Média (Clientes): 0.4363

--- Rodada 7 - Avaliação Centralizada (Servidor) ---
Loss (Servidor): 1.6608 | Acurácia (Servidor): 0.4291
--- Avaliação Agregada (Clientes) ---
Loss Média (Clientes): 1.6747 | Acurácia Média (Clientes): 0.4331

--- Rodada 8 - Avaliação Centralizada (Servidor) ---
Loss (Servidor): 2.2849 | Acurácia (Servidor): 0.4391
--- Avaliação Agregada (Clientes) ---
Loss Média (Clientes): 2.3635 | Acurácia Média (Clientes): 0.4369

--- Rodada 9 - Avaliação Centralizada (Servidor) ---
Loss (Servidor): 1.5058 | Acurácia (Servidor): 0.4765
--- Avaliação Agregada (Clientes) ---
Loss Média (Clientes): 1.5177 | Acurácia Média (Clientes): 0.4799

--- Rodada 10 - Avaliação Centralizada (Servidor) ---
Loss (Servidor): 1.9952 | Acurácia (Servidor): 0.4661
--- Avaliação Agregada (Clientes) ---
Loss Média (Clientes): 2.0609 | Acurácia Média (Clientes): 0.4597

Resultados salvos em: /home/tiago/GitHubProjects/fedhad-thesis-2/FedAVG-results/1.1_diagnostico_drift/CIFAR10/FedAVG__CIFAR10__Setup-5__Clients-5__Rounds-10__Delay-0_05__Alpha-0_01__Seed-43.txt
[36m(ClientAppActor pid=423159)[0m [93mWARNING [0m:   DEPRECATED FEATURE: `client_fn` now expects a signature `def client_fn(context: Context)`.The provided `client_fn` has signature: {'cid': <Parameter "cid: str">}. You can import the `Context` like this: `from flwr.app import Context`[32m [repeated 4x across cluster][0m
[36m(ClientAppActor pid=423159)[0m             This is a deprecated feature. It will be removed[32m [repeated 4x across cluster][0m
[36m(ClientAppActor pid=423159)[0m             entirely in future versions of Flower.[32m [repeated 4x across cluster][0m
