[codecarbon WARNING @ 12:58:07] Multiple instances of codecarbon are allowed to run at the same time.
[93mWARNING [0m:   DEPRECATED FEATURE: flwr.simulation.start_simulation() is deprecated.
	Instead, use the `flwr run` CLI command to start a local simulation in your Flower app, as shown for example below:

		$ flwr new  # Create a new Flower app from a template

		$ flwr run  # Run the Flower app in Simulation Mode

	Using `start_simulation()` is deprecated.

            This is a deprecated feature. It will be removed
            entirely in future versions of Flower.
        
[92mINFO [0m:      Starting Flower simulation, config: num_rounds=10, no round_timeout
2026-09-04 12:58:16,050	INFO worker.py:2012 -- Started a local Ray instance.
/home/tiago/GitHubProjects/fedhad-thesis-2/env_flwr_pt/lib/python3.12/site-packages/ray/_private/worker.py:2051: FutureWarning: Tip: In future versions of Ray, Ray will no longer override accelerator visible devices env var if num_gpus=0 or num_gpus=None (default). To enable this behavior and turn off this error message, set RAY_ACCEL_ENV_VAR_OVERRIDE_ON_ZERO=0
  warnings.warn(
[92mINFO [0m:      Flower VCE: Ray initialized with resources: {'node:10.129.64.100': 1.0, 'accelerator_type:A40': 1.0, 'CPU': 64.0, 'memory': 181374169088.0, 'object_store_memory': 77731786752.0, 'GPU': 1.0, 'node:__internal_head__': 1.0}
[92mINFO [0m:      Optimize your simulation with Flower VCE: https://flower.ai/docs/framework/how-to-run-simulations.html
/home/tiago/GitHubProjects/fedhad-thesis-2/FedAvgM_Final.py:1669: UserWarning: No `num_cpus` specified in `client_resources`. Using `num_cpus=1` for each client.
  history = fl.simulation.start_simulation(
[92mINFO [0m:      Flower VCE: Resources for each Virtual Client: {'num_gpus': 0.2, 'num_cpus': 1}
[92mINFO [0m:      Flower VCE: Creating VirtualClientEngineActorPool with 5 actors
[92mINFO [0m:      [INIT]
[92mINFO [0m:      Using initial global parameters provided by strategy
[92mINFO [0m:      Starting evaluation of initial global parameters
[92mINFO [0m:      initial parameters (loss, other metrics): 2.3030473361968995, {'accuracy': 0.09, 'loss': 2.3030473361968995}
[92mINFO [0m:      
[92mINFO [0m:      [ROUND 1]
[92mINFO [0m:      configure_fit: strategy sampled 5 clients (out of 5)
[36m(ClientAppActor pid=507917)[0m [93mWARNING [0m:   DEPRECATED FEATURE: `client_fn` now expects a signature `def client_fn(context: Context)`.The provided `client_fn` has signature: {'cid': <Parameter "cid: str">}. You can import the `Context` like this: `from flwr.app import Context`
[36m(ClientAppActor pid=507917)[0m 
[36m(ClientAppActor pid=507917)[0m             This is a deprecated feature. It will be removed
[36m(ClientAppActor pid=507917)[0m             entirely in future versions of Flower.
[36m(ClientAppActor pid=507917)[0m         
[36m(ClientAppActor pid=507916)[0m 
[36m(ClientAppActor pid=507916)[0m         
[36m(ClientAppActor pid=507877)[0m 
[36m(ClientAppActor pid=507877)[0m         
[36m(ClientAppActor pid=507886)[0m 
[36m(ClientAppActor pid=507886)[0m         
[36m(ClientAppActor pid=507878)[0m 
[36m(ClientAppActor pid=507878)[0m         
[92mINFO [0m:      aggregate_fit: received 5 results and 0 failures
[92mINFO [0m:      fit progress: (1, 2.3102907585144044, {'accuracy': 0.1, 'loss': 2.3102907585144044}, 16.29555999697186)
[92mINFO [0m:      configure_evaluate: strategy sampled 5 clients (out of 5)
[36m(ClientAppActor pid=507877)[0m 
[36m(ClientAppActor pid=507877)[0m         
[36m(ClientAppActor pid=507877)[0m [93mWARNING [0m:   DEPRECATED FEATURE: `client_fn` now expects a signature `def client_fn(context: Context)`.The provided `client_fn` has signature: {'cid': <Parameter "cid: str">}. You can import the `Context` like this: `from flwr.app import Context`[32m [repeated 5x across cluster] (Ray deduplicates logs by default. Set RAY_DEDUP_LOGS=0 to disable log deduplication, or see https://docs.ray.io/en/master/ray-observability/user-guides/configure-logging.html#log-deduplication for more options.)[0m
[36m(ClientAppActor pid=507877)[0m             This is a deprecated feature. It will be removed[32m [repeated 5x across cluster][0m
[36m(ClientAppActor pid=507877)[0m             entirely in future versions of Flower.[32m [repeated 5x across cluster][0m
[36m(ClientAppActor pid=507886)[0m 
[36m(ClientAppActor pid=507886)[0m         
[36m(ClientAppActor pid=507917)[0m 
[36m(ClientAppActor pid=507917)[0m         
[36m(ClientAppActor pid=507878)[0m 
[36m(ClientAppActor pid=507878)[0m         
[36m(ClientAppActor pid=507916)[0m 
[36m(ClientAppActor pid=507916)[0m         
[92mINFO [0m:      aggregate_evaluate: received 5 results and 0 failures
[92mINFO [0m:      
[92mINFO [0m:      [ROUND 2]
[92mINFO [0m:      configure_fit: strategy sampled 5 clients (out of 5)
[36m(ClientAppActor pid=507916)[0m 
[36m(ClientAppActor pid=507916)[0m         
[36m(ClientAppActor pid=507878)[0m 
[36m(ClientAppActor pid=507878)[0m         
[36m(ClientAppActor pid=507917)[0m 
[36m(ClientAppActor pid=507917)[0m         
[36m(ClientAppActor pid=507886)[0m 
[36m(ClientAppActor pid=507886)[0m         
[36m(ClientAppActor pid=507877)[0m 
[36m(ClientAppActor pid=507877)[0m         
[92mINFO [0m:      aggregate_fit: received 5 results and 0 failures
[92mINFO [0m:      fit progress: (2, 1.3492895328521728, {'accuracy': 0.5223, 'loss': 1.3492895328521728}, 31.583954612957314)
[92mINFO [0m:      configure_evaluate: strategy sampled 5 clients (out of 5)
[36m(ClientAppActor pid=507877)[0m 
[36m(ClientAppActor pid=507877)[0m         
[36m(ClientAppActor pid=507877)[0m [93mWARNING [0m:   DEPRECATED FEATURE: `client_fn` now expects a signature `def client_fn(context: Context)`.The provided `client_fn` has signature: {'cid': <Parameter "cid: str">}. You can import the `Context` like this: `from flwr.app import Context`[32m [repeated 10x across cluster][0m
[36m(ClientAppActor pid=507877)[0m             This is a deprecated feature. It will be removed[32m [repeated 10x across cluster][0m
[36m(ClientAppActor pid=507877)[0m             entirely in future versions of Flower.[32m [repeated 10x across cluster][0m
[36m(ClientAppActor pid=507886)[0m 
[36m(ClientAppActor pid=507886)[0m         
[36m(ClientAppActor pid=507916)[0m 
[36m(ClientAppActor pid=507916)[0m         
[36m(ClientAppActor pid=507917)[0m 
[36m(ClientAppActor pid=507917)[0m         
[36m(ClientAppActor pid=507878)[0m 
[36m(ClientAppActor pid=507878)[0m         
[92mINFO [0m:      aggregate_evaluate: received 5 results and 0 failures
[92mINFO [0m:      
[92mINFO [0m:      [ROUND 3]
[92mINFO [0m:      configure_fit: strategy sampled 5 clients (out of 5)
[36m(ClientAppActor pid=507878)[0m 
[36m(ClientAppActor pid=507878)[0m         
[36m(ClientAppActor pid=507917)[0m 
[36m(ClientAppActor pid=507917)[0m         
[36m(ClientAppActor pid=507916)[0m 
[36m(ClientAppActor pid=507916)[0m         
[36m(ClientAppActor pid=507886)[0m 
[36m(ClientAppActor pid=507886)[0m         
[36m(ClientAppActor pid=507877)[0m 
[36m(ClientAppActor pid=507877)[0m         
[92mINFO [0m:      aggregate_fit: received 5 results and 0 failures
[92mINFO [0m:      fit progress: (3, 4.430286675643921, {'accuracy': 0.5047, 'loss': 4.430286675643921}, 46.64975651196437)
[92mINFO [0m:      configure_evaluate: strategy sampled 5 clients (out of 5)
[36m(ClientAppActor pid=507916)[0m 
[36m(ClientAppActor pid=507916)[0m         
[36m(ClientAppActor pid=507916)[0m [93mWARNING [0m:   DEPRECATED FEATURE: `client_fn` now expects a signature `def client_fn(context: Context)`.The provided `client_fn` has signature: {'cid': <Parameter "cid: str">}. You can import the `Context` like this: `from flwr.app import Context`[32m [repeated 10x across cluster][0m
[36m(ClientAppActor pid=507916)[0m             This is a deprecated feature. It will be removed[32m [repeated 10x across cluster][0m
[36m(ClientAppActor pid=507916)[0m             entirely in future versions of Flower.[32m [repeated 10x across cluster][0m
[36m(ClientAppActor pid=507877)[0m 
[36m(ClientAppActor pid=507877)[0m         
[36m(ClientAppActor pid=507878)[0m 
[36m(ClientAppActor pid=507878)[0m         
[36m(ClientAppActor pid=507886)[0m 
[36m(ClientAppActor pid=507886)[0m         
[36m(ClientAppActor pid=507917)[0m 
[36m(ClientAppActor pid=507917)[0m         
[92mINFO [0m:      aggregate_evaluate: received 5 results and 0 failures
[92mINFO [0m:      
[92mINFO [0m:      [ROUND 4]
[92mINFO [0m:      configure_fit: strategy sampled 5 clients (out of 5)
[36m(ClientAppActor pid=507917)[0m 
[36m(ClientAppActor pid=507917)[0m         
[36m(ClientAppActor pid=507886)[0m 
[36m(ClientAppActor pid=507886)[0m         
[36m(ClientAppActor pid=507878)[0m 
[36m(ClientAppActor pid=507878)[0m         
[36m(ClientAppActor pid=507877)[0m 
[36m(ClientAppActor pid=507877)[0m         
[36m(ClientAppActor pid=507916)[0m 
[36m(ClientAppActor pid=507916)[0m         
[92mINFO [0m:      aggregate_fit: received 5 results and 0 failures
[92mINFO [0m:      fit progress: (4, 3.1798640443801878, {'accuracy': 0.5838, 'loss': 3.1798640443801878}, 61.268956922984216)
[92mINFO [0m:      configure_evaluate: strategy sampled 5 clients (out of 5)
[36m(ClientAppActor pid=507917)[0m 
[36m(ClientAppActor pid=507917)[0m         
[36m(ClientAppActor pid=507917)[0m [93mWARNING [0m:   DEPRECATED FEATURE: `client_fn` now expects a signature `def client_fn(context: Context)`.The provided `client_fn` has signature: {'cid': <Parameter "cid: str">}. You can import the `Context` like this: `from flwr.app import Context`[32m [repeated 10x across cluster][0m
[36m(ClientAppActor pid=507917)[0m             This is a deprecated feature. It will be removed[32m [repeated 10x across cluster][0m
[36m(ClientAppActor pid=507917)[0m             entirely in future versions of Flower.[32m [repeated 10x across cluster][0m
[36m(ClientAppActor pid=507916)[0m 
[36m(ClientAppActor pid=507916)[0m         
[36m(ClientAppActor pid=507886)[0m 
[36m(ClientAppActor pid=507886)[0m         
[36m(ClientAppActor pid=507877)[0m 
[36m(ClientAppActor pid=507877)[0m         
[36m(ClientAppActor pid=507878)[0m 
[36m(ClientAppActor pid=507878)[0m         
[92mINFO [0m:      aggregate_evaluate: received 5 results and 0 failures
[92mINFO [0m:      
[92mINFO [0m:      [ROUND 5]
[92mINFO [0m:      configure_fit: strategy sampled 5 clients (out of 5)
[36m(ClientAppActor pid=507878)[0m 
[36m(ClientAppActor pid=507878)[0m         
[36m(ClientAppActor pid=507877)[0m 
[36m(ClientAppActor pid=507877)[0m         
[36m(ClientAppActor pid=507886)[0m 
[36m(ClientAppActor pid=507886)[0m         
[36m(ClientAppActor pid=507916)[0m 
[36m(ClientAppActor pid=507916)[0m         
[36m(ClientAppActor pid=507917)[0m 
[36m(ClientAppActor pid=507917)[0m         
[92mINFO [0m:      aggregate_fit: received 5 results and 0 failures
[92mINFO [0m:      fit progress: (5, 3.2029418410301207, {'accuracy': 0.655, 'loss': 3.2029418410301207}, 75.93944444000954)
[92mINFO [0m:      configure_evaluate: strategy sampled 5 clients (out of 5)
[36m(ClientAppActor pid=507878)[0m 
[36m(ClientAppActor pid=507878)[0m         
[36m(ClientAppActor pid=507878)[0m [93mWARNING [0m:   DEPRECATED FEATURE: `client_fn` now expects a signature `def client_fn(context: Context)`.The provided `client_fn` has signature: {'cid': <Parameter "cid: str">}. You can import the `Context` like this: `from flwr.app import Context`[32m [repeated 10x across cluster][0m
[36m(ClientAppActor pid=507878)[0m             This is a deprecated feature. It will be removed[32m [repeated 10x across cluster][0m
[36m(ClientAppActor pid=507878)[0m             entirely in future versions of Flower.[32m [repeated 10x across cluster][0m
[36m(ClientAppActor pid=507917)[0m 
[36m(ClientAppActor pid=507917)[0m         
[36m(ClientAppActor pid=507916)[0m 
[36m(ClientAppActor pid=507916)[0m         
[36m(ClientAppActor pid=507886)[0m 
[36m(ClientAppActor pid=507886)[0m         
[36m(ClientAppActor pid=507877)[0m 
[36m(ClientAppActor pid=507877)[0m         
[92mINFO [0m:      aggregate_evaluate: received 5 results and 0 failures
[92mINFO [0m:      
[92mINFO [0m:      [ROUND 6]
[92mINFO [0m:      configure_fit: strategy sampled 5 clients (out of 5)
[36m(ClientAppActor pid=507877)[0m 
[36m(ClientAppActor pid=507877)[0m         
[36m(ClientAppActor pid=507886)[0m 
[36m(ClientAppActor pid=507886)[0m         
[36m(ClientAppActor pid=507917)[0m 
[36m(ClientAppActor pid=507917)[0m         
[36m(ClientAppActor pid=507916)[0m 
[36m(ClientAppActor pid=507916)[0m         
[36m(ClientAppActor pid=507878)[0m 
[36m(ClientAppActor pid=507878)[0m         
[92mINFO [0m:      aggregate_fit: received 5 results and 0 failures
[92mINFO [0m:      fit progress: (6, 2.6653075560569763, {'accuracy': 0.6749, 'loss': 2.6653075560569763}, 90.91497693199199)
[92mINFO [0m:      configure_evaluate: strategy sampled 5 clients (out of 5)
[36m(ClientAppActor pid=507916)[0m 
[36m(ClientAppActor pid=507916)[0m         
[36m(ClientAppActor pid=507916)[0m [93mWARNING [0m:   DEPRECATED FEATURE: `client_fn` now expects a signature `def client_fn(context: Context)`.The provided `client_fn` has signature: {'cid': <Parameter "cid: str">}. You can import the `Context` like this: `from flwr.app import Context`[32m [repeated 10x across cluster][0m
[36m(ClientAppActor pid=507916)[0m             This is a deprecated feature. It will be removed[32m [repeated 10x across cluster][0m
[36m(ClientAppActor pid=507916)[0m             entirely in future versions of Flower.[32m [repeated 10x across cluster][0m
[36m(ClientAppActor pid=507878)[0m 
[36m(ClientAppActor pid=507878)[0m         
[36m(ClientAppActor pid=507877)[0m 
[36m(ClientAppActor pid=507877)[0m         
[36m(ClientAppActor pid=507917)[0m 
[36m(ClientAppActor pid=507917)[0m         
[36m(ClientAppActor pid=507886)[0m 
[36m(ClientAppActor pid=507886)[0m         
[92mINFO [0m:      aggregate_evaluate: received 5 results and 0 failures
[92mINFO [0m:      
[92mINFO [0m:      [ROUND 7]
[92mINFO [0m:      configure_fit: strategy sampled 5 clients (out of 5)
[36m(ClientAppActor pid=507886)[0m 
[36m(ClientAppActor pid=507886)[0m         
[36m(ClientAppActor pid=507917)[0m 
[36m(ClientAppActor pid=507917)[0m         
[36m(ClientAppActor pid=507877)[0m 
[36m(ClientAppActor pid=507877)[0m         
[36m(ClientAppActor pid=507878)[0m 
[36m(ClientAppActor pid=507878)[0m         
[36m(ClientAppActor pid=507916)[0m 
[36m(ClientAppActor pid=507916)[0m         
[92mINFO [0m:      aggregate_fit: received 5 results and 0 failures
[92mINFO [0m:      fit progress: (7, 1.712789896583557, {'accuracy': 0.684, 'loss': 1.712789896583557}, 106.03650208498584)
[92mINFO [0m:      configure_evaluate: strategy sampled 5 clients (out of 5)
[36m(ClientAppActor pid=507877)[0m 
[36m(ClientAppActor pid=507877)[0m         
[36m(ClientAppActor pid=507877)[0m [93mWARNING [0m:   DEPRECATED FEATURE: `client_fn` now expects a signature `def client_fn(context: Context)`.The provided `client_fn` has signature: {'cid': <Parameter "cid: str">}. You can import the `Context` like this: `from flwr.app import Context`[32m [repeated 10x across cluster][0m
[36m(ClientAppActor pid=507877)[0m             This is a deprecated feature. It will be removed[32m [repeated 10x across cluster][0m
[36m(ClientAppActor pid=507877)[0m             entirely in future versions of Flower.[32m [repeated 10x across cluster][0m
[36m(ClientAppActor pid=507916)[0m 
[36m(ClientAppActor pid=507916)[0m         
[36m(ClientAppActor pid=507917)[0m 
[36m(ClientAppActor pid=507917)[0m         
[36m(ClientAppActor pid=507878)[0m 
[36m(ClientAppActor pid=507878)[0m         
[36m(ClientAppActor pid=507886)[0m 
[36m(ClientAppActor pid=507886)[0m         
[92mINFO [0m:      aggregate_evaluate: received 5 results and 0 failures
[92mINFO [0m:      
[92mINFO [0m:      [ROUND 8]
[92mINFO [0m:      configure_fit: strategy sampled 5 clients (out of 5)
[36m(ClientAppActor pid=507886)[0m 
[36m(ClientAppActor pid=507886)[0m         
[36m(ClientAppActor pid=507878)[0m 
[36m(ClientAppActor pid=507878)[0m         
[36m(ClientAppActor pid=507916)[0m 
[36m(ClientAppActor pid=507916)[0m         
[36m(ClientAppActor pid=507917)[0m 
[36m(ClientAppActor pid=507917)[0m         
[36m(ClientAppActor pid=507877)[0m 
[36m(ClientAppActor pid=507877)[0m         
[92mINFO [0m:      aggregate_fit: received 5 results and 0 failures
[92mINFO [0m:      fit progress: (8, 1.9294752254486085, {'accuracy': 0.6608, 'loss': 1.9294752254486085}, 120.75699143897509)
[92mINFO [0m:      configure_evaluate: strategy sampled 5 clients (out of 5)
[36m(ClientAppActor pid=507886)[0m 
[36m(ClientAppActor pid=507886)[0m         
[36m(ClientAppActor pid=507886)[0m [93mWARNING [0m:   DEPRECATED FEATURE: `client_fn` now expects a signature `def client_fn(context: Context)`.The provided `client_fn` has signature: {'cid': <Parameter "cid: str">}. You can import the `Context` like this: `from flwr.app import Context`[32m [repeated 10x across cluster][0m
[36m(ClientAppActor pid=507886)[0m             This is a deprecated feature. It will be removed[32m [repeated 10x across cluster][0m
[36m(ClientAppActor pid=507886)[0m             entirely in future versions of Flower.[32m [repeated 10x across cluster][0m
[36m(ClientAppActor pid=507877)[0m 
[36m(ClientAppActor pid=507877)[0m         
[36m(ClientAppActor pid=507878)[0m 
[36m(ClientAppActor pid=507878)[0m         
[36m(ClientAppActor pid=507917)[0m 
[36m(ClientAppActor pid=507917)[0m         
[36m(ClientAppActor pid=507916)[0m 
[36m(ClientAppActor pid=507916)[0m         
[92mINFO [0m:      aggregate_evaluate: received 5 results and 0 failures
[92mINFO [0m:      
[92mINFO [0m:      [ROUND 9]
[92mINFO [0m:      configure_fit: strategy sampled 5 clients (out of 5)
[36m(ClientAppActor pid=507916)[0m 
[36m(ClientAppActor pid=507916)[0m         
[36m(ClientAppActor pid=507917)[0m 
[36m(ClientAppActor pid=507917)[0m         
[36m(ClientAppActor pid=507878)[0m 
[36m(ClientAppActor pid=507878)[0m         
[36m(ClientAppActor pid=507877)[0m 
[36m(ClientAppActor pid=507877)[0m         
[36m(ClientAppActor pid=507886)[0m 
[36m(ClientAppActor pid=507886)[0m         
[92mINFO [0m:      aggregate_fit: received 5 results and 0 failures
[92mINFO [0m:      fit progress: (9, 2.430633687877655, {'accuracy': 0.6802, 'loss': 2.430633687877655}, 135.61973545496585)
[92mINFO [0m:      configure_evaluate: strategy sampled 5 clients (out of 5)
[36m(ClientAppActor pid=507917)[0m 
[36m(ClientAppActor pid=507917)[0m         
[36m(ClientAppActor pid=507917)[0m [93mWARNING [0m:   DEPRECATED FEATURE: `client_fn` now expects a signature `def client_fn(context: Context)`.The provided `client_fn` has signature: {'cid': <Parameter "cid: str">}. You can import the `Context` like this: `from flwr.app import Context`[32m [repeated 10x across cluster][0m
[36m(ClientAppActor pid=507917)[0m             This is a deprecated feature. It will be removed[32m [repeated 10x across cluster][0m
[36m(ClientAppActor pid=507917)[0m             entirely in future versions of Flower.[32m [repeated 10x across cluster][0m
[36m(ClientAppActor pid=507886)[0m 
[36m(ClientAppActor pid=507886)[0m         
[36m(ClientAppActor pid=507916)[0m 
[36m(ClientAppActor pid=507916)[0m         
[36m(ClientAppActor pid=507877)[0m 
[36m(ClientAppActor pid=507877)[0m         
[36m(ClientAppActor pid=507878)[0m 
[36m(ClientAppActor pid=507878)[0m         
[92mINFO [0m:      aggregate_evaluate: received 5 results and 0 failures
[92mINFO [0m:      
[92mINFO [0m:      [ROUND 10]
[92mINFO [0m:      configure_fit: strategy sampled 5 clients (out of 5)
[36m(ClientAppActor pid=507878)[0m 
[36m(ClientAppActor pid=507878)[0m         
[36m(ClientAppActor pid=507877)[0m 
[36m(ClientAppActor pid=507877)[0m         
[36m(ClientAppActor pid=507916)[0m 
[36m(ClientAppActor pid=507916)[0m         
[36m(ClientAppActor pid=507886)[0m 
[36m(ClientAppActor pid=507886)[0m         
[36m(ClientAppActor pid=507917)[0m 
[36m(ClientAppActor pid=507917)[0m         
[92mINFO [0m:      aggregate_fit: received 5 results and 0 failures
[92mINFO [0m:      fit progress: (10, 3.224550795650482, {'accuracy': 0.7136, 'loss': 3.224550795650482}, 150.45262492098846)
[92mINFO [0m:      configure_evaluate: strategy sampled 5 clients (out of 5)
[36m(ClientAppActor pid=507916)[0m 
[36m(ClientAppActor pid=507916)[0m         
[36m(ClientAppActor pid=507916)[0m [93mWARNING [0m:   DEPRECATED FEATURE: `client_fn` now expects a signature `def client_fn(context: Context)`.The provided `client_fn` has signature: {'cid': <Parameter "cid: str">}. You can import the `Context` like this: `from flwr.app import Context`[32m [repeated 10x across cluster][0m
[36m(ClientAppActor pid=507916)[0m             This is a deprecated feature. It will be removed[32m [repeated 10x across cluster][0m
[36m(ClientAppActor pid=507916)[0m             entirely in future versions of Flower.[32m [repeated 10x across cluster][0m
[36m(ClientAppActor pid=507917)[0m 
[36m(ClientAppActor pid=507917)[0m         
[36m(ClientAppActor pid=507877)[0m 
[36m(ClientAppActor pid=507877)[0m         
[36m(ClientAppActor pid=507886)[0m 
[36m(ClientAppActor pid=507886)[0m         
[36m(ClientAppActor pid=507878)[0m 
[36m(ClientAppActor pid=507878)[0m         
[92mINFO [0m:      aggregate_evaluate: received 5 results and 0 failures
[92mINFO [0m:      
[92mINFO [0m:      [SUMMARY]
[92mINFO [0m:      Run finished 10 round(s) in 151.35s
[92mINFO [0m:      	History (loss, distributed):
[92mINFO [0m:      		round 1: 2.3106300989214352
[92mINFO [0m:      		round 2: 1.3276339548022424
[92mINFO [0m:      		round 3: 4.3242032444443685
[92mINFO [0m:      		round 4: 3.0308252893754988
[92mINFO [0m:      		round 5: 3.138294087893584
[92mINFO [0m:      		round 6: 2.5786274620035545
[92mINFO [0m:      		round 7: 1.642669846250468
[92mINFO [0m:      		round 8: 1.8588222921991786
[92mINFO [0m:      		round 9: 2.3047760980702763
[92mINFO [0m:      		round 10: 2.8954350061538725
[92mINFO [0m:      	History (loss, centralized):
[92mINFO [0m:      		round 0: 2.3030473361968995
[92mINFO [0m:      		round 1: 2.3102907585144044
[92mINFO [0m:      		round 2: 1.3492895328521728
[92mINFO [0m:      		round 3: 4.430286675643921
[92mINFO [0m:      		round 4: 3.1798640443801878
[92mINFO [0m:      		round 5: 3.2029418410301207
[92mINFO [0m:      		round 6: 2.6653075560569763
[92mINFO [0m:      		round 7: 1.712789896583557
[92mINFO [0m:      		round 8: 1.9294752254486085
[92mINFO [0m:      		round 9: 2.430633687877655
[92mINFO [0m:      		round 10: 3.224550795650482
[92mINFO [0m:      	History (metrics, distributed, fit):
[92mINFO [0m:      	{'avg_flops_per_client_round': [(1, 8140624189440.0),
[92mINFO [0m:      	                                (2, 8140624189440.0),
[92mINFO [0m:      	                                (3, 8140624189440.0),
[92mINFO [0m:      	                                (4, 8140624189440.0),
[92mINFO [0m:      	                                (5, 8140624189440.0),
[92mINFO [0m:      	                                (6, 8140624189440.0),
[92mINFO [0m:      	                                (7, 8140624189440.0),
[92mINFO [0m:      	                                (8, 8140624189440.0),
[92mINFO [0m:      	                                (9, 8140624189440.0),
[92mINFO [0m:      	                                (10, 8140624189440.0)],
[92mINFO [0m:      	 'total_flops_round': [(1, 40703120947200),
[92mINFO [0m:      	                       (2, 40703120947200),
[92mINFO [0m:      	                       (3, 40703120947200),
[92mINFO [0m:      	                       (4, 40703120947200),
[92mINFO [0m:      	                       (5, 40703120947200),
[92mINFO [0m:      	                       (6, 40703120947200),
[92mINFO [0m:      	                       (7, 40703120947200),
[92mINFO [0m:      	                       (8, 40703120947200),
[92mINFO [0m:      	                       (9, 40703120947200),
[92mINFO [0m:      	                       (10, 40703120947200)]}
[92mINFO [0m:      	History (metrics, distributed, evaluate):
[92mINFO [0m:      	{'accuracy': [(1, 0.09803921568627451),
[92mINFO [0m:      	              (2, 0.5254101640656262),
[92mINFO [0m:      	              (3, 0.5058023209283713),
[92mINFO [0m:      	              (4, 0.5916366546618648),
[92mINFO [0m:      	              (5, 0.6638655462184874),
[92mINFO [0m:      	              (6, 0.6870748299319728),
[92mINFO [0m:      	              (7, 0.6924769907963185),
[92mINFO [0m:      	              (8, 0.6580632252901161),
[92mINFO [0m:      	              (9, 0.6810724289715886),
[92mINFO [0m:      	              (10, 0.7132853141256502)],
[92mINFO [0m:      	 'loss': [(1, 2.3106300989214352),
[92mINFO [0m:      	          (2, 1.3276339548022424),
[92mINFO [0m:      	          (3, 4.3242032444443685),
[92mINFO [0m:      	          (4, 3.0308252893754988),
[92mINFO [0m:      	          (5, 3.138294087893584),
[92mINFO [0m:      	          (6, 2.5786274620035545),
[92mINFO [0m:      	          (7, 1.642669846250468),
[92mINFO [0m:      	          (8, 1.8588222921991786),
[92mINFO [0m:      	          (9, 2.3047760980702763),
[92mINFO [0m:      	          (10, 2.8954350061538725)]}
[92mINFO [0m:      	History (metrics, centralized):
[92mINFO [0m:      	{'accuracy': [(0, 0.09),
[92mINFO [0m:      	              (1, 0.1),
[92mINFO [0m:      	              (2, 0.5223),
[92mINFO [0m:      	              (3, 0.5047),
[92mINFO [0m:      	              (4, 0.5838),
[92mINFO [0m:      	              (5, 0.655),
[92mINFO [0m:      	              (6, 0.6749),
[92mINFO [0m:      	              (7, 0.684),
[92mINFO [0m:      	              (8, 0.6608),
[92mINFO [0m:      	              (9, 0.6802),
[92mINFO [0m:      	              (10, 0.7136)],
[92mINFO [0m:      	 'loss': [(0, 2.3030473361968995),
[92mINFO [0m:      	          (1, 2.3102907585144044),
[92mINFO [0m:      	          (2, 1.3492895328521728),
[92mINFO [0m:      	          (3, 4.430286675643921),
[92mINFO [0m:      	          (4, 3.1798640443801878),
[92mINFO [0m:      	          (5, 3.2029418410301207),
[92mINFO [0m:      	          (6, 2.6653075560569763),
[92mINFO [0m:      	          (7, 1.712789896583557),
[92mINFO [0m:      	          (8, 1.9294752254486085),
[92mINFO [0m:      	          (9, 2.430633687877655),
[92mINFO [0m:      	          (10, 3.224550795650482)]}
[92mINFO [0m:      
Treinando no dispositivo: cuda:0 com o dataset: CIFAR10 | Setup clientes: 5 (num_gpus por cliente=0.2) | SEED=44 | Método: FedAvgM (server_momentum=0.9, server_lr=1.0)
FLOPS por amostra (forward): 6.030e+07 | (forward+backward, 3x): 1.809e+08
Files already downloaded and verified
Files already downloaded and verified
Dividindo o dataset usando a distribuição de Dirichlet com alpha=1.0.
Iniciando a simulação de Aprendizado Federado...
=== Diagnóstico de Medição de GPU ===
  pynvml_disponivel: True
  pynvml_versao: 580.173.02
  gpus_detectadas: 1
  leitura_potencia_ok: True
  potencia_atual_W: 115.195

--- Rodada 0 - Avaliação Centralizada (Servidor) ---
Loss (Servidor): 2.3030 | Acurácia (Servidor): 0.0900

--- Rodada 1 - Avaliação Centralizada (Servidor) ---
Loss (Servidor): 2.3103 | Acurácia (Servidor): 0.1000
--- Avaliação Agregada (Clientes) ---
Loss Média (Clientes): 2.3106 | Acurácia Média (Clientes): 0.0980

--- Rodada 2 - Avaliação Centralizada (Servidor) ---
Loss (Servidor): 1.3493 | Acurácia (Servidor): 0.5223
--- Avaliação Agregada (Clientes) ---
Loss Média (Clientes): 1.3276 | Acurácia Média (Clientes): 0.5254

--- Rodada 3 - Avaliação Centralizada (Servidor) ---
Loss (Servidor): 4.4303 | Acurácia (Servidor): 0.5047
--- Avaliação Agregada (Clientes) ---
Loss Média (Clientes): 4.3242 | Acurácia Média (Clientes): 0.5058

--- Rodada 4 - Avaliação Centralizada (Servidor) ---
Loss (Servidor): 3.1799 | Acurácia (Servidor): 0.5838
--- Avaliação Agregada (Clientes) ---
Loss Média (Clientes): 3.0308 | Acurácia Média (Clientes): 0.5916

--- Rodada 5 - Avaliação Centralizada (Servidor) ---
Loss (Servidor): 3.2029 | Acurácia (Servidor): 0.6550
--- Avaliação Agregada (Clientes) ---
Loss Média (Clientes): 3.1383 | Acurácia Média (Clientes): 0.6639

--- Rodada 6 - Avaliação Centralizada (Servidor) ---
Loss (Servidor): 2.6653 | Acurácia (Servidor): 0.6749
--- Avaliação Agregada (Clientes) ---
Loss Média (Clientes): 2.5786 | Acurácia Média (Clientes): 0.6871

--- Rodada 7 - Avaliação Centralizada (Servidor) ---
Loss (Servidor): 1.7128 | Acurácia (Servidor): 0.6840
--- Avaliação Agregada (Clientes) ---
Loss Média (Clientes): 1.6427 | Acurácia Média (Clientes): 0.6925

--- Rodada 8 - Avaliação Centralizada (Servidor) ---
Loss (Servidor): 1.9295 | Acurácia (Servidor): 0.6608
--- Avaliação Agregada (Clientes) ---
Loss Média (Clientes): 1.8588 | Acurácia Média (Clientes): 0.6581

--- Rodada 9 - Avaliação Centralizada (Servidor) ---
Loss (Servidor): 2.4306 | Acurácia (Servidor): 0.6802
--- Avaliação Agregada (Clientes) ---
Loss Média (Clientes): 2.3048 | Acurácia Média (Clientes): 0.6811

--- Rodada 10 - Avaliação Centralizada (Servidor) ---
Loss (Servidor): 3.2246 | Acurácia (Servidor): 0.7136
--- Avaliação Agregada (Clientes) ---
Loss Média (Clientes): 2.8954 | Acurácia Média (Clientes): 0.7133

Resultados salvos em: /home/tiago/GitHubProjects/fedhad-thesis-2/FedAvgM-results/1.1_diagnostico_drift/CIFAR10/FedAvgM__CIFAR10__Setup-5__Clients-5__Rounds-10__Delay-0_05__Alpha-1_0__Seed-44.txt
[36m(ClientAppActor pid=507878)[0m [93mWARNING [0m:   DEPRECATED FEATURE: `client_fn` now expects a signature `def client_fn(context: Context)`.The provided `client_fn` has signature: {'cid': <Parameter "cid: str">}. You can import the `Context` like this: `from flwr.app import Context`[32m [repeated 4x across cluster][0m
[36m(ClientAppActor pid=507878)[0m             This is a deprecated feature. It will be removed[32m [repeated 4x across cluster][0m
[36m(ClientAppActor pid=507878)[0m             entirely in future versions of Flower.[32m [repeated 4x across cluster][0m
