[codecarbon WARNING @ 13:03:54] Multiple instances of codecarbon are allowed to run at the same time.
[93mWARNING [0m:   DEPRECATED FEATURE: flwr.simulation.start_simulation() is deprecated.
	Instead, use the `flwr run` CLI command to start a local simulation in your Flower app, as shown for example below:

		$ flwr new  # Create a new Flower app from a template

		$ flwr run  # Run the Flower app in Simulation Mode

	Using `start_simulation()` is deprecated.

            This is a deprecated feature. It will be removed
            entirely in future versions of Flower.
        
[92mINFO [0m:      Starting Flower simulation, config: num_rounds=10, no round_timeout
2026-09-04 13:04:02,846	INFO worker.py:2012 -- Started a local Ray instance.
/home/tiago/GitHubProjects/fedhad-thesis-2/env_flwr_pt/lib/python3.12/site-packages/ray/_private/worker.py:2051: FutureWarning: Tip: In future versions of Ray, Ray will no longer override accelerator visible devices env var if num_gpus=0 or num_gpus=None (default). To enable this behavior and turn off this error message, set RAY_ACCEL_ENV_VAR_OVERRIDE_ON_ZERO=0
  warnings.warn(
[92mINFO [0m:      Flower VCE: Ray initialized with resources: {'node:10.129.64.100': 1.0, 'object_store_memory': 77751130521.0, 'accelerator_type:A40': 1.0, 'node:__internal_head__': 1.0, 'memory': 181419304551.0, 'GPU': 1.0, 'CPU': 64.0}
[92mINFO [0m:      Optimize your simulation with Flower VCE: https://flower.ai/docs/framework/how-to-run-simulations.html
/home/tiago/GitHubProjects/fedhad-thesis-2/FedAvgM_Final.py:1669: UserWarning: No `num_cpus` specified in `client_resources`. Using `num_cpus=1` for each client.
  history = fl.simulation.start_simulation(
[92mINFO [0m:      Flower VCE: Resources for each Virtual Client: {'num_gpus': 0.2, 'num_cpus': 1}
[92mINFO [0m:      Flower VCE: Creating VirtualClientEngineActorPool with 5 actors
[92mINFO [0m:      [INIT]
[92mINFO [0m:      Using initial global parameters provided by strategy
[92mINFO [0m:      Starting evaluation of initial global parameters
[92mINFO [0m:      initial parameters (loss, other metrics): 2.3032265678405763, {'accuracy': 0.1, 'loss': 2.3032265678405763}
[92mINFO [0m:      
[92mINFO [0m:      [ROUND 1]
[92mINFO [0m:      configure_fit: strategy sampled 5 clients (out of 5)
[36m(ClientAppActor pid=523024)[0m [93mWARNING [0m:   DEPRECATED FEATURE: `client_fn` now expects a signature `def client_fn(context: Context)`.The provided `client_fn` has signature: {'cid': <Parameter "cid: str">}. You can import the `Context` like this: `from flwr.app import Context`
[36m(ClientAppActor pid=523024)[0m 
[36m(ClientAppActor pid=523024)[0m             This is a deprecated feature. It will be removed
[36m(ClientAppActor pid=523024)[0m             entirely in future versions of Flower.
[36m(ClientAppActor pid=523024)[0m         
[36m(ClientAppActor pid=523025)[0m 
[36m(ClientAppActor pid=523025)[0m         
[36m(ClientAppActor pid=522999)[0m 
[36m(ClientAppActor pid=522999)[0m         
[36m(ClientAppActor pid=522990)[0m 
[36m(ClientAppActor pid=522990)[0m         
[36m(ClientAppActor pid=522991)[0m 
[36m(ClientAppActor pid=522991)[0m         
[92mINFO [0m:      aggregate_fit: received 5 results and 0 failures
[92mINFO [0m:      fit progress: (1, 2.3179867195129393, {'accuracy': 0.1, 'loss': 2.3179867195129393}, 14.881399116013199)
[92mINFO [0m:      configure_evaluate: strategy sampled 5 clients (out of 5)
[36m(ClientAppActor pid=522990)[0m 
[36m(ClientAppActor pid=522990)[0m         
[36m(ClientAppActor pid=522990)[0m [93mWARNING [0m:   DEPRECATED FEATURE: `client_fn` now expects a signature `def client_fn(context: Context)`.The provided `client_fn` has signature: {'cid': <Parameter "cid: str">}. You can import the `Context` like this: `from flwr.app import Context`[32m [repeated 5x across cluster] (Ray deduplicates logs by default. Set RAY_DEDUP_LOGS=0 to disable log deduplication, or see https://docs.ray.io/en/master/ray-observability/user-guides/configure-logging.html#log-deduplication for more options.)[0m
[36m(ClientAppActor pid=522990)[0m             This is a deprecated feature. It will be removed[32m [repeated 5x across cluster][0m
[36m(ClientAppActor pid=522990)[0m             entirely in future versions of Flower.[32m [repeated 5x across cluster][0m
[36m(ClientAppActor pid=522991)[0m 
[36m(ClientAppActor pid=522991)[0m         
[36m(ClientAppActor pid=522999)[0m 
[36m(ClientAppActor pid=522999)[0m         
[36m(ClientAppActor pid=523025)[0m 
[36m(ClientAppActor pid=523025)[0m         
[36m(ClientAppActor pid=523024)[0m 
[36m(ClientAppActor pid=523024)[0m         
[92mINFO [0m:      aggregate_evaluate: received 5 results and 0 failures
[92mINFO [0m:      
[92mINFO [0m:      [ROUND 2]
[92mINFO [0m:      configure_fit: strategy sampled 5 clients (out of 5)
[36m(ClientAppActor pid=523024)[0m 
[36m(ClientAppActor pid=523024)[0m         
[36m(ClientAppActor pid=523025)[0m 
[36m(ClientAppActor pid=523025)[0m         
[36m(ClientAppActor pid=522999)[0m 
[36m(ClientAppActor pid=522999)[0m         
[36m(ClientAppActor pid=522991)[0m 
[36m(ClientAppActor pid=522991)[0m         
[36m(ClientAppActor pid=522990)[0m 
[36m(ClientAppActor pid=522990)[0m         
[92mINFO [0m:      aggregate_fit: received 5 results and 0 failures
[92mINFO [0m:      fit progress: (2, 1.4354076686859132, {'accuracy': 0.4663, 'loss': 1.4354076686859132}, 27.836125163012184)
[92mINFO [0m:      configure_evaluate: strategy sampled 5 clients (out of 5)
[36m(ClientAppActor pid=523024)[0m 
[36m(ClientAppActor pid=523024)[0m         
[36m(ClientAppActor pid=523024)[0m [93mWARNING [0m:   DEPRECATED FEATURE: `client_fn` now expects a signature `def client_fn(context: Context)`.The provided `client_fn` has signature: {'cid': <Parameter "cid: str">}. You can import the `Context` like this: `from flwr.app import Context`[32m [repeated 10x across cluster][0m
[36m(ClientAppActor pid=523024)[0m             This is a deprecated feature. It will be removed[32m [repeated 10x across cluster][0m
[36m(ClientAppActor pid=523024)[0m             entirely in future versions of Flower.[32m [repeated 10x across cluster][0m
[36m(ClientAppActor pid=522990)[0m 
[36m(ClientAppActor pid=522990)[0m         
[36m(ClientAppActor pid=522991)[0m 
[36m(ClientAppActor pid=522991)[0m         
[36m(ClientAppActor pid=522999)[0m 
[36m(ClientAppActor pid=522999)[0m         
[36m(ClientAppActor pid=523025)[0m 
[36m(ClientAppActor pid=523025)[0m         
[92mINFO [0m:      aggregate_evaluate: received 5 results and 0 failures
[92mINFO [0m:      
[92mINFO [0m:      [ROUND 3]
[92mINFO [0m:      configure_fit: strategy sampled 5 clients (out of 5)
[36m(ClientAppActor pid=523025)[0m 
[36m(ClientAppActor pid=523025)[0m         
[36m(ClientAppActor pid=522999)[0m 
[36m(ClientAppActor pid=522999)[0m         
[36m(ClientAppActor pid=522991)[0m 
[36m(ClientAppActor pid=522991)[0m         
[36m(ClientAppActor pid=522990)[0m 
[36m(ClientAppActor pid=522990)[0m         
[36m(ClientAppActor pid=523024)[0m 
[36m(ClientAppActor pid=523024)[0m         
[92mINFO [0m:      aggregate_fit: received 5 results and 0 failures
[92mINFO [0m:      fit progress: (3, 2.9255459047317505, {'accuracy': 0.5477, 'loss': 2.9255459047317505}, 41.287933695013635)
[92mINFO [0m:      configure_evaluate: strategy sampled 5 clients (out of 5)
[36m(ClientAppActor pid=522990)[0m 
[36m(ClientAppActor pid=522990)[0m         
[36m(ClientAppActor pid=522990)[0m [93mWARNING [0m:   DEPRECATED FEATURE: `client_fn` now expects a signature `def client_fn(context: Context)`.The provided `client_fn` has signature: {'cid': <Parameter "cid: str">}. You can import the `Context` like this: `from flwr.app import Context`[32m [repeated 10x across cluster][0m
[36m(ClientAppActor pid=522990)[0m             This is a deprecated feature. It will be removed[32m [repeated 10x across cluster][0m
[36m(ClientAppActor pid=522990)[0m             entirely in future versions of Flower.[32m [repeated 10x across cluster][0m
[36m(ClientAppActor pid=523024)[0m 
[36m(ClientAppActor pid=523024)[0m         
[36m(ClientAppActor pid=522999)[0m 
[36m(ClientAppActor pid=522999)[0m         
[36m(ClientAppActor pid=522991)[0m 
[36m(ClientAppActor pid=522991)[0m         
[36m(ClientAppActor pid=523025)[0m 
[36m(ClientAppActor pid=523025)[0m         
[92mINFO [0m:      aggregate_evaluate: received 5 results and 0 failures
[92mINFO [0m:      
[92mINFO [0m:      [ROUND 4]
[92mINFO [0m:      configure_fit: strategy sampled 5 clients (out of 5)
[36m(ClientAppActor pid=523025)[0m 
[36m(ClientAppActor pid=523025)[0m         
[36m(ClientAppActor pid=522991)[0m 
[36m(ClientAppActor pid=522991)[0m         
[36m(ClientAppActor pid=522999)[0m 
[36m(ClientAppActor pid=522999)[0m         
[36m(ClientAppActor pid=523024)[0m 
[36m(ClientAppActor pid=523024)[0m         
[36m(ClientAppActor pid=522990)[0m 
[36m(ClientAppActor pid=522990)[0m         
[92mINFO [0m:      aggregate_fit: received 5 results and 0 failures
[92mINFO [0m:      fit progress: (4, 3.268111853790283, {'accuracy': 0.5679, 'loss': 3.268111853790283}, 54.19762260199059)
[92mINFO [0m:      configure_evaluate: strategy sampled 5 clients (out of 5)
[36m(ClientAppActor pid=523025)[0m 
[36m(ClientAppActor pid=523025)[0m         
[36m(ClientAppActor pid=523025)[0m [93mWARNING [0m:   DEPRECATED FEATURE: `client_fn` now expects a signature `def client_fn(context: Context)`.The provided `client_fn` has signature: {'cid': <Parameter "cid: str">}. You can import the `Context` like this: `from flwr.app import Context`[32m [repeated 10x across cluster][0m
[36m(ClientAppActor pid=523025)[0m             This is a deprecated feature. It will be removed[32m [repeated 10x across cluster][0m
[36m(ClientAppActor pid=523025)[0m             entirely in future versions of Flower.[32m [repeated 10x across cluster][0m
[36m(ClientAppActor pid=522990)[0m 
[36m(ClientAppActor pid=522990)[0m         
[36m(ClientAppActor pid=522991)[0m 
[36m(ClientAppActor pid=522991)[0m         
[36m(ClientAppActor pid=523024)[0m 
[36m(ClientAppActor pid=523024)[0m         
[36m(ClientAppActor pid=522999)[0m 
[36m(ClientAppActor pid=522999)[0m         
[92mINFO [0m:      aggregate_evaluate: received 5 results and 0 failures
[92mINFO [0m:      
[92mINFO [0m:      [ROUND 5]
[92mINFO [0m:      configure_fit: strategy sampled 5 clients (out of 5)
[36m(ClientAppActor pid=522999)[0m 
[36m(ClientAppActor pid=522999)[0m         
[36m(ClientAppActor pid=523024)[0m 
[36m(ClientAppActor pid=523024)[0m         
[36m(ClientAppActor pid=522990)[0m 
[36m(ClientAppActor pid=522990)[0m         
[36m(ClientAppActor pid=522991)[0m 
[36m(ClientAppActor pid=522991)[0m         
[36m(ClientAppActor pid=523025)[0m 
[36m(ClientAppActor pid=523025)[0m         
[92mINFO [0m:      aggregate_fit: received 5 results and 0 failures
[92mINFO [0m:      fit progress: (5, 3.2898511123657226, {'accuracy': 0.6715, 'loss': 3.2898511123657226}, 67.33573096501641)
[92mINFO [0m:      configure_evaluate: strategy sampled 5 clients (out of 5)
[36m(ClientAppActor pid=522999)[0m 
[36m(ClientAppActor pid=522999)[0m         
[36m(ClientAppActor pid=522999)[0m [93mWARNING [0m:   DEPRECATED FEATURE: `client_fn` now expects a signature `def client_fn(context: Context)`.The provided `client_fn` has signature: {'cid': <Parameter "cid: str">}. You can import the `Context` like this: `from flwr.app import Context`[32m [repeated 10x across cluster][0m
[36m(ClientAppActor pid=522999)[0m             This is a deprecated feature. It will be removed[32m [repeated 10x across cluster][0m
[36m(ClientAppActor pid=522999)[0m             entirely in future versions of Flower.[32m [repeated 10x across cluster][0m
[36m(ClientAppActor pid=522991)[0m 
[36m(ClientAppActor pid=522991)[0m         
[36m(ClientAppActor pid=523024)[0m 
[36m(ClientAppActor pid=523024)[0m         
[36m(ClientAppActor pid=523025)[0m 
[36m(ClientAppActor pid=523025)[0m         
[36m(ClientAppActor pid=522990)[0m 
[36m(ClientAppActor pid=522990)[0m         
[92mINFO [0m:      aggregate_evaluate: received 5 results and 0 failures
[92mINFO [0m:      
[92mINFO [0m:      [ROUND 6]
[92mINFO [0m:      configure_fit: strategy sampled 5 clients (out of 5)
[36m(ClientAppActor pid=522990)[0m 
[36m(ClientAppActor pid=522990)[0m         
[36m(ClientAppActor pid=523025)[0m 
[36m(ClientAppActor pid=523025)[0m         
[36m(ClientAppActor pid=523024)[0m 
[36m(ClientAppActor pid=523024)[0m         
[36m(ClientAppActor pid=522991)[0m 
[36m(ClientAppActor pid=522991)[0m         
[36m(ClientAppActor pid=522999)[0m 
[36m(ClientAppActor pid=522999)[0m         
[92mINFO [0m:      aggregate_fit: received 5 results and 0 failures
[92mINFO [0m:      fit progress: (6, 2.6050508310317992, {'accuracy': 0.6904, 'loss': 2.6050508310317992}, 80.3001285949722)
[92mINFO [0m:      configure_evaluate: strategy sampled 5 clients (out of 5)
[36m(ClientAppActor pid=522990)[0m 
[36m(ClientAppActor pid=522990)[0m         
[36m(ClientAppActor pid=522990)[0m [93mWARNING [0m:   DEPRECATED FEATURE: `client_fn` now expects a signature `def client_fn(context: Context)`.The provided `client_fn` has signature: {'cid': <Parameter "cid: str">}. You can import the `Context` like this: `from flwr.app import Context`[32m [repeated 10x across cluster][0m
[36m(ClientAppActor pid=522990)[0m             This is a deprecated feature. It will be removed[32m [repeated 10x across cluster][0m
[36m(ClientAppActor pid=522990)[0m             entirely in future versions of Flower.[32m [repeated 10x across cluster][0m
[36m(ClientAppActor pid=522991)[0m 
[36m(ClientAppActor pid=522991)[0m         
[36m(ClientAppActor pid=523024)[0m 
[36m(ClientAppActor pid=523024)[0m         
[36m(ClientAppActor pid=523025)[0m 
[36m(ClientAppActor pid=523025)[0m         
[36m(ClientAppActor pid=522999)[0m 
[36m(ClientAppActor pid=522999)[0m         
[92mINFO [0m:      aggregate_evaluate: received 5 results and 0 failures
[92mINFO [0m:      
[92mINFO [0m:      [ROUND 7]
[92mINFO [0m:      configure_fit: strategy sampled 5 clients (out of 5)
[36m(ClientAppActor pid=522999)[0m 
[36m(ClientAppActor pid=522999)[0m         
[36m(ClientAppActor pid=523025)[0m 
[36m(ClientAppActor pid=523025)[0m         
[36m(ClientAppActor pid=523024)[0m 
[36m(ClientAppActor pid=523024)[0m         
[36m(ClientAppActor pid=522991)[0m 
[36m(ClientAppActor pid=522991)[0m         
[36m(ClientAppActor pid=522990)[0m 
[36m(ClientAppActor pid=522990)[0m         
[92mINFO [0m:      aggregate_fit: received 5 results and 0 failures
[92mINFO [0m:      fit progress: (7, 2.4365754447937014, {'accuracy': 0.6765, 'loss': 2.4365754447937014}, 93.35822766099591)
[92mINFO [0m:      configure_evaluate: strategy sampled 5 clients (out of 5)
[36m(ClientAppActor pid=523025)[0m 
[36m(ClientAppActor pid=523025)[0m         
[36m(ClientAppActor pid=523025)[0m [93mWARNING [0m:   DEPRECATED FEATURE: `client_fn` now expects a signature `def client_fn(context: Context)`.The provided `client_fn` has signature: {'cid': <Parameter "cid: str">}. You can import the `Context` like this: `from flwr.app import Context`[32m [repeated 10x across cluster][0m
[36m(ClientAppActor pid=523025)[0m             This is a deprecated feature. It will be removed[32m [repeated 10x across cluster][0m
[36m(ClientAppActor pid=523025)[0m             entirely in future versions of Flower.[32m [repeated 10x across cluster][0m
[36m(ClientAppActor pid=522990)[0m 
[36m(ClientAppActor pid=522990)[0m         
[36m(ClientAppActor pid=523024)[0m 
[36m(ClientAppActor pid=523024)[0m         
[36m(ClientAppActor pid=522991)[0m 
[36m(ClientAppActor pid=522991)[0m         
[36m(ClientAppActor pid=522999)[0m 
[36m(ClientAppActor pid=522999)[0m         
[92mINFO [0m:      aggregate_evaluate: received 5 results and 0 failures
[92mINFO [0m:      
[92mINFO [0m:      [ROUND 8]
[92mINFO [0m:      configure_fit: strategy sampled 5 clients (out of 5)
[36m(ClientAppActor pid=522999)[0m 
[36m(ClientAppActor pid=522999)[0m         
[36m(ClientAppActor pid=522991)[0m 
[36m(ClientAppActor pid=522991)[0m         
[36m(ClientAppActor pid=523024)[0m 
[36m(ClientAppActor pid=523024)[0m         
[36m(ClientAppActor pid=522990)[0m 
[36m(ClientAppActor pid=522990)[0m         
[36m(ClientAppActor pid=523025)[0m 
[36m(ClientAppActor pid=523025)[0m         
[92mINFO [0m:      aggregate_fit: received 5 results and 0 failures
[92mINFO [0m:      fit progress: (8, 2.2225047657012937, {'accuracy': 0.6881, 'loss': 2.2225047657012937}, 106.3978472520248)
[92mINFO [0m:      configure_evaluate: strategy sampled 5 clients (out of 5)
[36m(ClientAppActor pid=523024)[0m 
[36m(ClientAppActor pid=523024)[0m         
[36m(ClientAppActor pid=523024)[0m [93mWARNING [0m:   DEPRECATED FEATURE: `client_fn` now expects a signature `def client_fn(context: Context)`.The provided `client_fn` has signature: {'cid': <Parameter "cid: str">}. You can import the `Context` like this: `from flwr.app import Context`[32m [repeated 10x across cluster][0m
[36m(ClientAppActor pid=523024)[0m             This is a deprecated feature. It will be removed[32m [repeated 10x across cluster][0m
[36m(ClientAppActor pid=523024)[0m             entirely in future versions of Flower.[32m [repeated 10x across cluster][0m
[36m(ClientAppActor pid=522991)[0m 
[36m(ClientAppActor pid=522991)[0m         
[36m(ClientAppActor pid=523025)[0m 
[36m(ClientAppActor pid=523025)[0m         
[36m(ClientAppActor pid=522990)[0m 
[36m(ClientAppActor pid=522990)[0m         
[36m(ClientAppActor pid=522999)[0m 
[36m(ClientAppActor pid=522999)[0m         
[92mINFO [0m:      aggregate_evaluate: received 5 results and 0 failures
[92mINFO [0m:      
[92mINFO [0m:      [ROUND 9]
[92mINFO [0m:      configure_fit: strategy sampled 5 clients (out of 5)
[36m(ClientAppActor pid=522999)[0m 
[36m(ClientAppActor pid=522999)[0m         
[36m(ClientAppActor pid=522990)[0m 
[36m(ClientAppActor pid=522990)[0m         
[36m(ClientAppActor pid=523025)[0m 
[36m(ClientAppActor pid=523025)[0m         
[36m(ClientAppActor pid=522991)[0m 
[36m(ClientAppActor pid=522991)[0m         
[36m(ClientAppActor pid=523024)[0m 
[36m(ClientAppActor pid=523024)[0m         
[92mINFO [0m:      aggregate_fit: received 5 results and 0 failures
[92mINFO [0m:      fit progress: (9, 2.6518627108573916, {'accuracy': 0.6916, 'loss': 2.6518627108573916}, 119.59158116998151)
[92mINFO [0m:      configure_evaluate: strategy sampled 5 clients (out of 5)
[36m(ClientAppActor pid=523025)[0m 
[36m(ClientAppActor pid=523025)[0m         
[36m(ClientAppActor pid=523025)[0m [93mWARNING [0m:   DEPRECATED FEATURE: `client_fn` now expects a signature `def client_fn(context: Context)`.The provided `client_fn` has signature: {'cid': <Parameter "cid: str">}. You can import the `Context` like this: `from flwr.app import Context`[32m [repeated 10x across cluster][0m
[36m(ClientAppActor pid=523025)[0m             This is a deprecated feature. It will be removed[32m [repeated 10x across cluster][0m
[36m(ClientAppActor pid=523025)[0m             entirely in future versions of Flower.[32m [repeated 10x across cluster][0m
[36m(ClientAppActor pid=522990)[0m 
[36m(ClientAppActor pid=522990)[0m         
[36m(ClientAppActor pid=522991)[0m 
[36m(ClientAppActor pid=522991)[0m         
[36m(ClientAppActor pid=523024)[0m 
[36m(ClientAppActor pid=523024)[0m         
[36m(ClientAppActor pid=522999)[0m 
[36m(ClientAppActor pid=522999)[0m         
[92mINFO [0m:      aggregate_evaluate: received 5 results and 0 failures
[92mINFO [0m:      
[92mINFO [0m:      [ROUND 10]
[92mINFO [0m:      configure_fit: strategy sampled 5 clients (out of 5)
[36m(ClientAppActor pid=522999)[0m 
[36m(ClientAppActor pid=522999)[0m         
[36m(ClientAppActor pid=523024)[0m 
[36m(ClientAppActor pid=523024)[0m         
[36m(ClientAppActor pid=522991)[0m 
[36m(ClientAppActor pid=522991)[0m         
[36m(ClientAppActor pid=522990)[0m 
[36m(ClientAppActor pid=522990)[0m         
[36m(ClientAppActor pid=523025)[0m 
[36m(ClientAppActor pid=523025)[0m         
[92mINFO [0m:      aggregate_fit: received 5 results and 0 failures
[92mINFO [0m:      fit progress: (10, 3.386944439411163, {'accuracy': 0.7124, 'loss': 3.386944439411163}, 132.72764571901644)
[92mINFO [0m:      configure_evaluate: strategy sampled 5 clients (out of 5)
[36m(ClientAppActor pid=523024)[0m 
[36m(ClientAppActor pid=523024)[0m         
[36m(ClientAppActor pid=523024)[0m [93mWARNING [0m:   DEPRECATED FEATURE: `client_fn` now expects a signature `def client_fn(context: Context)`.The provided `client_fn` has signature: {'cid': <Parameter "cid: str">}. You can import the `Context` like this: `from flwr.app import Context`[32m [repeated 10x across cluster][0m
[36m(ClientAppActor pid=523024)[0m             This is a deprecated feature. It will be removed[32m [repeated 10x across cluster][0m
[36m(ClientAppActor pid=523024)[0m             entirely in future versions of Flower.[32m [repeated 10x across cluster][0m
[36m(ClientAppActor pid=522991)[0m 
[36m(ClientAppActor pid=522991)[0m         
[36m(ClientAppActor pid=522999)[0m 
[36m(ClientAppActor pid=522999)[0m         
[36m(ClientAppActor pid=522990)[0m 
[36m(ClientAppActor pid=522990)[0m         
[36m(ClientAppActor pid=523025)[0m 
[36m(ClientAppActor pid=523025)[0m         
[92mINFO [0m:      aggregate_evaluate: received 5 results and 0 failures
[92mINFO [0m:      
[92mINFO [0m:      [SUMMARY]
[92mINFO [0m:      Run finished 10 round(s) in 133.60s
[92mINFO [0m:      	History (loss, distributed):
[92mINFO [0m:      		round 1: 2.3124558260651673
[92mINFO [0m:      		round 2: 1.4503614124702233
[92mINFO [0m:      		round 3: 2.796516968112509
[92mINFO [0m:      		round 4: 3.133622817513274
[92mINFO [0m:      		round 5: 3.2140882668756587
[92mINFO [0m:      		round 6: 2.5434627710651903
[92mINFO [0m:      		round 7: 2.3881355487093443
[92mINFO [0m:      		round 8: 2.095490181097845
[92mINFO [0m:      		round 9: 2.56222174840481
[92mINFO [0m:      		round 10: 3.1942456445010867
[92mINFO [0m:      	History (loss, centralized):
[92mINFO [0m:      		round 0: 2.3032265678405763
[92mINFO [0m:      		round 1: 2.3179867195129393
[92mINFO [0m:      		round 2: 1.4354076686859132
[92mINFO [0m:      		round 3: 2.9255459047317505
[92mINFO [0m:      		round 4: 3.268111853790283
[92mINFO [0m:      		round 5: 3.2898511123657226
[92mINFO [0m:      		round 6: 2.6050508310317992
[92mINFO [0m:      		round 7: 2.4365754447937014
[92mINFO [0m:      		round 8: 2.2225047657012937
[92mINFO [0m:      		round 9: 2.6518627108573916
[92mINFO [0m:      		round 10: 3.386944439411163
[92mINFO [0m:      	History (metrics, distributed, fit):
[92mINFO [0m:      	{'avg_flops_per_client_round': [(1, 8140624189440.0),
[92mINFO [0m:      	                                (2, 8140624189440.0),
[92mINFO [0m:      	                                (3, 8140624189440.0),
[92mINFO [0m:      	                                (4, 8140624189440.0),
[92mINFO [0m:      	                                (5, 8140624189440.0),
[92mINFO [0m:      	                                (6, 8140624189440.0),
[92mINFO [0m:      	                                (7, 8140624189440.0),
[92mINFO [0m:      	                                (8, 8140624189440.0),
[92mINFO [0m:      	                                (9, 8140624189440.0),
[92mINFO [0m:      	                                (10, 8140624189440.0)],
[92mINFO [0m:      	 'total_flops_round': [(1, 40703120947200),
[92mINFO [0m:      	                       (2, 40703120947200),
[92mINFO [0m:      	                       (3, 40703120947200),
[92mINFO [0m:      	                       (4, 40703120947200),
[92mINFO [0m:      	                       (5, 40703120947200),
[92mINFO [0m:      	                       (6, 40703120947200),
[92mINFO [0m:      	                       (7, 40703120947200),
[92mINFO [0m:      	                       (8, 40703120947200),
[92mINFO [0m:      	                       (9, 40703120947200),
[92mINFO [0m:      	                       (10, 40703120947200)]}
[92mINFO [0m:      	History (metrics, distributed, evaluate):
[92mINFO [0m:      	{'accuracy': [(1, 0.10304121648659464),
[92mINFO [0m:      	              (2, 0.45958383353341337),
[92mINFO [0m:      	              (3, 0.547218887555022),
[92mINFO [0m:      	              (4, 0.5688275310124049),
[92mINFO [0m:      	              (5, 0.6678671468587435),
[92mINFO [0m:      	              (6, 0.6920768307322929),
[92mINFO [0m:      	              (7, 0.681672669067627),
[92mINFO [0m:      	              (8, 0.695078031212485),
[92mINFO [0m:      	              (9, 0.68687474989996),
[92mINFO [0m:      	              (10, 0.7066826730692277)],
[92mINFO [0m:      	 'loss': [(1, 2.3124558260651673),
[92mINFO [0m:      	          (2, 1.4503614124702233),
[92mINFO [0m:      	          (3, 2.796516968112509),
[92mINFO [0m:      	          (4, 3.133622817513274),
[92mINFO [0m:      	          (5, 3.2140882668756587),
[92mINFO [0m:      	          (6, 2.5434627710651903),
[92mINFO [0m:      	          (7, 2.3881355487093443),
[92mINFO [0m:      	          (8, 2.095490181097845),
[92mINFO [0m:      	          (9, 2.56222174840481),
[92mINFO [0m:      	          (10, 3.1942456445010867)]}
[92mINFO [0m:      	History (metrics, centralized):
[92mINFO [0m:      	{'accuracy': [(0, 0.1),
[92mINFO [0m:      	              (1, 0.1),
[92mINFO [0m:      	              (2, 0.4663),
[92mINFO [0m:      	              (3, 0.5477),
[92mINFO [0m:      	              (4, 0.5679),
[92mINFO [0m:      	              (5, 0.6715),
[92mINFO [0m:      	              (6, 0.6904),
[92mINFO [0m:      	              (7, 0.6765),
[92mINFO [0m:      	              (8, 0.6881),
[92mINFO [0m:      	              (9, 0.6916),
[92mINFO [0m:      	              (10, 0.7124)],
[92mINFO [0m:      	 'loss': [(0, 2.3032265678405763),
[92mINFO [0m:      	          (1, 2.3179867195129393),
[92mINFO [0m:      	          (2, 1.4354076686859132),
[92mINFO [0m:      	          (3, 2.9255459047317505),
[92mINFO [0m:      	          (4, 3.268111853790283),
[92mINFO [0m:      	          (5, 3.2898511123657226),
[92mINFO [0m:      	          (6, 2.6050508310317992),
[92mINFO [0m:      	          (7, 2.4365754447937014),
[92mINFO [0m:      	          (8, 2.2225047657012937),
[92mINFO [0m:      	          (9, 2.6518627108573916),
[92mINFO [0m:      	          (10, 3.386944439411163)]}
[92mINFO [0m:      
Treinando no dispositivo: cuda:0 com o dataset: CIFAR10 | Setup clientes: 5 (num_gpus por cliente=0.2) | SEED=46 | Método: FedAvgM (server_momentum=0.9, server_lr=1.0)
FLOPS por amostra (forward): 6.030e+07 | (forward+backward, 3x): 1.809e+08
Files already downloaded and verified
Files already downloaded and verified
Dividindo o dataset usando a distribuição de Dirichlet com alpha=1.0.
Iniciando a simulação de Aprendizado Federado...
=== Diagnóstico de Medição de GPU ===
  pynvml_disponivel: True
  pynvml_versao: 580.173.02
  gpus_detectadas: 1
  leitura_potencia_ok: True
  potencia_atual_W: 115.293

--- Rodada 0 - Avaliação Centralizada (Servidor) ---
Loss (Servidor): 2.3032 | Acurácia (Servidor): 0.1000

--- Rodada 1 - Avaliação Centralizada (Servidor) ---
Loss (Servidor): 2.3180 | Acurácia (Servidor): 0.1000
--- Avaliação Agregada (Clientes) ---
Loss Média (Clientes): 2.3125 | Acurácia Média (Clientes): 0.1030

--- Rodada 2 - Avaliação Centralizada (Servidor) ---
Loss (Servidor): 1.4354 | Acurácia (Servidor): 0.4663
--- Avaliação Agregada (Clientes) ---
Loss Média (Clientes): 1.4504 | Acurácia Média (Clientes): 0.4596

--- Rodada 3 - Avaliação Centralizada (Servidor) ---
Loss (Servidor): 2.9255 | Acurácia (Servidor): 0.5477
--- Avaliação Agregada (Clientes) ---
Loss Média (Clientes): 2.7965 | Acurácia Média (Clientes): 0.5472

--- Rodada 4 - Avaliação Centralizada (Servidor) ---
Loss (Servidor): 3.2681 | Acurácia (Servidor): 0.5679
--- Avaliação Agregada (Clientes) ---
Loss Média (Clientes): 3.1336 | Acurácia Média (Clientes): 0.5688

--- Rodada 5 - Avaliação Centralizada (Servidor) ---
Loss (Servidor): 3.2899 | Acurácia (Servidor): 0.6715
--- Avaliação Agregada (Clientes) ---
Loss Média (Clientes): 3.2141 | Acurácia Média (Clientes): 0.6679

--- Rodada 6 - Avaliação Centralizada (Servidor) ---
Loss (Servidor): 2.6051 | Acurácia (Servidor): 0.6904
--- Avaliação Agregada (Clientes) ---
Loss Média (Clientes): 2.5435 | Acurácia Média (Clientes): 0.6921

--- Rodada 7 - Avaliação Centralizada (Servidor) ---
Loss (Servidor): 2.4366 | Acurácia (Servidor): 0.6765
--- Avaliação Agregada (Clientes) ---
Loss Média (Clientes): 2.3881 | Acurácia Média (Clientes): 0.6817

--- Rodada 8 - Avaliação Centralizada (Servidor) ---
Loss (Servidor): 2.2225 | Acurácia (Servidor): 0.6881
--- Avaliação Agregada (Clientes) ---
Loss Média (Clientes): 2.0955 | Acurácia Média (Clientes): 0.6951

--- Rodada 9 - Avaliação Centralizada (Servidor) ---
Loss (Servidor): 2.6519 | Acurácia (Servidor): 0.6916
--- Avaliação Agregada (Clientes) ---
Loss Média (Clientes): 2.5622 | Acurácia Média (Clientes): 0.6869

--- Rodada 10 - Avaliação Centralizada (Servidor) ---
Loss (Servidor): 3.3869 | Acurácia (Servidor): 0.7124
--- Avaliação Agregada (Clientes) ---
Loss Média (Clientes): 3.1942 | Acurácia Média (Clientes): 0.7067

Resultados salvos em: /home/tiago/GitHubProjects/fedhad-thesis-2/FedAvgM-results/1.1_diagnostico_drift/CIFAR10/FedAvgM__CIFAR10__Setup-5__Clients-5__Rounds-10__Delay-0_05__Alpha-1_0__Seed-46.txt
[36m(ClientAppActor pid=523025)[0m [93mWARNING [0m:   DEPRECATED FEATURE: `client_fn` now expects a signature `def client_fn(context: Context)`.The provided `client_fn` has signature: {'cid': <Parameter "cid: str">}. You can import the `Context` like this: `from flwr.app import Context`[32m [repeated 4x across cluster][0m
[36m(ClientAppActor pid=523025)[0m             This is a deprecated feature. It will be removed[32m [repeated 4x across cluster][0m
[36m(ClientAppActor pid=523025)[0m             entirely in future versions of Flower.[32m [repeated 4x across cluster][0m
