[codecarbon WARNING @ 11:29:49] Multiple instances of codecarbon are allowed to run at the same time.
[93mWARNING [0m:   DEPRECATED FEATURE: flwr.simulation.start_simulation() is deprecated.
	Instead, use the `flwr run` CLI command to start a local simulation in your Flower app, as shown for example below:

		$ flwr new  # Create a new Flower app from a template

		$ flwr run  # Run the Flower app in Simulation Mode

	Using `start_simulation()` is deprecated.

            This is a deprecated feature. It will be removed
            entirely in future versions of Flower.
        
[92mINFO [0m:      Starting Flower simulation, config: num_rounds=10, no round_timeout
2026-09-04 11:29:57,647	INFO worker.py:2012 -- Started a local Ray instance.
/home/tiago/GitHubProjects/fedhad-thesis-2/env_flwr_pt/lib/python3.12/site-packages/ray/_private/worker.py:2051: FutureWarning: Tip: In future versions of Ray, Ray will no longer override accelerator visible devices env var if num_gpus=0 or num_gpus=None (default). To enable this behavior and turn off this error message, set RAY_ACCEL_ENV_VAR_OVERRIDE_ON_ZERO=0
  warnings.warn(
[92mINFO [0m:      Flower VCE: Ray initialized with resources: {'GPU': 1.0, 'object_store_memory': 77733543936.0, 'node:__internal_head__': 1.0, 'memory': 181378269184.0, 'accelerator_type:A40': 1.0, 'node:10.129.64.100': 1.0, 'CPU': 64.0}
[92mINFO [0m:      Optimize your simulation with Flower VCE: https://flower.ai/docs/framework/how-to-run-simulations.html
/home/tiago/GitHubProjects/fedhad-thesis-2/FedAVG_Final.py:1577: UserWarning: No `num_cpus` specified in `client_resources`. Using `num_cpus=1` for each client.
  history = fl.simulation.start_simulation(
[92mINFO [0m:      Flower VCE: Resources for each Virtual Client: {'num_gpus': 0.2, 'num_cpus': 1}
[92mINFO [0m:      Flower VCE: Creating VirtualClientEngineActorPool with 5 actors
[92mINFO [0m:      [INIT]
[92mINFO [0m:      Requesting initial parameters from one random client
[36m(ClientAppActor pid=279427)[0m [93mWARNING [0m:   DEPRECATED FEATURE: `client_fn` now expects a signature `def client_fn(context: Context)`.The provided `client_fn` has signature: {'cid': <Parameter "cid: str">}. You can import the `Context` like this: `from flwr.app import Context`
[36m(ClientAppActor pid=279427)[0m 
[36m(ClientAppActor pid=279427)[0m             This is a deprecated feature. It will be removed
[36m(ClientAppActor pid=279427)[0m             entirely in future versions of Flower.
[36m(ClientAppActor pid=279427)[0m         
[92mINFO [0m:      Received initial parameters from one random client
[92mINFO [0m:      Starting evaluation of initial global parameters
[92mINFO [0m:      initial parameters (loss, other metrics): 2.3029143394470215, {'accuracy': 0.1, 'loss': 2.3029143394470215}
[92mINFO [0m:      
[92mINFO [0m:      [ROUND 1]
[92mINFO [0m:      configure_fit: strategy sampled 5 clients (out of 5)
[36m(ClientAppActor pid=279427)[0m [93mWARNING [0m:   DEPRECATED FEATURE: `client_fn` now expects a signature `def client_fn(context: Context)`.The provided `client_fn` has signature: {'cid': <Parameter "cid: str">}. You can import the `Context` like this: `from flwr.app import Context`
[36m(ClientAppActor pid=279427)[0m 
[36m(ClientAppActor pid=279427)[0m             This is a deprecated feature. It will be removed
[36m(ClientAppActor pid=279427)[0m             entirely in future versions of Flower.
[36m(ClientAppActor pid=279427)[0m         
[36m(ClientAppActor pid=279428)[0m 
[36m(ClientAppActor pid=279428)[0m         
[36m(ClientAppActor pid=279426)[0m 
[36m(ClientAppActor pid=279426)[0m         
[36m(ClientAppActor pid=279425)[0m 
[36m(ClientAppActor pid=279425)[0m         
[36m(ClientAppActor pid=279424)[0m 
[36m(ClientAppActor pid=279424)[0m         
[92mINFO [0m:      aggregate_fit: received 5 results and 0 failures
[92mINFO [0m:      fit progress: (1, 2.320124712753296, {'accuracy': 0.1, 'loss': 2.320124712753296}, 15.741096709039994)
[92mINFO [0m:      configure_evaluate: strategy sampled 5 clients (out of 5)
[36m(ClientAppActor pid=279426)[0m 
[36m(ClientAppActor pid=279426)[0m         
[36m(ClientAppActor pid=279426)[0m [93mWARNING [0m:   DEPRECATED FEATURE: `client_fn` now expects a signature `def client_fn(context: Context)`.The provided `client_fn` has signature: {'cid': <Parameter "cid: str">}. You can import the `Context` like this: `from flwr.app import Context`[32m [repeated 5x across cluster] (Ray deduplicates logs by default. Set RAY_DEDUP_LOGS=0 to disable log deduplication, or see https://docs.ray.io/en/master/ray-observability/user-guides/configure-logging.html#log-deduplication for more options.)[0m
[36m(ClientAppActor pid=279426)[0m             This is a deprecated feature. It will be removed[32m [repeated 5x across cluster][0m
[36m(ClientAppActor pid=279426)[0m             entirely in future versions of Flower.[32m [repeated 5x across cluster][0m
[36m(ClientAppActor pid=279425)[0m 
[36m(ClientAppActor pid=279425)[0m         
[36m(ClientAppActor pid=279424)[0m 
[36m(ClientAppActor pid=279424)[0m         
[36m(ClientAppActor pid=279428)[0m 
[36m(ClientAppActor pid=279428)[0m         
[36m(ClientAppActor pid=279427)[0m 
[36m(ClientAppActor pid=279427)[0m         
[92mINFO [0m:      aggregate_evaluate: received 5 results and 0 failures
[92mINFO [0m:      
[92mINFO [0m:      [ROUND 2]
[92mINFO [0m:      configure_fit: strategy sampled 5 clients (out of 5)
[36m(ClientAppActor pid=279427)[0m 
[36m(ClientAppActor pid=279427)[0m         
[36m(ClientAppActor pid=279428)[0m 
[36m(ClientAppActor pid=279428)[0m         
[36m(ClientAppActor pid=279424)[0m 
[36m(ClientAppActor pid=279424)[0m         
[36m(ClientAppActor pid=279425)[0m 
[36m(ClientAppActor pid=279425)[0m         
[36m(ClientAppActor pid=279426)[0m 
[36m(ClientAppActor pid=279426)[0m         
[92mINFO [0m:      aggregate_fit: received 5 results and 0 failures
[92mINFO [0m:      fit progress: (2, 1.0206839195251465, {'accuracy': 0.6358, 'loss': 1.0206839195251465}, 30.962884438049514)
[92mINFO [0m:      configure_evaluate: strategy sampled 5 clients (out of 5)
[36m(ClientAppActor pid=279426)[0m 
[36m(ClientAppActor pid=279426)[0m         
[36m(ClientAppActor pid=279426)[0m [93mWARNING [0m:   DEPRECATED FEATURE: `client_fn` now expects a signature `def client_fn(context: Context)`.The provided `client_fn` has signature: {'cid': <Parameter "cid: str">}. You can import the `Context` like this: `from flwr.app import Context`[32m [repeated 10x across cluster][0m
[36m(ClientAppActor pid=279426)[0m             This is a deprecated feature. It will be removed[32m [repeated 10x across cluster][0m
[36m(ClientAppActor pid=279426)[0m             entirely in future versions of Flower.[32m [repeated 10x across cluster][0m
[36m(ClientAppActor pid=279425)[0m 
[36m(ClientAppActor pid=279425)[0m         
[36m(ClientAppActor pid=279427)[0m 
[36m(ClientAppActor pid=279427)[0m         
[36m(ClientAppActor pid=279424)[0m 
[36m(ClientAppActor pid=279424)[0m         
[36m(ClientAppActor pid=279428)[0m 
[36m(ClientAppActor pid=279428)[0m         
[92mINFO [0m:      aggregate_evaluate: received 5 results and 0 failures
[92mINFO [0m:      
[92mINFO [0m:      [ROUND 3]
[92mINFO [0m:      configure_fit: strategy sampled 5 clients (out of 5)
[36m(ClientAppActor pid=279428)[0m 
[36m(ClientAppActor pid=279428)[0m         
[36m(ClientAppActor pid=279424)[0m 
[36m(ClientAppActor pid=279424)[0m         
[36m(ClientAppActor pid=279425)[0m 
[36m(ClientAppActor pid=279425)[0m         
[36m(ClientAppActor pid=279427)[0m 
[36m(ClientAppActor pid=279427)[0m         
[36m(ClientAppActor pid=279426)[0m 
[36m(ClientAppActor pid=279426)[0m         
[92mINFO [0m:      aggregate_fit: received 5 results and 0 failures
[92mINFO [0m:      fit progress: (3, 0.7260009858131409, {'accuracy': 0.7459, 'loss': 0.7260009858131409}, 46.14488973101834)
[92mINFO [0m:      configure_evaluate: strategy sampled 5 clients (out of 5)
[36m(ClientAppActor pid=279425)[0m 
[36m(ClientAppActor pid=279425)[0m         
[36m(ClientAppActor pid=279425)[0m [93mWARNING [0m:   DEPRECATED FEATURE: `client_fn` now expects a signature `def client_fn(context: Context)`.The provided `client_fn` has signature: {'cid': <Parameter "cid: str">}. You can import the `Context` like this: `from flwr.app import Context`[32m [repeated 10x across cluster][0m
[36m(ClientAppActor pid=279425)[0m             This is a deprecated feature. It will be removed[32m [repeated 10x across cluster][0m
[36m(ClientAppActor pid=279425)[0m             entirely in future versions of Flower.[32m [repeated 10x across cluster][0m
[36m(ClientAppActor pid=279426)[0m 
[36m(ClientAppActor pid=279426)[0m         
[36m(ClientAppActor pid=279428)[0m 
[36m(ClientAppActor pid=279428)[0m         
[36m(ClientAppActor pid=279427)[0m 
[36m(ClientAppActor pid=279427)[0m         
[36m(ClientAppActor pid=279424)[0m 
[36m(ClientAppActor pid=279424)[0m         
[92mINFO [0m:      aggregate_evaluate: received 5 results and 0 failures
[92mINFO [0m:      
[92mINFO [0m:      [ROUND 4]
[92mINFO [0m:      configure_fit: strategy sampled 5 clients (out of 5)
[36m(ClientAppActor pid=279424)[0m 
[36m(ClientAppActor pid=279424)[0m         
[36m(ClientAppActor pid=279427)[0m 
[36m(ClientAppActor pid=279427)[0m         
[36m(ClientAppActor pid=279428)[0m 
[36m(ClientAppActor pid=279428)[0m         
[36m(ClientAppActor pid=279426)[0m 
[36m(ClientAppActor pid=279426)[0m         
[36m(ClientAppActor pid=279425)[0m 
[36m(ClientAppActor pid=279425)[0m         
[92mINFO [0m:      aggregate_fit: received 5 results and 0 failures
[92mINFO [0m:      fit progress: (4, 0.638636507320404, {'accuracy': 0.7876, 'loss': 0.638636507320404}, 60.83591237803921)
[92mINFO [0m:      configure_evaluate: strategy sampled 5 clients (out of 5)
[36m(ClientAppActor pid=279424)[0m 
[36m(ClientAppActor pid=279424)[0m         
[36m(ClientAppActor pid=279424)[0m [93mWARNING [0m:   DEPRECATED FEATURE: `client_fn` now expects a signature `def client_fn(context: Context)`.The provided `client_fn` has signature: {'cid': <Parameter "cid: str">}. You can import the `Context` like this: `from flwr.app import Context`[32m [repeated 10x across cluster][0m
[36m(ClientAppActor pid=279424)[0m             This is a deprecated feature. It will be removed[32m [repeated 10x across cluster][0m
[36m(ClientAppActor pid=279424)[0m             entirely in future versions of Flower.[32m [repeated 10x across cluster][0m
[36m(ClientAppActor pid=279425)[0m 
[36m(ClientAppActor pid=279425)[0m         
[36m(ClientAppActor pid=279427)[0m 
[36m(ClientAppActor pid=279427)[0m         
[36m(ClientAppActor pid=279426)[0m 
[36m(ClientAppActor pid=279426)[0m         
[36m(ClientAppActor pid=279428)[0m 
[36m(ClientAppActor pid=279428)[0m         
[92mINFO [0m:      aggregate_evaluate: received 5 results and 0 failures
[92mINFO [0m:      
[92mINFO [0m:      [ROUND 5]
[92mINFO [0m:      configure_fit: strategy sampled 5 clients (out of 5)
[36m(ClientAppActor pid=279428)[0m 
[36m(ClientAppActor pid=279428)[0m         
[36m(ClientAppActor pid=279426)[0m 
[36m(ClientAppActor pid=279426)[0m         
[36m(ClientAppActor pid=279427)[0m 
[36m(ClientAppActor pid=279427)[0m         
[36m(ClientAppActor pid=279425)[0m 
[36m(ClientAppActor pid=279425)[0m         
[36m(ClientAppActor pid=279424)[0m 
[36m(ClientAppActor pid=279424)[0m         
[92mINFO [0m:      aggregate_fit: received 5 results and 0 failures
[92mINFO [0m:      fit progress: (5, 0.6527820006847381, {'accuracy': 0.7915, 'loss': 0.6527820006847381}, 75.57038094702875)
[92mINFO [0m:      configure_evaluate: strategy sampled 5 clients (out of 5)
[36m(ClientAppActor pid=279428)[0m 
[36m(ClientAppActor pid=279428)[0m         
[36m(ClientAppActor pid=279428)[0m [93mWARNING [0m:   DEPRECATED FEATURE: `client_fn` now expects a signature `def client_fn(context: Context)`.The provided `client_fn` has signature: {'cid': <Parameter "cid: str">}. You can import the `Context` like this: `from flwr.app import Context`[32m [repeated 10x across cluster][0m
[36m(ClientAppActor pid=279428)[0m             This is a deprecated feature. It will be removed[32m [repeated 10x across cluster][0m
[36m(ClientAppActor pid=279428)[0m             entirely in future versions of Flower.[32m [repeated 10x across cluster][0m
[36m(ClientAppActor pid=279424)[0m 
[36m(ClientAppActor pid=279424)[0m         
[36m(ClientAppActor pid=279425)[0m 
[36m(ClientAppActor pid=279425)[0m         
[36m(ClientAppActor pid=279427)[0m 
[36m(ClientAppActor pid=279427)[0m         
[36m(ClientAppActor pid=279426)[0m 
[36m(ClientAppActor pid=279426)[0m         
[92mINFO [0m:      aggregate_evaluate: received 5 results and 0 failures
[92mINFO [0m:      
[92mINFO [0m:      [ROUND 6]
[92mINFO [0m:      configure_fit: strategy sampled 5 clients (out of 5)
[36m(ClientAppActor pid=279426)[0m 
[36m(ClientAppActor pid=279426)[0m         
[36m(ClientAppActor pid=279427)[0m 
[36m(ClientAppActor pid=279427)[0m         
[36m(ClientAppActor pid=279424)[0m 
[36m(ClientAppActor pid=279424)[0m         
[36m(ClientAppActor pid=279425)[0m 
[36m(ClientAppActor pid=279425)[0m         
[36m(ClientAppActor pid=279428)[0m 
[36m(ClientAppActor pid=279428)[0m         
[92mINFO [0m:      aggregate_fit: received 5 results and 0 failures
[92mINFO [0m:      fit progress: (6, 0.6325008977413178, {'accuracy': 0.8094, 'loss': 0.6325008977413178}, 90.73416937800357)
[92mINFO [0m:      configure_evaluate: strategy sampled 5 clients (out of 5)
[36m(ClientAppActor pid=279425)[0m 
[36m(ClientAppActor pid=279425)[0m         
[36m(ClientAppActor pid=279425)[0m [93mWARNING [0m:   DEPRECATED FEATURE: `client_fn` now expects a signature `def client_fn(context: Context)`.The provided `client_fn` has signature: {'cid': <Parameter "cid: str">}. You can import the `Context` like this: `from flwr.app import Context`[32m [repeated 10x across cluster][0m
[36m(ClientAppActor pid=279425)[0m             This is a deprecated feature. It will be removed[32m [repeated 10x across cluster][0m
[36m(ClientAppActor pid=279425)[0m             entirely in future versions of Flower.[32m [repeated 10x across cluster][0m
[36m(ClientAppActor pid=279428)[0m 
[36m(ClientAppActor pid=279428)[0m         
[36m(ClientAppActor pid=279426)[0m 
[36m(ClientAppActor pid=279426)[0m         
[36m(ClientAppActor pid=279424)[0m 
[36m(ClientAppActor pid=279424)[0m         
[36m(ClientAppActor pid=279427)[0m 
[36m(ClientAppActor pid=279427)[0m         
[92mINFO [0m:      aggregate_evaluate: received 5 results and 0 failures
[92mINFO [0m:      
[92mINFO [0m:      [ROUND 7]
[92mINFO [0m:      configure_fit: strategy sampled 5 clients (out of 5)
[36m(ClientAppActor pid=279427)[0m 
[36m(ClientAppActor pid=279427)[0m         
[36m(ClientAppActor pid=279424)[0m 
[36m(ClientAppActor pid=279424)[0m         
[36m(ClientAppActor pid=279426)[0m 
[36m(ClientAppActor pid=279426)[0m         
[36m(ClientAppActor pid=279428)[0m 
[36m(ClientAppActor pid=279428)[0m         
[36m(ClientAppActor pid=279425)[0m 
[36m(ClientAppActor pid=279425)[0m         
[92mINFO [0m:      aggregate_fit: received 5 results and 0 failures
[92mINFO [0m:      fit progress: (7, 0.6317342127799987, {'accuracy': 0.8147, 'loss': 0.6317342127799987}, 105.63523322000401)
[92mINFO [0m:      configure_evaluate: strategy sampled 5 clients (out of 5)
[36m(ClientAppActor pid=279426)[0m 
[36m(ClientAppActor pid=279426)[0m         
[36m(ClientAppActor pid=279426)[0m [93mWARNING [0m:   DEPRECATED FEATURE: `client_fn` now expects a signature `def client_fn(context: Context)`.The provided `client_fn` has signature: {'cid': <Parameter "cid: str">}. You can import the `Context` like this: `from flwr.app import Context`[32m [repeated 10x across cluster][0m
[36m(ClientAppActor pid=279426)[0m             This is a deprecated feature. It will be removed[32m [repeated 10x across cluster][0m
[36m(ClientAppActor pid=279426)[0m             entirely in future versions of Flower.[32m [repeated 10x across cluster][0m
[36m(ClientAppActor pid=279425)[0m 
[36m(ClientAppActor pid=279425)[0m         
[36m(ClientAppActor pid=279424)[0m 
[36m(ClientAppActor pid=279424)[0m         
[36m(ClientAppActor pid=279428)[0m 
[36m(ClientAppActor pid=279428)[0m         
[36m(ClientAppActor pid=279427)[0m 
[36m(ClientAppActor pid=279427)[0m         
[92mINFO [0m:      aggregate_evaluate: received 5 results and 0 failures
[92mINFO [0m:      
[92mINFO [0m:      [ROUND 8]
[92mINFO [0m:      configure_fit: strategy sampled 5 clients (out of 5)
[36m(ClientAppActor pid=279427)[0m 
[36m(ClientAppActor pid=279427)[0m         
[36m(ClientAppActor pid=279428)[0m 
[36m(ClientAppActor pid=279428)[0m         
[36m(ClientAppActor pid=279424)[0m 
[36m(ClientAppActor pid=279424)[0m         
[36m(ClientAppActor pid=279425)[0m 
[36m(ClientAppActor pid=279425)[0m         
[36m(ClientAppActor pid=279426)[0m 
[36m(ClientAppActor pid=279426)[0m         
[92mINFO [0m:      aggregate_fit: received 5 results and 0 failures
[92mINFO [0m:      fit progress: (8, 0.6403632620334625, {'accuracy': 0.8202, 'loss': 0.6403632620334625}, 120.23883877700428)
[92mINFO [0m:      configure_evaluate: strategy sampled 5 clients (out of 5)
[36m(ClientAppActor pid=279427)[0m 
[36m(ClientAppActor pid=279427)[0m         
[36m(ClientAppActor pid=279427)[0m [93mWARNING [0m:   DEPRECATED FEATURE: `client_fn` now expects a signature `def client_fn(context: Context)`.The provided `client_fn` has signature: {'cid': <Parameter "cid: str">}. You can import the `Context` like this: `from flwr.app import Context`[32m [repeated 10x across cluster][0m
[36m(ClientAppActor pid=279427)[0m             This is a deprecated feature. It will be removed[32m [repeated 10x across cluster][0m
[36m(ClientAppActor pid=279427)[0m             entirely in future versions of Flower.[32m [repeated 10x across cluster][0m
[36m(ClientAppActor pid=279426)[0m 
[36m(ClientAppActor pid=279426)[0m         
[36m(ClientAppActor pid=279428)[0m 
[36m(ClientAppActor pid=279428)[0m         
[36m(ClientAppActor pid=279425)[0m 
[36m(ClientAppActor pid=279425)[0m         
[36m(ClientAppActor pid=279424)[0m 
[36m(ClientAppActor pid=279424)[0m         
[92mINFO [0m:      aggregate_evaluate: received 5 results and 0 failures
[92mINFO [0m:      
[92mINFO [0m:      [ROUND 9]
[92mINFO [0m:      configure_fit: strategy sampled 5 clients (out of 5)
[36m(ClientAppActor pid=279424)[0m 
[36m(ClientAppActor pid=279424)[0m         
[36m(ClientAppActor pid=279425)[0m 
[36m(ClientAppActor pid=279425)[0m         
[36m(ClientAppActor pid=279428)[0m 
[36m(ClientAppActor pid=279428)[0m         
[36m(ClientAppActor pid=279426)[0m 
[36m(ClientAppActor pid=279426)[0m         
[36m(ClientAppActor pid=279427)[0m 
[36m(ClientAppActor pid=279427)[0m         
[92mINFO [0m:      aggregate_fit: received 5 results and 0 failures
[92mINFO [0m:      fit progress: (9, 0.6768665802955628, {'accuracy': 0.8205, 'loss': 0.6768665802955628}, 135.1200425120187)
[92mINFO [0m:      configure_evaluate: strategy sampled 5 clients (out of 5)
[36m(ClientAppActor pid=279425)[0m 
[36m(ClientAppActor pid=279425)[0m         
[36m(ClientAppActor pid=279425)[0m [93mWARNING [0m:   DEPRECATED FEATURE: `client_fn` now expects a signature `def client_fn(context: Context)`.The provided `client_fn` has signature: {'cid': <Parameter "cid: str">}. You can import the `Context` like this: `from flwr.app import Context`[32m [repeated 10x across cluster][0m
[36m(ClientAppActor pid=279425)[0m             This is a deprecated feature. It will be removed[32m [repeated 10x across cluster][0m
[36m(ClientAppActor pid=279425)[0m             entirely in future versions of Flower.[32m [repeated 10x across cluster][0m
[36m(ClientAppActor pid=279427)[0m 
[36m(ClientAppActor pid=279427)[0m         
[36m(ClientAppActor pid=279424)[0m 
[36m(ClientAppActor pid=279424)[0m         
[36m(ClientAppActor pid=279426)[0m 
[36m(ClientAppActor pid=279426)[0m         
[36m(ClientAppActor pid=279428)[0m 
[36m(ClientAppActor pid=279428)[0m         
[92mINFO [0m:      aggregate_evaluate: received 5 results and 0 failures
[92mINFO [0m:      
[92mINFO [0m:      [ROUND 10]
[92mINFO [0m:      configure_fit: strategy sampled 5 clients (out of 5)
[36m(ClientAppActor pid=279428)[0m 
[36m(ClientAppActor pid=279428)[0m         
[36m(ClientAppActor pid=279426)[0m 
[36m(ClientAppActor pid=279426)[0m         
[36m(ClientAppActor pid=279424)[0m 
[36m(ClientAppActor pid=279424)[0m         
[36m(ClientAppActor pid=279427)[0m 
[36m(ClientAppActor pid=279427)[0m         
[36m(ClientAppActor pid=279425)[0m 
[36m(ClientAppActor pid=279425)[0m         
[92mINFO [0m:      aggregate_fit: received 5 results and 0 failures
[92mINFO [0m:      fit progress: (10, 0.6993776516914367, {'accuracy': 0.8185, 'loss': 0.6993776516914367}, 149.83973377605435)
[92mINFO [0m:      configure_evaluate: strategy sampled 5 clients (out of 5)
[36m(ClientAppActor pid=279424)[0m 
[36m(ClientAppActor pid=279424)[0m         
[36m(ClientAppActor pid=279424)[0m [93mWARNING [0m:   DEPRECATED FEATURE: `client_fn` now expects a signature `def client_fn(context: Context)`.The provided `client_fn` has signature: {'cid': <Parameter "cid: str">}. You can import the `Context` like this: `from flwr.app import Context`[32m [repeated 10x across cluster][0m
[36m(ClientAppActor pid=279424)[0m             This is a deprecated feature. It will be removed[32m [repeated 10x across cluster][0m
[36m(ClientAppActor pid=279424)[0m             entirely in future versions of Flower.[32m [repeated 10x across cluster][0m
[36m(ClientAppActor pid=279425)[0m 
[36m(ClientAppActor pid=279425)[0m         
[36m(ClientAppActor pid=279426)[0m 
[36m(ClientAppActor pid=279426)[0m         
[36m(ClientAppActor pid=279427)[0m 
[36m(ClientAppActor pid=279427)[0m         
[36m(ClientAppActor pid=279428)[0m 
[36m(ClientAppActor pid=279428)[0m         
[92mINFO [0m:      aggregate_evaluate: received 5 results and 0 failures
[92mINFO [0m:      
[92mINFO [0m:      [SUMMARY]
[92mINFO [0m:      Run finished 10 round(s) in 150.69s
[92mINFO [0m:      	History (loss, distributed):
[92mINFO [0m:      		round 1: 2.3180043740289693
[92mINFO [0m:      		round 2: 1.0012695550823174
[92mINFO [0m:      		round 3: 0.7059018468203283
[92mINFO [0m:      		round 4: 0.6105174714518266
[92mINFO [0m:      		round 5: 0.6209715905630229
[92mINFO [0m:      		round 6: 0.5980857947773086
[92mINFO [0m:      		round 7: 0.5914099315010781
[92mINFO [0m:      		round 8: 0.6071036164509077
[92mINFO [0m:      		round 9: 0.6204512366342457
[92mINFO [0m:      		round 10: 0.6459910730127802
[92mINFO [0m:      	History (loss, centralized):
[92mINFO [0m:      		round 0: 2.3029143394470215
[92mINFO [0m:      		round 1: 2.320124712753296
[92mINFO [0m:      		round 2: 1.0206839195251465
[92mINFO [0m:      		round 3: 0.7260009858131409
[92mINFO [0m:      		round 4: 0.638636507320404
[92mINFO [0m:      		round 5: 0.6527820006847381
[92mINFO [0m:      		round 6: 0.6325008977413178
[92mINFO [0m:      		round 7: 0.6317342127799987
[92mINFO [0m:      		round 8: 0.6403632620334625
[92mINFO [0m:      		round 9: 0.6768665802955628
[92mINFO [0m:      		round 10: 0.6993776516914367
[92mINFO [0m:      	History (metrics, distributed, fit):
[92mINFO [0m:      	{'avg_flops_per_client_round': [(1, 8140624189440.0),
[92mINFO [0m:      	                                (2, 8140624189440.0),
[92mINFO [0m:      	                                (3, 8140624189440.0),
[92mINFO [0m:      	                                (4, 8140624189440.0),
[92mINFO [0m:      	                                (5, 8140624189440.0),
[92mINFO [0m:      	                                (6, 8140624189440.0),
[92mINFO [0m:      	                                (7, 8140624189440.0),
[92mINFO [0m:      	                                (8, 8140624189440.0),
[92mINFO [0m:      	                                (9, 8140624189440.0),
[92mINFO [0m:      	                                (10, 8140624189440.0)],
[92mINFO [0m:      	 'total_flops_round': [(1, 40703120947200),
[92mINFO [0m:      	                       (2, 40703120947200),
[92mINFO [0m:      	                       (3, 40703120947200),
[92mINFO [0m:      	                       (4, 40703120947200),
[92mINFO [0m:      	                       (5, 40703120947200),
[92mINFO [0m:      	                       (6, 40703120947200),
[92mINFO [0m:      	                       (7, 40703120947200),
[92mINFO [0m:      	                       (8, 40703120947200),
[92mINFO [0m:      	                       (9, 40703120947200),
[92mINFO [0m:      	                       (10, 40703120947200)]}
[92mINFO [0m:      	History (metrics, distributed, evaluate):
[92mINFO [0m:      	{'accuracy': [(1, 0.09803921568627451),
[92mINFO [0m:      	              (2, 0.6502601040416166),
[92mINFO [0m:      	              (3, 0.7507002801120448),
[92mINFO [0m:      	              (4, 0.7931172468987595),
[92mINFO [0m:      	              (5, 0.7961184473789515),
[92mINFO [0m:      	              (6, 0.8119247699079631),
[92mINFO [0m:      	              (7, 0.8227290916366546),
[92mINFO [0m:      	              (8, 0.8235294117647058),
[92mINFO [0m:      	              (9, 0.8267306922769108),
[92mINFO [0m:      	              (10, 0.8241296518607443)],
[92mINFO [0m:      	 'loss': [(1, 2.3180043740289693),
[92mINFO [0m:      	          (2, 1.0012695550823174),
[92mINFO [0m:      	          (3, 0.7059018468203283),
[92mINFO [0m:      	          (4, 0.6105174714518266),
[92mINFO [0m:      	          (5, 0.6209715905630229),
[92mINFO [0m:      	          (6, 0.5980857947773086),
[92mINFO [0m:      	          (7, 0.5914099315010781),
[92mINFO [0m:      	          (8, 0.6071036164509077),
[92mINFO [0m:      	          (9, 0.6204512366342457),
[92mINFO [0m:      	          (10, 0.6459910730127802)]}
[92mINFO [0m:      	History (metrics, centralized):
[92mINFO [0m:      	{'accuracy': [(0, 0.1),
[92mINFO [0m:      	              (1, 0.1),
[92mINFO [0m:      	              (2, 0.6358),
[92mINFO [0m:      	              (3, 0.7459),
[92mINFO [0m:      	              (4, 0.7876),
[92mINFO [0m:      	              (5, 0.7915),
[92mINFO [0m:      	              (6, 0.8094),
[92mINFO [0m:      	              (7, 0.8147),
[92mINFO [0m:      	              (8, 0.8202),
[92mINFO [0m:      	              (9, 0.8205),
[92mINFO [0m:      	              (10, 0.8185)],
[92mINFO [0m:      	 'loss': [(0, 2.3029143394470215),
[92mINFO [0m:      	          (1, 2.320124712753296),
[92mINFO [0m:      	          (2, 1.0206839195251465),
[92mINFO [0m:      	          (3, 0.7260009858131409),
[92mINFO [0m:      	          (4, 0.638636507320404),
[92mINFO [0m:      	          (5, 0.6527820006847381),
[92mINFO [0m:      	          (6, 0.6325008977413178),
[92mINFO [0m:      	          (7, 0.6317342127799987),
[92mINFO [0m:      	          (8, 0.6403632620334625),
[92mINFO [0m:      	          (9, 0.6768665802955628),
[92mINFO [0m:      	          (10, 0.6993776516914367)]}
[92mINFO [0m:      
Treinando no dispositivo: cuda:0 com o dataset: CIFAR10 | Setup clientes: 5 (num_gpus por cliente=0.2) | SEED=44
FLOPS por amostra (forward): 6.030e+07 | (forward+backward, 3x): 1.809e+08
Files already downloaded and verified
Files already downloaded and verified
Dividindo o dataset usando a distribuição de Dirichlet com alpha=1.0.
Iniciando a simulação de Aprendizado Federado...
=== Diagnóstico de Medição de GPU ===
  pynvml_disponivel: True
  pynvml_versao: 580.173.02
  gpus_detectadas: 1
  leitura_potencia_ok: True
  potencia_atual_W: 115.115

--- Rodada 0 - Avaliação Centralizada (Servidor) ---
Loss (Servidor): 2.3029 | Acurácia (Servidor): 0.1000

--- Rodada 1 - Avaliação Centralizada (Servidor) ---
Loss (Servidor): 2.3201 | Acurácia (Servidor): 0.1000
--- Avaliação Agregada (Clientes) ---
Loss Média (Clientes): 2.3180 | Acurácia Média (Clientes): 0.0980

--- Rodada 2 - Avaliação Centralizada (Servidor) ---
Loss (Servidor): 1.0207 | Acurácia (Servidor): 0.6358
--- Avaliação Agregada (Clientes) ---
Loss Média (Clientes): 1.0013 | Acurácia Média (Clientes): 0.6503

--- Rodada 3 - Avaliação Centralizada (Servidor) ---
Loss (Servidor): 0.7260 | Acurácia (Servidor): 0.7459
--- Avaliação Agregada (Clientes) ---
Loss Média (Clientes): 0.7059 | Acurácia Média (Clientes): 0.7507

--- Rodada 4 - Avaliação Centralizada (Servidor) ---
Loss (Servidor): 0.6386 | Acurácia (Servidor): 0.7876
--- Avaliação Agregada (Clientes) ---
Loss Média (Clientes): 0.6105 | Acurácia Média (Clientes): 0.7931

--- Rodada 5 - Avaliação Centralizada (Servidor) ---
Loss (Servidor): 0.6528 | Acurácia (Servidor): 0.7915
--- Avaliação Agregada (Clientes) ---
Loss Média (Clientes): 0.6210 | Acurácia Média (Clientes): 0.7961

--- Rodada 6 - Avaliação Centralizada (Servidor) ---
Loss (Servidor): 0.6325 | Acurácia (Servidor): 0.8094
--- Avaliação Agregada (Clientes) ---
Loss Média (Clientes): 0.5981 | Acurácia Média (Clientes): 0.8119

--- Rodada 7 - Avaliação Centralizada (Servidor) ---
Loss (Servidor): 0.6317 | Acurácia (Servidor): 0.8147
--- Avaliação Agregada (Clientes) ---
Loss Média (Clientes): 0.5914 | Acurácia Média (Clientes): 0.8227

--- Rodada 8 - Avaliação Centralizada (Servidor) ---
Loss (Servidor): 0.6404 | Acurácia (Servidor): 0.8202
--- Avaliação Agregada (Clientes) ---
Loss Média (Clientes): 0.6071 | Acurácia Média (Clientes): 0.8235

--- Rodada 9 - Avaliação Centralizada (Servidor) ---
Loss (Servidor): 0.6769 | Acurácia (Servidor): 0.8205
--- Avaliação Agregada (Clientes) ---
Loss Média (Clientes): 0.6205 | Acurácia Média (Clientes): 0.8267

--- Rodada 10 - Avaliação Centralizada (Servidor) ---
Loss (Servidor): 0.6994 | Acurácia (Servidor): 0.8185
--- Avaliação Agregada (Clientes) ---
Loss Média (Clientes): 0.6460 | Acurácia Média (Clientes): 0.8241

Resultados salvos em: /home/tiago/GitHubProjects/fedhad-thesis-2/FedAVG-results/1.1_diagnostico_drift/CIFAR10/FedAVG__CIFAR10__Setup-5__Clients-5__Rounds-10__Delay-0_05__Alpha-1_0__Seed-44.txt
[36m(ClientAppActor pid=279428)[0m [93mWARNING [0m:   DEPRECATED FEATURE: `client_fn` now expects a signature `def client_fn(context: Context)`.The provided `client_fn` has signature: {'cid': <Parameter "cid: str">}. You can import the `Context` like this: `from flwr.app import Context`[32m [repeated 4x across cluster][0m
[36m(ClientAppActor pid=279428)[0m             This is a deprecated feature. It will be removed[32m [repeated 4x across cluster][0m
[36m(ClientAppActor pid=279428)[0m             entirely in future versions of Flower.[32m [repeated 4x across cluster][0m
