[codecarbon WARNING @ 11:35:36] Multiple instances of codecarbon are allowed to run at the same time.
[93mWARNING [0m:   DEPRECATED FEATURE: flwr.simulation.start_simulation() is deprecated.
	Instead, use the `flwr run` CLI command to start a local simulation in your Flower app, as shown for example below:

		$ flwr new  # Create a new Flower app from a template

		$ flwr run  # Run the Flower app in Simulation Mode

	Using `start_simulation()` is deprecated.

            This is a deprecated feature. It will be removed
            entirely in future versions of Flower.
        
[92mINFO [0m:      Starting Flower simulation, config: num_rounds=10, no round_timeout
2026-09-04 11:35:44,663	INFO worker.py:2012 -- Started a local Ray instance.
/home/tiago/GitHubProjects/fedhad-thesis-2/env_flwr_pt/lib/python3.12/site-packages/ray/_private/worker.py:2051: FutureWarning: Tip: In future versions of Ray, Ray will no longer override accelerator visible devices env var if num_gpus=0 or num_gpus=None (default). To enable this behavior and turn off this error message, set RAY_ACCEL_ENV_VAR_OVERRIDE_ON_ZERO=0
  warnings.warn(
[92mINFO [0m:      Flower VCE: Ray initialized with resources: {'object_store_memory': 77734474137.0, 'accelerator_type:A40': 1.0, 'CPU': 64.0, 'memory': 181380439655.0, 'node:10.129.64.100': 1.0, 'node:__internal_head__': 1.0, 'GPU': 1.0}
[92mINFO [0m:      Optimize your simulation with Flower VCE: https://flower.ai/docs/framework/how-to-run-simulations.html
/home/tiago/GitHubProjects/fedhad-thesis-2/FedAVG_Final.py:1577: UserWarning: No `num_cpus` specified in `client_resources`. Using `num_cpus=1` for each client.
  history = fl.simulation.start_simulation(
[92mINFO [0m:      Flower VCE: Resources for each Virtual Client: {'num_gpus': 0.2, 'num_cpus': 1}
[92mINFO [0m:      Flower VCE: Creating VirtualClientEngineActorPool with 5 actors
[92mINFO [0m:      [INIT]
[92mINFO [0m:      Requesting initial parameters from one random client
[36m(ClientAppActor pid=294535)[0m [93mWARNING [0m:   DEPRECATED FEATURE: `client_fn` now expects a signature `def client_fn(context: Context)`.The provided `client_fn` has signature: {'cid': <Parameter "cid: str">}. You can import the `Context` like this: `from flwr.app import Context`
[36m(ClientAppActor pid=294535)[0m 
[36m(ClientAppActor pid=294535)[0m             This is a deprecated feature. It will be removed
[36m(ClientAppActor pid=294535)[0m             entirely in future versions of Flower.
[36m(ClientAppActor pid=294535)[0m         
[92mINFO [0m:      Received initial parameters from one random client
[92mINFO [0m:      Starting evaluation of initial global parameters
[92mINFO [0m:      initial parameters (loss, other metrics): 2.3032451732635497, {'accuracy': 0.1, 'loss': 2.3032451732635497}
[92mINFO [0m:      
[92mINFO [0m:      [ROUND 1]
[92mINFO [0m:      configure_fit: strategy sampled 5 clients (out of 5)
[36m(ClientAppActor pid=294535)[0m [93mWARNING [0m:   DEPRECATED FEATURE: `client_fn` now expects a signature `def client_fn(context: Context)`.The provided `client_fn` has signature: {'cid': <Parameter "cid: str">}. You can import the `Context` like this: `from flwr.app import Context`
[36m(ClientAppActor pid=294535)[0m 
[36m(ClientAppActor pid=294535)[0m             This is a deprecated feature. It will be removed
[36m(ClientAppActor pid=294535)[0m             entirely in future versions of Flower.
[36m(ClientAppActor pid=294535)[0m         
[36m(ClientAppActor pid=294530)[0m 
[36m(ClientAppActor pid=294530)[0m         
[36m(ClientAppActor pid=294532)[0m 
[36m(ClientAppActor pid=294532)[0m         
[36m(ClientAppActor pid=294533)[0m 
[36m(ClientAppActor pid=294533)[0m         
[36m(ClientAppActor pid=294525)[0m 
[36m(ClientAppActor pid=294525)[0m         
[92mINFO [0m:      aggregate_fit: received 5 results and 0 failures
[92mINFO [0m:      fit progress: (1, 2.3130828239440917, {'accuracy': 0.1032, 'loss': 2.3130828239440917}, 14.77202243899228)
[92mINFO [0m:      configure_evaluate: strategy sampled 5 clients (out of 5)
[36m(ClientAppActor pid=294525)[0m 
[36m(ClientAppActor pid=294525)[0m         
[36m(ClientAppActor pid=294525)[0m [93mWARNING [0m:   DEPRECATED FEATURE: `client_fn` now expects a signature `def client_fn(context: Context)`.The provided `client_fn` has signature: {'cid': <Parameter "cid: str">}. You can import the `Context` like this: `from flwr.app import Context`[32m [repeated 5x across cluster] (Ray deduplicates logs by default. Set RAY_DEDUP_LOGS=0 to disable log deduplication, or see https://docs.ray.io/en/master/ray-observability/user-guides/configure-logging.html#log-deduplication for more options.)[0m
[36m(ClientAppActor pid=294525)[0m             This is a deprecated feature. It will be removed[32m [repeated 5x across cluster][0m
[36m(ClientAppActor pid=294525)[0m             entirely in future versions of Flower.[32m [repeated 5x across cluster][0m
[36m(ClientAppActor pid=294533)[0m 
[36m(ClientAppActor pid=294533)[0m         
[36m(ClientAppActor pid=294530)[0m 
[36m(ClientAppActor pid=294530)[0m         
[36m(ClientAppActor pid=294532)[0m 
[36m(ClientAppActor pid=294532)[0m         
[36m(ClientAppActor pid=294535)[0m 
[36m(ClientAppActor pid=294535)[0m         
[92mINFO [0m:      aggregate_evaluate: received 5 results and 0 failures
[92mINFO [0m:      
[92mINFO [0m:      [ROUND 2]
[92mINFO [0m:      configure_fit: strategy sampled 5 clients (out of 5)
[36m(ClientAppActor pid=294535)[0m 
[36m(ClientAppActor pid=294535)[0m         
[36m(ClientAppActor pid=294532)[0m 
[36m(ClientAppActor pid=294532)[0m         
[36m(ClientAppActor pid=294530)[0m 
[36m(ClientAppActor pid=294530)[0m         
[36m(ClientAppActor pid=294533)[0m 
[36m(ClientAppActor pid=294533)[0m         
[36m(ClientAppActor pid=294525)[0m 
[36m(ClientAppActor pid=294525)[0m         
[92mINFO [0m:      aggregate_fit: received 5 results and 0 failures
[92mINFO [0m:      fit progress: (2, 1.2151318866729737, {'accuracy': 0.5975, 'loss': 1.2151318866729737}, 28.008143968996592)
[92mINFO [0m:      configure_evaluate: strategy sampled 5 clients (out of 5)
[36m(ClientAppActor pid=294535)[0m 
[36m(ClientAppActor pid=294535)[0m         
[36m(ClientAppActor pid=294535)[0m [93mWARNING [0m:   DEPRECATED FEATURE: `client_fn` now expects a signature `def client_fn(context: Context)`.The provided `client_fn` has signature: {'cid': <Parameter "cid: str">}. You can import the `Context` like this: `from flwr.app import Context`[32m [repeated 10x across cluster][0m
[36m(ClientAppActor pid=294535)[0m             This is a deprecated feature. It will be removed[32m [repeated 10x across cluster][0m
[36m(ClientAppActor pid=294535)[0m             entirely in future versions of Flower.[32m [repeated 10x across cluster][0m
[36m(ClientAppActor pid=294525)[0m 
[36m(ClientAppActor pid=294525)[0m         
[36m(ClientAppActor pid=294533)[0m 
[36m(ClientAppActor pid=294533)[0m         
[36m(ClientAppActor pid=294530)[0m 
[36m(ClientAppActor pid=294530)[0m         
[36m(ClientAppActor pid=294532)[0m 
[36m(ClientAppActor pid=294532)[0m         
[92mINFO [0m:      aggregate_evaluate: received 5 results and 0 failures
[92mINFO [0m:      
[92mINFO [0m:      [ROUND 3]
[92mINFO [0m:      configure_fit: strategy sampled 5 clients (out of 5)
[36m(ClientAppActor pid=294532)[0m 
[36m(ClientAppActor pid=294532)[0m         
[36m(ClientAppActor pid=294530)[0m 
[36m(ClientAppActor pid=294530)[0m         
[36m(ClientAppActor pid=294533)[0m 
[36m(ClientAppActor pid=294533)[0m         
[36m(ClientAppActor pid=294525)[0m 
[36m(ClientAppActor pid=294525)[0m         
[36m(ClientAppActor pid=294535)[0m 
[36m(ClientAppActor pid=294535)[0m         
[92mINFO [0m:      aggregate_fit: received 5 results and 0 failures
[92mINFO [0m:      fit progress: (3, 0.7588062634468079, {'accuracy': 0.7324, 'loss': 0.7588062634468079}, 41.27838463499211)
[92mINFO [0m:      configure_evaluate: strategy sampled 5 clients (out of 5)
[36m(ClientAppActor pid=294525)[0m 
[36m(ClientAppActor pid=294525)[0m         
[36m(ClientAppActor pid=294525)[0m [93mWARNING [0m:   DEPRECATED FEATURE: `client_fn` now expects a signature `def client_fn(context: Context)`.The provided `client_fn` has signature: {'cid': <Parameter "cid: str">}. You can import the `Context` like this: `from flwr.app import Context`[32m [repeated 10x across cluster][0m
[36m(ClientAppActor pid=294525)[0m             This is a deprecated feature. It will be removed[32m [repeated 10x across cluster][0m
[36m(ClientAppActor pid=294525)[0m             entirely in future versions of Flower.[32m [repeated 10x across cluster][0m
[36m(ClientAppActor pid=294535)[0m 
[36m(ClientAppActor pid=294535)[0m         
[36m(ClientAppActor pid=294530)[0m 
[36m(ClientAppActor pid=294530)[0m         
[36m(ClientAppActor pid=294533)[0m 
[36m(ClientAppActor pid=294533)[0m         
[36m(ClientAppActor pid=294532)[0m 
[36m(ClientAppActor pid=294532)[0m         
[92mINFO [0m:      aggregate_evaluate: received 5 results and 0 failures
[92mINFO [0m:      
[92mINFO [0m:      [ROUND 4]
[92mINFO [0m:      configure_fit: strategy sampled 5 clients (out of 5)
[36m(ClientAppActor pid=294532)[0m 
[36m(ClientAppActor pid=294532)[0m         
[36m(ClientAppActor pid=294533)[0m 
[36m(ClientAppActor pid=294533)[0m         
[36m(ClientAppActor pid=294530)[0m 
[36m(ClientAppActor pid=294530)[0m         
[36m(ClientAppActor pid=294535)[0m 
[36m(ClientAppActor pid=294535)[0m         
[36m(ClientAppActor pid=294525)[0m 
[36m(ClientAppActor pid=294525)[0m         
[92mINFO [0m:      aggregate_fit: received 5 results and 0 failures
[92mINFO [0m:      fit progress: (4, 0.6802403242111206, {'accuracy': 0.7662, 'loss': 0.6802403242111206}, 54.28798095398815)
[92mINFO [0m:      configure_evaluate: strategy sampled 5 clients (out of 5)
[36m(ClientAppActor pid=294532)[0m 
[36m(ClientAppActor pid=294532)[0m         
[36m(ClientAppActor pid=294532)[0m [93mWARNING [0m:   DEPRECATED FEATURE: `client_fn` now expects a signature `def client_fn(context: Context)`.The provided `client_fn` has signature: {'cid': <Parameter "cid: str">}. You can import the `Context` like this: `from flwr.app import Context`[32m [repeated 10x across cluster][0m
[36m(ClientAppActor pid=294532)[0m             This is a deprecated feature. It will be removed[32m [repeated 10x across cluster][0m
[36m(ClientAppActor pid=294532)[0m             entirely in future versions of Flower.[32m [repeated 10x across cluster][0m
[36m(ClientAppActor pid=294525)[0m 
[36m(ClientAppActor pid=294525)[0m         
[36m(ClientAppActor pid=294533)[0m 
[36m(ClientAppActor pid=294533)[0m         
[36m(ClientAppActor pid=294535)[0m 
[36m(ClientAppActor pid=294535)[0m         
[36m(ClientAppActor pid=294530)[0m 
[36m(ClientAppActor pid=294530)[0m         
[92mINFO [0m:      aggregate_evaluate: received 5 results and 0 failures
[92mINFO [0m:      
[92mINFO [0m:      [ROUND 5]
[92mINFO [0m:      configure_fit: strategy sampled 5 clients (out of 5)
[36m(ClientAppActor pid=294530)[0m 
[36m(ClientAppActor pid=294530)[0m         
[36m(ClientAppActor pid=294535)[0m 
[36m(ClientAppActor pid=294535)[0m         
[36m(ClientAppActor pid=294525)[0m 
[36m(ClientAppActor pid=294525)[0m         
[36m(ClientAppActor pid=294533)[0m 
[36m(ClientAppActor pid=294533)[0m         
[36m(ClientAppActor pid=294532)[0m 
[36m(ClientAppActor pid=294532)[0m         
[92mINFO [0m:      aggregate_fit: received 5 results and 0 failures
[92mINFO [0m:      fit progress: (5, 0.6319444787979126, {'accuracy': 0.7918, 'loss': 0.6319444787979126}, 67.24282421095995)
[92mINFO [0m:      configure_evaluate: strategy sampled 5 clients (out of 5)
[36m(ClientAppActor pid=294530)[0m 
[36m(ClientAppActor pid=294530)[0m         
[36m(ClientAppActor pid=294530)[0m [93mWARNING [0m:   DEPRECATED FEATURE: `client_fn` now expects a signature `def client_fn(context: Context)`.The provided `client_fn` has signature: {'cid': <Parameter "cid: str">}. You can import the `Context` like this: `from flwr.app import Context`[32m [repeated 10x across cluster][0m
[36m(ClientAppActor pid=294530)[0m             This is a deprecated feature. It will be removed[32m [repeated 10x across cluster][0m
[36m(ClientAppActor pid=294530)[0m             entirely in future versions of Flower.[32m [repeated 10x across cluster][0m
[36m(ClientAppActor pid=294533)[0m 
[36m(ClientAppActor pid=294533)[0m         
[36m(ClientAppActor pid=294535)[0m 
[36m(ClientAppActor pid=294535)[0m         
[36m(ClientAppActor pid=294532)[0m 
[36m(ClientAppActor pid=294532)[0m         
[36m(ClientAppActor pid=294525)[0m 
[36m(ClientAppActor pid=294525)[0m         
[92mINFO [0m:      aggregate_evaluate: received 5 results and 0 failures
[92mINFO [0m:      
[92mINFO [0m:      [ROUND 6]
[92mINFO [0m:      configure_fit: strategy sampled 5 clients (out of 5)
[36m(ClientAppActor pid=294525)[0m 
[36m(ClientAppActor pid=294525)[0m         
[36m(ClientAppActor pid=294532)[0m 
[36m(ClientAppActor pid=294532)[0m         
[36m(ClientAppActor pid=294535)[0m 
[36m(ClientAppActor pid=294535)[0m         
[36m(ClientAppActor pid=294533)[0m 
[36m(ClientAppActor pid=294533)[0m         
[36m(ClientAppActor pid=294530)[0m 
[36m(ClientAppActor pid=294530)[0m         
[92mINFO [0m:      aggregate_fit: received 5 results and 0 failures
[92mINFO [0m:      fit progress: (6, 0.62801913189888, {'accuracy': 0.8032, 'loss': 0.62801913189888}, 80.23849573498592)
[92mINFO [0m:      configure_evaluate: strategy sampled 5 clients (out of 5)
[36m(ClientAppActor pid=294525)[0m 
[36m(ClientAppActor pid=294525)[0m         
[36m(ClientAppActor pid=294525)[0m [93mWARNING [0m:   DEPRECATED FEATURE: `client_fn` now expects a signature `def client_fn(context: Context)`.The provided `client_fn` has signature: {'cid': <Parameter "cid: str">}. You can import the `Context` like this: `from flwr.app import Context`[32m [repeated 10x across cluster][0m
[36m(ClientAppActor pid=294525)[0m             This is a deprecated feature. It will be removed[32m [repeated 10x across cluster][0m
[36m(ClientAppActor pid=294525)[0m             entirely in future versions of Flower.[32m [repeated 10x across cluster][0m
[36m(ClientAppActor pid=294533)[0m 
[36m(ClientAppActor pid=294533)[0m         
[36m(ClientAppActor pid=294535)[0m 
[36m(ClientAppActor pid=294535)[0m         
[36m(ClientAppActor pid=294532)[0m 
[36m(ClientAppActor pid=294532)[0m         
[36m(ClientAppActor pid=294530)[0m 
[36m(ClientAppActor pid=294530)[0m         
[92mINFO [0m:      aggregate_evaluate: received 5 results and 0 failures
[92mINFO [0m:      
[92mINFO [0m:      [ROUND 7]
[92mINFO [0m:      configure_fit: strategy sampled 5 clients (out of 5)
[36m(ClientAppActor pid=294530)[0m 
[36m(ClientAppActor pid=294530)[0m         
[36m(ClientAppActor pid=294532)[0m 
[36m(ClientAppActor pid=294532)[0m         
[36m(ClientAppActor pid=294535)[0m 
[36m(ClientAppActor pid=294535)[0m         
[36m(ClientAppActor pid=294533)[0m 
[36m(ClientAppActor pid=294533)[0m         
[36m(ClientAppActor pid=294525)[0m 
[36m(ClientAppActor pid=294525)[0m         
[92mINFO [0m:      aggregate_fit: received 5 results and 0 failures
[92mINFO [0m:      fit progress: (7, 0.6398043916225433, {'accuracy': 0.8077, 'loss': 0.6398043916225433}, 93.17757138295565)
[92mINFO [0m:      configure_evaluate: strategy sampled 5 clients (out of 5)
[36m(ClientAppActor pid=294532)[0m 
[36m(ClientAppActor pid=294532)[0m         
[36m(ClientAppActor pid=294532)[0m [93mWARNING [0m:   DEPRECATED FEATURE: `client_fn` now expects a signature `def client_fn(context: Context)`.The provided `client_fn` has signature: {'cid': <Parameter "cid: str">}. You can import the `Context` like this: `from flwr.app import Context`[32m [repeated 10x across cluster][0m
[36m(ClientAppActor pid=294532)[0m             This is a deprecated feature. It will be removed[32m [repeated 10x across cluster][0m
[36m(ClientAppActor pid=294532)[0m             entirely in future versions of Flower.[32m [repeated 10x across cluster][0m
[36m(ClientAppActor pid=294525)[0m 
[36m(ClientAppActor pid=294525)[0m         
[36m(ClientAppActor pid=294535)[0m 
[36m(ClientAppActor pid=294535)[0m         
[36m(ClientAppActor pid=294533)[0m 
[36m(ClientAppActor pid=294533)[0m         
[36m(ClientAppActor pid=294530)[0m 
[36m(ClientAppActor pid=294530)[0m         
[92mINFO [0m:      aggregate_evaluate: received 5 results and 0 failures
[92mINFO [0m:      
[92mINFO [0m:      [ROUND 8]
[92mINFO [0m:      configure_fit: strategy sampled 5 clients (out of 5)
[36m(ClientAppActor pid=294530)[0m 
[36m(ClientAppActor pid=294530)[0m         
[36m(ClientAppActor pid=294533)[0m 
[36m(ClientAppActor pid=294533)[0m         
[36m(ClientAppActor pid=294525)[0m 
[36m(ClientAppActor pid=294525)[0m         
[36m(ClientAppActor pid=294535)[0m 
[36m(ClientAppActor pid=294535)[0m         
[36m(ClientAppActor pid=294532)[0m 
[36m(ClientAppActor pid=294532)[0m         
[92mINFO [0m:      aggregate_fit: received 5 results and 0 failures
[92mINFO [0m:      fit progress: (8, 0.6664980078935623, {'accuracy': 0.8088, 'loss': 0.6664980078935623}, 106.2335881589679)
[92mINFO [0m:      configure_evaluate: strategy sampled 5 clients (out of 5)
[36m(ClientAppActor pid=294525)[0m 
[36m(ClientAppActor pid=294525)[0m         
[36m(ClientAppActor pid=294525)[0m [93mWARNING [0m:   DEPRECATED FEATURE: `client_fn` now expects a signature `def client_fn(context: Context)`.The provided `client_fn` has signature: {'cid': <Parameter "cid: str">}. You can import the `Context` like this: `from flwr.app import Context`[32m [repeated 10x across cluster][0m
[36m(ClientAppActor pid=294525)[0m             This is a deprecated feature. It will be removed[32m [repeated 10x across cluster][0m
[36m(ClientAppActor pid=294525)[0m             entirely in future versions of Flower.[32m [repeated 10x across cluster][0m
[36m(ClientAppActor pid=294533)[0m 
[36m(ClientAppActor pid=294533)[0m         
[36m(ClientAppActor pid=294532)[0m 
[36m(ClientAppActor pid=294532)[0m         
[36m(ClientAppActor pid=294535)[0m 
[36m(ClientAppActor pid=294535)[0m         
[36m(ClientAppActor pid=294530)[0m 
[36m(ClientAppActor pid=294530)[0m         
[92mINFO [0m:      aggregate_evaluate: received 5 results and 0 failures
[92mINFO [0m:      
[92mINFO [0m:      [ROUND 9]
[92mINFO [0m:      configure_fit: strategy sampled 5 clients (out of 5)
[36m(ClientAppActor pid=294530)[0m 
[36m(ClientAppActor pid=294530)[0m         
[36m(ClientAppActor pid=294535)[0m 
[36m(ClientAppActor pid=294535)[0m         
[36m(ClientAppActor pid=294532)[0m 
[36m(ClientAppActor pid=294532)[0m         
[36m(ClientAppActor pid=294533)[0m 
[36m(ClientAppActor pid=294533)[0m         
[36m(ClientAppActor pid=294525)[0m 
[36m(ClientAppActor pid=294525)[0m         
[92mINFO [0m:      aggregate_fit: received 5 results and 0 failures
[92mINFO [0m:      fit progress: (9, 0.6779522776126862, {'accuracy': 0.8146, 'loss': 0.6779522776126862}, 119.32732545997715)
[92mINFO [0m:      configure_evaluate: strategy sampled 5 clients (out of 5)
[36m(ClientAppActor pid=294532)[0m 
[36m(ClientAppActor pid=294532)[0m         
[36m(ClientAppActor pid=294532)[0m [93mWARNING [0m:   DEPRECATED FEATURE: `client_fn` now expects a signature `def client_fn(context: Context)`.The provided `client_fn` has signature: {'cid': <Parameter "cid: str">}. You can import the `Context` like this: `from flwr.app import Context`[32m [repeated 10x across cluster][0m
[36m(ClientAppActor pid=294532)[0m             This is a deprecated feature. It will be removed[32m [repeated 10x across cluster][0m
[36m(ClientAppActor pid=294532)[0m             entirely in future versions of Flower.[32m [repeated 10x across cluster][0m
[36m(ClientAppActor pid=294535)[0m 
[36m(ClientAppActor pid=294535)[0m         
[36m(ClientAppActor pid=294533)[0m 
[36m(ClientAppActor pid=294533)[0m         
[36m(ClientAppActor pid=294525)[0m 
[36m(ClientAppActor pid=294525)[0m         
[36m(ClientAppActor pid=294530)[0m 
[36m(ClientAppActor pid=294530)[0m         
[92mINFO [0m:      aggregate_evaluate: received 5 results and 0 failures
[92mINFO [0m:      
[92mINFO [0m:      [ROUND 10]
[92mINFO [0m:      configure_fit: strategy sampled 5 clients (out of 5)
[36m(ClientAppActor pid=294530)[0m 
[36m(ClientAppActor pid=294530)[0m         
[36m(ClientAppActor pid=294525)[0m 
[36m(ClientAppActor pid=294525)[0m         
[36m(ClientAppActor pid=294533)[0m 
[36m(ClientAppActor pid=294533)[0m         
[36m(ClientAppActor pid=294535)[0m 
[36m(ClientAppActor pid=294535)[0m         
[36m(ClientAppActor pid=294532)[0m 
[36m(ClientAppActor pid=294532)[0m         
[92mINFO [0m:      aggregate_fit: received 5 results and 0 failures
[92mINFO [0m:      fit progress: (10, 0.709681116104126, {'accuracy': 0.8138, 'loss': 0.709681116104126}, 132.4959432099713)
[92mINFO [0m:      configure_evaluate: strategy sampled 5 clients (out of 5)
[36m(ClientAppActor pid=294525)[0m 
[36m(ClientAppActor pid=294525)[0m         
[36m(ClientAppActor pid=294525)[0m [93mWARNING [0m:   DEPRECATED FEATURE: `client_fn` now expects a signature `def client_fn(context: Context)`.The provided `client_fn` has signature: {'cid': <Parameter "cid: str">}. You can import the `Context` like this: `from flwr.app import Context`[32m [repeated 10x across cluster][0m
[36m(ClientAppActor pid=294525)[0m             This is a deprecated feature. It will be removed[32m [repeated 10x across cluster][0m
[36m(ClientAppActor pid=294525)[0m             entirely in future versions of Flower.[32m [repeated 10x across cluster][0m
[36m(ClientAppActor pid=294533)[0m 
[36m(ClientAppActor pid=294533)[0m         
[36m(ClientAppActor pid=294530)[0m 
[36m(ClientAppActor pid=294530)[0m         
[36m(ClientAppActor pid=294535)[0m 
[36m(ClientAppActor pid=294535)[0m         
[36m(ClientAppActor pid=294532)[0m 
[36m(ClientAppActor pid=294532)[0m         
[92mINFO [0m:      aggregate_evaluate: received 5 results and 0 failures
[92mINFO [0m:      
[92mINFO [0m:      [SUMMARY]
[92mINFO [0m:      Run finished 10 round(s) in 133.34s
[92mINFO [0m:      	History (loss, distributed):
[92mINFO [0m:      		round 1: 2.3073222817493084
[92mINFO [0m:      		round 2: 1.2328424133172555
[92mINFO [0m:      		round 3: 0.7653210233358824
[92mINFO [0m:      		round 4: 0.6776554720933173
[92mINFO [0m:      		round 5: 0.6463195190590922
[92mINFO [0m:      		round 6: 0.643157365442324
[92mINFO [0m:      		round 7: 0.6550791100764713
[92mINFO [0m:      		round 8: 0.6929733435056504
[92mINFO [0m:      		round 9: 0.6848001090161988
[92mINFO [0m:      		round 10: 0.7305372660639001
[92mINFO [0m:      	History (loss, centralized):
[92mINFO [0m:      		round 0: 2.3032451732635497
[92mINFO [0m:      		round 1: 2.3130828239440917
[92mINFO [0m:      		round 2: 1.2151318866729737
[92mINFO [0m:      		round 3: 0.7588062634468079
[92mINFO [0m:      		round 4: 0.6802403242111206
[92mINFO [0m:      		round 5: 0.6319444787979126
[92mINFO [0m:      		round 6: 0.62801913189888
[92mINFO [0m:      		round 7: 0.6398043916225433
[92mINFO [0m:      		round 8: 0.6664980078935623
[92mINFO [0m:      		round 9: 0.6779522776126862
[92mINFO [0m:      		round 10: 0.709681116104126
[92mINFO [0m:      	History (metrics, distributed, fit):
[92mINFO [0m:      	{'avg_flops_per_client_round': [(1, 8140624189440.0),
[92mINFO [0m:      	                                (2, 8140624189440.0),
[92mINFO [0m:      	                                (3, 8140624189440.0),
[92mINFO [0m:      	                                (4, 8140624189440.0),
[92mINFO [0m:      	                                (5, 8140624189440.0),
[92mINFO [0m:      	                                (6, 8140624189440.0),
[92mINFO [0m:      	                                (7, 8140624189440.0),
[92mINFO [0m:      	                                (8, 8140624189440.0),
[92mINFO [0m:      	                                (9, 8140624189440.0),
[92mINFO [0m:      	                                (10, 8140624189440.0)],
[92mINFO [0m:      	 'total_flops_round': [(1, 40703120947200),
[92mINFO [0m:      	                       (2, 40703120947200),
[92mINFO [0m:      	                       (3, 40703120947200),
[92mINFO [0m:      	                       (4, 40703120947200),
[92mINFO [0m:      	                       (5, 40703120947200),
[92mINFO [0m:      	                       (6, 40703120947200),
[92mINFO [0m:      	                       (7, 40703120947200),
[92mINFO [0m:      	                       (8, 40703120947200),
[92mINFO [0m:      	                       (9, 40703120947200),
[92mINFO [0m:      	                       (10, 40703120947200)]}
[92mINFO [0m:      	History (metrics, distributed, evaluate):
[92mINFO [0m:      	{'accuracy': [(1, 0.1054421768707483),
[92mINFO [0m:      	              (2, 0.5970388155262105),
[92mINFO [0m:      	              (3, 0.7278911564625851),
[92mINFO [0m:      	              (4, 0.7707082833133253),
[92mINFO [0m:      	              (5, 0.7877150860344138),
[92mINFO [0m:      	              (6, 0.8001200480192077),
[92mINFO [0m:      	              (7, 0.8073229291716687),
[92mINFO [0m:      	              (8, 0.7977190876350541),
[92mINFO [0m:      	              (9, 0.8083233293317327),
[92mINFO [0m:      	              (10, 0.8087234893957583)],
[92mINFO [0m:      	 'loss': [(1, 2.3073222817493084),
[92mINFO [0m:      	          (2, 1.2328424133172555),
[92mINFO [0m:      	          (3, 0.7653210233358824),
[92mINFO [0m:      	          (4, 0.6776554720933173),
[92mINFO [0m:      	          (5, 0.6463195190590922),
[92mINFO [0m:      	          (6, 0.643157365442324),
[92mINFO [0m:      	          (7, 0.6550791100764713),
[92mINFO [0m:      	          (8, 0.6929733435056504),
[92mINFO [0m:      	          (9, 0.6848001090161988),
[92mINFO [0m:      	          (10, 0.7305372660639001)]}
[92mINFO [0m:      	History (metrics, centralized):
[92mINFO [0m:      	{'accuracy': [(0, 0.1),
[92mINFO [0m:      	              (1, 0.1032),
[92mINFO [0m:      	              (2, 0.5975),
[92mINFO [0m:      	              (3, 0.7324),
[92mINFO [0m:      	              (4, 0.7662),
[92mINFO [0m:      	              (5, 0.7918),
[92mINFO [0m:      	              (6, 0.8032),
[92mINFO [0m:      	              (7, 0.8077),
[92mINFO [0m:      	              (8, 0.8088),
[92mINFO [0m:      	              (9, 0.8146),
[92mINFO [0m:      	              (10, 0.8138)],
[92mINFO [0m:      	 'loss': [(0, 2.3032451732635497),
[92mINFO [0m:      	          (1, 2.3130828239440917),
[92mINFO [0m:      	          (2, 1.2151318866729737),
[92mINFO [0m:      	          (3, 0.7588062634468079),
[92mINFO [0m:      	          (4, 0.6802403242111206),
[92mINFO [0m:      	          (5, 0.6319444787979126),
[92mINFO [0m:      	          (6, 0.62801913189888),
[92mINFO [0m:      	          (7, 0.6398043916225433),
[92mINFO [0m:      	          (8, 0.6664980078935623),
[92mINFO [0m:      	          (9, 0.6779522776126862),
[92mINFO [0m:      	          (10, 0.709681116104126)]}
[92mINFO [0m:      
Treinando no dispositivo: cuda:0 com o dataset: CIFAR10 | Setup clientes: 5 (num_gpus por cliente=0.2) | SEED=46
FLOPS por amostra (forward): 6.030e+07 | (forward+backward, 3x): 1.809e+08
Files already downloaded and verified
Files already downloaded and verified
Dividindo o dataset usando a distribuição de Dirichlet com alpha=1.0.
Iniciando a simulação de Aprendizado Federado...
=== Diagnóstico de Medição de GPU ===
  pynvml_disponivel: True
  pynvml_versao: 580.173.02
  gpus_detectadas: 1
  leitura_potencia_ok: True
  potencia_atual_W: 115.006

--- Rodada 0 - Avaliação Centralizada (Servidor) ---
Loss (Servidor): 2.3032 | Acurácia (Servidor): 0.1000

--- Rodada 1 - Avaliação Centralizada (Servidor) ---
Loss (Servidor): 2.3131 | Acurácia (Servidor): 0.1032
--- Avaliação Agregada (Clientes) ---
Loss Média (Clientes): 2.3073 | Acurácia Média (Clientes): 0.1054

--- Rodada 2 - Avaliação Centralizada (Servidor) ---
Loss (Servidor): 1.2151 | Acurácia (Servidor): 0.5975
--- Avaliação Agregada (Clientes) ---
Loss Média (Clientes): 1.2328 | Acurácia Média (Clientes): 0.5970

--- Rodada 3 - Avaliação Centralizada (Servidor) ---
Loss (Servidor): 0.7588 | Acurácia (Servidor): 0.7324
--- Avaliação Agregada (Clientes) ---
Loss Média (Clientes): 0.7653 | Acurácia Média (Clientes): 0.7279

--- Rodada 4 - Avaliação Centralizada (Servidor) ---
Loss (Servidor): 0.6802 | Acurácia (Servidor): 0.7662
--- Avaliação Agregada (Clientes) ---
Loss Média (Clientes): 0.6777 | Acurácia Média (Clientes): 0.7707

--- Rodada 5 - Avaliação Centralizada (Servidor) ---
Loss (Servidor): 0.6319 | Acurácia (Servidor): 0.7918
--- Avaliação Agregada (Clientes) ---
Loss Média (Clientes): 0.6463 | Acurácia Média (Clientes): 0.7877

--- Rodada 6 - Avaliação Centralizada (Servidor) ---
Loss (Servidor): 0.6280 | Acurácia (Servidor): 0.8032
--- Avaliação Agregada (Clientes) ---
Loss Média (Clientes): 0.6432 | Acurácia Média (Clientes): 0.8001

--- Rodada 7 - Avaliação Centralizada (Servidor) ---
Loss (Servidor): 0.6398 | Acurácia (Servidor): 0.8077
--- Avaliação Agregada (Clientes) ---
Loss Média (Clientes): 0.6551 | Acurácia Média (Clientes): 0.8073

--- Rodada 8 - Avaliação Centralizada (Servidor) ---
Loss (Servidor): 0.6665 | Acurácia (Servidor): 0.8088
--- Avaliação Agregada (Clientes) ---
Loss Média (Clientes): 0.6930 | Acurácia Média (Clientes): 0.7977

--- Rodada 9 - Avaliação Centralizada (Servidor) ---
Loss (Servidor): 0.6780 | Acurácia (Servidor): 0.8146
--- Avaliação Agregada (Clientes) ---
Loss Média (Clientes): 0.6848 | Acurácia Média (Clientes): 0.8083

--- Rodada 10 - Avaliação Centralizada (Servidor) ---
Loss (Servidor): 0.7097 | Acurácia (Servidor): 0.8138
--- Avaliação Agregada (Clientes) ---
Loss Média (Clientes): 0.7305 | Acurácia Média (Clientes): 0.8087

Resultados salvos em: /home/tiago/GitHubProjects/fedhad-thesis-2/FedAVG-results/1.1_diagnostico_drift/CIFAR10/FedAVG__CIFAR10__Setup-5__Clients-5__Rounds-10__Delay-0_05__Alpha-1_0__Seed-46.txt
[36m(ClientAppActor pid=294532)[0m [93mWARNING [0m:   DEPRECATED FEATURE: `client_fn` now expects a signature `def client_fn(context: Context)`.The provided `client_fn` has signature: {'cid': <Parameter "cid: str">}. You can import the `Context` like this: `from flwr.app import Context`[32m [repeated 4x across cluster][0m
[36m(ClientAppActor pid=294532)[0m             This is a deprecated feature. It will be removed[32m [repeated 4x across cluster][0m
[36m(ClientAppActor pid=294532)[0m             entirely in future versions of Flower.[32m [repeated 4x across cluster][0m
