/home/tiago/GitHubProjects/fedhad-thesis-2/env_flwr_pt/lib/python3.12/site-packages/torch/utils/data/dataset.py:473: UserWarning: Length of split at index 0 is 0. This might result in an empty dataset.
  warnings.warn(
[codecarbon WARNING @ 12:33:25] Multiple instances of codecarbon are allowed to run at the same time.
[93mWARNING [0m:   DEPRECATED FEATURE: flwr.simulation.start_simulation() is deprecated.
	Instead, use the `flwr run` CLI command to start a local simulation in your Flower app, as shown for example below:

		$ flwr new  # Create a new Flower app from a template

		$ flwr run  # Run the Flower app in Simulation Mode

	Using `start_simulation()` is deprecated.

            This is a deprecated feature. It will be removed
            entirely in future versions of Flower.
        
[92mINFO [0m:      Starting Flower simulation, config: num_rounds=10, no round_timeout
2026-09-04 12:33:34,092	INFO worker.py:2012 -- Started a local Ray instance.
/home/tiago/GitHubProjects/fedhad-thesis-2/env_flwr_pt/lib/python3.12/site-packages/ray/_private/worker.py:2051: FutureWarning: Tip: In future versions of Ray, Ray will no longer override accelerator visible devices env var if num_gpus=0 or num_gpus=None (default). To enable this behavior and turn off this error message, set RAY_ACCEL_ENV_VAR_OVERRIDE_ON_ZERO=0
  warnings.warn(
[92mINFO [0m:      Flower VCE: Ray initialized with resources: {'object_store_memory': 77750831923.0, 'GPU': 1.0, 'memory': 181418607821.0, 'accelerator_type:A40': 1.0, 'node:10.129.64.100': 1.0, 'node:__internal_head__': 1.0, 'CPU': 64.0}
[92mINFO [0m:      Optimize your simulation with Flower VCE: https://flower.ai/docs/framework/how-to-run-simulations.html
/home/tiago/GitHubProjects/fedhad-thesis-2/FedAVG_Final.py:1577: UserWarning: No `num_cpus` specified in `client_resources`. Using `num_cpus=1` for each client.
  history = fl.simulation.start_simulation(
[92mINFO [0m:      Flower VCE: Resources for each Virtual Client: {'num_gpus': 0.2, 'num_cpus': 1}
[92mINFO [0m:      Flower VCE: Creating VirtualClientEngineActorPool with 5 actors
[92mINFO [0m:      [INIT]
[92mINFO [0m:      Requesting initial parameters from one random client
[36m(ClientAppActor pid=446025)[0m [93mWARNING [0m:   DEPRECATED FEATURE: `client_fn` now expects a signature `def client_fn(context: Context)`.The provided `client_fn` has signature: {'cid': <Parameter "cid: str">}. You can import the `Context` like this: `from flwr.app import Context`
[36m(ClientAppActor pid=446025)[0m 
[36m(ClientAppActor pid=446025)[0m             This is a deprecated feature. It will be removed
[36m(ClientAppActor pid=446025)[0m             entirely in future versions of Flower.
[36m(ClientAppActor pid=446025)[0m         
[92mINFO [0m:      Received initial parameters from one random client
[92mINFO [0m:      Starting evaluation of initial global parameters
[92mINFO [0m:      initial parameters (loss, other metrics): 2.303062720489502, {'accuracy': 0.1, 'loss': 2.303062720489502}
[92mINFO [0m:      
[92mINFO [0m:      [ROUND 1]
[92mINFO [0m:      configure_fit: strategy sampled 5 clients (out of 5)
[36m(ClientAppActor pid=446025)[0m [93mWARNING [0m:   DEPRECATED FEATURE: `client_fn` now expects a signature `def client_fn(context: Context)`.The provided `client_fn` has signature: {'cid': <Parameter "cid: str">}. You can import the `Context` like this: `from flwr.app import Context`
[36m(ClientAppActor pid=446025)[0m 
[36m(ClientAppActor pid=446025)[0m             This is a deprecated feature. It will be removed
[36m(ClientAppActor pid=446025)[0m             entirely in future versions of Flower.
[36m(ClientAppActor pid=446025)[0m         
[36m(ClientAppActor pid=446028)[0m 
[36m(ClientAppActor pid=446028)[0m         
[36m(ClientAppActor pid=446026)[0m 
[36m(ClientAppActor pid=446026)[0m         
[36m(ClientAppActor pid=446024)[0m 
[36m(ClientAppActor pid=446024)[0m         
[36m(ClientAppActor pid=446027)[0m 
[36m(ClientAppActor pid=446027)[0m         
[92mINFO [0m:      aggregate_fit: received 5 results and 0 failures
[92mINFO [0m:      fit progress: (1, 2.3187274513244627, {'accuracy': 0.2507, 'loss': 2.3187274513244627}, 20.688854972016998)
[92mINFO [0m:      configure_evaluate: strategy sampled 5 clients (out of 5)
[36m(ClientAppActor pid=446027)[0m 
[36m(ClientAppActor pid=446027)[0m         
[36m(ClientAppActor pid=446027)[0m [93mWARNING [0m:   DEPRECATED FEATURE: `client_fn` now expects a signature `def client_fn(context: Context)`.The provided `client_fn` has signature: {'cid': <Parameter "cid: str">}. You can import the `Context` like this: `from flwr.app import Context`[32m [repeated 5x across cluster] (Ray deduplicates logs by default. Set RAY_DEDUP_LOGS=0 to disable log deduplication, or see https://docs.ray.io/en/master/ray-observability/user-guides/configure-logging.html#log-deduplication for more options.)[0m
[36m(ClientAppActor pid=446027)[0m             This is a deprecated feature. It will be removed[32m [repeated 5x across cluster][0m
[36m(ClientAppActor pid=446027)[0m             entirely in future versions of Flower.[32m [repeated 5x across cluster][0m
[36m(ClientAppActor pid=446024)[0m 
[36m(ClientAppActor pid=446024)[0m         
[36m(ClientAppActor pid=446026)[0m 
[36m(ClientAppActor pid=446026)[0m         
[36m(ClientAppActor pid=446028)[0m 
[36m(ClientAppActor pid=446028)[0m         
[36m(ClientAppActor pid=446025)[0m 
[36m(ClientAppActor pid=446025)[0m         
[92mINFO [0m:      aggregate_evaluate: received 5 results and 0 failures
[92mINFO [0m:      
[92mINFO [0m:      [ROUND 2]
[92mINFO [0m:      configure_fit: strategy sampled 5 clients (out of 5)
[36m(ClientAppActor pid=446025)[0m 
[36m(ClientAppActor pid=446025)[0m         
[36m(ClientAppActor pid=446028)[0m 
[36m(ClientAppActor pid=446028)[0m         
[36m(ClientAppActor pid=446024)[0m 
[36m(ClientAppActor pid=446024)[0m         
[36m(ClientAppActor pid=446026)[0m 
[36m(ClientAppActor pid=446026)[0m         
[36m(ClientAppActor pid=446027)[0m 
[36m(ClientAppActor pid=446027)[0m         
[92mINFO [0m:      aggregate_fit: received 5 results and 0 failures
[92mINFO [0m:      fit progress: (2, 1.893118567276001, {'accuracy': 0.408, 'loss': 1.893118567276001}, 39.978634983999655)
[92mINFO [0m:      configure_evaluate: strategy sampled 5 clients (out of 5)
[36m(ClientAppActor pid=446025)[0m 
[36m(ClientAppActor pid=446025)[0m         
[36m(ClientAppActor pid=446025)[0m [93mWARNING [0m:   DEPRECATED FEATURE: `client_fn` now expects a signature `def client_fn(context: Context)`.The provided `client_fn` has signature: {'cid': <Parameter "cid: str">}. You can import the `Context` like this: `from flwr.app import Context`[32m [repeated 10x across cluster][0m
[36m(ClientAppActor pid=446025)[0m             This is a deprecated feature. It will be removed[32m [repeated 10x across cluster][0m
[36m(ClientAppActor pid=446025)[0m             entirely in future versions of Flower.[32m [repeated 10x across cluster][0m
[36m(ClientAppActor pid=446027)[0m 
[36m(ClientAppActor pid=446027)[0m         
[36m(ClientAppActor pid=446026)[0m 
[36m(ClientAppActor pid=446026)[0m         
[36m(ClientAppActor pid=446028)[0m 
[36m(ClientAppActor pid=446028)[0m         
[36m(ClientAppActor pid=446024)[0m 
[36m(ClientAppActor pid=446024)[0m         
[92mINFO [0m:      aggregate_evaluate: received 5 results and 0 failures
[92mINFO [0m:      
[92mINFO [0m:      [ROUND 3]
[92mINFO [0m:      configure_fit: strategy sampled 5 clients (out of 5)
[36m(ClientAppActor pid=446028)[0m 
[36m(ClientAppActor pid=446028)[0m         
[36m(ClientAppActor pid=446024)[0m 
[36m(ClientAppActor pid=446024)[0m         
[36m(ClientAppActor pid=446026)[0m 
[36m(ClientAppActor pid=446026)[0m         
[36m(ClientAppActor pid=446025)[0m 
[36m(ClientAppActor pid=446025)[0m         
[36m(ClientAppActor pid=446027)[0m 
[36m(ClientAppActor pid=446027)[0m         
[92mINFO [0m:      aggregate_fit: received 5 results and 0 failures
[92mINFO [0m:      fit progress: (3, 1.9861967712402344, {'accuracy': 0.4514, 'loss': 1.9861967712402344}, 59.19057805498596)
[92mINFO [0m:      configure_evaluate: strategy sampled 5 clients (out of 5)
[36m(ClientAppActor pid=446025)[0m 
[36m(ClientAppActor pid=446025)[0m         
[36m(ClientAppActor pid=446025)[0m [93mWARNING [0m:   DEPRECATED FEATURE: `client_fn` now expects a signature `def client_fn(context: Context)`.The provided `client_fn` has signature: {'cid': <Parameter "cid: str">}. You can import the `Context` like this: `from flwr.app import Context`[32m [repeated 10x across cluster][0m
[36m(ClientAppActor pid=446025)[0m             This is a deprecated feature. It will be removed[32m [repeated 10x across cluster][0m
[36m(ClientAppActor pid=446025)[0m             entirely in future versions of Flower.[32m [repeated 10x across cluster][0m
[36m(ClientAppActor pid=446027)[0m 
[36m(ClientAppActor pid=446027)[0m         
[36m(ClientAppActor pid=446024)[0m 
[36m(ClientAppActor pid=446024)[0m         
[36m(ClientAppActor pid=446028)[0m 
[36m(ClientAppActor pid=446028)[0m         
[36m(ClientAppActor pid=446026)[0m 
[36m(ClientAppActor pid=446026)[0m         
[92mINFO [0m:      aggregate_evaluate: received 5 results and 0 failures
[92mINFO [0m:      
[92mINFO [0m:      [ROUND 4]
[92mINFO [0m:      configure_fit: strategy sampled 5 clients (out of 5)
[36m(ClientAppActor pid=446026)[0m 
[36m(ClientAppActor pid=446026)[0m         
[36m(ClientAppActor pid=446028)[0m 
[36m(ClientAppActor pid=446028)[0m         
[36m(ClientAppActor pid=446024)[0m 
[36m(ClientAppActor pid=446024)[0m         
[36m(ClientAppActor pid=446025)[0m 
[36m(ClientAppActor pid=446025)[0m         
[36m(ClientAppActor pid=446027)[0m 
[36m(ClientAppActor pid=446027)[0m         
[92mINFO [0m:      aggregate_fit: received 5 results and 0 failures
[92mINFO [0m:      fit progress: (4, 1.7034176839828492, {'accuracy': 0.521, 'loss': 1.7034176839828492}, 77.84778220602311)
[92mINFO [0m:      configure_evaluate: strategy sampled 5 clients (out of 5)
[36m(ClientAppActor pid=446026)[0m 
[36m(ClientAppActor pid=446026)[0m         
[36m(ClientAppActor pid=446026)[0m [93mWARNING [0m:   DEPRECATED FEATURE: `client_fn` now expects a signature `def client_fn(context: Context)`.The provided `client_fn` has signature: {'cid': <Parameter "cid: str">}. You can import the `Context` like this: `from flwr.app import Context`[32m [repeated 10x across cluster][0m
[36m(ClientAppActor pid=446026)[0m             This is a deprecated feature. It will be removed[32m [repeated 10x across cluster][0m
[36m(ClientAppActor pid=446026)[0m             entirely in future versions of Flower.[32m [repeated 10x across cluster][0m
[36m(ClientAppActor pid=446027)[0m 
[36m(ClientAppActor pid=446027)[0m         
[36m(ClientAppActor pid=446024)[0m 
[36m(ClientAppActor pid=446024)[0m         
[36m(ClientAppActor pid=446028)[0m 
[36m(ClientAppActor pid=446028)[0m         
[36m(ClientAppActor pid=446025)[0m 
[36m(ClientAppActor pid=446025)[0m         
[92mINFO [0m:      aggregate_evaluate: received 5 results and 0 failures
[92mINFO [0m:      
[92mINFO [0m:      [ROUND 5]
[92mINFO [0m:      configure_fit: strategy sampled 5 clients (out of 5)
[36m(ClientAppActor pid=446028)[0m 
[36m(ClientAppActor pid=446028)[0m         
[36m(ClientAppActor pid=446025)[0m 
[36m(ClientAppActor pid=446025)[0m         
[36m(ClientAppActor pid=446024)[0m 
[36m(ClientAppActor pid=446024)[0m         
[36m(ClientAppActor pid=446027)[0m 
[36m(ClientAppActor pid=446027)[0m         
[36m(ClientAppActor pid=446026)[0m 
[36m(ClientAppActor pid=446026)[0m         
[92mINFO [0m:      aggregate_fit: received 5 results and 0 failures
[92mINFO [0m:      fit progress: (5, 1.7933259941101074, {'accuracy': 0.4974, 'loss': 1.7933259941101074}, 96.57843065203633)
[92mINFO [0m:      configure_evaluate: strategy sampled 5 clients (out of 5)
[36m(ClientAppActor pid=446028)[0m 
[36m(ClientAppActor pid=446028)[0m         
[36m(ClientAppActor pid=446028)[0m [93mWARNING [0m:   DEPRECATED FEATURE: `client_fn` now expects a signature `def client_fn(context: Context)`.The provided `client_fn` has signature: {'cid': <Parameter "cid: str">}. You can import the `Context` like this: `from flwr.app import Context`[32m [repeated 10x across cluster][0m
[36m(ClientAppActor pid=446028)[0m             This is a deprecated feature. It will be removed[32m [repeated 10x across cluster][0m
[36m(ClientAppActor pid=446028)[0m             entirely in future versions of Flower.[32m [repeated 10x across cluster][0m
[36m(ClientAppActor pid=446027)[0m 
[36m(ClientAppActor pid=446027)[0m         
[36m(ClientAppActor pid=446024)[0m 
[36m(ClientAppActor pid=446024)[0m         
[36m(ClientAppActor pid=446025)[0m 
[36m(ClientAppActor pid=446025)[0m         
[36m(ClientAppActor pid=446026)[0m 
[36m(ClientAppActor pid=446026)[0m         
[92mINFO [0m:      aggregate_evaluate: received 5 results and 0 failures
[92mINFO [0m:      
[92mINFO [0m:      [ROUND 6]
[92mINFO [0m:      configure_fit: strategy sampled 5 clients (out of 5)
[36m(ClientAppActor pid=446025)[0m 
[36m(ClientAppActor pid=446025)[0m         
[36m(ClientAppActor pid=446026)[0m 
[36m(ClientAppActor pid=446026)[0m         
[36m(ClientAppActor pid=446027)[0m 
[36m(ClientAppActor pid=446027)[0m         
[36m(ClientAppActor pid=446024)[0m 
[36m(ClientAppActor pid=446024)[0m         
[36m(ClientAppActor pid=446028)[0m 
[36m(ClientAppActor pid=446028)[0m         
[92mINFO [0m:      aggregate_fit: received 5 results and 0 failures
[92mINFO [0m:      fit progress: (6, 1.7426461051940918, {'accuracy': 0.545, 'loss': 1.7426461051940918}, 115.28203142102575)
[92mINFO [0m:      configure_evaluate: strategy sampled 5 clients (out of 5)
[36m(ClientAppActor pid=446025)[0m 
[36m(ClientAppActor pid=446025)[0m         
[36m(ClientAppActor pid=446025)[0m [93mWARNING [0m:   DEPRECATED FEATURE: `client_fn` now expects a signature `def client_fn(context: Context)`.The provided `client_fn` has signature: {'cid': <Parameter "cid: str">}. You can import the `Context` like this: `from flwr.app import Context`[32m [repeated 10x across cluster][0m
[36m(ClientAppActor pid=446025)[0m             This is a deprecated feature. It will be removed[32m [repeated 10x across cluster][0m
[36m(ClientAppActor pid=446025)[0m             entirely in future versions of Flower.[32m [repeated 10x across cluster][0m
[36m(ClientAppActor pid=446024)[0m 
[36m(ClientAppActor pid=446024)[0m         
[36m(ClientAppActor pid=446028)[0m 
[36m(ClientAppActor pid=446028)[0m         
[36m(ClientAppActor pid=446027)[0m 
[36m(ClientAppActor pid=446027)[0m         
[92mINFO [0m:      aggregate_evaluate: received 5 results and 0 failures
[92mINFO [0m:      
[92mINFO [0m:      [ROUND 7]
[92mINFO [0m:      configure_fit: strategy sampled 5 clients (out of 5)
[36m(ClientAppActor pid=446026)[0m 
[36m(ClientAppActor pid=446026)[0m         
[36m(ClientAppActor pid=446026)[0m 
[36m(ClientAppActor pid=446026)[0m         
[36m(ClientAppActor pid=446027)[0m 
[36m(ClientAppActor pid=446027)[0m         
[36m(ClientAppActor pid=446024)[0m 
[36m(ClientAppActor pid=446024)[0m         
[36m(ClientAppActor pid=446028)[0m 
[36m(ClientAppActor pid=446028)[0m         
[36m(ClientAppActor pid=446025)[0m 
[36m(ClientAppActor pid=446025)[0m         
[92mINFO [0m:      aggregate_fit: received 5 results and 0 failures
[92mINFO [0m:      fit progress: (7, 1.6259737636566163, {'accuracy': 0.556, 'loss': 1.6259737636566163}, 134.34334910003236)
[92mINFO [0m:      configure_evaluate: strategy sampled 5 clients (out of 5)
[36m(ClientAppActor pid=446027)[0m 
[36m(ClientAppActor pid=446027)[0m         
[36m(ClientAppActor pid=446027)[0m [93mWARNING [0m:   DEPRECATED FEATURE: `client_fn` now expects a signature `def client_fn(context: Context)`.The provided `client_fn` has signature: {'cid': <Parameter "cid: str">}. You can import the `Context` like this: `from flwr.app import Context`[32m [repeated 10x across cluster][0m
[36m(ClientAppActor pid=446027)[0m             This is a deprecated feature. It will be removed[32m [repeated 10x across cluster][0m
[36m(ClientAppActor pid=446027)[0m             entirely in future versions of Flower.[32m [repeated 10x across cluster][0m
[36m(ClientAppActor pid=446025)[0m 
[36m(ClientAppActor pid=446025)[0m         
[36m(ClientAppActor pid=446024)[0m 
[36m(ClientAppActor pid=446024)[0m         
[36m(ClientAppActor pid=446026)[0m 
[36m(ClientAppActor pid=446026)[0m         
[36m(ClientAppActor pid=446028)[0m 
[36m(ClientAppActor pid=446028)[0m         
[92mINFO [0m:      aggregate_evaluate: received 5 results and 0 failures
[92mINFO [0m:      
[92mINFO [0m:      [ROUND 8]
[92mINFO [0m:      configure_fit: strategy sampled 5 clients (out of 5)
[36m(ClientAppActor pid=446024)[0m 
[36m(ClientAppActor pid=446024)[0m         
[36m(ClientAppActor pid=446028)[0m 
[36m(ClientAppActor pid=446028)[0m         
[36m(ClientAppActor pid=446026)[0m 
[36m(ClientAppActor pid=446026)[0m         
[36m(ClientAppActor pid=446025)[0m 
[36m(ClientAppActor pid=446025)[0m         
[36m(ClientAppActor pid=446027)[0m 
[36m(ClientAppActor pid=446027)[0m         
[92mINFO [0m:      aggregate_fit: received 5 results and 0 failures
[92mINFO [0m:      fit progress: (8, 1.6901224128723145, {'accuracy': 0.5561, 'loss': 1.6901224128723145}, 153.0827119660098)
[92mINFO [0m:      configure_evaluate: strategy sampled 5 clients (out of 5)
[36m(ClientAppActor pid=446026)[0m 
[36m(ClientAppActor pid=446026)[0m         
[36m(ClientAppActor pid=446026)[0m [93mWARNING [0m:   DEPRECATED FEATURE: `client_fn` now expects a signature `def client_fn(context: Context)`.The provided `client_fn` has signature: {'cid': <Parameter "cid: str">}. You can import the `Context` like this: `from flwr.app import Context`[32m [repeated 10x across cluster][0m
[36m(ClientAppActor pid=446026)[0m             This is a deprecated feature. It will be removed[32m [repeated 10x across cluster][0m
[36m(ClientAppActor pid=446026)[0m             entirely in future versions of Flower.[32m [repeated 10x across cluster][0m
[36m(ClientAppActor pid=446028)[0m 
[36m(ClientAppActor pid=446028)[0m         
[36m(ClientAppActor pid=446027)[0m 
[36m(ClientAppActor pid=446027)[0m         
[36m(ClientAppActor pid=446024)[0m 
[36m(ClientAppActor pid=446024)[0m         
[36m(ClientAppActor pid=446025)[0m 
[36m(ClientAppActor pid=446025)[0m         
[92mINFO [0m:      aggregate_evaluate: received 5 results and 0 failures
[92mINFO [0m:      
[92mINFO [0m:      [ROUND 9]
[92mINFO [0m:      configure_fit: strategy sampled 5 clients (out of 5)
[36m(ClientAppActor pid=446025)[0m 
[36m(ClientAppActor pid=446025)[0m         
[36m(ClientAppActor pid=446027)[0m 
[36m(ClientAppActor pid=446027)[0m         
[36m(ClientAppActor pid=446024)[0m 
[36m(ClientAppActor pid=446024)[0m         
[36m(ClientAppActor pid=446026)[0m 
[36m(ClientAppActor pid=446026)[0m         
[36m(ClientAppActor pid=446028)[0m 
[36m(ClientAppActor pid=446028)[0m         
[92mINFO [0m:      aggregate_fit: received 5 results and 0 failures
[92mINFO [0m:      fit progress: (9, 1.5722459838867187, {'accuracy': 0.5629, 'loss': 1.5722459838867187}, 172.15632318001008)
[92mINFO [0m:      configure_evaluate: strategy sampled 5 clients (out of 5)
[36m(ClientAppActor pid=446024)[0m 
[36m(ClientAppActor pid=446024)[0m         
[36m(ClientAppActor pid=446024)[0m [93mWARNING [0m:   DEPRECATED FEATURE: `client_fn` now expects a signature `def client_fn(context: Context)`.The provided `client_fn` has signature: {'cid': <Parameter "cid: str">}. You can import the `Context` like this: `from flwr.app import Context`[32m [repeated 10x across cluster][0m
[36m(ClientAppActor pid=446024)[0m             This is a deprecated feature. It will be removed[32m [repeated 10x across cluster][0m
[36m(ClientAppActor pid=446024)[0m             entirely in future versions of Flower.[32m [repeated 10x across cluster][0m
[36m(ClientAppActor pid=446027)[0m 
[36m(ClientAppActor pid=446027)[0m         
[36m(ClientAppActor pid=446026)[0m 
[36m(ClientAppActor pid=446026)[0m         
[36m(ClientAppActor pid=446025)[0m 
[36m(ClientAppActor pid=446025)[0m         
[36m(ClientAppActor pid=446028)[0m 
[36m(ClientAppActor pid=446028)[0m         
[92mINFO [0m:      aggregate_evaluate: received 5 results and 0 failures
[92mINFO [0m:      
[92mINFO [0m:      [ROUND 10]
[92mINFO [0m:      configure_fit: strategy sampled 5 clients (out of 5)
[36m(ClientAppActor pid=446028)[0m 
[36m(ClientAppActor pid=446028)[0m         
[36m(ClientAppActor pid=446026)[0m 
[36m(ClientAppActor pid=446026)[0m         
[36m(ClientAppActor pid=446025)[0m 
[36m(ClientAppActor pid=446025)[0m         
[36m(ClientAppActor pid=446027)[0m 
[36m(ClientAppActor pid=446027)[0m         
[36m(ClientAppActor pid=446024)[0m 
[36m(ClientAppActor pid=446024)[0m         
[92mINFO [0m:      aggregate_fit: received 5 results and 0 failures
[92mINFO [0m:      fit progress: (10, 1.6966048318862914, {'accuracy': 0.5705, 'loss': 1.6966048318862914}, 190.73092248599278)
[92mINFO [0m:      configure_evaluate: strategy sampled 5 clients (out of 5)
[36m(ClientAppActor pid=446026)[0m 
[36m(ClientAppActor pid=446026)[0m         
[36m(ClientAppActor pid=446026)[0m [93mWARNING [0m:   DEPRECATED FEATURE: `client_fn` now expects a signature `def client_fn(context: Context)`.The provided `client_fn` has signature: {'cid': <Parameter "cid: str">}. You can import the `Context` like this: `from flwr.app import Context`[32m [repeated 10x across cluster][0m
[36m(ClientAppActor pid=446026)[0m             This is a deprecated feature. It will be removed[32m [repeated 10x across cluster][0m
[36m(ClientAppActor pid=446026)[0m             entirely in future versions of Flower.[32m [repeated 10x across cluster][0m
[36m(ClientAppActor pid=446025)[0m 
[36m(ClientAppActor pid=446025)[0m         
[36m(ClientAppActor pid=446024)[0m 
[36m(ClientAppActor pid=446024)[0m         
[36m(ClientAppActor pid=446028)[0m 
[36m(ClientAppActor pid=446028)[0m         
[36m(ClientAppActor pid=446027)[0m 
[36m(ClientAppActor pid=446027)[0m         
[92mINFO [0m:      aggregate_evaluate: received 5 results and 0 failures
[92mINFO [0m:      
[92mINFO [0m:      [SUMMARY]
[92mINFO [0m:      Run finished 10 round(s) in 191.52s
[92mINFO [0m:      	History (loss, distributed):
[92mINFO [0m:      		round 1: 2.3226564359903334
[92mINFO [0m:      		round 2: 1.9033941797494889
[92mINFO [0m:      		round 3: 2.007250523969863
[92mINFO [0m:      		round 4: 1.7021502590364428
[92mINFO [0m:      		round 5: 1.8115733028169823
[92mINFO [0m:      		round 6: 1.7374868916034525
[92mINFO [0m:      		round 7: 1.6096169553276647
[92mINFO [0m:      		round 8: 1.6787658132314682
[92mINFO [0m:      		round 9: 1.5700656982397632
[92mINFO [0m:      		round 10: 1.6798263221025462
[92mINFO [0m:      	History (loss, centralized):
[92mINFO [0m:      		round 0: 2.303062720489502
[92mINFO [0m:      		round 1: 2.3187274513244627
[92mINFO [0m:      		round 2: 1.893118567276001
[92mINFO [0m:      		round 3: 1.9861967712402344
[92mINFO [0m:      		round 4: 1.7034176839828492
[92mINFO [0m:      		round 5: 1.7933259941101074
[92mINFO [0m:      		round 6: 1.7426461051940918
[92mINFO [0m:      		round 7: 1.6259737636566163
[92mINFO [0m:      		round 8: 1.6901224128723145
[92mINFO [0m:      		round 9: 1.5722459838867187
[92mINFO [0m:      		round 10: 1.6966048318862914
[92mINFO [0m:      	History (metrics, distributed, fit):
[92mINFO [0m:      	{'avg_flops_per_client_round': [(1, 8140262400000.0),
[92mINFO [0m:      	                                (2, 8140262400000.0),
[92mINFO [0m:      	                                (3, 8140262400000.0),
[92mINFO [0m:      	                                (4, 8140262400000.0),
[92mINFO [0m:      	                                (5, 8140262400000.0),
[92mINFO [0m:      	                                (6, 8140262400000.0),
[92mINFO [0m:      	                                (7, 8140262400000.0),
[92mINFO [0m:      	                                (8, 8140262400000.0),
[92mINFO [0m:      	                                (9, 8140262400000.0),
[92mINFO [0m:      	                                (10, 8140262400000.0)],
[92mINFO [0m:      	 'total_flops_round': [(1, 40701312000000),
[92mINFO [0m:      	                       (2, 40701312000000),
[92mINFO [0m:      	                       (3, 40701312000000),
[92mINFO [0m:      	                       (4, 40701312000000),
[92mINFO [0m:      	                       (5, 40701312000000),
[92mINFO [0m:      	                       (6, 40701312000000),
[92mINFO [0m:      	                       (7, 40701312000000),
[92mINFO [0m:      	                       (8, 40701312000000),
[92mINFO [0m:      	                       (9, 40701312000000),
[92mINFO [0m:      	                       (10, 40701312000000)]}
[92mINFO [0m:      	History (metrics, distributed, evaluate):
[92mINFO [0m:      	{'accuracy': [(1, 0.2456),
[92mINFO [0m:      	              (2, 0.4062),
[92mINFO [0m:      	              (3, 0.4504),
[92mINFO [0m:      	              (4, 0.5234),
[92mINFO [0m:      	              (5, 0.4976000000000001),
[92mINFO [0m:      	              (6, 0.548),
[92mINFO [0m:      	              (7, 0.557),
[92mINFO [0m:      	              (8, 0.5628),
[92mINFO [0m:      	              (9, 0.561),
[92mINFO [0m:      	              (10, 0.5736)],
[92mINFO [0m:      	 'loss': [(1, 2.3226564359903334),
[92mINFO [0m:      	          (2, 1.9033941797494889),
[92mINFO [0m:      	          (3, 2.007250523969863),
[92mINFO [0m:      	          (4, 1.7021502590364428),
[92mINFO [0m:      	          (5, 1.8115733028169823),
[92mINFO [0m:      	          (6, 1.7374868916034525),
[92mINFO [0m:      	          (7, 1.6096169553276647),
[92mINFO [0m:      	          (8, 1.6787658132314682),
[92mINFO [0m:      	          (9, 1.5700656982397632),
[92mINFO [0m:      	          (10, 1.6798263221025462)]}
[92mINFO [0m:      	History (metrics, centralized):
[92mINFO [0m:      	{'accuracy': [(0, 0.1),
[92mINFO [0m:      	              (1, 0.2507),
[92mINFO [0m:      	              (2, 0.408),
[92mINFO [0m:      	              (3, 0.4514),
[92mINFO [0m:      	              (4, 0.521),
[92mINFO [0m:      	              (5, 0.4974),
[92mINFO [0m:      	              (6, 0.545),
[92mINFO [0m:      	              (7, 0.556),
[92mINFO [0m:      	              (8, 0.5561),
[92mINFO [0m:      	              (9, 0.5629),
[92mINFO [0m:      	              (10, 0.5705)],
[92mINFO [0m:      	 'loss': [(0, 2.303062720489502),
[92mINFO [0m:      	          (1, 2.3187274513244627),
[92mINFO [0m:      	          (2, 1.893118567276001),
[92mINFO [0m:      	          (3, 1.9861967712402344),
[92mINFO [0m:      	          (4, 1.7034176839828492),
[92mINFO [0m:      	          (5, 1.7933259941101074),
[92mINFO [0m:      	          (6, 1.7426461051940918),
[92mINFO [0m:      	          (7, 1.6259737636566163),
[92mINFO [0m:      	          (8, 1.6901224128723145),
[92mINFO [0m:      	          (9, 1.5722459838867187),
[92mINFO [0m:      	          (10, 1.6966048318862914)]}
[92mINFO [0m:      
Treinando no dispositivo: cuda:0 com o dataset: CIFAR10 | Setup clientes: 5 (num_gpus por cliente=0.2) | SEED=46
FLOPS por amostra (forward): 6.030e+07 | (forward+backward, 3x): 1.809e+08
Files already downloaded and verified
Files already downloaded and verified
Dividindo o dataset usando a distribuição de Dirichlet com alpha=0.01.
Aviso: Cliente 1 não tinha amostras. Moveu uma amostra do cliente 0.
Aviso: Cliente 1 tem apenas 1 amostra(s), que serão usadas para validação.
Iniciando a simulação de Aprendizado Federado...
=== Diagnóstico de Medição de GPU ===
  pynvml_disponivel: True
  pynvml_versao: 580.173.02
  gpus_detectadas: 1
  leitura_potencia_ok: True
  potencia_atual_W: 115.187

--- Rodada 0 - Avaliação Centralizada (Servidor) ---
Loss (Servidor): 2.3031 | Acurácia (Servidor): 0.1000

--- Rodada 1 - Avaliação Centralizada (Servidor) ---
Loss (Servidor): 2.3187 | Acurácia (Servidor): 0.2507
--- Avaliação Agregada (Clientes) ---
Loss Média (Clientes): 2.3227 | Acurácia Média (Clientes): 0.2456

--- Rodada 2 - Avaliação Centralizada (Servidor) ---
Loss (Servidor): 1.8931 | Acurácia (Servidor): 0.4080
--- Avaliação Agregada (Clientes) ---
Loss Média (Clientes): 1.9034 | Acurácia Média (Clientes): 0.4062

--- Rodada 3 - Avaliação Centralizada (Servidor) ---
Loss (Servidor): 1.9862 | Acurácia (Servidor): 0.4514
--- Avaliação Agregada (Clientes) ---
Loss Média (Clientes): 2.0073 | Acurácia Média (Clientes): 0.4504

--- Rodada 4 - Avaliação Centralizada (Servidor) ---
Loss (Servidor): 1.7034 | Acurácia (Servidor): 0.5210
--- Avaliação Agregada (Clientes) ---
Loss Média (Clientes): 1.7022 | Acurácia Média (Clientes): 0.5234

--- Rodada 5 - Avaliação Centralizada (Servidor) ---
Loss (Servidor): 1.7933 | Acurácia (Servidor): 0.4974
--- Avaliação Agregada (Clientes) ---
Loss Média (Clientes): 1.8116 | Acurácia Média (Clientes): 0.4976

--- Rodada 6 - Avaliação Centralizada (Servidor) ---
Loss (Servidor): 1.7426 | Acurácia (Servidor): 0.5450
--- Avaliação Agregada (Clientes) ---
Loss Média (Clientes): 1.7375 | Acurácia Média (Clientes): 0.5480

--- Rodada 7 - Avaliação Centralizada (Servidor) ---
Loss (Servidor): 1.6260 | Acurácia (Servidor): 0.5560
--- Avaliação Agregada (Clientes) ---
Loss Média (Clientes): 1.6096 | Acurácia Média (Clientes): 0.5570

--- Rodada 8 - Avaliação Centralizada (Servidor) ---
Loss (Servidor): 1.6901 | Acurácia (Servidor): 0.5561
--- Avaliação Agregada (Clientes) ---
Loss Média (Clientes): 1.6788 | Acurácia Média (Clientes): 0.5628

--- Rodada 9 - Avaliação Centralizada (Servidor) ---
Loss (Servidor): 1.5722 | Acurácia (Servidor): 0.5629
--- Avaliação Agregada (Clientes) ---
Loss Média (Clientes): 1.5701 | Acurácia Média (Clientes): 0.5610

--- Rodada 10 - Avaliação Centralizada (Servidor) ---
Loss (Servidor): 1.6966 | Acurácia (Servidor): 0.5705
--- Avaliação Agregada (Clientes) ---
Loss Média (Clientes): 1.6798 | Acurácia Média (Clientes): 0.5736

Resultados salvos em: /home/tiago/GitHubProjects/fedhad-thesis-2/FedAVG-results/1.1_diagnostico_drift/CIFAR10/FedAVG__CIFAR10__Setup-5__Clients-5__Rounds-10__Delay-0_05__Alpha-0_01__Seed-46.txt
[36m(ClientAppActor pid=446027)[0m [93mWARNING [0m:   DEPRECATED FEATURE: `client_fn` now expects a signature `def client_fn(context: Context)`.The provided `client_fn` has signature: {'cid': <Parameter "cid: str">}. You can import the `Context` like this: `from flwr.app import Context`[32m [repeated 4x across cluster][0m
[36m(ClientAppActor pid=446027)[0m             This is a deprecated feature. It will be removed[32m [repeated 4x across cluster][0m
[36m(ClientAppActor pid=446027)[0m             entirely in future versions of Flower.[32m [repeated 4x across cluster][0m
