[codecarbon WARNING @ 12:18:34] Multiple instances of codecarbon are allowed to run at the same time.
[93mWARNING [0m:   DEPRECATED FEATURE: flwr.simulation.start_simulation() is deprecated.
	Instead, use the `flwr run` CLI command to start a local simulation in your Flower app, as shown for example below:

		$ flwr new  # Create a new Flower app from a template

		$ flwr run  # Run the Flower app in Simulation Mode

	Using `start_simulation()` is deprecated.

            This is a deprecated feature. It will be removed
            entirely in future versions of Flower.
        
[92mINFO [0m:      Starting Flower simulation, config: num_rounds=10, no round_timeout
2026-09-04 12:18:42,740	INFO worker.py:2012 -- Started a local Ray instance.
/home/tiago/GitHubProjects/fedhad-thesis-2/env_flwr_pt/lib/python3.12/site-packages/ray/_private/worker.py:2051: FutureWarning: Tip: In future versions of Ray, Ray will no longer override accelerator visible devices env var if num_gpus=0 or num_gpus=None (default). To enable this behavior and turn off this error message, set RAY_ACCEL_ENV_VAR_OVERRIDE_ON_ZERO=0
  warnings.warn(
[92mINFO [0m:      Flower VCE: Ray initialized with resources: {'accelerator_type:A40': 1.0, 'object_store_memory': 77750400614.0, 'node:10.129.64.100': 1.0, 'node:__internal_head__': 1.0, 'memory': 181417601434.0, 'CPU': 64.0, 'GPU': 1.0}
[92mINFO [0m:      Optimize your simulation with Flower VCE: https://flower.ai/docs/framework/how-to-run-simulations.html
/home/tiago/GitHubProjects/fedhad-thesis-2/FedAVG_Final.py:1577: UserWarning: No `num_cpus` specified in `client_resources`. Using `num_cpus=1` for each client.
  history = fl.simulation.start_simulation(
[92mINFO [0m:      Flower VCE: Resources for each Virtual Client: {'num_gpus': 0.2, 'num_cpus': 1}
[92mINFO [0m:      Flower VCE: Creating VirtualClientEngineActorPool with 5 actors
[92mINFO [0m:      [INIT]
[92mINFO [0m:      Requesting initial parameters from one random client
[36m(ClientAppActor pid=407883)[0m [93mWARNING [0m:   DEPRECATED FEATURE: `client_fn` now expects a signature `def client_fn(context: Context)`.The provided `client_fn` has signature: {'cid': <Parameter "cid: str">}. You can import the `Context` like this: `from flwr.app import Context`
[36m(ClientAppActor pid=407883)[0m 
[36m(ClientAppActor pid=407883)[0m             This is a deprecated feature. It will be removed
[36m(ClientAppActor pid=407883)[0m             entirely in future versions of Flower.
[36m(ClientAppActor pid=407883)[0m         
[92mINFO [0m:      Received initial parameters from one random client
[92mINFO [0m:      Starting evaluation of initial global parameters
[92mINFO [0m:      initial parameters (loss, other metrics): 2.303387407684326, {'accuracy': 0.1, 'loss': 2.303387407684326}
[92mINFO [0m:      
[92mINFO [0m:      [ROUND 1]
[92mINFO [0m:      configure_fit: strategy sampled 5 clients (out of 5)
[36m(ClientAppActor pid=407883)[0m [93mWARNING [0m:   DEPRECATED FEATURE: `client_fn` now expects a signature `def client_fn(context: Context)`.The provided `client_fn` has signature: {'cid': <Parameter "cid: str">}. You can import the `Context` like this: `from flwr.app import Context`
[36m(ClientAppActor pid=407883)[0m 
[36m(ClientAppActor pid=407883)[0m             This is a deprecated feature. It will be removed
[36m(ClientAppActor pid=407883)[0m             entirely in future versions of Flower.
[36m(ClientAppActor pid=407883)[0m         
[36m(ClientAppActor pid=407882)[0m 
[36m(ClientAppActor pid=407882)[0m         
[36m(ClientAppActor pid=407881)[0m 
[36m(ClientAppActor pid=407881)[0m         
[36m(ClientAppActor pid=407879)[0m 
[36m(ClientAppActor pid=407879)[0m         
[36m(ClientAppActor pid=407880)[0m 
[36m(ClientAppActor pid=407880)[0m         
[92mINFO [0m:      aggregate_fit: received 5 results and 0 failures
[92mINFO [0m:      fit progress: (1, 2.3277161029815674, {'accuracy': 0.1255, 'loss': 2.3277161029815674}, 16.767045850981958)
[92mINFO [0m:      configure_evaluate: strategy sampled 5 clients (out of 5)
[36m(ClientAppActor pid=407882)[0m 
[36m(ClientAppActor pid=407882)[0m         
[36m(ClientAppActor pid=407882)[0m [93mWARNING [0m:   DEPRECATED FEATURE: `client_fn` now expects a signature `def client_fn(context: Context)`.The provided `client_fn` has signature: {'cid': <Parameter "cid: str">}. You can import the `Context` like this: `from flwr.app import Context`[32m [repeated 5x across cluster] (Ray deduplicates logs by default. Set RAY_DEDUP_LOGS=0 to disable log deduplication, or see https://docs.ray.io/en/master/ray-observability/user-guides/configure-logging.html#log-deduplication for more options.)[0m
[36m(ClientAppActor pid=407882)[0m             This is a deprecated feature. It will be removed[32m [repeated 5x across cluster][0m
[36m(ClientAppActor pid=407882)[0m             entirely in future versions of Flower.[32m [repeated 5x across cluster][0m
[36m(ClientAppActor pid=407881)[0m 
[36m(ClientAppActor pid=407881)[0m         
[36m(ClientAppActor pid=407879)[0m 
[36m(ClientAppActor pid=407879)[0m         
[36m(ClientAppActor pid=407880)[0m 
[36m(ClientAppActor pid=407880)[0m         
[36m(ClientAppActor pid=407883)[0m 
[36m(ClientAppActor pid=407883)[0m         
[92mINFO [0m:      aggregate_evaluate: received 5 results and 0 failures
[92mINFO [0m:      
[92mINFO [0m:      [ROUND 2]
[92mINFO [0m:      configure_fit: strategy sampled 5 clients (out of 5)
[36m(ClientAppActor pid=407880)[0m 
[36m(ClientAppActor pid=407880)[0m         
[36m(ClientAppActor pid=407883)[0m 
[36m(ClientAppActor pid=407883)[0m         
[36m(ClientAppActor pid=407879)[0m 
[36m(ClientAppActor pid=407879)[0m         
[36m(ClientAppActor pid=407881)[0m 
[36m(ClientAppActor pid=407881)[0m         
[36m(ClientAppActor pid=407882)[0m 
[36m(ClientAppActor pid=407882)[0m         
[92mINFO [0m:      aggregate_fit: received 5 results and 0 failures
[92mINFO [0m:      fit progress: (2, 1.7959467706680299, {'accuracy': 0.3592, 'loss': 1.7959467706680299}, 32.76910642400617)
[92mINFO [0m:      configure_evaluate: strategy sampled 5 clients (out of 5)
[36m(ClientAppActor pid=407881)[0m 
[36m(ClientAppActor pid=407881)[0m         
[36m(ClientAppActor pid=407881)[0m [93mWARNING [0m:   DEPRECATED FEATURE: `client_fn` now expects a signature `def client_fn(context: Context)`.The provided `client_fn` has signature: {'cid': <Parameter "cid: str">}. You can import the `Context` like this: `from flwr.app import Context`[32m [repeated 10x across cluster][0m
[36m(ClientAppActor pid=407881)[0m             This is a deprecated feature. It will be removed[32m [repeated 10x across cluster][0m
[36m(ClientAppActor pid=407881)[0m             entirely in future versions of Flower.[32m [repeated 10x across cluster][0m
[36m(ClientAppActor pid=407883)[0m 
[36m(ClientAppActor pid=407883)[0m         
[36m(ClientAppActor pid=407879)[0m 
[36m(ClientAppActor pid=407879)[0m         
[36m(ClientAppActor pid=407880)[0m 
[36m(ClientAppActor pid=407880)[0m         
[36m(ClientAppActor pid=407882)[0m 
[36m(ClientAppActor pid=407882)[0m         
[92mINFO [0m:      aggregate_evaluate: received 5 results and 0 failures
[92mINFO [0m:      
[92mINFO [0m:      [ROUND 3]
[92mINFO [0m:      configure_fit: strategy sampled 5 clients (out of 5)
[36m(ClientAppActor pid=407882)[0m 
[36m(ClientAppActor pid=407882)[0m         
[36m(ClientAppActor pid=407880)[0m 
[36m(ClientAppActor pid=407880)[0m         
[36m(ClientAppActor pid=407879)[0m 
[36m(ClientAppActor pid=407879)[0m         
[36m(ClientAppActor pid=407883)[0m 
[36m(ClientAppActor pid=407883)[0m         
[36m(ClientAppActor pid=407881)[0m 
[36m(ClientAppActor pid=407881)[0m         
[92mINFO [0m:      aggregate_fit: received 5 results and 0 failures
[92mINFO [0m:      fit progress: (3, 1.4012583072662355, {'accuracy': 0.5491, 'loss': 1.4012583072662355}, 48.73824708600296)
[92mINFO [0m:      configure_evaluate: strategy sampled 5 clients (out of 5)
[36m(ClientAppActor pid=407883)[0m 
[36m(ClientAppActor pid=407883)[0m         
[36m(ClientAppActor pid=407883)[0m [93mWARNING [0m:   DEPRECATED FEATURE: `client_fn` now expects a signature `def client_fn(context: Context)`.The provided `client_fn` has signature: {'cid': <Parameter "cid: str">}. You can import the `Context` like this: `from flwr.app import Context`[32m [repeated 10x across cluster][0m
[36m(ClientAppActor pid=407883)[0m             This is a deprecated feature. It will be removed[32m [repeated 10x across cluster][0m
[36m(ClientAppActor pid=407883)[0m             entirely in future versions of Flower.[32m [repeated 10x across cluster][0m
[36m(ClientAppActor pid=407881)[0m 
[36m(ClientAppActor pid=407881)[0m         
[36m(ClientAppActor pid=407880)[0m 
[36m(ClientAppActor pid=407880)[0m         
[36m(ClientAppActor pid=407882)[0m 
[36m(ClientAppActor pid=407882)[0m         
[36m(ClientAppActor pid=407879)[0m 
[36m(ClientAppActor pid=407879)[0m         
[92mINFO [0m:      aggregate_evaluate: received 5 results and 0 failures
[92mINFO [0m:      
[92mINFO [0m:      [ROUND 4]
[92mINFO [0m:      configure_fit: strategy sampled 5 clients (out of 5)
[36m(ClientAppActor pid=407882)[0m 
[36m(ClientAppActor pid=407882)[0m         
[36m(ClientAppActor pid=407879)[0m 
[36m(ClientAppActor pid=407879)[0m         
[36m(ClientAppActor pid=407880)[0m 
[36m(ClientAppActor pid=407880)[0m         
[36m(ClientAppActor pid=407881)[0m 
[36m(ClientAppActor pid=407881)[0m         
[36m(ClientAppActor pid=407883)[0m 
[36m(ClientAppActor pid=407883)[0m         
[92mINFO [0m:      aggregate_fit: received 5 results and 0 failures
[92mINFO [0m:      fit progress: (4, 1.1702974235534669, {'accuracy': 0.6153, 'loss': 1.1702974235534669}, 64.72968168597436)
[92mINFO [0m:      configure_evaluate: strategy sampled 5 clients (out of 5)
[36m(ClientAppActor pid=407883)[0m 
[36m(ClientAppActor pid=407883)[0m         
[36m(ClientAppActor pid=407883)[0m [93mWARNING [0m:   DEPRECATED FEATURE: `client_fn` now expects a signature `def client_fn(context: Context)`.The provided `client_fn` has signature: {'cid': <Parameter "cid: str">}. You can import the `Context` like this: `from flwr.app import Context`[32m [repeated 10x across cluster][0m
[36m(ClientAppActor pid=407883)[0m             This is a deprecated feature. It will be removed[32m [repeated 10x across cluster][0m
[36m(ClientAppActor pid=407883)[0m             entirely in future versions of Flower.[32m [repeated 10x across cluster][0m
[36m(ClientAppActor pid=407882)[0m 
[36m(ClientAppActor pid=407882)[0m         
[36m(ClientAppActor pid=407881)[0m 
[36m(ClientAppActor pid=407881)[0m         
[36m(ClientAppActor pid=407879)[0m 
[36m(ClientAppActor pid=407879)[0m         
[36m(ClientAppActor pid=407880)[0m 
[36m(ClientAppActor pid=407880)[0m         
[92mINFO [0m:      aggregate_evaluate: received 5 results and 0 failures
[92mINFO [0m:      
[92mINFO [0m:      [ROUND 5]
[92mINFO [0m:      configure_fit: strategy sampled 5 clients (out of 5)
[36m(ClientAppActor pid=407880)[0m 
[36m(ClientAppActor pid=407880)[0m         
[36m(ClientAppActor pid=407879)[0m 
[36m(ClientAppActor pid=407879)[0m         
[36m(ClientAppActor pid=407881)[0m 
[36m(ClientAppActor pid=407881)[0m         
[36m(ClientAppActor pid=407882)[0m 
[36m(ClientAppActor pid=407882)[0m         
[36m(ClientAppActor pid=407883)[0m 
[36m(ClientAppActor pid=407883)[0m         
[92mINFO [0m:      aggregate_fit: received 5 results and 0 failures
[92mINFO [0m:      fit progress: (5, 1.0304824038505553, {'accuracy': 0.6526, 'loss': 1.0304824038505553}, 80.13734490796924)
[92mINFO [0m:      configure_evaluate: strategy sampled 5 clients (out of 5)
[36m(ClientAppActor pid=407880)[0m 
[36m(ClientAppActor pid=407880)[0m         
[36m(ClientAppActor pid=407880)[0m [93mWARNING [0m:   DEPRECATED FEATURE: `client_fn` now expects a signature `def client_fn(context: Context)`.The provided `client_fn` has signature: {'cid': <Parameter "cid: str">}. You can import the `Context` like this: `from flwr.app import Context`[32m [repeated 10x across cluster][0m
[36m(ClientAppActor pid=407880)[0m             This is a deprecated feature. It will be removed[32m [repeated 10x across cluster][0m
[36m(ClientAppActor pid=407880)[0m             entirely in future versions of Flower.[32m [repeated 10x across cluster][0m
[36m(ClientAppActor pid=407882)[0m 
[36m(ClientAppActor pid=407882)[0m         
[36m(ClientAppActor pid=407883)[0m 
[36m(ClientAppActor pid=407883)[0m         
[36m(ClientAppActor pid=407879)[0m 
[36m(ClientAppActor pid=407879)[0m         
[36m(ClientAppActor pid=407881)[0m 
[36m(ClientAppActor pid=407881)[0m         
[92mINFO [0m:      aggregate_evaluate: received 5 results and 0 failures
[92mINFO [0m:      
[92mINFO [0m:      [ROUND 6]
[92mINFO [0m:      configure_fit: strategy sampled 5 clients (out of 5)
[36m(ClientAppActor pid=407881)[0m 
[36m(ClientAppActor pid=407881)[0m         
[36m(ClientAppActor pid=407883)[0m 
[36m(ClientAppActor pid=407883)[0m         
[36m(ClientAppActor pid=407882)[0m 
[36m(ClientAppActor pid=407882)[0m         
[36m(ClientAppActor pid=407879)[0m 
[36m(ClientAppActor pid=407879)[0m         
[36m(ClientAppActor pid=407880)[0m 
[36m(ClientAppActor pid=407880)[0m         
[92mINFO [0m:      aggregate_fit: received 5 results and 0 failures
[92mINFO [0m:      fit progress: (6, 0.9341565662384034, {'accuracy': 0.6856, 'loss': 0.9341565662384034}, 95.8114055969636)
[92mINFO [0m:      configure_evaluate: strategy sampled 5 clients (out of 5)
[36m(ClientAppActor pid=407879)[0m 
[36m(ClientAppActor pid=407879)[0m         
[36m(ClientAppActor pid=407879)[0m [93mWARNING [0m:   DEPRECATED FEATURE: `client_fn` now expects a signature `def client_fn(context: Context)`.The provided `client_fn` has signature: {'cid': <Parameter "cid: str">}. You can import the `Context` like this: `from flwr.app import Context`[32m [repeated 10x across cluster][0m
[36m(ClientAppActor pid=407879)[0m             This is a deprecated feature. It will be removed[32m [repeated 10x across cluster][0m
[36m(ClientAppActor pid=407879)[0m             entirely in future versions of Flower.[32m [repeated 10x across cluster][0m
[36m(ClientAppActor pid=407881)[0m 
[36m(ClientAppActor pid=407881)[0m         
[36m(ClientAppActor pid=407882)[0m 
[36m(ClientAppActor pid=407882)[0m         
[36m(ClientAppActor pid=407883)[0m 
[36m(ClientAppActor pid=407883)[0m         
[36m(ClientAppActor pid=407880)[0m 
[36m(ClientAppActor pid=407880)[0m         
[92mINFO [0m:      aggregate_evaluate: received 5 results and 0 failures
[92mINFO [0m:      
[92mINFO [0m:      [ROUND 7]
[92mINFO [0m:      configure_fit: strategy sampled 5 clients (out of 5)
[36m(ClientAppActor pid=407880)[0m 
[36m(ClientAppActor pid=407880)[0m         
[36m(ClientAppActor pid=407883)[0m 
[36m(ClientAppActor pid=407883)[0m         
[36m(ClientAppActor pid=407882)[0m 
[36m(ClientAppActor pid=407882)[0m         
[36m(ClientAppActor pid=407881)[0m 
[36m(ClientAppActor pid=407881)[0m         
[36m(ClientAppActor pid=407879)[0m 
[36m(ClientAppActor pid=407879)[0m         
[92mINFO [0m:      aggregate_fit: received 5 results and 0 failures
[92mINFO [0m:      fit progress: (7, 0.9783038770675659, {'accuracy': 0.6734, 'loss': 0.9783038770675659}, 111.50460427999496)
[92mINFO [0m:      configure_evaluate: strategy sampled 5 clients (out of 5)
[36m(ClientAppActor pid=407882)[0m 
[36m(ClientAppActor pid=407882)[0m         
[36m(ClientAppActor pid=407882)[0m [93mWARNING [0m:   DEPRECATED FEATURE: `client_fn` now expects a signature `def client_fn(context: Context)`.The provided `client_fn` has signature: {'cid': <Parameter "cid: str">}. You can import the `Context` like this: `from flwr.app import Context`[32m [repeated 10x across cluster][0m
[36m(ClientAppActor pid=407882)[0m             This is a deprecated feature. It will be removed[32m [repeated 10x across cluster][0m
[36m(ClientAppActor pid=407882)[0m             entirely in future versions of Flower.[32m [repeated 10x across cluster][0m
[36m(ClientAppActor pid=407881)[0m 
[36m(ClientAppActor pid=407881)[0m         
[36m(ClientAppActor pid=407880)[0m 
[36m(ClientAppActor pid=407880)[0m         
[36m(ClientAppActor pid=407879)[0m 
[36m(ClientAppActor pid=407879)[0m         
[36m(ClientAppActor pid=407883)[0m 
[36m(ClientAppActor pid=407883)[0m         
[92mINFO [0m:      aggregate_evaluate: received 5 results and 0 failures
[92mINFO [0m:      
[92mINFO [0m:      [ROUND 8]
[92mINFO [0m:      configure_fit: strategy sampled 5 clients (out of 5)
[36m(ClientAppActor pid=407883)[0m 
[36m(ClientAppActor pid=407883)[0m         
[36m(ClientAppActor pid=407879)[0m 
[36m(ClientAppActor pid=407879)[0m         
[36m(ClientAppActor pid=407880)[0m 
[36m(ClientAppActor pid=407880)[0m         
[36m(ClientAppActor pid=407881)[0m 
[36m(ClientAppActor pid=407881)[0m         
[36m(ClientAppActor pid=407882)[0m 
[36m(ClientAppActor pid=407882)[0m         
[92mINFO [0m:      aggregate_fit: received 5 results and 0 failures
[92mINFO [0m:      fit progress: (8, 0.965608214378357, {'accuracy': 0.6915, 'loss': 0.965608214378357}, 127.1053260070039)
[92mINFO [0m:      configure_evaluate: strategy sampled 5 clients (out of 5)
[36m(ClientAppActor pid=407880)[0m 
[36m(ClientAppActor pid=407880)[0m         
[36m(ClientAppActor pid=407880)[0m [93mWARNING [0m:   DEPRECATED FEATURE: `client_fn` now expects a signature `def client_fn(context: Context)`.The provided `client_fn` has signature: {'cid': <Parameter "cid: str">}. You can import the `Context` like this: `from flwr.app import Context`[32m [repeated 10x across cluster][0m
[36m(ClientAppActor pid=407880)[0m             This is a deprecated feature. It will be removed[32m [repeated 10x across cluster][0m
[36m(ClientAppActor pid=407880)[0m             entirely in future versions of Flower.[32m [repeated 10x across cluster][0m
[36m(ClientAppActor pid=407879)[0m 
[36m(ClientAppActor pid=407879)[0m         
[36m(ClientAppActor pid=407881)[0m 
[36m(ClientAppActor pid=407881)[0m         
[36m(ClientAppActor pid=407883)[0m 
[36m(ClientAppActor pid=407883)[0m         
[36m(ClientAppActor pid=407882)[0m 
[36m(ClientAppActor pid=407882)[0m         
[92mINFO [0m:      aggregate_evaluate: received 5 results and 0 failures
[92mINFO [0m:      
[92mINFO [0m:      [ROUND 9]
[92mINFO [0m:      configure_fit: strategy sampled 5 clients (out of 5)
[36m(ClientAppActor pid=407882)[0m 
[36m(ClientAppActor pid=407882)[0m         
[36m(ClientAppActor pid=407883)[0m 
[36m(ClientAppActor pid=407883)[0m         
[36m(ClientAppActor pid=407881)[0m 
[36m(ClientAppActor pid=407881)[0m         
[36m(ClientAppActor pid=407880)[0m 
[36m(ClientAppActor pid=407880)[0m         
[36m(ClientAppActor pid=407879)[0m 
[36m(ClientAppActor pid=407879)[0m         
[92mINFO [0m:      aggregate_fit: received 5 results and 0 failures
[92mINFO [0m:      fit progress: (9, 0.9372801675796508, {'accuracy': 0.6929, 'loss': 0.9372801675796508}, 142.69570275995648)
[92mINFO [0m:      configure_evaluate: strategy sampled 5 clients (out of 5)
[36m(ClientAppActor pid=407880)[0m 
[36m(ClientAppActor pid=407880)[0m         
[36m(ClientAppActor pid=407880)[0m [93mWARNING [0m:   DEPRECATED FEATURE: `client_fn` now expects a signature `def client_fn(context: Context)`.The provided `client_fn` has signature: {'cid': <Parameter "cid: str">}. You can import the `Context` like this: `from flwr.app import Context`[32m [repeated 10x across cluster][0m
[36m(ClientAppActor pid=407880)[0m             This is a deprecated feature. It will be removed[32m [repeated 10x across cluster][0m
[36m(ClientAppActor pid=407880)[0m             entirely in future versions of Flower.[32m [repeated 10x across cluster][0m
[36m(ClientAppActor pid=407881)[0m 
[36m(ClientAppActor pid=407881)[0m         
[36m(ClientAppActor pid=407879)[0m 
[36m(ClientAppActor pid=407879)[0m         
[36m(ClientAppActor pid=407883)[0m 
[36m(ClientAppActor pid=407883)[0m         
[36m(ClientAppActor pid=407882)[0m 
[36m(ClientAppActor pid=407882)[0m         
[92mINFO [0m:      aggregate_evaluate: received 5 results and 0 failures
[92mINFO [0m:      
[92mINFO [0m:      [ROUND 10]
[92mINFO [0m:      configure_fit: strategy sampled 5 clients (out of 5)
[36m(ClientAppActor pid=407882)[0m 
[36m(ClientAppActor pid=407882)[0m         
[36m(ClientAppActor pid=407883)[0m 
[36m(ClientAppActor pid=407883)[0m         
[36m(ClientAppActor pid=407879)[0m 
[36m(ClientAppActor pid=407879)[0m         
[36m(ClientAppActor pid=407881)[0m 
[36m(ClientAppActor pid=407881)[0m         
[36m(ClientAppActor pid=407880)[0m 
[36m(ClientAppActor pid=407880)[0m         
[92mINFO [0m:      aggregate_fit: received 5 results and 0 failures
[92mINFO [0m:      fit progress: (10, 0.9452497081756592, {'accuracy': 0.703, 'loss': 0.9452497081756592}, 158.17404838098446)
[92mINFO [0m:      configure_evaluate: strategy sampled 5 clients (out of 5)
[36m(ClientAppActor pid=407882)[0m 
[36m(ClientAppActor pid=407882)[0m         
[36m(ClientAppActor pid=407882)[0m [93mWARNING [0m:   DEPRECATED FEATURE: `client_fn` now expects a signature `def client_fn(context: Context)`.The provided `client_fn` has signature: {'cid': <Parameter "cid: str">}. You can import the `Context` like this: `from flwr.app import Context`[32m [repeated 10x across cluster][0m
[36m(ClientAppActor pid=407882)[0m             This is a deprecated feature. It will be removed[32m [repeated 10x across cluster][0m
[36m(ClientAppActor pid=407882)[0m             entirely in future versions of Flower.[32m [repeated 10x across cluster][0m
[36m(ClientAppActor pid=407881)[0m 
[36m(ClientAppActor pid=407881)[0m         
[36m(ClientAppActor pid=407879)[0m 
[36m(ClientAppActor pid=407879)[0m         
[36m(ClientAppActor pid=407883)[0m 
[36m(ClientAppActor pid=407883)[0m         
[36m(ClientAppActor pid=407880)[0m 
[36m(ClientAppActor pid=407880)[0m         
[92mINFO [0m:      aggregate_evaluate: received 5 results and 0 failures
[92mINFO [0m:      
[92mINFO [0m:      [SUMMARY]
[92mINFO [0m:      Run finished 10 round(s) in 159.09s
[92mINFO [0m:      	History (loss, distributed):
[92mINFO [0m:      		round 1: 2.3302456369775997
[92mINFO [0m:      		round 2: 1.821993199591401
[92mINFO [0m:      		round 3: 1.4381815757015741
[92mINFO [0m:      		round 4: 1.2011858591776694
[92mINFO [0m:      		round 5: 1.0567292082791617
[92mINFO [0m:      		round 6: 0.9483450647411477
[92mINFO [0m:      		round 7: 1.0010302630583954
[92mINFO [0m:      		round 8: 0.9846759184088639
[92mINFO [0m:      		round 9: 0.9495100375918691
[92mINFO [0m:      		round 10: 0.9517894108426173
[92mINFO [0m:      	History (loss, centralized):
[92mINFO [0m:      		round 0: 2.303387407684326
[92mINFO [0m:      		round 1: 2.3277161029815674
[92mINFO [0m:      		round 2: 1.7959467706680299
[92mINFO [0m:      		round 3: 1.4012583072662355
[92mINFO [0m:      		round 4: 1.1702974235534669
[92mINFO [0m:      		round 5: 1.0304824038505553
[92mINFO [0m:      		round 6: 0.9341565662384034
[92mINFO [0m:      		round 7: 0.9783038770675659
[92mINFO [0m:      		round 8: 0.965608214378357
[92mINFO [0m:      		round 9: 0.9372801675796508
[92mINFO [0m:      		round 10: 0.9452497081756592
[92mINFO [0m:      	History (metrics, distributed, fit):
[92mINFO [0m:      	{'avg_flops_per_client_round': [(1, 8140805084160.0),
[92mINFO [0m:      	                                (2, 8140805084160.0),
[92mINFO [0m:      	                                (3, 8140805084160.0),
[92mINFO [0m:      	                                (4, 8140805084160.0),
[92mINFO [0m:      	                                (5, 8140805084160.0),
[92mINFO [0m:      	                                (6, 8140805084160.0),
[92mINFO [0m:      	                                (7, 8140805084160.0),
[92mINFO [0m:      	                                (8, 8140805084160.0),
[92mINFO [0m:      	                                (9, 8140805084160.0),
[92mINFO [0m:      	                                (10, 8140805084160.0)],
[92mINFO [0m:      	 'total_flops_round': [(1, 40704025420800),
[92mINFO [0m:      	                       (2, 40704025420800),
[92mINFO [0m:      	                       (3, 40704025420800),
[92mINFO [0m:      	                       (4, 40704025420800),
[92mINFO [0m:      	                       (5, 40704025420800),
[92mINFO [0m:      	                       (6, 40704025420800),
[92mINFO [0m:      	                       (7, 40704025420800),
[92mINFO [0m:      	                       (8, 40704025420800),
[92mINFO [0m:      	                       (9, 40704025420800),
[92mINFO [0m:      	                       (10, 40704025420800)]}
[92mINFO [0m:      	History (metrics, distributed, evaluate):
[92mINFO [0m:      	{'accuracy': [(1, 0.12467480488292976),
[92mINFO [0m:      	              (2, 0.3550130078046828),
[92mINFO [0m:      	              (3, 0.5373223934360616),
[92mINFO [0m:      	              (4, 0.6047628577146288),
[92mINFO [0m:      	              (5, 0.650990594356614),
[92mINFO [0m:      	              (6, 0.684610766459876),
[92mINFO [0m:      	              (7, 0.6726035621372823),
[92mINFO [0m:      	              (8, 0.6878126876125675),
[92mINFO [0m:      	              (9, 0.6948168901340804),
[92mINFO [0m:      	              (10, 0.6996197718631179)],
[92mINFO [0m:      	 'loss': [(1, 2.3302456369775997),
[92mINFO [0m:      	          (2, 1.821993199591401),
[92mINFO [0m:      	          (3, 1.4381815757015741),
[92mINFO [0m:      	          (4, 1.2011858591776694),
[92mINFO [0m:      	          (5, 1.0567292082791617),
[92mINFO [0m:      	          (6, 0.9483450647411477),
[92mINFO [0m:      	          (7, 1.0010302630583954),
[92mINFO [0m:      	          (8, 0.9846759184088639),
[92mINFO [0m:      	          (9, 0.9495100375918691),
[92mINFO [0m:      	          (10, 0.9517894108426173)]}
[92mINFO [0m:      	History (metrics, centralized):
[92mINFO [0m:      	{'accuracy': [(0, 0.1),
[92mINFO [0m:      	              (1, 0.1255),
[92mINFO [0m:      	              (2, 0.3592),
[92mINFO [0m:      	              (3, 0.5491),
[92mINFO [0m:      	              (4, 0.6153),
[92mINFO [0m:      	              (5, 0.6526),
[92mINFO [0m:      	              (6, 0.6856),
[92mINFO [0m:      	              (7, 0.6734),
[92mINFO [0m:      	              (8, 0.6915),
[92mINFO [0m:      	              (9, 0.6929),
[92mINFO [0m:      	              (10, 0.703)],
[92mINFO [0m:      	 'loss': [(0, 2.303387407684326),
[92mINFO [0m:      	          (1, 2.3277161029815674),
[92mINFO [0m:      	          (2, 1.7959467706680299),
[92mINFO [0m:      	          (3, 1.4012583072662355),
[92mINFO [0m:      	          (4, 1.1702974235534669),
[92mINFO [0m:      	          (5, 1.0304824038505553),
[92mINFO [0m:      	          (6, 0.9341565662384034),
[92mINFO [0m:      	          (7, 0.9783038770675659),
[92mINFO [0m:      	          (8, 0.965608214378357),
[92mINFO [0m:      	          (9, 0.9372801675796508),
[92mINFO [0m:      	          (10, 0.9452497081756592)]}
[92mINFO [0m:      
Treinando no dispositivo: cuda:0 com o dataset: CIFAR10 | Setup clientes: 5 (num_gpus por cliente=0.2) | SEED=51
FLOPS por amostra (forward): 6.030e+07 | (forward+backward, 3x): 1.809e+08
Files already downloaded and verified
Files already downloaded and verified
Dividindo o dataset usando a distribuição de Dirichlet com alpha=0.1.
Iniciando a simulação de Aprendizado Federado...
=== Diagnóstico de Medição de GPU ===
  pynvml_disponivel: True
  pynvml_versao: 580.173.02
  gpus_detectadas: 1
  leitura_potencia_ok: True
  potencia_atual_W: 114.839

--- Rodada 0 - Avaliação Centralizada (Servidor) ---
Loss (Servidor): 2.3034 | Acurácia (Servidor): 0.1000

--- Rodada 1 - Avaliação Centralizada (Servidor) ---
Loss (Servidor): 2.3277 | Acurácia (Servidor): 0.1255
--- Avaliação Agregada (Clientes) ---
Loss Média (Clientes): 2.3302 | Acurácia Média (Clientes): 0.1247

--- Rodada 2 - Avaliação Centralizada (Servidor) ---
Loss (Servidor): 1.7959 | Acurácia (Servidor): 0.3592
--- Avaliação Agregada (Clientes) ---
Loss Média (Clientes): 1.8220 | Acurácia Média (Clientes): 0.3550

--- Rodada 3 - Avaliação Centralizada (Servidor) ---
Loss (Servidor): 1.4013 | Acurácia (Servidor): 0.5491
--- Avaliação Agregada (Clientes) ---
Loss Média (Clientes): 1.4382 | Acurácia Média (Clientes): 0.5373

--- Rodada 4 - Avaliação Centralizada (Servidor) ---
Loss (Servidor): 1.1703 | Acurácia (Servidor): 0.6153
--- Avaliação Agregada (Clientes) ---
Loss Média (Clientes): 1.2012 | Acurácia Média (Clientes): 0.6048

--- Rodada 5 - Avaliação Centralizada (Servidor) ---
Loss (Servidor): 1.0305 | Acurácia (Servidor): 0.6526
--- Avaliação Agregada (Clientes) ---
Loss Média (Clientes): 1.0567 | Acurácia Média (Clientes): 0.6510

--- Rodada 6 - Avaliação Centralizada (Servidor) ---
Loss (Servidor): 0.9342 | Acurácia (Servidor): 0.6856
--- Avaliação Agregada (Clientes) ---
Loss Média (Clientes): 0.9483 | Acurácia Média (Clientes): 0.6846

--- Rodada 7 - Avaliação Centralizada (Servidor) ---
Loss (Servidor): 0.9783 | Acurácia (Servidor): 0.6734
--- Avaliação Agregada (Clientes) ---
Loss Média (Clientes): 1.0010 | Acurácia Média (Clientes): 0.6726

--- Rodada 8 - Avaliação Centralizada (Servidor) ---
Loss (Servidor): 0.9656 | Acurácia (Servidor): 0.6915
--- Avaliação Agregada (Clientes) ---
Loss Média (Clientes): 0.9847 | Acurácia Média (Clientes): 0.6878

--- Rodada 9 - Avaliação Centralizada (Servidor) ---
Loss (Servidor): 0.9373 | Acurácia (Servidor): 0.6929
--- Avaliação Agregada (Clientes) ---
Loss Média (Clientes): 0.9495 | Acurácia Média (Clientes): 0.6948

--- Rodada 10 - Avaliação Centralizada (Servidor) ---
Loss (Servidor): 0.9452 | Acurácia (Servidor): 0.7030
--- Avaliação Agregada (Clientes) ---
Loss Média (Clientes): 0.9518 | Acurácia Média (Clientes): 0.6996

Resultados salvos em: /home/tiago/GitHubProjects/fedhad-thesis-2/FedAVG-results/1.1_diagnostico_drift/CIFAR10/FedAVG__CIFAR10__Setup-5__Clients-5__Rounds-10__Delay-0_05__Alpha-0_1__Seed-51.txt
[36m(ClientAppActor pid=407880)[0m [93mWARNING [0m:   DEPRECATED FEATURE: `client_fn` now expects a signature `def client_fn(context: Context)`.The provided `client_fn` has signature: {'cid': <Parameter "cid: str">}. You can import the `Context` like this: `from flwr.app import Context`[32m [repeated 4x across cluster][0m
[36m(ClientAppActor pid=407880)[0m             This is a deprecated feature. It will be removed[32m [repeated 4x across cluster][0m
[36m(ClientAppActor pid=407880)[0m             entirely in future versions of Flower.[32m [repeated 4x across cluster][0m
