[codecarbon WARNING @ 13:06:32] Multiple instances of codecarbon are allowed to run at the same time.
[93mWARNING [0m:   DEPRECATED FEATURE: flwr.simulation.start_simulation() is deprecated.
	Instead, use the `flwr run` CLI command to start a local simulation in your Flower app, as shown for example below:

		$ flwr new  # Create a new Flower app from a template

		$ flwr run  # Run the Flower app in Simulation Mode

	Using `start_simulation()` is deprecated.

            This is a deprecated feature. It will be removed
            entirely in future versions of Flower.
        
[92mINFO [0m:      Starting Flower simulation, config: num_rounds=10, no round_timeout
2026-09-04 13:06:40,333	INFO worker.py:2012 -- Started a local Ray instance.
/home/tiago/GitHubProjects/fedhad-thesis-2/env_flwr_pt/lib/python3.12/site-packages/ray/_private/worker.py:2051: FutureWarning: Tip: In future versions of Ray, Ray will no longer override accelerator visible devices env var if num_gpus=0 or num_gpus=None (default). To enable this behavior and turn off this error message, set RAY_ACCEL_ENV_VAR_OVERRIDE_ON_ZERO=0
  warnings.warn(
[92mINFO [0m:      Flower VCE: Ray initialized with resources: {'node:10.129.64.100': 1.0, 'memory': 181416156365.0, 'CPU': 64.0, 'GPU': 1.0, 'node:__internal_head__': 1.0, 'object_store_memory': 77749781299.0, 'accelerator_type:A40': 1.0}
[92mINFO [0m:      Optimize your simulation with Flower VCE: https://flower.ai/docs/framework/how-to-run-simulations.html
/home/tiago/GitHubProjects/fedhad-thesis-2/FedAvgM_Final.py:1669: UserWarning: No `num_cpus` specified in `client_resources`. Using `num_cpus=1` for each client.
  history = fl.simulation.start_simulation(
[92mINFO [0m:      Flower VCE: Resources for each Virtual Client: {'num_gpus': 0.2, 'num_cpus': 1}
[92mINFO [0m:      Flower VCE: Creating VirtualClientEngineActorPool with 5 actors
[92mINFO [0m:      [INIT]
[92mINFO [0m:      Using initial global parameters provided by strategy
[92mINFO [0m:      Starting evaluation of initial global parameters
[92mINFO [0m:      initial parameters (loss, other metrics): 2.3030543338775633, {'accuracy': 0.1, 'loss': 2.3030543338775633}
[92mINFO [0m:      
[92mINFO [0m:      [ROUND 1]
[92mINFO [0m:      configure_fit: strategy sampled 5 clients (out of 5)
[36m(ClientAppActor pid=530383)[0m [93mWARNING [0m:   DEPRECATED FEATURE: `client_fn` now expects a signature `def client_fn(context: Context)`.The provided `client_fn` has signature: {'cid': <Parameter "cid: str">}. You can import the `Context` like this: `from flwr.app import Context`
[36m(ClientAppActor pid=530383)[0m 
[36m(ClientAppActor pid=530383)[0m             This is a deprecated feature. It will be removed
[36m(ClientAppActor pid=530383)[0m             entirely in future versions of Flower.
[36m(ClientAppActor pid=530383)[0m         
[36m(ClientAppActor pid=530382)[0m 
[36m(ClientAppActor pid=530382)[0m         
[36m(ClientAppActor pid=530357)[0m 
[36m(ClientAppActor pid=530357)[0m         
[36m(ClientAppActor pid=530349)[0m 
[36m(ClientAppActor pid=530349)[0m         
[36m(ClientAppActor pid=530348)[0m 
[36m(ClientAppActor pid=530348)[0m         
[92mINFO [0m:      aggregate_fit: received 5 results and 0 failures
[92mINFO [0m:      fit progress: (1, 2.313979369735718, {'accuracy': 0.1, 'loss': 2.313979369735718}, 14.748271017044317)
[92mINFO [0m:      configure_evaluate: strategy sampled 5 clients (out of 5)
[36m(ClientAppActor pid=530348)[0m 
[36m(ClientAppActor pid=530348)[0m         
[36m(ClientAppActor pid=530348)[0m [93mWARNING [0m:   DEPRECATED FEATURE: `client_fn` now expects a signature `def client_fn(context: Context)`.The provided `client_fn` has signature: {'cid': <Parameter "cid: str">}. You can import the `Context` like this: `from flwr.app import Context`[32m [repeated 5x across cluster] (Ray deduplicates logs by default. Set RAY_DEDUP_LOGS=0 to disable log deduplication, or see https://docs.ray.io/en/master/ray-observability/user-guides/configure-logging.html#log-deduplication for more options.)[0m
[36m(ClientAppActor pid=530348)[0m             This is a deprecated feature. It will be removed[32m [repeated 5x across cluster][0m
[36m(ClientAppActor pid=530348)[0m             entirely in future versions of Flower.[32m [repeated 5x across cluster][0m
[36m(ClientAppActor pid=530383)[0m 
[36m(ClientAppActor pid=530383)[0m         
[36m(ClientAppActor pid=530349)[0m 
[36m(ClientAppActor pid=530349)[0m         
[36m(ClientAppActor pid=530357)[0m 
[36m(ClientAppActor pid=530357)[0m         
[36m(ClientAppActor pid=530382)[0m 
[36m(ClientAppActor pid=530382)[0m         
[92mINFO [0m:      aggregate_evaluate: received 5 results and 0 failures
[92mINFO [0m:      
[92mINFO [0m:      [ROUND 2]
[92mINFO [0m:      configure_fit: strategy sampled 5 clients (out of 5)
[36m(ClientAppActor pid=530382)[0m 
[36m(ClientAppActor pid=530382)[0m         
[36m(ClientAppActor pid=530357)[0m 
[36m(ClientAppActor pid=530357)[0m         
[36m(ClientAppActor pid=530383)[0m 
[36m(ClientAppActor pid=530383)[0m         
[36m(ClientAppActor pid=530349)[0m 
[36m(ClientAppActor pid=530349)[0m         
[36m(ClientAppActor pid=530348)[0m 
[36m(ClientAppActor pid=530348)[0m         
[92mINFO [0m:      aggregate_fit: received 5 results and 0 failures
[92mINFO [0m:      fit progress: (2, 2.4661722202301024, {'accuracy': 0.3582, 'loss': 2.4661722202301024}, 27.652821078023408)
[92mINFO [0m:      configure_evaluate: strategy sampled 5 clients (out of 5)
[36m(ClientAppActor pid=530383)[0m 
[36m(ClientAppActor pid=530383)[0m         
[36m(ClientAppActor pid=530383)[0m [93mWARNING [0m:   DEPRECATED FEATURE: `client_fn` now expects a signature `def client_fn(context: Context)`.The provided `client_fn` has signature: {'cid': <Parameter "cid: str">}. You can import the `Context` like this: `from flwr.app import Context`[32m [repeated 10x across cluster][0m
[36m(ClientAppActor pid=530383)[0m             This is a deprecated feature. It will be removed[32m [repeated 10x across cluster][0m
[36m(ClientAppActor pid=530383)[0m             entirely in future versions of Flower.[32m [repeated 10x across cluster][0m
[36m(ClientAppActor pid=530357)[0m 
[36m(ClientAppActor pid=530357)[0m         
[36m(ClientAppActor pid=530349)[0m 
[36m(ClientAppActor pid=530349)[0m         
[36m(ClientAppActor pid=530348)[0m 
[36m(ClientAppActor pid=530348)[0m         
[36m(ClientAppActor pid=530382)[0m 
[36m(ClientAppActor pid=530382)[0m         
[92mINFO [0m:      aggregate_evaluate: received 5 results and 0 failures
[92mINFO [0m:      
[92mINFO [0m:      [ROUND 3]
[92mINFO [0m:      configure_fit: strategy sampled 5 clients (out of 5)
[36m(ClientAppActor pid=530382)[0m 
[36m(ClientAppActor pid=530382)[0m         
[36m(ClientAppActor pid=530348)[0m 
[36m(ClientAppActor pid=530348)[0m         
[36m(ClientAppActor pid=530357)[0m 
[36m(ClientAppActor pid=530357)[0m         
[36m(ClientAppActor pid=530349)[0m 
[36m(ClientAppActor pid=530349)[0m         
[36m(ClientAppActor pid=530383)[0m 
[36m(ClientAppActor pid=530383)[0m         
[92mINFO [0m:      aggregate_fit: received 5 results and 0 failures
[92mINFO [0m:      fit progress: (3, 5.455670615386963, {'accuracy': 0.4839, 'loss': 5.455670615386963}, 40.68996285501635)
[92mINFO [0m:      configure_evaluate: strategy sampled 5 clients (out of 5)
[36m(ClientAppActor pid=530349)[0m 
[36m(ClientAppActor pid=530349)[0m         
[36m(ClientAppActor pid=530349)[0m [93mWARNING [0m:   DEPRECATED FEATURE: `client_fn` now expects a signature `def client_fn(context: Context)`.The provided `client_fn` has signature: {'cid': <Parameter "cid: str">}. You can import the `Context` like this: `from flwr.app import Context`[32m [repeated 10x across cluster][0m
[36m(ClientAppActor pid=530349)[0m             This is a deprecated feature. It will be removed[32m [repeated 10x across cluster][0m
[36m(ClientAppActor pid=530349)[0m             entirely in future versions of Flower.[32m [repeated 10x across cluster][0m
[36m(ClientAppActor pid=530348)[0m 
[36m(ClientAppActor pid=530348)[0m         
[36m(ClientAppActor pid=530382)[0m 
[36m(ClientAppActor pid=530382)[0m         
[36m(ClientAppActor pid=530383)[0m 
[36m(ClientAppActor pid=530383)[0m         
[36m(ClientAppActor pid=530357)[0m 
[36m(ClientAppActor pid=530357)[0m         
[92mINFO [0m:      aggregate_evaluate: received 5 results and 0 failures
[92mINFO [0m:      
[92mINFO [0m:      [ROUND 4]
[92mINFO [0m:      configure_fit: strategy sampled 5 clients (out of 5)
[36m(ClientAppActor pid=530357)[0m 
[36m(ClientAppActor pid=530357)[0m         
[36m(ClientAppActor pid=530383)[0m 
[36m(ClientAppActor pid=530383)[0m         
[36m(ClientAppActor pid=530382)[0m 
[36m(ClientAppActor pid=530382)[0m         
[36m(ClientAppActor pid=530348)[0m 
[36m(ClientAppActor pid=530348)[0m         
[36m(ClientAppActor pid=530349)[0m 
[36m(ClientAppActor pid=530349)[0m         
[92mINFO [0m:      aggregate_fit: received 5 results and 0 failures
[92mINFO [0m:      fit progress: (4, 3.5128011381149293, {'accuracy': 0.6046, 'loss': 3.5128011381149293}, 53.61100197804626)
[92mINFO [0m:      configure_evaluate: strategy sampled 5 clients (out of 5)
[36m(ClientAppActor pid=530349)[0m 
[36m(ClientAppActor pid=530349)[0m         
[36m(ClientAppActor pid=530349)[0m [93mWARNING [0m:   DEPRECATED FEATURE: `client_fn` now expects a signature `def client_fn(context: Context)`.The provided `client_fn` has signature: {'cid': <Parameter "cid: str">}. You can import the `Context` like this: `from flwr.app import Context`[32m [repeated 10x across cluster][0m
[36m(ClientAppActor pid=530349)[0m             This is a deprecated feature. It will be removed[32m [repeated 10x across cluster][0m
[36m(ClientAppActor pid=530349)[0m             entirely in future versions of Flower.[32m [repeated 10x across cluster][0m
[36m(ClientAppActor pid=530348)[0m 
[36m(ClientAppActor pid=530348)[0m         
[36m(ClientAppActor pid=530382)[0m 
[36m(ClientAppActor pid=530382)[0m         
[36m(ClientAppActor pid=530383)[0m 
[36m(ClientAppActor pid=530383)[0m         
[36m(ClientAppActor pid=530357)[0m 
[36m(ClientAppActor pid=530357)[0m         
[92mINFO [0m:      aggregate_evaluate: received 5 results and 0 failures
[92mINFO [0m:      
[92mINFO [0m:      [ROUND 5]
[92mINFO [0m:      configure_fit: strategy sampled 5 clients (out of 5)
[36m(ClientAppActor pid=530357)[0m 
[36m(ClientAppActor pid=530357)[0m         
[36m(ClientAppActor pid=530383)[0m 
[36m(ClientAppActor pid=530383)[0m         
[36m(ClientAppActor pid=530382)[0m 
[36m(ClientAppActor pid=530382)[0m         
[36m(ClientAppActor pid=530348)[0m 
[36m(ClientAppActor pid=530348)[0m         
[36m(ClientAppActor pid=530349)[0m 
[36m(ClientAppActor pid=530349)[0m         
[92mINFO [0m:      aggregate_fit: received 5 results and 0 failures
[92mINFO [0m:      fit progress: (5, 3.793004105567932, {'accuracy': 0.6424, 'loss': 3.793004105567932}, 66.77203848102363)
[92mINFO [0m:      configure_evaluate: strategy sampled 5 clients (out of 5)
[36m(ClientAppActor pid=530349)[0m 
[36m(ClientAppActor pid=530349)[0m         
[36m(ClientAppActor pid=530349)[0m [93mWARNING [0m:   DEPRECATED FEATURE: `client_fn` now expects a signature `def client_fn(context: Context)`.The provided `client_fn` has signature: {'cid': <Parameter "cid: str">}. You can import the `Context` like this: `from flwr.app import Context`[32m [repeated 10x across cluster][0m
[36m(ClientAppActor pid=530349)[0m             This is a deprecated feature. It will be removed[32m [repeated 10x across cluster][0m
[36m(ClientAppActor pid=530349)[0m             entirely in future versions of Flower.[32m [repeated 10x across cluster][0m
[36m(ClientAppActor pid=530357)[0m 
[36m(ClientAppActor pid=530357)[0m         
[36m(ClientAppActor pid=530348)[0m 
[36m(ClientAppActor pid=530348)[0m         
[36m(ClientAppActor pid=530382)[0m 
[36m(ClientAppActor pid=530382)[0m         
[36m(ClientAppActor pid=530383)[0m 
[36m(ClientAppActor pid=530383)[0m         
[92mINFO [0m:      aggregate_evaluate: received 5 results and 0 failures
[92mINFO [0m:      
[92mINFO [0m:      [ROUND 6]
[92mINFO [0m:      configure_fit: strategy sampled 5 clients (out of 5)
[36m(ClientAppActor pid=530383)[0m 
[36m(ClientAppActor pid=530383)[0m         
[36m(ClientAppActor pid=530382)[0m 
[36m(ClientAppActor pid=530382)[0m         
[36m(ClientAppActor pid=530357)[0m 
[36m(ClientAppActor pid=530357)[0m         
[36m(ClientAppActor pid=530348)[0m 
[36m(ClientAppActor pid=530348)[0m         
[36m(ClientAppActor pid=530349)[0m 
[36m(ClientAppActor pid=530349)[0m         
[92mINFO [0m:      aggregate_fit: received 5 results and 0 failures
[92mINFO [0m:      fit progress: (6, 3.400960608959198, {'accuracy': 0.6656, 'loss': 3.400960608959198}, 79.99769244104391)
[92mINFO [0m:      configure_evaluate: strategy sampled 5 clients (out of 5)
[36m(ClientAppActor pid=530349)[0m 
[36m(ClientAppActor pid=530349)[0m         
[36m(ClientAppActor pid=530349)[0m [93mWARNING [0m:   DEPRECATED FEATURE: `client_fn` now expects a signature `def client_fn(context: Context)`.The provided `client_fn` has signature: {'cid': <Parameter "cid: str">}. You can import the `Context` like this: `from flwr.app import Context`[32m [repeated 10x across cluster][0m
[36m(ClientAppActor pid=530349)[0m             This is a deprecated feature. It will be removed[32m [repeated 10x across cluster][0m
[36m(ClientAppActor pid=530349)[0m             entirely in future versions of Flower.[32m [repeated 10x across cluster][0m
[36m(ClientAppActor pid=530383)[0m 
[36m(ClientAppActor pid=530383)[0m         
[36m(ClientAppActor pid=530357)[0m 
[36m(ClientAppActor pid=530357)[0m         
[36m(ClientAppActor pid=530348)[0m 
[36m(ClientAppActor pid=530348)[0m         
[36m(ClientAppActor pid=530382)[0m 
[36m(ClientAppActor pid=530382)[0m         
[92mINFO [0m:      aggregate_evaluate: received 5 results and 0 failures
[92mINFO [0m:      
[92mINFO [0m:      [ROUND 7]
[92mINFO [0m:      configure_fit: strategy sampled 5 clients (out of 5)
[36m(ClientAppActor pid=530382)[0m 
[36m(ClientAppActor pid=530382)[0m         
[36m(ClientAppActor pid=530348)[0m 
[36m(ClientAppActor pid=530348)[0m         
[36m(ClientAppActor pid=530357)[0m 
[36m(ClientAppActor pid=530357)[0m         
[36m(ClientAppActor pid=530383)[0m 
[36m(ClientAppActor pid=530383)[0m         
[36m(ClientAppActor pid=530349)[0m 
[36m(ClientAppActor pid=530349)[0m         
[92mINFO [0m:      aggregate_fit: received 5 results and 0 failures
[92mINFO [0m:      fit progress: (7, 3.443821273517609, {'accuracy': 0.6263, 'loss': 3.443821273517609}, 92.98353655001847)
[92mINFO [0m:      configure_evaluate: strategy sampled 5 clients (out of 5)
[36m(ClientAppActor pid=530357)[0m 
[36m(ClientAppActor pid=530357)[0m         
[36m(ClientAppActor pid=530357)[0m [93mWARNING [0m:   DEPRECATED FEATURE: `client_fn` now expects a signature `def client_fn(context: Context)`.The provided `client_fn` has signature: {'cid': <Parameter "cid: str">}. You can import the `Context` like this: `from flwr.app import Context`[32m [repeated 10x across cluster][0m
[36m(ClientAppActor pid=530357)[0m             This is a deprecated feature. It will be removed[32m [repeated 10x across cluster][0m
[36m(ClientAppActor pid=530357)[0m             entirely in future versions of Flower.[32m [repeated 10x across cluster][0m
[36m(ClientAppActor pid=530382)[0m 
[36m(ClientAppActor pid=530382)[0m         
[36m(ClientAppActor pid=530349)[0m 
[36m(ClientAppActor pid=530349)[0m         
[36m(ClientAppActor pid=530383)[0m 
[36m(ClientAppActor pid=530383)[0m         
[36m(ClientAppActor pid=530348)[0m 
[36m(ClientAppActor pid=530348)[0m         
[92mINFO [0m:      aggregate_evaluate: received 5 results and 0 failures
[92mINFO [0m:      
[92mINFO [0m:      [ROUND 8]
[92mINFO [0m:      configure_fit: strategy sampled 5 clients (out of 5)
[36m(ClientAppActor pid=530348)[0m 
[36m(ClientAppActor pid=530348)[0m         
[36m(ClientAppActor pid=530383)[0m 
[36m(ClientAppActor pid=530383)[0m         
[36m(ClientAppActor pid=530349)[0m 
[36m(ClientAppActor pid=530349)[0m         
[36m(ClientAppActor pid=530382)[0m 
[36m(ClientAppActor pid=530382)[0m         
[36m(ClientAppActor pid=530357)[0m 
[36m(ClientAppActor pid=530357)[0m         
[92mINFO [0m:      aggregate_fit: received 5 results and 0 failures
[92mINFO [0m:      fit progress: (8, 3.0225804377555847, {'accuracy': 0.6489, 'loss': 3.0225804377555847}, 105.8671020490001)
[92mINFO [0m:      configure_evaluate: strategy sampled 5 clients (out of 5)
[36m(ClientAppActor pid=530357)[0m 
[36m(ClientAppActor pid=530357)[0m         
[36m(ClientAppActor pid=530357)[0m [93mWARNING [0m:   DEPRECATED FEATURE: `client_fn` now expects a signature `def client_fn(context: Context)`.The provided `client_fn` has signature: {'cid': <Parameter "cid: str">}. You can import the `Context` like this: `from flwr.app import Context`[32m [repeated 10x across cluster][0m
[36m(ClientAppActor pid=530357)[0m             This is a deprecated feature. It will be removed[32m [repeated 10x across cluster][0m
[36m(ClientAppActor pid=530357)[0m             entirely in future versions of Flower.[32m [repeated 10x across cluster][0m
[36m(ClientAppActor pid=530383)[0m 
[36m(ClientAppActor pid=530383)[0m         
[36m(ClientAppActor pid=530382)[0m 
[36m(ClientAppActor pid=530382)[0m         
[36m(ClientAppActor pid=530349)[0m 
[36m(ClientAppActor pid=530349)[0m         
[36m(ClientAppActor pid=530348)[0m 
[36m(ClientAppActor pid=530348)[0m         
[92mINFO [0m:      aggregate_evaluate: received 5 results and 0 failures
[92mINFO [0m:      
[92mINFO [0m:      [ROUND 9]
[92mINFO [0m:      configure_fit: strategy sampled 5 clients (out of 5)
[36m(ClientAppActor pid=530348)[0m 
[36m(ClientAppActor pid=530348)[0m         
[36m(ClientAppActor pid=530349)[0m 
[36m(ClientAppActor pid=530349)[0m         
[36m(ClientAppActor pid=530382)[0m 
[36m(ClientAppActor pid=530382)[0m         
[36m(ClientAppActor pid=530383)[0m 
[36m(ClientAppActor pid=530383)[0m         
[36m(ClientAppActor pid=530357)[0m 
[36m(ClientAppActor pid=530357)[0m         
[92mINFO [0m:      aggregate_fit: received 5 results and 0 failures
[92mINFO [0m:      fit progress: (9, 3.4511545058250426, {'accuracy': 0.6851, 'loss': 3.4511545058250426}, 118.84621033404255)
[92mINFO [0m:      configure_evaluate: strategy sampled 5 clients (out of 5)
[36m(ClientAppActor pid=530383)[0m 
[36m(ClientAppActor pid=530383)[0m         
[36m(ClientAppActor pid=530383)[0m [93mWARNING [0m:   DEPRECATED FEATURE: `client_fn` now expects a signature `def client_fn(context: Context)`.The provided `client_fn` has signature: {'cid': <Parameter "cid: str">}. You can import the `Context` like this: `from flwr.app import Context`[32m [repeated 10x across cluster][0m
[36m(ClientAppActor pid=530383)[0m             This is a deprecated feature. It will be removed[32m [repeated 10x across cluster][0m
[36m(ClientAppActor pid=530383)[0m             entirely in future versions of Flower.[32m [repeated 10x across cluster][0m
[36m(ClientAppActor pid=530382)[0m 
[36m(ClientAppActor pid=530382)[0m         
[36m(ClientAppActor pid=530349)[0m 
[36m(ClientAppActor pid=530349)[0m         
[36m(ClientAppActor pid=530357)[0m 
[36m(ClientAppActor pid=530357)[0m         
[36m(ClientAppActor pid=530348)[0m 
[36m(ClientAppActor pid=530348)[0m         
[92mINFO [0m:      aggregate_evaluate: received 5 results and 0 failures
[92mINFO [0m:      
[92mINFO [0m:      [ROUND 10]
[92mINFO [0m:      configure_fit: strategy sampled 5 clients (out of 5)
[36m(ClientAppActor pid=530348)[0m 
[36m(ClientAppActor pid=530348)[0m         
[36m(ClientAppActor pid=530357)[0m 
[36m(ClientAppActor pid=530357)[0m         
[36m(ClientAppActor pid=530349)[0m 
[36m(ClientAppActor pid=530349)[0m         
[36m(ClientAppActor pid=530382)[0m 
[36m(ClientAppActor pid=530382)[0m         
[36m(ClientAppActor pid=530383)[0m 
[36m(ClientAppActor pid=530383)[0m         
[92mINFO [0m:      aggregate_fit: received 5 results and 0 failures
[92mINFO [0m:      fit progress: (10, 4.077035891342163, {'accuracy': 0.6995, 'loss': 4.077035891342163}, 131.75212309800554)
[92mINFO [0m:      configure_evaluate: strategy sampled 5 clients (out of 5)
[36m(ClientAppActor pid=530382)[0m 
[36m(ClientAppActor pid=530382)[0m         
[36m(ClientAppActor pid=530382)[0m [93mWARNING [0m:   DEPRECATED FEATURE: `client_fn` now expects a signature `def client_fn(context: Context)`.The provided `client_fn` has signature: {'cid': <Parameter "cid: str">}. You can import the `Context` like this: `from flwr.app import Context`[32m [repeated 10x across cluster][0m
[36m(ClientAppActor pid=530382)[0m             This is a deprecated feature. It will be removed[32m [repeated 10x across cluster][0m
[36m(ClientAppActor pid=530382)[0m             entirely in future versions of Flower.[32m [repeated 10x across cluster][0m
[36m(ClientAppActor pid=530349)[0m 
[36m(ClientAppActor pid=530349)[0m         
[36m(ClientAppActor pid=530348)[0m 
[36m(ClientAppActor pid=530348)[0m         
[36m(ClientAppActor pid=530383)[0m 
[36m(ClientAppActor pid=530383)[0m         
[36m(ClientAppActor pid=530357)[0m 
[36m(ClientAppActor pid=530357)[0m         
[92mINFO [0m:      aggregate_evaluate: received 5 results and 0 failures
[92mINFO [0m:      
[92mINFO [0m:      [SUMMARY]
[92mINFO [0m:      Run finished 10 round(s) in 132.67s
[92mINFO [0m:      	History (loss, distributed):
[92mINFO [0m:      		round 1: 2.3124329316656613
[92mINFO [0m:      		round 2: 2.4861638891427353
[92mINFO [0m:      		round 3: 5.401023969188413
[92mINFO [0m:      		round 4: 3.5465206746675006
[92mINFO [0m:      		round 5: 3.7670038694940504
[92mINFO [0m:      		round 6: 3.477649675220789
[92mINFO [0m:      		round 7: 3.4966458800083484
[92mINFO [0m:      		round 8: 2.9329101167134324
[92mINFO [0m:      		round 9: 3.305652232906355
[92mINFO [0m:      		round 10: 3.939071587521501
[92mINFO [0m:      	History (loss, centralized):
[92mINFO [0m:      		round 0: 2.3030543338775633
[92mINFO [0m:      		round 1: 2.313979369735718
[92mINFO [0m:      		round 2: 2.4661722202301024
[92mINFO [0m:      		round 3: 5.455670615386963
[92mINFO [0m:      		round 4: 3.5128011381149293
[92mINFO [0m:      		round 5: 3.793004105567932
[92mINFO [0m:      		round 6: 3.400960608959198
[92mINFO [0m:      		round 7: 3.443821273517609
[92mINFO [0m:      		round 8: 3.0225804377555847
[92mINFO [0m:      		round 9: 3.4511545058250426
[92mINFO [0m:      		round 10: 4.077035891342163
[92mINFO [0m:      	History (metrics, distributed, fit):
[92mINFO [0m:      	{'avg_flops_per_client_round': [(1, 8140805084160.0),
[92mINFO [0m:      	                                (2, 8140805084160.0),
[92mINFO [0m:      	                                (3, 8140805084160.0),
[92mINFO [0m:      	                                (4, 8140805084160.0),
[92mINFO [0m:      	                                (5, 8140805084160.0),
[92mINFO [0m:      	                                (6, 8140805084160.0),
[92mINFO [0m:      	                                (7, 8140805084160.0),
[92mINFO [0m:      	                                (8, 8140805084160.0),
[92mINFO [0m:      	                                (9, 8140805084160.0),
[92mINFO [0m:      	                                (10, 8140805084160.0)],
[92mINFO [0m:      	 'total_flops_round': [(1, 40704025420800),
[92mINFO [0m:      	                       (2, 40704025420800),
[92mINFO [0m:      	                       (3, 40704025420800),
[92mINFO [0m:      	                       (4, 40704025420800),
[92mINFO [0m:      	                       (5, 40704025420800),
[92mINFO [0m:      	                       (6, 40704025420800),
[92mINFO [0m:      	                       (7, 40704025420800),
[92mINFO [0m:      	                       (8, 40704025420800),
[92mINFO [0m:      	                       (9, 40704025420800),
[92mINFO [0m:      	                       (10, 40704025420800)]}
[92mINFO [0m:      	History (metrics, distributed, evaluate):
[92mINFO [0m:      	{'accuracy': [(1, 0.10086051630978587),
[92mINFO [0m:      	              (2, 0.35581348809285573),
[92mINFO [0m:      	              (3, 0.4822893736241745),
[92mINFO [0m:      	              (4, 0.590754452671603),
[92mINFO [0m:      	              (5, 0.6453872323394036),
[92mINFO [0m:      	              (6, 0.6599959975985591),
[92mINFO [0m:      	              (7, 0.6237742645587352),
[92mINFO [0m:      	              (8, 0.6459875925555333),
[92mINFO [0m:      	              (9, 0.682009205523314),
[92mINFO [0m:      	              (10, 0.6978186912147288)],
[92mINFO [0m:      	 'loss': [(1, 2.3124329316656613),
[92mINFO [0m:      	          (2, 2.4861638891427353),
[92mINFO [0m:      	          (3, 5.401023969188413),
[92mINFO [0m:      	          (4, 3.5465206746675006),
[92mINFO [0m:      	          (5, 3.7670038694940504),
[92mINFO [0m:      	          (6, 3.477649675220789),
[92mINFO [0m:      	          (7, 3.4966458800083484),
[92mINFO [0m:      	          (8, 2.9329101167134324),
[92mINFO [0m:      	          (9, 3.305652232906355),
[92mINFO [0m:      	          (10, 3.939071587521501)]}
[92mINFO [0m:      	History (metrics, centralized):
[92mINFO [0m:      	{'accuracy': [(0, 0.1),
[92mINFO [0m:      	              (1, 0.1),
[92mINFO [0m:      	              (2, 0.3582),
[92mINFO [0m:      	              (3, 0.4839),
[92mINFO [0m:      	              (4, 0.6046),
[92mINFO [0m:      	              (5, 0.6424),
[92mINFO [0m:      	              (6, 0.6656),
[92mINFO [0m:      	              (7, 0.6263),
[92mINFO [0m:      	              (8, 0.6489),
[92mINFO [0m:      	              (9, 0.6851),
[92mINFO [0m:      	              (10, 0.6995)],
[92mINFO [0m:      	 'loss': [(0, 2.3030543338775633),
[92mINFO [0m:      	          (1, 2.313979369735718),
[92mINFO [0m:      	          (2, 2.4661722202301024),
[92mINFO [0m:      	          (3, 5.455670615386963),
[92mINFO [0m:      	          (4, 3.5128011381149293),
[92mINFO [0m:      	          (5, 3.793004105567932),
[92mINFO [0m:      	          (6, 3.400960608959198),
[92mINFO [0m:      	          (7, 3.443821273517609),
[92mINFO [0m:      	          (8, 3.0225804377555847),
[92mINFO [0m:      	          (9, 3.4511545058250426),
[92mINFO [0m:      	          (10, 4.077035891342163)]}
[92mINFO [0m:      
Treinando no dispositivo: cuda:0 com o dataset: CIFAR10 | Setup clientes: 5 (num_gpus por cliente=0.2) | SEED=47 | Método: FedAvgM (server_momentum=0.9, server_lr=1.0)
FLOPS por amostra (forward): 6.030e+07 | (forward+backward, 3x): 1.809e+08
Files already downloaded and verified
Files already downloaded and verified
Dividindo o dataset usando a distribuição de Dirichlet com alpha=1.0.
Iniciando a simulação de Aprendizado Federado...
=== Diagnóstico de Medição de GPU ===
  pynvml_disponivel: True
  pynvml_versao: 580.173.02
  gpus_detectadas: 1
  leitura_potencia_ok: True
  potencia_atual_W: 115.644

--- Rodada 0 - Avaliação Centralizada (Servidor) ---
Loss (Servidor): 2.3031 | Acurácia (Servidor): 0.1000

--- Rodada 1 - Avaliação Centralizada (Servidor) ---
Loss (Servidor): 2.3140 | Acurácia (Servidor): 0.1000
--- Avaliação Agregada (Clientes) ---
Loss Média (Clientes): 2.3124 | Acurácia Média (Clientes): 0.1009

--- Rodada 2 - Avaliação Centralizada (Servidor) ---
Loss (Servidor): 2.4662 | Acurácia (Servidor): 0.3582
--- Avaliação Agregada (Clientes) ---
Loss Média (Clientes): 2.4862 | Acurácia Média (Clientes): 0.3558

--- Rodada 3 - Avaliação Centralizada (Servidor) ---
Loss (Servidor): 5.4557 | Acurácia (Servidor): 0.4839
--- Avaliação Agregada (Clientes) ---
Loss Média (Clientes): 5.4010 | Acurácia Média (Clientes): 0.4823

--- Rodada 4 - Avaliação Centralizada (Servidor) ---
Loss (Servidor): 3.5128 | Acurácia (Servidor): 0.6046
--- Avaliação Agregada (Clientes) ---
Loss Média (Clientes): 3.5465 | Acurácia Média (Clientes): 0.5908

--- Rodada 5 - Avaliação Centralizada (Servidor) ---
Loss (Servidor): 3.7930 | Acurácia (Servidor): 0.6424
--- Avaliação Agregada (Clientes) ---
Loss Média (Clientes): 3.7670 | Acurácia Média (Clientes): 0.6454

--- Rodada 6 - Avaliação Centralizada (Servidor) ---
Loss (Servidor): 3.4010 | Acurácia (Servidor): 0.6656
--- Avaliação Agregada (Clientes) ---
Loss Média (Clientes): 3.4776 | Acurácia Média (Clientes): 0.6600

--- Rodada 7 - Avaliação Centralizada (Servidor) ---
Loss (Servidor): 3.4438 | Acurácia (Servidor): 0.6263
--- Avaliação Agregada (Clientes) ---
Loss Média (Clientes): 3.4966 | Acurácia Média (Clientes): 0.6238

--- Rodada 8 - Avaliação Centralizada (Servidor) ---
Loss (Servidor): 3.0226 | Acurácia (Servidor): 0.6489
--- Avaliação Agregada (Clientes) ---
Loss Média (Clientes): 2.9329 | Acurácia Média (Clientes): 0.6460

--- Rodada 9 - Avaliação Centralizada (Servidor) ---
Loss (Servidor): 3.4512 | Acurácia (Servidor): 0.6851
--- Avaliação Agregada (Clientes) ---
Loss Média (Clientes): 3.3057 | Acurácia Média (Clientes): 0.6820

--- Rodada 10 - Avaliação Centralizada (Servidor) ---
Loss (Servidor): 4.0770 | Acurácia (Servidor): 0.6995
--- Avaliação Agregada (Clientes) ---
Loss Média (Clientes): 3.9391 | Acurácia Média (Clientes): 0.6978

Resultados salvos em: /home/tiago/GitHubProjects/fedhad-thesis-2/FedAvgM-results/1.1_diagnostico_drift/CIFAR10/FedAvgM__CIFAR10__Setup-5__Clients-5__Rounds-10__Delay-0_05__Alpha-1_0__Seed-47.txt
[36m(ClientAppActor pid=530357)[0m [93mWARNING [0m:   DEPRECATED FEATURE: `client_fn` now expects a signature `def client_fn(context: Context)`.The provided `client_fn` has signature: {'cid': <Parameter "cid: str">}. You can import the `Context` like this: `from flwr.app import Context`[32m [repeated 4x across cluster][0m
[36m(ClientAppActor pid=530357)[0m             This is a deprecated feature. It will be removed[32m [repeated 4x across cluster][0m
[36m(ClientAppActor pid=530357)[0m             entirely in future versions of Flower.[32m [repeated 4x across cluster][0m
