[codecarbon WARNING @ 13:52:06] Multiple instances of codecarbon are allowed to run at the same time.
[93mWARNING [0m:   DEPRECATED FEATURE: flwr.simulation.start_simulation() is deprecated.
	Instead, use the `flwr run` CLI command to start a local simulation in your Flower app, as shown for example below:

		$ flwr new  # Create a new Flower app from a template

		$ flwr run  # Run the Flower app in Simulation Mode

	Using `start_simulation()` is deprecated.

            This is a deprecated feature. It will be removed
            entirely in future versions of Flower.
        
[92mINFO [0m:      Starting Flower simulation, config: num_rounds=10, no round_timeout
2026-09-04 13:52:15,156	INFO worker.py:2012 -- Started a local Ray instance.
/home/tiago/GitHubProjects/fedhad-thesis-2/env_flwr_pt/lib/python3.12/site-packages/ray/_private/worker.py:2051: FutureWarning: Tip: In future versions of Ray, Ray will no longer override accelerator visible devices env var if num_gpus=0 or num_gpus=None (default). To enable this behavior and turn off this error message, set RAY_ACCEL_ENV_VAR_OVERRIDE_ON_ZERO=0
  warnings.warn(
[92mINFO [0m:      Flower VCE: Ray initialized with resources: {'memory': 181389474202.0, 'node:10.129.64.100': 1.0, 'CPU': 64.0, 'node:__internal_head__': 1.0, 'object_store_memory': 77738346086.0, 'GPU': 1.0, 'accelerator_type:A40': 1.0}
[92mINFO [0m:      Optimize your simulation with Flower VCE: https://flower.ai/docs/framework/how-to-run-simulations.html
/home/tiago/GitHubProjects/fedhad-thesis-2/FedAvgM_Final.py:1669: UserWarning: No `num_cpus` specified in `client_resources`. Using `num_cpus=1` for each client.
  history = fl.simulation.start_simulation(
[92mINFO [0m:      Flower VCE: Resources for each Virtual Client: {'num_gpus': 0.2, 'num_cpus': 1}
[92mINFO [0m:      Flower VCE: Creating VirtualClientEngineActorPool with 5 actors
[92mINFO [0m:      [INIT]
[92mINFO [0m:      Using initial global parameters provided by strategy
[92mINFO [0m:      Starting evaluation of initial global parameters
[92mINFO [0m:      initial parameters (loss, other metrics): 2.303067527770996, {'accuracy': 0.1003, 'loss': 2.303067527770996}
[92mINFO [0m:      
[92mINFO [0m:      [ROUND 1]
[92mINFO [0m:      configure_fit: strategy sampled 5 clients (out of 5)
[36m(ClientAppActor pid=651301)[0m [93mWARNING [0m:   DEPRECATED FEATURE: `client_fn` now expects a signature `def client_fn(context: Context)`.The provided `client_fn` has signature: {'cid': <Parameter "cid: str">}. You can import the `Context` like this: `from flwr.app import Context`
[36m(ClientAppActor pid=651301)[0m 
[36m(ClientAppActor pid=651301)[0m             This is a deprecated feature. It will be removed
[36m(ClientAppActor pid=651301)[0m             entirely in future versions of Flower.
[36m(ClientAppActor pid=651301)[0m         
[36m(ClientAppActor pid=651302)[0m 
[36m(ClientAppActor pid=651302)[0m         
[36m(ClientAppActor pid=651267)[0m 
[36m(ClientAppActor pid=651267)[0m         
[36m(ClientAppActor pid=651268)[0m 
[36m(ClientAppActor pid=651268)[0m         
[36m(ClientAppActor pid=651269)[0m 
[36m(ClientAppActor pid=651269)[0m         
[92mINFO [0m:      aggregate_fit: received 5 results and 0 failures
[92mINFO [0m:      fit progress: (1, 2.3686624000549314, {'accuracy': 0.1904, 'loss': 2.3686624000549314}, 16.983223576971795)
[92mINFO [0m:      configure_evaluate: strategy sampled 5 clients (out of 5)
[36m(ClientAppActor pid=651302)[0m 
[36m(ClientAppActor pid=651302)[0m         
[36m(ClientAppActor pid=651302)[0m [93mWARNING [0m:   DEPRECATED FEATURE: `client_fn` now expects a signature `def client_fn(context: Context)`.The provided `client_fn` has signature: {'cid': <Parameter "cid: str">}. You can import the `Context` like this: `from flwr.app import Context`[32m [repeated 5x across cluster] (Ray deduplicates logs by default. Set RAY_DEDUP_LOGS=0 to disable log deduplication, or see https://docs.ray.io/en/master/ray-observability/user-guides/configure-logging.html#log-deduplication for more options.)[0m
[36m(ClientAppActor pid=651302)[0m             This is a deprecated feature. It will be removed[32m [repeated 5x across cluster][0m
[36m(ClientAppActor pid=651302)[0m             entirely in future versions of Flower.[32m [repeated 5x across cluster][0m
[36m(ClientAppActor pid=651269)[0m 
[36m(ClientAppActor pid=651269)[0m         
[36m(ClientAppActor pid=651267)[0m 
[36m(ClientAppActor pid=651267)[0m         
[36m(ClientAppActor pid=651268)[0m 
[36m(ClientAppActor pid=651268)[0m         
[36m(ClientAppActor pid=651301)[0m 
[36m(ClientAppActor pid=651301)[0m         
[92mINFO [0m:      aggregate_evaluate: received 5 results and 0 failures
[92mINFO [0m:      
[92mINFO [0m:      [ROUND 2]
[92mINFO [0m:      configure_fit: strategy sampled 5 clients (out of 5)
[36m(ClientAppActor pid=651301)[0m 
[36m(ClientAppActor pid=651301)[0m         
[36m(ClientAppActor pid=651268)[0m 
[36m(ClientAppActor pid=651268)[0m         
[36m(ClientAppActor pid=651267)[0m 
[36m(ClientAppActor pid=651267)[0m         
[36m(ClientAppActor pid=651302)[0m 
[36m(ClientAppActor pid=651302)[0m         
[36m(ClientAppActor pid=651269)[0m 
[36m(ClientAppActor pid=651269)[0m         
[92mINFO [0m:      aggregate_fit: received 5 results and 0 failures
[92mINFO [0m:      fit progress: (2, 5.536754479217529, {'accuracy': 0.2776, 'loss': 5.536754479217529}, 33.1527085530106)
[92mINFO [0m:      configure_evaluate: strategy sampled 5 clients (out of 5)
[36m(ClientAppActor pid=651269)[0m 
[36m(ClientAppActor pid=651269)[0m         
[36m(ClientAppActor pid=651269)[0m [93mWARNING [0m:   DEPRECATED FEATURE: `client_fn` now expects a signature `def client_fn(context: Context)`.The provided `client_fn` has signature: {'cid': <Parameter "cid: str">}. You can import the `Context` like this: `from flwr.app import Context`[32m [repeated 10x across cluster][0m
[36m(ClientAppActor pid=651269)[0m             This is a deprecated feature. It will be removed[32m [repeated 10x across cluster][0m
[36m(ClientAppActor pid=651269)[0m             entirely in future versions of Flower.[32m [repeated 10x across cluster][0m
[36m(ClientAppActor pid=651267)[0m 
[36m(ClientAppActor pid=651267)[0m         
[36m(ClientAppActor pid=651268)[0m 
[36m(ClientAppActor pid=651268)[0m         
[36m(ClientAppActor pid=651302)[0m 
[36m(ClientAppActor pid=651302)[0m         
[36m(ClientAppActor pid=651301)[0m 
[36m(ClientAppActor pid=651301)[0m         
[92mINFO [0m:      aggregate_evaluate: received 5 results and 0 failures
[92mINFO [0m:      
[92mINFO [0m:      [ROUND 3]
[92mINFO [0m:      configure_fit: strategy sampled 5 clients (out of 5)
[36m(ClientAppActor pid=651301)[0m 
[36m(ClientAppActor pid=651301)[0m         
[36m(ClientAppActor pid=651302)[0m 
[36m(ClientAppActor pid=651302)[0m         
[36m(ClientAppActor pid=651268)[0m 
[36m(ClientAppActor pid=651268)[0m         
[36m(ClientAppActor pid=651267)[0m 
[36m(ClientAppActor pid=651267)[0m         
[36m(ClientAppActor pid=651269)[0m 
[36m(ClientAppActor pid=651269)[0m         
[92mINFO [0m:      aggregate_fit: received 5 results and 0 failures
[92mINFO [0m:      fit progress: (3, 4.863929898834228, {'accuracy': 0.3175, 'loss': 4.863929898834228}, 48.80950148100965)
[92mINFO [0m:      configure_evaluate: strategy sampled 5 clients (out of 5)
[36m(ClientAppActor pid=651302)[0m 
[36m(ClientAppActor pid=651302)[0m         
[36m(ClientAppActor pid=651302)[0m [93mWARNING [0m:   DEPRECATED FEATURE: `client_fn` now expects a signature `def client_fn(context: Context)`.The provided `client_fn` has signature: {'cid': <Parameter "cid: str">}. You can import the `Context` like this: `from flwr.app import Context`[32m [repeated 10x across cluster][0m
[36m(ClientAppActor pid=651302)[0m             This is a deprecated feature. It will be removed[32m [repeated 10x across cluster][0m
[36m(ClientAppActor pid=651302)[0m             entirely in future versions of Flower.[32m [repeated 10x across cluster][0m
[36m(ClientAppActor pid=651301)[0m 
[36m(ClientAppActor pid=651301)[0m         
[36m(ClientAppActor pid=651269)[0m 
[36m(ClientAppActor pid=651269)[0m         
[36m(ClientAppActor pid=651267)[0m 
[36m(ClientAppActor pid=651267)[0m         
[36m(ClientAppActor pid=651268)[0m 
[36m(ClientAppActor pid=651268)[0m         
[92mINFO [0m:      aggregate_evaluate: received 5 results and 0 failures
[92mINFO [0m:      
[92mINFO [0m:      [ROUND 4]
[92mINFO [0m:      configure_fit: strategy sampled 5 clients (out of 5)
[36m(ClientAppActor pid=651268)[0m 
[36m(ClientAppActor pid=651268)[0m         
[36m(ClientAppActor pid=651267)[0m 
[36m(ClientAppActor pid=651267)[0m         
[36m(ClientAppActor pid=651301)[0m 
[36m(ClientAppActor pid=651301)[0m         
[36m(ClientAppActor pid=651269)[0m 
[36m(ClientAppActor pid=651269)[0m         
[36m(ClientAppActor pid=651302)[0m 
[36m(ClientAppActor pid=651302)[0m         
[92mINFO [0m:      aggregate_fit: received 5 results and 0 failures
[92mINFO [0m:      fit progress: (4, 3.826782500457764, {'accuracy': 0.3232, 'loss': 3.826782500457764}, 65.19413804501528)
[92mINFO [0m:      configure_evaluate: strategy sampled 5 clients (out of 5)
[36m(ClientAppActor pid=651302)[0m 
[36m(ClientAppActor pid=651302)[0m         
[36m(ClientAppActor pid=651302)[0m [93mWARNING [0m:   DEPRECATED FEATURE: `client_fn` now expects a signature `def client_fn(context: Context)`.The provided `client_fn` has signature: {'cid': <Parameter "cid: str">}. You can import the `Context` like this: `from flwr.app import Context`[32m [repeated 10x across cluster][0m
[36m(ClientAppActor pid=651302)[0m             This is a deprecated feature. It will be removed[32m [repeated 10x across cluster][0m
[36m(ClientAppActor pid=651302)[0m             entirely in future versions of Flower.[32m [repeated 10x across cluster][0m
[36m(ClientAppActor pid=651267)[0m 
[36m(ClientAppActor pid=651267)[0m         
[36m(ClientAppActor pid=651268)[0m 
[36m(ClientAppActor pid=651268)[0m         
[36m(ClientAppActor pid=651269)[0m 
[36m(ClientAppActor pid=651269)[0m         
[36m(ClientAppActor pid=651301)[0m 
[36m(ClientAppActor pid=651301)[0m         
[92mINFO [0m:      aggregate_evaluate: received 5 results and 0 failures
[92mINFO [0m:      
[92mINFO [0m:      [ROUND 5]
[92mINFO [0m:      configure_fit: strategy sampled 5 clients (out of 5)
[36m(ClientAppActor pid=651269)[0m 
[36m(ClientAppActor pid=651269)[0m         
[36m(ClientAppActor pid=651301)[0m 
[36m(ClientAppActor pid=651301)[0m         
[36m(ClientAppActor pid=651268)[0m 
[36m(ClientAppActor pid=651268)[0m         
[36m(ClientAppActor pid=651267)[0m 
[36m(ClientAppActor pid=651267)[0m         
[36m(ClientAppActor pid=651302)[0m 
[36m(ClientAppActor pid=651302)[0m         
[92mINFO [0m:      aggregate_fit: received 5 results and 0 failures
[92mINFO [0m:      fit progress: (5, 2.3078481426239015, {'accuracy': 0.3998, 'loss': 2.3078481426239015}, 80.95593166700564)
[92mINFO [0m:      configure_evaluate: strategy sampled 5 clients (out of 5)
[36m(ClientAppActor pid=651301)[0m 
[36m(ClientAppActor pid=651301)[0m         
[36m(ClientAppActor pid=651301)[0m [93mWARNING [0m:   DEPRECATED FEATURE: `client_fn` now expects a signature `def client_fn(context: Context)`.The provided `client_fn` has signature: {'cid': <Parameter "cid: str">}. You can import the `Context` like this: `from flwr.app import Context`[32m [repeated 10x across cluster][0m
[36m(ClientAppActor pid=651301)[0m             This is a deprecated feature. It will be removed[32m [repeated 10x across cluster][0m
[36m(ClientAppActor pid=651301)[0m             entirely in future versions of Flower.[32m [repeated 10x across cluster][0m
[36m(ClientAppActor pid=651268)[0m 
[36m(ClientAppActor pid=651268)[0m         
[36m(ClientAppActor pid=651267)[0m 
[36m(ClientAppActor pid=651267)[0m         
[36m(ClientAppActor pid=651302)[0m 
[36m(ClientAppActor pid=651302)[0m         
[36m(ClientAppActor pid=651269)[0m 
[36m(ClientAppActor pid=651269)[0m         
[92mINFO [0m:      aggregate_evaluate: received 5 results and 0 failures
[92mINFO [0m:      
[92mINFO [0m:      [ROUND 6]
[92mINFO [0m:      configure_fit: strategy sampled 5 clients (out of 5)
[36m(ClientAppActor pid=651269)[0m 
[36m(ClientAppActor pid=651269)[0m         
[36m(ClientAppActor pid=651302)[0m 
[36m(ClientAppActor pid=651302)[0m         
[36m(ClientAppActor pid=651267)[0m 
[36m(ClientAppActor pid=651267)[0m         
[36m(ClientAppActor pid=651268)[0m 
[36m(ClientAppActor pid=651268)[0m         
[36m(ClientAppActor pid=651301)[0m 
[36m(ClientAppActor pid=651301)[0m         
[92mINFO [0m:      aggregate_fit: received 5 results and 0 failures
[92mINFO [0m:      fit progress: (6, 2.8081930339813233, {'accuracy': 0.3835, 'loss': 2.8081930339813233}, 96.60326268599601)
[92mINFO [0m:      configure_evaluate: strategy sampled 5 clients (out of 5)
[36m(ClientAppActor pid=651269)[0m 
[36m(ClientAppActor pid=651269)[0m         
[36m(ClientAppActor pid=651269)[0m [93mWARNING [0m:   DEPRECATED FEATURE: `client_fn` now expects a signature `def client_fn(context: Context)`.The provided `client_fn` has signature: {'cid': <Parameter "cid: str">}. You can import the `Context` like this: `from flwr.app import Context`[32m [repeated 10x across cluster][0m
[36m(ClientAppActor pid=651269)[0m             This is a deprecated feature. It will be removed[32m [repeated 10x across cluster][0m
[36m(ClientAppActor pid=651269)[0m             entirely in future versions of Flower.[32m [repeated 10x across cluster][0m
[36m(ClientAppActor pid=651268)[0m 
[36m(ClientAppActor pid=651268)[0m         
[36m(ClientAppActor pid=651267)[0m 
[36m(ClientAppActor pid=651267)[0m         
[36m(ClientAppActor pid=651301)[0m 
[36m(ClientAppActor pid=651301)[0m         
[36m(ClientAppActor pid=651302)[0m 
[36m(ClientAppActor pid=651302)[0m         
[92mINFO [0m:      aggregate_evaluate: received 5 results and 0 failures
[92mINFO [0m:      
[92mINFO [0m:      [ROUND 7]
[92mINFO [0m:      configure_fit: strategy sampled 5 clients (out of 5)
[36m(ClientAppActor pid=651302)[0m 
[36m(ClientAppActor pid=651302)[0m         
[36m(ClientAppActor pid=651268)[0m 
[36m(ClientAppActor pid=651268)[0m         
[36m(ClientAppActor pid=651301)[0m 
[36m(ClientAppActor pid=651301)[0m         
[36m(ClientAppActor pid=651267)[0m 
[36m(ClientAppActor pid=651267)[0m         
[36m(ClientAppActor pid=651269)[0m 
[36m(ClientAppActor pid=651269)[0m         
[92mINFO [0m:      aggregate_fit: received 5 results and 0 failures
[92mINFO [0m:      fit progress: (7, 4.077049676132202, {'accuracy': 0.4109, 'loss': 4.077049676132202}, 112.76949081197381)
[92mINFO [0m:      configure_evaluate: strategy sampled 5 clients (out of 5)
[36m(ClientAppActor pid=651267)[0m 
[36m(ClientAppActor pid=651267)[0m         
[36m(ClientAppActor pid=651267)[0m [93mWARNING [0m:   DEPRECATED FEATURE: `client_fn` now expects a signature `def client_fn(context: Context)`.The provided `client_fn` has signature: {'cid': <Parameter "cid: str">}. You can import the `Context` like this: `from flwr.app import Context`[32m [repeated 10x across cluster][0m
[36m(ClientAppActor pid=651267)[0m             This is a deprecated feature. It will be removed[32m [repeated 10x across cluster][0m
[36m(ClientAppActor pid=651267)[0m             entirely in future versions of Flower.[32m [repeated 10x across cluster][0m
[36m(ClientAppActor pid=651268)[0m 
[36m(ClientAppActor pid=651268)[0m         
[36m(ClientAppActor pid=651302)[0m 
[36m(ClientAppActor pid=651302)[0m         
[36m(ClientAppActor pid=651269)[0m 
[36m(ClientAppActor pid=651269)[0m         
[36m(ClientAppActor pid=651301)[0m 
[36m(ClientAppActor pid=651301)[0m         
[92mINFO [0m:      aggregate_evaluate: received 5 results and 0 failures
[92mINFO [0m:      
[92mINFO [0m:      [ROUND 8]
[92mINFO [0m:      configure_fit: strategy sampled 5 clients (out of 5)
[36m(ClientAppActor pid=651301)[0m 
[36m(ClientAppActor pid=651301)[0m         
[36m(ClientAppActor pid=651269)[0m 
[36m(ClientAppActor pid=651269)[0m         
[36m(ClientAppActor pid=651302)[0m 
[36m(ClientAppActor pid=651302)[0m         
[36m(ClientAppActor pid=651267)[0m 
[36m(ClientAppActor pid=651267)[0m         
[36m(ClientAppActor pid=651268)[0m 
[36m(ClientAppActor pid=651268)[0m         
[92mINFO [0m:      aggregate_fit: received 5 results and 0 failures
[92mINFO [0m:      fit progress: (8, 5.209904708099366, {'accuracy': 0.4129, 'loss': 5.209904708099366}, 128.76387888897443)
[92mINFO [0m:      configure_evaluate: strategy sampled 5 clients (out of 5)
[36m(ClientAppActor pid=651268)[0m 
[36m(ClientAppActor pid=651268)[0m         
[36m(ClientAppActor pid=651268)[0m [93mWARNING [0m:   DEPRECATED FEATURE: `client_fn` now expects a signature `def client_fn(context: Context)`.The provided `client_fn` has signature: {'cid': <Parameter "cid: str">}. You can import the `Context` like this: `from flwr.app import Context`[32m [repeated 10x across cluster][0m
[36m(ClientAppActor pid=651268)[0m             This is a deprecated feature. It will be removed[32m [repeated 10x across cluster][0m
[36m(ClientAppActor pid=651268)[0m             entirely in future versions of Flower.[32m [repeated 10x across cluster][0m
[36m(ClientAppActor pid=651267)[0m 
[36m(ClientAppActor pid=651267)[0m         
[36m(ClientAppActor pid=651269)[0m 
[36m(ClientAppActor pid=651269)[0m         
[36m(ClientAppActor pid=651302)[0m 
[36m(ClientAppActor pid=651302)[0m         
[36m(ClientAppActor pid=651301)[0m 
[36m(ClientAppActor pid=651301)[0m         
[92mINFO [0m:      aggregate_evaluate: received 5 results and 0 failures
[92mINFO [0m:      
[92mINFO [0m:      [ROUND 9]
[92mINFO [0m:      configure_fit: strategy sampled 5 clients (out of 5)
[36m(ClientAppActor pid=651301)[0m 
[36m(ClientAppActor pid=651301)[0m         
[36m(ClientAppActor pid=651269)[0m 
[36m(ClientAppActor pid=651269)[0m         
[36m(ClientAppActor pid=651302)[0m 
[36m(ClientAppActor pid=651302)[0m         
[36m(ClientAppActor pid=651267)[0m 
[36m(ClientAppActor pid=651267)[0m         
[36m(ClientAppActor pid=651268)[0m 
[36m(ClientAppActor pid=651268)[0m         
[92mINFO [0m:      aggregate_fit: received 5 results and 0 failures
[92mINFO [0m:      fit progress: (9, 3.8023866802215576, {'accuracy': 0.4339, 'loss': 3.8023866802215576}, 144.71957651997218)
[92mINFO [0m:      configure_evaluate: strategy sampled 5 clients (out of 5)
[36m(ClientAppActor pid=651269)[0m 
[36m(ClientAppActor pid=651269)[0m         
[36m(ClientAppActor pid=651269)[0m [93mWARNING [0m:   DEPRECATED FEATURE: `client_fn` now expects a signature `def client_fn(context: Context)`.The provided `client_fn` has signature: {'cid': <Parameter "cid: str">}. You can import the `Context` like this: `from flwr.app import Context`[32m [repeated 10x across cluster][0m
[36m(ClientAppActor pid=651269)[0m             This is a deprecated feature. It will be removed[32m [repeated 10x across cluster][0m
[36m(ClientAppActor pid=651269)[0m             entirely in future versions of Flower.[32m [repeated 10x across cluster][0m
[36m(ClientAppActor pid=651302)[0m 
[36m(ClientAppActor pid=651302)[0m         
[36m(ClientAppActor pid=651267)[0m 
[36m(ClientAppActor pid=651267)[0m         
[36m(ClientAppActor pid=651268)[0m 
[36m(ClientAppActor pid=651268)[0m         
[36m(ClientAppActor pid=651301)[0m 
[36m(ClientAppActor pid=651301)[0m         
[92mINFO [0m:      aggregate_evaluate: received 5 results and 0 failures
[92mINFO [0m:      
[92mINFO [0m:      [ROUND 10]
[92mINFO [0m:      configure_fit: strategy sampled 5 clients (out of 5)
[36m(ClientAppActor pid=651301)[0m 
[36m(ClientAppActor pid=651301)[0m         
[36m(ClientAppActor pid=651268)[0m 
[36m(ClientAppActor pid=651268)[0m         
[36m(ClientAppActor pid=651267)[0m 
[36m(ClientAppActor pid=651267)[0m         
[36m(ClientAppActor pid=651302)[0m 
[36m(ClientAppActor pid=651302)[0m         
[36m(ClientAppActor pid=651269)[0m 
[36m(ClientAppActor pid=651269)[0m         
[92mINFO [0m:      aggregate_fit: received 5 results and 0 failures
[92mINFO [0m:      fit progress: (10, 3.251918378829956, {'accuracy': 0.4451, 'loss': 3.251918378829956}, 160.55807781999465)
[92mINFO [0m:      configure_evaluate: strategy sampled 5 clients (out of 5)
[36m(ClientAppActor pid=651267)[0m 
[36m(ClientAppActor pid=651267)[0m         
[36m(ClientAppActor pid=651267)[0m [93mWARNING [0m:   DEPRECATED FEATURE: `client_fn` now expects a signature `def client_fn(context: Context)`.The provided `client_fn` has signature: {'cid': <Parameter "cid: str">}. You can import the `Context` like this: `from flwr.app import Context`[32m [repeated 10x across cluster][0m
[36m(ClientAppActor pid=651267)[0m             This is a deprecated feature. It will be removed[32m [repeated 10x across cluster][0m
[36m(ClientAppActor pid=651267)[0m             entirely in future versions of Flower.[32m [repeated 10x across cluster][0m
[36m(ClientAppActor pid=651269)[0m 
[36m(ClientAppActor pid=651269)[0m         
[36m(ClientAppActor pid=651301)[0m 
[36m(ClientAppActor pid=651301)[0m         
[36m(ClientAppActor pid=651302)[0m 
[36m(ClientAppActor pid=651302)[0m         
[36m(ClientAppActor pid=651268)[0m 
[36m(ClientAppActor pid=651268)[0m         
[92mINFO [0m:      aggregate_evaluate: received 5 results and 0 failures
[92mINFO [0m:      
[92mINFO [0m:      [SUMMARY]
[92mINFO [0m:      Run finished 10 round(s) in 161.39s
[92mINFO [0m:      	History (loss, distributed):
[92mINFO [0m:      		round 1: 2.368367657992429
[92mINFO [0m:      		round 2: 5.666699223290398
[92mINFO [0m:      		round 3: 4.9078655293951705
[92mINFO [0m:      		round 4: 3.9054338049235215
[92mINFO [0m:      		round 5: 2.3733582117958627
[92mINFO [0m:      		round 6: 2.909835996187122
[92mINFO [0m:      		round 7: 4.31955168203822
[92mINFO [0m:      		round 8: 5.478755034167997
[92mINFO [0m:      		round 9: 4.057787274999556
[92mINFO [0m:      		round 10: 3.4166695141606294
[92mINFO [0m:      	History (loss, centralized):
[92mINFO [0m:      		round 0: 2.303067527770996
[92mINFO [0m:      		round 1: 2.3686624000549314
[92mINFO [0m:      		round 2: 5.536754479217529
[92mINFO [0m:      		round 3: 4.863929898834228
[92mINFO [0m:      		round 4: 3.826782500457764
[92mINFO [0m:      		round 5: 2.3078481426239015
[92mINFO [0m:      		round 6: 2.8081930339813233
[92mINFO [0m:      		round 7: 4.077049676132202
[92mINFO [0m:      		round 8: 5.209904708099366
[92mINFO [0m:      		round 9: 3.8023866802215576
[92mINFO [0m:      		round 10: 3.251918378829956
[92mINFO [0m:      	History (metrics, distributed, fit):
[92mINFO [0m:      	{'avg_flops_per_client_round': [(1, 8140443294720.0),
[92mINFO [0m:      	                                (2, 8140443294720.0),
[92mINFO [0m:      	                                (3, 8140443294720.0),
[92mINFO [0m:      	                                (4, 8140443294720.0),
[92mINFO [0m:      	                                (5, 8140443294720.0),
[92mINFO [0m:      	                                (6, 8140443294720.0),
[92mINFO [0m:      	                                (7, 8140443294720.0),
[92mINFO [0m:      	                                (8, 8140443294720.0),
[92mINFO [0m:      	                                (9, 8140443294720.0),
[92mINFO [0m:      	                                (10, 8140443294720.0)],
[92mINFO [0m:      	 'total_flops_round': [(1, 40702216473600),
[92mINFO [0m:      	                       (2, 40702216473600),
[92mINFO [0m:      	                       (3, 40702216473600),
[92mINFO [0m:      	                       (4, 40702216473600),
[92mINFO [0m:      	                       (5, 40702216473600),
[92mINFO [0m:      	                       (6, 40702216473600),
[92mINFO [0m:      	                       (7, 40702216473600),
[92mINFO [0m:      	                       (8, 40702216473600),
[92mINFO [0m:      	                       (9, 40702216473600),
[92mINFO [0m:      	                       (10, 40702216473600)]}
[92mINFO [0m:      	History (metrics, distributed, evaluate):
[92mINFO [0m:      	{'accuracy': [(1, 0.1922384476895379),
[92mINFO [0m:      	              (2, 0.28505701140228046),
[92mINFO [0m:      	              (3, 0.3116623324664933),
[92mINFO [0m:      	              (4, 0.3208641728345669),
[92mINFO [0m:      	              (5, 0.395879175835167),
[92mINFO [0m:      	              (6, 0.3822764552910582),
[92mINFO [0m:      	              (7, 0.40568113622724544),
[92mINFO [0m:      	              (8, 0.41228245649129824),
[92mINFO [0m:      	              (9, 0.4402880576115223),
[92mINFO [0m:      	              (10, 0.45509101820364073)],
[92mINFO [0m:      	 'loss': [(1, 2.368367657992429),
[92mINFO [0m:      	          (2, 5.666699223290398),
[92mINFO [0m:      	          (3, 4.9078655293951705),
[92mINFO [0m:      	          (4, 3.9054338049235215),
[92mINFO [0m:      	          (5, 2.3733582117958627),
[92mINFO [0m:      	          (6, 2.909835996187122),
[92mINFO [0m:      	          (7, 4.31955168203822),
[92mINFO [0m:      	          (8, 5.478755034167997),
[92mINFO [0m:      	          (9, 4.057787274999556),
[92mINFO [0m:      	          (10, 3.4166695141606294)]}
[92mINFO [0m:      	History (metrics, centralized):
[92mINFO [0m:      	{'accuracy': [(0, 0.1003),
[92mINFO [0m:      	              (1, 0.1904),
[92mINFO [0m:      	              (2, 0.2776),
[92mINFO [0m:      	              (3, 0.3175),
[92mINFO [0m:      	              (4, 0.3232),
[92mINFO [0m:      	              (5, 0.3998),
[92mINFO [0m:      	              (6, 0.3835),
[92mINFO [0m:      	              (7, 0.4109),
[92mINFO [0m:      	              (8, 0.4129),
[92mINFO [0m:      	              (9, 0.4339),
[92mINFO [0m:      	              (10, 0.4451)],
[92mINFO [0m:      	 'loss': [(0, 2.303067527770996),
[92mINFO [0m:      	          (1, 2.3686624000549314),
[92mINFO [0m:      	          (2, 5.536754479217529),
[92mINFO [0m:      	          (3, 4.863929898834228),
[92mINFO [0m:      	          (4, 3.826782500457764),
[92mINFO [0m:      	          (5, 2.3078481426239015),
[92mINFO [0m:      	          (6, 2.8081930339813233),
[92mINFO [0m:      	          (7, 4.077049676132202),
[92mINFO [0m:      	          (8, 5.209904708099366),
[92mINFO [0m:      	          (9, 3.8023866802215576),
[92mINFO [0m:      	          (10, 3.251918378829956)]}
[92mINFO [0m:      
Treinando no dispositivo: cuda:0 com o dataset: CIFAR10 | Setup clientes: 5 (num_gpus por cliente=0.2) | SEED=43 | Método: FedAvgM (server_momentum=0.9, server_lr=1.0)
FLOPS por amostra (forward): 6.030e+07 | (forward+backward, 3x): 1.809e+08
Files already downloaded and verified
Files already downloaded and verified
Dividindo o dataset usando a distribuição de Dirichlet com alpha=0.01.
Iniciando a simulação de Aprendizado Federado...
=== Diagnóstico de Medição de GPU ===
  pynvml_disponivel: True
  pynvml_versao: 580.173.02
  gpus_detectadas: 1
  leitura_potencia_ok: True
  potencia_atual_W: 115.336

--- Rodada 0 - Avaliação Centralizada (Servidor) ---
Loss (Servidor): 2.3031 | Acurácia (Servidor): 0.1003

--- Rodada 1 - Avaliação Centralizada (Servidor) ---
Loss (Servidor): 2.3687 | Acurácia (Servidor): 0.1904
--- Avaliação Agregada (Clientes) ---
Loss Média (Clientes): 2.3684 | Acurácia Média (Clientes): 0.1922

--- Rodada 2 - Avaliação Centralizada (Servidor) ---
Loss (Servidor): 5.5368 | Acurácia (Servidor): 0.2776
--- Avaliação Agregada (Clientes) ---
Loss Média (Clientes): 5.6667 | Acurácia Média (Clientes): 0.2851

--- Rodada 3 - Avaliação Centralizada (Servidor) ---
Loss (Servidor): 4.8639 | Acurácia (Servidor): 0.3175
--- Avaliação Agregada (Clientes) ---
Loss Média (Clientes): 4.9079 | Acurácia Média (Clientes): 0.3117

--- Rodada 4 - Avaliação Centralizada (Servidor) ---
Loss (Servidor): 3.8268 | Acurácia (Servidor): 0.3232
--- Avaliação Agregada (Clientes) ---
Loss Média (Clientes): 3.9054 | Acurácia Média (Clientes): 0.3209

--- Rodada 5 - Avaliação Centralizada (Servidor) ---
Loss (Servidor): 2.3078 | Acurácia (Servidor): 0.3998
--- Avaliação Agregada (Clientes) ---
Loss Média (Clientes): 2.3734 | Acurácia Média (Clientes): 0.3959

--- Rodada 6 - Avaliação Centralizada (Servidor) ---
Loss (Servidor): 2.8082 | Acurácia (Servidor): 0.3835
--- Avaliação Agregada (Clientes) ---
Loss Média (Clientes): 2.9098 | Acurácia Média (Clientes): 0.3823

--- Rodada 7 - Avaliação Centralizada (Servidor) ---
Loss (Servidor): 4.0770 | Acurácia (Servidor): 0.4109
--- Avaliação Agregada (Clientes) ---
Loss Média (Clientes): 4.3196 | Acurácia Média (Clientes): 0.4057

--- Rodada 8 - Avaliação Centralizada (Servidor) ---
Loss (Servidor): 5.2099 | Acurácia (Servidor): 0.4129
--- Avaliação Agregada (Clientes) ---
Loss Média (Clientes): 5.4788 | Acurácia Média (Clientes): 0.4123

--- Rodada 9 - Avaliação Centralizada (Servidor) ---
Loss (Servidor): 3.8024 | Acurácia (Servidor): 0.4339
--- Avaliação Agregada (Clientes) ---
Loss Média (Clientes): 4.0578 | Acurácia Média (Clientes): 0.4403

--- Rodada 10 - Avaliação Centralizada (Servidor) ---
Loss (Servidor): 3.2519 | Acurácia (Servidor): 0.4451
--- Avaliação Agregada (Clientes) ---
Loss Média (Clientes): 3.4167 | Acurácia Média (Clientes): 0.4551

Resultados salvos em: /home/tiago/GitHubProjects/fedhad-thesis-2/FedAvgM-results/1.1_diagnostico_drift/CIFAR10/FedAvgM__CIFAR10__Setup-5__Clients-5__Rounds-10__Delay-0_05__Alpha-0_01__Seed-43.txt
[36m(ClientAppActor pid=651268)[0m [93mWARNING [0m:   DEPRECATED FEATURE: `client_fn` now expects a signature `def client_fn(context: Context)`.The provided `client_fn` has signature: {'cid': <Parameter "cid: str">}. You can import the `Context` like this: `from flwr.app import Context`[32m [repeated 4x across cluster][0m
[36m(ClientAppActor pid=651268)[0m             This is a deprecated feature. It will be removed[32m [repeated 4x across cluster][0m
[36m(ClientAppActor pid=651268)[0m             entirely in future versions of Flower.[32m [repeated 4x across cluster][0m
