/home/tiago/GitHubProjects/fedhad-thesis-2/env_flwr_pt/lib/python3.12/site-packages/torch/utils/data/dataset.py:473: UserWarning: Length of split at index 0 is 0. This might result in an empty dataset.
  warnings.warn(
[codecarbon WARNING @ 14:17:00] Multiple instances of codecarbon are allowed to run at the same time.
[93mWARNING [0m:   DEPRECATED FEATURE: flwr.simulation.start_simulation() is deprecated.
	Instead, use the `flwr run` CLI command to start a local simulation in your Flower app, as shown for example below:

		$ flwr new  # Create a new Flower app from a template

		$ flwr run  # Run the Flower app in Simulation Mode

	Using `start_simulation()` is deprecated.

            This is a deprecated feature. It will be removed
            entirely in future versions of Flower.
        
[92mINFO [0m:      Starting Flower simulation, config: num_rounds=10, no round_timeout
2026-09-04 14:17:09,565	INFO worker.py:2012 -- Started a local Ray instance.
/home/tiago/GitHubProjects/fedhad-thesis-2/env_flwr_pt/lib/python3.12/site-packages/ray/_private/worker.py:2051: FutureWarning: Tip: In future versions of Ray, Ray will no longer override accelerator visible devices env var if num_gpus=0 or num_gpus=None (default). To enable this behavior and turn off this error message, set RAY_ACCEL_ENV_VAR_OVERRIDE_ON_ZERO=0
  warnings.warn(
[92mINFO [0m:      Flower VCE: Ray initialized with resources: {'node:__internal_head__': 1.0, 'GPU': 1.0, 'object_store_memory': 77723499724.0, 'node:10.129.64.100': 1.0, 'memory': 181354832692.0, 'accelerator_type:A40': 1.0, 'CPU': 64.0}
[92mINFO [0m:      Optimize your simulation with Flower VCE: https://flower.ai/docs/framework/how-to-run-simulations.html
/home/tiago/GitHubProjects/fedhad-thesis-2/FedAvgM_Final.py:1669: UserWarning: No `num_cpus` specified in `client_resources`. Using `num_cpus=1` for each client.
  history = fl.simulation.start_simulation(
[92mINFO [0m:      Flower VCE: Resources for each Virtual Client: {'num_gpus': 0.2, 'num_cpus': 1}
[92mINFO [0m:      Flower VCE: Creating VirtualClientEngineActorPool with 5 actors
[92mINFO [0m:      [INIT]
[92mINFO [0m:      Using initial global parameters provided by strategy
[92mINFO [0m:      Starting evaluation of initial global parameters
[92mINFO [0m:      initial parameters (loss, other metrics): 2.3028229263305664, {'accuracy': 0.1027, 'loss': 2.3028229263305664}
[92mINFO [0m:      
[92mINFO [0m:      [ROUND 1]
[92mINFO [0m:      configure_fit: strategy sampled 5 clients (out of 5)
[36m(ClientAppActor pid=714102)[0m [93mWARNING [0m:   DEPRECATED FEATURE: `client_fn` now expects a signature `def client_fn(context: Context)`.The provided `client_fn` has signature: {'cid': <Parameter "cid: str">}. You can import the `Context` like this: `from flwr.app import Context`
[36m(ClientAppActor pid=714102)[0m 
[36m(ClientAppActor pid=714102)[0m             This is a deprecated feature. It will be removed
[36m(ClientAppActor pid=714102)[0m             entirely in future versions of Flower.
[36m(ClientAppActor pid=714102)[0m         
[36m(ClientAppActor pid=714117)[0m 
[36m(ClientAppActor pid=714117)[0m         
[36m(ClientAppActor pid=714083)[0m 
[36m(ClientAppActor pid=714083)[0m         
[36m(ClientAppActor pid=714116)[0m 
[36m(ClientAppActor pid=714116)[0m         
[36m(ClientAppActor pid=714082)[0m 
[36m(ClientAppActor pid=714082)[0m         
[92mINFO [0m:      aggregate_fit: received 5 results and 0 failures
[92mINFO [0m:      fit progress: (1, 2.358754158782959, {'accuracy': 0.1274, 'loss': 2.358754158782959}, 17.7230010679923)
[92mINFO [0m:      configure_evaluate: strategy sampled 5 clients (out of 5)
[36m(ClientAppActor pid=714116)[0m 
[36m(ClientAppActor pid=714116)[0m         
[36m(ClientAppActor pid=714116)[0m [93mWARNING [0m:   DEPRECATED FEATURE: `client_fn` now expects a signature `def client_fn(context: Context)`.The provided `client_fn` has signature: {'cid': <Parameter "cid: str">}. You can import the `Context` like this: `from flwr.app import Context`[32m [repeated 5x across cluster] (Ray deduplicates logs by default. Set RAY_DEDUP_LOGS=0 to disable log deduplication, or see https://docs.ray.io/en/master/ray-observability/user-guides/configure-logging.html#log-deduplication for more options.)[0m
[36m(ClientAppActor pid=714116)[0m             This is a deprecated feature. It will be removed[32m [repeated 5x across cluster][0m
[36m(ClientAppActor pid=714116)[0m             entirely in future versions of Flower.[32m [repeated 5x across cluster][0m
[36m(ClientAppActor pid=714102)[0m 
[36m(ClientAppActor pid=714102)[0m         
[36m(ClientAppActor pid=714117)[0m 
[36m(ClientAppActor pid=714117)[0m         
[36m(ClientAppActor pid=714083)[0m 
[36m(ClientAppActor pid=714083)[0m         
[36m(ClientAppActor pid=714082)[0m 
[36m(ClientAppActor pid=714082)[0m         
[92mINFO [0m:      aggregate_evaluate: received 5 results and 0 failures
[92mINFO [0m:      
[92mINFO [0m:      [ROUND 2]
[92mINFO [0m:      configure_fit: strategy sampled 5 clients (out of 5)
[36m(ClientAppActor pid=714082)[0m 
[36m(ClientAppActor pid=714082)[0m         
[36m(ClientAppActor pid=714083)[0m 
[36m(ClientAppActor pid=714083)[0m         
[36m(ClientAppActor pid=714102)[0m 
[36m(ClientAppActor pid=714102)[0m         
[36m(ClientAppActor pid=714117)[0m 
[36m(ClientAppActor pid=714117)[0m         
[36m(ClientAppActor pid=714116)[0m 
[36m(ClientAppActor pid=714116)[0m         
[92mINFO [0m:      aggregate_fit: received 5 results and 0 failures
[92mINFO [0m:      fit progress: (2, 3.481254499435425, {'accuracy': 0.275, 'loss': 3.481254499435425}, 34.31022004695842)
[92mINFO [0m:      configure_evaluate: strategy sampled 5 clients (out of 5)
[36m(ClientAppActor pid=714117)[0m 
[36m(ClientAppActor pid=714117)[0m         
[36m(ClientAppActor pid=714117)[0m [93mWARNING [0m:   DEPRECATED FEATURE: `client_fn` now expects a signature `def client_fn(context: Context)`.The provided `client_fn` has signature: {'cid': <Parameter "cid: str">}. You can import the `Context` like this: `from flwr.app import Context`[32m [repeated 10x across cluster][0m
[36m(ClientAppActor pid=714117)[0m             This is a deprecated feature. It will be removed[32m [repeated 10x across cluster][0m
[36m(ClientAppActor pid=714117)[0m             entirely in future versions of Flower.[32m [repeated 10x across cluster][0m
[36m(ClientAppActor pid=714102)[0m 
[36m(ClientAppActor pid=714102)[0m         
[36m(ClientAppActor pid=714083)[0m 
[36m(ClientAppActor pid=714083)[0m         
[36m(ClientAppActor pid=714082)[0m 
[36m(ClientAppActor pid=714082)[0m         
[36m(ClientAppActor pid=714116)[0m 
[36m(ClientAppActor pid=714116)[0m         
[92mINFO [0m:      aggregate_evaluate: received 5 results and 0 failures
[92mINFO [0m:      
[92mINFO [0m:      [ROUND 3]
[92mINFO [0m:      configure_fit: strategy sampled 5 clients (out of 5)
[36m(ClientAppActor pid=714116)[0m 
[36m(ClientAppActor pid=714116)[0m         
[36m(ClientAppActor pid=714082)[0m 
[36m(ClientAppActor pid=714082)[0m         
[36m(ClientAppActor pid=714083)[0m 
[36m(ClientAppActor pid=714083)[0m         
[36m(ClientAppActor pid=714117)[0m 
[36m(ClientAppActor pid=714117)[0m         
[36m(ClientAppActor pid=714102)[0m 
[36m(ClientAppActor pid=714102)[0m         
[92mINFO [0m:      aggregate_fit: received 5 results and 0 failures
[92mINFO [0m:      fit progress: (3, 3.4310405487060547, {'accuracy': 0.2966, 'loss': 3.4310405487060547}, 50.12366345099872)
[92mINFO [0m:      configure_evaluate: strategy sampled 5 clients (out of 5)
[36m(ClientAppActor pid=714083)[0m 
[36m(ClientAppActor pid=714083)[0m         
[36m(ClientAppActor pid=714083)[0m [93mWARNING [0m:   DEPRECATED FEATURE: `client_fn` now expects a signature `def client_fn(context: Context)`.The provided `client_fn` has signature: {'cid': <Parameter "cid: str">}. You can import the `Context` like this: `from flwr.app import Context`[32m [repeated 10x across cluster][0m
[36m(ClientAppActor pid=714083)[0m             This is a deprecated feature. It will be removed[32m [repeated 10x across cluster][0m
[36m(ClientAppActor pid=714083)[0m             entirely in future versions of Flower.[32m [repeated 10x across cluster][0m
[36m(ClientAppActor pid=714102)[0m 
[36m(ClientAppActor pid=714102)[0m         
[36m(ClientAppActor pid=714117)[0m 
[36m(ClientAppActor pid=714117)[0m         
[36m(ClientAppActor pid=714116)[0m 
[36m(ClientAppActor pid=714116)[0m         
[36m(ClientAppActor pid=714082)[0m 
[36m(ClientAppActor pid=714082)[0m         
[92mINFO [0m:      aggregate_evaluate: received 5 results and 0 failures
[92mINFO [0m:      
[92mINFO [0m:      [ROUND 4]
[92mINFO [0m:      configure_fit: strategy sampled 5 clients (out of 5)
[36m(ClientAppActor pid=714082)[0m 
[36m(ClientAppActor pid=714082)[0m         
[36m(ClientAppActor pid=714116)[0m 
[36m(ClientAppActor pid=714116)[0m         
[36m(ClientAppActor pid=714117)[0m 
[36m(ClientAppActor pid=714117)[0m         
[36m(ClientAppActor pid=714102)[0m 
[36m(ClientAppActor pid=714102)[0m         
[36m(ClientAppActor pid=714083)[0m 
[36m(ClientAppActor pid=714083)[0m         
[92mINFO [0m:      aggregate_fit: received 5 results and 0 failures
[92mINFO [0m:      fit progress: (4, 2.6274168895721437, {'accuracy': 0.3407, 'loss': 2.6274168895721437}, 66.24466043000575)
[92mINFO [0m:      configure_evaluate: strategy sampled 5 clients (out of 5)
[36m(ClientAppActor pid=714117)[0m 
[36m(ClientAppActor pid=714117)[0m         
[36m(ClientAppActor pid=714117)[0m [93mWARNING [0m:   DEPRECATED FEATURE: `client_fn` now expects a signature `def client_fn(context: Context)`.The provided `client_fn` has signature: {'cid': <Parameter "cid: str">}. You can import the `Context` like this: `from flwr.app import Context`[32m [repeated 10x across cluster][0m
[36m(ClientAppActor pid=714117)[0m             This is a deprecated feature. It will be removed[32m [repeated 10x across cluster][0m
[36m(ClientAppActor pid=714117)[0m             entirely in future versions of Flower.[32m [repeated 10x across cluster][0m
[36m(ClientAppActor pid=714116)[0m 
[36m(ClientAppActor pid=714116)[0m         
[36m(ClientAppActor pid=714102)[0m 
[36m(ClientAppActor pid=714102)[0m         
[36m(ClientAppActor pid=714082)[0m 
[36m(ClientAppActor pid=714082)[0m         
[36m(ClientAppActor pid=714083)[0m 
[36m(ClientAppActor pid=714083)[0m         
[92mINFO [0m:      aggregate_evaluate: received 5 results and 0 failures
[92mINFO [0m:      
[92mINFO [0m:      [ROUND 5]
[92mINFO [0m:      configure_fit: strategy sampled 5 clients (out of 5)
[36m(ClientAppActor pid=714083)[0m 
[36m(ClientAppActor pid=714083)[0m         
[36m(ClientAppActor pid=714082)[0m 
[36m(ClientAppActor pid=714082)[0m         
[36m(ClientAppActor pid=714102)[0m 
[36m(ClientAppActor pid=714102)[0m         
[36m(ClientAppActor pid=714116)[0m 
[36m(ClientAppActor pid=714116)[0m         
[36m(ClientAppActor pid=714117)[0m 
[36m(ClientAppActor pid=714117)[0m         
[92mINFO [0m:      aggregate_fit: received 5 results and 0 failures
[92mINFO [0m:      fit progress: (5, 3.2973435997009277, {'accuracy': 0.3584, 'loss': 3.2973435997009277}, 82.5008400529623)
[92mINFO [0m:      configure_evaluate: strategy sampled 5 clients (out of 5)
[36m(ClientAppActor pid=714116)[0m 
[36m(ClientAppActor pid=714116)[0m         
[36m(ClientAppActor pid=714116)[0m [93mWARNING [0m:   DEPRECATED FEATURE: `client_fn` now expects a signature `def client_fn(context: Context)`.The provided `client_fn` has signature: {'cid': <Parameter "cid: str">}. You can import the `Context` like this: `from flwr.app import Context`[32m [repeated 10x across cluster][0m
[36m(ClientAppActor pid=714116)[0m             This is a deprecated feature. It will be removed[32m [repeated 10x across cluster][0m
[36m(ClientAppActor pid=714116)[0m             entirely in future versions of Flower.[32m [repeated 10x across cluster][0m
[36m(ClientAppActor pid=714082)[0m 
[36m(ClientAppActor pid=714082)[0m         
[36m(ClientAppActor pid=714083)[0m 
[36m(ClientAppActor pid=714083)[0m         
[36m(ClientAppActor pid=714117)[0m 
[36m(ClientAppActor pid=714117)[0m         
[36m(ClientAppActor pid=714102)[0m 
[36m(ClientAppActor pid=714102)[0m         
[92mINFO [0m:      aggregate_evaluate: received 5 results and 0 failures
[92mINFO [0m:      
[92mINFO [0m:      [ROUND 6]
[92mINFO [0m:      configure_fit: strategy sampled 5 clients (out of 5)
[36m(ClientAppActor pid=714102)[0m 
[36m(ClientAppActor pid=714102)[0m         
[36m(ClientAppActor pid=714117)[0m 
[36m(ClientAppActor pid=714117)[0m         
[36m(ClientAppActor pid=714082)[0m 
[36m(ClientAppActor pid=714082)[0m         
[36m(ClientAppActor pid=714083)[0m 
[36m(ClientAppActor pid=714083)[0m         
[36m(ClientAppActor pid=714116)[0m 
[36m(ClientAppActor pid=714116)[0m         
[92mINFO [0m:      aggregate_fit: received 5 results and 0 failures
[92mINFO [0m:      fit progress: (6, 5.479758943939209, {'accuracy': 0.3664, 'loss': 5.479758943939209}, 98.40029409498675)
[92mINFO [0m:      configure_evaluate: strategy sampled 5 clients (out of 5)
[36m(ClientAppActor pid=714082)[0m 
[36m(ClientAppActor pid=714082)[0m         
[36m(ClientAppActor pid=714082)[0m [93mWARNING [0m:   DEPRECATED FEATURE: `client_fn` now expects a signature `def client_fn(context: Context)`.The provided `client_fn` has signature: {'cid': <Parameter "cid: str">}. You can import the `Context` like this: `from flwr.app import Context`[32m [repeated 10x across cluster][0m
[36m(ClientAppActor pid=714082)[0m             This is a deprecated feature. It will be removed[32m [repeated 10x across cluster][0m
[36m(ClientAppActor pid=714082)[0m             entirely in future versions of Flower.[32m [repeated 10x across cluster][0m
[36m(ClientAppActor pid=714117)[0m 
[36m(ClientAppActor pid=714117)[0m         
[36m(ClientAppActor pid=714116)[0m 
[36m(ClientAppActor pid=714116)[0m         
[36m(ClientAppActor pid=714102)[0m 
[36m(ClientAppActor pid=714102)[0m         
[36m(ClientAppActor pid=714083)[0m 
[36m(ClientAppActor pid=714083)[0m         
[92mINFO [0m:      aggregate_evaluate: received 5 results and 0 failures
[92mINFO [0m:      
[92mINFO [0m:      [ROUND 7]
[92mINFO [0m:      configure_fit: strategy sampled 5 clients (out of 5)
[36m(ClientAppActor pid=714102)[0m 
[36m(ClientAppActor pid=714102)[0m         
[36m(ClientAppActor pid=714083)[0m 
[36m(ClientAppActor pid=714083)[0m         
[36m(ClientAppActor pid=714116)[0m 
[36m(ClientAppActor pid=714116)[0m         
[36m(ClientAppActor pid=714117)[0m 
[36m(ClientAppActor pid=714117)[0m         
[36m(ClientAppActor pid=714082)[0m 
[36m(ClientAppActor pid=714082)[0m         
[92mINFO [0m:      aggregate_fit: received 5 results and 0 failures
[92mINFO [0m:      fit progress: (7, 4.487406816482544, {'accuracy': 0.4491, 'loss': 4.487406816482544}, 114.44344148400705)
[92mINFO [0m:      configure_evaluate: strategy sampled 5 clients (out of 5)
[36m(ClientAppActor pid=714117)[0m 
[36m(ClientAppActor pid=714117)[0m         
[36m(ClientAppActor pid=714117)[0m [93mWARNING [0m:   DEPRECATED FEATURE: `client_fn` now expects a signature `def client_fn(context: Context)`.The provided `client_fn` has signature: {'cid': <Parameter "cid: str">}. You can import the `Context` like this: `from flwr.app import Context`[32m [repeated 10x across cluster][0m
[36m(ClientAppActor pid=714117)[0m             This is a deprecated feature. It will be removed[32m [repeated 10x across cluster][0m
[36m(ClientAppActor pid=714117)[0m             entirely in future versions of Flower.[32m [repeated 10x across cluster][0m
[36m(ClientAppActor pid=714116)[0m 
[36m(ClientAppActor pid=714116)[0m         
[36m(ClientAppActor pid=714083)[0m 
[36m(ClientAppActor pid=714083)[0m         
[36m(ClientAppActor pid=714082)[0m 
[36m(ClientAppActor pid=714082)[0m         
[36m(ClientAppActor pid=714102)[0m 
[36m(ClientAppActor pid=714102)[0m         
[92mINFO [0m:      aggregate_evaluate: received 5 results and 0 failures
[92mINFO [0m:      
[92mINFO [0m:      [ROUND 8]
[92mINFO [0m:      configure_fit: strategy sampled 5 clients (out of 5)
[36m(ClientAppActor pid=714102)[0m 
[36m(ClientAppActor pid=714102)[0m         
[36m(ClientAppActor pid=714083)[0m 
[36m(ClientAppActor pid=714083)[0m         
[36m(ClientAppActor pid=714082)[0m 
[36m(ClientAppActor pid=714082)[0m         
[36m(ClientAppActor pid=714117)[0m 
[36m(ClientAppActor pid=714117)[0m         
[36m(ClientAppActor pid=714116)[0m 
[36m(ClientAppActor pid=714116)[0m         
[92mINFO [0m:      aggregate_fit: received 5 results and 0 failures
[92mINFO [0m:      fit progress: (8, 3.385567681121826, {'accuracy': 0.4231, 'loss': 3.385567681121826}, 130.64866582298419)
[92mINFO [0m:      configure_evaluate: strategy sampled 5 clients (out of 5)
[36m(ClientAppActor pid=714117)[0m 
[36m(ClientAppActor pid=714117)[0m         
[36m(ClientAppActor pid=714117)[0m [93mWARNING [0m:   DEPRECATED FEATURE: `client_fn` now expects a signature `def client_fn(context: Context)`.The provided `client_fn` has signature: {'cid': <Parameter "cid: str">}. You can import the `Context` like this: `from flwr.app import Context`[32m [repeated 10x across cluster][0m
[36m(ClientAppActor pid=714117)[0m             This is a deprecated feature. It will be removed[32m [repeated 10x across cluster][0m
[36m(ClientAppActor pid=714117)[0m             entirely in future versions of Flower.[32m [repeated 10x across cluster][0m
[36m(ClientAppActor pid=714083)[0m 
[36m(ClientAppActor pid=714083)[0m         
[36m(ClientAppActor pid=714102)[0m 
[36m(ClientAppActor pid=714102)[0m         
[36m(ClientAppActor pid=714116)[0m 
[36m(ClientAppActor pid=714116)[0m         
[36m(ClientAppActor pid=714082)[0m 
[36m(ClientAppActor pid=714082)[0m         
[92mINFO [0m:      aggregate_evaluate: received 5 results and 0 failures
[92mINFO [0m:      
[92mINFO [0m:      [ROUND 9]
[92mINFO [0m:      configure_fit: strategy sampled 5 clients (out of 5)
[36m(ClientAppActor pid=714116)[0m 
[36m(ClientAppActor pid=714116)[0m         
[36m(ClientAppActor pid=714082)[0m 
[36m(ClientAppActor pid=714082)[0m         
[36m(ClientAppActor pid=714102)[0m 
[36m(ClientAppActor pid=714102)[0m         
[36m(ClientAppActor pid=714083)[0m 
[36m(ClientAppActor pid=714083)[0m         
[36m(ClientAppActor pid=714117)[0m 
[36m(ClientAppActor pid=714117)[0m         
[92mINFO [0m:      aggregate_fit: received 5 results and 0 failures
[92mINFO [0m:      fit progress: (9, 3.782094829940796, {'accuracy': 0.4285, 'loss': 3.782094829940796}, 146.21756567497505)
[92mINFO [0m:      configure_evaluate: strategy sampled 5 clients (out of 5)
[36m(ClientAppActor pid=714116)[0m 
[36m(ClientAppActor pid=714116)[0m         
[36m(ClientAppActor pid=714116)[0m [93mWARNING [0m:   DEPRECATED FEATURE: `client_fn` now expects a signature `def client_fn(context: Context)`.The provided `client_fn` has signature: {'cid': <Parameter "cid: str">}. You can import the `Context` like this: `from flwr.app import Context`[32m [repeated 10x across cluster][0m
[36m(ClientAppActor pid=714116)[0m             This is a deprecated feature. It will be removed[32m [repeated 10x across cluster][0m
[36m(ClientAppActor pid=714116)[0m             entirely in future versions of Flower.[32m [repeated 10x across cluster][0m
[36m(ClientAppActor pid=714117)[0m 
[36m(ClientAppActor pid=714117)[0m         
[36m(ClientAppActor pid=714082)[0m 
[36m(ClientAppActor pid=714082)[0m         
[36m(ClientAppActor pid=714102)[0m 
[36m(ClientAppActor pid=714102)[0m         
[36m(ClientAppActor pid=714083)[0m 
[36m(ClientAppActor pid=714083)[0m         
[92mINFO [0m:      aggregate_evaluate: received 5 results and 0 failures
[92mINFO [0m:      
[92mINFO [0m:      [ROUND 10]
[92mINFO [0m:      configure_fit: strategy sampled 5 clients (out of 5)
[36m(ClientAppActor pid=714083)[0m 
[36m(ClientAppActor pid=714083)[0m         
[36m(ClientAppActor pid=714102)[0m 
[36m(ClientAppActor pid=714102)[0m         
[36m(ClientAppActor pid=714082)[0m 
[36m(ClientAppActor pid=714082)[0m         
[36m(ClientAppActor pid=714117)[0m 
[36m(ClientAppActor pid=714117)[0m         
[36m(ClientAppActor pid=714116)[0m 
[36m(ClientAppActor pid=714116)[0m         
[92mINFO [0m:      aggregate_fit: received 5 results and 0 failures
[92mINFO [0m:      fit progress: (10, 6.099964190101623, {'accuracy': 0.4263, 'loss': 6.099964190101623}, 162.2252073319978)
[92mINFO [0m:      configure_evaluate: strategy sampled 5 clients (out of 5)
[36m(ClientAppActor pid=714082)[0m 
[36m(ClientAppActor pid=714082)[0m         
[36m(ClientAppActor pid=714082)[0m [93mWARNING [0m:   DEPRECATED FEATURE: `client_fn` now expects a signature `def client_fn(context: Context)`.The provided `client_fn` has signature: {'cid': <Parameter "cid: str">}. You can import the `Context` like this: `from flwr.app import Context`[32m [repeated 10x across cluster][0m
[36m(ClientAppActor pid=714082)[0m             This is a deprecated feature. It will be removed[32m [repeated 10x across cluster][0m
[36m(ClientAppActor pid=714082)[0m             entirely in future versions of Flower.[32m [repeated 10x across cluster][0m
[36m(ClientAppActor pid=714117)[0m 
[36m(ClientAppActor pid=714117)[0m         
[36m(ClientAppActor pid=714083)[0m 
[36m(ClientAppActor pid=714083)[0m         
[36m(ClientAppActor pid=714116)[0m 
[36m(ClientAppActor pid=714116)[0m         
[36m(ClientAppActor pid=714102)[0m 
[36m(ClientAppActor pid=714102)[0m         
[92mINFO [0m:      aggregate_evaluate: received 5 results and 0 failures
[92mINFO [0m:      
[92mINFO [0m:      [SUMMARY]
[92mINFO [0m:      Run finished 10 round(s) in 162.98s
[92mINFO [0m:      	History (loss, distributed):
[92mINFO [0m:      		round 1: 2.3586947015581856
[92mINFO [0m:      		round 2: 3.4916718938894857
[92mINFO [0m:      		round 3: 3.477399646890094
[92mINFO [0m:      		round 4: 2.632324829175964
[92mINFO [0m:      		round 5: 3.222430584215598
[92mINFO [0m:      		round 6: 5.451536267270608
[92mINFO [0m:      		round 7: 4.376938868436987
[92mINFO [0m:      		round 8: 3.3569070867691835
[92mINFO [0m:      		round 9: 3.7381853678627572
[92mINFO [0m:      		round 10: 5.97058834803536
[92mINFO [0m:      	History (loss, centralized):
[92mINFO [0m:      		round 0: 2.3028229263305664
[92mINFO [0m:      		round 1: 2.358754158782959
[92mINFO [0m:      		round 2: 3.481254499435425
[92mINFO [0m:      		round 3: 3.4310405487060547
[92mINFO [0m:      		round 4: 2.6274168895721437
[92mINFO [0m:      		round 5: 3.2973435997009277
[92mINFO [0m:      		round 6: 5.479758943939209
[92mINFO [0m:      		round 7: 4.487406816482544
[92mINFO [0m:      		round 8: 3.385567681121826
[92mINFO [0m:      		round 9: 3.782094829940796
[92mINFO [0m:      		round 10: 6.099964190101623
[92mINFO [0m:      	History (metrics, distributed, fit):
[92mINFO [0m:      	{'avg_flops_per_client_round': [(1, 8140443294720.0),
[92mINFO [0m:      	                                (2, 8140443294720.0),
[92mINFO [0m:      	                                (3, 8140443294720.0),
[92mINFO [0m:      	                                (4, 8140443294720.0),
[92mINFO [0m:      	                                (5, 8140443294720.0),
[92mINFO [0m:      	                                (6, 8140443294720.0),
[92mINFO [0m:      	                                (7, 8140443294720.0),
[92mINFO [0m:      	                                (8, 8140443294720.0),
[92mINFO [0m:      	                                (9, 8140443294720.0),
[92mINFO [0m:      	                                (10, 8140443294720.0)],
[92mINFO [0m:      	 'total_flops_round': [(1, 40702216473600),
[92mINFO [0m:      	                       (2, 40702216473600),
[92mINFO [0m:      	                       (3, 40702216473600),
[92mINFO [0m:      	                       (4, 40702216473600),
[92mINFO [0m:      	                       (5, 40702216473600),
[92mINFO [0m:      	                       (6, 40702216473600),
[92mINFO [0m:      	                       (7, 40702216473600),
[92mINFO [0m:      	                       (8, 40702216473600),
[92mINFO [0m:      	                       (9, 40702216473600),
[92mINFO [0m:      	                       (10, 40702216473600)]}
[92mINFO [0m:      	History (metrics, distributed, evaluate):
[92mINFO [0m:      	{'accuracy': [(1, 0.1274254850970194),
[92mINFO [0m:      	              (2, 0.27825565113022604),
[92mINFO [0m:      	              (3, 0.29445889177835566),
[92mINFO [0m:      	              (4, 0.3282656531306261),
[92mINFO [0m:      	              (5, 0.371874374874975),
[92mINFO [0m:      	              (6, 0.369873974794959),
[92mINFO [0m:      	              (7, 0.45529105821164234),
[92mINFO [0m:      	              (8, 0.4320864172834567),
[92mINFO [0m:      	              (9, 0.4434886977395479),
[92mINFO [0m:      	              (10, 0.4368873774754951)],
[92mINFO [0m:      	 'loss': [(1, 2.3586947015581856),
[92mINFO [0m:      	          (2, 3.4916718938894857),
[92mINFO [0m:      	          (3, 3.477399646890094),
[92mINFO [0m:      	          (4, 2.632324829175964),
[92mINFO [0m:      	          (5, 3.222430584215598),
[92mINFO [0m:      	          (6, 5.451536267270608),
[92mINFO [0m:      	          (7, 4.376938868436987),
[92mINFO [0m:      	          (8, 3.3569070867691835),
[92mINFO [0m:      	          (9, 3.7381853678627572),
[92mINFO [0m:      	          (10, 5.97058834803536)]}
[92mINFO [0m:      	History (metrics, centralized):
[92mINFO [0m:      	{'accuracy': [(0, 0.1027),
[92mINFO [0m:      	              (1, 0.1274),
[92mINFO [0m:      	              (2, 0.275),
[92mINFO [0m:      	              (3, 0.2966),
[92mINFO [0m:      	              (4, 0.3407),
[92mINFO [0m:      	              (5, 0.3584),
[92mINFO [0m:      	              (6, 0.3664),
[92mINFO [0m:      	              (7, 0.4491),
[92mINFO [0m:      	              (8, 0.4231),
[92mINFO [0m:      	              (9, 0.4285),
[92mINFO [0m:      	              (10, 0.4263)],
[92mINFO [0m:      	 'loss': [(0, 2.3028229263305664),
[92mINFO [0m:      	          (1, 2.358754158782959),
[92mINFO [0m:      	          (2, 3.481254499435425),
[92mINFO [0m:      	          (3, 3.4310405487060547),
[92mINFO [0m:      	          (4, 2.6274168895721437),
[92mINFO [0m:      	          (5, 3.2973435997009277),
[92mINFO [0m:      	          (6, 5.479758943939209),
[92mINFO [0m:      	          (7, 4.487406816482544),
[92mINFO [0m:      	          (8, 3.385567681121826),
[92mINFO [0m:      	          (9, 3.782094829940796),
[92mINFO [0m:      	          (10, 6.099964190101623)]}
[92mINFO [0m:      
Treinando no dispositivo: cuda:0 com o dataset: CIFAR10 | Setup clientes: 5 (num_gpus por cliente=0.2) | SEED=51 | Método: FedAvgM (server_momentum=0.9, server_lr=1.0)
FLOPS por amostra (forward): 6.030e+07 | (forward+backward, 3x): 1.809e+08
Files already downloaded and verified
Files already downloaded and verified
Dividindo o dataset usando a distribuição de Dirichlet com alpha=0.01.
Aviso: Cliente 2 não tinha amostras. Moveu uma amostra do cliente 0.
Aviso: Cliente 2 tem apenas 1 amostra(s), que serão usadas para validação.
Iniciando a simulação de Aprendizado Federado...
=== Diagnóstico de Medição de GPU ===
  pynvml_disponivel: True
  pynvml_versao: 580.173.02
  gpus_detectadas: 1
  leitura_potencia_ok: True
  potencia_atual_W: 114.367

--- Rodada 0 - Avaliação Centralizada (Servidor) ---
Loss (Servidor): 2.3028 | Acurácia (Servidor): 0.1027

--- Rodada 1 - Avaliação Centralizada (Servidor) ---
Loss (Servidor): 2.3588 | Acurácia (Servidor): 0.1274
--- Avaliação Agregada (Clientes) ---
Loss Média (Clientes): 2.3587 | Acurácia Média (Clientes): 0.1274

--- Rodada 2 - Avaliação Centralizada (Servidor) ---
Loss (Servidor): 3.4813 | Acurácia (Servidor): 0.2750
--- Avaliação Agregada (Clientes) ---
Loss Média (Clientes): 3.4917 | Acurácia Média (Clientes): 0.2783

--- Rodada 3 - Avaliação Centralizada (Servidor) ---
Loss (Servidor): 3.4310 | Acurácia (Servidor): 0.2966
--- Avaliação Agregada (Clientes) ---
Loss Média (Clientes): 3.4774 | Acurácia Média (Clientes): 0.2945

--- Rodada 4 - Avaliação Centralizada (Servidor) ---
Loss (Servidor): 2.6274 | Acurácia (Servidor): 0.3407
--- Avaliação Agregada (Clientes) ---
Loss Média (Clientes): 2.6323 | Acurácia Média (Clientes): 0.3283

--- Rodada 5 - Avaliação Centralizada (Servidor) ---
Loss (Servidor): 3.2973 | Acurácia (Servidor): 0.3584
--- Avaliação Agregada (Clientes) ---
Loss Média (Clientes): 3.2224 | Acurácia Média (Clientes): 0.3719

--- Rodada 6 - Avaliação Centralizada (Servidor) ---
Loss (Servidor): 5.4798 | Acurácia (Servidor): 0.3664
--- Avaliação Agregada (Clientes) ---
Loss Média (Clientes): 5.4515 | Acurácia Média (Clientes): 0.3699

--- Rodada 7 - Avaliação Centralizada (Servidor) ---
Loss (Servidor): 4.4874 | Acurácia (Servidor): 0.4491
--- Avaliação Agregada (Clientes) ---
Loss Média (Clientes): 4.3769 | Acurácia Média (Clientes): 0.4553

--- Rodada 8 - Avaliação Centralizada (Servidor) ---
Loss (Servidor): 3.3856 | Acurácia (Servidor): 0.4231
--- Avaliação Agregada (Clientes) ---
Loss Média (Clientes): 3.3569 | Acurácia Média (Clientes): 0.4321

--- Rodada 9 - Avaliação Centralizada (Servidor) ---
Loss (Servidor): 3.7821 | Acurácia (Servidor): 0.4285
--- Avaliação Agregada (Clientes) ---
Loss Média (Clientes): 3.7382 | Acurácia Média (Clientes): 0.4435

--- Rodada 10 - Avaliação Centralizada (Servidor) ---
Loss (Servidor): 6.1000 | Acurácia (Servidor): 0.4263
--- Avaliação Agregada (Clientes) ---
Loss Média (Clientes): 5.9706 | Acurácia Média (Clientes): 0.4369

Resultados salvos em: /home/tiago/GitHubProjects/fedhad-thesis-2/FedAvgM-results/1.1_diagnostico_drift/CIFAR10/FedAvgM__CIFAR10__Setup-5__Clients-5__Rounds-10__Delay-0_05__Alpha-0_01__Seed-51.txt
[36m(ClientAppActor pid=714102)[0m [93mWARNING [0m:   DEPRECATED FEATURE: `client_fn` now expects a signature `def client_fn(context: Context)`.The provided `client_fn` has signature: {'cid': <Parameter "cid: str">}. You can import the `Context` like this: `from flwr.app import Context`[32m [repeated 4x across cluster][0m
[36m(ClientAppActor pid=714102)[0m             This is a deprecated feature. It will be removed[32m [repeated 4x across cluster][0m
[36m(ClientAppActor pid=714102)[0m             entirely in future versions of Flower.[32m [repeated 4x across cluster][0m
