[codecarbon WARNING @ 13:19:31] Multiple instances of codecarbon are allowed to run at the same time.
[93mWARNING [0m:   DEPRECATED FEATURE: flwr.simulation.start_simulation() is deprecated.
	Instead, use the `flwr run` CLI command to start a local simulation in your Flower app, as shown for example below:

		$ flwr new  # Create a new Flower app from a template

		$ flwr run  # Run the Flower app in Simulation Mode

	Using `start_simulation()` is deprecated.

            This is a deprecated feature. It will be removed
            entirely in future versions of Flower.
        
[92mINFO [0m:      Starting Flower simulation, config: num_rounds=10, no round_timeout
2026-09-04 13:19:39,572	INFO worker.py:2012 -- Started a local Ray instance.
/home/tiago/GitHubProjects/fedhad-thesis-2/env_flwr_pt/lib/python3.12/site-packages/ray/_private/worker.py:2051: FutureWarning: Tip: In future versions of Ray, Ray will no longer override accelerator visible devices env var if num_gpus=0 or num_gpus=None (default). To enable this behavior and turn off this error message, set RAY_ACCEL_ENV_VAR_OVERRIDE_ON_ZERO=0
  warnings.warn(
[92mINFO [0m:      Flower VCE: Ray initialized with resources: {'GPU': 1.0, 'accelerator_type:A40': 1.0, 'memory': 181335089152.0, 'CPU': 64.0, 'object_store_memory': 77715038208.0, 'node:10.129.64.100': 1.0, 'node:__internal_head__': 1.0}
[92mINFO [0m:      Optimize your simulation with Flower VCE: https://flower.ai/docs/framework/how-to-run-simulations.html
/home/tiago/GitHubProjects/fedhad-thesis-2/FedAvgM_Final.py:1669: UserWarning: No `num_cpus` specified in `client_resources`. Using `num_cpus=1` for each client.
  history = fl.simulation.start_simulation(
[92mINFO [0m:      Flower VCE: Resources for each Virtual Client: {'num_gpus': 0.2, 'num_cpus': 1}
[92mINFO [0m:      Flower VCE: Creating VirtualClientEngineActorPool with 5 actors
[92mINFO [0m:      [INIT]
[92mINFO [0m:      Using initial global parameters provided by strategy
[92mINFO [0m:      Starting evaluation of initial global parameters
[92mINFO [0m:      initial parameters (loss, other metrics): 2.303244739151001, {'accuracy': 0.1003, 'loss': 2.303244739151001}
[92mINFO [0m:      
[92mINFO [0m:      [ROUND 1]
[92mINFO [0m:      configure_fit: strategy sampled 5 clients (out of 5)
[36m(ClientAppActor pid=567000)[0m [93mWARNING [0m:   DEPRECATED FEATURE: `client_fn` now expects a signature `def client_fn(context: Context)`.The provided `client_fn` has signature: {'cid': <Parameter "cid: str">}. You can import the `Context` like this: `from flwr.app import Context`
[36m(ClientAppActor pid=567000)[0m 
[36m(ClientAppActor pid=567000)[0m             This is a deprecated feature. It will be removed
[36m(ClientAppActor pid=567000)[0m             entirely in future versions of Flower.
[36m(ClientAppActor pid=567000)[0m         
[36m(ClientAppActor pid=566978)[0m 
[36m(ClientAppActor pid=566978)[0m         
[36m(ClientAppActor pid=566966)[0m 
[36m(ClientAppActor pid=566966)[0m         
[36m(ClientAppActor pid=566999)[0m 
[36m(ClientAppActor pid=566999)[0m         
[36m(ClientAppActor pid=566965)[0m 
[36m(ClientAppActor pid=566965)[0m         
[92mINFO [0m:      aggregate_fit: received 5 results and 0 failures
[92mINFO [0m:      fit progress: (1, 2.288755530166626, {'accuracy': 0.1245, 'loss': 2.288755530166626}, 17.368771436973475)
[92mINFO [0m:      configure_evaluate: strategy sampled 5 clients (out of 5)
[36m(ClientAppActor pid=566999)[0m 
[36m(ClientAppActor pid=566999)[0m         
[36m(ClientAppActor pid=566999)[0m [93mWARNING [0m:   DEPRECATED FEATURE: `client_fn` now expects a signature `def client_fn(context: Context)`.The provided `client_fn` has signature: {'cid': <Parameter "cid: str">}. You can import the `Context` like this: `from flwr.app import Context`[32m [repeated 5x across cluster] (Ray deduplicates logs by default. Set RAY_DEDUP_LOGS=0 to disable log deduplication, or see https://docs.ray.io/en/master/ray-observability/user-guides/configure-logging.html#log-deduplication for more options.)[0m
[36m(ClientAppActor pid=566999)[0m             This is a deprecated feature. It will be removed[32m [repeated 5x across cluster][0m
[36m(ClientAppActor pid=566999)[0m             entirely in future versions of Flower.[32m [repeated 5x across cluster][0m
[36m(ClientAppActor pid=566966)[0m 
[36m(ClientAppActor pid=566966)[0m         
[36m(ClientAppActor pid=567000)[0m 
[36m(ClientAppActor pid=567000)[0m         
[36m(ClientAppActor pid=566978)[0m 
[36m(ClientAppActor pid=566978)[0m         
[36m(ClientAppActor pid=566965)[0m 
[36m(ClientAppActor pid=566965)[0m         
[92mINFO [0m:      aggregate_evaluate: received 5 results and 0 failures
[92mINFO [0m:      
[92mINFO [0m:      [ROUND 2]
[92mINFO [0m:      configure_fit: strategy sampled 5 clients (out of 5)
[36m(ClientAppActor pid=566965)[0m 
[36m(ClientAppActor pid=566965)[0m         
[36m(ClientAppActor pid=566978)[0m 
[36m(ClientAppActor pid=566978)[0m         
[36m(ClientAppActor pid=567000)[0m 
[36m(ClientAppActor pid=567000)[0m         
[36m(ClientAppActor pid=566966)[0m 
[36m(ClientAppActor pid=566966)[0m         
[36m(ClientAppActor pid=566999)[0m 
[36m(ClientAppActor pid=566999)[0m         
[92mINFO [0m:      aggregate_fit: received 5 results and 0 failures
[92mINFO [0m:      fit progress: (2, 1.963323936843872, {'accuracy': 0.4068, 'loss': 1.963323936843872}, 32.80005972500658)
[92mINFO [0m:      configure_evaluate: strategy sampled 5 clients (out of 5)
[36m(ClientAppActor pid=566978)[0m 
[36m(ClientAppActor pid=566978)[0m         
[36m(ClientAppActor pid=566978)[0m [93mWARNING [0m:   DEPRECATED FEATURE: `client_fn` now expects a signature `def client_fn(context: Context)`.The provided `client_fn` has signature: {'cid': <Parameter "cid: str">}. You can import the `Context` like this: `from flwr.app import Context`[32m [repeated 10x across cluster][0m
[36m(ClientAppActor pid=566978)[0m             This is a deprecated feature. It will be removed[32m [repeated 10x across cluster][0m
[36m(ClientAppActor pid=566978)[0m             entirely in future versions of Flower.[32m [repeated 10x across cluster][0m
[36m(ClientAppActor pid=566966)[0m 
[36m(ClientAppActor pid=566966)[0m         
[36m(ClientAppActor pid=566965)[0m 
[36m(ClientAppActor pid=566965)[0m         
[36m(ClientAppActor pid=567000)[0m 
[36m(ClientAppActor pid=567000)[0m         
[36m(ClientAppActor pid=566999)[0m 
[36m(ClientAppActor pid=566999)[0m         
[92mINFO [0m:      aggregate_evaluate: received 5 results and 0 failures
[92mINFO [0m:      
[92mINFO [0m:      [ROUND 3]
[92mINFO [0m:      configure_fit: strategy sampled 5 clients (out of 5)
[36m(ClientAppActor pid=566999)[0m 
[36m(ClientAppActor pid=566999)[0m         
[36m(ClientAppActor pid=566966)[0m 
[36m(ClientAppActor pid=566966)[0m         
[36m(ClientAppActor pid=566965)[0m 
[36m(ClientAppActor pid=566965)[0m         
[36m(ClientAppActor pid=567000)[0m 
[36m(ClientAppActor pid=567000)[0m         
[36m(ClientAppActor pid=566978)[0m 
[36m(ClientAppActor pid=566978)[0m         
[92mINFO [0m:      aggregate_fit: received 5 results and 0 failures
[92mINFO [0m:      fit progress: (3, 2.4294104724884034, {'accuracy': 0.4787, 'loss': 2.4294104724884034}, 48.43941441399511)
[92mINFO [0m:      configure_evaluate: strategy sampled 5 clients (out of 5)
[36m(ClientAppActor pid=566965)[0m 
[36m(ClientAppActor pid=566965)[0m         
[36m(ClientAppActor pid=566965)[0m [93mWARNING [0m:   DEPRECATED FEATURE: `client_fn` now expects a signature `def client_fn(context: Context)`.The provided `client_fn` has signature: {'cid': <Parameter "cid: str">}. You can import the `Context` like this: `from flwr.app import Context`[32m [repeated 10x across cluster][0m
[36m(ClientAppActor pid=566965)[0m             This is a deprecated feature. It will be removed[32m [repeated 10x across cluster][0m
[36m(ClientAppActor pid=566965)[0m             entirely in future versions of Flower.[32m [repeated 10x across cluster][0m
[36m(ClientAppActor pid=566978)[0m 
[36m(ClientAppActor pid=566978)[0m         
[36m(ClientAppActor pid=567000)[0m 
[36m(ClientAppActor pid=567000)[0m         
[36m(ClientAppActor pid=566966)[0m 
[36m(ClientAppActor pid=566966)[0m         
[36m(ClientAppActor pid=566999)[0m 
[36m(ClientAppActor pid=566999)[0m         
[92mINFO [0m:      aggregate_evaluate: received 5 results and 0 failures
[92mINFO [0m:      
[92mINFO [0m:      [ROUND 4]
[92mINFO [0m:      configure_fit: strategy sampled 5 clients (out of 5)
[36m(ClientAppActor pid=566966)[0m 
[36m(ClientAppActor pid=566966)[0m         
[36m(ClientAppActor pid=566999)[0m 
[36m(ClientAppActor pid=566999)[0m         
[36m(ClientAppActor pid=567000)[0m 
[36m(ClientAppActor pid=567000)[0m         
[36m(ClientAppActor pid=566978)[0m 
[36m(ClientAppActor pid=566978)[0m         
[36m(ClientAppActor pid=566965)[0m 
[36m(ClientAppActor pid=566965)[0m         
[92mINFO [0m:      aggregate_fit: received 5 results and 0 failures
[92mINFO [0m:      fit progress: (4, 2.3001742576599122, {'accuracy': 0.4968, 'loss': 2.3001742576599122}, 63.81327812798554)
[92mINFO [0m:      configure_evaluate: strategy sampled 5 clients (out of 5)
[36m(ClientAppActor pid=566999)[0m 
[36m(ClientAppActor pid=566999)[0m         
[36m(ClientAppActor pid=566999)[0m [93mWARNING [0m:   DEPRECATED FEATURE: `client_fn` now expects a signature `def client_fn(context: Context)`.The provided `client_fn` has signature: {'cid': <Parameter "cid: str">}. You can import the `Context` like this: `from flwr.app import Context`[32m [repeated 10x across cluster][0m
[36m(ClientAppActor pid=566999)[0m             This is a deprecated feature. It will be removed[32m [repeated 10x across cluster][0m
[36m(ClientAppActor pid=566999)[0m             entirely in future versions of Flower.[32m [repeated 10x across cluster][0m
[36m(ClientAppActor pid=566978)[0m 
[36m(ClientAppActor pid=566978)[0m         
[36m(ClientAppActor pid=566966)[0m 
[36m(ClientAppActor pid=566966)[0m         
[36m(ClientAppActor pid=567000)[0m 
[36m(ClientAppActor pid=567000)[0m         
[36m(ClientAppActor pid=566965)[0m 
[36m(ClientAppActor pid=566965)[0m         
[92mINFO [0m:      aggregate_evaluate: received 5 results and 0 failures
[92mINFO [0m:      
[92mINFO [0m:      [ROUND 5]
[92mINFO [0m:      configure_fit: strategy sampled 5 clients (out of 5)
[36m(ClientAppActor pid=566965)[0m 
[36m(ClientAppActor pid=566965)[0m         
[36m(ClientAppActor pid=567000)[0m 
[36m(ClientAppActor pid=567000)[0m         
[36m(ClientAppActor pid=566966)[0m 
[36m(ClientAppActor pid=566966)[0m         
[36m(ClientAppActor pid=566978)[0m 
[36m(ClientAppActor pid=566978)[0m         
[36m(ClientAppActor pid=566999)[0m 
[36m(ClientAppActor pid=566999)[0m         
[92mINFO [0m:      aggregate_fit: received 5 results and 0 failures
[92mINFO [0m:      fit progress: (5, 2.329770480918884, {'accuracy': 0.5343, 'loss': 2.329770480918884}, 79.1543307150132)
[92mINFO [0m:      configure_evaluate: strategy sampled 5 clients (out of 5)
[36m(ClientAppActor pid=567000)[0m 
[36m(ClientAppActor pid=567000)[0m         
[36m(ClientAppActor pid=567000)[0m [93mWARNING [0m:   DEPRECATED FEATURE: `client_fn` now expects a signature `def client_fn(context: Context)`.The provided `client_fn` has signature: {'cid': <Parameter "cid: str">}. You can import the `Context` like this: `from flwr.app import Context`[32m [repeated 10x across cluster][0m
[36m(ClientAppActor pid=567000)[0m             This is a deprecated feature. It will be removed[32m [repeated 10x across cluster][0m
[36m(ClientAppActor pid=567000)[0m             entirely in future versions of Flower.[32m [repeated 10x across cluster][0m
[36m(ClientAppActor pid=566966)[0m 
[36m(ClientAppActor pid=566966)[0m         
[36m(ClientAppActor pid=566965)[0m 
[36m(ClientAppActor pid=566965)[0m         
[36m(ClientAppActor pid=566999)[0m 
[36m(ClientAppActor pid=566999)[0m         
[36m(ClientAppActor pid=566978)[0m 
[36m(ClientAppActor pid=566978)[0m         
[92mINFO [0m:      aggregate_evaluate: received 5 results and 0 failures
[92mINFO [0m:      
[92mINFO [0m:      [ROUND 6]
[92mINFO [0m:      configure_fit: strategy sampled 5 clients (out of 5)
[36m(ClientAppActor pid=566978)[0m 
[36m(ClientAppActor pid=566978)[0m         
[36m(ClientAppActor pid=566999)[0m 
[36m(ClientAppActor pid=566999)[0m         
[36m(ClientAppActor pid=566966)[0m 
[36m(ClientAppActor pid=566966)[0m         
[36m(ClientAppActor pid=566965)[0m 
[36m(ClientAppActor pid=566965)[0m         
[36m(ClientAppActor pid=567000)[0m 
[36m(ClientAppActor pid=567000)[0m         
[92mINFO [0m:      aggregate_fit: received 5 results and 0 failures
[92mINFO [0m:      fit progress: (6, 2.450853994178772, {'accuracy': 0.5874, 'loss': 2.450853994178772}, 94.6225294059841)
[92mINFO [0m:      configure_evaluate: strategy sampled 5 clients (out of 5)
[36m(ClientAppActor pid=566965)[0m 
[36m(ClientAppActor pid=566965)[0m         
[36m(ClientAppActor pid=566965)[0m [93mWARNING [0m:   DEPRECATED FEATURE: `client_fn` now expects a signature `def client_fn(context: Context)`.The provided `client_fn` has signature: {'cid': <Parameter "cid: str">}. You can import the `Context` like this: `from flwr.app import Context`[32m [repeated 10x across cluster][0m
[36m(ClientAppActor pid=566965)[0m             This is a deprecated feature. It will be removed[32m [repeated 10x across cluster][0m
[36m(ClientAppActor pid=566965)[0m             entirely in future versions of Flower.[32m [repeated 10x across cluster][0m
[36m(ClientAppActor pid=567000)[0m 
[36m(ClientAppActor pid=567000)[0m         
[36m(ClientAppActor pid=566999)[0m 
[36m(ClientAppActor pid=566999)[0m         
[36m(ClientAppActor pid=566966)[0m 
[36m(ClientAppActor pid=566966)[0m         
[36m(ClientAppActor pid=566978)[0m 
[36m(ClientAppActor pid=566978)[0m         
[92mINFO [0m:      aggregate_evaluate: received 5 results and 0 failures
[92mINFO [0m:      
[92mINFO [0m:      [ROUND 7]
[92mINFO [0m:      configure_fit: strategy sampled 5 clients (out of 5)
[36m(ClientAppActor pid=566978)[0m 
[36m(ClientAppActor pid=566978)[0m         
[36m(ClientAppActor pid=566999)[0m 
[36m(ClientAppActor pid=566999)[0m         
[36m(ClientAppActor pid=567000)[0m 
[36m(ClientAppActor pid=567000)[0m         
[36m(ClientAppActor pid=566966)[0m 
[36m(ClientAppActor pid=566966)[0m         
[36m(ClientAppActor pid=566965)[0m 
[36m(ClientAppActor pid=566965)[0m         
[92mINFO [0m:      aggregate_fit: received 5 results and 0 failures
[92mINFO [0m:      fit progress: (7, 2.6711262489318846, {'accuracy': 0.6135, 'loss': 2.6711262489318846}, 110.1969316439936)
[92mINFO [0m:      configure_evaluate: strategy sampled 5 clients (out of 5)
[36m(ClientAppActor pid=567000)[0m 
[36m(ClientAppActor pid=567000)[0m         
[36m(ClientAppActor pid=567000)[0m [93mWARNING [0m:   DEPRECATED FEATURE: `client_fn` now expects a signature `def client_fn(context: Context)`.The provided `client_fn` has signature: {'cid': <Parameter "cid: str">}. You can import the `Context` like this: `from flwr.app import Context`[32m [repeated 10x across cluster][0m
[36m(ClientAppActor pid=567000)[0m             This is a deprecated feature. It will be removed[32m [repeated 10x across cluster][0m
[36m(ClientAppActor pid=567000)[0m             entirely in future versions of Flower.[32m [repeated 10x across cluster][0m
[36m(ClientAppActor pid=566966)[0m 
[36m(ClientAppActor pid=566966)[0m         
[36m(ClientAppActor pid=566978)[0m 
[36m(ClientAppActor pid=566978)[0m         
[36m(ClientAppActor pid=566965)[0m 
[36m(ClientAppActor pid=566965)[0m         
[36m(ClientAppActor pid=566999)[0m 
[36m(ClientAppActor pid=566999)[0m         
[92mINFO [0m:      aggregate_evaluate: received 5 results and 0 failures
[92mINFO [0m:      
[92mINFO [0m:      [ROUND 8]
[92mINFO [0m:      configure_fit: strategy sampled 5 clients (out of 5)
[36m(ClientAppActor pid=566999)[0m 
[36m(ClientAppActor pid=566999)[0m         
[36m(ClientAppActor pid=566965)[0m 
[36m(ClientAppActor pid=566965)[0m         
[36m(ClientAppActor pid=566966)[0m 
[36m(ClientAppActor pid=566966)[0m         
[36m(ClientAppActor pid=566978)[0m 
[36m(ClientAppActor pid=566978)[0m         
[36m(ClientAppActor pid=567000)[0m 
[36m(ClientAppActor pid=567000)[0m         
[92mINFO [0m:      aggregate_fit: received 5 results and 0 failures
[92mINFO [0m:      fit progress: (8, 2.1111177544593813, {'accuracy': 0.6245, 'loss': 2.1111177544593813}, 125.79084850102663)
[92mINFO [0m:      configure_evaluate: strategy sampled 5 clients (out of 5)
[36m(ClientAppActor pid=566999)[0m 
[36m(ClientAppActor pid=566999)[0m         
[36m(ClientAppActor pid=566999)[0m [93mWARNING [0m:   DEPRECATED FEATURE: `client_fn` now expects a signature `def client_fn(context: Context)`.The provided `client_fn` has signature: {'cid': <Parameter "cid: str">}. You can import the `Context` like this: `from flwr.app import Context`[32m [repeated 10x across cluster][0m
[36m(ClientAppActor pid=566999)[0m             This is a deprecated feature. It will be removed[32m [repeated 10x across cluster][0m
[36m(ClientAppActor pid=566999)[0m             entirely in future versions of Flower.[32m [repeated 10x across cluster][0m
[36m(ClientAppActor pid=567000)[0m 
[36m(ClientAppActor pid=567000)[0m         
[36m(ClientAppActor pid=566965)[0m 
[36m(ClientAppActor pid=566965)[0m         
[36m(ClientAppActor pid=566966)[0m 
[36m(ClientAppActor pid=566966)[0m         
[36m(ClientAppActor pid=566978)[0m 
[36m(ClientAppActor pid=566978)[0m         
[92mINFO [0m:      aggregate_evaluate: received 5 results and 0 failures
[92mINFO [0m:      
[92mINFO [0m:      [ROUND 9]
[92mINFO [0m:      configure_fit: strategy sampled 5 clients (out of 5)
[36m(ClientAppActor pid=566978)[0m 
[36m(ClientAppActor pid=566978)[0m         
[36m(ClientAppActor pid=566966)[0m 
[36m(ClientAppActor pid=566966)[0m         
[36m(ClientAppActor pid=567000)[0m 
[36m(ClientAppActor pid=567000)[0m         
[36m(ClientAppActor pid=566965)[0m 
[36m(ClientAppActor pid=566965)[0m         
[36m(ClientAppActor pid=566999)[0m 
[36m(ClientAppActor pid=566999)[0m         
[92mINFO [0m:      aggregate_fit: received 5 results and 0 failures
[92mINFO [0m:      fit progress: (9, 2.0008660037994384, {'accuracy': 0.6294, 'loss': 2.0008660037994384}, 141.89216808398487)
[92mINFO [0m:      configure_evaluate: strategy sampled 5 clients (out of 5)
[36m(ClientAppActor pid=566999)[0m 
[36m(ClientAppActor pid=566999)[0m         
[36m(ClientAppActor pid=566999)[0m [93mWARNING [0m:   DEPRECATED FEATURE: `client_fn` now expects a signature `def client_fn(context: Context)`.The provided `client_fn` has signature: {'cid': <Parameter "cid: str">}. You can import the `Context` like this: `from flwr.app import Context`[32m [repeated 10x across cluster][0m
[36m(ClientAppActor pid=566999)[0m             This is a deprecated feature. It will be removed[32m [repeated 10x across cluster][0m
[36m(ClientAppActor pid=566999)[0m             entirely in future versions of Flower.[32m [repeated 10x across cluster][0m
[36m(ClientAppActor pid=566966)[0m 
[36m(ClientAppActor pid=566966)[0m         
[36m(ClientAppActor pid=566978)[0m 
[36m(ClientAppActor pid=566978)[0m         
[36m(ClientAppActor pid=567000)[0m 
[36m(ClientAppActor pid=567000)[0m         
[36m(ClientAppActor pid=566965)[0m 
[36m(ClientAppActor pid=566965)[0m         
[92mINFO [0m:      aggregate_evaluate: received 5 results and 0 failures
[92mINFO [0m:      
[92mINFO [0m:      [ROUND 10]
[92mINFO [0m:      configure_fit: strategy sampled 5 clients (out of 5)
[36m(ClientAppActor pid=566965)[0m 
[36m(ClientAppActor pid=566965)[0m         
[36m(ClientAppActor pid=567000)[0m 
[36m(ClientAppActor pid=567000)[0m         
[36m(ClientAppActor pid=566978)[0m 
[36m(ClientAppActor pid=566978)[0m         
[36m(ClientAppActor pid=566966)[0m 
[36m(ClientAppActor pid=566966)[0m         
[36m(ClientAppActor pid=566999)[0m 
[36m(ClientAppActor pid=566999)[0m         
[92mINFO [0m:      aggregate_fit: received 5 results and 0 failures
[92mINFO [0m:      fit progress: (10, 2.9582640014648436, {'accuracy': 0.6011, 'loss': 2.9582640014648436}, 157.3771337440121)
[92mINFO [0m:      configure_evaluate: strategy sampled 5 clients (out of 5)
[36m(ClientAppActor pid=566966)[0m 
[36m(ClientAppActor pid=566966)[0m         
[36m(ClientAppActor pid=566966)[0m [93mWARNING [0m:   DEPRECATED FEATURE: `client_fn` now expects a signature `def client_fn(context: Context)`.The provided `client_fn` has signature: {'cid': <Parameter "cid: str">}. You can import the `Context` like this: `from flwr.app import Context`[32m [repeated 10x across cluster][0m
[36m(ClientAppActor pid=566966)[0m             This is a deprecated feature. It will be removed[32m [repeated 10x across cluster][0m
[36m(ClientAppActor pid=566966)[0m             entirely in future versions of Flower.[32m [repeated 10x across cluster][0m
[36m(ClientAppActor pid=566999)[0m 
[36m(ClientAppActor pid=566999)[0m         
[36m(ClientAppActor pid=567000)[0m 
[36m(ClientAppActor pid=567000)[0m         
[36m(ClientAppActor pid=566978)[0m 
[36m(ClientAppActor pid=566978)[0m         
[36m(ClientAppActor pid=566965)[0m 
[36m(ClientAppActor pid=566965)[0m         
[92mINFO [0m:      aggregate_evaluate: received 5 results and 0 failures
[92mINFO [0m:      
[92mINFO [0m:      [SUMMARY]
[92mINFO [0m:      Run finished 10 round(s) in 158.21s
[92mINFO [0m:      	History (loss, distributed):
[92mINFO [0m:      		round 1: 2.28804445762932
[92mINFO [0m:      		round 2: 1.955068219058724
[92mINFO [0m:      		round 3: 2.2709880811985146
[92mINFO [0m:      		round 4: 2.1895173140137056
[92mINFO [0m:      		round 5: 2.259833773112378
[92mINFO [0m:      		round 6: 2.3817028367855753
[92mINFO [0m:      		round 7: 2.6573033133983515
[92mINFO [0m:      		round 8: 2.083212787076333
[92mINFO [0m:      		round 9: 2.0132365245591983
[92mINFO [0m:      		round 10: 2.868555742429451
[92mINFO [0m:      	History (loss, centralized):
[92mINFO [0m:      		round 0: 2.303244739151001
[92mINFO [0m:      		round 1: 2.288755530166626
[92mINFO [0m:      		round 2: 1.963323936843872
[92mINFO [0m:      		round 3: 2.4294104724884034
[92mINFO [0m:      		round 4: 2.3001742576599122
[92mINFO [0m:      		round 5: 2.329770480918884
[92mINFO [0m:      		round 6: 2.450853994178772
[92mINFO [0m:      		round 7: 2.6711262489318846
[92mINFO [0m:      		round 8: 2.1111177544593813
[92mINFO [0m:      		round 9: 2.0008660037994384
[92mINFO [0m:      		round 10: 2.9582640014648436
[92mINFO [0m:      	History (metrics, distributed, fit):
[92mINFO [0m:      	{'avg_flops_per_client_round': [(1, 8140805084160.0),
[92mINFO [0m:      	                                (2, 8140805084160.0),
[92mINFO [0m:      	                                (3, 8140805084160.0),
[92mINFO [0m:      	                                (4, 8140805084160.0),
[92mINFO [0m:      	                                (5, 8140805084160.0),
[92mINFO [0m:      	                                (6, 8140805084160.0),
[92mINFO [0m:      	                                (7, 8140805084160.0),
[92mINFO [0m:      	                                (8, 8140805084160.0),
[92mINFO [0m:      	                                (9, 8140805084160.0),
[92mINFO [0m:      	                                (10, 8140805084160.0)],
[92mINFO [0m:      	 'total_flops_round': [(1, 40704025420800),
[92mINFO [0m:      	                       (2, 40704025420800),
[92mINFO [0m:      	                       (3, 40704025420800),
[92mINFO [0m:      	                       (4, 40704025420800),
[92mINFO [0m:      	                       (5, 40704025420800),
[92mINFO [0m:      	                       (6, 40704025420800),
[92mINFO [0m:      	                       (7, 40704025420800),
[92mINFO [0m:      	                       (8, 40704025420800),
[92mINFO [0m:      	                       (9, 40704025420800),
[92mINFO [0m:      	                       (10, 40704025420800)]}
[92mINFO [0m:      	History (metrics, distributed, evaluate):
[92mINFO [0m:      	{'accuracy': [(1, 0.11927156293776266),
[92mINFO [0m:      	              (2, 0.40604362617570544),
[92mINFO [0m:      	              (3, 0.4866920152091255),
[92mINFO [0m:      	              (4, 0.5023013808284971),
[92mINFO [0m:      	              (5, 0.532319391634981),
[92mINFO [0m:      	              (6, 0.5963578146888133),
[92mINFO [0m:      	              (7, 0.6113668200920552),
[92mINFO [0m:      	              (8, 0.6311787072243346),
[92mINFO [0m:      	              (9, 0.6285771462877726),
[92mINFO [0m:      	              (10, 0.6009605763458075)],
[92mINFO [0m:      	 'loss': [(1, 2.28804445762932),
[92mINFO [0m:      	          (2, 1.955068219058724),
[92mINFO [0m:      	          (3, 2.2709880811985146),
[92mINFO [0m:      	          (4, 2.1895173140137056),
[92mINFO [0m:      	          (5, 2.259833773112378),
[92mINFO [0m:      	          (6, 2.3817028367855753),
[92mINFO [0m:      	          (7, 2.6573033133983515),
[92mINFO [0m:      	          (8, 2.083212787076333),
[92mINFO [0m:      	          (9, 2.0132365245591983),
[92mINFO [0m:      	          (10, 2.868555742429451)]}
[92mINFO [0m:      	History (metrics, centralized):
[92mINFO [0m:      	{'accuracy': [(0, 0.1003),
[92mINFO [0m:      	              (1, 0.1245),
[92mINFO [0m:      	              (2, 0.4068),
[92mINFO [0m:      	              (3, 0.4787),
[92mINFO [0m:      	              (4, 0.4968),
[92mINFO [0m:      	              (5, 0.5343),
[92mINFO [0m:      	              (6, 0.5874),
[92mINFO [0m:      	              (7, 0.6135),
[92mINFO [0m:      	              (8, 0.6245),
[92mINFO [0m:      	              (9, 0.6294),
[92mINFO [0m:      	              (10, 0.6011)],
[92mINFO [0m:      	 'loss': [(0, 2.303244739151001),
[92mINFO [0m:      	          (1, 2.288755530166626),
[92mINFO [0m:      	          (2, 1.963323936843872),
[92mINFO [0m:      	          (3, 2.4294104724884034),
[92mINFO [0m:      	          (4, 2.3001742576599122),
[92mINFO [0m:      	          (5, 2.329770480918884),
[92mINFO [0m:      	          (6, 2.450853994178772),
[92mINFO [0m:      	          (7, 2.6711262489318846),
[92mINFO [0m:      	          (8, 2.1111177544593813),
[92mINFO [0m:      	          (9, 2.0008660037994384),
[92mINFO [0m:      	          (10, 2.9582640014648436)]}
[92mINFO [0m:      
Treinando no dispositivo: cuda:0 com o dataset: CIFAR10 | Setup clientes: 5 (num_gpus por cliente=0.2) | SEED=42 | Método: FedAvgM (server_momentum=0.9, server_lr=1.0)
FLOPS por amostra (forward): 6.030e+07 | (forward+backward, 3x): 1.809e+08
Files already downloaded and verified
Files already downloaded and verified
Dividindo o dataset usando a distribuição de Dirichlet com alpha=0.1.
Iniciando a simulação de Aprendizado Federado...
=== Diagnóstico de Medição de GPU ===
  pynvml_disponivel: True
  pynvml_versao: 580.173.02
  gpus_detectadas: 1
  leitura_potencia_ok: True
  potencia_atual_W: 115.709

--- Rodada 0 - Avaliação Centralizada (Servidor) ---
Loss (Servidor): 2.3032 | Acurácia (Servidor): 0.1003

--- Rodada 1 - Avaliação Centralizada (Servidor) ---
Loss (Servidor): 2.2888 | Acurácia (Servidor): 0.1245
--- Avaliação Agregada (Clientes) ---
Loss Média (Clientes): 2.2880 | Acurácia Média (Clientes): 0.1193

--- Rodada 2 - Avaliação Centralizada (Servidor) ---
Loss (Servidor): 1.9633 | Acurácia (Servidor): 0.4068
--- Avaliação Agregada (Clientes) ---
Loss Média (Clientes): 1.9551 | Acurácia Média (Clientes): 0.4060

--- Rodada 3 - Avaliação Centralizada (Servidor) ---
Loss (Servidor): 2.4294 | Acurácia (Servidor): 0.4787
--- Avaliação Agregada (Clientes) ---
Loss Média (Clientes): 2.2710 | Acurácia Média (Clientes): 0.4867

--- Rodada 4 - Avaliação Centralizada (Servidor) ---
Loss (Servidor): 2.3002 | Acurácia (Servidor): 0.4968
--- Avaliação Agregada (Clientes) ---
Loss Média (Clientes): 2.1895 | Acurácia Média (Clientes): 0.5023

--- Rodada 5 - Avaliação Centralizada (Servidor) ---
Loss (Servidor): 2.3298 | Acurácia (Servidor): 0.5343
--- Avaliação Agregada (Clientes) ---
Loss Média (Clientes): 2.2598 | Acurácia Média (Clientes): 0.5323

--- Rodada 6 - Avaliação Centralizada (Servidor) ---
Loss (Servidor): 2.4509 | Acurácia (Servidor): 0.5874
--- Avaliação Agregada (Clientes) ---
Loss Média (Clientes): 2.3817 | Acurácia Média (Clientes): 0.5964

--- Rodada 7 - Avaliação Centralizada (Servidor) ---
Loss (Servidor): 2.6711 | Acurácia (Servidor): 0.6135
--- Avaliação Agregada (Clientes) ---
Loss Média (Clientes): 2.6573 | Acurácia Média (Clientes): 0.6114

--- Rodada 8 - Avaliação Centralizada (Servidor) ---
Loss (Servidor): 2.1111 | Acurácia (Servidor): 0.6245
--- Avaliação Agregada (Clientes) ---
Loss Média (Clientes): 2.0832 | Acurácia Média (Clientes): 0.6312

--- Rodada 9 - Avaliação Centralizada (Servidor) ---
Loss (Servidor): 2.0009 | Acurácia (Servidor): 0.6294
--- Avaliação Agregada (Clientes) ---
Loss Média (Clientes): 2.0132 | Acurácia Média (Clientes): 0.6286

--- Rodada 10 - Avaliação Centralizada (Servidor) ---
Loss (Servidor): 2.9583 | Acurácia (Servidor): 0.6011
--- Avaliação Agregada (Clientes) ---
Loss Média (Clientes): 2.8686 | Acurácia Média (Clientes): 0.6010

Resultados salvos em: /home/tiago/GitHubProjects/fedhad-thesis-2/FedAvgM-results/1.1_diagnostico_drift/CIFAR10/FedAvgM__CIFAR10__Setup-5__Clients-5__Rounds-10__Delay-0_05__Alpha-0_1__Seed-42.txt
[36m(ClientAppActor pid=566965)[0m [93mWARNING [0m:   DEPRECATED FEATURE: `client_fn` now expects a signature `def client_fn(context: Context)`.The provided `client_fn` has signature: {'cid': <Parameter "cid: str">}. You can import the `Context` like this: `from flwr.app import Context`[32m [repeated 4x across cluster][0m
[36m(ClientAppActor pid=566965)[0m             This is a deprecated feature. It will be removed[32m [repeated 4x across cluster][0m
[36m(ClientAppActor pid=566965)[0m             entirely in future versions of Flower.[32m [repeated 4x across cluster][0m
