[codecarbon WARNING @ 13:39:54] Multiple instances of codecarbon are allowed to run at the same time.
[93mWARNING [0m:   DEPRECATED FEATURE: flwr.simulation.start_simulation() is deprecated.
	Instead, use the `flwr run` CLI command to start a local simulation in your Flower app, as shown for example below:

		$ flwr new  # Create a new Flower app from a template

		$ flwr run  # Run the Flower app in Simulation Mode

	Using `start_simulation()` is deprecated.

            This is a deprecated feature. It will be removed
            entirely in future versions of Flower.
        
[92mINFO [0m:      Starting Flower simulation, config: num_rounds=10, no round_timeout
2026-09-04 13:40:02,482	INFO worker.py:2012 -- Started a local Ray instance.
/home/tiago/GitHubProjects/fedhad-thesis-2/env_flwr_pt/lib/python3.12/site-packages/ray/_private/worker.py:2051: FutureWarning: Tip: In future versions of Ray, Ray will no longer override accelerator visible devices env var if num_gpus=0 or num_gpus=None (default). To enable this behavior and turn off this error message, set RAY_ACCEL_ENV_VAR_OVERRIDE_ON_ZERO=0
  warnings.warn(
[92mINFO [0m:      Flower VCE: Ray initialized with resources: {'GPU': 1.0, 'accelerator_type:A40': 1.0, 'object_store_memory': 77742680064.0, 'memory': 181399586816.0, 'node:__internal_head__': 1.0, 'node:10.129.64.100': 1.0, 'CPU': 64.0}
[92mINFO [0m:      Optimize your simulation with Flower VCE: https://flower.ai/docs/framework/how-to-run-simulations.html
/home/tiago/GitHubProjects/fedhad-thesis-2/FedAvgM_Final.py:1669: UserWarning: No `num_cpus` specified in `client_resources`. Using `num_cpus=1` for each client.
  history = fl.simulation.start_simulation(
[92mINFO [0m:      Flower VCE: Resources for each Virtual Client: {'num_gpus': 0.2, 'num_cpus': 1}
[92mINFO [0m:      Flower VCE: Creating VirtualClientEngineActorPool with 5 actors
[92mINFO [0m:      [INIT]
[92mINFO [0m:      Using initial global parameters provided by strategy
[92mINFO [0m:      Starting evaluation of initial global parameters
[92mINFO [0m:      initial parameters (loss, other metrics): 2.3033320701599123, {'accuracy': 0.1, 'loss': 2.3033320701599123}
[92mINFO [0m:      
[92mINFO [0m:      [ROUND 1]
[92mINFO [0m:      configure_fit: strategy sampled 5 clients (out of 5)
[36m(ClientAppActor pid=620024)[0m [93mWARNING [0m:   DEPRECATED FEATURE: `client_fn` now expects a signature `def client_fn(context: Context)`.The provided `client_fn` has signature: {'cid': <Parameter "cid: str">}. You can import the `Context` like this: `from flwr.app import Context`
[36m(ClientAppActor pid=620024)[0m 
[36m(ClientAppActor pid=620024)[0m             This is a deprecated feature. It will be removed
[36m(ClientAppActor pid=620024)[0m             entirely in future versions of Flower.
[36m(ClientAppActor pid=620024)[0m         
[36m(ClientAppActor pid=619992)[0m 
[36m(ClientAppActor pid=619992)[0m         
[36m(ClientAppActor pid=619990)[0m 
[36m(ClientAppActor pid=619990)[0m         
[36m(ClientAppActor pid=620023)[0m 
[36m(ClientAppActor pid=620023)[0m         
[36m(ClientAppActor pid=619989)[0m 
[36m(ClientAppActor pid=619989)[0m         
[92mINFO [0m:      aggregate_fit: received 5 results and 0 failures
[92mINFO [0m:      fit progress: (1, 2.2869247844696043, {'accuracy': 0.1002, 'loss': 2.2869247844696043}, 15.625054760021158)
[92mINFO [0m:      configure_evaluate: strategy sampled 5 clients (out of 5)
[36m(ClientAppActor pid=619989)[0m 
[36m(ClientAppActor pid=619989)[0m         
[36m(ClientAppActor pid=619989)[0m [93mWARNING [0m:   DEPRECATED FEATURE: `client_fn` now expects a signature `def client_fn(context: Context)`.The provided `client_fn` has signature: {'cid': <Parameter "cid: str">}. You can import the `Context` like this: `from flwr.app import Context`[32m [repeated 5x across cluster] (Ray deduplicates logs by default. Set RAY_DEDUP_LOGS=0 to disable log deduplication, or see https://docs.ray.io/en/master/ray-observability/user-guides/configure-logging.html#log-deduplication for more options.)[0m
[36m(ClientAppActor pid=619989)[0m             This is a deprecated feature. It will be removed[32m [repeated 5x across cluster][0m
[36m(ClientAppActor pid=619989)[0m             entirely in future versions of Flower.[32m [repeated 5x across cluster][0m
[36m(ClientAppActor pid=620023)[0m 
[36m(ClientAppActor pid=620023)[0m         
[36m(ClientAppActor pid=619990)[0m 
[36m(ClientAppActor pid=619990)[0m         
[36m(ClientAppActor pid=619992)[0m 
[36m(ClientAppActor pid=619992)[0m         
[36m(ClientAppActor pid=620024)[0m 
[36m(ClientAppActor pid=620024)[0m         
[92mINFO [0m:      aggregate_evaluate: received 5 results and 0 failures
[92mINFO [0m:      
[92mINFO [0m:      [ROUND 2]
[92mINFO [0m:      configure_fit: strategy sampled 5 clients (out of 5)
[36m(ClientAppActor pid=620024)[0m 
[36m(ClientAppActor pid=620024)[0m         
[36m(ClientAppActor pid=619992)[0m 
[36m(ClientAppActor pid=619992)[0m         
[36m(ClientAppActor pid=619990)[0m 
[36m(ClientAppActor pid=619990)[0m         
[36m(ClientAppActor pid=620023)[0m 
[36m(ClientAppActor pid=620023)[0m         
[36m(ClientAppActor pid=619989)[0m 
[36m(ClientAppActor pid=619989)[0m         
[92mINFO [0m:      aggregate_fit: received 5 results and 0 failures
[92mINFO [0m:      fit progress: (2, 1.8632709175109863, {'accuracy': 0.3551, 'loss': 1.8632709175109863}, 29.272961619019043)
[92mINFO [0m:      configure_evaluate: strategy sampled 5 clients (out of 5)
[36m(ClientAppActor pid=620024)[0m 
[36m(ClientAppActor pid=620024)[0m         
[36m(ClientAppActor pid=620024)[0m [93mWARNING [0m:   DEPRECATED FEATURE: `client_fn` now expects a signature `def client_fn(context: Context)`.The provided `client_fn` has signature: {'cid': <Parameter "cid: str">}. You can import the `Context` like this: `from flwr.app import Context`[32m [repeated 10x across cluster][0m
[36m(ClientAppActor pid=620024)[0m             This is a deprecated feature. It will be removed[32m [repeated 10x across cluster][0m
[36m(ClientAppActor pid=620024)[0m             entirely in future versions of Flower.[32m [repeated 10x across cluster][0m
[36m(ClientAppActor pid=620023)[0m 
[36m(ClientAppActor pid=620023)[0m         
[36m(ClientAppActor pid=619992)[0m 
[36m(ClientAppActor pid=619992)[0m         
[36m(ClientAppActor pid=619990)[0m 
[36m(ClientAppActor pid=619990)[0m         
[36m(ClientAppActor pid=619989)[0m 
[36m(ClientAppActor pid=619989)[0m         
[92mINFO [0m:      aggregate_evaluate: received 5 results and 0 failures
[92mINFO [0m:      
[92mINFO [0m:      [ROUND 3]
[92mINFO [0m:      configure_fit: strategy sampled 5 clients (out of 5)
[36m(ClientAppActor pid=619989)[0m 
[36m(ClientAppActor pid=619989)[0m         
[36m(ClientAppActor pid=619990)[0m 
[36m(ClientAppActor pid=619990)[0m         
[36m(ClientAppActor pid=620023)[0m 
[36m(ClientAppActor pid=620023)[0m         
[36m(ClientAppActor pid=619992)[0m 
[36m(ClientAppActor pid=619992)[0m         
[36m(ClientAppActor pid=620024)[0m 
[36m(ClientAppActor pid=620024)[0m         
[92mINFO [0m:      aggregate_fit: received 5 results and 0 failures
[92mINFO [0m:      fit progress: (3, 2.337181064605713, {'accuracy': 0.4432, 'loss': 2.337181064605713}, 43.185649703023955)
[92mINFO [0m:      configure_evaluate: strategy sampled 5 clients (out of 5)
[36m(ClientAppActor pid=620023)[0m 
[36m(ClientAppActor pid=620023)[0m         
[36m(ClientAppActor pid=620023)[0m [93mWARNING [0m:   DEPRECATED FEATURE: `client_fn` now expects a signature `def client_fn(context: Context)`.The provided `client_fn` has signature: {'cid': <Parameter "cid: str">}. You can import the `Context` like this: `from flwr.app import Context`[32m [repeated 10x across cluster][0m
[36m(ClientAppActor pid=620023)[0m             This is a deprecated feature. It will be removed[32m [repeated 10x across cluster][0m
[36m(ClientAppActor pid=620023)[0m             entirely in future versions of Flower.[32m [repeated 10x across cluster][0m
[36m(ClientAppActor pid=619989)[0m 
[36m(ClientAppActor pid=619989)[0m         
[36m(ClientAppActor pid=619992)[0m 
[36m(ClientAppActor pid=619992)[0m         
[36m(ClientAppActor pid=620024)[0m 
[36m(ClientAppActor pid=620024)[0m         
[36m(ClientAppActor pid=619990)[0m 
[36m(ClientAppActor pid=619990)[0m         
[92mINFO [0m:      aggregate_evaluate: received 5 results and 0 failures
[92mINFO [0m:      
[92mINFO [0m:      [ROUND 4]
[92mINFO [0m:      configure_fit: strategy sampled 5 clients (out of 5)
[36m(ClientAppActor pid=619990)[0m 
[36m(ClientAppActor pid=619990)[0m         
[36m(ClientAppActor pid=620024)[0m 
[36m(ClientAppActor pid=620024)[0m         
[36m(ClientAppActor pid=619992)[0m 
[36m(ClientAppActor pid=619992)[0m         
[36m(ClientAppActor pid=619989)[0m 
[36m(ClientAppActor pid=619989)[0m         
[36m(ClientAppActor pid=620023)[0m 
[36m(ClientAppActor pid=620023)[0m         
[92mINFO [0m:      aggregate_fit: received 5 results and 0 failures
[92mINFO [0m:      fit progress: (4, 2.447729652786255, {'accuracy': 0.4839, 'loss': 2.447729652786255}, 56.92144951003138)
[92mINFO [0m:      configure_evaluate: strategy sampled 5 clients (out of 5)
[36m(ClientAppActor pid=619992)[0m 
[36m(ClientAppActor pid=619992)[0m         
[36m(ClientAppActor pid=619992)[0m [93mWARNING [0m:   DEPRECATED FEATURE: `client_fn` now expects a signature `def client_fn(context: Context)`.The provided `client_fn` has signature: {'cid': <Parameter "cid: str">}. You can import the `Context` like this: `from flwr.app import Context`[32m [repeated 10x across cluster][0m
[36m(ClientAppActor pid=619992)[0m             This is a deprecated feature. It will be removed[32m [repeated 10x across cluster][0m
[36m(ClientAppActor pid=619992)[0m             entirely in future versions of Flower.[32m [repeated 10x across cluster][0m
[36m(ClientAppActor pid=620024)[0m 
[36m(ClientAppActor pid=620024)[0m         
[36m(ClientAppActor pid=619990)[0m 
[36m(ClientAppActor pid=619990)[0m         
[36m(ClientAppActor pid=619989)[0m 
[36m(ClientAppActor pid=619989)[0m         
[36m(ClientAppActor pid=620023)[0m 
[36m(ClientAppActor pid=620023)[0m         
[92mINFO [0m:      aggregate_evaluate: received 5 results and 0 failures
[92mINFO [0m:      
[92mINFO [0m:      [ROUND 5]
[92mINFO [0m:      configure_fit: strategy sampled 5 clients (out of 5)
[36m(ClientAppActor pid=620023)[0m 
[36m(ClientAppActor pid=620023)[0m         
[36m(ClientAppActor pid=619989)[0m 
[36m(ClientAppActor pid=619989)[0m         
[36m(ClientAppActor pid=619990)[0m 
[36m(ClientAppActor pid=619990)[0m         
[36m(ClientAppActor pid=620024)[0m 
[36m(ClientAppActor pid=620024)[0m         
[36m(ClientAppActor pid=619992)[0m 
[36m(ClientAppActor pid=619992)[0m         
[92mINFO [0m:      aggregate_fit: received 5 results and 0 failures
[92mINFO [0m:      fit progress: (5, 3.7819150211334227, {'accuracy': 0.5048, 'loss': 3.7819150211334227}, 70.89455594704486)
[92mINFO [0m:      configure_evaluate: strategy sampled 5 clients (out of 5)
[36m(ClientAppActor pid=619992)[0m 
[36m(ClientAppActor pid=619992)[0m         
[36m(ClientAppActor pid=619992)[0m [93mWARNING [0m:   DEPRECATED FEATURE: `client_fn` now expects a signature `def client_fn(context: Context)`.The provided `client_fn` has signature: {'cid': <Parameter "cid: str">}. You can import the `Context` like this: `from flwr.app import Context`[32m [repeated 10x across cluster][0m
[36m(ClientAppActor pid=619992)[0m             This is a deprecated feature. It will be removed[32m [repeated 10x across cluster][0m
[36m(ClientAppActor pid=619992)[0m             entirely in future versions of Flower.[32m [repeated 10x across cluster][0m
[36m(ClientAppActor pid=619990)[0m 
[36m(ClientAppActor pid=619990)[0m         
[36m(ClientAppActor pid=619989)[0m 
[36m(ClientAppActor pid=619989)[0m         
[36m(ClientAppActor pid=620024)[0m 
[36m(ClientAppActor pid=620024)[0m         
[36m(ClientAppActor pid=620023)[0m 
[36m(ClientAppActor pid=620023)[0m         
[92mINFO [0m:      aggregate_evaluate: received 5 results and 0 failures
[92mINFO [0m:      
[92mINFO [0m:      [ROUND 6]
[92mINFO [0m:      configure_fit: strategy sampled 5 clients (out of 5)
[36m(ClientAppActor pid=620023)[0m 
[36m(ClientAppActor pid=620023)[0m         
[36m(ClientAppActor pid=620024)[0m 
[36m(ClientAppActor pid=620024)[0m         
[36m(ClientAppActor pid=619989)[0m 
[36m(ClientAppActor pid=619989)[0m         
[36m(ClientAppActor pid=619992)[0m 
[36m(ClientAppActor pid=619992)[0m         
[36m(ClientAppActor pid=619990)[0m 
[36m(ClientAppActor pid=619990)[0m         
[92mINFO [0m:      aggregate_fit: received 5 results and 0 failures
[92mINFO [0m:      fit progress: (6, 4.393009275436401, {'accuracy': 0.5688, 'loss': 4.393009275436401}, 84.71335259400075)
[92mINFO [0m:      configure_evaluate: strategy sampled 5 clients (out of 5)
[36m(ClientAppActor pid=619989)[0m 
[36m(ClientAppActor pid=619989)[0m         
[36m(ClientAppActor pid=619989)[0m [93mWARNING [0m:   DEPRECATED FEATURE: `client_fn` now expects a signature `def client_fn(context: Context)`.The provided `client_fn` has signature: {'cid': <Parameter "cid: str">}. You can import the `Context` like this: `from flwr.app import Context`[32m [repeated 10x across cluster][0m
[36m(ClientAppActor pid=619989)[0m             This is a deprecated feature. It will be removed[32m [repeated 10x across cluster][0m
[36m(ClientAppActor pid=619989)[0m             entirely in future versions of Flower.[32m [repeated 10x across cluster][0m
[36m(ClientAppActor pid=619990)[0m 
[36m(ClientAppActor pid=619990)[0m         
[36m(ClientAppActor pid=620023)[0m 
[36m(ClientAppActor pid=620023)[0m         
[36m(ClientAppActor pid=620024)[0m 
[36m(ClientAppActor pid=620024)[0m         
[36m(ClientAppActor pid=619992)[0m 
[36m(ClientAppActor pid=619992)[0m         
[92mINFO [0m:      aggregate_evaluate: received 5 results and 0 failures
[92mINFO [0m:      
[92mINFO [0m:      [ROUND 7]
[92mINFO [0m:      configure_fit: strategy sampled 5 clients (out of 5)
[36m(ClientAppActor pid=619992)[0m 
[36m(ClientAppActor pid=619992)[0m         
[36m(ClientAppActor pid=620024)[0m 
[36m(ClientAppActor pid=620024)[0m         
[36m(ClientAppActor pid=620023)[0m 
[36m(ClientAppActor pid=620023)[0m         
[36m(ClientAppActor pid=619990)[0m 
[36m(ClientAppActor pid=619990)[0m         
[36m(ClientAppActor pid=619989)[0m 
[36m(ClientAppActor pid=619989)[0m         
[92mINFO [0m:      aggregate_fit: received 5 results and 0 failures
[92mINFO [0m:      fit progress: (7, 2.532983285331726, {'accuracy': 0.6307, 'loss': 2.532983285331726}, 98.45254340604879)
[92mINFO [0m:      configure_evaluate: strategy sampled 5 clients (out of 5)
[36m(ClientAppActor pid=619992)[0m 
[36m(ClientAppActor pid=619992)[0m         
[36m(ClientAppActor pid=619992)[0m [93mWARNING [0m:   DEPRECATED FEATURE: `client_fn` now expects a signature `def client_fn(context: Context)`.The provided `client_fn` has signature: {'cid': <Parameter "cid: str">}. You can import the `Context` like this: `from flwr.app import Context`[32m [repeated 10x across cluster][0m
[36m(ClientAppActor pid=619992)[0m             This is a deprecated feature. It will be removed[32m [repeated 10x across cluster][0m
[36m(ClientAppActor pid=619992)[0m             entirely in future versions of Flower.[32m [repeated 10x across cluster][0m
[36m(ClientAppActor pid=619990)[0m 
[36m(ClientAppActor pid=619990)[0m         
[36m(ClientAppActor pid=620023)[0m 
[36m(ClientAppActor pid=620023)[0m         
[36m(ClientAppActor pid=620024)[0m 
[36m(ClientAppActor pid=620024)[0m         
[36m(ClientAppActor pid=619989)[0m 
[36m(ClientAppActor pid=619989)[0m         
[92mINFO [0m:      aggregate_evaluate: received 5 results and 0 failures
[92mINFO [0m:      
[92mINFO [0m:      [ROUND 8]
[92mINFO [0m:      configure_fit: strategy sampled 5 clients (out of 5)
[36m(ClientAppActor pid=619989)[0m 
[36m(ClientAppActor pid=619989)[0m         
[36m(ClientAppActor pid=620024)[0m 
[36m(ClientAppActor pid=620024)[0m         
[36m(ClientAppActor pid=620023)[0m 
[36m(ClientAppActor pid=620023)[0m         
[36m(ClientAppActor pid=619990)[0m 
[36m(ClientAppActor pid=619990)[0m         
[36m(ClientAppActor pid=619992)[0m 
[36m(ClientAppActor pid=619992)[0m         
[92mINFO [0m:      aggregate_fit: received 5 results and 0 failures
[92mINFO [0m:      fit progress: (8, 2.1548367336273193, {'accuracy': 0.6128, 'loss': 2.1548367336273193}, 112.40209049300756)
[92mINFO [0m:      configure_evaluate: strategy sampled 5 clients (out of 5)
[36m(ClientAppActor pid=619990)[0m 
[36m(ClientAppActor pid=619990)[0m         
[36m(ClientAppActor pid=619990)[0m [93mWARNING [0m:   DEPRECATED FEATURE: `client_fn` now expects a signature `def client_fn(context: Context)`.The provided `client_fn` has signature: {'cid': <Parameter "cid: str">}. You can import the `Context` like this: `from flwr.app import Context`[32m [repeated 10x across cluster][0m
[36m(ClientAppActor pid=619990)[0m             This is a deprecated feature. It will be removed[32m [repeated 10x across cluster][0m
[36m(ClientAppActor pid=619990)[0m             entirely in future versions of Flower.[32m [repeated 10x across cluster][0m
[36m(ClientAppActor pid=619992)[0m 
[36m(ClientAppActor pid=619992)[0m         
[36m(ClientAppActor pid=620024)[0m 
[36m(ClientAppActor pid=620024)[0m         
[36m(ClientAppActor pid=620023)[0m 
[36m(ClientAppActor pid=620023)[0m         
[36m(ClientAppActor pid=619989)[0m 
[36m(ClientAppActor pid=619989)[0m         
[92mINFO [0m:      aggregate_evaluate: received 5 results and 0 failures
[92mINFO [0m:      
[92mINFO [0m:      [ROUND 9]
[92mINFO [0m:      configure_fit: strategy sampled 5 clients (out of 5)
[36m(ClientAppActor pid=619989)[0m 
[36m(ClientAppActor pid=619989)[0m         
[36m(ClientAppActor pid=620023)[0m 
[36m(ClientAppActor pid=620023)[0m         
[36m(ClientAppActor pid=619992)[0m 
[36m(ClientAppActor pid=619992)[0m         
[36m(ClientAppActor pid=620024)[0m 
[36m(ClientAppActor pid=620024)[0m         
[36m(ClientAppActor pid=619990)[0m 
[36m(ClientAppActor pid=619990)[0m         
[92mINFO [0m:      aggregate_fit: received 5 results and 0 failures
[92mINFO [0m:      fit progress: (9, 2.427447652053833, {'accuracy': 0.5958, 'loss': 2.427447652053833}, 126.0440977520193)
[92mINFO [0m:      configure_evaluate: strategy sampled 5 clients (out of 5)
[36m(ClientAppActor pid=619989)[0m 
[36m(ClientAppActor pid=619989)[0m         
[36m(ClientAppActor pid=619989)[0m [93mWARNING [0m:   DEPRECATED FEATURE: `client_fn` now expects a signature `def client_fn(context: Context)`.The provided `client_fn` has signature: {'cid': <Parameter "cid: str">}. You can import the `Context` like this: `from flwr.app import Context`[32m [repeated 10x across cluster][0m
[36m(ClientAppActor pid=619989)[0m             This is a deprecated feature. It will be removed[32m [repeated 10x across cluster][0m
[36m(ClientAppActor pid=619989)[0m             entirely in future versions of Flower.[32m [repeated 10x across cluster][0m
[36m(ClientAppActor pid=619992)[0m 
[36m(ClientAppActor pid=619992)[0m         
[36m(ClientAppActor pid=619990)[0m 
[36m(ClientAppActor pid=619990)[0m         
[36m(ClientAppActor pid=620023)[0m 
[36m(ClientAppActor pid=620023)[0m         
[36m(ClientAppActor pid=620024)[0m 
[36m(ClientAppActor pid=620024)[0m         
[92mINFO [0m:      aggregate_evaluate: received 5 results and 0 failures
[92mINFO [0m:      
[92mINFO [0m:      [ROUND 10]
[92mINFO [0m:      configure_fit: strategy sampled 5 clients (out of 5)
[36m(ClientAppActor pid=620024)[0m 
[36m(ClientAppActor pid=620024)[0m         
[36m(ClientAppActor pid=620023)[0m 
[36m(ClientAppActor pid=620023)[0m         
[36m(ClientAppActor pid=619990)[0m 
[36m(ClientAppActor pid=619990)[0m         
[36m(ClientAppActor pid=619992)[0m 
[36m(ClientAppActor pid=619992)[0m         
[36m(ClientAppActor pid=619989)[0m 
[36m(ClientAppActor pid=619989)[0m         
[92mINFO [0m:      aggregate_fit: received 5 results and 0 failures
[92mINFO [0m:      fit progress: (10, 3.039770610809326, {'accuracy': 0.5791, 'loss': 3.039770610809326}, 139.87210518401116)
[92mINFO [0m:      configure_evaluate: strategy sampled 5 clients (out of 5)
[36m(ClientAppActor pid=619990)[0m 
[36m(ClientAppActor pid=619990)[0m         
[36m(ClientAppActor pid=619990)[0m [93mWARNING [0m:   DEPRECATED FEATURE: `client_fn` now expects a signature `def client_fn(context: Context)`.The provided `client_fn` has signature: {'cid': <Parameter "cid: str">}. You can import the `Context` like this: `from flwr.app import Context`[32m [repeated 10x across cluster][0m
[36m(ClientAppActor pid=619990)[0m             This is a deprecated feature. It will be removed[32m [repeated 10x across cluster][0m
[36m(ClientAppActor pid=619990)[0m             entirely in future versions of Flower.[32m [repeated 10x across cluster][0m
[36m(ClientAppActor pid=619989)[0m 
[36m(ClientAppActor pid=619989)[0m         
[36m(ClientAppActor pid=620024)[0m 
[36m(ClientAppActor pid=620024)[0m         
[36m(ClientAppActor pid=620023)[0m 
[36m(ClientAppActor pid=620023)[0m         
[36m(ClientAppActor pid=619992)[0m 
[36m(ClientAppActor pid=619992)[0m         
[92mINFO [0m:      aggregate_evaluate: received 5 results and 0 failures
[92mINFO [0m:      
[92mINFO [0m:      [SUMMARY]
[92mINFO [0m:      Run finished 10 round(s) in 140.76s
[92mINFO [0m:      	History (loss, distributed):
[92mINFO [0m:      		round 1: 2.287184114429458
[92mINFO [0m:      		round 2: 1.886277419127105
[92mINFO [0m:      		round 3: 2.3640212927290216
[92mINFO [0m:      		round 4: 2.4383697567974685
[92mINFO [0m:      		round 5: 3.736427329887694
[92mINFO [0m:      		round 6: 4.398195258517109
[92mINFO [0m:      		round 7: 2.529726442275392
[92mINFO [0m:      		round 8: 2.0974874810765023
[92mINFO [0m:      		round 9: 2.5133642650781356
[92mINFO [0m:      		round 10: 3.123941811557195
[92mINFO [0m:      	History (loss, centralized):
[92mINFO [0m:      		round 0: 2.3033320701599123
[92mINFO [0m:      		round 1: 2.2869247844696043
[92mINFO [0m:      		round 2: 1.8632709175109863
[92mINFO [0m:      		round 3: 2.337181064605713
[92mINFO [0m:      		round 4: 2.447729652786255
[92mINFO [0m:      		round 5: 3.7819150211334227
[92mINFO [0m:      		round 6: 4.393009275436401
[92mINFO [0m:      		round 7: 2.532983285331726
[92mINFO [0m:      		round 8: 2.1548367336273193
[92mINFO [0m:      		round 9: 2.427447652053833
[92mINFO [0m:      		round 10: 3.039770610809326
[92mINFO [0m:      	History (metrics, distributed, fit):
[92mINFO [0m:      	{'avg_flops_per_client_round': [(1, 8140805084160.0),
[92mINFO [0m:      	                                (2, 8140805084160.0),
[92mINFO [0m:      	                                (3, 8140805084160.0),
[92mINFO [0m:      	                                (4, 8140805084160.0),
[92mINFO [0m:      	                                (5, 8140805084160.0),
[92mINFO [0m:      	                                (6, 8140805084160.0),
[92mINFO [0m:      	                                (7, 8140805084160.0),
[92mINFO [0m:      	                                (8, 8140805084160.0),
[92mINFO [0m:      	                                (9, 8140805084160.0),
[92mINFO [0m:      	                                (10, 8140805084160.0)],
[92mINFO [0m:      	 'total_flops_round': [(1, 40704025420800),
[92mINFO [0m:      	                       (2, 40704025420800),
[92mINFO [0m:      	                       (3, 40704025420800),
[92mINFO [0m:      	                       (4, 40704025420800),
[92mINFO [0m:      	                       (5, 40704025420800),
[92mINFO [0m:      	                       (6, 40704025420800),
[92mINFO [0m:      	                       (7, 40704025420800),
[92mINFO [0m:      	                       (8, 40704025420800),
[92mINFO [0m:      	                       (9, 40704025420800),
[92mINFO [0m:      	                       (10, 40704025420800)]}
[92mINFO [0m:      	History (metrics, distributed, evaluate):
[92mINFO [0m:      	{'accuracy': [(1, 0.10266159695817491),
[92mINFO [0m:      	              (2, 0.35161096657994795),
[92mINFO [0m:      	              (3, 0.4228537122273364),
[92mINFO [0m:      	              (4, 0.4804882929757855),
[92mINFO [0m:      	              (5, 0.5135081048629178),
[92mINFO [0m:      	              (6, 0.5685411246748049),
[92mINFO [0m:      	              (7, 0.6317790674404643),
[92mINFO [0m:      	              (8, 0.6097658595157094),
[92mINFO [0m:      	              (9, 0.5929557734640785),
[92mINFO [0m:      	              (10, 0.5789473684210527)],
[92mINFO [0m:      	 'loss': [(1, 2.287184114429458),
[92mINFO [0m:      	          (2, 1.886277419127105),
[92mINFO [0m:      	          (3, 2.3640212927290216),
[92mINFO [0m:      	          (4, 2.4383697567974685),
[92mINFO [0m:      	          (5, 3.736427329887694),
[92mINFO [0m:      	          (6, 4.398195258517109),
[92mINFO [0m:      	          (7, 2.529726442275392),
[92mINFO [0m:      	          (8, 2.0974874810765023),
[92mINFO [0m:      	          (9, 2.5133642650781356),
[92mINFO [0m:      	          (10, 3.123941811557195)]}
[92mINFO [0m:      	History (metrics, centralized):
[92mINFO [0m:      	{'accuracy': [(0, 0.1),
[92mINFO [0m:      	              (1, 0.1002),
[92mINFO [0m:      	              (2, 0.3551),
[92mINFO [0m:      	              (3, 0.4432),
[92mINFO [0m:      	              (4, 0.4839),
[92mINFO [0m:      	              (5, 0.5048),
[92mINFO [0m:      	              (6, 0.5688),
[92mINFO [0m:      	              (7, 0.6307),
[92mINFO [0m:      	              (8, 0.6128),
[92mINFO [0m:      	              (9, 0.5958),
[92mINFO [0m:      	              (10, 0.5791)],
[92mINFO [0m:      	 'loss': [(0, 2.3033320701599123),
[92mINFO [0m:      	          (1, 2.2869247844696043),
[92mINFO [0m:      	          (2, 1.8632709175109863),
[92mINFO [0m:      	          (3, 2.337181064605713),
[92mINFO [0m:      	          (4, 2.447729652786255),
[92mINFO [0m:      	          (5, 3.7819150211334227),
[92mINFO [0m:      	          (6, 4.393009275436401),
[92mINFO [0m:      	          (7, 2.532983285331726),
[92mINFO [0m:      	          (8, 2.1548367336273193),
[92mINFO [0m:      	          (9, 2.427447652053833),
[92mINFO [0m:      	          (10, 3.039770610809326)]}
[92mINFO [0m:      
Treinando no dispositivo: cuda:0 com o dataset: CIFAR10 | Setup clientes: 5 (num_gpus por cliente=0.2) | SEED=49 | Método: FedAvgM (server_momentum=0.9, server_lr=1.0)
FLOPS por amostra (forward): 6.030e+07 | (forward+backward, 3x): 1.809e+08
Files already downloaded and verified
Files already downloaded and verified
Dividindo o dataset usando a distribuição de Dirichlet com alpha=0.1.
Iniciando a simulação de Aprendizado Federado...
=== Diagnóstico de Medição de GPU ===
  pynvml_disponivel: True
  pynvml_versao: 580.173.02
  gpus_detectadas: 1
  leitura_potencia_ok: True
  potencia_atual_W: 114.148

--- Rodada 0 - Avaliação Centralizada (Servidor) ---
Loss (Servidor): 2.3033 | Acurácia (Servidor): 0.1000

--- Rodada 1 - Avaliação Centralizada (Servidor) ---
Loss (Servidor): 2.2869 | Acurácia (Servidor): 0.1002
--- Avaliação Agregada (Clientes) ---
Loss Média (Clientes): 2.2872 | Acurácia Média (Clientes): 0.1027

--- Rodada 2 - Avaliação Centralizada (Servidor) ---
Loss (Servidor): 1.8633 | Acurácia (Servidor): 0.3551
--- Avaliação Agregada (Clientes) ---
Loss Média (Clientes): 1.8863 | Acurácia Média (Clientes): 0.3516

--- Rodada 3 - Avaliação Centralizada (Servidor) ---
Loss (Servidor): 2.3372 | Acurácia (Servidor): 0.4432
--- Avaliação Agregada (Clientes) ---
Loss Média (Clientes): 2.3640 | Acurácia Média (Clientes): 0.4229

--- Rodada 4 - Avaliação Centralizada (Servidor) ---
Loss (Servidor): 2.4477 | Acurácia (Servidor): 0.4839
--- Avaliação Agregada (Clientes) ---
Loss Média (Clientes): 2.4384 | Acurácia Média (Clientes): 0.4805

--- Rodada 5 - Avaliação Centralizada (Servidor) ---
Loss (Servidor): 3.7819 | Acurácia (Servidor): 0.5048
--- Avaliação Agregada (Clientes) ---
Loss Média (Clientes): 3.7364 | Acurácia Média (Clientes): 0.5135

--- Rodada 6 - Avaliação Centralizada (Servidor) ---
Loss (Servidor): 4.3930 | Acurácia (Servidor): 0.5688
--- Avaliação Agregada (Clientes) ---
Loss Média (Clientes): 4.3982 | Acurácia Média (Clientes): 0.5685

--- Rodada 7 - Avaliação Centralizada (Servidor) ---
Loss (Servidor): 2.5330 | Acurácia (Servidor): 0.6307
--- Avaliação Agregada (Clientes) ---
Loss Média (Clientes): 2.5297 | Acurácia Média (Clientes): 0.6318

--- Rodada 8 - Avaliação Centralizada (Servidor) ---
Loss (Servidor): 2.1548 | Acurácia (Servidor): 0.6128
--- Avaliação Agregada (Clientes) ---
Loss Média (Clientes): 2.0975 | Acurácia Média (Clientes): 0.6098

--- Rodada 9 - Avaliação Centralizada (Servidor) ---
Loss (Servidor): 2.4274 | Acurácia (Servidor): 0.5958
--- Avaliação Agregada (Clientes) ---
Loss Média (Clientes): 2.5134 | Acurácia Média (Clientes): 0.5930

--- Rodada 10 - Avaliação Centralizada (Servidor) ---
Loss (Servidor): 3.0398 | Acurácia (Servidor): 0.5791
--- Avaliação Agregada (Clientes) ---
Loss Média (Clientes): 3.1239 | Acurácia Média (Clientes): 0.5789

Resultados salvos em: /home/tiago/GitHubProjects/fedhad-thesis-2/FedAvgM-results/1.1_diagnostico_drift/CIFAR10/FedAvgM__CIFAR10__Setup-5__Clients-5__Rounds-10__Delay-0_05__Alpha-0_1__Seed-49.txt
[36m(ClientAppActor pid=619992)[0m [93mWARNING [0m:   DEPRECATED FEATURE: `client_fn` now expects a signature `def client_fn(context: Context)`.The provided `client_fn` has signature: {'cid': <Parameter "cid: str">}. You can import the `Context` like this: `from flwr.app import Context`[32m [repeated 4x across cluster][0m
[36m(ClientAppActor pid=619992)[0m             This is a deprecated feature. It will be removed[32m [repeated 4x across cluster][0m
[36m(ClientAppActor pid=619992)[0m             entirely in future versions of Flower.[32m [repeated 4x across cluster][0m
