[codecarbon WARNING @ 13:28:03] Multiple instances of codecarbon are allowed to run at the same time.
[93mWARNING [0m:   DEPRECATED FEATURE: flwr.simulation.start_simulation() is deprecated.
	Instead, use the `flwr run` CLI command to start a local simulation in your Flower app, as shown for example below:

		$ flwr new  # Create a new Flower app from a template

		$ flwr run  # Run the Flower app in Simulation Mode

	Using `start_simulation()` is deprecated.

            This is a deprecated feature. It will be removed
            entirely in future versions of Flower.
        
[92mINFO [0m:      Starting Flower simulation, config: num_rounds=10, no round_timeout
2026-09-04 13:28:12,073	INFO worker.py:2012 -- Started a local Ray instance.
/home/tiago/GitHubProjects/fedhad-thesis-2/env_flwr_pt/lib/python3.12/site-packages/ray/_private/worker.py:2051: FutureWarning: Tip: In future versions of Ray, Ray will no longer override accelerator visible devices env var if num_gpus=0 or num_gpus=None (default). To enable this behavior and turn off this error message, set RAY_ACCEL_ENV_VAR_OVERRIDE_ON_ZERO=0
  warnings.warn(
[92mINFO [0m:      Flower VCE: Ray initialized with resources: {'object_store_memory': 77745576345.0, 'node:10.129.64.100': 1.0, 'memory': 181406344807.0, 'node:__internal_head__': 1.0, 'GPU': 1.0, 'CPU': 64.0, 'accelerator_type:A40': 1.0}
[92mINFO [0m:      Optimize your simulation with Flower VCE: https://flower.ai/docs/framework/how-to-run-simulations.html
/home/tiago/GitHubProjects/fedhad-thesis-2/FedAvgM_Final.py:1669: UserWarning: No `num_cpus` specified in `client_resources`. Using `num_cpus=1` for each client.
  history = fl.simulation.start_simulation(
[92mINFO [0m:      Flower VCE: Resources for each Virtual Client: {'num_gpus': 0.2, 'num_cpus': 1}
[92mINFO [0m:      Flower VCE: Creating VirtualClientEngineActorPool with 5 actors
[92mINFO [0m:      [INIT]
[92mINFO [0m:      Using initial global parameters provided by strategy
[92mINFO [0m:      Starting evaluation of initial global parameters
[92mINFO [0m:      initial parameters (loss, other metrics): 2.3032842998504637, {'accuracy': 0.1211, 'loss': 2.3032842998504637}
[92mINFO [0m:      
[92mINFO [0m:      [ROUND 1]
[92mINFO [0m:      configure_fit: strategy sampled 5 clients (out of 5)
[36m(ClientAppActor pid=589550)[0m [93mWARNING [0m:   DEPRECATED FEATURE: `client_fn` now expects a signature `def client_fn(context: Context)`.The provided `client_fn` has signature: {'cid': <Parameter "cid: str">}. You can import the `Context` like this: `from flwr.app import Context`
[36m(ClientAppActor pid=589550)[0m 
[36m(ClientAppActor pid=589550)[0m             This is a deprecated feature. It will be removed
[36m(ClientAppActor pid=589550)[0m             entirely in future versions of Flower.
[36m(ClientAppActor pid=589550)[0m         
[36m(ClientAppActor pid=589517)[0m 
[36m(ClientAppActor pid=589517)[0m         
[36m(ClientAppActor pid=589549)[0m 
[36m(ClientAppActor pid=589549)[0m         
[36m(ClientAppActor pid=589516)[0m 
[36m(ClientAppActor pid=589516)[0m         
[36m(ClientAppActor pid=589515)[0m 
[36m(ClientAppActor pid=589515)[0m         
[92mINFO [0m:      aggregate_fit: received 5 results and 0 failures
[92mINFO [0m:      fit progress: (1, 2.2947860523223875, {'accuracy': 0.1004, 'loss': 2.2947860523223875}, 16.659512803016696)
[92mINFO [0m:      configure_evaluate: strategy sampled 5 clients (out of 5)
[36m(ClientAppActor pid=589516)[0m 
[36m(ClientAppActor pid=589516)[0m         
[36m(ClientAppActor pid=589516)[0m [93mWARNING [0m:   DEPRECATED FEATURE: `client_fn` now expects a signature `def client_fn(context: Context)`.The provided `client_fn` has signature: {'cid': <Parameter "cid: str">}. You can import the `Context` like this: `from flwr.app import Context`[32m [repeated 5x across cluster] (Ray deduplicates logs by default. Set RAY_DEDUP_LOGS=0 to disable log deduplication, or see https://docs.ray.io/en/master/ray-observability/user-guides/configure-logging.html#log-deduplication for more options.)[0m
[36m(ClientAppActor pid=589516)[0m             This is a deprecated feature. It will be removed[32m [repeated 5x across cluster][0m
[36m(ClientAppActor pid=589516)[0m             entirely in future versions of Flower.[32m [repeated 5x across cluster][0m
[36m(ClientAppActor pid=589517)[0m 
[36m(ClientAppActor pid=589517)[0m         
[36m(ClientAppActor pid=589549)[0m 
[36m(ClientAppActor pid=589549)[0m         
[36m(ClientAppActor pid=589550)[0m 
[36m(ClientAppActor pid=589550)[0m         
[36m(ClientAppActor pid=589515)[0m 
[36m(ClientAppActor pid=589515)[0m         
[92mINFO [0m:      aggregate_evaluate: received 5 results and 0 failures
[92mINFO [0m:      
[92mINFO [0m:      [ROUND 2]
[92mINFO [0m:      configure_fit: strategy sampled 5 clients (out of 5)
[36m(ClientAppActor pid=589515)[0m 
[36m(ClientAppActor pid=589515)[0m         
[36m(ClientAppActor pid=589550)[0m 
[36m(ClientAppActor pid=589550)[0m         
[36m(ClientAppActor pid=589549)[0m 
[36m(ClientAppActor pid=589549)[0m         
[36m(ClientAppActor pid=589516)[0m 
[36m(ClientAppActor pid=589516)[0m         
[36m(ClientAppActor pid=589517)[0m 
[36m(ClientAppActor pid=589517)[0m         
[92mINFO [0m:      aggregate_fit: received 5 results and 0 failures
[92mINFO [0m:      fit progress: (2, 2.3469200256347658, {'accuracy': 0.336, 'loss': 2.3469200256347658}, 31.940367725968827)
[92mINFO [0m:      configure_evaluate: strategy sampled 5 clients (out of 5)
[36m(ClientAppActor pid=589549)[0m 
[36m(ClientAppActor pid=589549)[0m         
[36m(ClientAppActor pid=589549)[0m [93mWARNING [0m:   DEPRECATED FEATURE: `client_fn` now expects a signature `def client_fn(context: Context)`.The provided `client_fn` has signature: {'cid': <Parameter "cid: str">}. You can import the `Context` like this: `from flwr.app import Context`[32m [repeated 10x across cluster][0m
[36m(ClientAppActor pid=589549)[0m             This is a deprecated feature. It will be removed[32m [repeated 10x across cluster][0m
[36m(ClientAppActor pid=589549)[0m             entirely in future versions of Flower.[32m [repeated 10x across cluster][0m
[36m(ClientAppActor pid=589517)[0m 
[36m(ClientAppActor pid=589517)[0m         
[36m(ClientAppActor pid=589550)[0m 
[36m(ClientAppActor pid=589550)[0m         
[36m(ClientAppActor pid=589516)[0m 
[36m(ClientAppActor pid=589516)[0m         
[36m(ClientAppActor pid=589515)[0m 
[36m(ClientAppActor pid=589515)[0m         
[92mINFO [0m:      aggregate_evaluate: received 5 results and 0 failures
[92mINFO [0m:      
[92mINFO [0m:      [ROUND 3]
[92mINFO [0m:      configure_fit: strategy sampled 5 clients (out of 5)
[36m(ClientAppActor pid=589515)[0m 
[36m(ClientAppActor pid=589515)[0m         
[36m(ClientAppActor pid=589516)[0m 
[36m(ClientAppActor pid=589516)[0m         
[36m(ClientAppActor pid=589550)[0m 
[36m(ClientAppActor pid=589550)[0m         
[36m(ClientAppActor pid=589517)[0m 
[36m(ClientAppActor pid=589517)[0m         
[36m(ClientAppActor pid=589549)[0m 
[36m(ClientAppActor pid=589549)[0m         
[92mINFO [0m:      aggregate_fit: received 5 results and 0 failures
[92mINFO [0m:      fit progress: (3, 3.611127838134766, {'accuracy': 0.4019, 'loss': 3.611127838134766}, 46.90133133897325)
[92mINFO [0m:      configure_evaluate: strategy sampled 5 clients (out of 5)
[36m(ClientAppActor pid=589516)[0m 
[36m(ClientAppActor pid=589516)[0m         
[36m(ClientAppActor pid=589516)[0m [93mWARNING [0m:   DEPRECATED FEATURE: `client_fn` now expects a signature `def client_fn(context: Context)`.The provided `client_fn` has signature: {'cid': <Parameter "cid: str">}. You can import the `Context` like this: `from flwr.app import Context`[32m [repeated 10x across cluster][0m
[36m(ClientAppActor pid=589516)[0m             This is a deprecated feature. It will be removed[32m [repeated 10x across cluster][0m
[36m(ClientAppActor pid=589516)[0m             entirely in future versions of Flower.[32m [repeated 10x across cluster][0m
[36m(ClientAppActor pid=589515)[0m 
[36m(ClientAppActor pid=589515)[0m         
[36m(ClientAppActor pid=589549)[0m 
[36m(ClientAppActor pid=589549)[0m         
[36m(ClientAppActor pid=589550)[0m 
[36m(ClientAppActor pid=589550)[0m         
[36m(ClientAppActor pid=589517)[0m 
[36m(ClientAppActor pid=589517)[0m         
[92mINFO [0m:      aggregate_evaluate: received 5 results and 0 failures
[92mINFO [0m:      
[92mINFO [0m:      [ROUND 4]
[92mINFO [0m:      configure_fit: strategy sampled 5 clients (out of 5)
[36m(ClientAppActor pid=589517)[0m 
[36m(ClientAppActor pid=589517)[0m         
[36m(ClientAppActor pid=589550)[0m 
[36m(ClientAppActor pid=589550)[0m         
[36m(ClientAppActor pid=589549)[0m 
[36m(ClientAppActor pid=589549)[0m         
[36m(ClientAppActor pid=589515)[0m 
[36m(ClientAppActor pid=589515)[0m         
[36m(ClientAppActor pid=589516)[0m 
[36m(ClientAppActor pid=589516)[0m         
[92mINFO [0m:      aggregate_fit: received 5 results and 0 failures
[92mINFO [0m:      fit progress: (4, 2.8968098472595214, {'accuracy': 0.4512, 'loss': 2.8968098472595214}, 62.38600734999636)
[92mINFO [0m:      configure_evaluate: strategy sampled 5 clients (out of 5)
[36m(ClientAppActor pid=589516)[0m 
[36m(ClientAppActor pid=589516)[0m         
[36m(ClientAppActor pid=589516)[0m [93mWARNING [0m:   DEPRECATED FEATURE: `client_fn` now expects a signature `def client_fn(context: Context)`.The provided `client_fn` has signature: {'cid': <Parameter "cid: str">}. You can import the `Context` like this: `from flwr.app import Context`[32m [repeated 10x across cluster][0m
[36m(ClientAppActor pid=589516)[0m             This is a deprecated feature. It will be removed[32m [repeated 10x across cluster][0m
[36m(ClientAppActor pid=589516)[0m             entirely in future versions of Flower.[32m [repeated 10x across cluster][0m
[36m(ClientAppActor pid=589515)[0m 
[36m(ClientAppActor pid=589515)[0m         
[36m(ClientAppActor pid=589550)[0m 
[36m(ClientAppActor pid=589550)[0m         
[36m(ClientAppActor pid=589517)[0m 
[36m(ClientAppActor pid=589517)[0m         
[36m(ClientAppActor pid=589549)[0m 
[36m(ClientAppActor pid=589549)[0m         
[92mINFO [0m:      aggregate_evaluate: received 5 results and 0 failures
[92mINFO [0m:      
[92mINFO [0m:      [ROUND 5]
[92mINFO [0m:      configure_fit: strategy sampled 5 clients (out of 5)
[36m(ClientAppActor pid=589549)[0m 
[36m(ClientAppActor pid=589549)[0m         
[36m(ClientAppActor pid=589550)[0m 
[36m(ClientAppActor pid=589550)[0m         
[36m(ClientAppActor pid=589517)[0m 
[36m(ClientAppActor pid=589517)[0m         
[36m(ClientAppActor pid=589515)[0m 
[36m(ClientAppActor pid=589515)[0m         
[36m(ClientAppActor pid=589516)[0m 
[36m(ClientAppActor pid=589516)[0m         
[92mINFO [0m:      aggregate_fit: received 5 results and 0 failures
[92mINFO [0m:      fit progress: (5, 3.2101958251953127, {'accuracy': 0.5309, 'loss': 3.2101958251953127}, 77.46171860198956)
[92mINFO [0m:      configure_evaluate: strategy sampled 5 clients (out of 5)
[36m(ClientAppActor pid=589515)[0m 
[36m(ClientAppActor pid=589515)[0m         
[36m(ClientAppActor pid=589515)[0m [93mWARNING [0m:   DEPRECATED FEATURE: `client_fn` now expects a signature `def client_fn(context: Context)`.The provided `client_fn` has signature: {'cid': <Parameter "cid: str">}. You can import the `Context` like this: `from flwr.app import Context`[32m [repeated 10x across cluster][0m
[36m(ClientAppActor pid=589515)[0m             This is a deprecated feature. It will be removed[32m [repeated 10x across cluster][0m
[36m(ClientAppActor pid=589515)[0m             entirely in future versions of Flower.[32m [repeated 10x across cluster][0m
[36m(ClientAppActor pid=589549)[0m 
[36m(ClientAppActor pid=589549)[0m         
[36m(ClientAppActor pid=589517)[0m 
[36m(ClientAppActor pid=589517)[0m         
[36m(ClientAppActor pid=589550)[0m 
[36m(ClientAppActor pid=589550)[0m         
[36m(ClientAppActor pid=589516)[0m 
[36m(ClientAppActor pid=589516)[0m         
[92mINFO [0m:      aggregate_evaluate: received 5 results and 0 failures
[92mINFO [0m:      
[92mINFO [0m:      [ROUND 6]
[92mINFO [0m:      configure_fit: strategy sampled 5 clients (out of 5)
[36m(ClientAppActor pid=589516)[0m 
[36m(ClientAppActor pid=589516)[0m         
[36m(ClientAppActor pid=589550)[0m 
[36m(ClientAppActor pid=589550)[0m         
[36m(ClientAppActor pid=589549)[0m 
[36m(ClientAppActor pid=589549)[0m         
[36m(ClientAppActor pid=589517)[0m 
[36m(ClientAppActor pid=589517)[0m         
[36m(ClientAppActor pid=589515)[0m 
[36m(ClientAppActor pid=589515)[0m         
[92mINFO [0m:      aggregate_fit: received 5 results and 0 failures
[92mINFO [0m:      fit progress: (6, 3.702613872909546, {'accuracy': 0.5527, 'loss': 3.702613872909546}, 92.65119853196666)
[92mINFO [0m:      configure_evaluate: strategy sampled 5 clients (out of 5)
[36m(ClientAppActor pid=589517)[0m 
[36m(ClientAppActor pid=589517)[0m         
[36m(ClientAppActor pid=589517)[0m [93mWARNING [0m:   DEPRECATED FEATURE: `client_fn` now expects a signature `def client_fn(context: Context)`.The provided `client_fn` has signature: {'cid': <Parameter "cid: str">}. You can import the `Context` like this: `from flwr.app import Context`[32m [repeated 10x across cluster][0m
[36m(ClientAppActor pid=589517)[0m             This is a deprecated feature. It will be removed[32m [repeated 10x across cluster][0m
[36m(ClientAppActor pid=589517)[0m             entirely in future versions of Flower.[32m [repeated 10x across cluster][0m
[36m(ClientAppActor pid=589549)[0m 
[36m(ClientAppActor pid=589549)[0m         
[36m(ClientAppActor pid=589550)[0m 
[36m(ClientAppActor pid=589550)[0m         
[36m(ClientAppActor pid=589515)[0m 
[36m(ClientAppActor pid=589515)[0m         
[36m(ClientAppActor pid=589516)[0m 
[36m(ClientAppActor pid=589516)[0m         
[92mINFO [0m:      aggregate_evaluate: received 5 results and 0 failures
[92mINFO [0m:      
[92mINFO [0m:      [ROUND 7]
[92mINFO [0m:      configure_fit: strategy sampled 5 clients (out of 5)
[36m(ClientAppActor pid=589516)[0m 
[36m(ClientAppActor pid=589516)[0m         
[36m(ClientAppActor pid=589515)[0m 
[36m(ClientAppActor pid=589515)[0m         
[36m(ClientAppActor pid=589550)[0m 
[36m(ClientAppActor pid=589550)[0m         
[36m(ClientAppActor pid=589549)[0m 
[36m(ClientAppActor pid=589549)[0m         
[36m(ClientAppActor pid=589517)[0m 
[36m(ClientAppActor pid=589517)[0m         
[92mINFO [0m:      aggregate_fit: received 5 results and 0 failures
[92mINFO [0m:      fit progress: (7, 3.1100497386932373, {'accuracy': 0.5277, 'loss': 3.1100497386932373}, 107.96157061797567)
[92mINFO [0m:      configure_evaluate: strategy sampled 5 clients (out of 5)
[36m(ClientAppActor pid=589549)[0m 
[36m(ClientAppActor pid=589549)[0m         
[36m(ClientAppActor pid=589549)[0m [93mWARNING [0m:   DEPRECATED FEATURE: `client_fn` now expects a signature `def client_fn(context: Context)`.The provided `client_fn` has signature: {'cid': <Parameter "cid: str">}. You can import the `Context` like this: `from flwr.app import Context`[32m [repeated 10x across cluster][0m
[36m(ClientAppActor pid=589549)[0m             This is a deprecated feature. It will be removed[32m [repeated 10x across cluster][0m
[36m(ClientAppActor pid=589549)[0m             entirely in future versions of Flower.[32m [repeated 10x across cluster][0m
[36m(ClientAppActor pid=589515)[0m 
[36m(ClientAppActor pid=589515)[0m         
[36m(ClientAppActor pid=589517)[0m 
[36m(ClientAppActor pid=589517)[0m         
[36m(ClientAppActor pid=589550)[0m 
[36m(ClientAppActor pid=589550)[0m         
[36m(ClientAppActor pid=589516)[0m 
[36m(ClientAppActor pid=589516)[0m         
[92mINFO [0m:      aggregate_evaluate: received 5 results and 0 failures
[92mINFO [0m:      
[92mINFO [0m:      [ROUND 8]
[92mINFO [0m:      configure_fit: strategy sampled 5 clients (out of 5)
[36m(ClientAppActor pid=589550)[0m 
[36m(ClientAppActor pid=589550)[0m         
[36m(ClientAppActor pid=589516)[0m 
[36m(ClientAppActor pid=589516)[0m         
[36m(ClientAppActor pid=589515)[0m 
[36m(ClientAppActor pid=589515)[0m         
[36m(ClientAppActor pid=589517)[0m 
[36m(ClientAppActor pid=589517)[0m         
[36m(ClientAppActor pid=589549)[0m 
[36m(ClientAppActor pid=589549)[0m         
[92mINFO [0m:      aggregate_fit: received 5 results and 0 failures
[92mINFO [0m:      fit progress: (8, 2.0557614402770996, {'accuracy': 0.5179, 'loss': 2.0557614402770996}, 122.94244597101351)
[92mINFO [0m:      configure_evaluate: strategy sampled 5 clients (out of 5)
[36m(ClientAppActor pid=589516)[0m 
[36m(ClientAppActor pid=589516)[0m         
[36m(ClientAppActor pid=589516)[0m [93mWARNING [0m:   DEPRECATED FEATURE: `client_fn` now expects a signature `def client_fn(context: Context)`.The provided `client_fn` has signature: {'cid': <Parameter "cid: str">}. You can import the `Context` like this: `from flwr.app import Context`[32m [repeated 10x across cluster][0m
[36m(ClientAppActor pid=589516)[0m             This is a deprecated feature. It will be removed[32m [repeated 10x across cluster][0m
[36m(ClientAppActor pid=589516)[0m             entirely in future versions of Flower.[32m [repeated 10x across cluster][0m
[36m(ClientAppActor pid=589517)[0m 
[36m(ClientAppActor pid=589517)[0m         
[36m(ClientAppActor pid=589515)[0m 
[36m(ClientAppActor pid=589515)[0m         
[36m(ClientAppActor pid=589550)[0m 
[36m(ClientAppActor pid=589550)[0m         
[36m(ClientAppActor pid=589549)[0m 
[36m(ClientAppActor pid=589549)[0m         
[92mINFO [0m:      aggregate_evaluate: received 5 results and 0 failures
[92mINFO [0m:      
[92mINFO [0m:      [ROUND 9]
[92mINFO [0m:      configure_fit: strategy sampled 5 clients (out of 5)
[36m(ClientAppActor pid=589549)[0m 
[36m(ClientAppActor pid=589549)[0m         
[36m(ClientAppActor pid=589550)[0m 
[36m(ClientAppActor pid=589550)[0m         
[36m(ClientAppActor pid=589515)[0m 
[36m(ClientAppActor pid=589515)[0m         
[36m(ClientAppActor pid=589516)[0m 
[36m(ClientAppActor pid=589516)[0m         
[36m(ClientAppActor pid=589517)[0m 
[36m(ClientAppActor pid=589517)[0m         
[92mINFO [0m:      aggregate_fit: received 5 results and 0 failures
[92mINFO [0m:      fit progress: (9, 2.197228338241577, {'accuracy': 0.5125, 'loss': 2.197228338241577}, 138.31694272399182)
[92mINFO [0m:      configure_evaluate: strategy sampled 5 clients (out of 5)
[36m(ClientAppActor pid=589516)[0m 
[36m(ClientAppActor pid=589516)[0m         
[36m(ClientAppActor pid=589516)[0m [93mWARNING [0m:   DEPRECATED FEATURE: `client_fn` now expects a signature `def client_fn(context: Context)`.The provided `client_fn` has signature: {'cid': <Parameter "cid: str">}. You can import the `Context` like this: `from flwr.app import Context`[32m [repeated 10x across cluster][0m
[36m(ClientAppActor pid=589516)[0m             This is a deprecated feature. It will be removed[32m [repeated 10x across cluster][0m
[36m(ClientAppActor pid=589516)[0m             entirely in future versions of Flower.[32m [repeated 10x across cluster][0m
[36m(ClientAppActor pid=589515)[0m 
[36m(ClientAppActor pid=589515)[0m         
[36m(ClientAppActor pid=589549)[0m 
[36m(ClientAppActor pid=589549)[0m         
[36m(ClientAppActor pid=589550)[0m 
[36m(ClientAppActor pid=589550)[0m         
[36m(ClientAppActor pid=589517)[0m 
[36m(ClientAppActor pid=589517)[0m         
[92mINFO [0m:      aggregate_evaluate: received 5 results and 0 failures
[92mINFO [0m:      
[92mINFO [0m:      [ROUND 10]
[92mINFO [0m:      configure_fit: strategy sampled 5 clients (out of 5)
[36m(ClientAppActor pid=589517)[0m 
[36m(ClientAppActor pid=589517)[0m         
[36m(ClientAppActor pid=589550)[0m 
[36m(ClientAppActor pid=589550)[0m         
[36m(ClientAppActor pid=589549)[0m 
[36m(ClientAppActor pid=589549)[0m         
[36m(ClientAppActor pid=589516)[0m 
[36m(ClientAppActor pid=589516)[0m         
[36m(ClientAppActor pid=589515)[0m 
[36m(ClientAppActor pid=589515)[0m         
[92mINFO [0m:      aggregate_fit: received 5 results and 0 failures
[92mINFO [0m:      fit progress: (10, 3.0257638427734377, {'accuracy': 0.5489, 'loss': 3.0257638427734377}, 153.45008964498993)
[92mINFO [0m:      configure_evaluate: strategy sampled 5 clients (out of 5)
[36m(ClientAppActor pid=589517)[0m 
[36m(ClientAppActor pid=589517)[0m         
[36m(ClientAppActor pid=589517)[0m [93mWARNING [0m:   DEPRECATED FEATURE: `client_fn` now expects a signature `def client_fn(context: Context)`.The provided `client_fn` has signature: {'cid': <Parameter "cid: str">}. You can import the `Context` like this: `from flwr.app import Context`[32m [repeated 10x across cluster][0m
[36m(ClientAppActor pid=589517)[0m             This is a deprecated feature. It will be removed[32m [repeated 10x across cluster][0m
[36m(ClientAppActor pid=589517)[0m             entirely in future versions of Flower.[32m [repeated 10x across cluster][0m
[36m(ClientAppActor pid=589549)[0m 
[36m(ClientAppActor pid=589549)[0m         
[36m(ClientAppActor pid=589515)[0m 
[36m(ClientAppActor pid=589515)[0m         
[36m(ClientAppActor pid=589516)[0m 
[36m(ClientAppActor pid=589516)[0m         
[36m(ClientAppActor pid=589550)[0m 
[36m(ClientAppActor pid=589550)[0m         
[92mINFO [0m:      aggregate_evaluate: received 5 results and 0 failures
[92mINFO [0m:      
[92mINFO [0m:      [SUMMARY]
[92mINFO [0m:      Run finished 10 round(s) in 154.16s
[92mINFO [0m:      	History (loss, distributed):
[92mINFO [0m:      		round 1: 2.2903474850290153
[92mINFO [0m:      		round 2: 2.334555651102604
[92mINFO [0m:      		round 3: 3.653446373151464
[92mINFO [0m:      		round 4: 2.9997204485393705
[92mINFO [0m:      		round 5: 3.335348150881828
[92mINFO [0m:      		round 6: 3.7075810736777925
[92mINFO [0m:      		round 7: 3.0265846694646332
[92mINFO [0m:      		round 8: 1.987847214748784
[92mINFO [0m:      		round 9: 2.0808436488475546
[92mINFO [0m:      		round 10: 2.9719624778255076
[92mINFO [0m:      	History (loss, centralized):
[92mINFO [0m:      		round 0: 2.3032842998504637
[92mINFO [0m:      		round 1: 2.2947860523223875
[92mINFO [0m:      		round 2: 2.3469200256347658
[92mINFO [0m:      		round 3: 3.611127838134766
[92mINFO [0m:      		round 4: 2.8968098472595214
[92mINFO [0m:      		round 5: 3.2101958251953127
[92mINFO [0m:      		round 6: 3.702613872909546
[92mINFO [0m:      		round 7: 3.1100497386932373
[92mINFO [0m:      		round 8: 2.0557614402770996
[92mINFO [0m:      		round 9: 2.197228338241577
[92mINFO [0m:      		round 10: 3.0257638427734377
[92mINFO [0m:      	History (metrics, distributed, fit):
[92mINFO [0m:      	{'avg_flops_per_client_round': [(1, 8140624189440.0),
[92mINFO [0m:      	                                (2, 8140624189440.0),
[92mINFO [0m:      	                                (3, 8140624189440.0),
[92mINFO [0m:      	                                (4, 8140624189440.0),
[92mINFO [0m:      	                                (5, 8140624189440.0),
[92mINFO [0m:      	                                (6, 8140624189440.0),
[92mINFO [0m:      	                                (7, 8140624189440.0),
[92mINFO [0m:      	                                (8, 8140624189440.0),
[92mINFO [0m:      	                                (9, 8140624189440.0),
[92mINFO [0m:      	                                (10, 8140624189440.0)],
[92mINFO [0m:      	 'total_flops_round': [(1, 40703120947200),
[92mINFO [0m:      	                       (2, 40703120947200),
[92mINFO [0m:      	                       (3, 40703120947200),
[92mINFO [0m:      	                       (4, 40703120947200),
[92mINFO [0m:      	                       (5, 40703120947200),
[92mINFO [0m:      	                       (6, 40703120947200),
[92mINFO [0m:      	                       (7, 40703120947200),
[92mINFO [0m:      	                       (8, 40703120947200),
[92mINFO [0m:      	                       (9, 40703120947200),
[92mINFO [0m:      	                       (10, 40703120947200)]}
[92mINFO [0m:      	History (metrics, distributed, evaluate):
[92mINFO [0m:      	{'accuracy': [(1, 0.10764305722288915),
[92mINFO [0m:      	              (2, 0.34793917567026816),
[92mINFO [0m:      	              (3, 0.39575830332132855),
[92mINFO [0m:      	              (4, 0.44657863145258103),
[92mINFO [0m:      	              (5, 0.5186074429771909),
[92mINFO [0m:      	              (6, 0.5516206482593037),
[92mINFO [0m:      	              (7, 0.5352140856342537),
[92mINFO [0m:      	              (8, 0.521608643457383),
[92mINFO [0m:      	              (9, 0.5230092036814726),
[92mINFO [0m:      	              (10, 0.5526210484193678)],
[92mINFO [0m:      	 'loss': [(1, 2.2903474850290153),
[92mINFO [0m:      	          (2, 2.334555651102604),
[92mINFO [0m:      	          (3, 3.653446373151464),
[92mINFO [0m:      	          (4, 2.9997204485393705),
[92mINFO [0m:      	          (5, 3.335348150881828),
[92mINFO [0m:      	          (6, 3.7075810736777925),
[92mINFO [0m:      	          (7, 3.0265846694646332),
[92mINFO [0m:      	          (8, 1.987847214748784),
[92mINFO [0m:      	          (9, 2.0808436488475546),
[92mINFO [0m:      	          (10, 2.9719624778255076)]}
[92mINFO [0m:      	History (metrics, centralized):
[92mINFO [0m:      	{'accuracy': [(0, 0.1211),
[92mINFO [0m:      	              (1, 0.1004),
[92mINFO [0m:      	              (2, 0.336),
[92mINFO [0m:      	              (3, 0.4019),
[92mINFO [0m:      	              (4, 0.4512),
[92mINFO [0m:      	              (5, 0.5309),
[92mINFO [0m:      	              (6, 0.5527),
[92mINFO [0m:      	              (7, 0.5277),
[92mINFO [0m:      	              (8, 0.5179),
[92mINFO [0m:      	              (9, 0.5125),
[92mINFO [0m:      	              (10, 0.5489)],
[92mINFO [0m:      	 'loss': [(0, 2.3032842998504637),
[92mINFO [0m:      	          (1, 2.2947860523223875),
[92mINFO [0m:      	          (2, 2.3469200256347658),
[92mINFO [0m:      	          (3, 3.611127838134766),
[92mINFO [0m:      	          (4, 2.8968098472595214),
[92mINFO [0m:      	          (5, 3.2101958251953127),
[92mINFO [0m:      	          (6, 3.702613872909546),
[92mINFO [0m:      	          (7, 3.1100497386932373),
[92mINFO [0m:      	          (8, 2.0557614402770996),
[92mINFO [0m:      	          (9, 2.197228338241577),
[92mINFO [0m:      	          (10, 3.0257638427734377)]}
[92mINFO [0m:      
Treinando no dispositivo: cuda:0 com o dataset: CIFAR10 | Setup clientes: 5 (num_gpus por cliente=0.2) | SEED=45 | Método: FedAvgM (server_momentum=0.9, server_lr=1.0)
FLOPS por amostra (forward): 6.030e+07 | (forward+backward, 3x): 1.809e+08
Files already downloaded and verified
Files already downloaded and verified
Dividindo o dataset usando a distribuição de Dirichlet com alpha=0.1.
Iniciando a simulação de Aprendizado Federado...
=== Diagnóstico de Medição de GPU ===
  pynvml_disponivel: True
  pynvml_versao: 580.173.02
  gpus_detectadas: 1
  leitura_potencia_ok: True
  potencia_atual_W: 115.257

--- Rodada 0 - Avaliação Centralizada (Servidor) ---
Loss (Servidor): 2.3033 | Acurácia (Servidor): 0.1211

--- Rodada 1 - Avaliação Centralizada (Servidor) ---
Loss (Servidor): 2.2948 | Acurácia (Servidor): 0.1004
--- Avaliação Agregada (Clientes) ---
Loss Média (Clientes): 2.2903 | Acurácia Média (Clientes): 0.1076

--- Rodada 2 - Avaliação Centralizada (Servidor) ---
Loss (Servidor): 2.3469 | Acurácia (Servidor): 0.3360
--- Avaliação Agregada (Clientes) ---
Loss Média (Clientes): 2.3346 | Acurácia Média (Clientes): 0.3479

--- Rodada 3 - Avaliação Centralizada (Servidor) ---
Loss (Servidor): 3.6111 | Acurácia (Servidor): 0.4019
--- Avaliação Agregada (Clientes) ---
Loss Média (Clientes): 3.6534 | Acurácia Média (Clientes): 0.3958

--- Rodada 4 - Avaliação Centralizada (Servidor) ---
Loss (Servidor): 2.8968 | Acurácia (Servidor): 0.4512
--- Avaliação Agregada (Clientes) ---
Loss Média (Clientes): 2.9997 | Acurácia Média (Clientes): 0.4466

--- Rodada 5 - Avaliação Centralizada (Servidor) ---
Loss (Servidor): 3.2102 | Acurácia (Servidor): 0.5309
--- Avaliação Agregada (Clientes) ---
Loss Média (Clientes): 3.3353 | Acurácia Média (Clientes): 0.5186

--- Rodada 6 - Avaliação Centralizada (Servidor) ---
Loss (Servidor): 3.7026 | Acurácia (Servidor): 0.5527
--- Avaliação Agregada (Clientes) ---
Loss Média (Clientes): 3.7076 | Acurácia Média (Clientes): 0.5516

--- Rodada 7 - Avaliação Centralizada (Servidor) ---
Loss (Servidor): 3.1100 | Acurácia (Servidor): 0.5277
--- Avaliação Agregada (Clientes) ---
Loss Média (Clientes): 3.0266 | Acurácia Média (Clientes): 0.5352

--- Rodada 8 - Avaliação Centralizada (Servidor) ---
Loss (Servidor): 2.0558 | Acurácia (Servidor): 0.5179
--- Avaliação Agregada (Clientes) ---
Loss Média (Clientes): 1.9878 | Acurácia Média (Clientes): 0.5216

--- Rodada 9 - Avaliação Centralizada (Servidor) ---
Loss (Servidor): 2.1972 | Acurácia (Servidor): 0.5125
--- Avaliação Agregada (Clientes) ---
Loss Média (Clientes): 2.0808 | Acurácia Média (Clientes): 0.5230

--- Rodada 10 - Avaliação Centralizada (Servidor) ---
Loss (Servidor): 3.0258 | Acurácia (Servidor): 0.5489
--- Avaliação Agregada (Clientes) ---
Loss Média (Clientes): 2.9720 | Acurácia Média (Clientes): 0.5526

Resultados salvos em: /home/tiago/GitHubProjects/fedhad-thesis-2/FedAvgM-results/1.1_diagnostico_drift/CIFAR10/FedAvgM__CIFAR10__Setup-5__Clients-5__Rounds-10__Delay-0_05__Alpha-0_1__Seed-45.txt
[36m(ClientAppActor pid=589550)[0m [93mWARNING [0m:   DEPRECATED FEATURE: `client_fn` now expects a signature `def client_fn(context: Context)`.The provided `client_fn` has signature: {'cid': <Parameter "cid: str">}. You can import the `Context` like this: `from flwr.app import Context`[32m [repeated 4x across cluster][0m
[36m(ClientAppActor pid=589550)[0m             This is a deprecated feature. It will be removed[32m [repeated 4x across cluster][0m
[36m(ClientAppActor pid=589550)[0m             entirely in future versions of Flower.[32m [repeated 4x across cluster][0m
