[codecarbon WARNING @ 12:37:03] Multiple instances of codecarbon are allowed to run at the same time.
[93mWARNING [0m:   DEPRECATED FEATURE: flwr.simulation.start_simulation() is deprecated.
	Instead, use the `flwr run` CLI command to start a local simulation in your Flower app, as shown for example below:

		$ flwr new  # Create a new Flower app from a template

		$ flwr run  # Run the Flower app in Simulation Mode

	Using `start_simulation()` is deprecated.

            This is a deprecated feature. It will be removed
            entirely in future versions of Flower.
        
[92mINFO [0m:      Starting Flower simulation, config: num_rounds=10, no round_timeout
2026-09-04 12:37:11,734	INFO worker.py:2012 -- Started a local Ray instance.
/home/tiago/GitHubProjects/fedhad-thesis-2/env_flwr_pt/lib/python3.12/site-packages/ray/_private/worker.py:2051: FutureWarning: Tip: In future versions of Ray, Ray will no longer override accelerator visible devices env var if num_gpus=0 or num_gpus=None (default). To enable this behavior and turn off this error message, set RAY_ACCEL_ENV_VAR_OVERRIDE_ON_ZERO=0
  warnings.warn(
[92mINFO [0m:      Flower VCE: Ray initialized with resources: {'CPU': 64.0, 'memory': 181442187674.0, 'GPU': 1.0, 'node:10.129.64.100': 1.0, 'node:__internal_head__': 1.0, 'accelerator_type:A40': 1.0, 'object_store_memory': 77760937574.0}
[92mINFO [0m:      Optimize your simulation with Flower VCE: https://flower.ai/docs/framework/how-to-run-simulations.html
/home/tiago/GitHubProjects/fedhad-thesis-2/FedAVG_Final.py:1577: UserWarning: No `num_cpus` specified in `client_resources`. Using `num_cpus=1` for each client.
  history = fl.simulation.start_simulation(
[92mINFO [0m:      Flower VCE: Resources for each Virtual Client: {'num_gpus': 0.2, 'num_cpus': 1}
[92mINFO [0m:      Flower VCE: Creating VirtualClientEngineActorPool with 5 actors
[92mINFO [0m:      [INIT]
[92mINFO [0m:      Requesting initial parameters from one random client
[36m(ClientAppActor pid=454238)[0m [93mWARNING [0m:   DEPRECATED FEATURE: `client_fn` now expects a signature `def client_fn(context: Context)`.The provided `client_fn` has signature: {'cid': <Parameter "cid: str">}. You can import the `Context` like this: `from flwr.app import Context`
[36m(ClientAppActor pid=454238)[0m 
[36m(ClientAppActor pid=454238)[0m             This is a deprecated feature. It will be removed
[36m(ClientAppActor pid=454238)[0m             entirely in future versions of Flower.
[36m(ClientAppActor pid=454238)[0m         
[92mINFO [0m:      Received initial parameters from one random client
[92mINFO [0m:      Starting evaluation of initial global parameters
[92mINFO [0m:      initial parameters (loss, other metrics): 2.303225302505493, {'accuracy': 0.1, 'loss': 2.303225302505493}
[92mINFO [0m:      
[92mINFO [0m:      [ROUND 1]
[92mINFO [0m:      configure_fit: strategy sampled 5 clients (out of 5)
[36m(ClientAppActor pid=454238)[0m [93mWARNING [0m:   DEPRECATED FEATURE: `client_fn` now expects a signature `def client_fn(context: Context)`.The provided `client_fn` has signature: {'cid': <Parameter "cid: str">}. You can import the `Context` like this: `from flwr.app import Context`
[36m(ClientAppActor pid=454238)[0m 
[36m(ClientAppActor pid=454238)[0m             This is a deprecated feature. It will be removed
[36m(ClientAppActor pid=454238)[0m             entirely in future versions of Flower.
[36m(ClientAppActor pid=454238)[0m         
[36m(ClientAppActor pid=454236)[0m 
[36m(ClientAppActor pid=454236)[0m         
[36m(ClientAppActor pid=454239)[0m 
[36m(ClientAppActor pid=454239)[0m         
[36m(ClientAppActor pid=454237)[0m 
[36m(ClientAppActor pid=454237)[0m         
[36m(ClientAppActor pid=454235)[0m 
[36m(ClientAppActor pid=454235)[0m         
[92mINFO [0m:      aggregate_fit: received 5 results and 0 failures
[92mINFO [0m:      fit progress: (1, 2.432952833557129, {'accuracy': 0.1381, 'loss': 2.432952833557129}, 18.27225570898736)
[92mINFO [0m:      configure_evaluate: strategy sampled 5 clients (out of 5)
[36m(ClientAppActor pid=454239)[0m 
[36m(ClientAppActor pid=454239)[0m         
[36m(ClientAppActor pid=454239)[0m [93mWARNING [0m:   DEPRECATED FEATURE: `client_fn` now expects a signature `def client_fn(context: Context)`.The provided `client_fn` has signature: {'cid': <Parameter "cid: str">}. You can import the `Context` like this: `from flwr.app import Context`[32m [repeated 5x across cluster] (Ray deduplicates logs by default. Set RAY_DEDUP_LOGS=0 to disable log deduplication, or see https://docs.ray.io/en/master/ray-observability/user-guides/configure-logging.html#log-deduplication for more options.)[0m
[36m(ClientAppActor pid=454239)[0m             This is a deprecated feature. It will be removed[32m [repeated 5x across cluster][0m
[36m(ClientAppActor pid=454239)[0m             entirely in future versions of Flower.[32m [repeated 5x across cluster][0m
[36m(ClientAppActor pid=454237)[0m 
[36m(ClientAppActor pid=454237)[0m         
[36m(ClientAppActor pid=454235)[0m 
[36m(ClientAppActor pid=454235)[0m         
[36m(ClientAppActor pid=454238)[0m 
[36m(ClientAppActor pid=454238)[0m         
[36m(ClientAppActor pid=454236)[0m 
[36m(ClientAppActor pid=454236)[0m         
[92mINFO [0m:      aggregate_evaluate: received 5 results and 0 failures
[92mINFO [0m:      
[92mINFO [0m:      [ROUND 2]
[92mINFO [0m:      configure_fit: strategy sampled 5 clients (out of 5)
[36m(ClientAppActor pid=454236)[0m 
[36m(ClientAppActor pid=454236)[0m         
[36m(ClientAppActor pid=454235)[0m 
[36m(ClientAppActor pid=454235)[0m         
[36m(ClientAppActor pid=454238)[0m 
[36m(ClientAppActor pid=454238)[0m         
[36m(ClientAppActor pid=454237)[0m 
[36m(ClientAppActor pid=454237)[0m         
[36m(ClientAppActor pid=454239)[0m 
[36m(ClientAppActor pid=454239)[0m         
[92mINFO [0m:      aggregate_fit: received 5 results and 0 failures
[92mINFO [0m:      fit progress: (2, 2.1013177448272704, {'accuracy': 0.2953, 'loss': 2.1013177448272704}, 35.23702905600658)
[92mINFO [0m:      configure_evaluate: strategy sampled 5 clients (out of 5)
[36m(ClientAppActor pid=454237)[0m 
[36m(ClientAppActor pid=454237)[0m         
[36m(ClientAppActor pid=454237)[0m [93mWARNING [0m:   DEPRECATED FEATURE: `client_fn` now expects a signature `def client_fn(context: Context)`.The provided `client_fn` has signature: {'cid': <Parameter "cid: str">}. You can import the `Context` like this: `from flwr.app import Context`[32m [repeated 10x across cluster][0m
[36m(ClientAppActor pid=454237)[0m             This is a deprecated feature. It will be removed[32m [repeated 10x across cluster][0m
[36m(ClientAppActor pid=454237)[0m             entirely in future versions of Flower.[32m [repeated 10x across cluster][0m
[36m(ClientAppActor pid=454236)[0m 
[36m(ClientAppActor pid=454236)[0m         
[36m(ClientAppActor pid=454239)[0m 
[36m(ClientAppActor pid=454239)[0m         
[36m(ClientAppActor pid=454235)[0m 
[36m(ClientAppActor pid=454235)[0m         
[36m(ClientAppActor pid=454238)[0m 
[36m(ClientAppActor pid=454238)[0m         
[92mINFO [0m:      aggregate_evaluate: received 5 results and 0 failures
[92mINFO [0m:      
[92mINFO [0m:      [ROUND 3]
[92mINFO [0m:      configure_fit: strategy sampled 5 clients (out of 5)
[36m(ClientAppActor pid=454238)[0m 
[36m(ClientAppActor pid=454238)[0m         
[36m(ClientAppActor pid=454235)[0m 
[36m(ClientAppActor pid=454235)[0m         
[36m(ClientAppActor pid=454236)[0m 
[36m(ClientAppActor pid=454236)[0m         
[36m(ClientAppActor pid=454239)[0m 
[36m(ClientAppActor pid=454239)[0m         
[36m(ClientAppActor pid=454237)[0m 
[36m(ClientAppActor pid=454237)[0m         
[92mINFO [0m:      aggregate_fit: received 5 results and 0 failures
[92mINFO [0m:      fit progress: (3, 1.8732963745117188, {'accuracy': 0.3838, 'loss': 1.8732963745117188}, 52.198143718007486)
[92mINFO [0m:      configure_evaluate: strategy sampled 5 clients (out of 5)
[36m(ClientAppActor pid=454239)[0m 
[36m(ClientAppActor pid=454239)[0m         
[36m(ClientAppActor pid=454239)[0m [93mWARNING [0m:   DEPRECATED FEATURE: `client_fn` now expects a signature `def client_fn(context: Context)`.The provided `client_fn` has signature: {'cid': <Parameter "cid: str">}. You can import the `Context` like this: `from flwr.app import Context`[32m [repeated 10x across cluster][0m
[36m(ClientAppActor pid=454239)[0m             This is a deprecated feature. It will be removed[32m [repeated 10x across cluster][0m
[36m(ClientAppActor pid=454239)[0m             entirely in future versions of Flower.[32m [repeated 10x across cluster][0m
[36m(ClientAppActor pid=454236)[0m 
[36m(ClientAppActor pid=454236)[0m         
[36m(ClientAppActor pid=454238)[0m 
[36m(ClientAppActor pid=454238)[0m         
[36m(ClientAppActor pid=454237)[0m 
[36m(ClientAppActor pid=454237)[0m         
[36m(ClientAppActor pid=454235)[0m 
[36m(ClientAppActor pid=454235)[0m         
[92mINFO [0m:      aggregate_evaluate: received 5 results and 0 failures
[92mINFO [0m:      
[92mINFO [0m:      [ROUND 4]
[92mINFO [0m:      configure_fit: strategy sampled 5 clients (out of 5)
[36m(ClientAppActor pid=454237)[0m 
[36m(ClientAppActor pid=454237)[0m         
[36m(ClientAppActor pid=454235)[0m 
[36m(ClientAppActor pid=454235)[0m         
[36m(ClientAppActor pid=454238)[0m 
[36m(ClientAppActor pid=454238)[0m         
[36m(ClientAppActor pid=454236)[0m 
[36m(ClientAppActor pid=454236)[0m         
[36m(ClientAppActor pid=454239)[0m 
[36m(ClientAppActor pid=454239)[0m         
[92mINFO [0m:      aggregate_fit: received 5 results and 0 failures
[92mINFO [0m:      fit progress: (4, 2.0200790290832518, {'accuracy': 0.4296, 'loss': 2.0200790290832518}, 69.1142426530132)
[92mINFO [0m:      configure_evaluate: strategy sampled 5 clients (out of 5)
[36m(ClientAppActor pid=454239)[0m 
[36m(ClientAppActor pid=454239)[0m         
[36m(ClientAppActor pid=454239)[0m [93mWARNING [0m:   DEPRECATED FEATURE: `client_fn` now expects a signature `def client_fn(context: Context)`.The provided `client_fn` has signature: {'cid': <Parameter "cid: str">}. You can import the `Context` like this: `from flwr.app import Context`[32m [repeated 10x across cluster][0m
[36m(ClientAppActor pid=454239)[0m             This is a deprecated feature. It will be removed[32m [repeated 10x across cluster][0m
[36m(ClientAppActor pid=454239)[0m             entirely in future versions of Flower.[32m [repeated 10x across cluster][0m
[36m(ClientAppActor pid=454237)[0m 
[36m(ClientAppActor pid=454237)[0m         
[36m(ClientAppActor pid=454238)[0m 
[36m(ClientAppActor pid=454238)[0m         
[36m(ClientAppActor pid=454235)[0m 
[36m(ClientAppActor pid=454235)[0m         
[36m(ClientAppActor pid=454236)[0m 
[36m(ClientAppActor pid=454236)[0m         
[92mINFO [0m:      aggregate_evaluate: received 5 results and 0 failures
[92mINFO [0m:      
[92mINFO [0m:      [ROUND 5]
[92mINFO [0m:      configure_fit: strategy sampled 5 clients (out of 5)
[36m(ClientAppActor pid=454236)[0m 
[36m(ClientAppActor pid=454236)[0m         
[36m(ClientAppActor pid=454235)[0m 
[36m(ClientAppActor pid=454235)[0m         
[36m(ClientAppActor pid=454238)[0m 
[36m(ClientAppActor pid=454238)[0m         
[36m(ClientAppActor pid=454237)[0m 
[36m(ClientAppActor pid=454237)[0m         
[36m(ClientAppActor pid=454239)[0m 
[36m(ClientAppActor pid=454239)[0m         
[92mINFO [0m:      aggregate_fit: received 5 results and 0 failures
[92mINFO [0m:      fit progress: (5, 1.5901403739929199, {'accuracy': 0.4853, 'loss': 1.5901403739929199}, 85.94951625500107)
[92mINFO [0m:      configure_evaluate: strategy sampled 5 clients (out of 5)
[36m(ClientAppActor pid=454239)[0m 
[36m(ClientAppActor pid=454239)[0m         
[36m(ClientAppActor pid=454239)[0m [93mWARNING [0m:   DEPRECATED FEATURE: `client_fn` now expects a signature `def client_fn(context: Context)`.The provided `client_fn` has signature: {'cid': <Parameter "cid: str">}. You can import the `Context` like this: `from flwr.app import Context`[32m [repeated 10x across cluster][0m
[36m(ClientAppActor pid=454239)[0m             This is a deprecated feature. It will be removed[32m [repeated 10x across cluster][0m
[36m(ClientAppActor pid=454239)[0m             entirely in future versions of Flower.[32m [repeated 10x across cluster][0m
[36m(ClientAppActor pid=454238)[0m 
[36m(ClientAppActor pid=454238)[0m         
[36m(ClientAppActor pid=454237)[0m 
[36m(ClientAppActor pid=454237)[0m         
[36m(ClientAppActor pid=454235)[0m 
[36m(ClientAppActor pid=454235)[0m         
[36m(ClientAppActor pid=454236)[0m 
[36m(ClientAppActor pid=454236)[0m         
[92mINFO [0m:      aggregate_evaluate: received 5 results and 0 failures
[92mINFO [0m:      
[92mINFO [0m:      [ROUND 6]
[92mINFO [0m:      configure_fit: strategy sampled 5 clients (out of 5)
[36m(ClientAppActor pid=454236)[0m 
[36m(ClientAppActor pid=454236)[0m         
[36m(ClientAppActor pid=454235)[0m 
[36m(ClientAppActor pid=454235)[0m         
[36m(ClientAppActor pid=454237)[0m 
[36m(ClientAppActor pid=454237)[0m         
[36m(ClientAppActor pid=454238)[0m 
[36m(ClientAppActor pid=454238)[0m         
[36m(ClientAppActor pid=454239)[0m 
[36m(ClientAppActor pid=454239)[0m         
[92mINFO [0m:      aggregate_fit: received 5 results and 0 failures
[92mINFO [0m:      fit progress: (6, 1.7260593755722047, {'accuracy': 0.4798, 'loss': 1.7260593755722047}, 102.7371696549817)
[92mINFO [0m:      configure_evaluate: strategy sampled 5 clients (out of 5)
[36m(ClientAppActor pid=454236)[0m 
[36m(ClientAppActor pid=454236)[0m         
[36m(ClientAppActor pid=454236)[0m [93mWARNING [0m:   DEPRECATED FEATURE: `client_fn` now expects a signature `def client_fn(context: Context)`.The provided `client_fn` has signature: {'cid': <Parameter "cid: str">}. You can import the `Context` like this: `from flwr.app import Context`[32m [repeated 10x across cluster][0m
[36m(ClientAppActor pid=454236)[0m             This is a deprecated feature. It will be removed[32m [repeated 10x across cluster][0m
[36m(ClientAppActor pid=454236)[0m             entirely in future versions of Flower.[32m [repeated 10x across cluster][0m
[36m(ClientAppActor pid=454235)[0m 
[36m(ClientAppActor pid=454235)[0m         
[36m(ClientAppActor pid=454237)[0m 
[36m(ClientAppActor pid=454237)[0m         
[36m(ClientAppActor pid=454238)[0m 
[36m(ClientAppActor pid=454238)[0m         
[36m(ClientAppActor pid=454239)[0m 
[36m(ClientAppActor pid=454239)[0m         
[92mINFO [0m:      aggregate_evaluate: received 5 results and 0 failures
[92mINFO [0m:      
[92mINFO [0m:      [ROUND 7]
[92mINFO [0m:      configure_fit: strategy sampled 5 clients (out of 5)
[36m(ClientAppActor pid=454238)[0m 
[36m(ClientAppActor pid=454238)[0m         
[36m(ClientAppActor pid=454239)[0m 
[36m(ClientAppActor pid=454239)[0m         
[36m(ClientAppActor pid=454237)[0m 
[36m(ClientAppActor pid=454237)[0m         
[36m(ClientAppActor pid=454235)[0m 
[36m(ClientAppActor pid=454235)[0m         
[36m(ClientAppActor pid=454236)[0m 
[36m(ClientAppActor pid=454236)[0m         
[92mINFO [0m:      aggregate_fit: received 5 results and 0 failures
[92mINFO [0m:      fit progress: (7, 1.4112552717208862, {'accuracy': 0.5639, 'loss': 1.4112552717208862}, 119.3344283309998)
[92mINFO [0m:      configure_evaluate: strategy sampled 5 clients (out of 5)
[36m(ClientAppActor pid=454238)[0m 
[36m(ClientAppActor pid=454238)[0m         
[36m(ClientAppActor pid=454238)[0m [93mWARNING [0m:   DEPRECATED FEATURE: `client_fn` now expects a signature `def client_fn(context: Context)`.The provided `client_fn` has signature: {'cid': <Parameter "cid: str">}. You can import the `Context` like this: `from flwr.app import Context`[32m [repeated 10x across cluster][0m
[36m(ClientAppActor pid=454238)[0m             This is a deprecated feature. It will be removed[32m [repeated 10x across cluster][0m
[36m(ClientAppActor pid=454238)[0m             entirely in future versions of Flower.[32m [repeated 10x across cluster][0m
[36m(ClientAppActor pid=454239)[0m 
[36m(ClientAppActor pid=454239)[0m         
[36m(ClientAppActor pid=454236)[0m 
[36m(ClientAppActor pid=454236)[0m         
[36m(ClientAppActor pid=454235)[0m 
[36m(ClientAppActor pid=454235)[0m         
[36m(ClientAppActor pid=454237)[0m 
[36m(ClientAppActor pid=454237)[0m         
[92mINFO [0m:      aggregate_evaluate: received 5 results and 0 failures
[92mINFO [0m:      
[92mINFO [0m:      [ROUND 8]
[92mINFO [0m:      configure_fit: strategy sampled 5 clients (out of 5)
[36m(ClientAppActor pid=454237)[0m 
[36m(ClientAppActor pid=454237)[0m         
[36m(ClientAppActor pid=454235)[0m 
[36m(ClientAppActor pid=454235)[0m         
[36m(ClientAppActor pid=454236)[0m 
[36m(ClientAppActor pid=454236)[0m         
[36m(ClientAppActor pid=454238)[0m 
[36m(ClientAppActor pid=454238)[0m         
[36m(ClientAppActor pid=454239)[0m 
[36m(ClientAppActor pid=454239)[0m         
[92mINFO [0m:      aggregate_fit: received 5 results and 0 failures
[92mINFO [0m:      fit progress: (8, 1.4564552114486695, {'accuracy': 0.5319, 'loss': 1.4564552114486695}, 135.8806643129792)
[92mINFO [0m:      configure_evaluate: strategy sampled 5 clients (out of 5)
[36m(ClientAppActor pid=454235)[0m 
[36m(ClientAppActor pid=454235)[0m         
[36m(ClientAppActor pid=454235)[0m [93mWARNING [0m:   DEPRECATED FEATURE: `client_fn` now expects a signature `def client_fn(context: Context)`.The provided `client_fn` has signature: {'cid': <Parameter "cid: str">}. You can import the `Context` like this: `from flwr.app import Context`[32m [repeated 10x across cluster][0m
[36m(ClientAppActor pid=454235)[0m             This is a deprecated feature. It will be removed[32m [repeated 10x across cluster][0m
[36m(ClientAppActor pid=454235)[0m             entirely in future versions of Flower.[32m [repeated 10x across cluster][0m
[36m(ClientAppActor pid=454236)[0m 
[36m(ClientAppActor pid=454236)[0m         
[36m(ClientAppActor pid=454238)[0m 
[36m(ClientAppActor pid=454238)[0m         
[36m(ClientAppActor pid=454237)[0m 
[36m(ClientAppActor pid=454237)[0m         
[36m(ClientAppActor pid=454239)[0m 
[36m(ClientAppActor pid=454239)[0m         
[92mINFO [0m:      aggregate_evaluate: received 5 results and 0 failures
[92mINFO [0m:      
[92mINFO [0m:      [ROUND 9]
[92mINFO [0m:      configure_fit: strategy sampled 5 clients (out of 5)
[36m(ClientAppActor pid=454239)[0m 
[36m(ClientAppActor pid=454239)[0m         
[36m(ClientAppActor pid=454237)[0m 
[36m(ClientAppActor pid=454237)[0m         
[36m(ClientAppActor pid=454236)[0m 
[36m(ClientAppActor pid=454236)[0m         
[36m(ClientAppActor pid=454238)[0m 
[36m(ClientAppActor pid=454238)[0m         
[36m(ClientAppActor pid=454235)[0m 
[36m(ClientAppActor pid=454235)[0m         
[92mINFO [0m:      aggregate_fit: received 5 results and 0 failures
[92mINFO [0m:      fit progress: (9, 1.3184747867584228, {'accuracy': 0.5773, 'loss': 1.3184747867584228}, 152.8674962479854)
[92mINFO [0m:      configure_evaluate: strategy sampled 5 clients (out of 5)
[36m(ClientAppActor pid=454238)[0m 
[36m(ClientAppActor pid=454238)[0m         
[36m(ClientAppActor pid=454238)[0m [93mWARNING [0m:   DEPRECATED FEATURE: `client_fn` now expects a signature `def client_fn(context: Context)`.The provided `client_fn` has signature: {'cid': <Parameter "cid: str">}. You can import the `Context` like this: `from flwr.app import Context`[32m [repeated 10x across cluster][0m
[36m(ClientAppActor pid=454238)[0m             This is a deprecated feature. It will be removed[32m [repeated 10x across cluster][0m
[36m(ClientAppActor pid=454238)[0m             entirely in future versions of Flower.[32m [repeated 10x across cluster][0m
[36m(ClientAppActor pid=454235)[0m 
[36m(ClientAppActor pid=454235)[0m         
[36m(ClientAppActor pid=454237)[0m 
[36m(ClientAppActor pid=454237)[0m         
[36m(ClientAppActor pid=454239)[0m 
[36m(ClientAppActor pid=454239)[0m         
[36m(ClientAppActor pid=454236)[0m 
[36m(ClientAppActor pid=454236)[0m         
[92mINFO [0m:      aggregate_evaluate: received 5 results and 0 failures
[92mINFO [0m:      
[92mINFO [0m:      [ROUND 10]
[92mINFO [0m:      configure_fit: strategy sampled 5 clients (out of 5)
[36m(ClientAppActor pid=454236)[0m 
[36m(ClientAppActor pid=454236)[0m         
[36m(ClientAppActor pid=454239)[0m 
[36m(ClientAppActor pid=454239)[0m         
[36m(ClientAppActor pid=454235)[0m 
[36m(ClientAppActor pid=454235)[0m         
[36m(ClientAppActor pid=454237)[0m 
[36m(ClientAppActor pid=454237)[0m         
[36m(ClientAppActor pid=454238)[0m 
[36m(ClientAppActor pid=454238)[0m         
[92mINFO [0m:      aggregate_fit: received 5 results and 0 failures
[92mINFO [0m:      fit progress: (10, 1.3949900398254393, {'accuracy': 0.5626, 'loss': 1.3949900398254393}, 169.9067621199647)
[92mINFO [0m:      configure_evaluate: strategy sampled 5 clients (out of 5)
[36m(ClientAppActor pid=454237)[0m 
[36m(ClientAppActor pid=454237)[0m         
[36m(ClientAppActor pid=454237)[0m [93mWARNING [0m:   DEPRECATED FEATURE: `client_fn` now expects a signature `def client_fn(context: Context)`.The provided `client_fn` has signature: {'cid': <Parameter "cid: str">}. You can import the `Context` like this: `from flwr.app import Context`[32m [repeated 10x across cluster][0m
[36m(ClientAppActor pid=454237)[0m             This is a deprecated feature. It will be removed[32m [repeated 10x across cluster][0m
[36m(ClientAppActor pid=454237)[0m             entirely in future versions of Flower.[32m [repeated 10x across cluster][0m
[36m(ClientAppActor pid=454239)[0m 
[36m(ClientAppActor pid=454239)[0m         
[36m(ClientAppActor pid=454236)[0m 
[36m(ClientAppActor pid=454236)[0m         
[36m(ClientAppActor pid=454238)[0m 
[36m(ClientAppActor pid=454238)[0m         
[36m(ClientAppActor pid=454235)[0m 
[36m(ClientAppActor pid=454235)[0m         
[92mINFO [0m:      aggregate_evaluate: received 5 results and 0 failures
[92mINFO [0m:      
[92mINFO [0m:      [SUMMARY]
[92mINFO [0m:      Run finished 10 round(s) in 170.71s
[92mINFO [0m:      	History (loss, distributed):
[92mINFO [0m:      		round 1: 2.430582685090791
[92mINFO [0m:      		round 2: 2.100221098185015
[92mINFO [0m:      		round 3: 1.8573311908926895
[92mINFO [0m:      		round 4: 2.0049167342464616
[92mINFO [0m:      		round 5: 1.5811825812590559
[92mINFO [0m:      		round 6: 1.710176304301811
[92mINFO [0m:      		round 7: 1.4082820981245936
[92mINFO [0m:      		round 8: 1.4527039277462905
[92mINFO [0m:      		round 9: 1.2965745089684866
[92mINFO [0m:      		round 10: 1.3803968406424942
[92mINFO [0m:      	History (loss, centralized):
[92mINFO [0m:      		round 0: 2.303225302505493
[92mINFO [0m:      		round 1: 2.432952833557129
[92mINFO [0m:      		round 2: 2.1013177448272704
[92mINFO [0m:      		round 3: 1.8732963745117188
[92mINFO [0m:      		round 4: 2.0200790290832518
[92mINFO [0m:      		round 5: 1.5901403739929199
[92mINFO [0m:      		round 6: 1.7260593755722047
[92mINFO [0m:      		round 7: 1.4112552717208862
[92mINFO [0m:      		round 8: 1.4564552114486695
[92mINFO [0m:      		round 9: 1.3184747867584228
[92mINFO [0m:      		round 10: 1.3949900398254393
[92mINFO [0m:      	History (metrics, distributed, fit):
[92mINFO [0m:      	{'avg_flops_per_client_round': [(1, 8140805084160.0),
[92mINFO [0m:      	                                (2, 8140805084160.0),
[92mINFO [0m:      	                                (3, 8140805084160.0),
[92mINFO [0m:      	                                (4, 8140805084160.0),
[92mINFO [0m:      	                                (5, 8140805084160.0),
[92mINFO [0m:      	                                (6, 8140805084160.0),
[92mINFO [0m:      	                                (7, 8140805084160.0),
[92mINFO [0m:      	                                (8, 8140805084160.0),
[92mINFO [0m:      	                                (9, 8140805084160.0),
[92mINFO [0m:      	                                (10, 8140805084160.0)],
[92mINFO [0m:      	 'total_flops_round': [(1, 40704025420800),
[92mINFO [0m:      	                       (2, 40704025420800),
[92mINFO [0m:      	                       (3, 40704025420800),
[92mINFO [0m:      	                       (4, 40704025420800),
[92mINFO [0m:      	                       (5, 40704025420800),
[92mINFO [0m:      	                       (6, 40704025420800),
[92mINFO [0m:      	                       (7, 40704025420800),
[92mINFO [0m:      	                       (8, 40704025420800),
[92mINFO [0m:      	                       (9, 40704025420800),
[92mINFO [0m:      	                       (10, 40704025420800)]}
[92mINFO [0m:      	History (metrics, distributed, evaluate):
[92mINFO [0m:      	{'accuracy': [(1, 0.13688212927756654),
[92mINFO [0m:      	              (2, 0.2953772263358015),
[92mINFO [0m:      	              (3, 0.39263558134880927),
[92mINFO [0m:      	              (4, 0.43626175705423254),
[92mINFO [0m:      	              (5, 0.49249549729837905),
[92mINFO [0m:      	              (6, 0.4850910546327797),
[92mINFO [0m:      	              (7, 0.5605363217930759),
[92mINFO [0m:      	              (8, 0.5331198719231539),
[92mINFO [0m:      	              (9, 0.5763458074844907),
[92mINFO [0m:      	              (10, 0.5627376425855514)],
[92mINFO [0m:      	 'loss': [(1, 2.430582685090791),
[92mINFO [0m:      	          (2, 2.100221098185015),
[92mINFO [0m:      	          (3, 1.8573311908926895),
[92mINFO [0m:      	          (4, 2.0049167342464616),
[92mINFO [0m:      	          (5, 1.5811825812590559),
[92mINFO [0m:      	          (6, 1.710176304301811),
[92mINFO [0m:      	          (7, 1.4082820981245936),
[92mINFO [0m:      	          (8, 1.4527039277462905),
[92mINFO [0m:      	          (9, 1.2965745089684866),
[92mINFO [0m:      	          (10, 1.3803968406424942)]}
[92mINFO [0m:      	History (metrics, centralized):
[92mINFO [0m:      	{'accuracy': [(0, 0.1),
[92mINFO [0m:      	              (1, 0.1381),
[92mINFO [0m:      	              (2, 0.2953),
[92mINFO [0m:      	              (3, 0.3838),
[92mINFO [0m:      	              (4, 0.4296),
[92mINFO [0m:      	              (5, 0.4853),
[92mINFO [0m:      	              (6, 0.4798),
[92mINFO [0m:      	              (7, 0.5639),
[92mINFO [0m:      	              (8, 0.5319),
[92mINFO [0m:      	              (9, 0.5773),
[92mINFO [0m:      	              (10, 0.5626)],
[92mINFO [0m:      	 'loss': [(0, 2.303225302505493),
[92mINFO [0m:      	          (1, 2.432952833557129),
[92mINFO [0m:      	          (2, 2.1013177448272704),
[92mINFO [0m:      	          (3, 1.8732963745117188),
[92mINFO [0m:      	          (4, 2.0200790290832518),
[92mINFO [0m:      	          (5, 1.5901403739929199),
[92mINFO [0m:      	          (6, 1.7260593755722047),
[92mINFO [0m:      	          (7, 1.4112552717208862),
[92mINFO [0m:      	          (8, 1.4564552114486695),
[92mINFO [0m:      	          (9, 1.3184747867584228),
[92mINFO [0m:      	          (10, 1.3949900398254393)]}
[92mINFO [0m:      
Treinando no dispositivo: cuda:0 com o dataset: CIFAR10 | Setup clientes: 5 (num_gpus por cliente=0.2) | SEED=47
FLOPS por amostra (forward): 6.030e+07 | (forward+backward, 3x): 1.809e+08
Files already downloaded and verified
Files already downloaded and verified
Dividindo o dataset usando a distribuição de Dirichlet com alpha=0.01.
Iniciando a simulação de Aprendizado Federado...
=== Diagnóstico de Medição de GPU ===
  pynvml_disponivel: True
  pynvml_versao: 580.173.02
  gpus_detectadas: 1
  leitura_potencia_ok: True
  potencia_atual_W: 114.736

--- Rodada 0 - Avaliação Centralizada (Servidor) ---
Loss (Servidor): 2.3032 | Acurácia (Servidor): 0.1000

--- Rodada 1 - Avaliação Centralizada (Servidor) ---
Loss (Servidor): 2.4330 | Acurácia (Servidor): 0.1381
--- Avaliação Agregada (Clientes) ---
Loss Média (Clientes): 2.4306 | Acurácia Média (Clientes): 0.1369

--- Rodada 2 - Avaliação Centralizada (Servidor) ---
Loss (Servidor): 2.1013 | Acurácia (Servidor): 0.2953
--- Avaliação Agregada (Clientes) ---
Loss Média (Clientes): 2.1002 | Acurácia Média (Clientes): 0.2954

--- Rodada 3 - Avaliação Centralizada (Servidor) ---
Loss (Servidor): 1.8733 | Acurácia (Servidor): 0.3838
--- Avaliação Agregada (Clientes) ---
Loss Média (Clientes): 1.8573 | Acurácia Média (Clientes): 0.3926

--- Rodada 4 - Avaliação Centralizada (Servidor) ---
Loss (Servidor): 2.0201 | Acurácia (Servidor): 0.4296
--- Avaliação Agregada (Clientes) ---
Loss Média (Clientes): 2.0049 | Acurácia Média (Clientes): 0.4363

--- Rodada 5 - Avaliação Centralizada (Servidor) ---
Loss (Servidor): 1.5901 | Acurácia (Servidor): 0.4853
--- Avaliação Agregada (Clientes) ---
Loss Média (Clientes): 1.5812 | Acurácia Média (Clientes): 0.4925

--- Rodada 6 - Avaliação Centralizada (Servidor) ---
Loss (Servidor): 1.7261 | Acurácia (Servidor): 0.4798
--- Avaliação Agregada (Clientes) ---
Loss Média (Clientes): 1.7102 | Acurácia Média (Clientes): 0.4851

--- Rodada 7 - Avaliação Centralizada (Servidor) ---
Loss (Servidor): 1.4113 | Acurácia (Servidor): 0.5639
--- Avaliação Agregada (Clientes) ---
Loss Média (Clientes): 1.4083 | Acurácia Média (Clientes): 0.5605

--- Rodada 8 - Avaliação Centralizada (Servidor) ---
Loss (Servidor): 1.4565 | Acurácia (Servidor): 0.5319
--- Avaliação Agregada (Clientes) ---
Loss Média (Clientes): 1.4527 | Acurácia Média (Clientes): 0.5331

--- Rodada 9 - Avaliação Centralizada (Servidor) ---
Loss (Servidor): 1.3185 | Acurácia (Servidor): 0.5773
--- Avaliação Agregada (Clientes) ---
Loss Média (Clientes): 1.2966 | Acurácia Média (Clientes): 0.5763

--- Rodada 10 - Avaliação Centralizada (Servidor) ---
Loss (Servidor): 1.3950 | Acurácia (Servidor): 0.5626
--- Avaliação Agregada (Clientes) ---
Loss Média (Clientes): 1.3804 | Acurácia Média (Clientes): 0.5627

Resultados salvos em: /home/tiago/GitHubProjects/fedhad-thesis-2/FedAVG-results/1.1_diagnostico_drift/CIFAR10/FedAVG__CIFAR10__Setup-5__Clients-5__Rounds-10__Delay-0_05__Alpha-0_01__Seed-47.txt
[36m(ClientAppActor pid=454235)[0m [93mWARNING [0m:   DEPRECATED FEATURE: `client_fn` now expects a signature `def client_fn(context: Context)`.The provided `client_fn` has signature: {'cid': <Parameter "cid: str">}. You can import the `Context` like this: `from flwr.app import Context`[32m [repeated 4x across cluster][0m
[36m(ClientAppActor pid=454235)[0m             This is a deprecated feature. It will be removed[32m [repeated 4x across cluster][0m
[36m(ClientAppActor pid=454235)[0m             entirely in future versions of Flower.[32m [repeated 4x across cluster][0m
