/home/tiago/GitHubProjects/fedhad-thesis-2/env_flwr_pt/lib/python3.12/site-packages/torch/utils/data/dataset.py:473: UserWarning: Length of split at index 0 is 0. This might result in an empty dataset.
  warnings.warn(
[codecarbon WARNING @ 14:01:01] Multiple instances of codecarbon are allowed to run at the same time.
[93mWARNING [0m:   DEPRECATED FEATURE: flwr.simulation.start_simulation() is deprecated.
	Instead, use the `flwr run` CLI command to start a local simulation in your Flower app, as shown for example below:

		$ flwr new  # Create a new Flower app from a template

		$ flwr run  # Run the Flower app in Simulation Mode

	Using `start_simulation()` is deprecated.

            This is a deprecated feature. It will be removed
            entirely in future versions of Flower.
        
[92mINFO [0m:      Starting Flower simulation, config: num_rounds=10, no round_timeout
2026-09-04 14:01:09,641	INFO worker.py:2012 -- Started a local Ray instance.
/home/tiago/GitHubProjects/fedhad-thesis-2/env_flwr_pt/lib/python3.12/site-packages/ray/_private/worker.py:2051: FutureWarning: Tip: In future versions of Ray, Ray will no longer override accelerator visible devices env var if num_gpus=0 or num_gpus=None (default). To enable this behavior and turn off this error message, set RAY_ACCEL_ENV_VAR_OVERRIDE_ON_ZERO=0
  warnings.warn(
[92mINFO [0m:      Flower VCE: Ray initialized with resources: {'CPU': 64.0, 'object_store_memory': 77743295692.0, 'node:10.129.64.100': 1.0, 'GPU': 1.0, 'accelerator_type:A40': 1.0, 'memory': 181401023284.0, 'node:__internal_head__': 1.0}
[92mINFO [0m:      Optimize your simulation with Flower VCE: https://flower.ai/docs/framework/how-to-run-simulations.html
/home/tiago/GitHubProjects/fedhad-thesis-2/FedAvgM_Final.py:1669: UserWarning: No `num_cpus` specified in `client_resources`. Using `num_cpus=1` for each client.
  history = fl.simulation.start_simulation(
[92mINFO [0m:      Flower VCE: Resources for each Virtual Client: {'num_gpus': 0.2, 'num_cpus': 1}
[92mINFO [0m:      Flower VCE: Creating VirtualClientEngineActorPool with 5 actors
[92mINFO [0m:      [INIT]
[92mINFO [0m:      Using initial global parameters provided by strategy
[92mINFO [0m:      Starting evaluation of initial global parameters
[92mINFO [0m:      initial parameters (loss, other metrics): 2.3032265678405763, {'accuracy': 0.1, 'loss': 2.3032265678405763}
[92mINFO [0m:      
[92mINFO [0m:      [ROUND 1]
[92mINFO [0m:      configure_fit: strategy sampled 5 clients (out of 5)
[36m(ClientAppActor pid=674405)[0m [93mWARNING [0m:   DEPRECATED FEATURE: `client_fn` now expects a signature `def client_fn(context: Context)`.The provided `client_fn` has signature: {'cid': <Parameter "cid: str">}. You can import the `Context` like this: `from flwr.app import Context`
[36m(ClientAppActor pid=674405)[0m 
[36m(ClientAppActor pid=674405)[0m             This is a deprecated feature. It will be removed
[36m(ClientAppActor pid=674405)[0m             entirely in future versions of Flower.
[36m(ClientAppActor pid=674405)[0m         
[36m(ClientAppActor pid=674404)[0m 
[36m(ClientAppActor pid=674404)[0m         
[36m(ClientAppActor pid=674403)[0m 
[36m(ClientAppActor pid=674403)[0m         
[36m(ClientAppActor pid=674370)[0m 
[36m(ClientAppActor pid=674370)[0m         
[36m(ClientAppActor pid=674371)[0m 
[36m(ClientAppActor pid=674371)[0m         
[92mINFO [0m:      aggregate_fit: received 5 results and 0 failures
[92mINFO [0m:      fit progress: (1, 2.4019209758758544, {'accuracy': 0.1895, 'loss': 2.4019209758758544}, 20.37140466697747)
[92mINFO [0m:      configure_evaluate: strategy sampled 5 clients (out of 5)
[36m(ClientAppActor pid=674370)[0m 
[36m(ClientAppActor pid=674370)[0m         
[36m(ClientAppActor pid=674370)[0m [93mWARNING [0m:   DEPRECATED FEATURE: `client_fn` now expects a signature `def client_fn(context: Context)`.The provided `client_fn` has signature: {'cid': <Parameter "cid: str">}. You can import the `Context` like this: `from flwr.app import Context`[32m [repeated 5x across cluster] (Ray deduplicates logs by default. Set RAY_DEDUP_LOGS=0 to disable log deduplication, or see https://docs.ray.io/en/master/ray-observability/user-guides/configure-logging.html#log-deduplication for more options.)[0m
[36m(ClientAppActor pid=674370)[0m             This is a deprecated feature. It will be removed[32m [repeated 5x across cluster][0m
[36m(ClientAppActor pid=674370)[0m             entirely in future versions of Flower.[32m [repeated 5x across cluster][0m
[36m(ClientAppActor pid=674371)[0m 
[36m(ClientAppActor pid=674371)[0m         
[36m(ClientAppActor pid=674403)[0m 
[36m(ClientAppActor pid=674403)[0m         
[36m(ClientAppActor pid=674405)[0m 
[36m(ClientAppActor pid=674405)[0m         
[36m(ClientAppActor pid=674404)[0m 
[36m(ClientAppActor pid=674404)[0m         
[92mINFO [0m:      aggregate_evaluate: received 5 results and 0 failures
[92mINFO [0m:      
[92mINFO [0m:      [ROUND 2]
[92mINFO [0m:      configure_fit: strategy sampled 5 clients (out of 5)
[36m(ClientAppActor pid=674404)[0m 
[36m(ClientAppActor pid=674404)[0m         
[36m(ClientAppActor pid=674405)[0m 
[36m(ClientAppActor pid=674405)[0m         
[36m(ClientAppActor pid=674371)[0m 
[36m(ClientAppActor pid=674371)[0m         
[36m(ClientAppActor pid=674403)[0m 
[36m(ClientAppActor pid=674403)[0m         
[36m(ClientAppActor pid=674370)[0m 
[36m(ClientAppActor pid=674370)[0m         
[92mINFO [0m:      aggregate_fit: received 5 results and 0 failures
[92mINFO [0m:      fit progress: (2, 4.838449068450927, {'accuracy': 0.3815, 'loss': 4.838449068450927}, 39.31877213797998)
[92mINFO [0m:      configure_evaluate: strategy sampled 5 clients (out of 5)
[36m(ClientAppActor pid=674404)[0m 
[36m(ClientAppActor pid=674404)[0m         
[36m(ClientAppActor pid=674404)[0m [93mWARNING [0m:   DEPRECATED FEATURE: `client_fn` now expects a signature `def client_fn(context: Context)`.The provided `client_fn` has signature: {'cid': <Parameter "cid: str">}. You can import the `Context` like this: `from flwr.app import Context`[32m [repeated 10x across cluster][0m
[36m(ClientAppActor pid=674404)[0m             This is a deprecated feature. It will be removed[32m [repeated 10x across cluster][0m
[36m(ClientAppActor pid=674404)[0m             entirely in future versions of Flower.[32m [repeated 10x across cluster][0m
[36m(ClientAppActor pid=674370)[0m 
[36m(ClientAppActor pid=674370)[0m         
[36m(ClientAppActor pid=674403)[0m 
[36m(ClientAppActor pid=674403)[0m         
[36m(ClientAppActor pid=674405)[0m 
[36m(ClientAppActor pid=674405)[0m         
[36m(ClientAppActor pid=674371)[0m 
[36m(ClientAppActor pid=674371)[0m         
[92mINFO [0m:      aggregate_evaluate: received 5 results and 0 failures
[92mINFO [0m:      
[92mINFO [0m:      [ROUND 3]
[92mINFO [0m:      configure_fit: strategy sampled 5 clients (out of 5)
[36m(ClientAppActor pid=674405)[0m 
[36m(ClientAppActor pid=674405)[0m         
[36m(ClientAppActor pid=674371)[0m 
[36m(ClientAppActor pid=674371)[0m         
[36m(ClientAppActor pid=674403)[0m 
[36m(ClientAppActor pid=674403)[0m         
[36m(ClientAppActor pid=674404)[0m 
[36m(ClientAppActor pid=674404)[0m         
[36m(ClientAppActor pid=674370)[0m 
[36m(ClientAppActor pid=674370)[0m         
[92mINFO [0m:      aggregate_fit: received 5 results and 0 failures
[92mINFO [0m:      fit progress: (3, 4.241572077941894, {'accuracy': 0.3093, 'loss': 4.241572077941894}, 58.34949532797327)
[92mINFO [0m:      configure_evaluate: strategy sampled 5 clients (out of 5)
[36m(ClientAppActor pid=674404)[0m 
[36m(ClientAppActor pid=674404)[0m         
[36m(ClientAppActor pid=674404)[0m [93mWARNING [0m:   DEPRECATED FEATURE: `client_fn` now expects a signature `def client_fn(context: Context)`.The provided `client_fn` has signature: {'cid': <Parameter "cid: str">}. You can import the `Context` like this: `from flwr.app import Context`[32m [repeated 10x across cluster][0m
[36m(ClientAppActor pid=674404)[0m             This is a deprecated feature. It will be removed[32m [repeated 10x across cluster][0m
[36m(ClientAppActor pid=674404)[0m             entirely in future versions of Flower.[32m [repeated 10x across cluster][0m
[36m(ClientAppActor pid=674370)[0m 
[36m(ClientAppActor pid=674370)[0m         
[36m(ClientAppActor pid=674371)[0m 
[36m(ClientAppActor pid=674371)[0m         
[36m(ClientAppActor pid=674405)[0m 
[36m(ClientAppActor pid=674405)[0m         
[36m(ClientAppActor pid=674403)[0m 
[36m(ClientAppActor pid=674403)[0m         
[92mINFO [0m:      aggregate_evaluate: received 5 results and 0 failures
[92mINFO [0m:      
[92mINFO [0m:      [ROUND 4]
[92mINFO [0m:      configure_fit: strategy sampled 5 clients (out of 5)
[36m(ClientAppActor pid=674403)[0m 
[36m(ClientAppActor pid=674403)[0m         
[36m(ClientAppActor pid=674405)[0m 
[36m(ClientAppActor pid=674405)[0m         
[36m(ClientAppActor pid=674371)[0m 
[36m(ClientAppActor pid=674371)[0m         
[36m(ClientAppActor pid=674404)[0m 
[36m(ClientAppActor pid=674404)[0m         
[36m(ClientAppActor pid=674370)[0m 
[36m(ClientAppActor pid=674370)[0m         
[92mINFO [0m:      aggregate_fit: received 5 results and 0 failures
[92mINFO [0m:      fit progress: (4, 4.153767230224609, {'accuracy': 0.3553, 'loss': 4.153767230224609}, 77.17256292200182)
[92mINFO [0m:      configure_evaluate: strategy sampled 5 clients (out of 5)
[36m(ClientAppActor pid=674403)[0m 
[36m(ClientAppActor pid=674403)[0m         
[36m(ClientAppActor pid=674403)[0m [93mWARNING [0m:   DEPRECATED FEATURE: `client_fn` now expects a signature `def client_fn(context: Context)`.The provided `client_fn` has signature: {'cid': <Parameter "cid: str">}. You can import the `Context` like this: `from flwr.app import Context`[32m [repeated 10x across cluster][0m
[36m(ClientAppActor pid=674403)[0m             This is a deprecated feature. It will be removed[32m [repeated 10x across cluster][0m
[36m(ClientAppActor pid=674403)[0m             entirely in future versions of Flower.[32m [repeated 10x across cluster][0m
[36m(ClientAppActor pid=674370)[0m 
[36m(ClientAppActor pid=674370)[0m         
[36m(ClientAppActor pid=674371)[0m 
[36m(ClientAppActor pid=674371)[0m         
[36m(ClientAppActor pid=674405)[0m 
[36m(ClientAppActor pid=674405)[0m         
[36m(ClientAppActor pid=674404)[0m 
[36m(ClientAppActor pid=674404)[0m         
[92mINFO [0m:      aggregate_evaluate: received 5 results and 0 failures
[92mINFO [0m:      
[92mINFO [0m:      [ROUND 5]
[92mINFO [0m:      configure_fit: strategy sampled 5 clients (out of 5)
[36m(ClientAppActor pid=674405)[0m 
[36m(ClientAppActor pid=674405)[0m         
[36m(ClientAppActor pid=674404)[0m 
[36m(ClientAppActor pid=674404)[0m         
[36m(ClientAppActor pid=674371)[0m 
[36m(ClientAppActor pid=674371)[0m         
[36m(ClientAppActor pid=674370)[0m 
[36m(ClientAppActor pid=674370)[0m         
[36m(ClientAppActor pid=674403)[0m 
[36m(ClientAppActor pid=674403)[0m         
[92mINFO [0m:      aggregate_fit: received 5 results and 0 failures
[92mINFO [0m:      fit progress: (5, 7.536469801330567, {'accuracy': 0.4249, 'loss': 7.536469801330567}, 95.97912094095955)
[92mINFO [0m:      configure_evaluate: strategy sampled 5 clients (out of 5)
[36m(ClientAppActor pid=674405)[0m 
[36m(ClientAppActor pid=674405)[0m         
[36m(ClientAppActor pid=674405)[0m [93mWARNING [0m:   DEPRECATED FEATURE: `client_fn` now expects a signature `def client_fn(context: Context)`.The provided `client_fn` has signature: {'cid': <Parameter "cid: str">}. You can import the `Context` like this: `from flwr.app import Context`[32m [repeated 10x across cluster][0m
[36m(ClientAppActor pid=674405)[0m             This is a deprecated feature. It will be removed[32m [repeated 10x across cluster][0m
[36m(ClientAppActor pid=674405)[0m             entirely in future versions of Flower.[32m [repeated 10x across cluster][0m
[36m(ClientAppActor pid=674370)[0m 
[36m(ClientAppActor pid=674370)[0m         
[36m(ClientAppActor pid=674371)[0m 
[36m(ClientAppActor pid=674371)[0m         
[36m(ClientAppActor pid=674404)[0m 
[36m(ClientAppActor pid=674404)[0m         
[36m(ClientAppActor pid=674403)[0m 
[36m(ClientAppActor pid=674403)[0m         
[92mINFO [0m:      aggregate_evaluate: received 5 results and 0 failures
[92mINFO [0m:      
[92mINFO [0m:      [ROUND 6]
[92mINFO [0m:      configure_fit: strategy sampled 5 clients (out of 5)
[36m(ClientAppActor pid=674404)[0m 
[36m(ClientAppActor pid=674404)[0m         
[36m(ClientAppActor pid=674403)[0m 
[36m(ClientAppActor pid=674403)[0m         
[36m(ClientAppActor pid=674371)[0m 
[36m(ClientAppActor pid=674371)[0m         
[36m(ClientAppActor pid=674370)[0m 
[36m(ClientAppActor pid=674370)[0m         
[36m(ClientAppActor pid=674405)[0m 
[36m(ClientAppActor pid=674405)[0m         
[92mINFO [0m:      aggregate_fit: received 5 results and 0 failures
[92mINFO [0m:      fit progress: (6, 10.07774524230957, {'accuracy': 0.4211, 'loss': 10.07774524230957}, 114.63494450500002)
[92mINFO [0m:      configure_evaluate: strategy sampled 5 clients (out of 5)
[36m(ClientAppActor pid=674404)[0m 
[36m(ClientAppActor pid=674404)[0m         
[36m(ClientAppActor pid=674404)[0m [93mWARNING [0m:   DEPRECATED FEATURE: `client_fn` now expects a signature `def client_fn(context: Context)`.The provided `client_fn` has signature: {'cid': <Parameter "cid: str">}. You can import the `Context` like this: `from flwr.app import Context`[32m [repeated 10x across cluster][0m
[36m(ClientAppActor pid=674404)[0m             This is a deprecated feature. It will be removed[32m [repeated 10x across cluster][0m
[36m(ClientAppActor pid=674404)[0m             entirely in future versions of Flower.[32m [repeated 10x across cluster][0m
[36m(ClientAppActor pid=674370)[0m 
[36m(ClientAppActor pid=674370)[0m         
[36m(ClientAppActor pid=674405)[0m 
[36m(ClientAppActor pid=674405)[0m         
[36m(ClientAppActor pid=674371)[0m 
[36m(ClientAppActor pid=674371)[0m         
[36m(ClientAppActor pid=674403)[0m 
[36m(ClientAppActor pid=674403)[0m         
[92mINFO [0m:      aggregate_evaluate: received 5 results and 0 failures
[92mINFO [0m:      
[92mINFO [0m:      [ROUND 7]
[92mINFO [0m:      configure_fit: strategy sampled 5 clients (out of 5)
[36m(ClientAppActor pid=674403)[0m 
[36m(ClientAppActor pid=674403)[0m         
[36m(ClientAppActor pid=674371)[0m 
[36m(ClientAppActor pid=674371)[0m         
[36m(ClientAppActor pid=674405)[0m 
[36m(ClientAppActor pid=674405)[0m         
[36m(ClientAppActor pid=674370)[0m 
[36m(ClientAppActor pid=674370)[0m         
[36m(ClientAppActor pid=674404)[0m 
[36m(ClientAppActor pid=674404)[0m         
[92mINFO [0m:      aggregate_fit: received 5 results and 0 failures
[92mINFO [0m:      fit progress: (7, 7.154258464431763, {'accuracy': 0.4866, 'loss': 7.154258464431763}, 133.76651913597016)
[92mINFO [0m:      configure_evaluate: strategy sampled 5 clients (out of 5)
[36m(ClientAppActor pid=674371)[0m 
[36m(ClientAppActor pid=674371)[0m         
[36m(ClientAppActor pid=674371)[0m [93mWARNING [0m:   DEPRECATED FEATURE: `client_fn` now expects a signature `def client_fn(context: Context)`.The provided `client_fn` has signature: {'cid': <Parameter "cid: str">}. You can import the `Context` like this: `from flwr.app import Context`[32m [repeated 10x across cluster][0m
[36m(ClientAppActor pid=674371)[0m             This is a deprecated feature. It will be removed[32m [repeated 10x across cluster][0m
[36m(ClientAppActor pid=674371)[0m             entirely in future versions of Flower.[32m [repeated 10x across cluster][0m
[36m(ClientAppActor pid=674404)[0m 
[36m(ClientAppActor pid=674404)[0m         
[36m(ClientAppActor pid=674405)[0m 
[36m(ClientAppActor pid=674405)[0m         
[36m(ClientAppActor pid=674403)[0m 
[36m(ClientAppActor pid=674403)[0m         
[36m(ClientAppActor pid=674370)[0m 
[36m(ClientAppActor pid=674370)[0m         
[92mINFO [0m:      aggregate_evaluate: received 5 results and 0 failures
[92mINFO [0m:      
[92mINFO [0m:      [ROUND 8]
[92mINFO [0m:      configure_fit: strategy sampled 5 clients (out of 5)
[36m(ClientAppActor pid=674405)[0m 
[36m(ClientAppActor pid=674405)[0m         
[36m(ClientAppActor pid=674370)[0m 
[36m(ClientAppActor pid=674370)[0m         
[36m(ClientAppActor pid=674403)[0m 
[36m(ClientAppActor pid=674403)[0m         
[36m(ClientAppActor pid=674404)[0m 
[36m(ClientAppActor pid=674404)[0m         
[36m(ClientAppActor pid=674371)[0m 
[36m(ClientAppActor pid=674371)[0m         
[92mINFO [0m:      aggregate_fit: received 5 results and 0 failures
[92mINFO [0m:      fit progress: (8, 8.36066832923889, {'accuracy': 0.4596, 'loss': 8.36066832923889}, 152.59871633996954)
[92mINFO [0m:      configure_evaluate: strategy sampled 5 clients (out of 5)
[36m(ClientAppActor pid=674403)[0m 
[36m(ClientAppActor pid=674403)[0m         
[36m(ClientAppActor pid=674403)[0m [93mWARNING [0m:   DEPRECATED FEATURE: `client_fn` now expects a signature `def client_fn(context: Context)`.The provided `client_fn` has signature: {'cid': <Parameter "cid: str">}. You can import the `Context` like this: `from flwr.app import Context`[32m [repeated 10x across cluster][0m
[36m(ClientAppActor pid=674403)[0m             This is a deprecated feature. It will be removed[32m [repeated 10x across cluster][0m
[36m(ClientAppActor pid=674403)[0m             entirely in future versions of Flower.[32m [repeated 10x across cluster][0m
[36m(ClientAppActor pid=674370)[0m 
[36m(ClientAppActor pid=674370)[0m         
[36m(ClientAppActor pid=674371)[0m 
[36m(ClientAppActor pid=674371)[0m         
[36m(ClientAppActor pid=674405)[0m 
[36m(ClientAppActor pid=674405)[0m         
[36m(ClientAppActor pid=674404)[0m 
[36m(ClientAppActor pid=674404)[0m         
[92mINFO [0m:      aggregate_evaluate: received 5 results and 0 failures
[92mINFO [0m:      
[92mINFO [0m:      [ROUND 9]
[92mINFO [0m:      configure_fit: strategy sampled 5 clients (out of 5)
[36m(ClientAppActor pid=674404)[0m 
[36m(ClientAppActor pid=674404)[0m         
[36m(ClientAppActor pid=674405)[0m 
[36m(ClientAppActor pid=674405)[0m         
[36m(ClientAppActor pid=674371)[0m 
[36m(ClientAppActor pid=674371)[0m         
[36m(ClientAppActor pid=674403)[0m 
[36m(ClientAppActor pid=674403)[0m         
[36m(ClientAppActor pid=674370)[0m 
[36m(ClientAppActor pid=674370)[0m         
[92mINFO [0m:      aggregate_fit: received 5 results and 0 failures
[92mINFO [0m:      fit progress: (9, 11.099140238571167, {'accuracy': 0.4292, 'loss': 11.099140238571167}, 171.82574055396253)
[92mINFO [0m:      configure_evaluate: strategy sampled 5 clients (out of 5)
[36m(ClientAppActor pid=674371)[0m 
[36m(ClientAppActor pid=674371)[0m         
[36m(ClientAppActor pid=674371)[0m [93mWARNING [0m:   DEPRECATED FEATURE: `client_fn` now expects a signature `def client_fn(context: Context)`.The provided `client_fn` has signature: {'cid': <Parameter "cid: str">}. You can import the `Context` like this: `from flwr.app import Context`[32m [repeated 10x across cluster][0m
[36m(ClientAppActor pid=674371)[0m             This is a deprecated feature. It will be removed[32m [repeated 10x across cluster][0m
[36m(ClientAppActor pid=674371)[0m             entirely in future versions of Flower.[32m [repeated 10x across cluster][0m
[36m(ClientAppActor pid=674405)[0m 
[36m(ClientAppActor pid=674405)[0m         
[36m(ClientAppActor pid=674403)[0m 
[36m(ClientAppActor pid=674403)[0m         
[36m(ClientAppActor pid=674404)[0m 
[36m(ClientAppActor pid=674404)[0m         
[36m(ClientAppActor pid=674370)[0m 
[36m(ClientAppActor pid=674370)[0m         
[92mINFO [0m:      aggregate_evaluate: received 5 results and 0 failures
[92mINFO [0m:      
[92mINFO [0m:      [ROUND 10]
[92mINFO [0m:      configure_fit: strategy sampled 5 clients (out of 5)
[36m(ClientAppActor pid=674370)[0m 
[36m(ClientAppActor pid=674370)[0m         
[36m(ClientAppActor pid=674403)[0m 
[36m(ClientAppActor pid=674403)[0m         
[36m(ClientAppActor pid=674404)[0m 
[36m(ClientAppActor pid=674404)[0m         
[36m(ClientAppActor pid=674405)[0m 
[36m(ClientAppActor pid=674405)[0m         
[36m(ClientAppActor pid=674371)[0m 
[36m(ClientAppActor pid=674371)[0m         
[92mINFO [0m:      aggregate_fit: received 5 results and 0 failures
[92mINFO [0m:      fit progress: (10, 9.377338188171386, {'accuracy': 0.4721, 'loss': 9.377338188171386}, 190.69259218795924)
[92mINFO [0m:      configure_evaluate: strategy sampled 5 clients (out of 5)
[36m(ClientAppActor pid=674403)[0m 
[36m(ClientAppActor pid=674403)[0m         
[36m(ClientAppActor pid=674403)[0m [93mWARNING [0m:   DEPRECATED FEATURE: `client_fn` now expects a signature `def client_fn(context: Context)`.The provided `client_fn` has signature: {'cid': <Parameter "cid: str">}. You can import the `Context` like this: `from flwr.app import Context`[32m [repeated 10x across cluster][0m
[36m(ClientAppActor pid=674403)[0m             This is a deprecated feature. It will be removed[32m [repeated 10x across cluster][0m
[36m(ClientAppActor pid=674403)[0m             entirely in future versions of Flower.[32m [repeated 10x across cluster][0m
[36m(ClientAppActor pid=674404)[0m 
[36m(ClientAppActor pid=674404)[0m         
[36m(ClientAppActor pid=674371)[0m 
[36m(ClientAppActor pid=674371)[0m         
[36m(ClientAppActor pid=674370)[0m 
[36m(ClientAppActor pid=674370)[0m         
[92mINFO [0m:      aggregate_evaluate: received 5 results and 0 failures
[92mINFO [0m:      
[92mINFO [0m:      [SUMMARY]
[92mINFO [0m:      Run finished 10 round(s) in 191.48s
[92mINFO [0m:      	History (loss, distributed):
[92mINFO [0m:      		round 1: 2.402758048772812
[92mINFO [0m:      		round 2: 4.819297071361542
[92mINFO [0m:      		round 3: 4.231415468835831
[92mINFO [0m:      		round 4: 4.123555771207809
[92mINFO [0m:      		round 5: 7.600872513961792
[92mINFO [0m:      		round 6: 9.966438640594482
[92mINFO [0m:      		round 7: 7.24348080329895
[92mINFO [0m:      		round 8: 8.526059561920166
[92mINFO [0m:      		round 9: 11.18589945640564
[92mINFO [0m:      		round 10: 9.366065545082092
[92mINFO [0m:      	History (loss, centralized):
[92mINFO [0m:      		round 0: 2.3032265678405763
[92mINFO [0m:      		round 1: 2.4019209758758544
[92mINFO [0m:      		round 2: 4.838449068450927
[92mINFO [0m:      		round 3: 4.241572077941894
[92mINFO [0m:      		round 4: 4.153767230224609
[92mINFO [0m:      		round 5: 7.536469801330567
[92mINFO [0m:      		round 6: 10.07774524230957
[92mINFO [0m:      		round 7: 7.154258464431763
[92mINFO [0m:      		round 8: 8.36066832923889
[92mINFO [0m:      		round 9: 11.099140238571167
[92mINFO [0m:      		round 10: 9.377338188171386
[92mINFO [0m:      	History (metrics, distributed, fit):
[92mINFO [0m:      	{'avg_flops_per_client_round': [(1, 8140262400000.0),
[92mINFO [0m:      	                                (2, 8140262400000.0),
[92mINFO [0m:      	                                (3, 8140262400000.0),
[92mINFO [0m:      	                                (4, 8140262400000.0),
[92mINFO [0m:      	                                (5, 8140262400000.0),
[92mINFO [0m:      	                                (6, 8140262400000.0),
[92mINFO [0m:      	                                (7, 8140262400000.0),
[92mINFO [0m:      	                                (8, 8140262400000.0),
[92mINFO [0m:      	                                (9, 8140262400000.0),
[92mINFO [0m:      	                                (10, 8140262400000.0)],
[92mINFO [0m:      	 'total_flops_round': [(1, 40701312000000),
[92mINFO [0m:      	                       (2, 40701312000000),
[92mINFO [0m:      	                       (3, 40701312000000),
[92mINFO [0m:      	                       (4, 40701312000000),
[92mINFO [0m:      	                       (5, 40701312000000),
[92mINFO [0m:      	                       (6, 40701312000000),
[92mINFO [0m:      	                       (7, 40701312000000),
[92mINFO [0m:      	                       (8, 40701312000000),
[92mINFO [0m:      	                       (9, 40701312000000),
[92mINFO [0m:      	                       (10, 40701312000000)]}
[92mINFO [0m:      	History (metrics, distributed, evaluate):
[92mINFO [0m:      	{'accuracy': [(1, 0.1872),
[92mINFO [0m:      	              (2, 0.3806),
[92mINFO [0m:      	              (3, 0.3152),
[92mINFO [0m:      	              (4, 0.3536),
[92mINFO [0m:      	              (5, 0.425),
[92mINFO [0m:      	              (6, 0.4302),
[92mINFO [0m:      	              (7, 0.4898),
[92mINFO [0m:      	              (8, 0.454),
[92mINFO [0m:      	              (9, 0.4278),
[92mINFO [0m:      	              (10, 0.4744)],
[92mINFO [0m:      	 'loss': [(1, 2.402758048772812),
[92mINFO [0m:      	          (2, 4.819297071361542),
[92mINFO [0m:      	          (3, 4.231415468835831),
[92mINFO [0m:      	          (4, 4.123555771207809),
[92mINFO [0m:      	          (5, 7.600872513961792),
[92mINFO [0m:      	          (6, 9.966438640594482),
[92mINFO [0m:      	          (7, 7.24348080329895),
[92mINFO [0m:      	          (8, 8.526059561920166),
[92mINFO [0m:      	          (9, 11.18589945640564),
[92mINFO [0m:      	          (10, 9.366065545082092)]}
[92mINFO [0m:      	History (metrics, centralized):
[92mINFO [0m:      	{'accuracy': [(0, 0.1),
[92mINFO [0m:      	              (1, 0.1895),
[92mINFO [0m:      	              (2, 0.3815),
[92mINFO [0m:      	              (3, 0.3093),
[92mINFO [0m:      	              (4, 0.3553),
[92mINFO [0m:      	              (5, 0.4249),
[92mINFO [0m:      	              (6, 0.4211),
[92mINFO [0m:      	              (7, 0.4866),
[92mINFO [0m:      	              (8, 0.4596),
[92mINFO [0m:      	              (9, 0.4292),
[92mINFO [0m:      	              (10, 0.4721)],
[92mINFO [0m:      	 'loss': [(0, 2.3032265678405763),
[92mINFO [0m:      	          (1, 2.4019209758758544),
[92mINFO [0m:      	          (2, 4.838449068450927),
[92mINFO [0m:      	          (3, 4.241572077941894),
[92mINFO [0m:      	          (4, 4.153767230224609),
[92mINFO [0m:      	          (5, 7.536469801330567),
[92mINFO [0m:      	          (6, 10.07774524230957),
[92mINFO [0m:      	          (7, 7.154258464431763),
[92mINFO [0m:      	          (8, 8.36066832923889),
[92mINFO [0m:      	          (9, 11.099140238571167),
[92mINFO [0m:      	          (10, 9.377338188171386)]}
[92mINFO [0m:      
[36m(ClientAppActor pid=674405)[0m 
[36m(ClientAppActor pid=674405)[0m         
Treinando no dispositivo: cuda:0 com o dataset: CIFAR10 | Setup clientes: 5 (num_gpus por cliente=0.2) | SEED=46 | Método: FedAvgM (server_momentum=0.9, server_lr=1.0)
FLOPS por amostra (forward): 6.030e+07 | (forward+backward, 3x): 1.809e+08
Files already downloaded and verified
Files already downloaded and verified
Dividindo o dataset usando a distribuição de Dirichlet com alpha=0.01.
Aviso: Cliente 1 não tinha amostras. Moveu uma amostra do cliente 0.
Aviso: Cliente 1 tem apenas 1 amostra(s), que serão usadas para validação.
Iniciando a simulação de Aprendizado Federado...
=== Diagnóstico de Medição de GPU ===
  pynvml_disponivel: True
  pynvml_versao: 580.173.02
  gpus_detectadas: 1
  leitura_potencia_ok: True
  potencia_atual_W: 115.742

--- Rodada 0 - Avaliação Centralizada (Servidor) ---
Loss (Servidor): 2.3032 | Acurácia (Servidor): 0.1000

--- Rodada 1 - Avaliação Centralizada (Servidor) ---
Loss (Servidor): 2.4019 | Acurácia (Servidor): 0.1895
--- Avaliação Agregada (Clientes) ---
Loss Média (Clientes): 2.4028 | Acurácia Média (Clientes): 0.1872

--- Rodada 2 - Avaliação Centralizada (Servidor) ---
Loss (Servidor): 4.8384 | Acurácia (Servidor): 0.3815
--- Avaliação Agregada (Clientes) ---
Loss Média (Clientes): 4.8193 | Acurácia Média (Clientes): 0.3806

--- Rodada 3 - Avaliação Centralizada (Servidor) ---
Loss (Servidor): 4.2416 | Acurácia (Servidor): 0.3093
--- Avaliação Agregada (Clientes) ---
Loss Média (Clientes): 4.2314 | Acurácia Média (Clientes): 0.3152

--- Rodada 4 - Avaliação Centralizada (Servidor) ---
Loss (Servidor): 4.1538 | Acurácia (Servidor): 0.3553
--- Avaliação Agregada (Clientes) ---
Loss Média (Clientes): 4.1236 | Acurácia Média (Clientes): 0.3536

--- Rodada 5 - Avaliação Centralizada (Servidor) ---
Loss (Servidor): 7.5365 | Acurácia (Servidor): 0.4249
--- Avaliação Agregada (Clientes) ---
Loss Média (Clientes): 7.6009 | Acurácia Média (Clientes): 0.4250

--- Rodada 6 - Avaliação Centralizada (Servidor) ---
Loss (Servidor): 10.0777 | Acurácia (Servidor): 0.4211
--- Avaliação Agregada (Clientes) ---
Loss Média (Clientes): 9.9664 | Acurácia Média (Clientes): 0.4302

--- Rodada 7 - Avaliação Centralizada (Servidor) ---
Loss (Servidor): 7.1543 | Acurácia (Servidor): 0.4866
--- Avaliação Agregada (Clientes) ---
Loss Média (Clientes): 7.2435 | Acurácia Média (Clientes): 0.4898

--- Rodada 8 - Avaliação Centralizada (Servidor) ---
Loss (Servidor): 8.3607 | Acurácia (Servidor): 0.4596
--- Avaliação Agregada (Clientes) ---
Loss Média (Clientes): 8.5261 | Acurácia Média (Clientes): 0.4540

--- Rodada 9 - Avaliação Centralizada (Servidor) ---
Loss (Servidor): 11.0991 | Acurácia (Servidor): 0.4292
--- Avaliação Agregada (Clientes) ---
Loss Média (Clientes): 11.1859 | Acurácia Média (Clientes): 0.4278

--- Rodada 10 - Avaliação Centralizada (Servidor) ---
Loss (Servidor): 9.3773 | Acurácia (Servidor): 0.4721
--- Avaliação Agregada (Clientes) ---
Loss Média (Clientes): 9.3661 | Acurácia Média (Clientes): 0.4744

Resultados salvos em: /home/tiago/GitHubProjects/fedhad-thesis-2/FedAvgM-results/1.1_diagnostico_drift/CIFAR10/FedAvgM__CIFAR10__Setup-5__Clients-5__Rounds-10__Delay-0_05__Alpha-0_01__Seed-46.txt
[36m(ClientAppActor pid=674405)[0m [93mWARNING [0m:   DEPRECATED FEATURE: `client_fn` now expects a signature `def client_fn(context: Context)`.The provided `client_fn` has signature: {'cid': <Parameter "cid: str">}. You can import the `Context` like this: `from flwr.app import Context`[32m [repeated 4x across cluster][0m
[36m(ClientAppActor pid=674405)[0m             This is a deprecated feature. It will be removed[32m [repeated 4x across cluster][0m
[36m(ClientAppActor pid=674405)[0m             entirely in future versions of Flower.[32m [repeated 4x across cluster][0m
