[codecarbon WARNING @ 11:54:40] Multiple instances of codecarbon are allowed to run at the same time.
[93mWARNING [0m:   DEPRECATED FEATURE: flwr.simulation.start_simulation() is deprecated.
	Instead, use the `flwr run` CLI command to start a local simulation in your Flower app, as shown for example below:

		$ flwr new  # Create a new Flower app from a template

		$ flwr run  # Run the Flower app in Simulation Mode

	Using `start_simulation()` is deprecated.

            This is a deprecated feature. It will be removed
            entirely in future versions of Flower.
        
[92mINFO [0m:      Starting Flower simulation, config: num_rounds=10, no round_timeout
2026-09-04 11:54:48,929	INFO worker.py:2012 -- Started a local Ray instance.
/home/tiago/GitHubProjects/fedhad-thesis-2/env_flwr_pt/lib/python3.12/site-packages/ray/_private/worker.py:2051: FutureWarning: Tip: In future versions of Ray, Ray will no longer override accelerator visible devices env var if num_gpus=0 or num_gpus=None (default). To enable this behavior and turn off this error message, set RAY_ACCEL_ENV_VAR_OVERRIDE_ON_ZERO=0
  warnings.warn(
[92mINFO [0m:      Flower VCE: Ray initialized with resources: {'memory': 181271853056.0, 'GPU': 1.0, 'object_store_memory': 77687937024.0, 'node:__internal_head__': 1.0, 'node:10.129.64.100': 1.0, 'CPU': 64.0, 'accelerator_type:A40': 1.0}
[92mINFO [0m:      Optimize your simulation with Flower VCE: https://flower.ai/docs/framework/how-to-run-simulations.html
/home/tiago/GitHubProjects/fedhad-thesis-2/FedAVG_Final.py:1577: UserWarning: No `num_cpus` specified in `client_resources`. Using `num_cpus=1` for each client.
  history = fl.simulation.start_simulation(
[92mINFO [0m:      Flower VCE: Resources for each Virtual Client: {'num_gpus': 0.2, 'num_cpus': 1}
[92mINFO [0m:      Flower VCE: Creating VirtualClientEngineActorPool with 5 actors
[92mINFO [0m:      [INIT]
[92mINFO [0m:      Requesting initial parameters from one random client
[36m(ClientAppActor pid=346619)[0m [93mWARNING [0m:   DEPRECATED FEATURE: `client_fn` now expects a signature `def client_fn(context: Context)`.The provided `client_fn` has signature: {'cid': <Parameter "cid: str">}. You can import the `Context` like this: `from flwr.app import Context`
[36m(ClientAppActor pid=346619)[0m 
[36m(ClientAppActor pid=346619)[0m             This is a deprecated feature. It will be removed
[36m(ClientAppActor pid=346619)[0m             entirely in future versions of Flower.
[36m(ClientAppActor pid=346619)[0m         
[92mINFO [0m:      Received initial parameters from one random client
[92mINFO [0m:      Starting evaluation of initial global parameters
[92mINFO [0m:      initial parameters (loss, other metrics): 2.303057448577881, {'accuracy': 0.1, 'loss': 2.303057448577881}
[92mINFO [0m:      
[92mINFO [0m:      [ROUND 1]
[92mINFO [0m:      configure_fit: strategy sampled 5 clients (out of 5)
[36m(ClientAppActor pid=346619)[0m [93mWARNING [0m:   DEPRECATED FEATURE: `client_fn` now expects a signature `def client_fn(context: Context)`.The provided `client_fn` has signature: {'cid': <Parameter "cid: str">}. You can import the `Context` like this: `from flwr.app import Context`
[36m(ClientAppActor pid=346619)[0m 
[36m(ClientAppActor pid=346619)[0m             This is a deprecated feature. It will be removed
[36m(ClientAppActor pid=346619)[0m             entirely in future versions of Flower.
[36m(ClientAppActor pid=346619)[0m         
[36m(ClientAppActor pid=346622)[0m 
[36m(ClientAppActor pid=346622)[0m         
[36m(ClientAppActor pid=346623)[0m 
[36m(ClientAppActor pid=346623)[0m         
[36m(ClientAppActor pid=346621)[0m 
[36m(ClientAppActor pid=346621)[0m         
[36m(ClientAppActor pid=346620)[0m 
[36m(ClientAppActor pid=346620)[0m         
[92mINFO [0m:      aggregate_fit: received 5 results and 0 failures
[92mINFO [0m:      fit progress: (1, 2.317786784362793, {'accuracy': 0.1, 'loss': 2.317786784362793}, 15.756003410031553)
[92mINFO [0m:      configure_evaluate: strategy sampled 5 clients (out of 5)
[36m(ClientAppActor pid=346621)[0m 
[36m(ClientAppActor pid=346621)[0m         
[36m(ClientAppActor pid=346621)[0m [93mWARNING [0m:   DEPRECATED FEATURE: `client_fn` now expects a signature `def client_fn(context: Context)`.The provided `client_fn` has signature: {'cid': <Parameter "cid: str">}. You can import the `Context` like this: `from flwr.app import Context`[32m [repeated 5x across cluster] (Ray deduplicates logs by default. Set RAY_DEDUP_LOGS=0 to disable log deduplication, or see https://docs.ray.io/en/master/ray-observability/user-guides/configure-logging.html#log-deduplication for more options.)[0m
[36m(ClientAppActor pid=346621)[0m             This is a deprecated feature. It will be removed[32m [repeated 5x across cluster][0m
[36m(ClientAppActor pid=346621)[0m             entirely in future versions of Flower.[32m [repeated 5x across cluster][0m
[36m(ClientAppActor pid=346623)[0m 
[36m(ClientAppActor pid=346623)[0m         
[36m(ClientAppActor pid=346619)[0m 
[36m(ClientAppActor pid=346619)[0m         
[36m(ClientAppActor pid=346620)[0m 
[36m(ClientAppActor pid=346620)[0m         
[36m(ClientAppActor pid=346622)[0m 
[36m(ClientAppActor pid=346622)[0m         
[92mINFO [0m:      aggregate_evaluate: received 5 results and 0 failures
[92mINFO [0m:      
[92mINFO [0m:      [ROUND 2]
[92mINFO [0m:      configure_fit: strategy sampled 5 clients (out of 5)
[36m(ClientAppActor pid=346622)[0m 
[36m(ClientAppActor pid=346622)[0m         
[36m(ClientAppActor pid=346620)[0m 
[36m(ClientAppActor pid=346620)[0m         
[36m(ClientAppActor pid=346619)[0m 
[36m(ClientAppActor pid=346619)[0m         
[36m(ClientAppActor pid=346623)[0m 
[36m(ClientAppActor pid=346623)[0m         
[36m(ClientAppActor pid=346621)[0m 
[36m(ClientAppActor pid=346621)[0m         
[92mINFO [0m:      aggregate_fit: received 5 results and 0 failures
[92mINFO [0m:      fit progress: (2, 2.120348438453674, {'accuracy': 0.2296, 'loss': 2.120348438453674}, 30.053567009046674)
[92mINFO [0m:      configure_evaluate: strategy sampled 5 clients (out of 5)
[36m(ClientAppActor pid=346619)[0m 
[36m(ClientAppActor pid=346619)[0m         
[36m(ClientAppActor pid=346619)[0m [93mWARNING [0m:   DEPRECATED FEATURE: `client_fn` now expects a signature `def client_fn(context: Context)`.The provided `client_fn` has signature: {'cid': <Parameter "cid: str">}. You can import the `Context` like this: `from flwr.app import Context`[32m [repeated 10x across cluster][0m
[36m(ClientAppActor pid=346619)[0m             This is a deprecated feature. It will be removed[32m [repeated 10x across cluster][0m
[36m(ClientAppActor pid=346619)[0m             entirely in future versions of Flower.[32m [repeated 10x across cluster][0m
[36m(ClientAppActor pid=346621)[0m 
[36m(ClientAppActor pid=346621)[0m         
[36m(ClientAppActor pid=346620)[0m 
[36m(ClientAppActor pid=346620)[0m         
[36m(ClientAppActor pid=346623)[0m 
[36m(ClientAppActor pid=346623)[0m         
[36m(ClientAppActor pid=346622)[0m 
[36m(ClientAppActor pid=346622)[0m         
[92mINFO [0m:      aggregate_evaluate: received 5 results and 0 failures
[92mINFO [0m:      
[92mINFO [0m:      [ROUND 3]
[92mINFO [0m:      configure_fit: strategy sampled 5 clients (out of 5)
[36m(ClientAppActor pid=346622)[0m 
[36m(ClientAppActor pid=346622)[0m         
[36m(ClientAppActor pid=346623)[0m 
[36m(ClientAppActor pid=346623)[0m         
[36m(ClientAppActor pid=346620)[0m 
[36m(ClientAppActor pid=346620)[0m         
[36m(ClientAppActor pid=346621)[0m 
[36m(ClientAppActor pid=346621)[0m         
[36m(ClientAppActor pid=346619)[0m 
[36m(ClientAppActor pid=346619)[0m         
[92mINFO [0m:      aggregate_fit: received 5 results and 0 failures
[92mINFO [0m:      fit progress: (3, 1.6630133243560792, {'accuracy': 0.4248, 'loss': 1.6630133243560792}, 44.00766011502128)
[92mINFO [0m:      configure_evaluate: strategy sampled 5 clients (out of 5)
[36m(ClientAppActor pid=346622)[0m 
[36m(ClientAppActor pid=346622)[0m         
[36m(ClientAppActor pid=346622)[0m [93mWARNING [0m:   DEPRECATED FEATURE: `client_fn` now expects a signature `def client_fn(context: Context)`.The provided `client_fn` has signature: {'cid': <Parameter "cid: str">}. You can import the `Context` like this: `from flwr.app import Context`[32m [repeated 10x across cluster][0m
[36m(ClientAppActor pid=346622)[0m             This is a deprecated feature. It will be removed[32m [repeated 10x across cluster][0m
[36m(ClientAppActor pid=346622)[0m             entirely in future versions of Flower.[32m [repeated 10x across cluster][0m
[36m(ClientAppActor pid=346623)[0m 
[36m(ClientAppActor pid=346623)[0m         
[36m(ClientAppActor pid=346619)[0m 
[36m(ClientAppActor pid=346619)[0m         
[36m(ClientAppActor pid=346621)[0m 
[36m(ClientAppActor pid=346621)[0m         
[36m(ClientAppActor pid=346620)[0m 
[36m(ClientAppActor pid=346620)[0m         
[92mINFO [0m:      aggregate_evaluate: received 5 results and 0 failures
[92mINFO [0m:      
[92mINFO [0m:      [ROUND 4]
[92mINFO [0m:      configure_fit: strategy sampled 5 clients (out of 5)
[36m(ClientAppActor pid=346620)[0m 
[36m(ClientAppActor pid=346620)[0m         
[36m(ClientAppActor pid=346621)[0m 
[36m(ClientAppActor pid=346621)[0m         
[36m(ClientAppActor pid=346619)[0m 
[36m(ClientAppActor pid=346619)[0m         
[36m(ClientAppActor pid=346623)[0m 
[36m(ClientAppActor pid=346623)[0m         
[36m(ClientAppActor pid=346622)[0m 
[36m(ClientAppActor pid=346622)[0m         
[92mINFO [0m:      aggregate_fit: received 5 results and 0 failures
[92mINFO [0m:      fit progress: (4, 1.3552047422409057, {'accuracy': 0.5201, 'loss': 1.3552047422409057}, 57.97122680302709)
[92mINFO [0m:      configure_evaluate: strategy sampled 5 clients (out of 5)
[36m(ClientAppActor pid=346621)[0m 
[36m(ClientAppActor pid=346621)[0m         
[36m(ClientAppActor pid=346621)[0m [93mWARNING [0m:   DEPRECATED FEATURE: `client_fn` now expects a signature `def client_fn(context: Context)`.The provided `client_fn` has signature: {'cid': <Parameter "cid: str">}. You can import the `Context` like this: `from flwr.app import Context`[32m [repeated 10x across cluster][0m
[36m(ClientAppActor pid=346621)[0m             This is a deprecated feature. It will be removed[32m [repeated 10x across cluster][0m
[36m(ClientAppActor pid=346621)[0m             entirely in future versions of Flower.[32m [repeated 10x across cluster][0m
[36m(ClientAppActor pid=346622)[0m 
[36m(ClientAppActor pid=346622)[0m         
[36m(ClientAppActor pid=346620)[0m 
[36m(ClientAppActor pid=346620)[0m         
[36m(ClientAppActor pid=346623)[0m 
[36m(ClientAppActor pid=346623)[0m         
[36m(ClientAppActor pid=346619)[0m 
[36m(ClientAppActor pid=346619)[0m         
[92mINFO [0m:      aggregate_evaluate: received 5 results and 0 failures
[92mINFO [0m:      
[92mINFO [0m:      [ROUND 5]
[92mINFO [0m:      configure_fit: strategy sampled 5 clients (out of 5)
[36m(ClientAppActor pid=346619)[0m 
[36m(ClientAppActor pid=346619)[0m         
[36m(ClientAppActor pid=346623)[0m 
[36m(ClientAppActor pid=346623)[0m         
[36m(ClientAppActor pid=346620)[0m 
[36m(ClientAppActor pid=346620)[0m         
[36m(ClientAppActor pid=346622)[0m 
[36m(ClientAppActor pid=346622)[0m         
[36m(ClientAppActor pid=346621)[0m 
[36m(ClientAppActor pid=346621)[0m         
[92mINFO [0m:      aggregate_fit: received 5 results and 0 failures
[92mINFO [0m:      fit progress: (5, 1.2347393772125244, {'accuracy': 0.5686, 'loss': 1.2347393772125244}, 72.22912349802209)
[92mINFO [0m:      configure_evaluate: strategy sampled 5 clients (out of 5)
[36m(ClientAppActor pid=346620)[0m 
[36m(ClientAppActor pid=346620)[0m         
[36m(ClientAppActor pid=346620)[0m [93mWARNING [0m:   DEPRECATED FEATURE: `client_fn` now expects a signature `def client_fn(context: Context)`.The provided `client_fn` has signature: {'cid': <Parameter "cid: str">}. You can import the `Context` like this: `from flwr.app import Context`[32m [repeated 10x across cluster][0m
[36m(ClientAppActor pid=346620)[0m             This is a deprecated feature. It will be removed[32m [repeated 10x across cluster][0m
[36m(ClientAppActor pid=346620)[0m             entirely in future versions of Flower.[32m [repeated 10x across cluster][0m
[36m(ClientAppActor pid=346623)[0m 
[36m(ClientAppActor pid=346623)[0m         
[36m(ClientAppActor pid=346622)[0m 
[36m(ClientAppActor pid=346622)[0m         
[36m(ClientAppActor pid=346621)[0m 
[36m(ClientAppActor pid=346621)[0m         
[36m(ClientAppActor pid=346619)[0m 
[36m(ClientAppActor pid=346619)[0m         
[92mINFO [0m:      aggregate_evaluate: received 5 results and 0 failures
[92mINFO [0m:      
[92mINFO [0m:      [ROUND 6]
[92mINFO [0m:      configure_fit: strategy sampled 5 clients (out of 5)
[36m(ClientAppActor pid=346619)[0m 
[36m(ClientAppActor pid=346619)[0m         
[36m(ClientAppActor pid=346621)[0m 
[36m(ClientAppActor pid=346621)[0m         
[36m(ClientAppActor pid=346622)[0m 
[36m(ClientAppActor pid=346622)[0m         
[36m(ClientAppActor pid=346623)[0m 
[36m(ClientAppActor pid=346623)[0m         
[36m(ClientAppActor pid=346620)[0m 
[36m(ClientAppActor pid=346620)[0m         
[92mINFO [0m:      aggregate_fit: received 5 results and 0 failures
[92mINFO [0m:      fit progress: (6, 1.1554079404830933, {'accuracy': 0.6057, 'loss': 1.1554079404830933}, 86.56603302300209)
[92mINFO [0m:      configure_evaluate: strategy sampled 5 clients (out of 5)
[36m(ClientAppActor pid=346623)[0m 
[36m(ClientAppActor pid=346623)[0m         
[36m(ClientAppActor pid=346623)[0m [93mWARNING [0m:   DEPRECATED FEATURE: `client_fn` now expects a signature `def client_fn(context: Context)`.The provided `client_fn` has signature: {'cid': <Parameter "cid: str">}. You can import the `Context` like this: `from flwr.app import Context`[32m [repeated 10x across cluster][0m
[36m(ClientAppActor pid=346623)[0m             This is a deprecated feature. It will be removed[32m [repeated 10x across cluster][0m
[36m(ClientAppActor pid=346623)[0m             entirely in future versions of Flower.[32m [repeated 10x across cluster][0m
[36m(ClientAppActor pid=346619)[0m 
[36m(ClientAppActor pid=346619)[0m         
[36m(ClientAppActor pid=346622)[0m 
[36m(ClientAppActor pid=346622)[0m         
[36m(ClientAppActor pid=346620)[0m 
[36m(ClientAppActor pid=346620)[0m         
[36m(ClientAppActor pid=346621)[0m 
[36m(ClientAppActor pid=346621)[0m         
[92mINFO [0m:      aggregate_evaluate: received 5 results and 0 failures
[92mINFO [0m:      
[92mINFO [0m:      [ROUND 7]
[92mINFO [0m:      configure_fit: strategy sampled 5 clients (out of 5)
[36m(ClientAppActor pid=346621)[0m 
[36m(ClientAppActor pid=346621)[0m         
[36m(ClientAppActor pid=346620)[0m 
[36m(ClientAppActor pid=346620)[0m         
[36m(ClientAppActor pid=346622)[0m 
[36m(ClientAppActor pid=346622)[0m         
[36m(ClientAppActor pid=346619)[0m 
[36m(ClientAppActor pid=346619)[0m         
[36m(ClientAppActor pid=346623)[0m 
[36m(ClientAppActor pid=346623)[0m         
[92mINFO [0m:      aggregate_fit: received 5 results and 0 failures
[92mINFO [0m:      fit progress: (7, 1.114238507270813, {'accuracy': 0.6222, 'loss': 1.114238507270813}, 100.76324511005078)
[92mINFO [0m:      configure_evaluate: strategy sampled 5 clients (out of 5)
[36m(ClientAppActor pid=346620)[0m 
[36m(ClientAppActor pid=346620)[0m         
[36m(ClientAppActor pid=346620)[0m [93mWARNING [0m:   DEPRECATED FEATURE: `client_fn` now expects a signature `def client_fn(context: Context)`.The provided `client_fn` has signature: {'cid': <Parameter "cid: str">}. You can import the `Context` like this: `from flwr.app import Context`[32m [repeated 10x across cluster][0m
[36m(ClientAppActor pid=346620)[0m             This is a deprecated feature. It will be removed[32m [repeated 10x across cluster][0m
[36m(ClientAppActor pid=346620)[0m             entirely in future versions of Flower.[32m [repeated 10x across cluster][0m
[36m(ClientAppActor pid=346619)[0m 
[36m(ClientAppActor pid=346619)[0m         
[36m(ClientAppActor pid=346621)[0m 
[36m(ClientAppActor pid=346621)[0m         
[36m(ClientAppActor pid=346623)[0m 
[36m(ClientAppActor pid=346623)[0m         
[36m(ClientAppActor pid=346622)[0m 
[36m(ClientAppActor pid=346622)[0m         
[92mINFO [0m:      aggregate_evaluate: received 5 results and 0 failures
[92mINFO [0m:      
[92mINFO [0m:      [ROUND 8]
[92mINFO [0m:      configure_fit: strategy sampled 5 clients (out of 5)
[36m(ClientAppActor pid=346622)[0m 
[36m(ClientAppActor pid=346622)[0m         
[36m(ClientAppActor pid=346623)[0m 
[36m(ClientAppActor pid=346623)[0m         
[36m(ClientAppActor pid=346619)[0m 
[36m(ClientAppActor pid=346619)[0m         
[36m(ClientAppActor pid=346621)[0m 
[36m(ClientAppActor pid=346621)[0m         
[36m(ClientAppActor pid=346620)[0m 
[36m(ClientAppActor pid=346620)[0m         
[92mINFO [0m:      aggregate_fit: received 5 results and 0 failures
[92mINFO [0m:      fit progress: (8, 1.1002376230239868, {'accuracy': 0.6357, 'loss': 1.1002376230239868}, 114.91398544702679)
[92mINFO [0m:      configure_evaluate: strategy sampled 5 clients (out of 5)
[36m(ClientAppActor pid=346621)[0m 
[36m(ClientAppActor pid=346621)[0m         
[36m(ClientAppActor pid=346621)[0m [93mWARNING [0m:   DEPRECATED FEATURE: `client_fn` now expects a signature `def client_fn(context: Context)`.The provided `client_fn` has signature: {'cid': <Parameter "cid: str">}. You can import the `Context` like this: `from flwr.app import Context`[32m [repeated 10x across cluster][0m
[36m(ClientAppActor pid=346621)[0m             This is a deprecated feature. It will be removed[32m [repeated 10x across cluster][0m
[36m(ClientAppActor pid=346621)[0m             entirely in future versions of Flower.[32m [repeated 10x across cluster][0m
[36m(ClientAppActor pid=346620)[0m 
[36m(ClientAppActor pid=346620)[0m         
[36m(ClientAppActor pid=346623)[0m 
[36m(ClientAppActor pid=346623)[0m         
[36m(ClientAppActor pid=346619)[0m 
[36m(ClientAppActor pid=346619)[0m         
[36m(ClientAppActor pid=346622)[0m 
[36m(ClientAppActor pid=346622)[0m         
[92mINFO [0m:      aggregate_evaluate: received 5 results and 0 failures
[92mINFO [0m:      
[92mINFO [0m:      [ROUND 9]
[92mINFO [0m:      configure_fit: strategy sampled 5 clients (out of 5)
[36m(ClientAppActor pid=346622)[0m 
[36m(ClientAppActor pid=346622)[0m         
[36m(ClientAppActor pid=346619)[0m 
[36m(ClientAppActor pid=346619)[0m         
[36m(ClientAppActor pid=346623)[0m 
[36m(ClientAppActor pid=346623)[0m         
[36m(ClientAppActor pid=346620)[0m 
[36m(ClientAppActor pid=346620)[0m         
[36m(ClientAppActor pid=346621)[0m 
[36m(ClientAppActor pid=346621)[0m         
[92mINFO [0m:      aggregate_fit: received 5 results and 0 failures
[92mINFO [0m:      fit progress: (9, 1.0251719898223877, {'accuracy': 0.6605, 'loss': 1.0251719898223877}, 129.02658012503525)
[92mINFO [0m:      configure_evaluate: strategy sampled 5 clients (out of 5)
[36m(ClientAppActor pid=346623)[0m 
[36m(ClientAppActor pid=346623)[0m         
[36m(ClientAppActor pid=346623)[0m [93mWARNING [0m:   DEPRECATED FEATURE: `client_fn` now expects a signature `def client_fn(context: Context)`.The provided `client_fn` has signature: {'cid': <Parameter "cid: str">}. You can import the `Context` like this: `from flwr.app import Context`[32m [repeated 10x across cluster][0m
[36m(ClientAppActor pid=346623)[0m             This is a deprecated feature. It will be removed[32m [repeated 10x across cluster][0m
[36m(ClientAppActor pid=346623)[0m             entirely in future versions of Flower.[32m [repeated 10x across cluster][0m
[36m(ClientAppActor pid=346619)[0m 
[36m(ClientAppActor pid=346619)[0m         
[36m(ClientAppActor pid=346620)[0m 
[36m(ClientAppActor pid=346620)[0m         
[36m(ClientAppActor pid=346621)[0m 
[36m(ClientAppActor pid=346621)[0m         
[36m(ClientAppActor pid=346622)[0m 
[36m(ClientAppActor pid=346622)[0m         
[92mINFO [0m:      aggregate_evaluate: received 5 results and 0 failures
[92mINFO [0m:      
[92mINFO [0m:      [ROUND 10]
[92mINFO [0m:      configure_fit: strategy sampled 5 clients (out of 5)
[36m(ClientAppActor pid=346622)[0m 
[36m(ClientAppActor pid=346622)[0m         
[36m(ClientAppActor pid=346621)[0m 
[36m(ClientAppActor pid=346621)[0m         
[36m(ClientAppActor pid=346619)[0m 
[36m(ClientAppActor pid=346619)[0m         
[36m(ClientAppActor pid=346620)[0m 
[36m(ClientAppActor pid=346620)[0m         
[36m(ClientAppActor pid=346623)[0m 
[36m(ClientAppActor pid=346623)[0m         
[92mINFO [0m:      aggregate_fit: received 5 results and 0 failures
[92mINFO [0m:      fit progress: (10, 0.9679974019050598, {'accuracy': 0.6822, 'loss': 0.9679974019050598}, 143.31798988301307)
[92mINFO [0m:      configure_evaluate: strategy sampled 5 clients (out of 5)
[36m(ClientAppActor pid=346623)[0m 
[36m(ClientAppActor pid=346623)[0m         
[36m(ClientAppActor pid=346623)[0m [93mWARNING [0m:   DEPRECATED FEATURE: `client_fn` now expects a signature `def client_fn(context: Context)`.The provided `client_fn` has signature: {'cid': <Parameter "cid: str">}. You can import the `Context` like this: `from flwr.app import Context`[32m [repeated 10x across cluster][0m
[36m(ClientAppActor pid=346623)[0m             This is a deprecated feature. It will be removed[32m [repeated 10x across cluster][0m
[36m(ClientAppActor pid=346623)[0m             entirely in future versions of Flower.[32m [repeated 10x across cluster][0m
[36m(ClientAppActor pid=346619)[0m 
[36m(ClientAppActor pid=346619)[0m         
[36m(ClientAppActor pid=346622)[0m 
[36m(ClientAppActor pid=346622)[0m         
[36m(ClientAppActor pid=346620)[0m 
[36m(ClientAppActor pid=346620)[0m         
[36m(ClientAppActor pid=346621)[0m 
[36m(ClientAppActor pid=346621)[0m         
[92mINFO [0m:      aggregate_evaluate: received 5 results and 0 failures
[92mINFO [0m:      
[92mINFO [0m:      [SUMMARY]
[92mINFO [0m:      Run finished 10 round(s) in 144.09s
[92mINFO [0m:      	History (loss, distributed):
[92mINFO [0m:      		round 1: 2.3187572188070176
[92mINFO [0m:      		round 2: 2.1004256111185473
[92mINFO [0m:      		round 3: 1.633688507436895
[92mINFO [0m:      		round 4: 1.3328247962116289
[92mINFO [0m:      		round 5: 1.218180124690028
[92mINFO [0m:      		round 6: 1.1400926541499778
[92mINFO [0m:      		round 7: 1.0998135221724799
[92mINFO [0m:      		round 8: 1.0851575905392292
[92mINFO [0m:      		round 9: 1.0110340573015857
[92mINFO [0m:      		round 10: 0.9417937326164139
[92mINFO [0m:      	History (loss, centralized):
[92mINFO [0m:      		round 0: 2.303057448577881
[92mINFO [0m:      		round 1: 2.317786784362793
[92mINFO [0m:      		round 2: 2.120348438453674
[92mINFO [0m:      		round 3: 1.6630133243560792
[92mINFO [0m:      		round 4: 1.3552047422409057
[92mINFO [0m:      		round 5: 1.2347393772125244
[92mINFO [0m:      		round 6: 1.1554079404830933
[92mINFO [0m:      		round 7: 1.114238507270813
[92mINFO [0m:      		round 8: 1.1002376230239868
[92mINFO [0m:      		round 9: 1.0251719898223877
[92mINFO [0m:      		round 10: 0.9679974019050598
[92mINFO [0m:      	History (metrics, distributed, fit):
[92mINFO [0m:      	{'avg_flops_per_client_round': [(1, 8140624189440.0),
[92mINFO [0m:      	                                (2, 8140624189440.0),
[92mINFO [0m:      	                                (3, 8140624189440.0),
[92mINFO [0m:      	                                (4, 8140624189440.0),
[92mINFO [0m:      	                                (5, 8140624189440.0),
[92mINFO [0m:      	                                (6, 8140624189440.0),
[92mINFO [0m:      	                                (7, 8140624189440.0),
[92mINFO [0m:      	                                (8, 8140624189440.0),
[92mINFO [0m:      	                                (9, 8140624189440.0),
[92mINFO [0m:      	                                (10, 8140624189440.0)],
[92mINFO [0m:      	 'total_flops_round': [(1, 40703120947200),
[92mINFO [0m:      	                       (2, 40703120947200),
[92mINFO [0m:      	                       (3, 40703120947200),
[92mINFO [0m:      	                       (4, 40703120947200),
[92mINFO [0m:      	                       (5, 40703120947200),
[92mINFO [0m:      	                       (6, 40703120947200),
[92mINFO [0m:      	                       (7, 40703120947200),
[92mINFO [0m:      	                       (8, 40703120947200),
[92mINFO [0m:      	                       (9, 40703120947200),
[92mINFO [0m:      	                       (10, 40703120947200)]}
[92mINFO [0m:      	History (metrics, distributed, evaluate):
[92mINFO [0m:      	{'accuracy': [(1, 0.09863945578231291),
[92mINFO [0m:      	              (2, 0.23489395758303322),
[92mINFO [0m:      	              (3, 0.4289715886354542),
[92mINFO [0m:      	              (4, 0.5208083233293317),
[92mINFO [0m:      	              (5, 0.5680272108843537),
[92mINFO [0m:      	              (6, 0.608843537414966),
[92mINFO [0m:      	              (7, 0.6202480992396959),
[92mINFO [0m:      	              (8, 0.6330532212885154),
[92mINFO [0m:      	              (9, 0.6610644257703081),
[92mINFO [0m:      	              (10, 0.6902761104441777)],
[92mINFO [0m:      	 'loss': [(1, 2.3187572188070176),
[92mINFO [0m:      	          (2, 2.1004256111185473),
[92mINFO [0m:      	          (3, 1.633688507436895),
[92mINFO [0m:      	          (4, 1.3328247962116289),
[92mINFO [0m:      	          (5, 1.218180124690028),
[92mINFO [0m:      	          (6, 1.1400926541499778),
[92mINFO [0m:      	          (7, 1.0998135221724799),
[92mINFO [0m:      	          (8, 1.0851575905392292),
[92mINFO [0m:      	          (9, 1.0110340573015857),
[92mINFO [0m:      	          (10, 0.9417937326164139)]}
[92mINFO [0m:      	History (metrics, centralized):
[92mINFO [0m:      	{'accuracy': [(0, 0.1),
[92mINFO [0m:      	              (1, 0.1),
[92mINFO [0m:      	              (2, 0.2296),
[92mINFO [0m:      	              (3, 0.4248),
[92mINFO [0m:      	              (4, 0.5201),
[92mINFO [0m:      	              (5, 0.5686),
[92mINFO [0m:      	              (6, 0.6057),
[92mINFO [0m:      	              (7, 0.6222),
[92mINFO [0m:      	              (8, 0.6357),
[92mINFO [0m:      	              (9, 0.6605),
[92mINFO [0m:      	              (10, 0.6822)],
[92mINFO [0m:      	 'loss': [(0, 2.303057448577881),
[92mINFO [0m:      	          (1, 2.317786784362793),
[92mINFO [0m:      	          (2, 2.120348438453674),
[92mINFO [0m:      	          (3, 1.6630133243560792),
[92mINFO [0m:      	          (4, 1.3552047422409057),
[92mINFO [0m:      	          (5, 1.2347393772125244),
[92mINFO [0m:      	          (6, 1.1554079404830933),
[92mINFO [0m:      	          (7, 1.114238507270813),
[92mINFO [0m:      	          (8, 1.1002376230239868),
[92mINFO [0m:      	          (9, 1.0251719898223877),
[92mINFO [0m:      	          (10, 0.9679974019050598)]}
[92mINFO [0m:      
Treinando no dispositivo: cuda:0 com o dataset: CIFAR10 | Setup clientes: 5 (num_gpus por cliente=0.2) | SEED=43
FLOPS por amostra (forward): 6.030e+07 | (forward+backward, 3x): 1.809e+08
Files already downloaded and verified
Files already downloaded and verified
Dividindo o dataset usando a distribuição de Dirichlet com alpha=0.1.
Iniciando a simulação de Aprendizado Federado...
=== Diagnóstico de Medição de GPU ===
  pynvml_disponivel: True
  pynvml_versao: 580.173.02
  gpus_detectadas: 1
  leitura_potencia_ok: True
  potencia_atual_W: 114.527

--- Rodada 0 - Avaliação Centralizada (Servidor) ---
Loss (Servidor): 2.3031 | Acurácia (Servidor): 0.1000

--- Rodada 1 - Avaliação Centralizada (Servidor) ---
Loss (Servidor): 2.3178 | Acurácia (Servidor): 0.1000
--- Avaliação Agregada (Clientes) ---
Loss Média (Clientes): 2.3188 | Acurácia Média (Clientes): 0.0986

--- Rodada 2 - Avaliação Centralizada (Servidor) ---
Loss (Servidor): 2.1203 | Acurácia (Servidor): 0.2296
--- Avaliação Agregada (Clientes) ---
Loss Média (Clientes): 2.1004 | Acurácia Média (Clientes): 0.2349

--- Rodada 3 - Avaliação Centralizada (Servidor) ---
Loss (Servidor): 1.6630 | Acurácia (Servidor): 0.4248
--- Avaliação Agregada (Clientes) ---
Loss Média (Clientes): 1.6337 | Acurácia Média (Clientes): 0.4290

--- Rodada 4 - Avaliação Centralizada (Servidor) ---
Loss (Servidor): 1.3552 | Acurácia (Servidor): 0.5201
--- Avaliação Agregada (Clientes) ---
Loss Média (Clientes): 1.3328 | Acurácia Média (Clientes): 0.5208

--- Rodada 5 - Avaliação Centralizada (Servidor) ---
Loss (Servidor): 1.2347 | Acurácia (Servidor): 0.5686
--- Avaliação Agregada (Clientes) ---
Loss Média (Clientes): 1.2182 | Acurácia Média (Clientes): 0.5680

--- Rodada 6 - Avaliação Centralizada (Servidor) ---
Loss (Servidor): 1.1554 | Acurácia (Servidor): 0.6057
--- Avaliação Agregada (Clientes) ---
Loss Média (Clientes): 1.1401 | Acurácia Média (Clientes): 0.6088

--- Rodada 7 - Avaliação Centralizada (Servidor) ---
Loss (Servidor): 1.1142 | Acurácia (Servidor): 0.6222
--- Avaliação Agregada (Clientes) ---
Loss Média (Clientes): 1.0998 | Acurácia Média (Clientes): 0.6202

--- Rodada 8 - Avaliação Centralizada (Servidor) ---
Loss (Servidor): 1.1002 | Acurácia (Servidor): 0.6357
--- Avaliação Agregada (Clientes) ---
Loss Média (Clientes): 1.0852 | Acurácia Média (Clientes): 0.6331

--- Rodada 9 - Avaliação Centralizada (Servidor) ---
Loss (Servidor): 1.0252 | Acurácia (Servidor): 0.6605
--- Avaliação Agregada (Clientes) ---
Loss Média (Clientes): 1.0110 | Acurácia Média (Clientes): 0.6611

--- Rodada 10 - Avaliação Centralizada (Servidor) ---
Loss (Servidor): 0.9680 | Acurácia (Servidor): 0.6822
--- Avaliação Agregada (Clientes) ---
Loss Média (Clientes): 0.9418 | Acurácia Média (Clientes): 0.6903

Resultados salvos em: /home/tiago/GitHubProjects/fedhad-thesis-2/FedAVG-results/1.1_diagnostico_drift/CIFAR10/FedAVG__CIFAR10__Setup-5__Clients-5__Rounds-10__Delay-0_05__Alpha-0_1__Seed-43.txt
[36m(ClientAppActor pid=346621)[0m [93mWARNING [0m:   DEPRECATED FEATURE: `client_fn` now expects a signature `def client_fn(context: Context)`.The provided `client_fn` has signature: {'cid': <Parameter "cid: str">}. You can import the `Context` like this: `from flwr.app import Context`[32m [repeated 4x across cluster][0m
[36m(ClientAppActor pid=346621)[0m             This is a deprecated feature. It will be removed[32m [repeated 4x across cluster][0m
[36m(ClientAppActor pid=346621)[0m             entirely in future versions of Flower.[32m [repeated 4x across cluster][0m
