[codecarbon WARNING @ 12:15:06] Multiple instances of codecarbon are allowed to run at the same time.
[93mWARNING [0m:   DEPRECATED FEATURE: flwr.simulation.start_simulation() is deprecated.
	Instead, use the `flwr run` CLI command to start a local simulation in your Flower app, as shown for example below:

		$ flwr new  # Create a new Flower app from a template

		$ flwr run  # Run the Flower app in Simulation Mode

	Using `start_simulation()` is deprecated.

            This is a deprecated feature. It will be removed
            entirely in future versions of Flower.
        
[92mINFO [0m:      Starting Flower simulation, config: num_rounds=10, no round_timeout
2026-09-04 12:15:15,155	INFO worker.py:2012 -- Started a local Ray instance.
/home/tiago/GitHubProjects/fedhad-thesis-2/env_flwr_pt/lib/python3.12/site-packages/ray/_private/worker.py:2051: FutureWarning: Tip: In future versions of Ray, Ray will no longer override accelerator visible devices env var if num_gpus=0 or num_gpus=None (default). To enable this behavior and turn off this error message, set RAY_ACCEL_ENV_VAR_OVERRIDE_ON_ZERO=0
  warnings.warn(
[92mINFO [0m:      Flower VCE: Ray initialized with resources: {'object_store_memory': 77740061491.0, 'node:10.129.64.100': 1.0, 'accelerator_type:A40': 1.0, 'node:__internal_head__': 1.0, 'GPU': 1.0, 'CPU': 64.0, 'memory': 181393476813.0}
[92mINFO [0m:      Optimize your simulation with Flower VCE: https://flower.ai/docs/framework/how-to-run-simulations.html
/home/tiago/GitHubProjects/fedhad-thesis-2/FedAVG_Final.py:1577: UserWarning: No `num_cpus` specified in `client_resources`. Using `num_cpus=1` for each client.
  history = fl.simulation.start_simulation(
[92mINFO [0m:      Flower VCE: Resources for each Virtual Client: {'num_gpus': 0.2, 'num_cpus': 1}
[92mINFO [0m:      Flower VCE: Creating VirtualClientEngineActorPool with 5 actors
[92mINFO [0m:      [INIT]
[92mINFO [0m:      Requesting initial parameters from one random client
[36m(ClientAppActor pid=399792)[0m [93mWARNING [0m:   DEPRECATED FEATURE: `client_fn` now expects a signature `def client_fn(context: Context)`.The provided `client_fn` has signature: {'cid': <Parameter "cid: str">}. You can import the `Context` like this: `from flwr.app import Context`
[36m(ClientAppActor pid=399792)[0m 
[36m(ClientAppActor pid=399792)[0m             This is a deprecated feature. It will be removed
[36m(ClientAppActor pid=399792)[0m             entirely in future versions of Flower.
[36m(ClientAppActor pid=399792)[0m         
[92mINFO [0m:      Received initial parameters from one random client
[92mINFO [0m:      Starting evaluation of initial global parameters
[92mINFO [0m:      initial parameters (loss, other metrics): 2.303037270736694, {'accuracy': 0.1, 'loss': 2.303037270736694}
[92mINFO [0m:      
[92mINFO [0m:      [ROUND 1]
[92mINFO [0m:      configure_fit: strategy sampled 5 clients (out of 5)
[36m(ClientAppActor pid=399792)[0m [93mWARNING [0m:   DEPRECATED FEATURE: `client_fn` now expects a signature `def client_fn(context: Context)`.The provided `client_fn` has signature: {'cid': <Parameter "cid: str">}. You can import the `Context` like this: `from flwr.app import Context`
[36m(ClientAppActor pid=399792)[0m 
[36m(ClientAppActor pid=399792)[0m             This is a deprecated feature. It will be removed
[36m(ClientAppActor pid=399792)[0m             entirely in future versions of Flower.
[36m(ClientAppActor pid=399792)[0m         
[36m(ClientAppActor pid=399794)[0m 
[36m(ClientAppActor pid=399794)[0m         
[36m(ClientAppActor pid=399793)[0m 
[36m(ClientAppActor pid=399793)[0m         
[36m(ClientAppActor pid=399790)[0m 
[36m(ClientAppActor pid=399790)[0m         
[36m(ClientAppActor pid=399791)[0m 
[36m(ClientAppActor pid=399791)[0m         
[92mINFO [0m:      aggregate_fit: received 5 results and 0 failures
[92mINFO [0m:      fit progress: (1, 2.197810096359253, {'accuracy': 0.2043, 'loss': 2.197810096359253}, 19.266630406025797)
[92mINFO [0m:      configure_evaluate: strategy sampled 5 clients (out of 5)
[36m(ClientAppActor pid=399790)[0m 
[36m(ClientAppActor pid=399790)[0m         
[36m(ClientAppActor pid=399790)[0m [93mWARNING [0m:   DEPRECATED FEATURE: `client_fn` now expects a signature `def client_fn(context: Context)`.The provided `client_fn` has signature: {'cid': <Parameter "cid: str">}. You can import the `Context` like this: `from flwr.app import Context`[32m [repeated 5x across cluster] (Ray deduplicates logs by default. Set RAY_DEDUP_LOGS=0 to disable log deduplication, or see https://docs.ray.io/en/master/ray-observability/user-guides/configure-logging.html#log-deduplication for more options.)[0m
[36m(ClientAppActor pid=399790)[0m             This is a deprecated feature. It will be removed[32m [repeated 5x across cluster][0m
[36m(ClientAppActor pid=399790)[0m             entirely in future versions of Flower.[32m [repeated 5x across cluster][0m
[36m(ClientAppActor pid=399791)[0m 
[36m(ClientAppActor pid=399791)[0m         
[36m(ClientAppActor pid=399794)[0m 
[36m(ClientAppActor pid=399794)[0m         
[36m(ClientAppActor pid=399793)[0m 
[36m(ClientAppActor pid=399793)[0m         
[36m(ClientAppActor pid=399792)[0m 
[36m(ClientAppActor pid=399792)[0m         
[92mINFO [0m:      aggregate_evaluate: received 5 results and 0 failures
[92mINFO [0m:      
[92mINFO [0m:      [ROUND 2]
[92mINFO [0m:      configure_fit: strategy sampled 5 clients (out of 5)
[36m(ClientAppActor pid=399792)[0m 
[36m(ClientAppActor pid=399792)[0m         
[36m(ClientAppActor pid=399793)[0m 
[36m(ClientAppActor pid=399793)[0m         
[36m(ClientAppActor pid=399794)[0m 
[36m(ClientAppActor pid=399794)[0m         
[36m(ClientAppActor pid=399791)[0m 
[36m(ClientAppActor pid=399791)[0m         
[36m(ClientAppActor pid=399790)[0m 
[36m(ClientAppActor pid=399790)[0m         
[92mINFO [0m:      aggregate_fit: received 5 results and 0 failures
[92mINFO [0m:      fit progress: (2, 1.5987514532089233, {'accuracy': 0.4963, 'loss': 1.5987514532089233}, 37.507713988015894)
[92mINFO [0m:      configure_evaluate: strategy sampled 5 clients (out of 5)
[36m(ClientAppActor pid=399794)[0m 
[36m(ClientAppActor pid=399794)[0m         
[36m(ClientAppActor pid=399794)[0m [93mWARNING [0m:   DEPRECATED FEATURE: `client_fn` now expects a signature `def client_fn(context: Context)`.The provided `client_fn` has signature: {'cid': <Parameter "cid: str">}. You can import the `Context` like this: `from flwr.app import Context`[32m [repeated 10x across cluster][0m
[36m(ClientAppActor pid=399794)[0m             This is a deprecated feature. It will be removed[32m [repeated 10x across cluster][0m
[36m(ClientAppActor pid=399794)[0m             entirely in future versions of Flower.[32m [repeated 10x across cluster][0m
[36m(ClientAppActor pid=399790)[0m 
[36m(ClientAppActor pid=399790)[0m         
[36m(ClientAppActor pid=399791)[0m 
[36m(ClientAppActor pid=399791)[0m         
[36m(ClientAppActor pid=399792)[0m 
[36m(ClientAppActor pid=399792)[0m         
[36m(ClientAppActor pid=399793)[0m 
[36m(ClientAppActor pid=399793)[0m         
[92mINFO [0m:      aggregate_evaluate: received 5 results and 0 failures
[92mINFO [0m:      
[92mINFO [0m:      [ROUND 3]
[92mINFO [0m:      configure_fit: strategy sampled 5 clients (out of 5)
[36m(ClientAppActor pid=399792)[0m 
[36m(ClientAppActor pid=399792)[0m         
[36m(ClientAppActor pid=399793)[0m 
[36m(ClientAppActor pid=399793)[0m         
[36m(ClientAppActor pid=399791)[0m 
[36m(ClientAppActor pid=399791)[0m         
[36m(ClientAppActor pid=399790)[0m 
[36m(ClientAppActor pid=399790)[0m         
[36m(ClientAppActor pid=399794)[0m 
[36m(ClientAppActor pid=399794)[0m         
[92mINFO [0m:      aggregate_fit: received 5 results and 0 failures
[92mINFO [0m:      fit progress: (3, 1.3278547605514526, {'accuracy': 0.5698, 'loss': 1.3278547605514526}, 55.43150799704017)
[92mINFO [0m:      configure_evaluate: strategy sampled 5 clients (out of 5)
[36m(ClientAppActor pid=399792)[0m 
[36m(ClientAppActor pid=399792)[0m         
[36m(ClientAppActor pid=399792)[0m [93mWARNING [0m:   DEPRECATED FEATURE: `client_fn` now expects a signature `def client_fn(context: Context)`.The provided `client_fn` has signature: {'cid': <Parameter "cid: str">}. You can import the `Context` like this: `from flwr.app import Context`[32m [repeated 10x across cluster][0m
[36m(ClientAppActor pid=399792)[0m             This is a deprecated feature. It will be removed[32m [repeated 10x across cluster][0m
[36m(ClientAppActor pid=399792)[0m             entirely in future versions of Flower.[32m [repeated 10x across cluster][0m
[36m(ClientAppActor pid=399794)[0m 
[36m(ClientAppActor pid=399794)[0m         
[36m(ClientAppActor pid=399793)[0m 
[36m(ClientAppActor pid=399793)[0m         
[36m(ClientAppActor pid=399790)[0m 
[36m(ClientAppActor pid=399790)[0m         
[36m(ClientAppActor pid=399791)[0m 
[36m(ClientAppActor pid=399791)[0m         
[92mINFO [0m:      aggregate_evaluate: received 5 results and 0 failures
[92mINFO [0m:      
[92mINFO [0m:      [ROUND 4]
[92mINFO [0m:      configure_fit: strategy sampled 5 clients (out of 5)
[36m(ClientAppActor pid=399791)[0m 
[36m(ClientAppActor pid=399791)[0m         
[36m(ClientAppActor pid=399794)[0m 
[36m(ClientAppActor pid=399794)[0m         
[36m(ClientAppActor pid=399793)[0m 
[36m(ClientAppActor pid=399793)[0m         
[36m(ClientAppActor pid=399790)[0m 
[36m(ClientAppActor pid=399790)[0m         
[36m(ClientAppActor pid=399792)[0m 
[36m(ClientAppActor pid=399792)[0m         
[92mINFO [0m:      aggregate_fit: received 5 results and 0 failures
[92mINFO [0m:      fit progress: (4, 1.5343848476409911, {'accuracy': 0.5756, 'loss': 1.5343848476409911}, 73.8356419460033)
[92mINFO [0m:      configure_evaluate: strategy sampled 5 clients (out of 5)
[36m(ClientAppActor pid=399792)[0m 
[36m(ClientAppActor pid=399792)[0m         
[36m(ClientAppActor pid=399792)[0m [93mWARNING [0m:   DEPRECATED FEATURE: `client_fn` now expects a signature `def client_fn(context: Context)`.The provided `client_fn` has signature: {'cid': <Parameter "cid: str">}. You can import the `Context` like this: `from flwr.app import Context`[32m [repeated 10x across cluster][0m
[36m(ClientAppActor pid=399792)[0m             This is a deprecated feature. It will be removed[32m [repeated 10x across cluster][0m
[36m(ClientAppActor pid=399792)[0m             entirely in future versions of Flower.[32m [repeated 10x across cluster][0m
[36m(ClientAppActor pid=399791)[0m 
[36m(ClientAppActor pid=399791)[0m         
[36m(ClientAppActor pid=399790)[0m 
[36m(ClientAppActor pid=399790)[0m         
[36m(ClientAppActor pid=399793)[0m 
[36m(ClientAppActor pid=399793)[0m         
[36m(ClientAppActor pid=399794)[0m 
[36m(ClientAppActor pid=399794)[0m         
[92mINFO [0m:      aggregate_evaluate: received 5 results and 0 failures
[92mINFO [0m:      
[92mINFO [0m:      [ROUND 5]
[92mINFO [0m:      configure_fit: strategy sampled 5 clients (out of 5)
[36m(ClientAppActor pid=399794)[0m 
[36m(ClientAppActor pid=399794)[0m         
[36m(ClientAppActor pid=399793)[0m 
[36m(ClientAppActor pid=399793)[0m         
[36m(ClientAppActor pid=399791)[0m 
[36m(ClientAppActor pid=399791)[0m         
[36m(ClientAppActor pid=399790)[0m 
[36m(ClientAppActor pid=399790)[0m         
[36m(ClientAppActor pid=399792)[0m 
[36m(ClientAppActor pid=399792)[0m         
[92mINFO [0m:      aggregate_fit: received 5 results and 0 failures
[92mINFO [0m:      fit progress: (5, 1.173869682598114, {'accuracy': 0.6507, 'loss': 1.173869682598114}, 92.1327600890072)
[92mINFO [0m:      configure_evaluate: strategy sampled 5 clients (out of 5)
[36m(ClientAppActor pid=399793)[0m 
[36m(ClientAppActor pid=399793)[0m         
[36m(ClientAppActor pid=399793)[0m [93mWARNING [0m:   DEPRECATED FEATURE: `client_fn` now expects a signature `def client_fn(context: Context)`.The provided `client_fn` has signature: {'cid': <Parameter "cid: str">}. You can import the `Context` like this: `from flwr.app import Context`[32m [repeated 10x across cluster][0m
[36m(ClientAppActor pid=399793)[0m             This is a deprecated feature. It will be removed[32m [repeated 10x across cluster][0m
[36m(ClientAppActor pid=399793)[0m             entirely in future versions of Flower.[32m [repeated 10x across cluster][0m
[36m(ClientAppActor pid=399790)[0m 
[36m(ClientAppActor pid=399790)[0m         
[36m(ClientAppActor pid=399794)[0m 
[36m(ClientAppActor pid=399794)[0m         
[36m(ClientAppActor pid=399791)[0m 
[36m(ClientAppActor pid=399791)[0m         
[36m(ClientAppActor pid=399792)[0m 
[36m(ClientAppActor pid=399792)[0m         
[92mINFO [0m:      aggregate_evaluate: received 5 results and 0 failures
[92mINFO [0m:      
[92mINFO [0m:      [ROUND 6]
[92mINFO [0m:      configure_fit: strategy sampled 5 clients (out of 5)
[36m(ClientAppActor pid=399791)[0m 
[36m(ClientAppActor pid=399791)[0m         
[36m(ClientAppActor pid=399792)[0m 
[36m(ClientAppActor pid=399792)[0m         
[36m(ClientAppActor pid=399790)[0m 
[36m(ClientAppActor pid=399790)[0m         
[36m(ClientAppActor pid=399794)[0m 
[36m(ClientAppActor pid=399794)[0m         
[36m(ClientAppActor pid=399793)[0m 
[36m(ClientAppActor pid=399793)[0m         
[92mINFO [0m:      aggregate_fit: received 5 results and 0 failures
[92mINFO [0m:      fit progress: (6, 1.2454587280273437, {'accuracy': 0.6614, 'loss': 1.2454587280273437}, 110.5207874730113)
[92mINFO [0m:      configure_evaluate: strategy sampled 5 clients (out of 5)
[36m(ClientAppActor pid=399793)[0m 
[36m(ClientAppActor pid=399793)[0m         
[36m(ClientAppActor pid=399793)[0m [93mWARNING [0m:   DEPRECATED FEATURE: `client_fn` now expects a signature `def client_fn(context: Context)`.The provided `client_fn` has signature: {'cid': <Parameter "cid: str">}. You can import the `Context` like this: `from flwr.app import Context`[32m [repeated 10x across cluster][0m
[36m(ClientAppActor pid=399793)[0m             This is a deprecated feature. It will be removed[32m [repeated 10x across cluster][0m
[36m(ClientAppActor pid=399793)[0m             entirely in future versions of Flower.[32m [repeated 10x across cluster][0m
[36m(ClientAppActor pid=399794)[0m 
[36m(ClientAppActor pid=399794)[0m         
[36m(ClientAppActor pid=399790)[0m 
[36m(ClientAppActor pid=399790)[0m         
[36m(ClientAppActor pid=399791)[0m 
[36m(ClientAppActor pid=399791)[0m         
[36m(ClientAppActor pid=399792)[0m 
[36m(ClientAppActor pid=399792)[0m         
[92mINFO [0m:      aggregate_evaluate: received 5 results and 0 failures
[92mINFO [0m:      
[92mINFO [0m:      [ROUND 7]
[92mINFO [0m:      configure_fit: strategy sampled 5 clients (out of 5)
[36m(ClientAppActor pid=399792)[0m 
[36m(ClientAppActor pid=399792)[0m         
[36m(ClientAppActor pid=399791)[0m 
[36m(ClientAppActor pid=399791)[0m         
[36m(ClientAppActor pid=399790)[0m 
[36m(ClientAppActor pid=399790)[0m         
[36m(ClientAppActor pid=399794)[0m 
[36m(ClientAppActor pid=399794)[0m         
[36m(ClientAppActor pid=399793)[0m 
[36m(ClientAppActor pid=399793)[0m         
[92mINFO [0m:      aggregate_fit: received 5 results and 0 failures
[92mINFO [0m:      fit progress: (7, 1.2753190892219544, {'accuracy': 0.6729, 'loss': 1.2753190892219544}, 128.46122773602838)
[92mINFO [0m:      configure_evaluate: strategy sampled 5 clients (out of 5)
[36m(ClientAppActor pid=399792)[0m 
[36m(ClientAppActor pid=399792)[0m         
[36m(ClientAppActor pid=399792)[0m [93mWARNING [0m:   DEPRECATED FEATURE: `client_fn` now expects a signature `def client_fn(context: Context)`.The provided `client_fn` has signature: {'cid': <Parameter "cid: str">}. You can import the `Context` like this: `from flwr.app import Context`[32m [repeated 10x across cluster][0m
[36m(ClientAppActor pid=399792)[0m             This is a deprecated feature. It will be removed[32m [repeated 10x across cluster][0m
[36m(ClientAppActor pid=399792)[0m             entirely in future versions of Flower.[32m [repeated 10x across cluster][0m
[36m(ClientAppActor pid=399791)[0m 
[36m(ClientAppActor pid=399791)[0m         
[36m(ClientAppActor pid=399794)[0m 
[36m(ClientAppActor pid=399794)[0m         
[36m(ClientAppActor pid=399790)[0m 
[36m(ClientAppActor pid=399790)[0m         
[36m(ClientAppActor pid=399793)[0m 
[36m(ClientAppActor pid=399793)[0m         
[92mINFO [0m:      aggregate_evaluate: received 5 results and 0 failures
[92mINFO [0m:      
[92mINFO [0m:      [ROUND 8]
[92mINFO [0m:      configure_fit: strategy sampled 5 clients (out of 5)
[36m(ClientAppActor pid=399793)[0m 
[36m(ClientAppActor pid=399793)[0m         
[36m(ClientAppActor pid=399794)[0m 
[36m(ClientAppActor pid=399794)[0m         
[36m(ClientAppActor pid=399790)[0m 
[36m(ClientAppActor pid=399790)[0m         
[36m(ClientAppActor pid=399792)[0m 
[36m(ClientAppActor pid=399792)[0m         
[36m(ClientAppActor pid=399791)[0m 
[36m(ClientAppActor pid=399791)[0m         
[92mINFO [0m:      aggregate_fit: received 5 results and 0 failures
[92mINFO [0m:      fit progress: (8, 1.218459760093689, {'accuracy': 0.6915, 'loss': 1.218459760093689}, 146.68454872601433)
[92mINFO [0m:      configure_evaluate: strategy sampled 5 clients (out of 5)
[36m(ClientAppActor pid=399792)[0m 
[36m(ClientAppActor pid=399792)[0m         
[36m(ClientAppActor pid=399792)[0m [93mWARNING [0m:   DEPRECATED FEATURE: `client_fn` now expects a signature `def client_fn(context: Context)`.The provided `client_fn` has signature: {'cid': <Parameter "cid: str">}. You can import the `Context` like this: `from flwr.app import Context`[32m [repeated 10x across cluster][0m
[36m(ClientAppActor pid=399792)[0m             This is a deprecated feature. It will be removed[32m [repeated 10x across cluster][0m
[36m(ClientAppActor pid=399792)[0m             entirely in future versions of Flower.[32m [repeated 10x across cluster][0m
[36m(ClientAppActor pid=399794)[0m 
[36m(ClientAppActor pid=399794)[0m         
[36m(ClientAppActor pid=399791)[0m 
[36m(ClientAppActor pid=399791)[0m         
[36m(ClientAppActor pid=399790)[0m 
[36m(ClientAppActor pid=399790)[0m         
[36m(ClientAppActor pid=399793)[0m 
[36m(ClientAppActor pid=399793)[0m         
[92mINFO [0m:      aggregate_evaluate: received 5 results and 0 failures
[92mINFO [0m:      
[92mINFO [0m:      [ROUND 9]
[92mINFO [0m:      configure_fit: strategy sampled 5 clients (out of 5)
[36m(ClientAppActor pid=399790)[0m 
[36m(ClientAppActor pid=399790)[0m         
[36m(ClientAppActor pid=399793)[0m 
[36m(ClientAppActor pid=399793)[0m         
[36m(ClientAppActor pid=399791)[0m 
[36m(ClientAppActor pid=399791)[0m         
[36m(ClientAppActor pid=399794)[0m 
[36m(ClientAppActor pid=399794)[0m         
[36m(ClientAppActor pid=399792)[0m 
[36m(ClientAppActor pid=399792)[0m         
[92mINFO [0m:      aggregate_fit: received 5 results and 0 failures
[92mINFO [0m:      fit progress: (9, 1.2273938907146453, {'accuracy': 0.6895, 'loss': 1.2273938907146453}, 165.09431206301088)
[92mINFO [0m:      configure_evaluate: strategy sampled 5 clients (out of 5)
[36m(ClientAppActor pid=399792)[0m 
[36m(ClientAppActor pid=399792)[0m         
[36m(ClientAppActor pid=399792)[0m [93mWARNING [0m:   DEPRECATED FEATURE: `client_fn` now expects a signature `def client_fn(context: Context)`.The provided `client_fn` has signature: {'cid': <Parameter "cid: str">}. You can import the `Context` like this: `from flwr.app import Context`[32m [repeated 10x across cluster][0m
[36m(ClientAppActor pid=399792)[0m             This is a deprecated feature. It will be removed[32m [repeated 10x across cluster][0m
[36m(ClientAppActor pid=399792)[0m             entirely in future versions of Flower.[32m [repeated 10x across cluster][0m
[36m(ClientAppActor pid=399794)[0m 
[36m(ClientAppActor pid=399794)[0m         
[36m(ClientAppActor pid=399790)[0m 
[36m(ClientAppActor pid=399790)[0m         
[36m(ClientAppActor pid=399791)[0m 
[36m(ClientAppActor pid=399791)[0m         
[36m(ClientAppActor pid=399793)[0m 
[36m(ClientAppActor pid=399793)[0m         
[92mINFO [0m:      aggregate_evaluate: received 5 results and 0 failures
[92mINFO [0m:      
[92mINFO [0m:      [ROUND 10]
[92mINFO [0m:      configure_fit: strategy sampled 5 clients (out of 5)
[36m(ClientAppActor pid=399791)[0m 
[36m(ClientAppActor pid=399791)[0m         
[36m(ClientAppActor pid=399793)[0m 
[36m(ClientAppActor pid=399793)[0m         
[36m(ClientAppActor pid=399794)[0m 
[36m(ClientAppActor pid=399794)[0m         
[36m(ClientAppActor pid=399790)[0m 
[36m(ClientAppActor pid=399790)[0m         
[36m(ClientAppActor pid=399792)[0m 
[36m(ClientAppActor pid=399792)[0m         
[92mINFO [0m:      aggregate_fit: received 5 results and 0 failures
[92mINFO [0m:      fit progress: (10, 1.2371732975006104, {'accuracy': 0.7066, 'loss': 1.2371732975006104}, 183.52499943604926)
[92mINFO [0m:      configure_evaluate: strategy sampled 5 clients (out of 5)
[36m(ClientAppActor pid=399790)[0m 
[36m(ClientAppActor pid=399790)[0m         
[36m(ClientAppActor pid=399790)[0m [93mWARNING [0m:   DEPRECATED FEATURE: `client_fn` now expects a signature `def client_fn(context: Context)`.The provided `client_fn` has signature: {'cid': <Parameter "cid: str">}. You can import the `Context` like this: `from flwr.app import Context`[32m [repeated 10x across cluster][0m
[36m(ClientAppActor pid=399790)[0m             This is a deprecated feature. It will be removed[32m [repeated 10x across cluster][0m
[36m(ClientAppActor pid=399790)[0m             entirely in future versions of Flower.[32m [repeated 10x across cluster][0m
[36m(ClientAppActor pid=399791)[0m 
[36m(ClientAppActor pid=399791)[0m         
[36m(ClientAppActor pid=399793)[0m 
[36m(ClientAppActor pid=399793)[0m         
[36m(ClientAppActor pid=399792)[0m 
[36m(ClientAppActor pid=399792)[0m         
[36m(ClientAppActor pid=399794)[0m 
[36m(ClientAppActor pid=399794)[0m         
[92mINFO [0m:      aggregate_evaluate: received 5 results and 0 failures
[92mINFO [0m:      
[92mINFO [0m:      [SUMMARY]
[92mINFO [0m:      Run finished 10 round(s) in 184.45s
[92mINFO [0m:      	History (loss, distributed):
[92mINFO [0m:      		round 1: 2.201183550973785
[92mINFO [0m:      		round 2: 1.5761796856060108
[92mINFO [0m:      		round 3: 1.317282849988008
[92mINFO [0m:      		round 4: 1.51648156400058
[92mINFO [0m:      		round 5: 1.1555609141251124
[92mINFO [0m:      		round 6: 1.2099742437329846
[92mINFO [0m:      		round 7: 1.2474153486995763
[92mINFO [0m:      		round 8: 1.1955814790983355
[92mINFO [0m:      		round 9: 1.2173477598302527
[92mINFO [0m:      		round 10: 1.2331030940637364
[92mINFO [0m:      	History (loss, centralized):
[92mINFO [0m:      		round 0: 2.303037270736694
[92mINFO [0m:      		round 1: 2.197810096359253
[92mINFO [0m:      		round 2: 1.5987514532089233
[92mINFO [0m:      		round 3: 1.3278547605514526
[92mINFO [0m:      		round 4: 1.5343848476409911
[92mINFO [0m:      		round 5: 1.173869682598114
[92mINFO [0m:      		round 6: 1.2454587280273437
[92mINFO [0m:      		round 7: 1.2753190892219544
[92mINFO [0m:      		round 8: 1.218459760093689
[92mINFO [0m:      		round 9: 1.2273938907146453
[92mINFO [0m:      		round 10: 1.2371732975006104
[92mINFO [0m:      	History (metrics, distributed, fit):
[92mINFO [0m:      	{'avg_flops_per_client_round': [(1, 8140805084160.0),
[92mINFO [0m:      	                                (2, 8140805084160.0),
[92mINFO [0m:      	                                (3, 8140805084160.0),
[92mINFO [0m:      	                                (4, 8140805084160.0),
[92mINFO [0m:      	                                (5, 8140805084160.0),
[92mINFO [0m:      	                                (6, 8140805084160.0),
[92mINFO [0m:      	                                (7, 8140805084160.0),
[92mINFO [0m:      	                                (8, 8140805084160.0),
[92mINFO [0m:      	                                (9, 8140805084160.0),
[92mINFO [0m:      	                                (10, 8140805084160.0)],
[92mINFO [0m:      	 'total_flops_round': [(1, 40704025420800),
[92mINFO [0m:      	                       (2, 40704025420800),
[92mINFO [0m:      	                       (3, 40704025420800),
[92mINFO [0m:      	                       (4, 40704025420800),
[92mINFO [0m:      	                       (5, 40704025420800),
[92mINFO [0m:      	                       (6, 40704025420800),
[92mINFO [0m:      	                       (7, 40704025420800),
[92mINFO [0m:      	                       (8, 40704025420800),
[92mINFO [0m:      	                       (9, 40704025420800),
[92mINFO [0m:      	                       (10, 40704025420800)]}
[92mINFO [0m:      	History (metrics, distributed, evaluate):
[92mINFO [0m:      	{'accuracy': [(1, 0.20772463478086853),
[92mINFO [0m:      	              (2, 0.49249549729837905),
[92mINFO [0m:      	              (3, 0.5621372823694216),
[92mINFO [0m:      	              (4, 0.5737442465479288),
[92mINFO [0m:      	              (5, 0.6547928757254352),
[92mINFO [0m:      	              (6, 0.6738042825695417),
[92mINFO [0m:      	              (7, 0.684610766459876),
[92mINFO [0m:      	              (8, 0.7024214528717231),
[92mINFO [0m:      	              (9, 0.7008204922953772),
[92mINFO [0m:      	              (10, 0.7142285371222734)],
[92mINFO [0m:      	 'loss': [(1, 2.201183550973785),
[92mINFO [0m:      	          (2, 1.5761796856060108),
[92mINFO [0m:      	          (3, 1.317282849988008),
[92mINFO [0m:      	          (4, 1.51648156400058),
[92mINFO [0m:      	          (5, 1.1555609141251124),
[92mINFO [0m:      	          (6, 1.2099742437329846),
[92mINFO [0m:      	          (7, 1.2474153486995763),
[92mINFO [0m:      	          (8, 1.1955814790983355),
[92mINFO [0m:      	          (9, 1.2173477598302527),
[92mINFO [0m:      	          (10, 1.2331030940637364)]}
[92mINFO [0m:      	History (metrics, centralized):
[92mINFO [0m:      	{'accuracy': [(0, 0.1),
[92mINFO [0m:      	              (1, 0.2043),
[92mINFO [0m:      	              (2, 0.4963),
[92mINFO [0m:      	              (3, 0.5698),
[92mINFO [0m:      	              (4, 0.5756),
[92mINFO [0m:      	              (5, 0.6507),
[92mINFO [0m:      	              (6, 0.6614),
[92mINFO [0m:      	              (7, 0.6729),
[92mINFO [0m:      	              (8, 0.6915),
[92mINFO [0m:      	              (9, 0.6895),
[92mINFO [0m:      	              (10, 0.7066)],
[92mINFO [0m:      	 'loss': [(0, 2.303037270736694),
[92mINFO [0m:      	          (1, 2.197810096359253),
[92mINFO [0m:      	          (2, 1.5987514532089233),
[92mINFO [0m:      	          (3, 1.3278547605514526),
[92mINFO [0m:      	          (4, 1.5343848476409911),
[92mINFO [0m:      	          (5, 1.173869682598114),
[92mINFO [0m:      	          (6, 1.2454587280273437),
[92mINFO [0m:      	          (7, 1.2753190892219544),
[92mINFO [0m:      	          (8, 1.218459760093689),
[92mINFO [0m:      	          (9, 1.2273938907146453),
[92mINFO [0m:      	          (10, 1.2371732975006104)]}
[92mINFO [0m:      
Treinando no dispositivo: cuda:0 com o dataset: CIFAR10 | Setup clientes: 5 (num_gpus por cliente=0.2) | SEED=50
FLOPS por amostra (forward): 6.030e+07 | (forward+backward, 3x): 1.809e+08
Files already downloaded and verified
Files already downloaded and verified
Dividindo o dataset usando a distribuição de Dirichlet com alpha=0.1.
Iniciando a simulação de Aprendizado Federado...
=== Diagnóstico de Medição de GPU ===
  pynvml_disponivel: True
  pynvml_versao: 580.173.02
  gpus_detectadas: 1
  leitura_potencia_ok: True
  potencia_atual_W: 114.884

--- Rodada 0 - Avaliação Centralizada (Servidor) ---
Loss (Servidor): 2.3030 | Acurácia (Servidor): 0.1000

--- Rodada 1 - Avaliação Centralizada (Servidor) ---
Loss (Servidor): 2.1978 | Acurácia (Servidor): 0.2043
--- Avaliação Agregada (Clientes) ---
Loss Média (Clientes): 2.2012 | Acurácia Média (Clientes): 0.2077

--- Rodada 2 - Avaliação Centralizada (Servidor) ---
Loss (Servidor): 1.5988 | Acurácia (Servidor): 0.4963
--- Avaliação Agregada (Clientes) ---
Loss Média (Clientes): 1.5762 | Acurácia Média (Clientes): 0.4925

--- Rodada 3 - Avaliação Centralizada (Servidor) ---
Loss (Servidor): 1.3279 | Acurácia (Servidor): 0.5698
--- Avaliação Agregada (Clientes) ---
Loss Média (Clientes): 1.3173 | Acurácia Média (Clientes): 0.5621

--- Rodada 4 - Avaliação Centralizada (Servidor) ---
Loss (Servidor): 1.5344 | Acurácia (Servidor): 0.5756
--- Avaliação Agregada (Clientes) ---
Loss Média (Clientes): 1.5165 | Acurácia Média (Clientes): 0.5737

--- Rodada 5 - Avaliação Centralizada (Servidor) ---
Loss (Servidor): 1.1739 | Acurácia (Servidor): 0.6507
--- Avaliação Agregada (Clientes) ---
Loss Média (Clientes): 1.1556 | Acurácia Média (Clientes): 0.6548

--- Rodada 6 - Avaliação Centralizada (Servidor) ---
Loss (Servidor): 1.2455 | Acurácia (Servidor): 0.6614
--- Avaliação Agregada (Clientes) ---
Loss Média (Clientes): 1.2100 | Acurácia Média (Clientes): 0.6738

--- Rodada 7 - Avaliação Centralizada (Servidor) ---
Loss (Servidor): 1.2753 | Acurácia (Servidor): 0.6729
--- Avaliação Agregada (Clientes) ---
Loss Média (Clientes): 1.2474 | Acurácia Média (Clientes): 0.6846

--- Rodada 8 - Avaliação Centralizada (Servidor) ---
Loss (Servidor): 1.2185 | Acurácia (Servidor): 0.6915
--- Avaliação Agregada (Clientes) ---
Loss Média (Clientes): 1.1956 | Acurácia Média (Clientes): 0.7024

--- Rodada 9 - Avaliação Centralizada (Servidor) ---
Loss (Servidor): 1.2274 | Acurácia (Servidor): 0.6895
--- Avaliação Agregada (Clientes) ---
Loss Média (Clientes): 1.2173 | Acurácia Média (Clientes): 0.7008

--- Rodada 10 - Avaliação Centralizada (Servidor) ---
Loss (Servidor): 1.2372 | Acurácia (Servidor): 0.7066
--- Avaliação Agregada (Clientes) ---
Loss Média (Clientes): 1.2331 | Acurácia Média (Clientes): 0.7142

Resultados salvos em: /home/tiago/GitHubProjects/fedhad-thesis-2/FedAVG-results/1.1_diagnostico_drift/CIFAR10/FedAVG__CIFAR10__Setup-5__Clients-5__Rounds-10__Delay-0_05__Alpha-0_1__Seed-50.txt
[36m(ClientAppActor pid=399794)[0m [93mWARNING [0m:   DEPRECATED FEATURE: `client_fn` now expects a signature `def client_fn(context: Context)`.The provided `client_fn` has signature: {'cid': <Parameter "cid: str">}. You can import the `Context` like this: `from flwr.app import Context`[32m [repeated 4x across cluster][0m
[36m(ClientAppActor pid=399794)[0m             This is a deprecated feature. It will be removed[32m [repeated 4x across cluster][0m
[36m(ClientAppActor pid=399794)[0m             entirely in future versions of Flower.[32m [repeated 4x across cluster][0m
