[codecarbon WARNING @ 12:12:17] Multiple instances of codecarbon are allowed to run at the same time.
[93mWARNING [0m:   DEPRECATED FEATURE: flwr.simulation.start_simulation() is deprecated.
	Instead, use the `flwr run` CLI command to start a local simulation in your Flower app, as shown for example below:

		$ flwr new  # Create a new Flower app from a template

		$ flwr run  # Run the Flower app in Simulation Mode

	Using `start_simulation()` is deprecated.

            This is a deprecated feature. It will be removed
            entirely in future versions of Flower.
        
[92mINFO [0m:      Starting Flower simulation, config: num_rounds=10, no round_timeout
2026-09-04 12:12:25,838	INFO worker.py:2012 -- Started a local Ray instance.
/home/tiago/GitHubProjects/fedhad-thesis-2/env_flwr_pt/lib/python3.12/site-packages/ray/_private/worker.py:2051: FutureWarning: Tip: In future versions of Ray, Ray will no longer override accelerator visible devices env var if num_gpus=0 or num_gpus=None (default). To enable this behavior and turn off this error message, set RAY_ACCEL_ENV_VAR_OVERRIDE_ON_ZERO=0
  warnings.warn(
[92mINFO [0m:      Flower VCE: Ray initialized with resources: {'memory': 181306485965.0, 'node:__internal_head__': 1.0, 'CPU': 64.0, 'accelerator_type:A40': 1.0, 'object_store_memory': 77702779699.0, 'GPU': 1.0, 'node:10.129.64.100': 1.0}
[92mINFO [0m:      Optimize your simulation with Flower VCE: https://flower.ai/docs/framework/how-to-run-simulations.html
/home/tiago/GitHubProjects/fedhad-thesis-2/FedAVG_Final.py:1577: UserWarning: No `num_cpus` specified in `client_resources`. Using `num_cpus=1` for each client.
  history = fl.simulation.start_simulation(
[92mINFO [0m:      Flower VCE: Resources for each Virtual Client: {'num_gpus': 0.2, 'num_cpus': 1}
[92mINFO [0m:      Flower VCE: Creating VirtualClientEngineActorPool with 5 actors
[92mINFO [0m:      [INIT]
[92mINFO [0m:      Requesting initial parameters from one random client
[36m(ClientAppActor pid=392276)[0m [93mWARNING [0m:   DEPRECATED FEATURE: `client_fn` now expects a signature `def client_fn(context: Context)`.The provided `client_fn` has signature: {'cid': <Parameter "cid: str">}. You can import the `Context` like this: `from flwr.app import Context`
[36m(ClientAppActor pid=392276)[0m 
[36m(ClientAppActor pid=392276)[0m             This is a deprecated feature. It will be removed
[36m(ClientAppActor pid=392276)[0m             entirely in future versions of Flower.
[36m(ClientAppActor pid=392276)[0m         
[92mINFO [0m:      Received initial parameters from one random client
[92mINFO [0m:      Starting evaluation of initial global parameters
[92mINFO [0m:      initial parameters (loss, other metrics): 2.3033130138397215, {'accuracy': 0.1, 'loss': 2.3033130138397215}
[92mINFO [0m:      
[92mINFO [0m:      [ROUND 1]
[92mINFO [0m:      configure_fit: strategy sampled 5 clients (out of 5)
[36m(ClientAppActor pid=392276)[0m [93mWARNING [0m:   DEPRECATED FEATURE: `client_fn` now expects a signature `def client_fn(context: Context)`.The provided `client_fn` has signature: {'cid': <Parameter "cid: str">}. You can import the `Context` like this: `from flwr.app import Context`
[36m(ClientAppActor pid=392276)[0m 
[36m(ClientAppActor pid=392276)[0m             This is a deprecated feature. It will be removed
[36m(ClientAppActor pid=392276)[0m             entirely in future versions of Flower.
[36m(ClientAppActor pid=392276)[0m         
[36m(ClientAppActor pid=392273)[0m 
[36m(ClientAppActor pid=392273)[0m         
[36m(ClientAppActor pid=392275)[0m 
[36m(ClientAppActor pid=392275)[0m         
[36m(ClientAppActor pid=392274)[0m 
[36m(ClientAppActor pid=392274)[0m         
[36m(ClientAppActor pid=392272)[0m 
[36m(ClientAppActor pid=392272)[0m         
[92mINFO [0m:      aggregate_fit: received 5 results and 0 failures
[92mINFO [0m:      fit progress: (1, 2.282711017227173, {'accuracy': 0.1, 'loss': 2.282711017227173}, 14.56278730602935)
[92mINFO [0m:      configure_evaluate: strategy sampled 5 clients (out of 5)
[36m(ClientAppActor pid=392274)[0m 
[36m(ClientAppActor pid=392274)[0m         
[36m(ClientAppActor pid=392274)[0m [93mWARNING [0m:   DEPRECATED FEATURE: `client_fn` now expects a signature `def client_fn(context: Context)`.The provided `client_fn` has signature: {'cid': <Parameter "cid: str">}. You can import the `Context` like this: `from flwr.app import Context`[32m [repeated 5x across cluster] (Ray deduplicates logs by default. Set RAY_DEDUP_LOGS=0 to disable log deduplication, or see https://docs.ray.io/en/master/ray-observability/user-guides/configure-logging.html#log-deduplication for more options.)[0m
[36m(ClientAppActor pid=392274)[0m             This is a deprecated feature. It will be removed[32m [repeated 5x across cluster][0m
[36m(ClientAppActor pid=392274)[0m             entirely in future versions of Flower.[32m [repeated 5x across cluster][0m
[36m(ClientAppActor pid=392276)[0m 
[36m(ClientAppActor pid=392276)[0m         
[36m(ClientAppActor pid=392275)[0m 
[36m(ClientAppActor pid=392275)[0m         
[36m(ClientAppActor pid=392273)[0m 
[36m(ClientAppActor pid=392273)[0m         
[36m(ClientAppActor pid=392272)[0m 
[36m(ClientAppActor pid=392272)[0m         
[92mINFO [0m:      aggregate_evaluate: received 5 results and 0 failures
[92mINFO [0m:      
[92mINFO [0m:      [ROUND 2]
[92mINFO [0m:      configure_fit: strategy sampled 5 clients (out of 5)
[36m(ClientAppActor pid=392272)[0m 
[36m(ClientAppActor pid=392272)[0m         
[36m(ClientAppActor pid=392273)[0m 
[36m(ClientAppActor pid=392273)[0m         
[36m(ClientAppActor pid=392275)[0m 
[36m(ClientAppActor pid=392275)[0m         
[36m(ClientAppActor pid=392276)[0m 
[36m(ClientAppActor pid=392276)[0m         
[36m(ClientAppActor pid=392274)[0m 
[36m(ClientAppActor pid=392274)[0m         
[92mINFO [0m:      aggregate_fit: received 5 results and 0 failures
[92mINFO [0m:      fit progress: (2, 1.9353429134368896, {'accuracy': 0.2773, 'loss': 1.9353429134368896}, 28.29840696201427)
[92mINFO [0m:      configure_evaluate: strategy sampled 5 clients (out of 5)
[36m(ClientAppActor pid=392272)[0m 
[36m(ClientAppActor pid=392272)[0m         
[36m(ClientAppActor pid=392272)[0m [93mWARNING [0m:   DEPRECATED FEATURE: `client_fn` now expects a signature `def client_fn(context: Context)`.The provided `client_fn` has signature: {'cid': <Parameter "cid: str">}. You can import the `Context` like this: `from flwr.app import Context`[32m [repeated 10x across cluster][0m
[36m(ClientAppActor pid=392272)[0m             This is a deprecated feature. It will be removed[32m [repeated 10x across cluster][0m
[36m(ClientAppActor pid=392272)[0m             entirely in future versions of Flower.[32m [repeated 10x across cluster][0m
[36m(ClientAppActor pid=392276)[0m 
[36m(ClientAppActor pid=392276)[0m         
[36m(ClientAppActor pid=392273)[0m 
[36m(ClientAppActor pid=392273)[0m         
[36m(ClientAppActor pid=392275)[0m 
[36m(ClientAppActor pid=392275)[0m         
[36m(ClientAppActor pid=392274)[0m 
[36m(ClientAppActor pid=392274)[0m         
[92mINFO [0m:      aggregate_evaluate: received 5 results and 0 failures
[92mINFO [0m:      
[92mINFO [0m:      [ROUND 3]
[92mINFO [0m:      configure_fit: strategy sampled 5 clients (out of 5)
[36m(ClientAppActor pid=392274)[0m 
[36m(ClientAppActor pid=392274)[0m         
[36m(ClientAppActor pid=392275)[0m 
[36m(ClientAppActor pid=392275)[0m         
[36m(ClientAppActor pid=392273)[0m 
[36m(ClientAppActor pid=392273)[0m         
[36m(ClientAppActor pid=392276)[0m 
[36m(ClientAppActor pid=392276)[0m         
[36m(ClientAppActor pid=392272)[0m 
[36m(ClientAppActor pid=392272)[0m         
[92mINFO [0m:      aggregate_fit: received 5 results and 0 failures
[92mINFO [0m:      fit progress: (3, 1.5423868658065796, {'accuracy': 0.5035, 'loss': 1.5423868658065796}, 42.179947833996266)
[92mINFO [0m:      configure_evaluate: strategy sampled 5 clients (out of 5)
[36m(ClientAppActor pid=392273)[0m 
[36m(ClientAppActor pid=392273)[0m         
[36m(ClientAppActor pid=392273)[0m [93mWARNING [0m:   DEPRECATED FEATURE: `client_fn` now expects a signature `def client_fn(context: Context)`.The provided `client_fn` has signature: {'cid': <Parameter "cid: str">}. You can import the `Context` like this: `from flwr.app import Context`[32m [repeated 10x across cluster][0m
[36m(ClientAppActor pid=392273)[0m             This is a deprecated feature. It will be removed[32m [repeated 10x across cluster][0m
[36m(ClientAppActor pid=392273)[0m             entirely in future versions of Flower.[32m [repeated 10x across cluster][0m
[36m(ClientAppActor pid=392274)[0m 
[36m(ClientAppActor pid=392274)[0m         
[36m(ClientAppActor pid=392276)[0m 
[36m(ClientAppActor pid=392276)[0m         
[36m(ClientAppActor pid=392272)[0m 
[36m(ClientAppActor pid=392272)[0m         
[36m(ClientAppActor pid=392275)[0m 
[36m(ClientAppActor pid=392275)[0m         
[92mINFO [0m:      aggregate_evaluate: received 5 results and 0 failures
[92mINFO [0m:      
[92mINFO [0m:      [ROUND 4]
[92mINFO [0m:      configure_fit: strategy sampled 5 clients (out of 5)
[36m(ClientAppActor pid=392275)[0m 
[36m(ClientAppActor pid=392275)[0m         
[36m(ClientAppActor pid=392272)[0m 
[36m(ClientAppActor pid=392272)[0m         
[36m(ClientAppActor pid=392276)[0m 
[36m(ClientAppActor pid=392276)[0m         
[36m(ClientAppActor pid=392274)[0m 
[36m(ClientAppActor pid=392274)[0m         
[36m(ClientAppActor pid=392273)[0m 
[36m(ClientAppActor pid=392273)[0m         
[92mINFO [0m:      aggregate_fit: received 5 results and 0 failures
[92mINFO [0m:      fit progress: (4, 1.3099643743515015, {'accuracy': 0.5689, 'loss': 1.3099643743515015}, 56.0085685980157)
[92mINFO [0m:      configure_evaluate: strategy sampled 5 clients (out of 5)
[36m(ClientAppActor pid=392276)[0m 
[36m(ClientAppActor pid=392276)[0m         
[36m(ClientAppActor pid=392276)[0m [93mWARNING [0m:   DEPRECATED FEATURE: `client_fn` now expects a signature `def client_fn(context: Context)`.The provided `client_fn` has signature: {'cid': <Parameter "cid: str">}. You can import the `Context` like this: `from flwr.app import Context`[32m [repeated 10x across cluster][0m
[36m(ClientAppActor pid=392276)[0m             This is a deprecated feature. It will be removed[32m [repeated 10x across cluster][0m
[36m(ClientAppActor pid=392276)[0m             entirely in future versions of Flower.[32m [repeated 10x across cluster][0m
[36m(ClientAppActor pid=392272)[0m 
[36m(ClientAppActor pid=392272)[0m         
[36m(ClientAppActor pid=392275)[0m 
[36m(ClientAppActor pid=392275)[0m         
[36m(ClientAppActor pid=392274)[0m 
[36m(ClientAppActor pid=392274)[0m         
[36m(ClientAppActor pid=392273)[0m 
[36m(ClientAppActor pid=392273)[0m         
[92mINFO [0m:      aggregate_evaluate: received 5 results and 0 failures
[92mINFO [0m:      
[92mINFO [0m:      [ROUND 5]
[92mINFO [0m:      configure_fit: strategy sampled 5 clients (out of 5)
[36m(ClientAppActor pid=392273)[0m 
[36m(ClientAppActor pid=392273)[0m         
[36m(ClientAppActor pid=392274)[0m 
[36m(ClientAppActor pid=392274)[0m         
[36m(ClientAppActor pid=392275)[0m 
[36m(ClientAppActor pid=392275)[0m         
[36m(ClientAppActor pid=392272)[0m 
[36m(ClientAppActor pid=392272)[0m         
[36m(ClientAppActor pid=392276)[0m 
[36m(ClientAppActor pid=392276)[0m         
[92mINFO [0m:      aggregate_fit: received 5 results and 0 failures
[92mINFO [0m:      fit progress: (5, 1.1448127708435059, {'accuracy': 0.6373, 'loss': 1.1448127708435059}, 69.94072762399446)
[92mINFO [0m:      configure_evaluate: strategy sampled 5 clients (out of 5)
[36m(ClientAppActor pid=392276)[0m 
[36m(ClientAppActor pid=392276)[0m         
[36m(ClientAppActor pid=392276)[0m [93mWARNING [0m:   DEPRECATED FEATURE: `client_fn` now expects a signature `def client_fn(context: Context)`.The provided `client_fn` has signature: {'cid': <Parameter "cid: str">}. You can import the `Context` like this: `from flwr.app import Context`[32m [repeated 10x across cluster][0m
[36m(ClientAppActor pid=392276)[0m             This is a deprecated feature. It will be removed[32m [repeated 10x across cluster][0m
[36m(ClientAppActor pid=392276)[0m             entirely in future versions of Flower.[32m [repeated 10x across cluster][0m
[36m(ClientAppActor pid=392275)[0m 
[36m(ClientAppActor pid=392275)[0m         
[36m(ClientAppActor pid=392274)[0m 
[36m(ClientAppActor pid=392274)[0m         
[36m(ClientAppActor pid=392272)[0m 
[36m(ClientAppActor pid=392272)[0m         
[36m(ClientAppActor pid=392273)[0m 
[36m(ClientAppActor pid=392273)[0m         
[92mINFO [0m:      aggregate_evaluate: received 5 results and 0 failures
[92mINFO [0m:      
[92mINFO [0m:      [ROUND 6]
[92mINFO [0m:      configure_fit: strategy sampled 5 clients (out of 5)
[36m(ClientAppActor pid=392273)[0m 
[36m(ClientAppActor pid=392273)[0m         
[36m(ClientAppActor pid=392272)[0m 
[36m(ClientAppActor pid=392272)[0m         
[36m(ClientAppActor pid=392274)[0m 
[36m(ClientAppActor pid=392274)[0m         
[36m(ClientAppActor pid=392276)[0m 
[36m(ClientAppActor pid=392276)[0m         
[36m(ClientAppActor pid=392275)[0m 
[36m(ClientAppActor pid=392275)[0m         
[92mINFO [0m:      aggregate_fit: received 5 results and 0 failures
[92mINFO [0m:      fit progress: (6, 1.1419342636108398, {'accuracy': 0.6428, 'loss': 1.1419342636108398}, 84.0264311649953)
[92mINFO [0m:      configure_evaluate: strategy sampled 5 clients (out of 5)
[36m(ClientAppActor pid=392274)[0m 
[36m(ClientAppActor pid=392274)[0m         
[36m(ClientAppActor pid=392274)[0m [93mWARNING [0m:   DEPRECATED FEATURE: `client_fn` now expects a signature `def client_fn(context: Context)`.The provided `client_fn` has signature: {'cid': <Parameter "cid: str">}. You can import the `Context` like this: `from flwr.app import Context`[32m [repeated 10x across cluster][0m
[36m(ClientAppActor pid=392274)[0m             This is a deprecated feature. It will be removed[32m [repeated 10x across cluster][0m
[36m(ClientAppActor pid=392274)[0m             entirely in future versions of Flower.[32m [repeated 10x across cluster][0m
[36m(ClientAppActor pid=392275)[0m 
[36m(ClientAppActor pid=392275)[0m         
[36m(ClientAppActor pid=392273)[0m 
[36m(ClientAppActor pid=392273)[0m         
[36m(ClientAppActor pid=392272)[0m 
[36m(ClientAppActor pid=392272)[0m         
[36m(ClientAppActor pid=392276)[0m 
[36m(ClientAppActor pid=392276)[0m         
[92mINFO [0m:      aggregate_evaluate: received 5 results and 0 failures
[92mINFO [0m:      
[92mINFO [0m:      [ROUND 7]
[92mINFO [0m:      configure_fit: strategy sampled 5 clients (out of 5)
[36m(ClientAppActor pid=392276)[0m 
[36m(ClientAppActor pid=392276)[0m         
[36m(ClientAppActor pid=392272)[0m 
[36m(ClientAppActor pid=392272)[0m         
[36m(ClientAppActor pid=392275)[0m 
[36m(ClientAppActor pid=392275)[0m         
[36m(ClientAppActor pid=392273)[0m 
[36m(ClientAppActor pid=392273)[0m         
[36m(ClientAppActor pid=392274)[0m 
[36m(ClientAppActor pid=392274)[0m         
[92mINFO [0m:      aggregate_fit: received 5 results and 0 failures
[92mINFO [0m:      fit progress: (7, 1.030952208328247, {'accuracy': 0.6727, 'loss': 1.030952208328247}, 97.93069022602867)
[92mINFO [0m:      configure_evaluate: strategy sampled 5 clients (out of 5)
[36m(ClientAppActor pid=392276)[0m 
[36m(ClientAppActor pid=392276)[0m         
[36m(ClientAppActor pid=392276)[0m [93mWARNING [0m:   DEPRECATED FEATURE: `client_fn` now expects a signature `def client_fn(context: Context)`.The provided `client_fn` has signature: {'cid': <Parameter "cid: str">}. You can import the `Context` like this: `from flwr.app import Context`[32m [repeated 10x across cluster][0m
[36m(ClientAppActor pid=392276)[0m             This is a deprecated feature. It will be removed[32m [repeated 10x across cluster][0m
[36m(ClientAppActor pid=392276)[0m             entirely in future versions of Flower.[32m [repeated 10x across cluster][0m
[36m(ClientAppActor pid=392273)[0m 
[36m(ClientAppActor pid=392273)[0m         
[36m(ClientAppActor pid=392275)[0m 
[36m(ClientAppActor pid=392275)[0m         
[36m(ClientAppActor pid=392272)[0m 
[36m(ClientAppActor pid=392272)[0m         
[36m(ClientAppActor pid=392274)[0m 
[36m(ClientAppActor pid=392274)[0m         
[92mINFO [0m:      aggregate_evaluate: received 5 results and 0 failures
[92mINFO [0m:      
[92mINFO [0m:      [ROUND 8]
[92mINFO [0m:      configure_fit: strategy sampled 5 clients (out of 5)
[36m(ClientAppActor pid=392274)[0m 
[36m(ClientAppActor pid=392274)[0m         
[36m(ClientAppActor pid=392273)[0m 
[36m(ClientAppActor pid=392273)[0m         
[36m(ClientAppActor pid=392272)[0m 
[36m(ClientAppActor pid=392272)[0m         
[36m(ClientAppActor pid=392275)[0m 
[36m(ClientAppActor pid=392275)[0m         
[36m(ClientAppActor pid=392276)[0m 
[36m(ClientAppActor pid=392276)[0m         
[92mINFO [0m:      aggregate_fit: received 5 results and 0 failures
[92mINFO [0m:      fit progress: (8, 1.0095966763496398, {'accuracy': 0.6803, 'loss': 1.0095966763496398}, 111.86026226799004)
[92mINFO [0m:      configure_evaluate: strategy sampled 5 clients (out of 5)
[36m(ClientAppActor pid=392275)[0m 
[36m(ClientAppActor pid=392275)[0m         
[36m(ClientAppActor pid=392275)[0m [93mWARNING [0m:   DEPRECATED FEATURE: `client_fn` now expects a signature `def client_fn(context: Context)`.The provided `client_fn` has signature: {'cid': <Parameter "cid: str">}. You can import the `Context` like this: `from flwr.app import Context`[32m [repeated 10x across cluster][0m
[36m(ClientAppActor pid=392275)[0m             This is a deprecated feature. It will be removed[32m [repeated 10x across cluster][0m
[36m(ClientAppActor pid=392275)[0m             entirely in future versions of Flower.[32m [repeated 10x across cluster][0m
[36m(ClientAppActor pid=392276)[0m 
[36m(ClientAppActor pid=392276)[0m         
[36m(ClientAppActor pid=392273)[0m 
[36m(ClientAppActor pid=392273)[0m         
[36m(ClientAppActor pid=392272)[0m 
[36m(ClientAppActor pid=392272)[0m         
[36m(ClientAppActor pid=392274)[0m 
[36m(ClientAppActor pid=392274)[0m         
[92mINFO [0m:      aggregate_evaluate: received 5 results and 0 failures
[92mINFO [0m:      
[92mINFO [0m:      [ROUND 9]
[92mINFO [0m:      configure_fit: strategy sampled 5 clients (out of 5)
[36m(ClientAppActor pid=392274)[0m 
[36m(ClientAppActor pid=392274)[0m         
[36m(ClientAppActor pid=392272)[0m 
[36m(ClientAppActor pid=392272)[0m         
[36m(ClientAppActor pid=392273)[0m 
[36m(ClientAppActor pid=392273)[0m         
[36m(ClientAppActor pid=392276)[0m 
[36m(ClientAppActor pid=392276)[0m         
[36m(ClientAppActor pid=392275)[0m 
[36m(ClientAppActor pid=392275)[0m         
[92mINFO [0m:      aggregate_fit: received 5 results and 0 failures
[92mINFO [0m:      fit progress: (9, 0.9865160522460937, {'accuracy': 0.6927, 'loss': 0.9865160522460937}, 125.32605479098856)
[92mINFO [0m:      configure_evaluate: strategy sampled 5 clients (out of 5)
[36m(ClientAppActor pid=392274)[0m 
[36m(ClientAppActor pid=392274)[0m         
[36m(ClientAppActor pid=392274)[0m [93mWARNING [0m:   DEPRECATED FEATURE: `client_fn` now expects a signature `def client_fn(context: Context)`.The provided `client_fn` has signature: {'cid': <Parameter "cid: str">}. You can import the `Context` like this: `from flwr.app import Context`[32m [repeated 10x across cluster][0m
[36m(ClientAppActor pid=392274)[0m             This is a deprecated feature. It will be removed[32m [repeated 10x across cluster][0m
[36m(ClientAppActor pid=392274)[0m             entirely in future versions of Flower.[32m [repeated 10x across cluster][0m
[36m(ClientAppActor pid=392273)[0m 
[36m(ClientAppActor pid=392273)[0m         
[36m(ClientAppActor pid=392275)[0m 
[36m(ClientAppActor pid=392275)[0m         
[36m(ClientAppActor pid=392272)[0m 
[36m(ClientAppActor pid=392272)[0m         
[36m(ClientAppActor pid=392276)[0m 
[36m(ClientAppActor pid=392276)[0m         
[92mINFO [0m:      aggregate_evaluate: received 5 results and 0 failures
[92mINFO [0m:      
[92mINFO [0m:      [ROUND 10]
[92mINFO [0m:      configure_fit: strategy sampled 5 clients (out of 5)
[36m(ClientAppActor pid=392276)[0m 
[36m(ClientAppActor pid=392276)[0m         
[36m(ClientAppActor pid=392272)[0m 
[36m(ClientAppActor pid=392272)[0m         
[36m(ClientAppActor pid=392275)[0m 
[36m(ClientAppActor pid=392275)[0m         
[36m(ClientAppActor pid=392274)[0m 
[36m(ClientAppActor pid=392274)[0m         
[36m(ClientAppActor pid=392273)[0m 
[36m(ClientAppActor pid=392273)[0m         
[92mINFO [0m:      aggregate_fit: received 5 results and 0 failures
[92mINFO [0m:      fit progress: (10, 0.9450845685958862, {'accuracy': 0.7025, 'loss': 0.9450845685958862}, 139.21350317099132)
[92mINFO [0m:      configure_evaluate: strategy sampled 5 clients (out of 5)
[36m(ClientAppActor pid=392275)[0m 
[36m(ClientAppActor pid=392275)[0m         
[36m(ClientAppActor pid=392275)[0m [93mWARNING [0m:   DEPRECATED FEATURE: `client_fn` now expects a signature `def client_fn(context: Context)`.The provided `client_fn` has signature: {'cid': <Parameter "cid: str">}. You can import the `Context` like this: `from flwr.app import Context`[32m [repeated 10x across cluster][0m
[36m(ClientAppActor pid=392275)[0m             This is a deprecated feature. It will be removed[32m [repeated 10x across cluster][0m
[36m(ClientAppActor pid=392275)[0m             entirely in future versions of Flower.[32m [repeated 10x across cluster][0m
[36m(ClientAppActor pid=392273)[0m 
[36m(ClientAppActor pid=392273)[0m         
[36m(ClientAppActor pid=392276)[0m 
[36m(ClientAppActor pid=392276)[0m         
[36m(ClientAppActor pid=392272)[0m 
[36m(ClientAppActor pid=392272)[0m         
[36m(ClientAppActor pid=392274)[0m 
[36m(ClientAppActor pid=392274)[0m         
[92mINFO [0m:      aggregate_evaluate: received 5 results and 0 failures
[92mINFO [0m:      
[92mINFO [0m:      [SUMMARY]
[92mINFO [0m:      Run finished 10 round(s) in 140.05s
[92mINFO [0m:      	History (loss, distributed):
[92mINFO [0m:      		round 1: 2.2843322933781782
[92mINFO [0m:      		round 2: 1.9437893101137018
[92mINFO [0m:      		round 3: 1.5613037197261137
[92mINFO [0m:      		round 4: 1.3161712195698156
[92mINFO [0m:      		round 5: 1.154190511173407
[92mINFO [0m:      		round 6: 1.1471879490738228
[92mINFO [0m:      		round 7: 1.0411800772983455
[92mINFO [0m:      		round 8: 1.0222805786877125
[92mINFO [0m:      		round 9: 1.0078645325527684
[92mINFO [0m:      		round 10: 0.9672594569744242
[92mINFO [0m:      	History (loss, centralized):
[92mINFO [0m:      		round 0: 2.3033130138397215
[92mINFO [0m:      		round 1: 2.282711017227173
[92mINFO [0m:      		round 2: 1.9353429134368896
[92mINFO [0m:      		round 3: 1.5423868658065796
[92mINFO [0m:      		round 4: 1.3099643743515015
[92mINFO [0m:      		round 5: 1.1448127708435059
[92mINFO [0m:      		round 6: 1.1419342636108398
[92mINFO [0m:      		round 7: 1.030952208328247
[92mINFO [0m:      		round 8: 1.0095966763496398
[92mINFO [0m:      		round 9: 0.9865160522460937
[92mINFO [0m:      		round 10: 0.9450845685958862
[92mINFO [0m:      	History (metrics, distributed, fit):
[92mINFO [0m:      	{'avg_flops_per_client_round': [(1, 8140805084160.0),
[92mINFO [0m:      	                                (2, 8140805084160.0),
[92mINFO [0m:      	                                (3, 8140805084160.0),
[92mINFO [0m:      	                                (4, 8140805084160.0),
[92mINFO [0m:      	                                (5, 8140805084160.0),
[92mINFO [0m:      	                                (6, 8140805084160.0),
[92mINFO [0m:      	                                (7, 8140805084160.0),
[92mINFO [0m:      	                                (8, 8140805084160.0),
[92mINFO [0m:      	                                (9, 8140805084160.0),
[92mINFO [0m:      	                                (10, 8140805084160.0)],
[92mINFO [0m:      	 'total_flops_round': [(1, 40704025420800),
[92mINFO [0m:      	                       (2, 40704025420800),
[92mINFO [0m:      	                       (3, 40704025420800),
[92mINFO [0m:      	                       (4, 40704025420800),
[92mINFO [0m:      	                       (5, 40704025420800),
[92mINFO [0m:      	                       (6, 40704025420800),
[92mINFO [0m:      	                       (7, 40704025420800),
[92mINFO [0m:      	                       (8, 40704025420800),
[92mINFO [0m:      	                       (9, 40704025420800),
[92mINFO [0m:      	                       (10, 40704025420800)]}
[92mINFO [0m:      	History (metrics, distributed, evaluate):
[92mINFO [0m:      	{'accuracy': [(1, 0.10266159695817491),
[92mINFO [0m:      	              (2, 0.27056233740244146),
[92mINFO [0m:      	              (3, 0.4984990994596758),
[92mINFO [0m:      	              (4, 0.5715429257554533),
[92mINFO [0m:      	              (5, 0.63338002801681),
[92mINFO [0m:      	              (6, 0.6469881929157495),
[92mINFO [0m:      	              (7, 0.6736041624974985),
[92mINFO [0m:      	              (8, 0.6764058435061037),
[92mINFO [0m:      	              (9, 0.6870122073243946),
[92mINFO [0m:      	              (10, 0.6952171302781669)],
[92mINFO [0m:      	 'loss': [(1, 2.2843322933781782),
[92mINFO [0m:      	          (2, 1.9437893101137018),
[92mINFO [0m:      	          (3, 1.5613037197261137),
[92mINFO [0m:      	          (4, 1.3161712195698156),
[92mINFO [0m:      	          (5, 1.154190511173407),
[92mINFO [0m:      	          (6, 1.1471879490738228),
[92mINFO [0m:      	          (7, 1.0411800772983455),
[92mINFO [0m:      	          (8, 1.0222805786877125),
[92mINFO [0m:      	          (9, 1.0078645325527684),
[92mINFO [0m:      	          (10, 0.9672594569744242)]}
[92mINFO [0m:      	History (metrics, centralized):
[92mINFO [0m:      	{'accuracy': [(0, 0.1),
[92mINFO [0m:      	              (1, 0.1),
[92mINFO [0m:      	              (2, 0.2773),
[92mINFO [0m:      	              (3, 0.5035),
[92mINFO [0m:      	              (4, 0.5689),
[92mINFO [0m:      	              (5, 0.6373),
[92mINFO [0m:      	              (6, 0.6428),
[92mINFO [0m:      	              (7, 0.6727),
[92mINFO [0m:      	              (8, 0.6803),
[92mINFO [0m:      	              (9, 0.6927),
[92mINFO [0m:      	              (10, 0.7025)],
[92mINFO [0m:      	 'loss': [(0, 2.3033130138397215),
[92mINFO [0m:      	          (1, 2.282711017227173),
[92mINFO [0m:      	          (2, 1.9353429134368896),
[92mINFO [0m:      	          (3, 1.5423868658065796),
[92mINFO [0m:      	          (4, 1.3099643743515015),
[92mINFO [0m:      	          (5, 1.1448127708435059),
[92mINFO [0m:      	          (6, 1.1419342636108398),
[92mINFO [0m:      	          (7, 1.030952208328247),
[92mINFO [0m:      	          (8, 1.0095966763496398),
[92mINFO [0m:      	          (9, 0.9865160522460937),
[92mINFO [0m:      	          (10, 0.9450845685958862)]}
[92mINFO [0m:      
Treinando no dispositivo: cuda:0 com o dataset: CIFAR10 | Setup clientes: 5 (num_gpus por cliente=0.2) | SEED=49
FLOPS por amostra (forward): 6.030e+07 | (forward+backward, 3x): 1.809e+08
Files already downloaded and verified
Files already downloaded and verified
Dividindo o dataset usando a distribuição de Dirichlet com alpha=0.1.
Iniciando a simulação de Aprendizado Federado...
=== Diagnóstico de Medição de GPU ===
  pynvml_disponivel: True
  pynvml_versao: 580.173.02
  gpus_detectadas: 1
  leitura_potencia_ok: True
  potencia_atual_W: 115.027

--- Rodada 0 - Avaliação Centralizada (Servidor) ---
Loss (Servidor): 2.3033 | Acurácia (Servidor): 0.1000

--- Rodada 1 - Avaliação Centralizada (Servidor) ---
Loss (Servidor): 2.2827 | Acurácia (Servidor): 0.1000
--- Avaliação Agregada (Clientes) ---
Loss Média (Clientes): 2.2843 | Acurácia Média (Clientes): 0.1027

--- Rodada 2 - Avaliação Centralizada (Servidor) ---
Loss (Servidor): 1.9353 | Acurácia (Servidor): 0.2773
--- Avaliação Agregada (Clientes) ---
Loss Média (Clientes): 1.9438 | Acurácia Média (Clientes): 0.2706

--- Rodada 3 - Avaliação Centralizada (Servidor) ---
Loss (Servidor): 1.5424 | Acurácia (Servidor): 0.5035
--- Avaliação Agregada (Clientes) ---
Loss Média (Clientes): 1.5613 | Acurácia Média (Clientes): 0.4985

--- Rodada 4 - Avaliação Centralizada (Servidor) ---
Loss (Servidor): 1.3100 | Acurácia (Servidor): 0.5689
--- Avaliação Agregada (Clientes) ---
Loss Média (Clientes): 1.3162 | Acurácia Média (Clientes): 0.5715

--- Rodada 5 - Avaliação Centralizada (Servidor) ---
Loss (Servidor): 1.1448 | Acurácia (Servidor): 0.6373
--- Avaliação Agregada (Clientes) ---
Loss Média (Clientes): 1.1542 | Acurácia Média (Clientes): 0.6334

--- Rodada 6 - Avaliação Centralizada (Servidor) ---
Loss (Servidor): 1.1419 | Acurácia (Servidor): 0.6428
--- Avaliação Agregada (Clientes) ---
Loss Média (Clientes): 1.1472 | Acurácia Média (Clientes): 0.6470

--- Rodada 7 - Avaliação Centralizada (Servidor) ---
Loss (Servidor): 1.0310 | Acurácia (Servidor): 0.6727
--- Avaliação Agregada (Clientes) ---
Loss Média (Clientes): 1.0412 | Acurácia Média (Clientes): 0.6736

--- Rodada 8 - Avaliação Centralizada (Servidor) ---
Loss (Servidor): 1.0096 | Acurácia (Servidor): 0.6803
--- Avaliação Agregada (Clientes) ---
Loss Média (Clientes): 1.0223 | Acurácia Média (Clientes): 0.6764

--- Rodada 9 - Avaliação Centralizada (Servidor) ---
Loss (Servidor): 0.9865 | Acurácia (Servidor): 0.6927
--- Avaliação Agregada (Clientes) ---
Loss Média (Clientes): 1.0079 | Acurácia Média (Clientes): 0.6870

--- Rodada 10 - Avaliação Centralizada (Servidor) ---
Loss (Servidor): 0.9451 | Acurácia (Servidor): 0.7025
--- Avaliação Agregada (Clientes) ---
Loss Média (Clientes): 0.9673 | Acurácia Média (Clientes): 0.6952

Resultados salvos em: /home/tiago/GitHubProjects/fedhad-thesis-2/FedAVG-results/1.1_diagnostico_drift/CIFAR10/FedAVG__CIFAR10__Setup-5__Clients-5__Rounds-10__Delay-0_05__Alpha-0_1__Seed-49.txt
[36m(ClientAppActor pid=392274)[0m [93mWARNING [0m:   DEPRECATED FEATURE: `client_fn` now expects a signature `def client_fn(context: Context)`.The provided `client_fn` has signature: {'cid': <Parameter "cid: str">}. You can import the `Context` like this: `from flwr.app import Context`[32m [repeated 4x across cluster][0m
[36m(ClientAppActor pid=392274)[0m             This is a deprecated feature. It will be removed[32m [repeated 4x across cluster][0m
[36m(ClientAppActor pid=392274)[0m             entirely in future versions of Flower.[32m [repeated 4x across cluster][0m
