[codecarbon WARNING @ 14:04:38] Multiple instances of codecarbon are allowed to run at the same time.
[93mWARNING [0m:   DEPRECATED FEATURE: flwr.simulation.start_simulation() is deprecated.
	Instead, use the `flwr run` CLI command to start a local simulation in your Flower app, as shown for example below:

		$ flwr new  # Create a new Flower app from a template

		$ flwr run  # Run the Flower app in Simulation Mode

	Using `start_simulation()` is deprecated.

            This is a deprecated feature. It will be removed
            entirely in future versions of Flower.
        
[92mINFO [0m:      Starting Flower simulation, config: num_rounds=10, no round_timeout
2026-09-04 14:04:47,056	INFO worker.py:2012 -- Started a local Ray instance.
/home/tiago/GitHubProjects/fedhad-thesis-2/env_flwr_pt/lib/python3.12/site-packages/ray/_private/worker.py:2051: FutureWarning: Tip: In future versions of Ray, Ray will no longer override accelerator visible devices env var if num_gpus=0 or num_gpus=None (default). To enable this behavior and turn off this error message, set RAY_ACCEL_ENV_VAR_OVERRIDE_ON_ZERO=0
  warnings.warn(
[92mINFO [0m:      Flower VCE: Ray initialized with resources: {'accelerator_type:A40': 1.0, 'object_store_memory': 77748063436.0, 'node:__internal_head__': 1.0, 'memory': 181412148020.0, 'node:10.129.64.100': 1.0, 'GPU': 1.0, 'CPU': 64.0}
[92mINFO [0m:      Optimize your simulation with Flower VCE: https://flower.ai/docs/framework/how-to-run-simulations.html
/home/tiago/GitHubProjects/fedhad-thesis-2/FedAvgM_Final.py:1669: UserWarning: No `num_cpus` specified in `client_resources`. Using `num_cpus=1` for each client.
  history = fl.simulation.start_simulation(
[92mINFO [0m:      Flower VCE: Resources for each Virtual Client: {'num_gpus': 0.2, 'num_cpus': 1}
[92mINFO [0m:      Flower VCE: Creating VirtualClientEngineActorPool with 5 actors
[92mINFO [0m:      [INIT]
[92mINFO [0m:      Using initial global parameters provided by strategy
[92mINFO [0m:      Starting evaluation of initial global parameters
[92mINFO [0m:      initial parameters (loss, other metrics): 2.3030543338775633, {'accuracy': 0.1, 'loss': 2.3030543338775633}
[92mINFO [0m:      
[92mINFO [0m:      [ROUND 1]
[92mINFO [0m:      configure_fit: strategy sampled 5 clients (out of 5)
[36m(ClientAppActor pid=682575)[0m [93mWARNING [0m:   DEPRECATED FEATURE: `client_fn` now expects a signature `def client_fn(context: Context)`.The provided `client_fn` has signature: {'cid': <Parameter "cid: str">}. You can import the `Context` like this: `from flwr.app import Context`
[36m(ClientAppActor pid=682575)[0m 
[36m(ClientAppActor pid=682575)[0m             This is a deprecated feature. It will be removed
[36m(ClientAppActor pid=682575)[0m             entirely in future versions of Flower.
[36m(ClientAppActor pid=682575)[0m         
[36m(ClientAppActor pid=682541)[0m 
[36m(ClientAppActor pid=682541)[0m         
[36m(ClientAppActor pid=682574)[0m 
[36m(ClientAppActor pid=682574)[0m         
[36m(ClientAppActor pid=682558)[0m 
[36m(ClientAppActor pid=682558)[0m         
[36m(ClientAppActor pid=682540)[0m 
[36m(ClientAppActor pid=682540)[0m         
[92mINFO [0m:      aggregate_fit: received 5 results and 0 failures
[92mINFO [0m:      fit progress: (1, 2.474207010650635, {'accuracy': 0.1012, 'loss': 2.474207010650635}, 17.904305595962796)
[92mINFO [0m:      configure_evaluate: strategy sampled 5 clients (out of 5)
[36m(ClientAppActor pid=682575)[0m 
[36m(ClientAppActor pid=682575)[0m         
[36m(ClientAppActor pid=682575)[0m [93mWARNING [0m:   DEPRECATED FEATURE: `client_fn` now expects a signature `def client_fn(context: Context)`.The provided `client_fn` has signature: {'cid': <Parameter "cid: str">}. You can import the `Context` like this: `from flwr.app import Context`[32m [repeated 5x across cluster] (Ray deduplicates logs by default. Set RAY_DEDUP_LOGS=0 to disable log deduplication, or see https://docs.ray.io/en/master/ray-observability/user-guides/configure-logging.html#log-deduplication for more options.)[0m
[36m(ClientAppActor pid=682575)[0m             This is a deprecated feature. It will be removed[32m [repeated 5x across cluster][0m
[36m(ClientAppActor pid=682575)[0m             entirely in future versions of Flower.[32m [repeated 5x across cluster][0m
[36m(ClientAppActor pid=682541)[0m 
[36m(ClientAppActor pid=682541)[0m         
[36m(ClientAppActor pid=682558)[0m 
[36m(ClientAppActor pid=682558)[0m         
[36m(ClientAppActor pid=682574)[0m 
[36m(ClientAppActor pid=682574)[0m         
[36m(ClientAppActor pid=682540)[0m 
[36m(ClientAppActor pid=682540)[0m         
[92mINFO [0m:      aggregate_evaluate: received 5 results and 0 failures
[92mINFO [0m:      
[92mINFO [0m:      [ROUND 2]
[92mINFO [0m:      configure_fit: strategy sampled 5 clients (out of 5)
[36m(ClientAppActor pid=682540)[0m 
[36m(ClientAppActor pid=682540)[0m         
[36m(ClientAppActor pid=682574)[0m 
[36m(ClientAppActor pid=682574)[0m         
[36m(ClientAppActor pid=682541)[0m 
[36m(ClientAppActor pid=682541)[0m         
[36m(ClientAppActor pid=682558)[0m 
[36m(ClientAppActor pid=682558)[0m         
[36m(ClientAppActor pid=682575)[0m 
[36m(ClientAppActor pid=682575)[0m         
[92mINFO [0m:      aggregate_fit: received 5 results and 0 failures
[92mINFO [0m:      fit progress: (2, 4.317195038604736, {'accuracy': 0.2741, 'loss': 4.317195038604736}, 35.01074366294779)
[92mINFO [0m:      configure_evaluate: strategy sampled 5 clients (out of 5)
[36m(ClientAppActor pid=682541)[0m 
[36m(ClientAppActor pid=682541)[0m         
[36m(ClientAppActor pid=682541)[0m [93mWARNING [0m:   DEPRECATED FEATURE: `client_fn` now expects a signature `def client_fn(context: Context)`.The provided `client_fn` has signature: {'cid': <Parameter "cid: str">}. You can import the `Context` like this: `from flwr.app import Context`[32m [repeated 10x across cluster][0m
[36m(ClientAppActor pid=682541)[0m             This is a deprecated feature. It will be removed[32m [repeated 10x across cluster][0m
[36m(ClientAppActor pid=682541)[0m             entirely in future versions of Flower.[32m [repeated 10x across cluster][0m
[36m(ClientAppActor pid=682540)[0m 
[36m(ClientAppActor pid=682540)[0m         
[36m(ClientAppActor pid=682558)[0m 
[36m(ClientAppActor pid=682558)[0m         
[36m(ClientAppActor pid=682575)[0m 
[36m(ClientAppActor pid=682575)[0m         
[36m(ClientAppActor pid=682574)[0m 
[36m(ClientAppActor pid=682574)[0m         
[92mINFO [0m:      aggregate_evaluate: received 5 results and 0 failures
[92mINFO [0m:      
[92mINFO [0m:      [ROUND 3]
[92mINFO [0m:      configure_fit: strategy sampled 5 clients (out of 5)
[36m(ClientAppActor pid=682574)[0m 
[36m(ClientAppActor pid=682574)[0m         
[36m(ClientAppActor pid=682575)[0m 
[36m(ClientAppActor pid=682575)[0m         
[36m(ClientAppActor pid=682558)[0m 
[36m(ClientAppActor pid=682558)[0m         
[36m(ClientAppActor pid=682540)[0m 
[36m(ClientAppActor pid=682540)[0m         
[36m(ClientAppActor pid=682541)[0m 
[36m(ClientAppActor pid=682541)[0m         
[92mINFO [0m:      aggregate_fit: received 5 results and 0 failures
[92mINFO [0m:      fit progress: (3, 4.338258330535889, {'accuracy': 0.3111, 'loss': 4.338258330535889}, 52.10731473600026)
[92mINFO [0m:      configure_evaluate: strategy sampled 5 clients (out of 5)
[36m(ClientAppActor pid=682540)[0m 
[36m(ClientAppActor pid=682540)[0m         
[36m(ClientAppActor pid=682540)[0m [93mWARNING [0m:   DEPRECATED FEATURE: `client_fn` now expects a signature `def client_fn(context: Context)`.The provided `client_fn` has signature: {'cid': <Parameter "cid: str">}. You can import the `Context` like this: `from flwr.app import Context`[32m [repeated 10x across cluster][0m
[36m(ClientAppActor pid=682540)[0m             This is a deprecated feature. It will be removed[32m [repeated 10x across cluster][0m
[36m(ClientAppActor pid=682540)[0m             entirely in future versions of Flower.[32m [repeated 10x across cluster][0m
[36m(ClientAppActor pid=682558)[0m 
[36m(ClientAppActor pid=682558)[0m         
[36m(ClientAppActor pid=682574)[0m 
[36m(ClientAppActor pid=682574)[0m         
[36m(ClientAppActor pid=682541)[0m 
[36m(ClientAppActor pid=682541)[0m         
[36m(ClientAppActor pid=682575)[0m 
[36m(ClientAppActor pid=682575)[0m         
[92mINFO [0m:      aggregate_evaluate: received 5 results and 0 failures
[92mINFO [0m:      
[92mINFO [0m:      [ROUND 4]
[92mINFO [0m:      configure_fit: strategy sampled 5 clients (out of 5)
[36m(ClientAppActor pid=682541)[0m 
[36m(ClientAppActor pid=682541)[0m         
[36m(ClientAppActor pid=682575)[0m 
[36m(ClientAppActor pid=682575)[0m         
[36m(ClientAppActor pid=682574)[0m 
[36m(ClientAppActor pid=682574)[0m         
[36m(ClientAppActor pid=682558)[0m 
[36m(ClientAppActor pid=682558)[0m         
[36m(ClientAppActor pid=682540)[0m 
[36m(ClientAppActor pid=682540)[0m         
[92mINFO [0m:      aggregate_fit: received 5 results and 0 failures
[92mINFO [0m:      fit progress: (4, 4.594838954925537, {'accuracy': 0.2947, 'loss': 4.594838954925537}, 69.20223371498287)
[92mINFO [0m:      configure_evaluate: strategy sampled 5 clients (out of 5)
[36m(ClientAppActor pid=682540)[0m 
[36m(ClientAppActor pid=682540)[0m         
[36m(ClientAppActor pid=682540)[0m [93mWARNING [0m:   DEPRECATED FEATURE: `client_fn` now expects a signature `def client_fn(context: Context)`.The provided `client_fn` has signature: {'cid': <Parameter "cid: str">}. You can import the `Context` like this: `from flwr.app import Context`[32m [repeated 10x across cluster][0m
[36m(ClientAppActor pid=682540)[0m             This is a deprecated feature. It will be removed[32m [repeated 10x across cluster][0m
[36m(ClientAppActor pid=682540)[0m             entirely in future versions of Flower.[32m [repeated 10x across cluster][0m
[36m(ClientAppActor pid=682541)[0m 
[36m(ClientAppActor pid=682541)[0m         
[36m(ClientAppActor pid=682574)[0m 
[36m(ClientAppActor pid=682574)[0m         
[36m(ClientAppActor pid=682575)[0m 
[36m(ClientAppActor pid=682575)[0m         
[36m(ClientAppActor pid=682558)[0m 
[36m(ClientAppActor pid=682558)[0m         
[92mINFO [0m:      aggregate_evaluate: received 5 results and 0 failures
[92mINFO [0m:      
[92mINFO [0m:      [ROUND 5]
[92mINFO [0m:      configure_fit: strategy sampled 5 clients (out of 5)
[36m(ClientAppActor pid=682558)[0m 
[36m(ClientAppActor pid=682558)[0m         
[36m(ClientAppActor pid=682575)[0m 
[36m(ClientAppActor pid=682575)[0m         
[36m(ClientAppActor pid=682541)[0m 
[36m(ClientAppActor pid=682541)[0m         
[36m(ClientAppActor pid=682574)[0m 
[36m(ClientAppActor pid=682574)[0m         
[36m(ClientAppActor pid=682540)[0m 
[36m(ClientAppActor pid=682540)[0m         
[92mINFO [0m:      aggregate_fit: received 5 results and 0 failures
[92mINFO [0m:      fit progress: (5, 5.944107975006103, {'accuracy': 0.2808, 'loss': 5.944107975006103}, 86.1967740469845)
[92mINFO [0m:      configure_evaluate: strategy sampled 5 clients (out of 5)
[36m(ClientAppActor pid=682540)[0m 
[36m(ClientAppActor pid=682540)[0m         
[36m(ClientAppActor pid=682540)[0m [93mWARNING [0m:   DEPRECATED FEATURE: `client_fn` now expects a signature `def client_fn(context: Context)`.The provided `client_fn` has signature: {'cid': <Parameter "cid: str">}. You can import the `Context` like this: `from flwr.app import Context`[32m [repeated 10x across cluster][0m
[36m(ClientAppActor pid=682540)[0m             This is a deprecated feature. It will be removed[32m [repeated 10x across cluster][0m
[36m(ClientAppActor pid=682540)[0m             entirely in future versions of Flower.[32m [repeated 10x across cluster][0m
[36m(ClientAppActor pid=682541)[0m 
[36m(ClientAppActor pid=682541)[0m         
[36m(ClientAppActor pid=682574)[0m 
[36m(ClientAppActor pid=682574)[0m         
[36m(ClientAppActor pid=682575)[0m 
[36m(ClientAppActor pid=682575)[0m         
[36m(ClientAppActor pid=682558)[0m 
[36m(ClientAppActor pid=682558)[0m         
[92mINFO [0m:      aggregate_evaluate: received 5 results and 0 failures
[92mINFO [0m:      
[92mINFO [0m:      [ROUND 6]
[92mINFO [0m:      configure_fit: strategy sampled 5 clients (out of 5)
[36m(ClientAppActor pid=682558)[0m 
[36m(ClientAppActor pid=682558)[0m         
[36m(ClientAppActor pid=682575)[0m 
[36m(ClientAppActor pid=682575)[0m         
[36m(ClientAppActor pid=682574)[0m 
[36m(ClientAppActor pid=682574)[0m         
[36m(ClientAppActor pid=682541)[0m 
[36m(ClientAppActor pid=682541)[0m         
[36m(ClientAppActor pid=682540)[0m 
[36m(ClientAppActor pid=682540)[0m         
[92mINFO [0m:      aggregate_fit: received 5 results and 0 failures
[92mINFO [0m:      fit progress: (6, 7.266237259674072, {'accuracy': 0.3448, 'loss': 7.266237259674072}, 103.13115803798428)
[92mINFO [0m:      configure_evaluate: strategy sampled 5 clients (out of 5)
[36m(ClientAppActor pid=682558)[0m 
[36m(ClientAppActor pid=682558)[0m         
[36m(ClientAppActor pid=682558)[0m [93mWARNING [0m:   DEPRECATED FEATURE: `client_fn` now expects a signature `def client_fn(context: Context)`.The provided `client_fn` has signature: {'cid': <Parameter "cid: str">}. You can import the `Context` like this: `from flwr.app import Context`[32m [repeated 10x across cluster][0m
[36m(ClientAppActor pid=682558)[0m             This is a deprecated feature. It will be removed[32m [repeated 10x across cluster][0m
[36m(ClientAppActor pid=682558)[0m             entirely in future versions of Flower.[32m [repeated 10x across cluster][0m
[36m(ClientAppActor pid=682575)[0m 
[36m(ClientAppActor pid=682575)[0m         
[36m(ClientAppActor pid=682574)[0m 
[36m(ClientAppActor pid=682574)[0m         
[36m(ClientAppActor pid=682541)[0m 
[36m(ClientAppActor pid=682541)[0m         
[36m(ClientAppActor pid=682540)[0m 
[36m(ClientAppActor pid=682540)[0m         
[92mINFO [0m:      aggregate_evaluate: received 5 results and 0 failures
[92mINFO [0m:      
[92mINFO [0m:      [ROUND 7]
[92mINFO [0m:      configure_fit: strategy sampled 5 clients (out of 5)
[36m(ClientAppActor pid=682541)[0m 
[36m(ClientAppActor pid=682541)[0m         
[36m(ClientAppActor pid=682540)[0m 
[36m(ClientAppActor pid=682540)[0m         
[36m(ClientAppActor pid=682574)[0m 
[36m(ClientAppActor pid=682574)[0m         
[36m(ClientAppActor pid=682575)[0m 
[36m(ClientAppActor pid=682575)[0m         
[36m(ClientAppActor pid=682558)[0m 
[36m(ClientAppActor pid=682558)[0m         
[92mINFO [0m:      aggregate_fit: received 5 results and 0 failures
[92mINFO [0m:      fit progress: (7, 4.140700358581543, {'accuracy': 0.4713, 'loss': 4.140700358581543}, 119.89311914698919)
[92mINFO [0m:      configure_evaluate: strategy sampled 5 clients (out of 5)
[36m(ClientAppActor pid=682541)[0m 
[36m(ClientAppActor pid=682541)[0m         
[36m(ClientAppActor pid=682541)[0m [93mWARNING [0m:   DEPRECATED FEATURE: `client_fn` now expects a signature `def client_fn(context: Context)`.The provided `client_fn` has signature: {'cid': <Parameter "cid: str">}. You can import the `Context` like this: `from flwr.app import Context`[32m [repeated 10x across cluster][0m
[36m(ClientAppActor pid=682541)[0m             This is a deprecated feature. It will be removed[32m [repeated 10x across cluster][0m
[36m(ClientAppActor pid=682541)[0m             entirely in future versions of Flower.[32m [repeated 10x across cluster][0m
[36m(ClientAppActor pid=682540)[0m 
[36m(ClientAppActor pid=682540)[0m         
[36m(ClientAppActor pid=682558)[0m 
[36m(ClientAppActor pid=682558)[0m         
[36m(ClientAppActor pid=682575)[0m 
[36m(ClientAppActor pid=682575)[0m         
[36m(ClientAppActor pid=682574)[0m 
[36m(ClientAppActor pid=682574)[0m         
[92mINFO [0m:      aggregate_evaluate: received 5 results and 0 failures
[92mINFO [0m:      
[92mINFO [0m:      [ROUND 8]
[92mINFO [0m:      configure_fit: strategy sampled 5 clients (out of 5)
[36m(ClientAppActor pid=682574)[0m 
[36m(ClientAppActor pid=682574)[0m         
[36m(ClientAppActor pid=682575)[0m 
[36m(ClientAppActor pid=682575)[0m         
[36m(ClientAppActor pid=682558)[0m 
[36m(ClientAppActor pid=682558)[0m         
[36m(ClientAppActor pid=682541)[0m 
[36m(ClientAppActor pid=682541)[0m         
[36m(ClientAppActor pid=682540)[0m 
[36m(ClientAppActor pid=682540)[0m         
[92mINFO [0m:      aggregate_fit: received 5 results and 0 failures
[92mINFO [0m:      fit progress: (8, 3.7487805221557617, {'accuracy': 0.4921, 'loss': 3.7487805221557617}, 136.4361432059668)
[92mINFO [0m:      configure_evaluate: strategy sampled 5 clients (out of 5)
[36m(ClientAppActor pid=682575)[0m 
[36m(ClientAppActor pid=682575)[0m         
[36m(ClientAppActor pid=682575)[0m [93mWARNING [0m:   DEPRECATED FEATURE: `client_fn` now expects a signature `def client_fn(context: Context)`.The provided `client_fn` has signature: {'cid': <Parameter "cid: str">}. You can import the `Context` like this: `from flwr.app import Context`[32m [repeated 10x across cluster][0m
[36m(ClientAppActor pid=682575)[0m             This is a deprecated feature. It will be removed[32m [repeated 10x across cluster][0m
[36m(ClientAppActor pid=682575)[0m             entirely in future versions of Flower.[32m [repeated 10x across cluster][0m
[36m(ClientAppActor pid=682558)[0m 
[36m(ClientAppActor pid=682558)[0m         
[36m(ClientAppActor pid=682541)[0m 
[36m(ClientAppActor pid=682541)[0m         
[36m(ClientAppActor pid=682574)[0m 
[36m(ClientAppActor pid=682574)[0m         
[36m(ClientAppActor pid=682540)[0m 
[36m(ClientAppActor pid=682540)[0m         
[92mINFO [0m:      aggregate_evaluate: received 5 results and 0 failures
[92mINFO [0m:      
[92mINFO [0m:      [ROUND 9]
[92mINFO [0m:      configure_fit: strategy sampled 5 clients (out of 5)
[36m(ClientAppActor pid=682540)[0m 
[36m(ClientAppActor pid=682540)[0m         
[36m(ClientAppActor pid=682574)[0m 
[36m(ClientAppActor pid=682574)[0m         
[36m(ClientAppActor pid=682558)[0m 
[36m(ClientAppActor pid=682558)[0m         
[36m(ClientAppActor pid=682541)[0m 
[36m(ClientAppActor pid=682541)[0m         
[36m(ClientAppActor pid=682575)[0m 
[36m(ClientAppActor pid=682575)[0m         
[92mINFO [0m:      aggregate_fit: received 5 results and 0 failures
[92mINFO [0m:      fit progress: (9, 3.9183176616668702, {'accuracy': 0.4863, 'loss': 3.9183176616668702}, 153.17888149397913)
[92mINFO [0m:      configure_evaluate: strategy sampled 5 clients (out of 5)
[36m(ClientAppActor pid=682541)[0m 
[36m(ClientAppActor pid=682541)[0m         
[36m(ClientAppActor pid=682541)[0m [93mWARNING [0m:   DEPRECATED FEATURE: `client_fn` now expects a signature `def client_fn(context: Context)`.The provided `client_fn` has signature: {'cid': <Parameter "cid: str">}. You can import the `Context` like this: `from flwr.app import Context`[32m [repeated 10x across cluster][0m
[36m(ClientAppActor pid=682541)[0m             This is a deprecated feature. It will be removed[32m [repeated 10x across cluster][0m
[36m(ClientAppActor pid=682541)[0m             entirely in future versions of Flower.[32m [repeated 10x across cluster][0m
[36m(ClientAppActor pid=682575)[0m 
[36m(ClientAppActor pid=682575)[0m         
[36m(ClientAppActor pid=682574)[0m 
[36m(ClientAppActor pid=682574)[0m         
[36m(ClientAppActor pid=682540)[0m 
[36m(ClientAppActor pid=682540)[0m         
[36m(ClientAppActor pid=682558)[0m 
[36m(ClientAppActor pid=682558)[0m         
[92mINFO [0m:      aggregate_evaluate: received 5 results and 0 failures
[92mINFO [0m:      
[92mINFO [0m:      [ROUND 10]
[92mINFO [0m:      configure_fit: strategy sampled 5 clients (out of 5)
[36m(ClientAppActor pid=682558)[0m 
[36m(ClientAppActor pid=682558)[0m         
[36m(ClientAppActor pid=682540)[0m 
[36m(ClientAppActor pid=682540)[0m         
[36m(ClientAppActor pid=682574)[0m 
[36m(ClientAppActor pid=682574)[0m         
[36m(ClientAppActor pid=682575)[0m 
[36m(ClientAppActor pid=682575)[0m         
[36m(ClientAppActor pid=682541)[0m 
[36m(ClientAppActor pid=682541)[0m         
[92mINFO [0m:      aggregate_fit: received 5 results and 0 failures
[92mINFO [0m:      fit progress: (10, 5.2672555534362795, {'accuracy': 0.4832, 'loss': 5.2672555534362795}, 170.24758512794506)
[92mINFO [0m:      configure_evaluate: strategy sampled 5 clients (out of 5)
[36m(ClientAppActor pid=682575)[0m 
[36m(ClientAppActor pid=682575)[0m         
[36m(ClientAppActor pid=682575)[0m [93mWARNING [0m:   DEPRECATED FEATURE: `client_fn` now expects a signature `def client_fn(context: Context)`.The provided `client_fn` has signature: {'cid': <Parameter "cid: str">}. You can import the `Context` like this: `from flwr.app import Context`[32m [repeated 10x across cluster][0m
[36m(ClientAppActor pid=682575)[0m             This is a deprecated feature. It will be removed[32m [repeated 10x across cluster][0m
[36m(ClientAppActor pid=682575)[0m             entirely in future versions of Flower.[32m [repeated 10x across cluster][0m
[36m(ClientAppActor pid=682540)[0m 
[36m(ClientAppActor pid=682540)[0m         
[36m(ClientAppActor pid=682558)[0m 
[36m(ClientAppActor pid=682558)[0m         
[36m(ClientAppActor pid=682541)[0m 
[36m(ClientAppActor pid=682541)[0m         
[36m(ClientAppActor pid=682574)[0m 
[36m(ClientAppActor pid=682574)[0m         
[92mINFO [0m:      aggregate_evaluate: received 5 results and 0 failures
[92mINFO [0m:      
[92mINFO [0m:      [SUMMARY]
[92mINFO [0m:      Run finished 10 round(s) in 171.10s
[92mINFO [0m:      	History (loss, distributed):
[92mINFO [0m:      		round 1: 2.472619053481077
[92mINFO [0m:      		round 2: 4.311686391422026
[92mINFO [0m:      		round 3: 4.284890865764309
[92mINFO [0m:      		round 4: 4.51964114984799
[92mINFO [0m:      		round 5: 5.86304036421563
[92mINFO [0m:      		round 6: 7.157092975048106
[92mINFO [0m:      		round 7: 4.0348258305244835
[92mINFO [0m:      		round 8: 3.804947685594198
[92mINFO [0m:      		round 9: 4.147608877922121
[92mINFO [0m:      		round 10: 5.338214978328199
[92mINFO [0m:      	History (loss, centralized):
[92mINFO [0m:      		round 0: 2.3030543338775633
[92mINFO [0m:      		round 1: 2.474207010650635
[92mINFO [0m:      		round 2: 4.317195038604736
[92mINFO [0m:      		round 3: 4.338258330535889
[92mINFO [0m:      		round 4: 4.594838954925537
[92mINFO [0m:      		round 5: 5.944107975006103
[92mINFO [0m:      		round 6: 7.266237259674072
[92mINFO [0m:      		round 7: 4.140700358581543
[92mINFO [0m:      		round 8: 3.7487805221557617
[92mINFO [0m:      		round 9: 3.9183176616668702
[92mINFO [0m:      		round 10: 5.2672555534362795
[92mINFO [0m:      	History (metrics, distributed, fit):
[92mINFO [0m:      	{'avg_flops_per_client_round': [(1, 8140805084160.0),
[92mINFO [0m:      	                                (2, 8140805084160.0),
[92mINFO [0m:      	                                (3, 8140805084160.0),
[92mINFO [0m:      	                                (4, 8140805084160.0),
[92mINFO [0m:      	                                (5, 8140805084160.0),
[92mINFO [0m:      	                                (6, 8140805084160.0),
[92mINFO [0m:      	                                (7, 8140805084160.0),
[92mINFO [0m:      	                                (8, 8140805084160.0),
[92mINFO [0m:      	                                (9, 8140805084160.0),
[92mINFO [0m:      	                                (10, 8140805084160.0)],
[92mINFO [0m:      	 'total_flops_round': [(1, 40704025420800),
[92mINFO [0m:      	                       (2, 40704025420800),
[92mINFO [0m:      	                       (3, 40704025420800),
[92mINFO [0m:      	                       (4, 40704025420800),
[92mINFO [0m:      	                       (5, 40704025420800),
[92mINFO [0m:      	                       (6, 40704025420800),
[92mINFO [0m:      	                       (7, 40704025420800),
[92mINFO [0m:      	                       (8, 40704025420800),
[92mINFO [0m:      	                       (9, 40704025420800),
[92mINFO [0m:      	                       (10, 40704025420800)]}
[92mINFO [0m:      	History (metrics, distributed, evaluate):
[92mINFO [0m:      	{'accuracy': [(1, 0.10106063638182909),
[92mINFO [0m:      	              (2, 0.2725635381228737),
[92mINFO [0m:      	              (3, 0.3063838302981789),
[92mINFO [0m:      	              (4, 0.29797878727236343),
[92mINFO [0m:      	              (5, 0.28276966179707824),
[92mINFO [0m:      	              (6, 0.34140484290574347),
[92mINFO [0m:      	              (7, 0.46908144886932157),
[92mINFO [0m:      	              (8, 0.4890934560736442),
[92mINFO [0m:      	              (9, 0.4768861316790074),
[92mINFO [0m:      	              (10, 0.47828697218331)],
[92mINFO [0m:      	 'loss': [(1, 2.472619053481077),
[92mINFO [0m:      	          (2, 4.311686391422026),
[92mINFO [0m:      	          (3, 4.284890865764309),
[92mINFO [0m:      	          (4, 4.51964114984799),
[92mINFO [0m:      	          (5, 5.86304036421563),
[92mINFO [0m:      	          (6, 7.157092975048106),
[92mINFO [0m:      	          (7, 4.0348258305244835),
[92mINFO [0m:      	          (8, 3.804947685594198),
[92mINFO [0m:      	          (9, 4.147608877922121),
[92mINFO [0m:      	          (10, 5.338214978328199)]}
[92mINFO [0m:      	History (metrics, centralized):
[92mINFO [0m:      	{'accuracy': [(0, 0.1),
[92mINFO [0m:      	              (1, 0.1012),
[92mINFO [0m:      	              (2, 0.2741),
[92mINFO [0m:      	              (3, 0.3111),
[92mINFO [0m:      	              (4, 0.2947),
[92mINFO [0m:      	              (5, 0.2808),
[92mINFO [0m:      	              (6, 0.3448),
[92mINFO [0m:      	              (7, 0.4713),
[92mINFO [0m:      	              (8, 0.4921),
[92mINFO [0m:      	              (9, 0.4863),
[92mINFO [0m:      	              (10, 0.4832)],
[92mINFO [0m:      	 'loss': [(0, 2.3030543338775633),
[92mINFO [0m:      	          (1, 2.474207010650635),
[92mINFO [0m:      	          (2, 4.317195038604736),
[92mINFO [0m:      	          (3, 4.338258330535889),
[92mINFO [0m:      	          (4, 4.594838954925537),
[92mINFO [0m:      	          (5, 5.944107975006103),
[92mINFO [0m:      	          (6, 7.266237259674072),
[92mINFO [0m:      	          (7, 4.140700358581543),
[92mINFO [0m:      	          (8, 3.7487805221557617),
[92mINFO [0m:      	          (9, 3.9183176616668702),
[92mINFO [0m:      	          (10, 5.2672555534362795)]}
[92mINFO [0m:      
Treinando no dispositivo: cuda:0 com o dataset: CIFAR10 | Setup clientes: 5 (num_gpus por cliente=0.2) | SEED=47 | Método: FedAvgM (server_momentum=0.9, server_lr=1.0)
FLOPS por amostra (forward): 6.030e+07 | (forward+backward, 3x): 1.809e+08
Files already downloaded and verified
Files already downloaded and verified
Dividindo o dataset usando a distribuição de Dirichlet com alpha=0.01.
Iniciando a simulação de Aprendizado Federado...
=== Diagnóstico de Medição de GPU ===
  pynvml_disponivel: True
  pynvml_versao: 580.173.02
  gpus_detectadas: 1
  leitura_potencia_ok: True
  potencia_atual_W: 114.549

--- Rodada 0 - Avaliação Centralizada (Servidor) ---
Loss (Servidor): 2.3031 | Acurácia (Servidor): 0.1000

--- Rodada 1 - Avaliação Centralizada (Servidor) ---
Loss (Servidor): 2.4742 | Acurácia (Servidor): 0.1012
--- Avaliação Agregada (Clientes) ---
Loss Média (Clientes): 2.4726 | Acurácia Média (Clientes): 0.1011

--- Rodada 2 - Avaliação Centralizada (Servidor) ---
Loss (Servidor): 4.3172 | Acurácia (Servidor): 0.2741
--- Avaliação Agregada (Clientes) ---
Loss Média (Clientes): 4.3117 | Acurácia Média (Clientes): 0.2726

--- Rodada 3 - Avaliação Centralizada (Servidor) ---
Loss (Servidor): 4.3383 | Acurácia (Servidor): 0.3111
--- Avaliação Agregada (Clientes) ---
Loss Média (Clientes): 4.2849 | Acurácia Média (Clientes): 0.3064

--- Rodada 4 - Avaliação Centralizada (Servidor) ---
Loss (Servidor): 4.5948 | Acurácia (Servidor): 0.2947
--- Avaliação Agregada (Clientes) ---
Loss Média (Clientes): 4.5196 | Acurácia Média (Clientes): 0.2980

--- Rodada 5 - Avaliação Centralizada (Servidor) ---
Loss (Servidor): 5.9441 | Acurácia (Servidor): 0.2808
--- Avaliação Agregada (Clientes) ---
Loss Média (Clientes): 5.8630 | Acurácia Média (Clientes): 0.2828

--- Rodada 6 - Avaliação Centralizada (Servidor) ---
Loss (Servidor): 7.2662 | Acurácia (Servidor): 0.3448
--- Avaliação Agregada (Clientes) ---
Loss Média (Clientes): 7.1571 | Acurácia Média (Clientes): 0.3414

--- Rodada 7 - Avaliação Centralizada (Servidor) ---
Loss (Servidor): 4.1407 | Acurácia (Servidor): 0.4713
--- Avaliação Agregada (Clientes) ---
Loss Média (Clientes): 4.0348 | Acurácia Média (Clientes): 0.4691

--- Rodada 8 - Avaliação Centralizada (Servidor) ---
Loss (Servidor): 3.7488 | Acurácia (Servidor): 0.4921
--- Avaliação Agregada (Clientes) ---
Loss Média (Clientes): 3.8049 | Acurácia Média (Clientes): 0.4891

--- Rodada 9 - Avaliação Centralizada (Servidor) ---
Loss (Servidor): 3.9183 | Acurácia (Servidor): 0.4863
--- Avaliação Agregada (Clientes) ---
Loss Média (Clientes): 4.1476 | Acurácia Média (Clientes): 0.4769

--- Rodada 10 - Avaliação Centralizada (Servidor) ---
Loss (Servidor): 5.2673 | Acurácia (Servidor): 0.4832
--- Avaliação Agregada (Clientes) ---
Loss Média (Clientes): 5.3382 | Acurácia Média (Clientes): 0.4783

Resultados salvos em: /home/tiago/GitHubProjects/fedhad-thesis-2/FedAvgM-results/1.1_diagnostico_drift/CIFAR10/FedAvgM__CIFAR10__Setup-5__Clients-5__Rounds-10__Delay-0_05__Alpha-0_01__Seed-47.txt
[36m(ClientAppActor pid=682574)[0m [93mWARNING [0m:   DEPRECATED FEATURE: `client_fn` now expects a signature `def client_fn(context: Context)`.The provided `client_fn` has signature: {'cid': <Parameter "cid: str">}. You can import the `Context` like this: `from flwr.app import Context`[32m [repeated 4x across cluster][0m
[36m(ClientAppActor pid=682574)[0m             This is a deprecated feature. It will be removed[32m [repeated 4x across cluster][0m
[36m(ClientAppActor pid=682574)[0m             entirely in future versions of Flower.[32m [repeated 4x across cluster][0m
