[codecarbon WARNING @ 13:31:01] Multiple instances of codecarbon are allowed to run at the same time.
[93mWARNING [0m:   DEPRECATED FEATURE: flwr.simulation.start_simulation() is deprecated.
	Instead, use the `flwr run` CLI command to start a local simulation in your Flower app, as shown for example below:

		$ flwr new  # Create a new Flower app from a template

		$ flwr run  # Run the Flower app in Simulation Mode

	Using `start_simulation()` is deprecated.

            This is a deprecated feature. It will be removed
            entirely in future versions of Flower.
        
[92mINFO [0m:      Starting Flower simulation, config: num_rounds=10, no round_timeout
2026-09-04 13:31:09,466	INFO worker.py:2012 -- Started a local Ray instance.
/home/tiago/GitHubProjects/fedhad-thesis-2/env_flwr_pt/lib/python3.12/site-packages/ray/_private/worker.py:2051: FutureWarning: Tip: In future versions of Ray, Ray will no longer override accelerator visible devices env var if num_gpus=0 or num_gpus=None (default). To enable this behavior and turn off this error message, set RAY_ACCEL_ENV_VAR_OVERRIDE_ON_ZERO=0
  warnings.warn(
[92mINFO [0m:      Flower VCE: Ray initialized with resources: {'object_store_memory': 77739217305.0, 'memory': 181391507047.0, 'node:10.129.64.100': 1.0, 'GPU': 1.0, 'accelerator_type:A40': 1.0, 'CPU': 64.0, 'node:__internal_head__': 1.0}
[92mINFO [0m:      Optimize your simulation with Flower VCE: https://flower.ai/docs/framework/how-to-run-simulations.html
/home/tiago/GitHubProjects/fedhad-thesis-2/FedAvgM_Final.py:1669: UserWarning: No `num_cpus` specified in `client_resources`. Using `num_cpus=1` for each client.
  history = fl.simulation.start_simulation(
[92mINFO [0m:      Flower VCE: Resources for each Virtual Client: {'num_gpus': 0.2, 'num_cpus': 1}
[92mINFO [0m:      Flower VCE: Creating VirtualClientEngineActorPool with 5 actors
[92mINFO [0m:      [INIT]
[92mINFO [0m:      Using initial global parameters provided by strategy
[92mINFO [0m:      Starting evaluation of initial global parameters
[92mINFO [0m:      initial parameters (loss, other metrics): 2.3032265678405763, {'accuracy': 0.1, 'loss': 2.3032265678405763}
[92mINFO [0m:      
[92mINFO [0m:      [ROUND 1]
[92mINFO [0m:      configure_fit: strategy sampled 5 clients (out of 5)
[36m(ClientAppActor pid=597200)[0m [93mWARNING [0m:   DEPRECATED FEATURE: `client_fn` now expects a signature `def client_fn(context: Context)`.The provided `client_fn` has signature: {'cid': <Parameter "cid: str">}. You can import the `Context` like this: `from flwr.app import Context`
[36m(ClientAppActor pid=597200)[0m 
[36m(ClientAppActor pid=597200)[0m             This is a deprecated feature. It will be removed
[36m(ClientAppActor pid=597200)[0m             entirely in future versions of Flower.
[36m(ClientAppActor pid=597200)[0m         
[36m(ClientAppActor pid=597199)[0m 
[36m(ClientAppActor pid=597199)[0m         
[36m(ClientAppActor pid=597166)[0m 
[36m(ClientAppActor pid=597166)[0m         
[36m(ClientAppActor pid=597191)[0m 
[36m(ClientAppActor pid=597191)[0m         
[36m(ClientAppActor pid=597165)[0m 
[36m(ClientAppActor pid=597165)[0m         
[92mINFO [0m:      aggregate_fit: received 5 results and 0 failures
[92mINFO [0m:      fit progress: (1, 2.3218176383972167, {'accuracy': 0.1753, 'loss': 2.3218176383972167}, 16.714634306030348)
[92mINFO [0m:      configure_evaluate: strategy sampled 5 clients (out of 5)
[36m(ClientAppActor pid=597200)[0m 
[36m(ClientAppActor pid=597200)[0m         
[36m(ClientAppActor pid=597200)[0m [93mWARNING [0m:   DEPRECATED FEATURE: `client_fn` now expects a signature `def client_fn(context: Context)`.The provided `client_fn` has signature: {'cid': <Parameter "cid: str">}. You can import the `Context` like this: `from flwr.app import Context`[32m [repeated 5x across cluster] (Ray deduplicates logs by default. Set RAY_DEDUP_LOGS=0 to disable log deduplication, or see https://docs.ray.io/en/master/ray-observability/user-guides/configure-logging.html#log-deduplication for more options.)[0m
[36m(ClientAppActor pid=597200)[0m             This is a deprecated feature. It will be removed[32m [repeated 5x across cluster][0m
[36m(ClientAppActor pid=597200)[0m             entirely in future versions of Flower.[32m [repeated 5x across cluster][0m
[36m(ClientAppActor pid=597191)[0m 
[36m(ClientAppActor pid=597191)[0m         
[36m(ClientAppActor pid=597165)[0m 
[36m(ClientAppActor pid=597165)[0m         
[36m(ClientAppActor pid=597166)[0m 
[36m(ClientAppActor pid=597166)[0m         
[36m(ClientAppActor pid=597199)[0m 
[36m(ClientAppActor pid=597199)[0m         
[92mINFO [0m:      aggregate_evaluate: received 5 results and 0 failures
[92mINFO [0m:      
[92mINFO [0m:      [ROUND 2]
[92mINFO [0m:      configure_fit: strategy sampled 5 clients (out of 5)
[36m(ClientAppActor pid=597199)[0m 
[36m(ClientAppActor pid=597199)[0m         
[36m(ClientAppActor pid=597166)[0m 
[36m(ClientAppActor pid=597166)[0m         
[36m(ClientAppActor pid=597165)[0m 
[36m(ClientAppActor pid=597165)[0m         
[36m(ClientAppActor pid=597191)[0m 
[36m(ClientAppActor pid=597191)[0m         
[36m(ClientAppActor pid=597200)[0m 
[36m(ClientAppActor pid=597200)[0m         
[92mINFO [0m:      aggregate_fit: received 5 results and 0 failures
[92mINFO [0m:      fit progress: (2, 2.8357410778045655, {'accuracy': 0.3224, 'loss': 2.8357410778045655}, 32.31015191500774)
[92mINFO [0m:      configure_evaluate: strategy sampled 5 clients (out of 5)
[36m(ClientAppActor pid=597166)[0m 
[36m(ClientAppActor pid=597166)[0m         
[36m(ClientAppActor pid=597166)[0m [93mWARNING [0m:   DEPRECATED FEATURE: `client_fn` now expects a signature `def client_fn(context: Context)`.The provided `client_fn` has signature: {'cid': <Parameter "cid: str">}. You can import the `Context` like this: `from flwr.app import Context`[32m [repeated 10x across cluster][0m
[36m(ClientAppActor pid=597166)[0m             This is a deprecated feature. It will be removed[32m [repeated 10x across cluster][0m
[36m(ClientAppActor pid=597166)[0m             entirely in future versions of Flower.[32m [repeated 10x across cluster][0m
[36m(ClientAppActor pid=597199)[0m 
[36m(ClientAppActor pid=597199)[0m         
[36m(ClientAppActor pid=597200)[0m 
[36m(ClientAppActor pid=597200)[0m         
[36m(ClientAppActor pid=597191)[0m 
[36m(ClientAppActor pid=597191)[0m         
[36m(ClientAppActor pid=597165)[0m 
[36m(ClientAppActor pid=597165)[0m         
[92mINFO [0m:      aggregate_evaluate: received 5 results and 0 failures
[92mINFO [0m:      
[92mINFO [0m:      [ROUND 3]
[92mINFO [0m:      configure_fit: strategy sampled 5 clients (out of 5)
[36m(ClientAppActor pid=597165)[0m 
[36m(ClientAppActor pid=597165)[0m         
[36m(ClientAppActor pid=597191)[0m 
[36m(ClientAppActor pid=597191)[0m         
[36m(ClientAppActor pid=597200)[0m 
[36m(ClientAppActor pid=597200)[0m         
[36m(ClientAppActor pid=597199)[0m 
[36m(ClientAppActor pid=597199)[0m         
[36m(ClientAppActor pid=597166)[0m 
[36m(ClientAppActor pid=597166)[0m         
[92mINFO [0m:      aggregate_fit: received 5 results and 0 failures
[92mINFO [0m:      fit progress: (3, 9.212659474182129, {'accuracy': 0.2721, 'loss': 9.212659474182129}, 47.86475415300811)
[92mINFO [0m:      configure_evaluate: strategy sampled 5 clients (out of 5)
[36m(ClientAppActor pid=597165)[0m 
[36m(ClientAppActor pid=597165)[0m         
[36m(ClientAppActor pid=597165)[0m [93mWARNING [0m:   DEPRECATED FEATURE: `client_fn` now expects a signature `def client_fn(context: Context)`.The provided `client_fn` has signature: {'cid': <Parameter "cid: str">}. You can import the `Context` like this: `from flwr.app import Context`[32m [repeated 10x across cluster][0m
[36m(ClientAppActor pid=597165)[0m             This is a deprecated feature. It will be removed[32m [repeated 10x across cluster][0m
[36m(ClientAppActor pid=597165)[0m             entirely in future versions of Flower.[32m [repeated 10x across cluster][0m
[36m(ClientAppActor pid=597199)[0m 
[36m(ClientAppActor pid=597199)[0m         
[36m(ClientAppActor pid=597166)[0m 
[36m(ClientAppActor pid=597166)[0m         
[36m(ClientAppActor pid=597191)[0m 
[36m(ClientAppActor pid=597191)[0m         
[36m(ClientAppActor pid=597200)[0m 
[36m(ClientAppActor pid=597200)[0m         
[92mINFO [0m:      aggregate_evaluate: received 5 results and 0 failures
[92mINFO [0m:      
[92mINFO [0m:      [ROUND 4]
[92mINFO [0m:      configure_fit: strategy sampled 5 clients (out of 5)
[36m(ClientAppActor pid=597200)[0m 
[36m(ClientAppActor pid=597200)[0m         
[36m(ClientAppActor pid=597166)[0m 
[36m(ClientAppActor pid=597166)[0m         
[36m(ClientAppActor pid=597191)[0m 
[36m(ClientAppActor pid=597191)[0m         
[36m(ClientAppActor pid=597199)[0m 
[36m(ClientAppActor pid=597199)[0m         
[36m(ClientAppActor pid=597165)[0m 
[36m(ClientAppActor pid=597165)[0m         
[92mINFO [0m:      aggregate_fit: received 5 results and 0 failures
[92mINFO [0m:      fit progress: (4, 3.4967117755889894, {'accuracy': 0.37, 'loss': 3.4967117755889894}, 63.70877277699765)
[92mINFO [0m:      configure_evaluate: strategy sampled 5 clients (out of 5)
[36m(ClientAppActor pid=597191)[0m 
[36m(ClientAppActor pid=597191)[0m         
[36m(ClientAppActor pid=597191)[0m [93mWARNING [0m:   DEPRECATED FEATURE: `client_fn` now expects a signature `def client_fn(context: Context)`.The provided `client_fn` has signature: {'cid': <Parameter "cid: str">}. You can import the `Context` like this: `from flwr.app import Context`[32m [repeated 10x across cluster][0m
[36m(ClientAppActor pid=597191)[0m             This is a deprecated feature. It will be removed[32m [repeated 10x across cluster][0m
[36m(ClientAppActor pid=597191)[0m             entirely in future versions of Flower.[32m [repeated 10x across cluster][0m
[36m(ClientAppActor pid=597200)[0m 
[36m(ClientAppActor pid=597200)[0m         
[36m(ClientAppActor pid=597165)[0m 
[36m(ClientAppActor pid=597165)[0m         
[36m(ClientAppActor pid=597199)[0m 
[36m(ClientAppActor pid=597199)[0m         
[36m(ClientAppActor pid=597166)[0m 
[36m(ClientAppActor pid=597166)[0m         
[92mINFO [0m:      aggregate_evaluate: received 5 results and 0 failures
[92mINFO [0m:      
[92mINFO [0m:      [ROUND 5]
[92mINFO [0m:      configure_fit: strategy sampled 5 clients (out of 5)
[36m(ClientAppActor pid=597166)[0m 
[36m(ClientAppActor pid=597166)[0m         
[36m(ClientAppActor pid=597199)[0m 
[36m(ClientAppActor pid=597199)[0m         
[36m(ClientAppActor pid=597165)[0m 
[36m(ClientAppActor pid=597165)[0m         
[36m(ClientAppActor pid=597200)[0m 
[36m(ClientAppActor pid=597200)[0m         
[36m(ClientAppActor pid=597191)[0m 
[36m(ClientAppActor pid=597191)[0m         
[92mINFO [0m:      aggregate_fit: received 5 results and 0 failures
[92mINFO [0m:      fit progress: (5, 2.0649539266586303, {'accuracy': 0.5329, 'loss': 2.0649539266586303}, 79.47080564801581)
[92mINFO [0m:      configure_evaluate: strategy sampled 5 clients (out of 5)
[36m(ClientAppActor pid=597165)[0m 
[36m(ClientAppActor pid=597165)[0m         
[36m(ClientAppActor pid=597165)[0m [93mWARNING [0m:   DEPRECATED FEATURE: `client_fn` now expects a signature `def client_fn(context: Context)`.The provided `client_fn` has signature: {'cid': <Parameter "cid: str">}. You can import the `Context` like this: `from flwr.app import Context`[32m [repeated 10x across cluster][0m
[36m(ClientAppActor pid=597165)[0m             This is a deprecated feature. It will be removed[32m [repeated 10x across cluster][0m
[36m(ClientAppActor pid=597165)[0m             entirely in future versions of Flower.[32m [repeated 10x across cluster][0m
[36m(ClientAppActor pid=597166)[0m 
[36m(ClientAppActor pid=597166)[0m         
[36m(ClientAppActor pid=597200)[0m 
[36m(ClientAppActor pid=597200)[0m         
[36m(ClientAppActor pid=597191)[0m 
[36m(ClientAppActor pid=597191)[0m         
[36m(ClientAppActor pid=597199)[0m 
[36m(ClientAppActor pid=597199)[0m         
[92mINFO [0m:      aggregate_evaluate: received 5 results and 0 failures
[92mINFO [0m:      
[92mINFO [0m:      [ROUND 6]
[92mINFO [0m:      configure_fit: strategy sampled 5 clients (out of 5)
[36m(ClientAppActor pid=597199)[0m 
[36m(ClientAppActor pid=597199)[0m         
[36m(ClientAppActor pid=597191)[0m 
[36m(ClientAppActor pid=597191)[0m         
[36m(ClientAppActor pid=597200)[0m 
[36m(ClientAppActor pid=597200)[0m         
[36m(ClientAppActor pid=597166)[0m 
[36m(ClientAppActor pid=597166)[0m         
[36m(ClientAppActor pid=597165)[0m 
[36m(ClientAppActor pid=597165)[0m         
[92mINFO [0m:      aggregate_fit: received 5 results and 0 failures
[92mINFO [0m:      fit progress: (6, 2.880838321685791, {'accuracy': 0.5777, 'loss': 2.880838321685791}, 95.39801878703292)
[92mINFO [0m:      configure_evaluate: strategy sampled 5 clients (out of 5)
[36m(ClientAppActor pid=597165)[0m 
[36m(ClientAppActor pid=597165)[0m         
[36m(ClientAppActor pid=597165)[0m [93mWARNING [0m:   DEPRECATED FEATURE: `client_fn` now expects a signature `def client_fn(context: Context)`.The provided `client_fn` has signature: {'cid': <Parameter "cid: str">}. You can import the `Context` like this: `from flwr.app import Context`[32m [repeated 10x across cluster][0m
[36m(ClientAppActor pid=597165)[0m             This is a deprecated feature. It will be removed[32m [repeated 10x across cluster][0m
[36m(ClientAppActor pid=597165)[0m             entirely in future versions of Flower.[32m [repeated 10x across cluster][0m
[36m(ClientAppActor pid=597199)[0m 
[36m(ClientAppActor pid=597199)[0m         
[36m(ClientAppActor pid=597166)[0m 
[36m(ClientAppActor pid=597166)[0m         
[36m(ClientAppActor pid=597200)[0m 
[36m(ClientAppActor pid=597200)[0m         
[36m(ClientAppActor pid=597191)[0m 
[36m(ClientAppActor pid=597191)[0m         
[92mINFO [0m:      aggregate_evaluate: received 5 results and 0 failures
[92mINFO [0m:      
[92mINFO [0m:      [ROUND 7]
[92mINFO [0m:      configure_fit: strategy sampled 5 clients (out of 5)
[36m(ClientAppActor pid=597191)[0m 
[36m(ClientAppActor pid=597191)[0m         
[36m(ClientAppActor pid=597200)[0m 
[36m(ClientAppActor pid=597200)[0m         
[36m(ClientAppActor pid=597166)[0m 
[36m(ClientAppActor pid=597166)[0m         
[36m(ClientAppActor pid=597199)[0m 
[36m(ClientAppActor pid=597199)[0m         
[36m(ClientAppActor pid=597165)[0m 
[36m(ClientAppActor pid=597165)[0m         
[92mINFO [0m:      aggregate_fit: received 5 results and 0 failures
[92mINFO [0m:      fit progress: (7, 2.876222682762146, {'accuracy': 0.5831, 'loss': 2.876222682762146}, 110.99067908903817)
[92mINFO [0m:      configure_evaluate: strategy sampled 5 clients (out of 5)
[36m(ClientAppActor pid=597191)[0m 
[36m(ClientAppActor pid=597191)[0m         
[36m(ClientAppActor pid=597191)[0m [93mWARNING [0m:   DEPRECATED FEATURE: `client_fn` now expects a signature `def client_fn(context: Context)`.The provided `client_fn` has signature: {'cid': <Parameter "cid: str">}. You can import the `Context` like this: `from flwr.app import Context`[32m [repeated 10x across cluster][0m
[36m(ClientAppActor pid=597191)[0m             This is a deprecated feature. It will be removed[32m [repeated 10x across cluster][0m
[36m(ClientAppActor pid=597191)[0m             entirely in future versions of Flower.[32m [repeated 10x across cluster][0m
[36m(ClientAppActor pid=597200)[0m 
[36m(ClientAppActor pid=597200)[0m         
[36m(ClientAppActor pid=597165)[0m 
[36m(ClientAppActor pid=597165)[0m         
[36m(ClientAppActor pid=597166)[0m 
[36m(ClientAppActor pid=597166)[0m         
[36m(ClientAppActor pid=597199)[0m 
[36m(ClientAppActor pid=597199)[0m         
[92mINFO [0m:      aggregate_evaluate: received 5 results and 0 failures
[92mINFO [0m:      
[92mINFO [0m:      [ROUND 8]
[92mINFO [0m:      configure_fit: strategy sampled 5 clients (out of 5)
[36m(ClientAppActor pid=597166)[0m 
[36m(ClientAppActor pid=597166)[0m         
[36m(ClientAppActor pid=597199)[0m 
[36m(ClientAppActor pid=597199)[0m         
[36m(ClientAppActor pid=597200)[0m 
[36m(ClientAppActor pid=597200)[0m         
[36m(ClientAppActor pid=597165)[0m 
[36m(ClientAppActor pid=597165)[0m         
[36m(ClientAppActor pid=597191)[0m 
[36m(ClientAppActor pid=597191)[0m         
[92mINFO [0m:      aggregate_fit: received 5 results and 0 failures
[92mINFO [0m:      fit progress: (8, 2.3589174480438233, {'accuracy': 0.5894, 'loss': 2.3589174480438233}, 126.48578821500996)
[92mINFO [0m:      configure_evaluate: strategy sampled 5 clients (out of 5)
[36m(ClientAppActor pid=597166)[0m 
[36m(ClientAppActor pid=597166)[0m         
[36m(ClientAppActor pid=597166)[0m [93mWARNING [0m:   DEPRECATED FEATURE: `client_fn` now expects a signature `def client_fn(context: Context)`.The provided `client_fn` has signature: {'cid': <Parameter "cid: str">}. You can import the `Context` like this: `from flwr.app import Context`[32m [repeated 10x across cluster][0m
[36m(ClientAppActor pid=597166)[0m             This is a deprecated feature. It will be removed[32m [repeated 10x across cluster][0m
[36m(ClientAppActor pid=597166)[0m             entirely in future versions of Flower.[32m [repeated 10x across cluster][0m
[36m(ClientAppActor pid=597200)[0m 
[36m(ClientAppActor pid=597200)[0m         
[36m(ClientAppActor pid=597199)[0m 
[36m(ClientAppActor pid=597199)[0m         
[36m(ClientAppActor pid=597191)[0m 
[36m(ClientAppActor pid=597191)[0m         
[36m(ClientAppActor pid=597165)[0m 
[36m(ClientAppActor pid=597165)[0m         
[92mINFO [0m:      aggregate_evaluate: received 5 results and 0 failures
[92mINFO [0m:      
[92mINFO [0m:      [ROUND 9]
[92mINFO [0m:      configure_fit: strategy sampled 5 clients (out of 5)
[36m(ClientAppActor pid=597191)[0m 
[36m(ClientAppActor pid=597191)[0m         
[36m(ClientAppActor pid=597165)[0m 
[36m(ClientAppActor pid=597165)[0m         
[36m(ClientAppActor pid=597199)[0m 
[36m(ClientAppActor pid=597199)[0m         
[36m(ClientAppActor pid=597200)[0m 
[36m(ClientAppActor pid=597200)[0m         
[36m(ClientAppActor pid=597166)[0m 
[36m(ClientAppActor pid=597166)[0m         
[92mINFO [0m:      aggregate_fit: received 5 results and 0 failures
[92mINFO [0m:      fit progress: (9, 3.1124682209014893, {'accuracy': 0.5541, 'loss': 3.1124682209014893}, 142.24209715501638)
[92mINFO [0m:      configure_evaluate: strategy sampled 5 clients (out of 5)
[36m(ClientAppActor pid=597191)[0m 
[36m(ClientAppActor pid=597191)[0m         
[36m(ClientAppActor pid=597191)[0m [93mWARNING [0m:   DEPRECATED FEATURE: `client_fn` now expects a signature `def client_fn(context: Context)`.The provided `client_fn` has signature: {'cid': <Parameter "cid: str">}. You can import the `Context` like this: `from flwr.app import Context`[32m [repeated 10x across cluster][0m
[36m(ClientAppActor pid=597191)[0m             This is a deprecated feature. It will be removed[32m [repeated 10x across cluster][0m
[36m(ClientAppActor pid=597191)[0m             entirely in future versions of Flower.[32m [repeated 10x across cluster][0m
[36m(ClientAppActor pid=597199)[0m 
[36m(ClientAppActor pid=597199)[0m         
[36m(ClientAppActor pid=597165)[0m 
[36m(ClientAppActor pid=597165)[0m         
[36m(ClientAppActor pid=597200)[0m 
[36m(ClientAppActor pid=597200)[0m         
[36m(ClientAppActor pid=597166)[0m 
[36m(ClientAppActor pid=597166)[0m         
[92mINFO [0m:      aggregate_evaluate: received 5 results and 0 failures
[92mINFO [0m:      
[92mINFO [0m:      [ROUND 10]
[92mINFO [0m:      configure_fit: strategy sampled 5 clients (out of 5)
[36m(ClientAppActor pid=597166)[0m 
[36m(ClientAppActor pid=597166)[0m         
[36m(ClientAppActor pid=597200)[0m 
[36m(ClientAppActor pid=597200)[0m         
[36m(ClientAppActor pid=597165)[0m 
[36m(ClientAppActor pid=597165)[0m         
[36m(ClientAppActor pid=597199)[0m 
[36m(ClientAppActor pid=597199)[0m         
[36m(ClientAppActor pid=597191)[0m 
[36m(ClientAppActor pid=597191)[0m         
[92mINFO [0m:      aggregate_fit: received 5 results and 0 failures
[92mINFO [0m:      fit progress: (10, 4.277105918693542, {'accuracy': 0.5189, 'loss': 4.277105918693542}, 158.1385992920259)
[92mINFO [0m:      configure_evaluate: strategy sampled 5 clients (out of 5)
[36m(ClientAppActor pid=597191)[0m 
[36m(ClientAppActor pid=597191)[0m         
[36m(ClientAppActor pid=597191)[0m [93mWARNING [0m:   DEPRECATED FEATURE: `client_fn` now expects a signature `def client_fn(context: Context)`.The provided `client_fn` has signature: {'cid': <Parameter "cid: str">}. You can import the `Context` like this: `from flwr.app import Context`[32m [repeated 10x across cluster][0m
[36m(ClientAppActor pid=597191)[0m             This is a deprecated feature. It will be removed[32m [repeated 10x across cluster][0m
[36m(ClientAppActor pid=597191)[0m             entirely in future versions of Flower.[32m [repeated 10x across cluster][0m
[36m(ClientAppActor pid=597200)[0m 
[36m(ClientAppActor pid=597200)[0m         
[36m(ClientAppActor pid=597165)[0m 
[36m(ClientAppActor pid=597165)[0m         
[36m(ClientAppActor pid=597199)[0m 
[36m(ClientAppActor pid=597199)[0m         
[36m(ClientAppActor pid=597166)[0m 
[36m(ClientAppActor pid=597166)[0m         
[92mINFO [0m:      aggregate_evaluate: received 5 results and 0 failures
[92mINFO [0m:      
[92mINFO [0m:      [SUMMARY]
[92mINFO [0m:      Run finished 10 round(s) in 158.99s
[92mINFO [0m:      	History (loss, distributed):
[92mINFO [0m:      		round 1: 2.317700543641233
[92mINFO [0m:      		round 2: 2.8435554380819563
[92mINFO [0m:      		round 3: 9.388836195737523
[92mINFO [0m:      		round 4: 3.4806003093433207
[92mINFO [0m:      		round 5: 2.0285505242459365
[92mINFO [0m:      		round 6: 2.824530012534336
[92mINFO [0m:      		round 7: 2.829253937284935
[92mINFO [0m:      		round 8: 2.3212225792859824
[92mINFO [0m:      		round 9: 3.0278384584843314
[92mINFO [0m:      		round 10: 3.9806094928242954
[92mINFO [0m:      	History (loss, centralized):
[92mINFO [0m:      		round 0: 2.3032265678405763
[92mINFO [0m:      		round 1: 2.3218176383972167
[92mINFO [0m:      		round 2: 2.8357410778045655
[92mINFO [0m:      		round 3: 9.212659474182129
[92mINFO [0m:      		round 4: 3.4967117755889894
[92mINFO [0m:      		round 5: 2.0649539266586303
[92mINFO [0m:      		round 6: 2.880838321685791
[92mINFO [0m:      		round 7: 2.876222682762146
[92mINFO [0m:      		round 8: 2.3589174480438233
[92mINFO [0m:      		round 9: 3.1124682209014893
[92mINFO [0m:      		round 10: 4.277105918693542
[92mINFO [0m:      	History (metrics, distributed, fit):
[92mINFO [0m:      	{'avg_flops_per_client_round': [(1, 8140805084160.0),
[92mINFO [0m:      	                                (2, 8140805084160.0),
[92mINFO [0m:      	                                (3, 8140805084160.0),
[92mINFO [0m:      	                                (4, 8140805084160.0),
[92mINFO [0m:      	                                (5, 8140805084160.0),
[92mINFO [0m:      	                                (6, 8140805084160.0),
[92mINFO [0m:      	                                (7, 8140805084160.0),
[92mINFO [0m:      	                                (8, 8140805084160.0),
[92mINFO [0m:      	                                (9, 8140805084160.0),
[92mINFO [0m:      	                                (10, 8140805084160.0)],
[92mINFO [0m:      	 'total_flops_round': [(1, 40704025420800),
[92mINFO [0m:      	                       (2, 40704025420800),
[92mINFO [0m:      	                       (3, 40704025420800),
[92mINFO [0m:      	                       (4, 40704025420800),
[92mINFO [0m:      	                       (5, 40704025420800),
[92mINFO [0m:      	                       (6, 40704025420800),
[92mINFO [0m:      	                       (7, 40704025420800),
[92mINFO [0m:      	                       (8, 40704025420800),
[92mINFO [0m:      	                       (9, 40704025420800),
[92mINFO [0m:      	                       (10, 40704025420800)]}
[92mINFO [0m:      	History (metrics, distributed, evaluate):
[92mINFO [0m:      	{'accuracy': [(1, 0.17910746447868722),
[92mINFO [0m:      	              (2, 0.31739043426055635),
[92mINFO [0m:      	              (3, 0.2691614968981389),
[92mINFO [0m:      	              (4, 0.3724234540724435),
[92mINFO [0m:      	              (5, 0.5321192715629378),
[92mINFO [0m:      	              (6, 0.5913548128877326),
[92mINFO [0m:      	              (7, 0.5909545727436462),
[92mINFO [0m:      	              (8, 0.5833500100060036),
[92mINFO [0m:      	              (9, 0.5559335601360816),
[92mINFO [0m:      	              (10, 0.5177106263758255)],
[92mINFO [0m:      	 'loss': [(1, 2.317700543641233),
[92mINFO [0m:      	          (2, 2.8435554380819563),
[92mINFO [0m:      	          (3, 9.388836195737523),
[92mINFO [0m:      	          (4, 3.4806003093433207),
[92mINFO [0m:      	          (5, 2.0285505242459365),
[92mINFO [0m:      	          (6, 2.824530012534336),
[92mINFO [0m:      	          (7, 2.829253937284935),
[92mINFO [0m:      	          (8, 2.3212225792859824),
[92mINFO [0m:      	          (9, 3.0278384584843314),
[92mINFO [0m:      	          (10, 3.9806094928242954)]}
[92mINFO [0m:      	History (metrics, centralized):
[92mINFO [0m:      	{'accuracy': [(0, 0.1),
[92mINFO [0m:      	              (1, 0.1753),
[92mINFO [0m:      	              (2, 0.3224),
[92mINFO [0m:      	              (3, 0.2721),
[92mINFO [0m:      	              (4, 0.37),
[92mINFO [0m:      	              (5, 0.5329),
[92mINFO [0m:      	              (6, 0.5777),
[92mINFO [0m:      	              (7, 0.5831),
[92mINFO [0m:      	              (8, 0.5894),
[92mINFO [0m:      	              (9, 0.5541),
[92mINFO [0m:      	              (10, 0.5189)],
[92mINFO [0m:      	 'loss': [(0, 2.3032265678405763),
[92mINFO [0m:      	          (1, 2.3218176383972167),
[92mINFO [0m:      	          (2, 2.8357410778045655),
[92mINFO [0m:      	          (3, 9.212659474182129),
[92mINFO [0m:      	          (4, 3.4967117755889894),
[92mINFO [0m:      	          (5, 2.0649539266586303),
[92mINFO [0m:      	          (6, 2.880838321685791),
[92mINFO [0m:      	          (7, 2.876222682762146),
[92mINFO [0m:      	          (8, 2.3589174480438233),
[92mINFO [0m:      	          (9, 3.1124682209014893),
[92mINFO [0m:      	          (10, 4.277105918693542)]}
[92mINFO [0m:      
Treinando no dispositivo: cuda:0 com o dataset: CIFAR10 | Setup clientes: 5 (num_gpus por cliente=0.2) | SEED=46 | Método: FedAvgM (server_momentum=0.9, server_lr=1.0)
FLOPS por amostra (forward): 6.030e+07 | (forward+backward, 3x): 1.809e+08
Files already downloaded and verified
Files already downloaded and verified
Dividindo o dataset usando a distribuição de Dirichlet com alpha=0.1.
Iniciando a simulação de Aprendizado Federado...
=== Diagnóstico de Medição de GPU ===
  pynvml_disponivel: True
  pynvml_versao: 580.173.02
  gpus_detectadas: 1
  leitura_potencia_ok: True
  potencia_atual_W: 115.083

--- Rodada 0 - Avaliação Centralizada (Servidor) ---
Loss (Servidor): 2.3032 | Acurácia (Servidor): 0.1000

--- Rodada 1 - Avaliação Centralizada (Servidor) ---
Loss (Servidor): 2.3218 | Acurácia (Servidor): 0.1753
--- Avaliação Agregada (Clientes) ---
Loss Média (Clientes): 2.3177 | Acurácia Média (Clientes): 0.1791

--- Rodada 2 - Avaliação Centralizada (Servidor) ---
Loss (Servidor): 2.8357 | Acurácia (Servidor): 0.3224
--- Avaliação Agregada (Clientes) ---
Loss Média (Clientes): 2.8436 | Acurácia Média (Clientes): 0.3174

--- Rodada 3 - Avaliação Centralizada (Servidor) ---
Loss (Servidor): 9.2127 | Acurácia (Servidor): 0.2721
--- Avaliação Agregada (Clientes) ---
Loss Média (Clientes): 9.3888 | Acurácia Média (Clientes): 0.2692

--- Rodada 4 - Avaliação Centralizada (Servidor) ---
Loss (Servidor): 3.4967 | Acurácia (Servidor): 0.3700
--- Avaliação Agregada (Clientes) ---
Loss Média (Clientes): 3.4806 | Acurácia Média (Clientes): 0.3724

--- Rodada 5 - Avaliação Centralizada (Servidor) ---
Loss (Servidor): 2.0650 | Acurácia (Servidor): 0.5329
--- Avaliação Agregada (Clientes) ---
Loss Média (Clientes): 2.0286 | Acurácia Média (Clientes): 0.5321

--- Rodada 6 - Avaliação Centralizada (Servidor) ---
Loss (Servidor): 2.8808 | Acurácia (Servidor): 0.5777
--- Avaliação Agregada (Clientes) ---
Loss Média (Clientes): 2.8245 | Acurácia Média (Clientes): 0.5914

--- Rodada 7 - Avaliação Centralizada (Servidor) ---
Loss (Servidor): 2.8762 | Acurácia (Servidor): 0.5831
--- Avaliação Agregada (Clientes) ---
Loss Média (Clientes): 2.8293 | Acurácia Média (Clientes): 0.5910

--- Rodada 8 - Avaliação Centralizada (Servidor) ---
Loss (Servidor): 2.3589 | Acurácia (Servidor): 0.5894
--- Avaliação Agregada (Clientes) ---
Loss Média (Clientes): 2.3212 | Acurácia Média (Clientes): 0.5834

--- Rodada 9 - Avaliação Centralizada (Servidor) ---
Loss (Servidor): 3.1125 | Acurácia (Servidor): 0.5541
--- Avaliação Agregada (Clientes) ---
Loss Média (Clientes): 3.0278 | Acurácia Média (Clientes): 0.5559

--- Rodada 10 - Avaliação Centralizada (Servidor) ---
Loss (Servidor): 4.2771 | Acurácia (Servidor): 0.5189
--- Avaliação Agregada (Clientes) ---
Loss Média (Clientes): 3.9806 | Acurácia Média (Clientes): 0.5177

Resultados salvos em: /home/tiago/GitHubProjects/fedhad-thesis-2/FedAvgM-results/1.1_diagnostico_drift/CIFAR10/FedAvgM__CIFAR10__Setup-5__Clients-5__Rounds-10__Delay-0_05__Alpha-0_1__Seed-46.txt
[36m(ClientAppActor pid=597166)[0m [93mWARNING [0m:   DEPRECATED FEATURE: `client_fn` now expects a signature `def client_fn(context: Context)`.The provided `client_fn` has signature: {'cid': <Parameter "cid: str">}. You can import the `Context` like this: `from flwr.app import Context`[32m [repeated 4x across cluster][0m
[36m(ClientAppActor pid=597166)[0m             This is a deprecated feature. It will be removed[32m [repeated 4x across cluster][0m
[36m(ClientAppActor pid=597166)[0m             entirely in future versions of Flower.[32m [repeated 4x across cluster][0m
