[codecarbon WARNING @ 12:45:57] Multiple instances of codecarbon are allowed to run at the same time.
[93mWARNING [0m:   DEPRECATED FEATURE: flwr.simulation.start_simulation() is deprecated.
	Instead, use the `flwr run` CLI command to start a local simulation in your Flower app, as shown for example below:

		$ flwr new  # Create a new Flower app from a template

		$ flwr run  # Run the Flower app in Simulation Mode

	Using `start_simulation()` is deprecated.

            This is a deprecated feature. It will be removed
            entirely in future versions of Flower.
        
[92mINFO [0m:      Starting Flower simulation, config: num_rounds=10, no round_timeout
2026-09-04 12:46:06,223	INFO worker.py:2012 -- Started a local Ray instance.
/home/tiago/GitHubProjects/fedhad-thesis-2/env_flwr_pt/lib/python3.12/site-packages/ray/_private/worker.py:2051: FutureWarning: Tip: In future versions of Ray, Ray will no longer override accelerator visible devices env var if num_gpus=0 or num_gpus=None (default). To enable this behavior and turn off this error message, set RAY_ACCEL_ENV_VAR_OVERRIDE_ON_ZERO=0
  warnings.warn(
[92mINFO [0m:      Flower VCE: Ray initialized with resources: {'node:__internal_head__': 1.0, 'node:10.129.64.100': 1.0, 'CPU': 64.0, 'accelerator_type:A40': 1.0, 'GPU': 1.0, 'object_store_memory': 77746543411.0, 'memory': 181408601293.0}
[92mINFO [0m:      Optimize your simulation with Flower VCE: https://flower.ai/docs/framework/how-to-run-simulations.html
/home/tiago/GitHubProjects/fedhad-thesis-2/FedAVG_Final.py:1577: UserWarning: No `num_cpus` specified in `client_resources`. Using `num_cpus=1` for each client.
  history = fl.simulation.start_simulation(
[92mINFO [0m:      Flower VCE: Resources for each Virtual Client: {'num_gpus': 0.2, 'num_cpus': 1}
[92mINFO [0m:      Flower VCE: Creating VirtualClientEngineActorPool with 5 actors
[92mINFO [0m:      [INIT]
[92mINFO [0m:      Requesting initial parameters from one random client
[36m(ClientAppActor pid=477138)[0m [93mWARNING [0m:   DEPRECATED FEATURE: `client_fn` now expects a signature `def client_fn(context: Context)`.The provided `client_fn` has signature: {'cid': <Parameter "cid: str">}. You can import the `Context` like this: `from flwr.app import Context`
[36m(ClientAppActor pid=477138)[0m 
[36m(ClientAppActor pid=477138)[0m             This is a deprecated feature. It will be removed
[36m(ClientAppActor pid=477138)[0m             entirely in future versions of Flower.
[36m(ClientAppActor pid=477138)[0m         
[92mINFO [0m:      Received initial parameters from one random client
[92mINFO [0m:      Starting evaluation of initial global parameters
[92mINFO [0m:      initial parameters (loss, other metrics): 2.303248886489868, {'accuracy': 0.099, 'loss': 2.303248886489868}
[92mINFO [0m:      
[92mINFO [0m:      [ROUND 1]
[92mINFO [0m:      configure_fit: strategy sampled 5 clients (out of 5)
[36m(ClientAppActor pid=477138)[0m [93mWARNING [0m:   DEPRECATED FEATURE: `client_fn` now expects a signature `def client_fn(context: Context)`.The provided `client_fn` has signature: {'cid': <Parameter "cid: str">}. You can import the `Context` like this: `from flwr.app import Context`
[36m(ClientAppActor pid=477138)[0m 
[36m(ClientAppActor pid=477138)[0m             This is a deprecated feature. It will be removed
[36m(ClientAppActor pid=477138)[0m             entirely in future versions of Flower.
[36m(ClientAppActor pid=477138)[0m         
[36m(ClientAppActor pid=477137)[0m 
[36m(ClientAppActor pid=477137)[0m         
[36m(ClientAppActor pid=477136)[0m 
[36m(ClientAppActor pid=477136)[0m         
[36m(ClientAppActor pid=477135)[0m 
[36m(ClientAppActor pid=477135)[0m         
[36m(ClientAppActor pid=477134)[0m 
[36m(ClientAppActor pid=477134)[0m         
[92mINFO [0m:      aggregate_fit: received 5 results and 0 failures
[92mINFO [0m:      fit progress: (1, 2.423681712341309, {'accuracy': 0.203, 'loss': 2.423681712341309}, 20.02649849303998)
[92mINFO [0m:      configure_evaluate: strategy sampled 5 clients (out of 5)
[36m(ClientAppActor pid=477135)[0m 
[36m(ClientAppActor pid=477135)[0m         
[36m(ClientAppActor pid=477135)[0m [93mWARNING [0m:   DEPRECATED FEATURE: `client_fn` now expects a signature `def client_fn(context: Context)`.The provided `client_fn` has signature: {'cid': <Parameter "cid: str">}. You can import the `Context` like this: `from flwr.app import Context`[32m [repeated 5x across cluster] (Ray deduplicates logs by default. Set RAY_DEDUP_LOGS=0 to disable log deduplication, or see https://docs.ray.io/en/master/ray-observability/user-guides/configure-logging.html#log-deduplication for more options.)[0m
[36m(ClientAppActor pid=477135)[0m             This is a deprecated feature. It will be removed[32m [repeated 5x across cluster][0m
[36m(ClientAppActor pid=477135)[0m             entirely in future versions of Flower.[32m [repeated 5x across cluster][0m
[36m(ClientAppActor pid=477134)[0m 
[36m(ClientAppActor pid=477134)[0m         
[36m(ClientAppActor pid=477136)[0m 
[36m(ClientAppActor pid=477136)[0m         
[36m(ClientAppActor pid=477137)[0m 
[36m(ClientAppActor pid=477137)[0m         
[36m(ClientAppActor pid=477138)[0m 
[36m(ClientAppActor pid=477138)[0m         
[92mINFO [0m:      aggregate_evaluate: received 5 results and 0 failures
[92mINFO [0m:      
[92mINFO [0m:      [ROUND 2]
[92mINFO [0m:      configure_fit: strategy sampled 5 clients (out of 5)
[36m(ClientAppActor pid=477138)[0m 
[36m(ClientAppActor pid=477138)[0m         
[36m(ClientAppActor pid=477137)[0m 
[36m(ClientAppActor pid=477137)[0m         
[36m(ClientAppActor pid=477134)[0m 
[36m(ClientAppActor pid=477134)[0m         
[36m(ClientAppActor pid=477136)[0m 
[36m(ClientAppActor pid=477136)[0m         
[36m(ClientAppActor pid=477135)[0m 
[36m(ClientAppActor pid=477135)[0m         
[92mINFO [0m:      aggregate_fit: received 5 results and 0 failures
[92mINFO [0m:      fit progress: (2, 1.8915776206970214, {'accuracy': 0.4367, 'loss': 1.8915776206970214}, 39.234428419033065)
[92mINFO [0m:      configure_evaluate: strategy sampled 5 clients (out of 5)
[36m(ClientAppActor pid=477134)[0m 
[36m(ClientAppActor pid=477134)[0m         
[36m(ClientAppActor pid=477134)[0m [93mWARNING [0m:   DEPRECATED FEATURE: `client_fn` now expects a signature `def client_fn(context: Context)`.The provided `client_fn` has signature: {'cid': <Parameter "cid: str">}. You can import the `Context` like this: `from flwr.app import Context`[32m [repeated 10x across cluster][0m
[36m(ClientAppActor pid=477134)[0m             This is a deprecated feature. It will be removed[32m [repeated 10x across cluster][0m
[36m(ClientAppActor pid=477134)[0m             entirely in future versions of Flower.[32m [repeated 10x across cluster][0m
[36m(ClientAppActor pid=477135)[0m 
[36m(ClientAppActor pid=477135)[0m         
[36m(ClientAppActor pid=477136)[0m 
[36m(ClientAppActor pid=477136)[0m         
[36m(ClientAppActor pid=477138)[0m 
[36m(ClientAppActor pid=477138)[0m         
[36m(ClientAppActor pid=477137)[0m 
[36m(ClientAppActor pid=477137)[0m         
[92mINFO [0m:      aggregate_evaluate: received 5 results and 0 failures
[92mINFO [0m:      
[92mINFO [0m:      [ROUND 3]
[92mINFO [0m:      configure_fit: strategy sampled 5 clients (out of 5)
[36m(ClientAppActor pid=477138)[0m 
[36m(ClientAppActor pid=477138)[0m         
[36m(ClientAppActor pid=477137)[0m 
[36m(ClientAppActor pid=477137)[0m         
[36m(ClientAppActor pid=477135)[0m 
[36m(ClientAppActor pid=477135)[0m         
[36m(ClientAppActor pid=477136)[0m 
[36m(ClientAppActor pid=477136)[0m         
[36m(ClientAppActor pid=477134)[0m 
[36m(ClientAppActor pid=477134)[0m         
[92mINFO [0m:      aggregate_fit: received 5 results and 0 failures
[92mINFO [0m:      fit progress: (3, 1.8662670822143554, {'accuracy': 0.5169, 'loss': 1.8662670822143554}, 58.09610020602122)
[92mINFO [0m:      configure_evaluate: strategy sampled 5 clients (out of 5)
[36m(ClientAppActor pid=477138)[0m 
[36m(ClientAppActor pid=477138)[0m         
[36m(ClientAppActor pid=477138)[0m [93mWARNING [0m:   DEPRECATED FEATURE: `client_fn` now expects a signature `def client_fn(context: Context)`.The provided `client_fn` has signature: {'cid': <Parameter "cid: str">}. You can import the `Context` like this: `from flwr.app import Context`[32m [repeated 10x across cluster][0m
[36m(ClientAppActor pid=477138)[0m             This is a deprecated feature. It will be removed[32m [repeated 10x across cluster][0m
[36m(ClientAppActor pid=477138)[0m             entirely in future versions of Flower.[32m [repeated 10x across cluster][0m
[36m(ClientAppActor pid=477134)[0m 
[36m(ClientAppActor pid=477134)[0m         
[36m(ClientAppActor pid=477136)[0m 
[36m(ClientAppActor pid=477136)[0m         
[36m(ClientAppActor pid=477137)[0m 
[36m(ClientAppActor pid=477137)[0m         
[36m(ClientAppActor pid=477135)[0m 
[36m(ClientAppActor pid=477135)[0m         
[92mINFO [0m:      aggregate_evaluate: received 5 results and 0 failures
[92mINFO [0m:      
[92mINFO [0m:      [ROUND 4]
[92mINFO [0m:      configure_fit: strategy sampled 5 clients (out of 5)
[36m(ClientAppActor pid=477135)[0m 
[36m(ClientAppActor pid=477135)[0m         
[36m(ClientAppActor pid=477137)[0m 
[36m(ClientAppActor pid=477137)[0m         
[36m(ClientAppActor pid=477136)[0m 
[36m(ClientAppActor pid=477136)[0m         
[36m(ClientAppActor pid=477134)[0m 
[36m(ClientAppActor pid=477134)[0m         
[36m(ClientAppActor pid=477138)[0m 
[36m(ClientAppActor pid=477138)[0m         
[92mINFO [0m:      aggregate_fit: received 5 results and 0 failures
[92mINFO [0m:      fit progress: (4, 1.5639734596252441, {'accuracy': 0.5754, 'loss': 1.5639734596252441}, 77.26759559701895)
[92mINFO [0m:      configure_evaluate: strategy sampled 5 clients (out of 5)
[36m(ClientAppActor pid=477138)[0m 
[36m(ClientAppActor pid=477138)[0m         
[36m(ClientAppActor pid=477138)[0m [93mWARNING [0m:   DEPRECATED FEATURE: `client_fn` now expects a signature `def client_fn(context: Context)`.The provided `client_fn` has signature: {'cid': <Parameter "cid: str">}. You can import the `Context` like this: `from flwr.app import Context`[32m [repeated 10x across cluster][0m
[36m(ClientAppActor pid=477138)[0m             This is a deprecated feature. It will be removed[32m [repeated 10x across cluster][0m
[36m(ClientAppActor pid=477138)[0m             entirely in future versions of Flower.[32m [repeated 10x across cluster][0m
[36m(ClientAppActor pid=477135)[0m 
[36m(ClientAppActor pid=477135)[0m         
[36m(ClientAppActor pid=477134)[0m 
[36m(ClientAppActor pid=477134)[0m         
[36m(ClientAppActor pid=477136)[0m 
[36m(ClientAppActor pid=477136)[0m         
[36m(ClientAppActor pid=477137)[0m 
[36m(ClientAppActor pid=477137)[0m         
[92mINFO [0m:      aggregate_evaluate: received 5 results and 0 failures
[92mINFO [0m:      
[92mINFO [0m:      [ROUND 5]
[92mINFO [0m:      configure_fit: strategy sampled 5 clients (out of 5)
[36m(ClientAppActor pid=477137)[0m 
[36m(ClientAppActor pid=477137)[0m         
[36m(ClientAppActor pid=477136)[0m 
[36m(ClientAppActor pid=477136)[0m         
[36m(ClientAppActor pid=477134)[0m 
[36m(ClientAppActor pid=477134)[0m         
[36m(ClientAppActor pid=477135)[0m 
[36m(ClientAppActor pid=477135)[0m         
[36m(ClientAppActor pid=477138)[0m 
[36m(ClientAppActor pid=477138)[0m         
[92mINFO [0m:      aggregate_fit: received 5 results and 0 failures
[92mINFO [0m:      fit progress: (5, 1.7409110542297364, {'accuracy': 0.5624, 'loss': 1.7409110542297364}, 95.97487122699386)
[92mINFO [0m:      configure_evaluate: strategy sampled 5 clients (out of 5)
[36m(ClientAppActor pid=477136)[0m 
[36m(ClientAppActor pid=477136)[0m         
[36m(ClientAppActor pid=477136)[0m [93mWARNING [0m:   DEPRECATED FEATURE: `client_fn` now expects a signature `def client_fn(context: Context)`.The provided `client_fn` has signature: {'cid': <Parameter "cid: str">}. You can import the `Context` like this: `from flwr.app import Context`[32m [repeated 10x across cluster][0m
[36m(ClientAppActor pid=477136)[0m             This is a deprecated feature. It will be removed[32m [repeated 10x across cluster][0m
[36m(ClientAppActor pid=477136)[0m             entirely in future versions of Flower.[32m [repeated 10x across cluster][0m
[36m(ClientAppActor pid=477135)[0m 
[36m(ClientAppActor pid=477135)[0m         
[36m(ClientAppActor pid=477134)[0m 
[36m(ClientAppActor pid=477134)[0m         
[36m(ClientAppActor pid=477137)[0m 
[36m(ClientAppActor pid=477137)[0m         
[36m(ClientAppActor pid=477138)[0m 
[36m(ClientAppActor pid=477138)[0m         
[92mINFO [0m:      aggregate_evaluate: received 5 results and 0 failures
[92mINFO [0m:      
[92mINFO [0m:      [ROUND 6]
[92mINFO [0m:      configure_fit: strategy sampled 5 clients (out of 5)
[36m(ClientAppActor pid=477137)[0m 
[36m(ClientAppActor pid=477137)[0m         
[36m(ClientAppActor pid=477138)[0m 
[36m(ClientAppActor pid=477138)[0m         
[36m(ClientAppActor pid=477135)[0m 
[36m(ClientAppActor pid=477135)[0m         
[36m(ClientAppActor pid=477134)[0m 
[36m(ClientAppActor pid=477134)[0m         
[36m(ClientAppActor pid=477136)[0m 
[36m(ClientAppActor pid=477136)[0m         
[92mINFO [0m:      aggregate_fit: received 5 results and 0 failures
[92mINFO [0m:      fit progress: (6, 1.6535357233047485, {'accuracy': 0.6017, 'loss': 1.6535357233047485}, 114.92828875104897)
[92mINFO [0m:      configure_evaluate: strategy sampled 5 clients (out of 5)
[36m(ClientAppActor pid=477136)[0m 
[36m(ClientAppActor pid=477136)[0m         
[36m(ClientAppActor pid=477136)[0m [93mWARNING [0m:   DEPRECATED FEATURE: `client_fn` now expects a signature `def client_fn(context: Context)`.The provided `client_fn` has signature: {'cid': <Parameter "cid: str">}. You can import the `Context` like this: `from flwr.app import Context`[32m [repeated 10x across cluster][0m
[36m(ClientAppActor pid=477136)[0m             This is a deprecated feature. It will be removed[32m [repeated 10x across cluster][0m
[36m(ClientAppActor pid=477136)[0m             entirely in future versions of Flower.[32m [repeated 10x across cluster][0m
[36m(ClientAppActor pid=477134)[0m 
[36m(ClientAppActor pid=477134)[0m         
[36m(ClientAppActor pid=477135)[0m 
[36m(ClientAppActor pid=477135)[0m         
[36m(ClientAppActor pid=477137)[0m 
[36m(ClientAppActor pid=477137)[0m         
[36m(ClientAppActor pid=477138)[0m 
[36m(ClientAppActor pid=477138)[0m         
[92mINFO [0m:      aggregate_evaluate: received 5 results and 0 failures
[92mINFO [0m:      
[92mINFO [0m:      [ROUND 7]
[92mINFO [0m:      configure_fit: strategy sampled 5 clients (out of 5)
[36m(ClientAppActor pid=477138)[0m 
[36m(ClientAppActor pid=477138)[0m         
[36m(ClientAppActor pid=477137)[0m 
[36m(ClientAppActor pid=477137)[0m         
[36m(ClientAppActor pid=477135)[0m 
[36m(ClientAppActor pid=477135)[0m         
[36m(ClientAppActor pid=477134)[0m 
[36m(ClientAppActor pid=477134)[0m         
[36m(ClientAppActor pid=477136)[0m 
[36m(ClientAppActor pid=477136)[0m         
[92mINFO [0m:      aggregate_fit: received 5 results and 0 failures
[92mINFO [0m:      fit progress: (7, 1.5631263158798219, {'accuracy': 0.6059, 'loss': 1.5631263158798219}, 133.55400913703488)
[92mINFO [0m:      configure_evaluate: strategy sampled 5 clients (out of 5)
[36m(ClientAppActor pid=477138)[0m 
[36m(ClientAppActor pid=477138)[0m         
[36m(ClientAppActor pid=477138)[0m [93mWARNING [0m:   DEPRECATED FEATURE: `client_fn` now expects a signature `def client_fn(context: Context)`.The provided `client_fn` has signature: {'cid': <Parameter "cid: str">}. You can import the `Context` like this: `from flwr.app import Context`[32m [repeated 10x across cluster][0m
[36m(ClientAppActor pid=477138)[0m             This is a deprecated feature. It will be removed[32m [repeated 10x across cluster][0m
[36m(ClientAppActor pid=477138)[0m             entirely in future versions of Flower.[32m [repeated 10x across cluster][0m
[36m(ClientAppActor pid=477137)[0m 
[36m(ClientAppActor pid=477137)[0m         
[36m(ClientAppActor pid=477134)[0m 
[36m(ClientAppActor pid=477134)[0m         
[36m(ClientAppActor pid=477135)[0m 
[36m(ClientAppActor pid=477135)[0m         
[36m(ClientAppActor pid=477136)[0m 
[36m(ClientAppActor pid=477136)[0m         
[92mINFO [0m:      aggregate_evaluate: received 5 results and 0 failures
[92mINFO [0m:      
[92mINFO [0m:      [ROUND 8]
[92mINFO [0m:      configure_fit: strategy sampled 5 clients (out of 5)
[36m(ClientAppActor pid=477136)[0m 
[36m(ClientAppActor pid=477136)[0m         
[36m(ClientAppActor pid=477135)[0m 
[36m(ClientAppActor pid=477135)[0m         
[36m(ClientAppActor pid=477134)[0m 
[36m(ClientAppActor pid=477134)[0m         
[36m(ClientAppActor pid=477138)[0m 
[36m(ClientAppActor pid=477138)[0m         
[36m(ClientAppActor pid=477137)[0m 
[36m(ClientAppActor pid=477137)[0m         
[92mINFO [0m:      aggregate_fit: received 5 results and 0 failures
[92mINFO [0m:      fit progress: (8, 1.5200746513366699, {'accuracy': 0.6194, 'loss': 1.5200746513366699}, 152.60866249003448)
[92mINFO [0m:      configure_evaluate: strategy sampled 5 clients (out of 5)
[36m(ClientAppActor pid=477138)[0m 
[36m(ClientAppActor pid=477138)[0m         
[36m(ClientAppActor pid=477138)[0m [93mWARNING [0m:   DEPRECATED FEATURE: `client_fn` now expects a signature `def client_fn(context: Context)`.The provided `client_fn` has signature: {'cid': <Parameter "cid: str">}. You can import the `Context` like this: `from flwr.app import Context`[32m [repeated 10x across cluster][0m
[36m(ClientAppActor pid=477138)[0m             This is a deprecated feature. It will be removed[32m [repeated 10x across cluster][0m
[36m(ClientAppActor pid=477138)[0m             entirely in future versions of Flower.[32m [repeated 10x across cluster][0m
[36m(ClientAppActor pid=477135)[0m 
[36m(ClientAppActor pid=477135)[0m         
[36m(ClientAppActor pid=477137)[0m 
[36m(ClientAppActor pid=477137)[0m         
[36m(ClientAppActor pid=477134)[0m 
[36m(ClientAppActor pid=477134)[0m         
[36m(ClientAppActor pid=477136)[0m 
[36m(ClientAppActor pid=477136)[0m         
[92mINFO [0m:      aggregate_evaluate: received 5 results and 0 failures
[92mINFO [0m:      
[92mINFO [0m:      [ROUND 9]
[92mINFO [0m:      configure_fit: strategy sampled 5 clients (out of 5)
[36m(ClientAppActor pid=477134)[0m 
[36m(ClientAppActor pid=477134)[0m         
[36m(ClientAppActor pid=477136)[0m 
[36m(ClientAppActor pid=477136)[0m         
[36m(ClientAppActor pid=477137)[0m 
[36m(ClientAppActor pid=477137)[0m         
[36m(ClientAppActor pid=477135)[0m 
[36m(ClientAppActor pid=477135)[0m         
[36m(ClientAppActor pid=477138)[0m 
[36m(ClientAppActor pid=477138)[0m         
[92mINFO [0m:      aggregate_fit: received 5 results and 0 failures
[92mINFO [0m:      fit progress: (9, 1.510200241279602, {'accuracy': 0.6383, 'loss': 1.510200241279602}, 171.51588053401792)
[92mINFO [0m:      configure_evaluate: strategy sampled 5 clients (out of 5)
[36m(ClientAppActor pid=477138)[0m 
[36m(ClientAppActor pid=477138)[0m         
[36m(ClientAppActor pid=477138)[0m [93mWARNING [0m:   DEPRECATED FEATURE: `client_fn` now expects a signature `def client_fn(context: Context)`.The provided `client_fn` has signature: {'cid': <Parameter "cid: str">}. You can import the `Context` like this: `from flwr.app import Context`[32m [repeated 10x across cluster][0m
[36m(ClientAppActor pid=477138)[0m             This is a deprecated feature. It will be removed[32m [repeated 10x across cluster][0m
[36m(ClientAppActor pid=477138)[0m             entirely in future versions of Flower.[32m [repeated 10x across cluster][0m
[36m(ClientAppActor pid=477135)[0m 
[36m(ClientAppActor pid=477135)[0m         
[36m(ClientAppActor pid=477137)[0m 
[36m(ClientAppActor pid=477137)[0m         
[36m(ClientAppActor pid=477134)[0m 
[36m(ClientAppActor pid=477134)[0m         
[36m(ClientAppActor pid=477136)[0m 
[36m(ClientAppActor pid=477136)[0m         
[92mINFO [0m:      aggregate_evaluate: received 5 results and 0 failures
[92mINFO [0m:      
[92mINFO [0m:      [ROUND 10]
[92mINFO [0m:      configure_fit: strategy sampled 5 clients (out of 5)
[36m(ClientAppActor pid=477134)[0m 
[36m(ClientAppActor pid=477134)[0m         
[36m(ClientAppActor pid=477136)[0m 
[36m(ClientAppActor pid=477136)[0m         
[36m(ClientAppActor pid=477137)[0m 
[36m(ClientAppActor pid=477137)[0m         
[36m(ClientAppActor pid=477135)[0m 
[36m(ClientAppActor pid=477135)[0m         
[36m(ClientAppActor pid=477138)[0m 
[36m(ClientAppActor pid=477138)[0m         
[92mINFO [0m:      aggregate_fit: received 5 results and 0 failures
[92mINFO [0m:      fit progress: (10, 1.4148009924888612, {'accuracy': 0.6375, 'loss': 1.4148009924888612}, 190.31278781901347)
[92mINFO [0m:      configure_evaluate: strategy sampled 5 clients (out of 5)
[36m(ClientAppActor pid=477135)[0m 
[36m(ClientAppActor pid=477135)[0m         
[36m(ClientAppActor pid=477135)[0m [93mWARNING [0m:   DEPRECATED FEATURE: `client_fn` now expects a signature `def client_fn(context: Context)`.The provided `client_fn` has signature: {'cid': <Parameter "cid: str">}. You can import the `Context` like this: `from flwr.app import Context`[32m [repeated 10x across cluster][0m
[36m(ClientAppActor pid=477135)[0m             This is a deprecated feature. It will be removed[32m [repeated 10x across cluster][0m
[36m(ClientAppActor pid=477135)[0m             entirely in future versions of Flower.[32m [repeated 10x across cluster][0m
[36m(ClientAppActor pid=477134)[0m 
[36m(ClientAppActor pid=477134)[0m         
[36m(ClientAppActor pid=477138)[0m 
[36m(ClientAppActor pid=477138)[0m         
[36m(ClientAppActor pid=477136)[0m 
[36m(ClientAppActor pid=477136)[0m         
[36m(ClientAppActor pid=477137)[0m 
[36m(ClientAppActor pid=477137)[0m         
[92mINFO [0m:      aggregate_evaluate: received 5 results and 0 failures
[92mINFO [0m:      
[92mINFO [0m:      [SUMMARY]
[92mINFO [0m:      Run finished 10 round(s) in 191.17s
[92mINFO [0m:      	History (loss, distributed):
[92mINFO [0m:      		round 1: 2.424719050079405
[92mINFO [0m:      		round 2: 1.905127616358452
[92mINFO [0m:      		round 3: 1.8923718810749321
[92mINFO [0m:      		round 4: 1.5704679154381365
[92mINFO [0m:      		round 5: 1.743604559983526
[92mINFO [0m:      		round 6: 1.6714675571320772
[92mINFO [0m:      		round 7: 1.5898449686096878
[92mINFO [0m:      		round 8: 1.5353855403686534
[92mINFO [0m:      		round 9: 1.5257495525850207
[92mINFO [0m:      		round 10: 1.4490034673310794
[92mINFO [0m:      	History (loss, centralized):
[92mINFO [0m:      		round 0: 2.303248886489868
[92mINFO [0m:      		round 1: 2.423681712341309
[92mINFO [0m:      		round 2: 1.8915776206970214
[92mINFO [0m:      		round 3: 1.8662670822143554
[92mINFO [0m:      		round 4: 1.5639734596252441
[92mINFO [0m:      		round 5: 1.7409110542297364
[92mINFO [0m:      		round 6: 1.6535357233047485
[92mINFO [0m:      		round 7: 1.5631263158798219
[92mINFO [0m:      		round 8: 1.5200746513366699
[92mINFO [0m:      		round 9: 1.510200241279602
[92mINFO [0m:      		round 10: 1.4148009924888612
[92mINFO [0m:      	History (metrics, distributed, fit):
[92mINFO [0m:      	{'avg_flops_per_client_round': [(1, 8140624189440.0),
[92mINFO [0m:      	                                (2, 8140624189440.0),
[92mINFO [0m:      	                                (3, 8140624189440.0),
[92mINFO [0m:      	                                (4, 8140624189440.0),
[92mINFO [0m:      	                                (5, 8140624189440.0),
[92mINFO [0m:      	                                (6, 8140624189440.0),
[92mINFO [0m:      	                                (7, 8140624189440.0),
[92mINFO [0m:      	                                (8, 8140624189440.0),
[92mINFO [0m:      	                                (9, 8140624189440.0),
[92mINFO [0m:      	                                (10, 8140624189440.0)],
[92mINFO [0m:      	 'total_flops_round': [(1, 40703120947200),
[92mINFO [0m:      	                       (2, 40703120947200),
[92mINFO [0m:      	                       (3, 40703120947200),
[92mINFO [0m:      	                       (4, 40703120947200),
[92mINFO [0m:      	                       (5, 40703120947200),
[92mINFO [0m:      	                       (6, 40703120947200),
[92mINFO [0m:      	                       (7, 40703120947200),
[92mINFO [0m:      	                       (8, 40703120947200),
[92mINFO [0m:      	                       (9, 40703120947200),
[92mINFO [0m:      	                       (10, 40703120947200)]}
[92mINFO [0m:      	History (metrics, distributed, evaluate):
[92mINFO [0m:      	{'accuracy': [(1, 0.2064825930372149),
[92mINFO [0m:      	              (2, 0.4341736694677871),
[92mINFO [0m:      	              (3, 0.508203281312525),
[92mINFO [0m:      	              (4, 0.5682272909163666),
[92mINFO [0m:      	              (5, 0.562625050020008),
[92mINFO [0m:      	              (6, 0.5982392957182873),
[92mINFO [0m:      	              (7, 0.603641456582633),
[92mINFO [0m:      	              (8, 0.615046018407363),
[92mINFO [0m:      	              (9, 0.6422569027611045),
[92mINFO [0m:      	              (10, 0.6336534613845538)],
[92mINFO [0m:      	 'loss': [(1, 2.424719050079405),
[92mINFO [0m:      	          (2, 1.905127616358452),
[92mINFO [0m:      	          (3, 1.8923718810749321),
[92mINFO [0m:      	          (4, 1.5704679154381365),
[92mINFO [0m:      	          (5, 1.743604559983526),
[92mINFO [0m:      	          (6, 1.6714675571320772),
[92mINFO [0m:      	          (7, 1.5898449686096878),
[92mINFO [0m:      	          (8, 1.5353855403686534),
[92mINFO [0m:      	          (9, 1.5257495525850207),
[92mINFO [0m:      	          (10, 1.4490034673310794)]}
[92mINFO [0m:      	History (metrics, centralized):
[92mINFO [0m:      	{'accuracy': [(0, 0.099),
[92mINFO [0m:      	              (1, 0.203),
[92mINFO [0m:      	              (2, 0.4367),
[92mINFO [0m:      	              (3, 0.5169),
[92mINFO [0m:      	              (4, 0.5754),
[92mINFO [0m:      	              (5, 0.5624),
[92mINFO [0m:      	              (6, 0.6017),
[92mINFO [0m:      	              (7, 0.6059),
[92mINFO [0m:      	              (8, 0.6194),
[92mINFO [0m:      	              (9, 0.6383),
[92mINFO [0m:      	              (10, 0.6375)],
[92mINFO [0m:      	 'loss': [(0, 2.303248886489868),
[92mINFO [0m:      	          (1, 2.423681712341309),
[92mINFO [0m:      	          (2, 1.8915776206970214),
[92mINFO [0m:      	          (3, 1.8662670822143554),
[92mINFO [0m:      	          (4, 1.5639734596252441),
[92mINFO [0m:      	          (5, 1.7409110542297364),
[92mINFO [0m:      	          (6, 1.6535357233047485),
[92mINFO [0m:      	          (7, 1.5631263158798219),
[92mINFO [0m:      	          (8, 1.5200746513366699),
[92mINFO [0m:      	          (9, 1.510200241279602),
[92mINFO [0m:      	          (10, 1.4148009924888612)]}
[92mINFO [0m:      
Treinando no dispositivo: cuda:0 com o dataset: CIFAR10 | Setup clientes: 5 (num_gpus por cliente=0.2) | SEED=50
FLOPS por amostra (forward): 6.030e+07 | (forward+backward, 3x): 1.809e+08
Files already downloaded and verified
Files already downloaded and verified
Dividindo o dataset usando a distribuição de Dirichlet com alpha=0.01.
Iniciando a simulação de Aprendizado Federado...
=== Diagnóstico de Medição de GPU ===
  pynvml_disponivel: True
  pynvml_versao: 580.173.02
  gpus_detectadas: 1
  leitura_potencia_ok: True
  potencia_atual_W: 115.384

--- Rodada 0 - Avaliação Centralizada (Servidor) ---
Loss (Servidor): 2.3032 | Acurácia (Servidor): 0.0990

--- Rodada 1 - Avaliação Centralizada (Servidor) ---
Loss (Servidor): 2.4237 | Acurácia (Servidor): 0.2030
--- Avaliação Agregada (Clientes) ---
Loss Média (Clientes): 2.4247 | Acurácia Média (Clientes): 0.2065

--- Rodada 2 - Avaliação Centralizada (Servidor) ---
Loss (Servidor): 1.8916 | Acurácia (Servidor): 0.4367
--- Avaliação Agregada (Clientes) ---
Loss Média (Clientes): 1.9051 | Acurácia Média (Clientes): 0.4342

--- Rodada 3 - Avaliação Centralizada (Servidor) ---
Loss (Servidor): 1.8663 | Acurácia (Servidor): 0.5169
--- Avaliação Agregada (Clientes) ---
Loss Média (Clientes): 1.8924 | Acurácia Média (Clientes): 0.5082

--- Rodada 4 - Avaliação Centralizada (Servidor) ---
Loss (Servidor): 1.5640 | Acurácia (Servidor): 0.5754
--- Avaliação Agregada (Clientes) ---
Loss Média (Clientes): 1.5705 | Acurácia Média (Clientes): 0.5682

--- Rodada 5 - Avaliação Centralizada (Servidor) ---
Loss (Servidor): 1.7409 | Acurácia (Servidor): 0.5624
--- Avaliação Agregada (Clientes) ---
Loss Média (Clientes): 1.7436 | Acurácia Média (Clientes): 0.5626

--- Rodada 6 - Avaliação Centralizada (Servidor) ---
Loss (Servidor): 1.6535 | Acurácia (Servidor): 0.6017
--- Avaliação Agregada (Clientes) ---
Loss Média (Clientes): 1.6715 | Acurácia Média (Clientes): 0.5982

--- Rodada 7 - Avaliação Centralizada (Servidor) ---
Loss (Servidor): 1.5631 | Acurácia (Servidor): 0.6059
--- Avaliação Agregada (Clientes) ---
Loss Média (Clientes): 1.5898 | Acurácia Média (Clientes): 0.6036

--- Rodada 8 - Avaliação Centralizada (Servidor) ---
Loss (Servidor): 1.5201 | Acurácia (Servidor): 0.6194
--- Avaliação Agregada (Clientes) ---
Loss Média (Clientes): 1.5354 | Acurácia Média (Clientes): 0.6150

--- Rodada 9 - Avaliação Centralizada (Servidor) ---
Loss (Servidor): 1.5102 | Acurácia (Servidor): 0.6383
--- Avaliação Agregada (Clientes) ---
Loss Média (Clientes): 1.5257 | Acurácia Média (Clientes): 0.6423

--- Rodada 10 - Avaliação Centralizada (Servidor) ---
Loss (Servidor): 1.4148 | Acurácia (Servidor): 0.6375
--- Avaliação Agregada (Clientes) ---
Loss Média (Clientes): 1.4490 | Acurácia Média (Clientes): 0.6337

Resultados salvos em: /home/tiago/GitHubProjects/fedhad-thesis-2/FedAVG-results/1.1_diagnostico_drift/CIFAR10/FedAVG__CIFAR10__Setup-5__Clients-5__Rounds-10__Delay-0_05__Alpha-0_01__Seed-50.txt
[36m(ClientAppActor pid=477137)[0m [93mWARNING [0m:   DEPRECATED FEATURE: `client_fn` now expects a signature `def client_fn(context: Context)`.The provided `client_fn` has signature: {'cid': <Parameter "cid: str">}. You can import the `Context` like this: `from flwr.app import Context`[32m [repeated 4x across cluster][0m
[36m(ClientAppActor pid=477137)[0m             This is a deprecated feature. It will be removed[32m [repeated 4x across cluster][0m
[36m(ClientAppActor pid=477137)[0m             entirely in future versions of Flower.[32m [repeated 4x across cluster][0m
