[codecarbon WARNING @ 12:09:10] Multiple instances of codecarbon are allowed to run at the same time.
[93mWARNING [0m:   DEPRECATED FEATURE: flwr.simulation.start_simulation() is deprecated.
	Instead, use the `flwr run` CLI command to start a local simulation in your Flower app, as shown for example below:

		$ flwr new  # Create a new Flower app from a template

		$ flwr run  # Run the Flower app in Simulation Mode

	Using `start_simulation()` is deprecated.

            This is a deprecated feature. It will be removed
            entirely in future versions of Flower.
        
[92mINFO [0m:      Starting Flower simulation, config: num_rounds=10, no round_timeout
2026-09-04 12:09:18,269	INFO worker.py:2012 -- Started a local Ray instance.
/home/tiago/GitHubProjects/fedhad-thesis-2/env_flwr_pt/lib/python3.12/site-packages/ray/_private/worker.py:2051: FutureWarning: Tip: In future versions of Ray, Ray will no longer override accelerator visible devices env var if num_gpus=0 or num_gpus=None (default). To enable this behavior and turn off this error message, set RAY_ACCEL_ENV_VAR_OVERRIDE_ON_ZERO=0
  warnings.warn(
[92mINFO [0m:      Flower VCE: Ray initialized with resources: {'memory': 181428915405.0, 'CPU': 64.0, 'accelerator_type:A40': 1.0, 'GPU': 1.0, 'object_store_memory': 77755249459.0, 'node:10.129.64.100': 1.0, 'node:__internal_head__': 1.0}
[92mINFO [0m:      Optimize your simulation with Flower VCE: https://flower.ai/docs/framework/how-to-run-simulations.html
/home/tiago/GitHubProjects/fedhad-thesis-2/FedAVG_Final.py:1577: UserWarning: No `num_cpus` specified in `client_resources`. Using `num_cpus=1` for each client.
  history = fl.simulation.start_simulation(
[92mINFO [0m:      Flower VCE: Resources for each Virtual Client: {'num_gpus': 0.2, 'num_cpus': 1}
[92mINFO [0m:      Flower VCE: Creating VirtualClientEngineActorPool with 5 actors
[92mINFO [0m:      [INIT]
[92mINFO [0m:      Requesting initial parameters from one random client
[36m(ClientAppActor pid=384553)[0m [93mWARNING [0m:   DEPRECATED FEATURE: `client_fn` now expects a signature `def client_fn(context: Context)`.The provided `client_fn` has signature: {'cid': <Parameter "cid: str">}. You can import the `Context` like this: `from flwr.app import Context`
[36m(ClientAppActor pid=384553)[0m 
[36m(ClientAppActor pid=384553)[0m             This is a deprecated feature. It will be removed
[36m(ClientAppActor pid=384553)[0m             entirely in future versions of Flower.
[36m(ClientAppActor pid=384553)[0m         
[92mINFO [0m:      Received initial parameters from one random client
[92mINFO [0m:      Starting evaluation of initial global parameters
[92mINFO [0m:      initial parameters (loss, other metrics): 2.303620308303833, {'accuracy': 0.0915, 'loss': 2.303620308303833}
[92mINFO [0m:      
[92mINFO [0m:      [ROUND 1]
[92mINFO [0m:      configure_fit: strategy sampled 5 clients (out of 5)
[36m(ClientAppActor pid=384553)[0m [93mWARNING [0m:   DEPRECATED FEATURE: `client_fn` now expects a signature `def client_fn(context: Context)`.The provided `client_fn` has signature: {'cid': <Parameter "cid: str">}. You can import the `Context` like this: `from flwr.app import Context`
[36m(ClientAppActor pid=384553)[0m 
[36m(ClientAppActor pid=384553)[0m             This is a deprecated feature. It will be removed
[36m(ClientAppActor pid=384553)[0m             entirely in future versions of Flower.
[36m(ClientAppActor pid=384553)[0m         
[36m(ClientAppActor pid=384552)[0m 
[36m(ClientAppActor pid=384552)[0m         
[36m(ClientAppActor pid=384551)[0m 
[36m(ClientAppActor pid=384551)[0m         
[36m(ClientAppActor pid=384550)[0m 
[36m(ClientAppActor pid=384550)[0m         
[36m(ClientAppActor pid=384549)[0m 
[36m(ClientAppActor pid=384549)[0m         
[92mINFO [0m:      aggregate_fit: received 5 results and 0 failures
[92mINFO [0m:      fit progress: (1, 2.331736819076538, {'accuracy': 0.1036, 'loss': 2.331736819076538}, 17.54134164797142)
[92mINFO [0m:      configure_evaluate: strategy sampled 5 clients (out of 5)
[36m(ClientAppActor pid=384551)[0m 
[36m(ClientAppActor pid=384551)[0m         
[36m(ClientAppActor pid=384551)[0m [93mWARNING [0m:   DEPRECATED FEATURE: `client_fn` now expects a signature `def client_fn(context: Context)`.The provided `client_fn` has signature: {'cid': <Parameter "cid: str">}. You can import the `Context` like this: `from flwr.app import Context`[32m [repeated 5x across cluster] (Ray deduplicates logs by default. Set RAY_DEDUP_LOGS=0 to disable log deduplication, or see https://docs.ray.io/en/master/ray-observability/user-guides/configure-logging.html#log-deduplication for more options.)[0m
[36m(ClientAppActor pid=384551)[0m             This is a deprecated feature. It will be removed[32m [repeated 5x across cluster][0m
[36m(ClientAppActor pid=384551)[0m             entirely in future versions of Flower.[32m [repeated 5x across cluster][0m
[36m(ClientAppActor pid=384552)[0m 
[36m(ClientAppActor pid=384552)[0m         
[36m(ClientAppActor pid=384553)[0m 
[36m(ClientAppActor pid=384553)[0m         
[36m(ClientAppActor pid=384549)[0m 
[36m(ClientAppActor pid=384549)[0m         
[36m(ClientAppActor pid=384550)[0m 
[36m(ClientAppActor pid=384550)[0m         
[92mINFO [0m:      aggregate_evaluate: received 5 results and 0 failures
[92mINFO [0m:      
[92mINFO [0m:      [ROUND 2]
[92mINFO [0m:      configure_fit: strategy sampled 5 clients (out of 5)
[36m(ClientAppActor pid=384550)[0m 
[36m(ClientAppActor pid=384550)[0m         
[36m(ClientAppActor pid=384549)[0m 
[36m(ClientAppActor pid=384549)[0m         
[36m(ClientAppActor pid=384552)[0m 
[36m(ClientAppActor pid=384552)[0m         
[36m(ClientAppActor pid=384553)[0m 
[36m(ClientAppActor pid=384553)[0m         
[36m(ClientAppActor pid=384551)[0m 
[36m(ClientAppActor pid=384551)[0m         
[92mINFO [0m:      aggregate_fit: received 5 results and 0 failures
[92mINFO [0m:      fit progress: (2, 1.6434624879837036, {'accuracy': 0.5105, 'loss': 1.6434624879837036}, 33.93152458698023)
[92mINFO [0m:      configure_evaluate: strategy sampled 5 clients (out of 5)
[36m(ClientAppActor pid=384551)[0m 
[36m(ClientAppActor pid=384551)[0m         
[36m(ClientAppActor pid=384551)[0m [93mWARNING [0m:   DEPRECATED FEATURE: `client_fn` now expects a signature `def client_fn(context: Context)`.The provided `client_fn` has signature: {'cid': <Parameter "cid: str">}. You can import the `Context` like this: `from flwr.app import Context`[32m [repeated 10x across cluster][0m
[36m(ClientAppActor pid=384551)[0m             This is a deprecated feature. It will be removed[32m [repeated 10x across cluster][0m
[36m(ClientAppActor pid=384551)[0m             entirely in future versions of Flower.[32m [repeated 10x across cluster][0m
[36m(ClientAppActor pid=384552)[0m 
[36m(ClientAppActor pid=384552)[0m         
[36m(ClientAppActor pid=384550)[0m 
[36m(ClientAppActor pid=384550)[0m         
[36m(ClientAppActor pid=384549)[0m 
[36m(ClientAppActor pid=384549)[0m         
[36m(ClientAppActor pid=384553)[0m 
[36m(ClientAppActor pid=384553)[0m         
[92mINFO [0m:      aggregate_evaluate: received 5 results and 0 failures
[92mINFO [0m:      
[92mINFO [0m:      [ROUND 3]
[92mINFO [0m:      configure_fit: strategy sampled 5 clients (out of 5)
[36m(ClientAppActor pid=384553)[0m 
[36m(ClientAppActor pid=384553)[0m         
[36m(ClientAppActor pid=384549)[0m 
[36m(ClientAppActor pid=384549)[0m         
[36m(ClientAppActor pid=384550)[0m 
[36m(ClientAppActor pid=384550)[0m         
[36m(ClientAppActor pid=384552)[0m 
[36m(ClientAppActor pid=384552)[0m         
[36m(ClientAppActor pid=384551)[0m 
[36m(ClientAppActor pid=384551)[0m         
[92mINFO [0m:      aggregate_fit: received 5 results and 0 failures
[92mINFO [0m:      fit progress: (3, 1.4429136037826538, {'accuracy': 0.576, 'loss': 1.4429136037826538}, 49.8205381379812)
[92mINFO [0m:      configure_evaluate: strategy sampled 5 clients (out of 5)
[36m(ClientAppActor pid=384553)[0m 
[36m(ClientAppActor pid=384553)[0m         
[36m(ClientAppActor pid=384553)[0m [93mWARNING [0m:   DEPRECATED FEATURE: `client_fn` now expects a signature `def client_fn(context: Context)`.The provided `client_fn` has signature: {'cid': <Parameter "cid: str">}. You can import the `Context` like this: `from flwr.app import Context`[32m [repeated 10x across cluster][0m
[36m(ClientAppActor pid=384553)[0m             This is a deprecated feature. It will be removed[32m [repeated 10x across cluster][0m
[36m(ClientAppActor pid=384553)[0m             entirely in future versions of Flower.[32m [repeated 10x across cluster][0m
[36m(ClientAppActor pid=384550)[0m 
[36m(ClientAppActor pid=384550)[0m         
[36m(ClientAppActor pid=384549)[0m 
[36m(ClientAppActor pid=384549)[0m         
[36m(ClientAppActor pid=384552)[0m 
[36m(ClientAppActor pid=384552)[0m         
[36m(ClientAppActor pid=384551)[0m 
[36m(ClientAppActor pid=384551)[0m         
[92mINFO [0m:      aggregate_evaluate: received 5 results and 0 failures
[92mINFO [0m:      
[92mINFO [0m:      [ROUND 4]
[92mINFO [0m:      configure_fit: strategy sampled 5 clients (out of 5)
[36m(ClientAppActor pid=384551)[0m 
[36m(ClientAppActor pid=384551)[0m         
[36m(ClientAppActor pid=384552)[0m 
[36m(ClientAppActor pid=384552)[0m         
[36m(ClientAppActor pid=384550)[0m 
[36m(ClientAppActor pid=384550)[0m         
[36m(ClientAppActor pid=384549)[0m 
[36m(ClientAppActor pid=384549)[0m         
[36m(ClientAppActor pid=384553)[0m 
[36m(ClientAppActor pid=384553)[0m         
[92mINFO [0m:      aggregate_fit: received 5 results and 0 failures
[92mINFO [0m:      fit progress: (4, 1.3200154220581055, {'accuracy': 0.6056, 'loss': 1.3200154220581055}, 65.6696678599692)
[92mINFO [0m:      configure_evaluate: strategy sampled 5 clients (out of 5)
[36m(ClientAppActor pid=384552)[0m 
[36m(ClientAppActor pid=384552)[0m         
[36m(ClientAppActor pid=384552)[0m [93mWARNING [0m:   DEPRECATED FEATURE: `client_fn` now expects a signature `def client_fn(context: Context)`.The provided `client_fn` has signature: {'cid': <Parameter "cid: str">}. You can import the `Context` like this: `from flwr.app import Context`[32m [repeated 10x across cluster][0m
[36m(ClientAppActor pid=384552)[0m             This is a deprecated feature. It will be removed[32m [repeated 10x across cluster][0m
[36m(ClientAppActor pid=384552)[0m             entirely in future versions of Flower.[32m [repeated 10x across cluster][0m
[36m(ClientAppActor pid=384550)[0m 
[36m(ClientAppActor pid=384550)[0m         
[36m(ClientAppActor pid=384549)[0m 
[36m(ClientAppActor pid=384549)[0m         
[36m(ClientAppActor pid=384553)[0m 
[36m(ClientAppActor pid=384553)[0m         
[36m(ClientAppActor pid=384551)[0m 
[36m(ClientAppActor pid=384551)[0m         
[92mINFO [0m:      aggregate_evaluate: received 5 results and 0 failures
[92mINFO [0m:      
[92mINFO [0m:      [ROUND 5]
[92mINFO [0m:      configure_fit: strategy sampled 5 clients (out of 5)
[36m(ClientAppActor pid=384551)[0m 
[36m(ClientAppActor pid=384551)[0m         
[36m(ClientAppActor pid=384553)[0m 
[36m(ClientAppActor pid=384553)[0m         
[36m(ClientAppActor pid=384549)[0m 
[36m(ClientAppActor pid=384549)[0m         
[36m(ClientAppActor pid=384550)[0m 
[36m(ClientAppActor pid=384550)[0m         
[36m(ClientAppActor pid=384552)[0m 
[36m(ClientAppActor pid=384552)[0m         
[92mINFO [0m:      aggregate_fit: received 5 results and 0 failures
[92mINFO [0m:      fit progress: (5, 1.292207809448242, {'accuracy': 0.6237, 'loss': 1.292207809448242}, 81.7575549610192)
[92mINFO [0m:      configure_evaluate: strategy sampled 5 clients (out of 5)
[36m(ClientAppActor pid=384552)[0m 
[36m(ClientAppActor pid=384552)[0m         
[36m(ClientAppActor pid=384552)[0m [93mWARNING [0m:   DEPRECATED FEATURE: `client_fn` now expects a signature `def client_fn(context: Context)`.The provided `client_fn` has signature: {'cid': <Parameter "cid: str">}. You can import the `Context` like this: `from flwr.app import Context`[32m [repeated 10x across cluster][0m
[36m(ClientAppActor pid=384552)[0m             This is a deprecated feature. It will be removed[32m [repeated 10x across cluster][0m
[36m(ClientAppActor pid=384552)[0m             entirely in future versions of Flower.[32m [repeated 10x across cluster][0m
[36m(ClientAppActor pid=384553)[0m 
[36m(ClientAppActor pid=384553)[0m         
[36m(ClientAppActor pid=384550)[0m 
[36m(ClientAppActor pid=384550)[0m         
[36m(ClientAppActor pid=384549)[0m 
[36m(ClientAppActor pid=384549)[0m         
[36m(ClientAppActor pid=384551)[0m 
[36m(ClientAppActor pid=384551)[0m         
[92mINFO [0m:      aggregate_evaluate: received 5 results and 0 failures
[92mINFO [0m:      
[92mINFO [0m:      [ROUND 6]
[92mINFO [0m:      configure_fit: strategy sampled 5 clients (out of 5)
[36m(ClientAppActor pid=384551)[0m 
[36m(ClientAppActor pid=384551)[0m         
[36m(ClientAppActor pid=384549)[0m 
[36m(ClientAppActor pid=384549)[0m         
[36m(ClientAppActor pid=384550)[0m 
[36m(ClientAppActor pid=384550)[0m         
[36m(ClientAppActor pid=384553)[0m 
[36m(ClientAppActor pid=384553)[0m         
[36m(ClientAppActor pid=384552)[0m 
[36m(ClientAppActor pid=384552)[0m         
[92mINFO [0m:      aggregate_fit: received 5 results and 0 failures
[92mINFO [0m:      fit progress: (6, 1.1365333415985108, {'accuracy': 0.6522, 'loss': 1.1365333415985108}, 97.6072084630141)
[92mINFO [0m:      configure_evaluate: strategy sampled 5 clients (out of 5)
[36m(ClientAppActor pid=384549)[0m 
[36m(ClientAppActor pid=384549)[0m         
[36m(ClientAppActor pid=384549)[0m [93mWARNING [0m:   DEPRECATED FEATURE: `client_fn` now expects a signature `def client_fn(context: Context)`.The provided `client_fn` has signature: {'cid': <Parameter "cid: str">}. You can import the `Context` like this: `from flwr.app import Context`[32m [repeated 10x across cluster][0m
[36m(ClientAppActor pid=384549)[0m             This is a deprecated feature. It will be removed[32m [repeated 10x across cluster][0m
[36m(ClientAppActor pid=384549)[0m             entirely in future versions of Flower.[32m [repeated 10x across cluster][0m
[36m(ClientAppActor pid=384553)[0m 
[36m(ClientAppActor pid=384553)[0m         
[36m(ClientAppActor pid=384550)[0m 
[36m(ClientAppActor pid=384550)[0m         
[36m(ClientAppActor pid=384551)[0m 
[36m(ClientAppActor pid=384551)[0m         
[36m(ClientAppActor pid=384552)[0m 
[36m(ClientAppActor pid=384552)[0m         
[92mINFO [0m:      aggregate_evaluate: received 5 results and 0 failures
[92mINFO [0m:      
[92mINFO [0m:      [ROUND 7]
[92mINFO [0m:      configure_fit: strategy sampled 5 clients (out of 5)
[36m(ClientAppActor pid=384552)[0m 
[36m(ClientAppActor pid=384552)[0m         
[36m(ClientAppActor pid=384551)[0m 
[36m(ClientAppActor pid=384551)[0m         
[36m(ClientAppActor pid=384550)[0m 
[36m(ClientAppActor pid=384550)[0m         
[36m(ClientAppActor pid=384553)[0m 
[36m(ClientAppActor pid=384553)[0m         
[36m(ClientAppActor pid=384549)[0m 
[36m(ClientAppActor pid=384549)[0m         
[92mINFO [0m:      aggregate_fit: received 5 results and 0 failures
[92mINFO [0m:      fit progress: (7, 1.1362760375976562, {'accuracy': 0.6667, 'loss': 1.1362760375976562}, 113.91568469902268)
[92mINFO [0m:      configure_evaluate: strategy sampled 5 clients (out of 5)
[36m(ClientAppActor pid=384549)[0m 
[36m(ClientAppActor pid=384549)[0m         
[36m(ClientAppActor pid=384549)[0m [93mWARNING [0m:   DEPRECATED FEATURE: `client_fn` now expects a signature `def client_fn(context: Context)`.The provided `client_fn` has signature: {'cid': <Parameter "cid: str">}. You can import the `Context` like this: `from flwr.app import Context`[32m [repeated 10x across cluster][0m
[36m(ClientAppActor pid=384549)[0m             This is a deprecated feature. It will be removed[32m [repeated 10x across cluster][0m
[36m(ClientAppActor pid=384549)[0m             entirely in future versions of Flower.[32m [repeated 10x across cluster][0m
[36m(ClientAppActor pid=384553)[0m 
[36m(ClientAppActor pid=384553)[0m         
[36m(ClientAppActor pid=384552)[0m 
[36m(ClientAppActor pid=384552)[0m         
[36m(ClientAppActor pid=384551)[0m 
[36m(ClientAppActor pid=384551)[0m         
[36m(ClientAppActor pid=384550)[0m 
[36m(ClientAppActor pid=384550)[0m         
[92mINFO [0m:      aggregate_evaluate: received 5 results and 0 failures
[92mINFO [0m:      
[92mINFO [0m:      [ROUND 8]
[92mINFO [0m:      configure_fit: strategy sampled 5 clients (out of 5)
[36m(ClientAppActor pid=384550)[0m 
[36m(ClientAppActor pid=384550)[0m         
[36m(ClientAppActor pid=384551)[0m 
[36m(ClientAppActor pid=384551)[0m         
[36m(ClientAppActor pid=384553)[0m 
[36m(ClientAppActor pid=384553)[0m         
[36m(ClientAppActor pid=384552)[0m 
[36m(ClientAppActor pid=384552)[0m         
[36m(ClientAppActor pid=384549)[0m 
[36m(ClientAppActor pid=384549)[0m         
[92mINFO [0m:      aggregate_fit: received 5 results and 0 failures
[92mINFO [0m:      fit progress: (8, 1.1154885847091676, {'accuracy': 0.6694, 'loss': 1.1154885847091676}, 130.05017045798013)
[92mINFO [0m:      configure_evaluate: strategy sampled 5 clients (out of 5)
[36m(ClientAppActor pid=384549)[0m 
[36m(ClientAppActor pid=384549)[0m         
[36m(ClientAppActor pid=384549)[0m [93mWARNING [0m:   DEPRECATED FEATURE: `client_fn` now expects a signature `def client_fn(context: Context)`.The provided `client_fn` has signature: {'cid': <Parameter "cid: str">}. You can import the `Context` like this: `from flwr.app import Context`[32m [repeated 10x across cluster][0m
[36m(ClientAppActor pid=384549)[0m             This is a deprecated feature. It will be removed[32m [repeated 10x across cluster][0m
[36m(ClientAppActor pid=384549)[0m             entirely in future versions of Flower.[32m [repeated 10x across cluster][0m
[36m(ClientAppActor pid=384550)[0m 
[36m(ClientAppActor pid=384550)[0m         
[36m(ClientAppActor pid=384552)[0m 
[36m(ClientAppActor pid=384552)[0m         
[36m(ClientAppActor pid=384553)[0m 
[36m(ClientAppActor pid=384553)[0m         
[36m(ClientAppActor pid=384551)[0m 
[36m(ClientAppActor pid=384551)[0m         
[92mINFO [0m:      aggregate_evaluate: received 5 results and 0 failures
[92mINFO [0m:      
[92mINFO [0m:      [ROUND 9]
[92mINFO [0m:      configure_fit: strategy sampled 5 clients (out of 5)
[36m(ClientAppActor pid=384551)[0m 
[36m(ClientAppActor pid=384551)[0m         
[36m(ClientAppActor pid=384553)[0m 
[36m(ClientAppActor pid=384553)[0m         
[36m(ClientAppActor pid=384552)[0m 
[36m(ClientAppActor pid=384552)[0m         
[36m(ClientAppActor pid=384550)[0m 
[36m(ClientAppActor pid=384550)[0m         
[36m(ClientAppActor pid=384549)[0m 
[36m(ClientAppActor pid=384549)[0m         
[92mINFO [0m:      aggregate_fit: received 5 results and 0 failures
[92mINFO [0m:      fit progress: (9, 1.1404466631889343, {'accuracy': 0.6713, 'loss': 1.1404466631889343}, 146.29706230701413)
[92mINFO [0m:      configure_evaluate: strategy sampled 5 clients (out of 5)
[36m(ClientAppActor pid=384549)[0m 
[36m(ClientAppActor pid=384549)[0m         
[36m(ClientAppActor pid=384549)[0m [93mWARNING [0m:   DEPRECATED FEATURE: `client_fn` now expects a signature `def client_fn(context: Context)`.The provided `client_fn` has signature: {'cid': <Parameter "cid: str">}. You can import the `Context` like this: `from flwr.app import Context`[32m [repeated 10x across cluster][0m
[36m(ClientAppActor pid=384549)[0m             This is a deprecated feature. It will be removed[32m [repeated 10x across cluster][0m
[36m(ClientAppActor pid=384549)[0m             entirely in future versions of Flower.[32m [repeated 10x across cluster][0m
[36m(ClientAppActor pid=384550)[0m 
[36m(ClientAppActor pid=384550)[0m         
[36m(ClientAppActor pid=384551)[0m 
[36m(ClientAppActor pid=384551)[0m         
[36m(ClientAppActor pid=384553)[0m 
[36m(ClientAppActor pid=384553)[0m         
[36m(ClientAppActor pid=384552)[0m 
[36m(ClientAppActor pid=384552)[0m         
[92mINFO [0m:      aggregate_evaluate: received 5 results and 0 failures
[92mINFO [0m:      
[92mINFO [0m:      [ROUND 10]
[92mINFO [0m:      configure_fit: strategy sampled 5 clients (out of 5)
[36m(ClientAppActor pid=384552)[0m 
[36m(ClientAppActor pid=384552)[0m         
[36m(ClientAppActor pid=384553)[0m 
[36m(ClientAppActor pid=384553)[0m         
[36m(ClientAppActor pid=384551)[0m 
[36m(ClientAppActor pid=384551)[0m         
[36m(ClientAppActor pid=384549)[0m 
[36m(ClientAppActor pid=384549)[0m         
[36m(ClientAppActor pid=384550)[0m 
[36m(ClientAppActor pid=384550)[0m         
[92mINFO [0m:      aggregate_fit: received 5 results and 0 failures
[92mINFO [0m:      fit progress: (10, 1.0477151161193847, {'accuracy': 0.6941, 'loss': 1.0477151161193847}, 162.29099598998437)
[92mINFO [0m:      configure_evaluate: strategy sampled 5 clients (out of 5)
[36m(ClientAppActor pid=384549)[0m 
[36m(ClientAppActor pid=384549)[0m         
[36m(ClientAppActor pid=384549)[0m [93mWARNING [0m:   DEPRECATED FEATURE: `client_fn` now expects a signature `def client_fn(context: Context)`.The provided `client_fn` has signature: {'cid': <Parameter "cid: str">}. You can import the `Context` like this: `from flwr.app import Context`[32m [repeated 10x across cluster][0m
[36m(ClientAppActor pid=384549)[0m             This is a deprecated feature. It will be removed[32m [repeated 10x across cluster][0m
[36m(ClientAppActor pid=384549)[0m             entirely in future versions of Flower.[32m [repeated 10x across cluster][0m
[36m(ClientAppActor pid=384550)[0m 
[36m(ClientAppActor pid=384550)[0m         
[36m(ClientAppActor pid=384552)[0m 
[36m(ClientAppActor pid=384552)[0m         
[36m(ClientAppActor pid=384553)[0m 
[36m(ClientAppActor pid=384553)[0m         
[36m(ClientAppActor pid=384551)[0m 
[36m(ClientAppActor pid=384551)[0m         
[92mINFO [0m:      aggregate_evaluate: received 5 results and 0 failures
[92mINFO [0m:      
[92mINFO [0m:      [SUMMARY]
[92mINFO [0m:      Run finished 10 round(s) in 163.25s
[92mINFO [0m:      	History (loss, distributed):
[92mINFO [0m:      		round 1: 2.3337957642468607
[92mINFO [0m:      		round 2: 1.6174946341718754
[92mINFO [0m:      		round 3: 1.4317841479430298
[92mINFO [0m:      		round 4: 1.3010731588791207
[92mINFO [0m:      		round 5: 1.2685874045065113
[92mINFO [0m:      		round 6: 1.1266836761241676
[92mINFO [0m:      		round 7: 1.1081176954744554
[92mINFO [0m:      		round 8: 1.1047482097080918
[92mINFO [0m:      		round 9: 1.1226602384910769
[92mINFO [0m:      		round 10: 1.0263219742837095
[92mINFO [0m:      	History (loss, centralized):
[92mINFO [0m:      		round 0: 2.303620308303833
[92mINFO [0m:      		round 1: 2.331736819076538
[92mINFO [0m:      		round 2: 1.6434624879837036
[92mINFO [0m:      		round 3: 1.4429136037826538
[92mINFO [0m:      		round 4: 1.3200154220581055
[92mINFO [0m:      		round 5: 1.292207809448242
[92mINFO [0m:      		round 6: 1.1365333415985108
[92mINFO [0m:      		round 7: 1.1362760375976562
[92mINFO [0m:      		round 8: 1.1154885847091676
[92mINFO [0m:      		round 9: 1.1404466631889343
[92mINFO [0m:      		round 10: 1.0477151161193847
[92mINFO [0m:      	History (metrics, distributed, fit):
[92mINFO [0m:      	{'avg_flops_per_client_round': [(1, 8140624189440.0),
[92mINFO [0m:      	                                (2, 8140624189440.0),
[92mINFO [0m:      	                                (3, 8140624189440.0),
[92mINFO [0m:      	                                (4, 8140624189440.0),
[92mINFO [0m:      	                                (5, 8140624189440.0),
[92mINFO [0m:      	                                (6, 8140624189440.0),
[92mINFO [0m:      	                                (7, 8140624189440.0),
[92mINFO [0m:      	                                (8, 8140624189440.0),
[92mINFO [0m:      	                                (9, 8140624189440.0),
[92mINFO [0m:      	                                (10, 8140624189440.0)],
[92mINFO [0m:      	 'total_flops_round': [(1, 40703120947200),
[92mINFO [0m:      	                       (2, 40703120947200),
[92mINFO [0m:      	                       (3, 40703120947200),
[92mINFO [0m:      	                       (4, 40703120947200),
[92mINFO [0m:      	                       (5, 40703120947200),
[92mINFO [0m:      	                       (6, 40703120947200),
[92mINFO [0m:      	                       (7, 40703120947200),
[92mINFO [0m:      	                       (8, 40703120947200),
[92mINFO [0m:      	                       (9, 40703120947200),
[92mINFO [0m:      	                       (10, 40703120947200)]}
[92mINFO [0m:      	History (metrics, distributed, evaluate):
[92mINFO [0m:      	{'accuracy': [(1, 0.10424169667867147),
[92mINFO [0m:      	              (2, 0.5170068027210885),
[92mINFO [0m:      	              (3, 0.576030412164866),
[92mINFO [0m:      	              (4, 0.6102440976390556),
[92mINFO [0m:      	              (5, 0.6298519407763106),
[92mINFO [0m:      	              (6, 0.6576630652260904),
[92mINFO [0m:      	              (7, 0.6700680272108843),
[92mINFO [0m:      	              (8, 0.6758703481392557),
[92mINFO [0m:      	              (9, 0.6698679471788715),
[92mINFO [0m:      	              (10, 0.6946778711484594)],
[92mINFO [0m:      	 'loss': [(1, 2.3337957642468607),
[92mINFO [0m:      	          (2, 1.6174946341718754),
[92mINFO [0m:      	          (3, 1.4317841479430298),
[92mINFO [0m:      	          (4, 1.3010731588791207),
[92mINFO [0m:      	          (5, 1.2685874045065113),
[92mINFO [0m:      	          (6, 1.1266836761241676),
[92mINFO [0m:      	          (7, 1.1081176954744554),
[92mINFO [0m:      	          (8, 1.1047482097080918),
[92mINFO [0m:      	          (9, 1.1226602384910769),
[92mINFO [0m:      	          (10, 1.0263219742837095)]}
[92mINFO [0m:      	History (metrics, centralized):
[92mINFO [0m:      	{'accuracy': [(0, 0.0915),
[92mINFO [0m:      	              (1, 0.1036),
[92mINFO [0m:      	              (2, 0.5105),
[92mINFO [0m:      	              (3, 0.576),
[92mINFO [0m:      	              (4, 0.6056),
[92mINFO [0m:      	              (5, 0.6237),
[92mINFO [0m:      	              (6, 0.6522),
[92mINFO [0m:      	              (7, 0.6667),
[92mINFO [0m:      	              (8, 0.6694),
[92mINFO [0m:      	              (9, 0.6713),
[92mINFO [0m:      	              (10, 0.6941)],
[92mINFO [0m:      	 'loss': [(0, 2.303620308303833),
[92mINFO [0m:      	          (1, 2.331736819076538),
[92mINFO [0m:      	          (2, 1.6434624879837036),
[92mINFO [0m:      	          (3, 1.4429136037826538),
[92mINFO [0m:      	          (4, 1.3200154220581055),
[92mINFO [0m:      	          (5, 1.292207809448242),
[92mINFO [0m:      	          (6, 1.1365333415985108),
[92mINFO [0m:      	          (7, 1.1362760375976562),
[92mINFO [0m:      	          (8, 1.1154885847091676),
[92mINFO [0m:      	          (9, 1.1404466631889343),
[92mINFO [0m:      	          (10, 1.0477151161193847)]}
[92mINFO [0m:      
Treinando no dispositivo: cuda:0 com o dataset: CIFAR10 | Setup clientes: 5 (num_gpus por cliente=0.2) | SEED=48
FLOPS por amostra (forward): 6.030e+07 | (forward+backward, 3x): 1.809e+08
Files already downloaded and verified
Files already downloaded and verified
Dividindo o dataset usando a distribuição de Dirichlet com alpha=0.1.
Iniciando a simulação de Aprendizado Federado...
=== Diagnóstico de Medição de GPU ===
  pynvml_disponivel: True
  pynvml_versao: 580.173.02
  gpus_detectadas: 1
  leitura_potencia_ok: True
  potencia_atual_W: 115.202

--- Rodada 0 - Avaliação Centralizada (Servidor) ---
Loss (Servidor): 2.3036 | Acurácia (Servidor): 0.0915

--- Rodada 1 - Avaliação Centralizada (Servidor) ---
Loss (Servidor): 2.3317 | Acurácia (Servidor): 0.1036
--- Avaliação Agregada (Clientes) ---
Loss Média (Clientes): 2.3338 | Acurácia Média (Clientes): 0.1042

--- Rodada 2 - Avaliação Centralizada (Servidor) ---
Loss (Servidor): 1.6435 | Acurácia (Servidor): 0.5105
--- Avaliação Agregada (Clientes) ---
Loss Média (Clientes): 1.6175 | Acurácia Média (Clientes): 0.5170

--- Rodada 3 - Avaliação Centralizada (Servidor) ---
Loss (Servidor): 1.4429 | Acurácia (Servidor): 0.5760
--- Avaliação Agregada (Clientes) ---
Loss Média (Clientes): 1.4318 | Acurácia Média (Clientes): 0.5760

--- Rodada 4 - Avaliação Centralizada (Servidor) ---
Loss (Servidor): 1.3200 | Acurácia (Servidor): 0.6056
--- Avaliação Agregada (Clientes) ---
Loss Média (Clientes): 1.3011 | Acurácia Média (Clientes): 0.6102

--- Rodada 5 - Avaliação Centralizada (Servidor) ---
Loss (Servidor): 1.2922 | Acurácia (Servidor): 0.6237
--- Avaliação Agregada (Clientes) ---
Loss Média (Clientes): 1.2686 | Acurácia Média (Clientes): 0.6299

--- Rodada 6 - Avaliação Centralizada (Servidor) ---
Loss (Servidor): 1.1365 | Acurácia (Servidor): 0.6522
--- Avaliação Agregada (Clientes) ---
Loss Média (Clientes): 1.1267 | Acurácia Média (Clientes): 0.6577

--- Rodada 7 - Avaliação Centralizada (Servidor) ---
Loss (Servidor): 1.1363 | Acurácia (Servidor): 0.6667
--- Avaliação Agregada (Clientes) ---
Loss Média (Clientes): 1.1081 | Acurácia Média (Clientes): 0.6701

--- Rodada 8 - Avaliação Centralizada (Servidor) ---
Loss (Servidor): 1.1155 | Acurácia (Servidor): 0.6694
--- Avaliação Agregada (Clientes) ---
Loss Média (Clientes): 1.1047 | Acurácia Média (Clientes): 0.6759

--- Rodada 9 - Avaliação Centralizada (Servidor) ---
Loss (Servidor): 1.1404 | Acurácia (Servidor): 0.6713
--- Avaliação Agregada (Clientes) ---
Loss Média (Clientes): 1.1227 | Acurácia Média (Clientes): 0.6699

--- Rodada 10 - Avaliação Centralizada (Servidor) ---
Loss (Servidor): 1.0477 | Acurácia (Servidor): 0.6941
--- Avaliação Agregada (Clientes) ---
Loss Média (Clientes): 1.0263 | Acurácia Média (Clientes): 0.6947

Resultados salvos em: /home/tiago/GitHubProjects/fedhad-thesis-2/FedAVG-results/1.1_diagnostico_drift/CIFAR10/FedAVG__CIFAR10__Setup-5__Clients-5__Rounds-10__Delay-0_05__Alpha-0_1__Seed-48.txt
[36m(ClientAppActor pid=384551)[0m [93mWARNING [0m:   DEPRECATED FEATURE: `client_fn` now expects a signature `def client_fn(context: Context)`.The provided `client_fn` has signature: {'cid': <Parameter "cid: str">}. You can import the `Context` like this: `from flwr.app import Context`[32m [repeated 4x across cluster][0m
[36m(ClientAppActor pid=384551)[0m             This is a deprecated feature. It will be removed[32m [repeated 4x across cluster][0m
[36m(ClientAppActor pid=384551)[0m             entirely in future versions of Flower.[32m [repeated 4x across cluster][0m
