[codecarbon WARNING @ 13:25:16] Multiple instances of codecarbon are allowed to run at the same time.
[93mWARNING [0m:   DEPRECATED FEATURE: flwr.simulation.start_simulation() is deprecated.
	Instead, use the `flwr run` CLI command to start a local simulation in your Flower app, as shown for example below:

		$ flwr new  # Create a new Flower app from a template

		$ flwr run  # Run the Flower app in Simulation Mode

	Using `start_simulation()` is deprecated.

            This is a deprecated feature. It will be removed
            entirely in future versions of Flower.
        
[92mINFO [0m:      Starting Flower simulation, config: num_rounds=10, no round_timeout
2026-09-04 13:25:24,576	INFO worker.py:2012 -- Started a local Ray instance.
/home/tiago/GitHubProjects/fedhad-thesis-2/env_flwr_pt/lib/python3.12/site-packages/ray/_private/worker.py:2051: FutureWarning: Tip: In future versions of Ray, Ray will no longer override accelerator visible devices env var if num_gpus=0 or num_gpus=None (default). To enable this behavior and turn off this error message, set RAY_ACCEL_ENV_VAR_OVERRIDE_ON_ZERO=0
  warnings.warn(
[92mINFO [0m:      Flower VCE: Ray initialized with resources: {'GPU': 1.0, 'object_store_memory': 77745345331.0, 'CPU': 64.0, 'memory': 181405805773.0, 'node:10.129.64.100': 1.0, 'node:__internal_head__': 1.0, 'accelerator_type:A40': 1.0}
[92mINFO [0m:      Optimize your simulation with Flower VCE: https://flower.ai/docs/framework/how-to-run-simulations.html
/home/tiago/GitHubProjects/fedhad-thesis-2/FedAvgM_Final.py:1669: UserWarning: No `num_cpus` specified in `client_resources`. Using `num_cpus=1` for each client.
  history = fl.simulation.start_simulation(
[92mINFO [0m:      Flower VCE: Resources for each Virtual Client: {'num_gpus': 0.2, 'num_cpus': 1}
[92mINFO [0m:      Flower VCE: Creating VirtualClientEngineActorPool with 5 actors
[92mINFO [0m:      [INIT]
[92mINFO [0m:      Using initial global parameters provided by strategy
[92mINFO [0m:      Starting evaluation of initial global parameters
[92mINFO [0m:      initial parameters (loss, other metrics): 2.3030473361968995, {'accuracy': 0.09, 'loss': 2.3030473361968995}
[92mINFO [0m:      
[92mINFO [0m:      [ROUND 1]
[92mINFO [0m:      configure_fit: strategy sampled 5 clients (out of 5)
[36m(ClientAppActor pid=582054)[0m [93mWARNING [0m:   DEPRECATED FEATURE: `client_fn` now expects a signature `def client_fn(context: Context)`.The provided `client_fn` has signature: {'cid': <Parameter "cid: str">}. You can import the `Context` like this: `from flwr.app import Context`
[36m(ClientAppActor pid=582054)[0m 
[36m(ClientAppActor pid=582054)[0m             This is a deprecated feature. It will be removed
[36m(ClientAppActor pid=582054)[0m             entirely in future versions of Flower.
[36m(ClientAppActor pid=582054)[0m         
[36m(ClientAppActor pid=582055)[0m 
[36m(ClientAppActor pid=582055)[0m         
[36m(ClientAppActor pid=582027)[0m 
[36m(ClientAppActor pid=582027)[0m         
[36m(ClientAppActor pid=582021)[0m 
[36m(ClientAppActor pid=582021)[0m         
[36m(ClientAppActor pid=582020)[0m 
[36m(ClientAppActor pid=582020)[0m         
[92mINFO [0m:      aggregate_fit: received 5 results and 0 failures
[92mINFO [0m:      fit progress: (1, 2.3206994190216066, {'accuracy': 0.1, 'loss': 2.3206994190216066}, 15.539769755967427)
[92mINFO [0m:      configure_evaluate: strategy sampled 5 clients (out of 5)
[36m(ClientAppActor pid=582020)[0m 
[36m(ClientAppActor pid=582020)[0m         
[36m(ClientAppActor pid=582020)[0m [93mWARNING [0m:   DEPRECATED FEATURE: `client_fn` now expects a signature `def client_fn(context: Context)`.The provided `client_fn` has signature: {'cid': <Parameter "cid: str">}. You can import the `Context` like this: `from flwr.app import Context`[32m [repeated 5x across cluster] (Ray deduplicates logs by default. Set RAY_DEDUP_LOGS=0 to disable log deduplication, or see https://docs.ray.io/en/master/ray-observability/user-guides/configure-logging.html#log-deduplication for more options.)[0m
[36m(ClientAppActor pid=582020)[0m             This is a deprecated feature. It will be removed[32m [repeated 5x across cluster][0m
[36m(ClientAppActor pid=582020)[0m             entirely in future versions of Flower.[32m [repeated 5x across cluster][0m
[36m(ClientAppActor pid=582021)[0m 
[36m(ClientAppActor pid=582021)[0m         
[36m(ClientAppActor pid=582027)[0m 
[36m(ClientAppActor pid=582027)[0m         
[36m(ClientAppActor pid=582054)[0m 
[36m(ClientAppActor pid=582054)[0m         
[36m(ClientAppActor pid=582055)[0m 
[36m(ClientAppActor pid=582055)[0m         
[92mINFO [0m:      aggregate_evaluate: received 5 results and 0 failures
[92mINFO [0m:      
[92mINFO [0m:      [ROUND 2]
[92mINFO [0m:      configure_fit: strategy sampled 5 clients (out of 5)
[36m(ClientAppActor pid=582055)[0m 
[36m(ClientAppActor pid=582055)[0m         
[36m(ClientAppActor pid=582054)[0m 
[36m(ClientAppActor pid=582054)[0m         
[36m(ClientAppActor pid=582027)[0m 
[36m(ClientAppActor pid=582027)[0m         
[36m(ClientAppActor pid=582021)[0m 
[36m(ClientAppActor pid=582021)[0m         
[36m(ClientAppActor pid=582020)[0m 
[36m(ClientAppActor pid=582020)[0m         
[92mINFO [0m:      aggregate_fit: received 5 results and 0 failures
[92mINFO [0m:      fit progress: (2, 2.0605031078338625, {'accuracy': 0.32, 'loss': 2.0605031078338625}, 29.43575330497697)
[92mINFO [0m:      configure_evaluate: strategy sampled 5 clients (out of 5)
[36m(ClientAppActor pid=582054)[0m 
[36m(ClientAppActor pid=582054)[0m         
[36m(ClientAppActor pid=582054)[0m [93mWARNING [0m:   DEPRECATED FEATURE: `client_fn` now expects a signature `def client_fn(context: Context)`.The provided `client_fn` has signature: {'cid': <Parameter "cid: str">}. You can import the `Context` like this: `from flwr.app import Context`[32m [repeated 10x across cluster][0m
[36m(ClientAppActor pid=582054)[0m             This is a deprecated feature. It will be removed[32m [repeated 10x across cluster][0m
[36m(ClientAppActor pid=582054)[0m             entirely in future versions of Flower.[32m [repeated 10x across cluster][0m
[36m(ClientAppActor pid=582055)[0m 
[36m(ClientAppActor pid=582055)[0m         
[36m(ClientAppActor pid=582020)[0m 
[36m(ClientAppActor pid=582020)[0m         
[36m(ClientAppActor pid=582021)[0m 
[36m(ClientAppActor pid=582021)[0m         
[36m(ClientAppActor pid=582027)[0m 
[36m(ClientAppActor pid=582027)[0m         
[92mINFO [0m:      aggregate_evaluate: received 5 results and 0 failures
[92mINFO [0m:      
[92mINFO [0m:      [ROUND 3]
[92mINFO [0m:      configure_fit: strategy sampled 5 clients (out of 5)
[36m(ClientAppActor pid=582027)[0m 
[36m(ClientAppActor pid=582027)[0m         
[36m(ClientAppActor pid=582021)[0m 
[36m(ClientAppActor pid=582021)[0m         
[36m(ClientAppActor pid=582020)[0m 
[36m(ClientAppActor pid=582020)[0m         
[36m(ClientAppActor pid=582055)[0m 
[36m(ClientAppActor pid=582055)[0m         
[36m(ClientAppActor pid=582054)[0m 
[36m(ClientAppActor pid=582054)[0m         
[92mINFO [0m:      aggregate_fit: received 5 results and 0 failures
[92mINFO [0m:      fit progress: (3, 4.600377227783203, {'accuracy': 0.3771, 'loss': 4.600377227783203}, 43.594508026959375)
[92mINFO [0m:      configure_evaluate: strategy sampled 5 clients (out of 5)
[36m(ClientAppActor pid=582055)[0m 
[36m(ClientAppActor pid=582055)[0m         
[36m(ClientAppActor pid=582055)[0m [93mWARNING [0m:   DEPRECATED FEATURE: `client_fn` now expects a signature `def client_fn(context: Context)`.The provided `client_fn` has signature: {'cid': <Parameter "cid: str">}. You can import the `Context` like this: `from flwr.app import Context`[32m [repeated 10x across cluster][0m
[36m(ClientAppActor pid=582055)[0m             This is a deprecated feature. It will be removed[32m [repeated 10x across cluster][0m
[36m(ClientAppActor pid=582055)[0m             entirely in future versions of Flower.[32m [repeated 10x across cluster][0m
[36m(ClientAppActor pid=582027)[0m 
[36m(ClientAppActor pid=582027)[0m         
[36m(ClientAppActor pid=582020)[0m 
[36m(ClientAppActor pid=582020)[0m         
[36m(ClientAppActor pid=582054)[0m 
[36m(ClientAppActor pid=582054)[0m         
[36m(ClientAppActor pid=582021)[0m 
[36m(ClientAppActor pid=582021)[0m         
[92mINFO [0m:      aggregate_evaluate: received 5 results and 0 failures
[92mINFO [0m:      
[92mINFO [0m:      [ROUND 4]
[92mINFO [0m:      configure_fit: strategy sampled 5 clients (out of 5)
[36m(ClientAppActor pid=582021)[0m 
[36m(ClientAppActor pid=582021)[0m         
[36m(ClientAppActor pid=582054)[0m 
[36m(ClientAppActor pid=582054)[0m         
[36m(ClientAppActor pid=582020)[0m 
[36m(ClientAppActor pid=582020)[0m         
[36m(ClientAppActor pid=582027)[0m 
[36m(ClientAppActor pid=582027)[0m         
[36m(ClientAppActor pid=582055)[0m 
[36m(ClientAppActor pid=582055)[0m         
[92mINFO [0m:      aggregate_fit: received 5 results and 0 failures
[92mINFO [0m:      fit progress: (4, 2.616703050994873, {'accuracy': 0.4493, 'loss': 2.616703050994873}, 57.547426917008124)
[92mINFO [0m:      configure_evaluate: strategy sampled 5 clients (out of 5)
[36m(ClientAppActor pid=582027)[0m 
[36m(ClientAppActor pid=582027)[0m         
[36m(ClientAppActor pid=582027)[0m [93mWARNING [0m:   DEPRECATED FEATURE: `client_fn` now expects a signature `def client_fn(context: Context)`.The provided `client_fn` has signature: {'cid': <Parameter "cid: str">}. You can import the `Context` like this: `from flwr.app import Context`[32m [repeated 10x across cluster][0m
[36m(ClientAppActor pid=582027)[0m             This is a deprecated feature. It will be removed[32m [repeated 10x across cluster][0m
[36m(ClientAppActor pid=582027)[0m             entirely in future versions of Flower.[32m [repeated 10x across cluster][0m
[36m(ClientAppActor pid=582054)[0m 
[36m(ClientAppActor pid=582054)[0m         
[36m(ClientAppActor pid=582055)[0m 
[36m(ClientAppActor pid=582055)[0m         
[36m(ClientAppActor pid=582021)[0m 
[36m(ClientAppActor pid=582021)[0m         
[36m(ClientAppActor pid=582020)[0m 
[36m(ClientAppActor pid=582020)[0m         
[92mINFO [0m:      aggregate_evaluate: received 5 results and 0 failures
[92mINFO [0m:      
[92mINFO [0m:      [ROUND 5]
[92mINFO [0m:      configure_fit: strategy sampled 5 clients (out of 5)
[36m(ClientAppActor pid=582020)[0m 
[36m(ClientAppActor pid=582020)[0m         
[36m(ClientAppActor pid=582021)[0m 
[36m(ClientAppActor pid=582021)[0m         
[36m(ClientAppActor pid=582055)[0m 
[36m(ClientAppActor pid=582055)[0m         
[36m(ClientAppActor pid=582054)[0m 
[36m(ClientAppActor pid=582054)[0m         
[36m(ClientAppActor pid=582027)[0m 
[36m(ClientAppActor pid=582027)[0m         
[92mINFO [0m:      aggregate_fit: received 5 results and 0 failures
[92mINFO [0m:      fit progress: (5, 2.284580731964111, {'accuracy': 0.4555, 'loss': 2.284580731964111}, 71.54199159296695)
[92mINFO [0m:      configure_evaluate: strategy sampled 5 clients (out of 5)
[36m(ClientAppActor pid=582055)[0m 
[36m(ClientAppActor pid=582055)[0m         
[36m(ClientAppActor pid=582055)[0m [93mWARNING [0m:   DEPRECATED FEATURE: `client_fn` now expects a signature `def client_fn(context: Context)`.The provided `client_fn` has signature: {'cid': <Parameter "cid: str">}. You can import the `Context` like this: `from flwr.app import Context`[32m [repeated 10x across cluster][0m
[36m(ClientAppActor pid=582055)[0m             This is a deprecated feature. It will be removed[32m [repeated 10x across cluster][0m
[36m(ClientAppActor pid=582055)[0m             entirely in future versions of Flower.[32m [repeated 10x across cluster][0m
[36m(ClientAppActor pid=582054)[0m 
[36m(ClientAppActor pid=582054)[0m         
[36m(ClientAppActor pid=582020)[0m 
[36m(ClientAppActor pid=582020)[0m         
[36m(ClientAppActor pid=582027)[0m 
[36m(ClientAppActor pid=582027)[0m         
[36m(ClientAppActor pid=582021)[0m 
[36m(ClientAppActor pid=582021)[0m         
[92mINFO [0m:      aggregate_evaluate: received 5 results and 0 failures
[92mINFO [0m:      
[92mINFO [0m:      [ROUND 6]
[92mINFO [0m:      configure_fit: strategy sampled 5 clients (out of 5)
[36m(ClientAppActor pid=582021)[0m 
[36m(ClientAppActor pid=582021)[0m         
[36m(ClientAppActor pid=582027)[0m 
[36m(ClientAppActor pid=582027)[0m         
[36m(ClientAppActor pid=582020)[0m 
[36m(ClientAppActor pid=582020)[0m         
[36m(ClientAppActor pid=582054)[0m 
[36m(ClientAppActor pid=582054)[0m         
[36m(ClientAppActor pid=582055)[0m 
[36m(ClientAppActor pid=582055)[0m         
[92mINFO [0m:      aggregate_fit: received 5 results and 0 failures
[92mINFO [0m:      fit progress: (6, 2.768651108932495, {'accuracy': 0.5438, 'loss': 2.768651108932495}, 85.20553273195401)
[92mINFO [0m:      configure_evaluate: strategy sampled 5 clients (out of 5)
[36m(ClientAppActor pid=582020)[0m 
[36m(ClientAppActor pid=582020)[0m         
[36m(ClientAppActor pid=582020)[0m [93mWARNING [0m:   DEPRECATED FEATURE: `client_fn` now expects a signature `def client_fn(context: Context)`.The provided `client_fn` has signature: {'cid': <Parameter "cid: str">}. You can import the `Context` like this: `from flwr.app import Context`[32m [repeated 10x across cluster][0m
[36m(ClientAppActor pid=582020)[0m             This is a deprecated feature. It will be removed[32m [repeated 10x across cluster][0m
[36m(ClientAppActor pid=582020)[0m             entirely in future versions of Flower.[32m [repeated 10x across cluster][0m
[36m(ClientAppActor pid=582021)[0m 
[36m(ClientAppActor pid=582021)[0m         
[36m(ClientAppActor pid=582054)[0m 
[36m(ClientAppActor pid=582054)[0m         
[36m(ClientAppActor pid=582055)[0m 
[36m(ClientAppActor pid=582055)[0m         
[36m(ClientAppActor pid=582027)[0m 
[36m(ClientAppActor pid=582027)[0m         
[92mINFO [0m:      aggregate_evaluate: received 5 results and 0 failures
[92mINFO [0m:      
[92mINFO [0m:      [ROUND 7]
[92mINFO [0m:      configure_fit: strategy sampled 5 clients (out of 5)
[36m(ClientAppActor pid=582027)[0m 
[36m(ClientAppActor pid=582027)[0m         
[36m(ClientAppActor pid=582055)[0m 
[36m(ClientAppActor pid=582055)[0m         
[36m(ClientAppActor pid=582054)[0m 
[36m(ClientAppActor pid=582054)[0m         
[36m(ClientAppActor pid=582021)[0m 
[36m(ClientAppActor pid=582021)[0m         
[36m(ClientAppActor pid=582020)[0m 
[36m(ClientAppActor pid=582020)[0m         
[92mINFO [0m:      aggregate_fit: received 5 results and 0 failures
[92mINFO [0m:      fit progress: (7, 2.5261687503814696, {'accuracy': 0.625, 'loss': 2.5261687503814696}, 98.77399690198945)
[92mINFO [0m:      configure_evaluate: strategy sampled 5 clients (out of 5)
[36m(ClientAppActor pid=582027)[0m 
[36m(ClientAppActor pid=582027)[0m         
[36m(ClientAppActor pid=582027)[0m [93mWARNING [0m:   DEPRECATED FEATURE: `client_fn` now expects a signature `def client_fn(context: Context)`.The provided `client_fn` has signature: {'cid': <Parameter "cid: str">}. You can import the `Context` like this: `from flwr.app import Context`[32m [repeated 10x across cluster][0m
[36m(ClientAppActor pid=582027)[0m             This is a deprecated feature. It will be removed[32m [repeated 10x across cluster][0m
[36m(ClientAppActor pid=582027)[0m             entirely in future versions of Flower.[32m [repeated 10x across cluster][0m
[36m(ClientAppActor pid=582020)[0m 
[36m(ClientAppActor pid=582020)[0m         
[36m(ClientAppActor pid=582054)[0m 
[36m(ClientAppActor pid=582054)[0m         
[36m(ClientAppActor pid=582055)[0m 
[36m(ClientAppActor pid=582055)[0m         
[36m(ClientAppActor pid=582021)[0m 
[36m(ClientAppActor pid=582021)[0m         
[92mINFO [0m:      aggregate_evaluate: received 5 results and 0 failures
[92mINFO [0m:      
[92mINFO [0m:      [ROUND 8]
[92mINFO [0m:      configure_fit: strategy sampled 5 clients (out of 5)
[36m(ClientAppActor pid=582021)[0m 
[36m(ClientAppActor pid=582021)[0m         
[36m(ClientAppActor pid=582055)[0m 
[36m(ClientAppActor pid=582055)[0m         
[36m(ClientAppActor pid=582054)[0m 
[36m(ClientAppActor pid=582054)[0m         
[36m(ClientAppActor pid=582020)[0m 
[36m(ClientAppActor pid=582020)[0m         
[36m(ClientAppActor pid=582027)[0m 
[36m(ClientAppActor pid=582027)[0m         
[92mINFO [0m:      aggregate_fit: received 5 results and 0 failures
[92mINFO [0m:      fit progress: (8, 2.443388285636902, {'accuracy': 0.61, 'loss': 2.443388285636902}, 112.84527388797142)
[92mINFO [0m:      configure_evaluate: strategy sampled 5 clients (out of 5)
[36m(ClientAppActor pid=582020)[0m 
[36m(ClientAppActor pid=582020)[0m         
[36m(ClientAppActor pid=582020)[0m [93mWARNING [0m:   DEPRECATED FEATURE: `client_fn` now expects a signature `def client_fn(context: Context)`.The provided `client_fn` has signature: {'cid': <Parameter "cid: str">}. You can import the `Context` like this: `from flwr.app import Context`[32m [repeated 10x across cluster][0m
[36m(ClientAppActor pid=582020)[0m             This is a deprecated feature. It will be removed[32m [repeated 10x across cluster][0m
[36m(ClientAppActor pid=582020)[0m             entirely in future versions of Flower.[32m [repeated 10x across cluster][0m
[36m(ClientAppActor pid=582055)[0m 
[36m(ClientAppActor pid=582055)[0m         
[36m(ClientAppActor pid=582027)[0m 
[36m(ClientAppActor pid=582027)[0m         
[36m(ClientAppActor pid=582021)[0m 
[36m(ClientAppActor pid=582021)[0m         
[36m(ClientAppActor pid=582054)[0m 
[36m(ClientAppActor pid=582054)[0m         
[92mINFO [0m:      aggregate_evaluate: received 5 results and 0 failures
[92mINFO [0m:      
[92mINFO [0m:      [ROUND 9]
[92mINFO [0m:      configure_fit: strategy sampled 5 clients (out of 5)
[36m(ClientAppActor pid=582054)[0m 
[36m(ClientAppActor pid=582054)[0m         
[36m(ClientAppActor pid=582021)[0m 
[36m(ClientAppActor pid=582021)[0m         
[36m(ClientAppActor pid=582027)[0m 
[36m(ClientAppActor pid=582027)[0m         
[36m(ClientAppActor pid=582055)[0m 
[36m(ClientAppActor pid=582055)[0m         
[36m(ClientAppActor pid=582020)[0m 
[36m(ClientAppActor pid=582020)[0m         
[92mINFO [0m:      aggregate_fit: received 5 results and 0 failures
[92mINFO [0m:      fit progress: (9, 2.8990310262680055, {'accuracy': 0.5751, 'loss': 2.8990310262680055}, 126.81891239096876)
[92mINFO [0m:      configure_evaluate: strategy sampled 5 clients (out of 5)
[36m(ClientAppActor pid=582055)[0m 
[36m(ClientAppActor pid=582055)[0m         
[36m(ClientAppActor pid=582055)[0m [93mWARNING [0m:   DEPRECATED FEATURE: `client_fn` now expects a signature `def client_fn(context: Context)`.The provided `client_fn` has signature: {'cid': <Parameter "cid: str">}. You can import the `Context` like this: `from flwr.app import Context`[32m [repeated 10x across cluster][0m
[36m(ClientAppActor pid=582055)[0m             This is a deprecated feature. It will be removed[32m [repeated 10x across cluster][0m
[36m(ClientAppActor pid=582055)[0m             entirely in future versions of Flower.[32m [repeated 10x across cluster][0m
[36m(ClientAppActor pid=582020)[0m 
[36m(ClientAppActor pid=582020)[0m         
[36m(ClientAppActor pid=582021)[0m 
[36m(ClientAppActor pid=582021)[0m         
[36m(ClientAppActor pid=582054)[0m 
[36m(ClientAppActor pid=582054)[0m         
[36m(ClientAppActor pid=582027)[0m 
[36m(ClientAppActor pid=582027)[0m         
[92mINFO [0m:      aggregate_evaluate: received 5 results and 0 failures
[92mINFO [0m:      
[92mINFO [0m:      [ROUND 10]
[92mINFO [0m:      configure_fit: strategy sampled 5 clients (out of 5)
[36m(ClientAppActor pid=582027)[0m 
[36m(ClientAppActor pid=582027)[0m         
[36m(ClientAppActor pid=582054)[0m 
[36m(ClientAppActor pid=582054)[0m         
[36m(ClientAppActor pid=582021)[0m 
[36m(ClientAppActor pid=582021)[0m         
[36m(ClientAppActor pid=582020)[0m 
[36m(ClientAppActor pid=582020)[0m         
[36m(ClientAppActor pid=582055)[0m 
[36m(ClientAppActor pid=582055)[0m         
[92mINFO [0m:      aggregate_fit: received 5 results and 0 failures
[92mINFO [0m:      fit progress: (10, 4.615146645355225, {'accuracy': 0.5276, 'loss': 4.615146645355225}, 140.22412716801045)
[92mINFO [0m:      configure_evaluate: strategy sampled 5 clients (out of 5)
[36m(ClientAppActor pid=582027)[0m 
[36m(ClientAppActor pid=582027)[0m         
[36m(ClientAppActor pid=582027)[0m [93mWARNING [0m:   DEPRECATED FEATURE: `client_fn` now expects a signature `def client_fn(context: Context)`.The provided `client_fn` has signature: {'cid': <Parameter "cid: str">}. You can import the `Context` like this: `from flwr.app import Context`[32m [repeated 10x across cluster][0m
[36m(ClientAppActor pid=582027)[0m             This is a deprecated feature. It will be removed[32m [repeated 10x across cluster][0m
[36m(ClientAppActor pid=582027)[0m             entirely in future versions of Flower.[32m [repeated 10x across cluster][0m
[36m(ClientAppActor pid=582055)[0m 
[36m(ClientAppActor pid=582055)[0m         
[36m(ClientAppActor pid=582021)[0m 
[36m(ClientAppActor pid=582021)[0m         
[36m(ClientAppActor pid=582054)[0m 
[36m(ClientAppActor pid=582054)[0m         
[36m(ClientAppActor pid=582020)[0m 
[36m(ClientAppActor pid=582020)[0m         
[92mINFO [0m:      aggregate_evaluate: received 5 results and 0 failures
[92mINFO [0m:      
[92mINFO [0m:      [SUMMARY]
[92mINFO [0m:      Run finished 10 round(s) in 141.14s
[92mINFO [0m:      	History (loss, distributed):
[92mINFO [0m:      		round 1: 2.321363112867797
[92mINFO [0m:      		round 2: 2.0491813416001032
[92mINFO [0m:      		round 3: 4.577105705562009
[92mINFO [0m:      		round 4: 2.6152544244184526
[92mINFO [0m:      		round 5: 2.2916701156090613
[92mINFO [0m:      		round 6: 2.713818741770346
[92mINFO [0m:      		round 7: 2.462798537648819
[92mINFO [0m:      		round 8: 2.2071948914807487
[92mINFO [0m:      		round 9: 2.6879376129362615
[92mINFO [0m:      		round 10: 4.449111297747505
[92mINFO [0m:      	History (loss, centralized):
[92mINFO [0m:      		round 0: 2.3030473361968995
[92mINFO [0m:      		round 1: 2.3206994190216066
[92mINFO [0m:      		round 2: 2.0605031078338625
[92mINFO [0m:      		round 3: 4.600377227783203
[92mINFO [0m:      		round 4: 2.616703050994873
[92mINFO [0m:      		round 5: 2.284580731964111
[92mINFO [0m:      		round 6: 2.768651108932495
[92mINFO [0m:      		round 7: 2.5261687503814696
[92mINFO [0m:      		round 8: 2.443388285636902
[92mINFO [0m:      		round 9: 2.8990310262680055
[92mINFO [0m:      		round 10: 4.615146645355225
[92mINFO [0m:      	History (metrics, distributed, fit):
[92mINFO [0m:      	{'avg_flops_per_client_round': [(1, 8140805084160.0),
[92mINFO [0m:      	                                (2, 8140805084160.0),
[92mINFO [0m:      	                                (3, 8140805084160.0),
[92mINFO [0m:      	                                (4, 8140805084160.0),
[92mINFO [0m:      	                                (5, 8140805084160.0),
[92mINFO [0m:      	                                (6, 8140805084160.0),
[92mINFO [0m:      	                                (7, 8140805084160.0),
[92mINFO [0m:      	                                (8, 8140805084160.0),
[92mINFO [0m:      	                                (9, 8140805084160.0),
[92mINFO [0m:      	                                (10, 8140805084160.0)],
[92mINFO [0m:      	 'total_flops_round': [(1, 40704025420800),
[92mINFO [0m:      	                       (2, 40704025420800),
[92mINFO [0m:      	                       (3, 40704025420800),
[92mINFO [0m:      	                       (4, 40704025420800),
[92mINFO [0m:      	                       (5, 40704025420800),
[92mINFO [0m:      	                       (6, 40704025420800),
[92mINFO [0m:      	                       (7, 40704025420800),
[92mINFO [0m:      	                       (8, 40704025420800),
[92mINFO [0m:      	                       (9, 40704025420800),
[92mINFO [0m:      	                       (10, 40704025420800)]}
[92mINFO [0m:      	History (metrics, distributed, evaluate):
[92mINFO [0m:      	{'accuracy': [(1, 0.10166099659795877),
[92mINFO [0m:      	              (2, 0.33460076045627374),
[92mINFO [0m:      	              (3, 0.37682609565739444),
[92mINFO [0m:      	              (4, 0.4606764058435061),
[92mINFO [0m:      	              (5, 0.4542725635381229),
[92mINFO [0m:      	              (6, 0.5451270762457474),
[92mINFO [0m:      	              (7, 0.6349809885931559),
[92mINFO [0m:      	              (8, 0.6285771462877726),
[92mINFO [0m:      	              (9, 0.5847508505103062),
[92mINFO [0m:      	              (10, 0.5301180708425055)],
[92mINFO [0m:      	 'loss': [(1, 2.321363112867797),
[92mINFO [0m:      	          (2, 2.0491813416001032),
[92mINFO [0m:      	          (3, 4.577105705562009),
[92mINFO [0m:      	          (4, 2.6152544244184526),
[92mINFO [0m:      	          (5, 2.2916701156090613),
[92mINFO [0m:      	          (6, 2.713818741770346),
[92mINFO [0m:      	          (7, 2.462798537648819),
[92mINFO [0m:      	          (8, 2.2071948914807487),
[92mINFO [0m:      	          (9, 2.6879376129362615),
[92mINFO [0m:      	          (10, 4.449111297747505)]}
[92mINFO [0m:      	History (metrics, centralized):
[92mINFO [0m:      	{'accuracy': [(0, 0.09),
[92mINFO [0m:      	              (1, 0.1),
[92mINFO [0m:      	              (2, 0.32),
[92mINFO [0m:      	              (3, 0.3771),
[92mINFO [0m:      	              (4, 0.4493),
[92mINFO [0m:      	              (5, 0.4555),
[92mINFO [0m:      	              (6, 0.5438),
[92mINFO [0m:      	              (7, 0.625),
[92mINFO [0m:      	              (8, 0.61),
[92mINFO [0m:      	              (9, 0.5751),
[92mINFO [0m:      	              (10, 0.5276)],
[92mINFO [0m:      	 'loss': [(0, 2.3030473361968995),
[92mINFO [0m:      	          (1, 2.3206994190216066),
[92mINFO [0m:      	          (2, 2.0605031078338625),
[92mINFO [0m:      	          (3, 4.600377227783203),
[92mINFO [0m:      	          (4, 2.616703050994873),
[92mINFO [0m:      	          (5, 2.284580731964111),
[92mINFO [0m:      	          (6, 2.768651108932495),
[92mINFO [0m:      	          (7, 2.5261687503814696),
[92mINFO [0m:      	          (8, 2.443388285636902),
[92mINFO [0m:      	          (9, 2.8990310262680055),
[92mINFO [0m:      	          (10, 4.615146645355225)]}
[92mINFO [0m:      
Treinando no dispositivo: cuda:0 com o dataset: CIFAR10 | Setup clientes: 5 (num_gpus por cliente=0.2) | SEED=44 | Método: FedAvgM (server_momentum=0.9, server_lr=1.0)
FLOPS por amostra (forward): 6.030e+07 | (forward+backward, 3x): 1.809e+08
Files already downloaded and verified
Files already downloaded and verified
Dividindo o dataset usando a distribuição de Dirichlet com alpha=0.1.
Iniciando a simulação de Aprendizado Federado...
=== Diagnóstico de Medição de GPU ===
  pynvml_disponivel: True
  pynvml_versao: 580.173.02
  gpus_detectadas: 1
  leitura_potencia_ok: True
  potencia_atual_W: 115.572

--- Rodada 0 - Avaliação Centralizada (Servidor) ---
Loss (Servidor): 2.3030 | Acurácia (Servidor): 0.0900

--- Rodada 1 - Avaliação Centralizada (Servidor) ---
Loss (Servidor): 2.3207 | Acurácia (Servidor): 0.1000
--- Avaliação Agregada (Clientes) ---
Loss Média (Clientes): 2.3214 | Acurácia Média (Clientes): 0.1017

--- Rodada 2 - Avaliação Centralizada (Servidor) ---
Loss (Servidor): 2.0605 | Acurácia (Servidor): 0.3200
--- Avaliação Agregada (Clientes) ---
Loss Média (Clientes): 2.0492 | Acurácia Média (Clientes): 0.3346

--- Rodada 3 - Avaliação Centralizada (Servidor) ---
Loss (Servidor): 4.6004 | Acurácia (Servidor): 0.3771
--- Avaliação Agregada (Clientes) ---
Loss Média (Clientes): 4.5771 | Acurácia Média (Clientes): 0.3768

--- Rodada 4 - Avaliação Centralizada (Servidor) ---
Loss (Servidor): 2.6167 | Acurácia (Servidor): 0.4493
--- Avaliação Agregada (Clientes) ---
Loss Média (Clientes): 2.6153 | Acurácia Média (Clientes): 0.4607

--- Rodada 5 - Avaliação Centralizada (Servidor) ---
Loss (Servidor): 2.2846 | Acurácia (Servidor): 0.4555
--- Avaliação Agregada (Clientes) ---
Loss Média (Clientes): 2.2917 | Acurácia Média (Clientes): 0.4543

--- Rodada 6 - Avaliação Centralizada (Servidor) ---
Loss (Servidor): 2.7687 | Acurácia (Servidor): 0.5438
--- Avaliação Agregada (Clientes) ---
Loss Média (Clientes): 2.7138 | Acurácia Média (Clientes): 0.5451

--- Rodada 7 - Avaliação Centralizada (Servidor) ---
Loss (Servidor): 2.5262 | Acurácia (Servidor): 0.6250
--- Avaliação Agregada (Clientes) ---
Loss Média (Clientes): 2.4628 | Acurácia Média (Clientes): 0.6350

--- Rodada 8 - Avaliação Centralizada (Servidor) ---
Loss (Servidor): 2.4434 | Acurácia (Servidor): 0.6100
--- Avaliação Agregada (Clientes) ---
Loss Média (Clientes): 2.2072 | Acurácia Média (Clientes): 0.6286

--- Rodada 9 - Avaliação Centralizada (Servidor) ---
Loss (Servidor): 2.8990 | Acurácia (Servidor): 0.5751
--- Avaliação Agregada (Clientes) ---
Loss Média (Clientes): 2.6879 | Acurácia Média (Clientes): 0.5848

--- Rodada 10 - Avaliação Centralizada (Servidor) ---
Loss (Servidor): 4.6151 | Acurácia (Servidor): 0.5276
--- Avaliação Agregada (Clientes) ---
Loss Média (Clientes): 4.4491 | Acurácia Média (Clientes): 0.5301

Resultados salvos em: /home/tiago/GitHubProjects/fedhad-thesis-2/FedAvgM-results/1.1_diagnostico_drift/CIFAR10/FedAvgM__CIFAR10__Setup-5__Clients-5__Rounds-10__Delay-0_05__Alpha-0_1__Seed-44.txt
[36m(ClientAppActor pid=582020)[0m [93mWARNING [0m:   DEPRECATED FEATURE: `client_fn` now expects a signature `def client_fn(context: Context)`.The provided `client_fn` has signature: {'cid': <Parameter "cid: str">}. You can import the `Context` like this: `from flwr.app import Context`[32m [repeated 4x across cluster][0m
[36m(ClientAppActor pid=582020)[0m             This is a deprecated feature. It will be removed[32m [repeated 4x across cluster][0m
[36m(ClientAppActor pid=582020)[0m             entirely in future versions of Flower.[32m [repeated 4x across cluster][0m
