[codecarbon WARNING @ 12:55:20] Multiple instances of codecarbon are allowed to run at the same time.
[93mWARNING [0m:   DEPRECATED FEATURE: flwr.simulation.start_simulation() is deprecated.
	Instead, use the `flwr run` CLI command to start a local simulation in your Flower app, as shown for example below:

		$ flwr new  # Create a new Flower app from a template

		$ flwr run  # Run the Flower app in Simulation Mode

	Using `start_simulation()` is deprecated.

            This is a deprecated feature. It will be removed
            entirely in future versions of Flower.
        
[92mINFO [0m:      Starting Flower simulation, config: num_rounds=10, no round_timeout
2026-09-04 12:55:28,563	INFO worker.py:2012 -- Started a local Ray instance.
/home/tiago/GitHubProjects/fedhad-thesis-2/env_flwr_pt/lib/python3.12/site-packages/ray/_private/worker.py:2051: FutureWarning: Tip: In future versions of Ray, Ray will no longer override accelerator visible devices env var if num_gpus=0 or num_gpus=None (default). To enable this behavior and turn off this error message, set RAY_ACCEL_ENV_VAR_OVERRIDE_ON_ZERO=0
  warnings.warn(
[92mINFO [0m:      Flower VCE: Ray initialized with resources: {'object_store_memory': 77701795430.0, 'node:10.129.64.100': 1.0, 'CPU': 64.0, 'memory': 181304189338.0, 'GPU': 1.0, 'accelerator_type:A40': 1.0, 'node:__internal_head__': 1.0}
[92mINFO [0m:      Optimize your simulation with Flower VCE: https://flower.ai/docs/framework/how-to-run-simulations.html
/home/tiago/GitHubProjects/fedhad-thesis-2/FedAvgM_Final.py:1669: UserWarning: No `num_cpus` specified in `client_resources`. Using `num_cpus=1` for each client.
  history = fl.simulation.start_simulation(
[92mINFO [0m:      Flower VCE: Resources for each Virtual Client: {'num_gpus': 0.2, 'num_cpus': 1}
[92mINFO [0m:      Flower VCE: Creating VirtualClientEngineActorPool with 5 actors
[92mINFO [0m:      [INIT]
[92mINFO [0m:      Using initial global parameters provided by strategy
[92mINFO [0m:      Starting evaluation of initial global parameters
[92mINFO [0m:      initial parameters (loss, other metrics): 2.303067527770996, {'accuracy': 0.1003, 'loss': 2.303067527770996}
[92mINFO [0m:      
[92mINFO [0m:      [ROUND 1]
[92mINFO [0m:      configure_fit: strategy sampled 5 clients (out of 5)
[36m(ClientAppActor pid=500452)[0m [93mWARNING [0m:   DEPRECATED FEATURE: `client_fn` now expects a signature `def client_fn(context: Context)`.The provided `client_fn` has signature: {'cid': <Parameter "cid: str">}. You can import the `Context` like this: `from flwr.app import Context`
[36m(ClientAppActor pid=500452)[0m 
[36m(ClientAppActor pid=500452)[0m             This is a deprecated feature. It will be removed
[36m(ClientAppActor pid=500452)[0m             entirely in future versions of Flower.
[36m(ClientAppActor pid=500452)[0m         
[36m(ClientAppActor pid=500420)[0m 
[36m(ClientAppActor pid=500420)[0m         
[36m(ClientAppActor pid=500418)[0m 
[36m(ClientAppActor pid=500418)[0m         
[36m(ClientAppActor pid=500451)[0m 
[36m(ClientAppActor pid=500451)[0m         
[36m(ClientAppActor pid=500417)[0m 
[36m(ClientAppActor pid=500417)[0m         
[92mINFO [0m:      aggregate_fit: received 5 results and 0 failures
[92mINFO [0m:      fit progress: (1, 2.3308823478698733, {'accuracy': 0.1, 'loss': 2.3308823478698733}, 15.623990638996474)
[92mINFO [0m:      configure_evaluate: strategy sampled 5 clients (out of 5)
[36m(ClientAppActor pid=500451)[0m 
[36m(ClientAppActor pid=500451)[0m         
[36m(ClientAppActor pid=500451)[0m [93mWARNING [0m:   DEPRECATED FEATURE: `client_fn` now expects a signature `def client_fn(context: Context)`.The provided `client_fn` has signature: {'cid': <Parameter "cid: str">}. You can import the `Context` like this: `from flwr.app import Context`[32m [repeated 5x across cluster] (Ray deduplicates logs by default. Set RAY_DEDUP_LOGS=0 to disable log deduplication, or see https://docs.ray.io/en/master/ray-observability/user-guides/configure-logging.html#log-deduplication for more options.)[0m
[36m(ClientAppActor pid=500451)[0m             This is a deprecated feature. It will be removed[32m [repeated 5x across cluster][0m
[36m(ClientAppActor pid=500451)[0m             entirely in future versions of Flower.[32m [repeated 5x across cluster][0m
[36m(ClientAppActor pid=500452)[0m 
[36m(ClientAppActor pid=500452)[0m         
[36m(ClientAppActor pid=500420)[0m 
[36m(ClientAppActor pid=500420)[0m         
[36m(ClientAppActor pid=500417)[0m 
[36m(ClientAppActor pid=500417)[0m         
[36m(ClientAppActor pid=500418)[0m 
[36m(ClientAppActor pid=500418)[0m         
[92mINFO [0m:      aggregate_evaluate: received 5 results and 0 failures
[92mINFO [0m:      
[92mINFO [0m:      [ROUND 2]
[92mINFO [0m:      configure_fit: strategy sampled 5 clients (out of 5)
[36m(ClientAppActor pid=500418)[0m 
[36m(ClientAppActor pid=500418)[0m         
[36m(ClientAppActor pid=500417)[0m 
[36m(ClientAppActor pid=500417)[0m         
[36m(ClientAppActor pid=500452)[0m 
[36m(ClientAppActor pid=500452)[0m         
[36m(ClientAppActor pid=500420)[0m 
[36m(ClientAppActor pid=500420)[0m         
[36m(ClientAppActor pid=500451)[0m 
[36m(ClientAppActor pid=500451)[0m         
[92mINFO [0m:      aggregate_fit: received 5 results and 0 failures
[92mINFO [0m:      fit progress: (2, 1.9346429069519042, {'accuracy': 0.4442, 'loss': 1.9346429069519042}, 29.443403387034778)
[92mINFO [0m:      configure_evaluate: strategy sampled 5 clients (out of 5)
[36m(ClientAppActor pid=500418)[0m 
[36m(ClientAppActor pid=500418)[0m         
[36m(ClientAppActor pid=500418)[0m [93mWARNING [0m:   DEPRECATED FEATURE: `client_fn` now expects a signature `def client_fn(context: Context)`.The provided `client_fn` has signature: {'cid': <Parameter "cid: str">}. You can import the `Context` like this: `from flwr.app import Context`[32m [repeated 10x across cluster][0m
[36m(ClientAppActor pid=500418)[0m             This is a deprecated feature. It will be removed[32m [repeated 10x across cluster][0m
[36m(ClientAppActor pid=500418)[0m             entirely in future versions of Flower.[32m [repeated 10x across cluster][0m
[36m(ClientAppActor pid=500420)[0m 
[36m(ClientAppActor pid=500420)[0m         
[36m(ClientAppActor pid=500451)[0m 
[36m(ClientAppActor pid=500451)[0m         
[36m(ClientAppActor pid=500452)[0m 
[36m(ClientAppActor pid=500452)[0m         
[36m(ClientAppActor pid=500417)[0m 
[36m(ClientAppActor pid=500417)[0m         
[92mINFO [0m:      aggregate_evaluate: received 5 results and 0 failures
[92mINFO [0m:      
[92mINFO [0m:      [ROUND 3]
[92mINFO [0m:      configure_fit: strategy sampled 5 clients (out of 5)
[36m(ClientAppActor pid=500417)[0m 
[36m(ClientAppActor pid=500417)[0m         
[36m(ClientAppActor pid=500452)[0m 
[36m(ClientAppActor pid=500452)[0m         
[36m(ClientAppActor pid=500451)[0m 
[36m(ClientAppActor pid=500451)[0m         
[36m(ClientAppActor pid=500420)[0m 
[36m(ClientAppActor pid=500420)[0m         
[36m(ClientAppActor pid=500418)[0m 
[36m(ClientAppActor pid=500418)[0m         
[92mINFO [0m:      aggregate_fit: received 5 results and 0 failures
[92mINFO [0m:      fit progress: (3, 10.307843881225587, {'accuracy': 0.3399, 'loss': 10.307843881225587}, 43.37407227803487)
[92mINFO [0m:      configure_evaluate: strategy sampled 5 clients (out of 5)
[36m(ClientAppActor pid=500451)[0m 
[36m(ClientAppActor pid=500451)[0m         
[36m(ClientAppActor pid=500451)[0m [93mWARNING [0m:   DEPRECATED FEATURE: `client_fn` now expects a signature `def client_fn(context: Context)`.The provided `client_fn` has signature: {'cid': <Parameter "cid: str">}. You can import the `Context` like this: `from flwr.app import Context`[32m [repeated 10x across cluster][0m
[36m(ClientAppActor pid=500451)[0m             This is a deprecated feature. It will be removed[32m [repeated 10x across cluster][0m
[36m(ClientAppActor pid=500451)[0m             entirely in future versions of Flower.[32m [repeated 10x across cluster][0m
[36m(ClientAppActor pid=500420)[0m 
[36m(ClientAppActor pid=500420)[0m         
[36m(ClientAppActor pid=500452)[0m 
[36m(ClientAppActor pid=500452)[0m         
[36m(ClientAppActor pid=500417)[0m 
[36m(ClientAppActor pid=500417)[0m         
[36m(ClientAppActor pid=500418)[0m 
[36m(ClientAppActor pid=500418)[0m         
[92mINFO [0m:      aggregate_evaluate: received 5 results and 0 failures
[92mINFO [0m:      
[92mINFO [0m:      [ROUND 4]
[92mINFO [0m:      configure_fit: strategy sampled 5 clients (out of 5)
[36m(ClientAppActor pid=500418)[0m 
[36m(ClientAppActor pid=500418)[0m         
[36m(ClientAppActor pid=500417)[0m 
[36m(ClientAppActor pid=500417)[0m         
[36m(ClientAppActor pid=500420)[0m 
[36m(ClientAppActor pid=500420)[0m         
[36m(ClientAppActor pid=500452)[0m 
[36m(ClientAppActor pid=500452)[0m         
[36m(ClientAppActor pid=500451)[0m 
[36m(ClientAppActor pid=500451)[0m         
[92mINFO [0m:      aggregate_fit: received 5 results and 0 failures
[92mINFO [0m:      fit progress: (4, 4.764516267395019, {'accuracy': 0.5468, 'loss': 4.764516267395019}, 57.161208703997545)
[92mINFO [0m:      configure_evaluate: strategy sampled 5 clients (out of 5)
[36m(ClientAppActor pid=500420)[0m 
[36m(ClientAppActor pid=500420)[0m         
[36m(ClientAppActor pid=500420)[0m [93mWARNING [0m:   DEPRECATED FEATURE: `client_fn` now expects a signature `def client_fn(context: Context)`.The provided `client_fn` has signature: {'cid': <Parameter "cid: str">}. You can import the `Context` like this: `from flwr.app import Context`[32m [repeated 10x across cluster][0m
[36m(ClientAppActor pid=500420)[0m             This is a deprecated feature. It will be removed[32m [repeated 10x across cluster][0m
[36m(ClientAppActor pid=500420)[0m             entirely in future versions of Flower.[32m [repeated 10x across cluster][0m
[36m(ClientAppActor pid=500452)[0m 
[36m(ClientAppActor pid=500452)[0m         
[36m(ClientAppActor pid=500451)[0m 
[36m(ClientAppActor pid=500451)[0m         
[36m(ClientAppActor pid=500417)[0m 
[36m(ClientAppActor pid=500417)[0m         
[36m(ClientAppActor pid=500418)[0m 
[36m(ClientAppActor pid=500418)[0m         
[92mINFO [0m:      aggregate_evaluate: received 5 results and 0 failures
[92mINFO [0m:      
[92mINFO [0m:      [ROUND 5]
[92mINFO [0m:      configure_fit: strategy sampled 5 clients (out of 5)
[36m(ClientAppActor pid=500418)[0m 
[36m(ClientAppActor pid=500418)[0m         
[36m(ClientAppActor pid=500417)[0m 
[36m(ClientAppActor pid=500417)[0m         
[36m(ClientAppActor pid=500451)[0m 
[36m(ClientAppActor pid=500451)[0m         
[36m(ClientAppActor pid=500452)[0m 
[36m(ClientAppActor pid=500452)[0m         
[36m(ClientAppActor pid=500420)[0m 
[36m(ClientAppActor pid=500420)[0m         
[92mINFO [0m:      aggregate_fit: received 5 results and 0 failures
[92mINFO [0m:      fit progress: (5, 3.019580223274231, {'accuracy': 0.6893, 'loss': 3.019580223274231}, 71.50284902699059)
[92mINFO [0m:      configure_evaluate: strategy sampled 5 clients (out of 5)
[36m(ClientAppActor pid=500420)[0m 
[36m(ClientAppActor pid=500420)[0m         
[36m(ClientAppActor pid=500420)[0m [93mWARNING [0m:   DEPRECATED FEATURE: `client_fn` now expects a signature `def client_fn(context: Context)`.The provided `client_fn` has signature: {'cid': <Parameter "cid: str">}. You can import the `Context` like this: `from flwr.app import Context`[32m [repeated 10x across cluster][0m
[36m(ClientAppActor pid=500420)[0m             This is a deprecated feature. It will be removed[32m [repeated 10x across cluster][0m
[36m(ClientAppActor pid=500420)[0m             entirely in future versions of Flower.[32m [repeated 10x across cluster][0m
[36m(ClientAppActor pid=500418)[0m 
[36m(ClientAppActor pid=500418)[0m         
[36m(ClientAppActor pid=500417)[0m 
[36m(ClientAppActor pid=500417)[0m         
[36m(ClientAppActor pid=500451)[0m 
[36m(ClientAppActor pid=500451)[0m         
[36m(ClientAppActor pid=500452)[0m 
[36m(ClientAppActor pid=500452)[0m         
[92mINFO [0m:      aggregate_evaluate: received 5 results and 0 failures
[92mINFO [0m:      
[92mINFO [0m:      [ROUND 6]
[92mINFO [0m:      configure_fit: strategy sampled 5 clients (out of 5)
[36m(ClientAppActor pid=500452)[0m 
[36m(ClientAppActor pid=500452)[0m         
[36m(ClientAppActor pid=500451)[0m 
[36m(ClientAppActor pid=500451)[0m         
[36m(ClientAppActor pid=500417)[0m 
[36m(ClientAppActor pid=500417)[0m         
[36m(ClientAppActor pid=500418)[0m 
[36m(ClientAppActor pid=500418)[0m         
[36m(ClientAppActor pid=500420)[0m 
[36m(ClientAppActor pid=500420)[0m         
[92mINFO [0m:      aggregate_fit: received 5 results and 0 failures
[92mINFO [0m:      fit progress: (6, 3.7521647523880004, {'accuracy': 0.6192, 'loss': 3.7521647523880004}, 85.31401574402116)
[92mINFO [0m:      configure_evaluate: strategy sampled 5 clients (out of 5)
[36m(ClientAppActor pid=500451)[0m 
[36m(ClientAppActor pid=500451)[0m         
[36m(ClientAppActor pid=500451)[0m [93mWARNING [0m:   DEPRECATED FEATURE: `client_fn` now expects a signature `def client_fn(context: Context)`.The provided `client_fn` has signature: {'cid': <Parameter "cid: str">}. You can import the `Context` like this: `from flwr.app import Context`[32m [repeated 10x across cluster][0m
[36m(ClientAppActor pid=500451)[0m             This is a deprecated feature. It will be removed[32m [repeated 10x across cluster][0m
[36m(ClientAppActor pid=500451)[0m             entirely in future versions of Flower.[32m [repeated 10x across cluster][0m
[36m(ClientAppActor pid=500420)[0m 
[36m(ClientAppActor pid=500420)[0m         
[36m(ClientAppActor pid=500452)[0m 
[36m(ClientAppActor pid=500452)[0m         
[36m(ClientAppActor pid=500418)[0m 
[36m(ClientAppActor pid=500418)[0m         
[36m(ClientAppActor pid=500417)[0m 
[36m(ClientAppActor pid=500417)[0m         
[92mINFO [0m:      aggregate_evaluate: received 5 results and 0 failures
[92mINFO [0m:      
[92mINFO [0m:      [ROUND 7]
[92mINFO [0m:      configure_fit: strategy sampled 5 clients (out of 5)
[36m(ClientAppActor pid=500417)[0m 
[36m(ClientAppActor pid=500417)[0m         
[36m(ClientAppActor pid=500418)[0m 
[36m(ClientAppActor pid=500418)[0m         
[36m(ClientAppActor pid=500452)[0m 
[36m(ClientAppActor pid=500452)[0m         
[36m(ClientAppActor pid=500420)[0m 
[36m(ClientAppActor pid=500420)[0m         
[36m(ClientAppActor pid=500451)[0m 
[36m(ClientAppActor pid=500451)[0m         
[92mINFO [0m:      aggregate_fit: received 5 results and 0 failures
[92mINFO [0m:      fit progress: (7, 2.736051092338562, {'accuracy': 0.6231, 'loss': 2.736051092338562}, 99.46001385402633)
[92mINFO [0m:      configure_evaluate: strategy sampled 5 clients (out of 5)
[36m(ClientAppActor pid=500451)[0m 
[36m(ClientAppActor pid=500451)[0m         
[36m(ClientAppActor pid=500451)[0m [93mWARNING [0m:   DEPRECATED FEATURE: `client_fn` now expects a signature `def client_fn(context: Context)`.The provided `client_fn` has signature: {'cid': <Parameter "cid: str">}. You can import the `Context` like this: `from flwr.app import Context`[32m [repeated 10x across cluster][0m
[36m(ClientAppActor pid=500451)[0m             This is a deprecated feature. It will be removed[32m [repeated 10x across cluster][0m
[36m(ClientAppActor pid=500451)[0m             entirely in future versions of Flower.[32m [repeated 10x across cluster][0m
[36m(ClientAppActor pid=500452)[0m 
[36m(ClientAppActor pid=500452)[0m         
[36m(ClientAppActor pid=500420)[0m 
[36m(ClientAppActor pid=500420)[0m         
[36m(ClientAppActor pid=500418)[0m 
[36m(ClientAppActor pid=500418)[0m         
[36m(ClientAppActor pid=500417)[0m 
[36m(ClientAppActor pid=500417)[0m         
[92mINFO [0m:      aggregate_evaluate: received 5 results and 0 failures
[92mINFO [0m:      
[92mINFO [0m:      [ROUND 8]
[92mINFO [0m:      configure_fit: strategy sampled 5 clients (out of 5)
[36m(ClientAppActor pid=500417)[0m 
[36m(ClientAppActor pid=500417)[0m         
[36m(ClientAppActor pid=500418)[0m 
[36m(ClientAppActor pid=500418)[0m         
[36m(ClientAppActor pid=500452)[0m 
[36m(ClientAppActor pid=500452)[0m         
[36m(ClientAppActor pid=500420)[0m 
[36m(ClientAppActor pid=500420)[0m         
[36m(ClientAppActor pid=500451)[0m 
[36m(ClientAppActor pid=500451)[0m         
[92mINFO [0m:      aggregate_fit: received 5 results and 0 failures
[92mINFO [0m:      fit progress: (8, 2.231481044101715, {'accuracy': 0.6382, 'loss': 2.231481044101715}, 113.18384474801132)
[92mINFO [0m:      configure_evaluate: strategy sampled 5 clients (out of 5)
[36m(ClientAppActor pid=500417)[0m 
[36m(ClientAppActor pid=500417)[0m         
[36m(ClientAppActor pid=500417)[0m [93mWARNING [0m:   DEPRECATED FEATURE: `client_fn` now expects a signature `def client_fn(context: Context)`.The provided `client_fn` has signature: {'cid': <Parameter "cid: str">}. You can import the `Context` like this: `from flwr.app import Context`[32m [repeated 10x across cluster][0m
[36m(ClientAppActor pid=500417)[0m             This is a deprecated feature. It will be removed[32m [repeated 10x across cluster][0m
[36m(ClientAppActor pid=500417)[0m             entirely in future versions of Flower.[32m [repeated 10x across cluster][0m
[36m(ClientAppActor pid=500452)[0m 
[36m(ClientAppActor pid=500452)[0m         
[36m(ClientAppActor pid=500451)[0m 
[36m(ClientAppActor pid=500451)[0m         
[36m(ClientAppActor pid=500420)[0m 
[36m(ClientAppActor pid=500420)[0m         
[36m(ClientAppActor pid=500418)[0m 
[36m(ClientAppActor pid=500418)[0m         
[92mINFO [0m:      aggregate_evaluate: received 5 results and 0 failures
[92mINFO [0m:      
[92mINFO [0m:      [ROUND 9]
[92mINFO [0m:      configure_fit: strategy sampled 5 clients (out of 5)
[36m(ClientAppActor pid=500418)[0m 
[36m(ClientAppActor pid=500418)[0m         
[36m(ClientAppActor pid=500420)[0m 
[36m(ClientAppActor pid=500420)[0m         
[36m(ClientAppActor pid=500451)[0m 
[36m(ClientAppActor pid=500451)[0m         
[36m(ClientAppActor pid=500452)[0m 
[36m(ClientAppActor pid=500452)[0m         
[36m(ClientAppActor pid=500417)[0m 
[36m(ClientAppActor pid=500417)[0m         
[92mINFO [0m:      aggregate_fit: received 5 results and 0 failures
[92mINFO [0m:      fit progress: (9, 3.43515860042572, {'accuracy': 0.6492, 'loss': 3.43515860042572}, 127.51003827003296)
[92mINFO [0m:      configure_evaluate: strategy sampled 5 clients (out of 5)
[36m(ClientAppActor pid=500417)[0m 
[36m(ClientAppActor pid=500417)[0m         
[36m(ClientAppActor pid=500417)[0m [93mWARNING [0m:   DEPRECATED FEATURE: `client_fn` now expects a signature `def client_fn(context: Context)`.The provided `client_fn` has signature: {'cid': <Parameter "cid: str">}. You can import the `Context` like this: `from flwr.app import Context`[32m [repeated 10x across cluster][0m
[36m(ClientAppActor pid=500417)[0m             This is a deprecated feature. It will be removed[32m [repeated 10x across cluster][0m
[36m(ClientAppActor pid=500417)[0m             entirely in future versions of Flower.[32m [repeated 10x across cluster][0m
[36m(ClientAppActor pid=500418)[0m 
[36m(ClientAppActor pid=500418)[0m         
[36m(ClientAppActor pid=500420)[0m 
[36m(ClientAppActor pid=500420)[0m         
[36m(ClientAppActor pid=500451)[0m 
[36m(ClientAppActor pid=500451)[0m         
[36m(ClientAppActor pid=500452)[0m 
[36m(ClientAppActor pid=500452)[0m         
[92mINFO [0m:      aggregate_evaluate: received 5 results and 0 failures
[92mINFO [0m:      
[92mINFO [0m:      [ROUND 10]
[92mINFO [0m:      configure_fit: strategy sampled 5 clients (out of 5)
[36m(ClientAppActor pid=500452)[0m 
[36m(ClientAppActor pid=500452)[0m         
[36m(ClientAppActor pid=500451)[0m 
[36m(ClientAppActor pid=500451)[0m         
[36m(ClientAppActor pid=500420)[0m 
[36m(ClientAppActor pid=500420)[0m         
[36m(ClientAppActor pid=500418)[0m 
[36m(ClientAppActor pid=500418)[0m         
[36m(ClientAppActor pid=500417)[0m 
[36m(ClientAppActor pid=500417)[0m         
[92mINFO [0m:      aggregate_fit: received 5 results and 0 failures
[92mINFO [0m:      fit progress: (10, 4.380473163032532, {'accuracy': 0.6832, 'loss': 4.380473163032532}, 141.487127882021)
[92mINFO [0m:      configure_evaluate: strategy sampled 5 clients (out of 5)
[36m(ClientAppActor pid=500418)[0m 
[36m(ClientAppActor pid=500418)[0m         
[36m(ClientAppActor pid=500418)[0m [93mWARNING [0m:   DEPRECATED FEATURE: `client_fn` now expects a signature `def client_fn(context: Context)`.The provided `client_fn` has signature: {'cid': <Parameter "cid: str">}. You can import the `Context` like this: `from flwr.app import Context`[32m [repeated 10x across cluster][0m
[36m(ClientAppActor pid=500418)[0m             This is a deprecated feature. It will be removed[32m [repeated 10x across cluster][0m
[36m(ClientAppActor pid=500418)[0m             entirely in future versions of Flower.[32m [repeated 10x across cluster][0m
[36m(ClientAppActor pid=500451)[0m 
[36m(ClientAppActor pid=500451)[0m         
[36m(ClientAppActor pid=500420)[0m 
[36m(ClientAppActor pid=500420)[0m         
[36m(ClientAppActor pid=500417)[0m 
[36m(ClientAppActor pid=500417)[0m         
[36m(ClientAppActor pid=500452)[0m 
[36m(ClientAppActor pid=500452)[0m         
[92mINFO [0m:      aggregate_evaluate: received 5 results and 0 failures
[92mINFO [0m:      
[92mINFO [0m:      [SUMMARY]
[92mINFO [0m:      Run finished 10 round(s) in 142.41s
[92mINFO [0m:      	History (loss, distributed):
[92mINFO [0m:      		round 1: 2.335298626744399
[92mINFO [0m:      		round 2: 1.9213184114216135
[92mINFO [0m:      		round 3: 10.216352763677797
[92mINFO [0m:      		round 4: 4.616605488430648
[92mINFO [0m:      		round 5: 2.924794090466768
[92mINFO [0m:      		round 6: 3.531479046935318
[92mINFO [0m:      		round 7: 2.511649681585414
[92mINFO [0m:      		round 8: 2.126307182690772
[92mINFO [0m:      		round 9: 3.334732636421764
[92mINFO [0m:      		round 10: 4.1866317356334015
[92mINFO [0m:      	History (loss, centralized):
[92mINFO [0m:      		round 0: 2.303067527770996
[92mINFO [0m:      		round 1: 2.3308823478698733
[92mINFO [0m:      		round 2: 1.9346429069519042
[92mINFO [0m:      		round 3: 10.307843881225587
[92mINFO [0m:      		round 4: 4.764516267395019
[92mINFO [0m:      		round 5: 3.019580223274231
[92mINFO [0m:      		round 6: 3.7521647523880004
[92mINFO [0m:      		round 7: 2.736051092338562
[92mINFO [0m:      		round 8: 2.231481044101715
[92mINFO [0m:      		round 9: 3.43515860042572
[92mINFO [0m:      		round 10: 4.380473163032532
[92mINFO [0m:      	History (metrics, distributed, fit):
[92mINFO [0m:      	{'avg_flops_per_client_round': [(1, 8140624189440.0),
[92mINFO [0m:      	                                (2, 8140624189440.0),
[92mINFO [0m:      	                                (3, 8140624189440.0),
[92mINFO [0m:      	                                (4, 8140624189440.0),
[92mINFO [0m:      	                                (5, 8140624189440.0),
[92mINFO [0m:      	                                (6, 8140624189440.0),
[92mINFO [0m:      	                                (7, 8140624189440.0),
[92mINFO [0m:      	                                (8, 8140624189440.0),
[92mINFO [0m:      	                                (9, 8140624189440.0),
[92mINFO [0m:      	                                (10, 8140624189440.0)],
[92mINFO [0m:      	 'total_flops_round': [(1, 40703120947200),
[92mINFO [0m:      	                       (2, 40703120947200),
[92mINFO [0m:      	                       (3, 40703120947200),
[92mINFO [0m:      	                       (4, 40703120947200),
[92mINFO [0m:      	                       (5, 40703120947200),
[92mINFO [0m:      	                       (6, 40703120947200),
[92mINFO [0m:      	                       (7, 40703120947200),
[92mINFO [0m:      	                       (8, 40703120947200),
[92mINFO [0m:      	                       (9, 40703120947200),
[92mINFO [0m:      	                       (10, 40703120947200)]}
[92mINFO [0m:      	History (metrics, distributed, evaluate):
[92mINFO [0m:      	{'accuracy': [(1, 0.09303721488595439),
[92mINFO [0m:      	              (2, 0.43677470988395356),
[92mINFO [0m:      	              (3, 0.34253701480592236),
[92mINFO [0m:      	              (4, 0.5424169667867147),
[92mINFO [0m:      	              (5, 0.6892757102841136),
[92mINFO [0m:      	              (6, 0.6194477791116446),
[92mINFO [0m:      	              (7, 0.6246498599439776),
[92mINFO [0m:      	              (8, 0.6420568227290916),
[92mINFO [0m:      	              (9, 0.6554621848739496),
[92mINFO [0m:      	              (10, 0.6854741896758704)],
[92mINFO [0m:      	 'loss': [(1, 2.335298626744399),
[92mINFO [0m:      	          (2, 1.9213184114216135),
[92mINFO [0m:      	          (3, 10.216352763677797),
[92mINFO [0m:      	          (4, 4.616605488430648),
[92mINFO [0m:      	          (5, 2.924794090466768),
[92mINFO [0m:      	          (6, 3.531479046935318),
[92mINFO [0m:      	          (7, 2.511649681585414),
[92mINFO [0m:      	          (8, 2.126307182690772),
[92mINFO [0m:      	          (9, 3.334732636421764),
[92mINFO [0m:      	          (10, 4.1866317356334015)]}
[92mINFO [0m:      	History (metrics, centralized):
[92mINFO [0m:      	{'accuracy': [(0, 0.1003),
[92mINFO [0m:      	              (1, 0.1),
[92mINFO [0m:      	              (2, 0.4442),
[92mINFO [0m:      	              (3, 0.3399),
[92mINFO [0m:      	              (4, 0.5468),
[92mINFO [0m:      	              (5, 0.6893),
[92mINFO [0m:      	              (6, 0.6192),
[92mINFO [0m:      	              (7, 0.6231),
[92mINFO [0m:      	              (8, 0.6382),
[92mINFO [0m:      	              (9, 0.6492),
[92mINFO [0m:      	              (10, 0.6832)],
[92mINFO [0m:      	 'loss': [(0, 2.303067527770996),
[92mINFO [0m:      	          (1, 2.3308823478698733),
[92mINFO [0m:      	          (2, 1.9346429069519042),
[92mINFO [0m:      	          (3, 10.307843881225587),
[92mINFO [0m:      	          (4, 4.764516267395019),
[92mINFO [0m:      	          (5, 3.019580223274231),
[92mINFO [0m:      	          (6, 3.7521647523880004),
[92mINFO [0m:      	          (7, 2.736051092338562),
[92mINFO [0m:      	          (8, 2.231481044101715),
[92mINFO [0m:      	          (9, 3.43515860042572),
[92mINFO [0m:      	          (10, 4.380473163032532)]}
[92mINFO [0m:      
Treinando no dispositivo: cuda:0 com o dataset: CIFAR10 | Setup clientes: 5 (num_gpus por cliente=0.2) | SEED=43 | Método: FedAvgM (server_momentum=0.9, server_lr=1.0)
FLOPS por amostra (forward): 6.030e+07 | (forward+backward, 3x): 1.809e+08
Files already downloaded and verified
Files already downloaded and verified
Dividindo o dataset usando a distribuição de Dirichlet com alpha=1.0.
Iniciando a simulação de Aprendizado Federado...
=== Diagnóstico de Medição de GPU ===
  pynvml_disponivel: True
  pynvml_versao: 580.173.02
  gpus_detectadas: 1
  leitura_potencia_ok: True
  potencia_atual_W: 115.725

--- Rodada 0 - Avaliação Centralizada (Servidor) ---
Loss (Servidor): 2.3031 | Acurácia (Servidor): 0.1003

--- Rodada 1 - Avaliação Centralizada (Servidor) ---
Loss (Servidor): 2.3309 | Acurácia (Servidor): 0.1000
--- Avaliação Agregada (Clientes) ---
Loss Média (Clientes): 2.3353 | Acurácia Média (Clientes): 0.0930

--- Rodada 2 - Avaliação Centralizada (Servidor) ---
Loss (Servidor): 1.9346 | Acurácia (Servidor): 0.4442
--- Avaliação Agregada (Clientes) ---
Loss Média (Clientes): 1.9213 | Acurácia Média (Clientes): 0.4368

--- Rodada 3 - Avaliação Centralizada (Servidor) ---
Loss (Servidor): 10.3078 | Acurácia (Servidor): 0.3399
--- Avaliação Agregada (Clientes) ---
Loss Média (Clientes): 10.2164 | Acurácia Média (Clientes): 0.3425

--- Rodada 4 - Avaliação Centralizada (Servidor) ---
Loss (Servidor): 4.7645 | Acurácia (Servidor): 0.5468
--- Avaliação Agregada (Clientes) ---
Loss Média (Clientes): 4.6166 | Acurácia Média (Clientes): 0.5424

--- Rodada 5 - Avaliação Centralizada (Servidor) ---
Loss (Servidor): 3.0196 | Acurácia (Servidor): 0.6893
--- Avaliação Agregada (Clientes) ---
Loss Média (Clientes): 2.9248 | Acurácia Média (Clientes): 0.6893

--- Rodada 6 - Avaliação Centralizada (Servidor) ---
Loss (Servidor): 3.7522 | Acurácia (Servidor): 0.6192
--- Avaliação Agregada (Clientes) ---
Loss Média (Clientes): 3.5315 | Acurácia Média (Clientes): 0.6194

--- Rodada 7 - Avaliação Centralizada (Servidor) ---
Loss (Servidor): 2.7361 | Acurácia (Servidor): 0.6231
--- Avaliação Agregada (Clientes) ---
Loss Média (Clientes): 2.5116 | Acurácia Média (Clientes): 0.6246

--- Rodada 8 - Avaliação Centralizada (Servidor) ---
Loss (Servidor): 2.2315 | Acurácia (Servidor): 0.6382
--- Avaliação Agregada (Clientes) ---
Loss Média (Clientes): 2.1263 | Acurácia Média (Clientes): 0.6421

--- Rodada 9 - Avaliação Centralizada (Servidor) ---
Loss (Servidor): 3.4352 | Acurácia (Servidor): 0.6492
--- Avaliação Agregada (Clientes) ---
Loss Média (Clientes): 3.3347 | Acurácia Média (Clientes): 0.6555

--- Rodada 10 - Avaliação Centralizada (Servidor) ---
Loss (Servidor): 4.3805 | Acurácia (Servidor): 0.6832
--- Avaliação Agregada (Clientes) ---
Loss Média (Clientes): 4.1866 | Acurácia Média (Clientes): 0.6855

Resultados salvos em: /home/tiago/GitHubProjects/fedhad-thesis-2/FedAvgM-results/1.1_diagnostico_drift/CIFAR10/FedAvgM__CIFAR10__Setup-5__Clients-5__Rounds-10__Delay-0_05__Alpha-1_0__Seed-43.txt
[36m(ClientAppActor pid=500452)[0m [93mWARNING [0m:   DEPRECATED FEATURE: `client_fn` now expects a signature `def client_fn(context: Context)`.The provided `client_fn` has signature: {'cid': <Parameter "cid: str">}. You can import the `Context` like this: `from flwr.app import Context`[32m [repeated 4x across cluster][0m
[36m(ClientAppActor pid=500452)[0m             This is a deprecated feature. It will be removed[32m [repeated 4x across cluster][0m
[36m(ClientAppActor pid=500452)[0m             entirely in future versions of Flower.[32m [repeated 4x across cluster][0m
