[codecarbon WARNING @ 13:11:38] Multiple instances of codecarbon are allowed to run at the same time.
[93mWARNING [0m:   DEPRECATED FEATURE: flwr.simulation.start_simulation() is deprecated.
	Instead, use the `flwr run` CLI command to start a local simulation in your Flower app, as shown for example below:

		$ flwr new  # Create a new Flower app from a template

		$ flwr run  # Run the Flower app in Simulation Mode

	Using `start_simulation()` is deprecated.

            This is a deprecated feature. It will be removed
            entirely in future versions of Flower.
        
[92mINFO [0m:      Starting Flower simulation, config: num_rounds=10, no round_timeout
2026-09-04 13:11:46,943	INFO worker.py:2012 -- Started a local Ray instance.
/home/tiago/GitHubProjects/fedhad-thesis-2/env_flwr_pt/lib/python3.12/site-packages/ray/_private/worker.py:2051: FutureWarning: Tip: In future versions of Ray, Ray will no longer override accelerator visible devices env var if num_gpus=0 or num_gpus=None (default). To enable this behavior and turn off this error message, set RAY_ACCEL_ENV_VAR_OVERRIDE_ON_ZERO=0
  warnings.warn(
[92mINFO [0m:      Flower VCE: Ray initialized with resources: {'GPU': 1.0, 'object_store_memory': 77748776140.0, 'node:10.129.64.100': 1.0, 'accelerator_type:A40': 1.0, 'CPU': 64.0, 'node:__internal_head__': 1.0, 'memory': 181413810996.0}
[92mINFO [0m:      Optimize your simulation with Flower VCE: https://flower.ai/docs/framework/how-to-run-simulations.html
/home/tiago/GitHubProjects/fedhad-thesis-2/FedAvgM_Final.py:1669: UserWarning: No `num_cpus` specified in `client_resources`. Using `num_cpus=1` for each client.
  history = fl.simulation.start_simulation(
[92mINFO [0m:      Flower VCE: Resources for each Virtual Client: {'num_gpus': 0.2, 'num_cpus': 1}
[92mINFO [0m:      Flower VCE: Creating VirtualClientEngineActorPool with 5 actors
[92mINFO [0m:      [INIT]
[92mINFO [0m:      Using initial global parameters provided by strategy
[92mINFO [0m:      Starting evaluation of initial global parameters
[92mINFO [0m:      initial parameters (loss, other metrics): 2.3033320701599123, {'accuracy': 0.1, 'loss': 2.3033320701599123}
[92mINFO [0m:      
[92mINFO [0m:      [ROUND 1]
[92mINFO [0m:      configure_fit: strategy sampled 5 clients (out of 5)
[36m(ClientAppActor pid=545018)[0m [93mWARNING [0m:   DEPRECATED FEATURE: `client_fn` now expects a signature `def client_fn(context: Context)`.The provided `client_fn` has signature: {'cid': <Parameter "cid: str">}. You can import the `Context` like this: `from flwr.app import Context`
[36m(ClientAppActor pid=545018)[0m 
[36m(ClientAppActor pid=545018)[0m             This is a deprecated feature. It will be removed
[36m(ClientAppActor pid=545018)[0m             entirely in future versions of Flower.
[36m(ClientAppActor pid=545018)[0m         
[36m(ClientAppActor pid=545017)[0m 
[36m(ClientAppActor pid=545017)[0m         
[36m(ClientAppActor pid=544983)[0m 
[36m(ClientAppActor pid=544983)[0m         
[36m(ClientAppActor pid=544984)[0m 
[36m(ClientAppActor pid=544984)[0m         
[36m(ClientAppActor pid=544986)[0m 
[36m(ClientAppActor pid=544986)[0m         
[92mINFO [0m:      aggregate_fit: received 5 results and 0 failures
[92mINFO [0m:      fit progress: (1, 2.274120471572876, {'accuracy': 0.1266, 'loss': 2.274120471572876}, 15.010068101983052)
[92mINFO [0m:      configure_evaluate: strategy sampled 5 clients (out of 5)
[36m(ClientAppActor pid=544984)[0m 
[36m(ClientAppActor pid=544984)[0m         
[36m(ClientAppActor pid=544984)[0m [93mWARNING [0m:   DEPRECATED FEATURE: `client_fn` now expects a signature `def client_fn(context: Context)`.The provided `client_fn` has signature: {'cid': <Parameter "cid: str">}. You can import the `Context` like this: `from flwr.app import Context`[32m [repeated 5x across cluster] (Ray deduplicates logs by default. Set RAY_DEDUP_LOGS=0 to disable log deduplication, or see https://docs.ray.io/en/master/ray-observability/user-guides/configure-logging.html#log-deduplication for more options.)[0m
[36m(ClientAppActor pid=544984)[0m             This is a deprecated feature. It will be removed[32m [repeated 5x across cluster][0m
[36m(ClientAppActor pid=544984)[0m             entirely in future versions of Flower.[32m [repeated 5x across cluster][0m
[36m(ClientAppActor pid=545017)[0m 
[36m(ClientAppActor pid=545017)[0m         
[36m(ClientAppActor pid=545018)[0m 
[36m(ClientAppActor pid=545018)[0m         
[36m(ClientAppActor pid=544986)[0m 
[36m(ClientAppActor pid=544986)[0m         
[36m(ClientAppActor pid=544983)[0m 
[36m(ClientAppActor pid=544983)[0m         
[92mINFO [0m:      aggregate_evaluate: received 5 results and 0 failures
[92mINFO [0m:      
[92mINFO [0m:      [ROUND 2]
[92mINFO [0m:      configure_fit: strategy sampled 5 clients (out of 5)
[36m(ClientAppActor pid=544983)[0m 
[36m(ClientAppActor pid=544983)[0m         
[36m(ClientAppActor pid=544986)[0m 
[36m(ClientAppActor pid=544986)[0m         
[36m(ClientAppActor pid=545018)[0m 
[36m(ClientAppActor pid=545018)[0m         
[36m(ClientAppActor pid=545017)[0m 
[36m(ClientAppActor pid=545017)[0m         
[36m(ClientAppActor pid=544984)[0m 
[36m(ClientAppActor pid=544984)[0m         
[92mINFO [0m:      aggregate_fit: received 5 results and 0 failures
[92mINFO [0m:      fit progress: (2, 2.052413139152527, {'accuracy': 0.3644, 'loss': 2.052413139152527}, 28.529186711006332)
[92mINFO [0m:      configure_evaluate: strategy sampled 5 clients (out of 5)
[36m(ClientAppActor pid=545017)[0m 
[36m(ClientAppActor pid=545017)[0m         
[36m(ClientAppActor pid=545017)[0m [93mWARNING [0m:   DEPRECATED FEATURE: `client_fn` now expects a signature `def client_fn(context: Context)`.The provided `client_fn` has signature: {'cid': <Parameter "cid: str">}. You can import the `Context` like this: `from flwr.app import Context`[32m [repeated 10x across cluster][0m
[36m(ClientAppActor pid=545017)[0m             This is a deprecated feature. It will be removed[32m [repeated 10x across cluster][0m
[36m(ClientAppActor pid=545017)[0m             entirely in future versions of Flower.[32m [repeated 10x across cluster][0m
[36m(ClientAppActor pid=545018)[0m 
[36m(ClientAppActor pid=545018)[0m         
[36m(ClientAppActor pid=544984)[0m 
[36m(ClientAppActor pid=544984)[0m         
[36m(ClientAppActor pid=544986)[0m 
[36m(ClientAppActor pid=544986)[0m         
[36m(ClientAppActor pid=544983)[0m 
[36m(ClientAppActor pid=544983)[0m         
[92mINFO [0m:      aggregate_evaluate: received 5 results and 0 failures
[92mINFO [0m:      
[92mINFO [0m:      [ROUND 3]
[92mINFO [0m:      configure_fit: strategy sampled 5 clients (out of 5)
[36m(ClientAppActor pid=544983)[0m 
[36m(ClientAppActor pid=544983)[0m         
[36m(ClientAppActor pid=544986)[0m 
[36m(ClientAppActor pid=544986)[0m         
[36m(ClientAppActor pid=544984)[0m 
[36m(ClientAppActor pid=544984)[0m         
[36m(ClientAppActor pid=545018)[0m 
[36m(ClientAppActor pid=545018)[0m         
[36m(ClientAppActor pid=545017)[0m 
[36m(ClientAppActor pid=545017)[0m         
[92mINFO [0m:      aggregate_fit: received 5 results and 0 failures
[92mINFO [0m:      fit progress: (3, 5.536282290649414, {'accuracy': 0.4789, 'loss': 5.536282290649414}, 41.85465365299024)
[92mINFO [0m:      configure_evaluate: strategy sampled 5 clients (out of 5)
[36m(ClientAppActor pid=544983)[0m 
[36m(ClientAppActor pid=544983)[0m         
[36m(ClientAppActor pid=544983)[0m [93mWARNING [0m:   DEPRECATED FEATURE: `client_fn` now expects a signature `def client_fn(context: Context)`.The provided `client_fn` has signature: {'cid': <Parameter "cid: str">}. You can import the `Context` like this: `from flwr.app import Context`[32m [repeated 10x across cluster][0m
[36m(ClientAppActor pid=544983)[0m             This is a deprecated feature. It will be removed[32m [repeated 10x across cluster][0m
[36m(ClientAppActor pid=544983)[0m             entirely in future versions of Flower.[32m [repeated 10x across cluster][0m
[36m(ClientAppActor pid=545017)[0m 
[36m(ClientAppActor pid=545017)[0m         
[36m(ClientAppActor pid=544986)[0m 
[36m(ClientAppActor pid=544986)[0m         
[36m(ClientAppActor pid=545018)[0m 
[36m(ClientAppActor pid=545018)[0m         
[36m(ClientAppActor pid=544984)[0m 
[36m(ClientAppActor pid=544984)[0m         
[92mINFO [0m:      aggregate_evaluate: received 5 results and 0 failures
[92mINFO [0m:      
[92mINFO [0m:      [ROUND 4]
[92mINFO [0m:      configure_fit: strategy sampled 5 clients (out of 5)
[36m(ClientAppActor pid=544984)[0m 
[36m(ClientAppActor pid=544984)[0m         
[36m(ClientAppActor pid=545018)[0m 
[36m(ClientAppActor pid=545018)[0m         
[36m(ClientAppActor pid=544986)[0m 
[36m(ClientAppActor pid=544986)[0m         
[36m(ClientAppActor pid=545017)[0m 
[36m(ClientAppActor pid=545017)[0m         
[36m(ClientAppActor pid=544983)[0m 
[36m(ClientAppActor pid=544983)[0m         
[92mINFO [0m:      aggregate_fit: received 5 results and 0 failures
[92mINFO [0m:      fit progress: (4, 3.901867667770386, {'accuracy': 0.5656, 'loss': 3.901867667770386}, 55.013781465997454)
[92mINFO [0m:      configure_evaluate: strategy sampled 5 clients (out of 5)
[36m(ClientAppActor pid=545018)[0m 
[36m(ClientAppActor pid=545018)[0m         
[36m(ClientAppActor pid=545018)[0m [93mWARNING [0m:   DEPRECATED FEATURE: `client_fn` now expects a signature `def client_fn(context: Context)`.The provided `client_fn` has signature: {'cid': <Parameter "cid: str">}. You can import the `Context` like this: `from flwr.app import Context`[32m [repeated 10x across cluster][0m
[36m(ClientAppActor pid=545018)[0m             This is a deprecated feature. It will be removed[32m [repeated 10x across cluster][0m
[36m(ClientAppActor pid=545018)[0m             entirely in future versions of Flower.[32m [repeated 10x across cluster][0m
[36m(ClientAppActor pid=545017)[0m 
[36m(ClientAppActor pid=545017)[0m         
[36m(ClientAppActor pid=544983)[0m 
[36m(ClientAppActor pid=544983)[0m         
[36m(ClientAppActor pid=544986)[0m 
[36m(ClientAppActor pid=544986)[0m         
[36m(ClientAppActor pid=544984)[0m 
[36m(ClientAppActor pid=544984)[0m         
[92mINFO [0m:      aggregate_evaluate: received 5 results and 0 failures
[92mINFO [0m:      
[92mINFO [0m:      [ROUND 5]
[92mINFO [0m:      configure_fit: strategy sampled 5 clients (out of 5)
[36m(ClientAppActor pid=544984)[0m 
[36m(ClientAppActor pid=544984)[0m         
[36m(ClientAppActor pid=544986)[0m 
[36m(ClientAppActor pid=544986)[0m         
[36m(ClientAppActor pid=544983)[0m 
[36m(ClientAppActor pid=544983)[0m         
[36m(ClientAppActor pid=545017)[0m 
[36m(ClientAppActor pid=545017)[0m         
[36m(ClientAppActor pid=545018)[0m 
[36m(ClientAppActor pid=545018)[0m         
[92mINFO [0m:      aggregate_fit: received 5 results and 0 failures
[92mINFO [0m:      fit progress: (5, 3.3292947673797606, {'accuracy': 0.6589, 'loss': 3.3292947673797606}, 68.45235550397774)
[92mINFO [0m:      configure_evaluate: strategy sampled 5 clients (out of 5)
[36m(ClientAppActor pid=544983)[0m 
[36m(ClientAppActor pid=544983)[0m         
[36m(ClientAppActor pid=544983)[0m [93mWARNING [0m:   DEPRECATED FEATURE: `client_fn` now expects a signature `def client_fn(context: Context)`.The provided `client_fn` has signature: {'cid': <Parameter "cid: str">}. You can import the `Context` like this: `from flwr.app import Context`[32m [repeated 10x across cluster][0m
[36m(ClientAppActor pid=544983)[0m             This is a deprecated feature. It will be removed[32m [repeated 10x across cluster][0m
[36m(ClientAppActor pid=544983)[0m             entirely in future versions of Flower.[32m [repeated 10x across cluster][0m
[36m(ClientAppActor pid=545017)[0m 
[36m(ClientAppActor pid=545017)[0m         
[36m(ClientAppActor pid=544984)[0m 
[36m(ClientAppActor pid=544984)[0m         
[36m(ClientAppActor pid=545018)[0m 
[36m(ClientAppActor pid=545018)[0m         
[36m(ClientAppActor pid=544986)[0m 
[36m(ClientAppActor pid=544986)[0m         
[92mINFO [0m:      aggregate_evaluate: received 5 results and 0 failures
[92mINFO [0m:      
[92mINFO [0m:      [ROUND 6]
[92mINFO [0m:      configure_fit: strategy sampled 5 clients (out of 5)
[36m(ClientAppActor pid=544986)[0m 
[36m(ClientAppActor pid=544986)[0m         
[36m(ClientAppActor pid=545018)[0m 
[36m(ClientAppActor pid=545018)[0m         
[36m(ClientAppActor pid=544984)[0m 
[36m(ClientAppActor pid=544984)[0m         
[36m(ClientAppActor pid=545017)[0m 
[36m(ClientAppActor pid=545017)[0m         
[36m(ClientAppActor pid=544983)[0m 
[36m(ClientAppActor pid=544983)[0m         
[92mINFO [0m:      aggregate_fit: received 5 results and 0 failures
[92mINFO [0m:      fit progress: (6, 2.904703353881836, {'accuracy': 0.6928, 'loss': 2.904703353881836}, 82.05071867199149)
[92mINFO [0m:      configure_evaluate: strategy sampled 5 clients (out of 5)
[36m(ClientAppActor pid=544983)[0m 
[36m(ClientAppActor pid=544983)[0m         
[36m(ClientAppActor pid=544983)[0m [93mWARNING [0m:   DEPRECATED FEATURE: `client_fn` now expects a signature `def client_fn(context: Context)`.The provided `client_fn` has signature: {'cid': <Parameter "cid: str">}. You can import the `Context` like this: `from flwr.app import Context`[32m [repeated 10x across cluster][0m
[36m(ClientAppActor pid=544983)[0m             This is a deprecated feature. It will be removed[32m [repeated 10x across cluster][0m
[36m(ClientAppActor pid=544983)[0m             entirely in future versions of Flower.[32m [repeated 10x across cluster][0m
[36m(ClientAppActor pid=545018)[0m 
[36m(ClientAppActor pid=545018)[0m         
[36m(ClientAppActor pid=545017)[0m 
[36m(ClientAppActor pid=545017)[0m         
[36m(ClientAppActor pid=544983)[0m 
[36m(ClientAppActor pid=544983)[0m         
[36m(ClientAppActor pid=544984)[0m 
[36m(ClientAppActor pid=544984)[0m         
[92mINFO [0m:      aggregate_evaluate: received 5 results and 0 failures
[92mINFO [0m:      
[92mINFO [0m:      [ROUND 7]
[92mINFO [0m:      configure_fit: strategy sampled 5 clients (out of 5)
[36m(ClientAppActor pid=544984)[0m 
[36m(ClientAppActor pid=544984)[0m         
[36m(ClientAppActor pid=544983)[0m 
[36m(ClientAppActor pid=544983)[0m         
[36m(ClientAppActor pid=545017)[0m 
[36m(ClientAppActor pid=545017)[0m         
[36m(ClientAppActor pid=545018)[0m 
[36m(ClientAppActor pid=545018)[0m         
[36m(ClientAppActor pid=544986)[0m 
[36m(ClientAppActor pid=544986)[0m         
[92mINFO [0m:      aggregate_fit: received 5 results and 0 failures
[92mINFO [0m:      fit progress: (7, 2.3335537099838257, {'accuracy': 0.684, 'loss': 2.3335537099838257}, 95.39787098398665)
[92mINFO [0m:      configure_evaluate: strategy sampled 5 clients (out of 5)
[36m(ClientAppActor pid=545018)[0m 
[36m(ClientAppActor pid=545018)[0m         
[36m(ClientAppActor pid=545018)[0m [93mWARNING [0m:   DEPRECATED FEATURE: `client_fn` now expects a signature `def client_fn(context: Context)`.The provided `client_fn` has signature: {'cid': <Parameter "cid: str">}. You can import the `Context` like this: `from flwr.app import Context`[32m [repeated 10x across cluster][0m
[36m(ClientAppActor pid=545018)[0m             This is a deprecated feature. It will be removed[32m [repeated 10x across cluster][0m
[36m(ClientAppActor pid=545018)[0m             entirely in future versions of Flower.[32m [repeated 10x across cluster][0m
[36m(ClientAppActor pid=544983)[0m 
[36m(ClientAppActor pid=544983)[0m         
[36m(ClientAppActor pid=544986)[0m 
[36m(ClientAppActor pid=544986)[0m         
[36m(ClientAppActor pid=545017)[0m 
[36m(ClientAppActor pid=545017)[0m         
[36m(ClientAppActor pid=544984)[0m 
[36m(ClientAppActor pid=544984)[0m         
[92mINFO [0m:      aggregate_evaluate: received 5 results and 0 failures
[92mINFO [0m:      
[92mINFO [0m:      [ROUND 8]
[92mINFO [0m:      configure_fit: strategy sampled 5 clients (out of 5)
[36m(ClientAppActor pid=544984)[0m 
[36m(ClientAppActor pid=544984)[0m         
[36m(ClientAppActor pid=545017)[0m 
[36m(ClientAppActor pid=545017)[0m         
[36m(ClientAppActor pid=544983)[0m 
[36m(ClientAppActor pid=544983)[0m         
[36m(ClientAppActor pid=544986)[0m 
[36m(ClientAppActor pid=544986)[0m         
[36m(ClientAppActor pid=545018)[0m 
[36m(ClientAppActor pid=545018)[0m         
[92mINFO [0m:      aggregate_fit: received 5 results and 0 failures
[92mINFO [0m:      fit progress: (8, 2.5472690981864927, {'accuracy': 0.6579, 'loss': 2.5472690981864927}, 109.05400345200906)
[92mINFO [0m:      configure_evaluate: strategy sampled 5 clients (out of 5)
[36m(ClientAppActor pid=545018)[0m 
[36m(ClientAppActor pid=545018)[0m         
[36m(ClientAppActor pid=545018)[0m [93mWARNING [0m:   DEPRECATED FEATURE: `client_fn` now expects a signature `def client_fn(context: Context)`.The provided `client_fn` has signature: {'cid': <Parameter "cid: str">}. You can import the `Context` like this: `from flwr.app import Context`[32m [repeated 10x across cluster][0m
[36m(ClientAppActor pid=545018)[0m             This is a deprecated feature. It will be removed[32m [repeated 10x across cluster][0m
[36m(ClientAppActor pid=545018)[0m             entirely in future versions of Flower.[32m [repeated 10x across cluster][0m
[36m(ClientAppActor pid=544983)[0m 
[36m(ClientAppActor pid=544983)[0m         
[36m(ClientAppActor pid=544984)[0m 
[36m(ClientAppActor pid=544984)[0m         
[36m(ClientAppActor pid=544986)[0m 
[36m(ClientAppActor pid=544986)[0m         
[36m(ClientAppActor pid=545017)[0m 
[36m(ClientAppActor pid=545017)[0m         
[92mINFO [0m:      aggregate_evaluate: received 5 results and 0 failures
[92mINFO [0m:      
[92mINFO [0m:      [ROUND 9]
[92mINFO [0m:      configure_fit: strategy sampled 5 clients (out of 5)
[36m(ClientAppActor pid=545017)[0m 
[36m(ClientAppActor pid=545017)[0m         
[36m(ClientAppActor pid=544986)[0m 
[36m(ClientAppActor pid=544986)[0m         
[36m(ClientAppActor pid=544984)[0m 
[36m(ClientAppActor pid=544984)[0m         
[36m(ClientAppActor pid=544983)[0m 
[36m(ClientAppActor pid=544983)[0m         
[36m(ClientAppActor pid=545018)[0m 
[36m(ClientAppActor pid=545018)[0m         
[92mINFO [0m:      aggregate_fit: received 5 results and 0 failures
[92mINFO [0m:      fit progress: (9, 2.8349339687347412, {'accuracy': 0.6883, 'loss': 2.8349339687347412}, 122.47093840001617)
[92mINFO [0m:      configure_evaluate: strategy sampled 5 clients (out of 5)
[36m(ClientAppActor pid=544984)[0m 
[36m(ClientAppActor pid=544984)[0m         
[36m(ClientAppActor pid=544984)[0m [93mWARNING [0m:   DEPRECATED FEATURE: `client_fn` now expects a signature `def client_fn(context: Context)`.The provided `client_fn` has signature: {'cid': <Parameter "cid: str">}. You can import the `Context` like this: `from flwr.app import Context`[32m [repeated 10x across cluster][0m
[36m(ClientAppActor pid=544984)[0m             This is a deprecated feature. It will be removed[32m [repeated 10x across cluster][0m
[36m(ClientAppActor pid=544984)[0m             entirely in future versions of Flower.[32m [repeated 10x across cluster][0m
[36m(ClientAppActor pid=544986)[0m 
[36m(ClientAppActor pid=544986)[0m         
[36m(ClientAppActor pid=544983)[0m 
[36m(ClientAppActor pid=544983)[0m         
[36m(ClientAppActor pid=545018)[0m 
[36m(ClientAppActor pid=545018)[0m         
[36m(ClientAppActor pid=545017)[0m 
[36m(ClientAppActor pid=545017)[0m         
[92mINFO [0m:      aggregate_evaluate: received 5 results and 0 failures
[92mINFO [0m:      
[92mINFO [0m:      [ROUND 10]
[92mINFO [0m:      configure_fit: strategy sampled 5 clients (out of 5)
[36m(ClientAppActor pid=545017)[0m 
[36m(ClientAppActor pid=545017)[0m         
[36m(ClientAppActor pid=545018)[0m 
[36m(ClientAppActor pid=545018)[0m         
[36m(ClientAppActor pid=544986)[0m 
[36m(ClientAppActor pid=544986)[0m         
[36m(ClientAppActor pid=544983)[0m 
[36m(ClientAppActor pid=544983)[0m         
[36m(ClientAppActor pid=544984)[0m 
[36m(ClientAppActor pid=544984)[0m         
[92mINFO [0m:      aggregate_fit: received 5 results and 0 failures
[92mINFO [0m:      fit progress: (10, 3.5396268371105193, {'accuracy': 0.7031, 'loss': 3.5396268371105193}, 136.00715555198258)
[92mINFO [0m:      configure_evaluate: strategy sampled 5 clients (out of 5)
[36m(ClientAppActor pid=544984)[0m 
[36m(ClientAppActor pid=544984)[0m         
[36m(ClientAppActor pid=544984)[0m [93mWARNING [0m:   DEPRECATED FEATURE: `client_fn` now expects a signature `def client_fn(context: Context)`.The provided `client_fn` has signature: {'cid': <Parameter "cid: str">}. You can import the `Context` like this: `from flwr.app import Context`[32m [repeated 10x across cluster][0m
[36m(ClientAppActor pid=544984)[0m             This is a deprecated feature. It will be removed[32m [repeated 10x across cluster][0m
[36m(ClientAppActor pid=544984)[0m             entirely in future versions of Flower.[32m [repeated 10x across cluster][0m
[36m(ClientAppActor pid=545018)[0m 
[36m(ClientAppActor pid=545018)[0m         
[36m(ClientAppActor pid=544983)[0m 
[36m(ClientAppActor pid=544983)[0m         
[36m(ClientAppActor pid=544986)[0m 
[36m(ClientAppActor pid=544986)[0m         
[36m(ClientAppActor pid=545017)[0m 
[36m(ClientAppActor pid=545017)[0m         
[92mINFO [0m:      aggregate_evaluate: received 5 results and 0 failures
[92mINFO [0m:      
[92mINFO [0m:      [SUMMARY]
[92mINFO [0m:      Run finished 10 round(s) in 136.83s
[92mINFO [0m:      	History (loss, distributed):
[92mINFO [0m:      		round 1: 2.2777818283971762
[92mINFO [0m:      		round 2: 2.1150847978475524
[92mINFO [0m:      		round 3: 5.864823315514713
[92mINFO [0m:      		round 4: 3.7566938457034884
[92mINFO [0m:      		round 5: 3.275775485155152
[92mINFO [0m:      		round 6: 2.8953320836486602
[92mINFO [0m:      		round 7: 2.4134650223252296
[92mINFO [0m:      		round 8: 2.6748834041034093
[92mINFO [0m:      		round 9: 2.9233329160159087
[92mINFO [0m:      		round 10: 3.6628731198194457
[92mINFO [0m:      	History (loss, centralized):
[92mINFO [0m:      		round 0: 2.3033320701599123
[92mINFO [0m:      		round 1: 2.274120471572876
[92mINFO [0m:      		round 2: 2.052413139152527
[92mINFO [0m:      		round 3: 5.536282290649414
[92mINFO [0m:      		round 4: 3.901867667770386
[92mINFO [0m:      		round 5: 3.3292947673797606
[92mINFO [0m:      		round 6: 2.904703353881836
[92mINFO [0m:      		round 7: 2.3335537099838257
[92mINFO [0m:      		round 8: 2.5472690981864927
[92mINFO [0m:      		round 9: 2.8349339687347412
[92mINFO [0m:      		round 10: 3.5396268371105193
[92mINFO [0m:      	History (metrics, distributed, fit):
[92mINFO [0m:      	{'avg_flops_per_client_round': [(1, 8140624189440.0),
[92mINFO [0m:      	                                (2, 8140624189440.0),
[92mINFO [0m:      	                                (3, 8140624189440.0),
[92mINFO [0m:      	                                (4, 8140624189440.0),
[92mINFO [0m:      	                                (5, 8140624189440.0),
[92mINFO [0m:      	                                (6, 8140624189440.0),
[92mINFO [0m:      	                                (7, 8140624189440.0),
[92mINFO [0m:      	                                (8, 8140624189440.0),
[92mINFO [0m:      	                                (9, 8140624189440.0),
[92mINFO [0m:      	                                (10, 8140624189440.0)],
[92mINFO [0m:      	 'total_flops_round': [(1, 40703120947200),
[92mINFO [0m:      	                       (2, 40703120947200),
[92mINFO [0m:      	                       (3, 40703120947200),
[92mINFO [0m:      	                       (4, 40703120947200),
[92mINFO [0m:      	                       (5, 40703120947200),
[92mINFO [0m:      	                       (6, 40703120947200),
[92mINFO [0m:      	                       (7, 40703120947200),
[92mINFO [0m:      	                       (8, 40703120947200),
[92mINFO [0m:      	                       (9, 40703120947200),
[92mINFO [0m:      	                       (10, 40703120947200)]}
[92mINFO [0m:      	History (metrics, distributed, evaluate):
[92mINFO [0m:      	{'accuracy': [(1, 0.13465386154461784),
[92mINFO [0m:      	              (2, 0.3591436574629852),
[92mINFO [0m:      	              (3, 0.47118847539015607),
[92mINFO [0m:      	              (4, 0.5672268907563025),
[92mINFO [0m:      	              (5, 0.6644657863145258),
[92mINFO [0m:      	              (6, 0.6924769907963185),
[92mINFO [0m:      	              (7, 0.6708683473389355),
[92mINFO [0m:      	              (8, 0.6440576230492197),
[92mINFO [0m:      	              (9, 0.6900760304121649),
[92mINFO [0m:      	              (10, 0.7068827531012405)],
[92mINFO [0m:      	 'loss': [(1, 2.2777818283971762),
[92mINFO [0m:      	          (2, 2.1150847978475524),
[92mINFO [0m:      	          (3, 5.864823315514713),
[92mINFO [0m:      	          (4, 3.7566938457034884),
[92mINFO [0m:      	          (5, 3.275775485155152),
[92mINFO [0m:      	          (6, 2.8953320836486602),
[92mINFO [0m:      	          (7, 2.4134650223252296),
[92mINFO [0m:      	          (8, 2.6748834041034093),
[92mINFO [0m:      	          (9, 2.9233329160159087),
[92mINFO [0m:      	          (10, 3.6628731198194457)]}
[92mINFO [0m:      	History (metrics, centralized):
[92mINFO [0m:      	{'accuracy': [(0, 0.1),
[92mINFO [0m:      	              (1, 0.1266),
[92mINFO [0m:      	              (2, 0.3644),
[92mINFO [0m:      	              (3, 0.4789),
[92mINFO [0m:      	              (4, 0.5656),
[92mINFO [0m:      	              (5, 0.6589),
[92mINFO [0m:      	              (6, 0.6928),
[92mINFO [0m:      	              (7, 0.684),
[92mINFO [0m:      	              (8, 0.6579),
[92mINFO [0m:      	              (9, 0.6883),
[92mINFO [0m:      	              (10, 0.7031)],
[92mINFO [0m:      	 'loss': [(0, 2.3033320701599123),
[92mINFO [0m:      	          (1, 2.274120471572876),
[92mINFO [0m:      	          (2, 2.052413139152527),
[92mINFO [0m:      	          (3, 5.536282290649414),
[92mINFO [0m:      	          (4, 3.901867667770386),
[92mINFO [0m:      	          (5, 3.3292947673797606),
[92mINFO [0m:      	          (6, 2.904703353881836),
[92mINFO [0m:      	          (7, 2.3335537099838257),
[92mINFO [0m:      	          (8, 2.5472690981864927),
[92mINFO [0m:      	          (9, 2.8349339687347412),
[92mINFO [0m:      	          (10, 3.5396268371105193)]}
[92mINFO [0m:      
Treinando no dispositivo: cuda:0 com o dataset: CIFAR10 | Setup clientes: 5 (num_gpus por cliente=0.2) | SEED=49 | Método: FedAvgM (server_momentum=0.9, server_lr=1.0)
FLOPS por amostra (forward): 6.030e+07 | (forward+backward, 3x): 1.809e+08
Files already downloaded and verified
Files already downloaded and verified
Dividindo o dataset usando a distribuição de Dirichlet com alpha=1.0.
Iniciando a simulação de Aprendizado Federado...
=== Diagnóstico de Medição de GPU ===
  pynvml_disponivel: True
  pynvml_versao: 580.173.02
  gpus_detectadas: 1
  leitura_potencia_ok: True
  potencia_atual_W: 116.211

--- Rodada 0 - Avaliação Centralizada (Servidor) ---
Loss (Servidor): 2.3033 | Acurácia (Servidor): 0.1000

--- Rodada 1 - Avaliação Centralizada (Servidor) ---
Loss (Servidor): 2.2741 | Acurácia (Servidor): 0.1266
--- Avaliação Agregada (Clientes) ---
Loss Média (Clientes): 2.2778 | Acurácia Média (Clientes): 0.1347

--- Rodada 2 - Avaliação Centralizada (Servidor) ---
Loss (Servidor): 2.0524 | Acurácia (Servidor): 0.3644
--- Avaliação Agregada (Clientes) ---
Loss Média (Clientes): 2.1151 | Acurácia Média (Clientes): 0.3591

--- Rodada 3 - Avaliação Centralizada (Servidor) ---
Loss (Servidor): 5.5363 | Acurácia (Servidor): 0.4789
--- Avaliação Agregada (Clientes) ---
Loss Média (Clientes): 5.8648 | Acurácia Média (Clientes): 0.4712

--- Rodada 4 - Avaliação Centralizada (Servidor) ---
Loss (Servidor): 3.9019 | Acurácia (Servidor): 0.5656
--- Avaliação Agregada (Clientes) ---
Loss Média (Clientes): 3.7567 | Acurácia Média (Clientes): 0.5672

--- Rodada 5 - Avaliação Centralizada (Servidor) ---
Loss (Servidor): 3.3293 | Acurácia (Servidor): 0.6589
--- Avaliação Agregada (Clientes) ---
Loss Média (Clientes): 3.2758 | Acurácia Média (Clientes): 0.6645

--- Rodada 6 - Avaliação Centralizada (Servidor) ---
Loss (Servidor): 2.9047 | Acurácia (Servidor): 0.6928
--- Avaliação Agregada (Clientes) ---
Loss Média (Clientes): 2.8953 | Acurácia Média (Clientes): 0.6925

--- Rodada 7 - Avaliação Centralizada (Servidor) ---
Loss (Servidor): 2.3336 | Acurácia (Servidor): 0.6840
--- Avaliação Agregada (Clientes) ---
Loss Média (Clientes): 2.4135 | Acurácia Média (Clientes): 0.6709

--- Rodada 8 - Avaliação Centralizada (Servidor) ---
Loss (Servidor): 2.5473 | Acurácia (Servidor): 0.6579
--- Avaliação Agregada (Clientes) ---
Loss Média (Clientes): 2.6749 | Acurácia Média (Clientes): 0.6441

--- Rodada 9 - Avaliação Centralizada (Servidor) ---
Loss (Servidor): 2.8349 | Acurácia (Servidor): 0.6883
--- Avaliação Agregada (Clientes) ---
Loss Média (Clientes): 2.9233 | Acurácia Média (Clientes): 0.6901

--- Rodada 10 - Avaliação Centralizada (Servidor) ---
Loss (Servidor): 3.5396 | Acurácia (Servidor): 0.7031
--- Avaliação Agregada (Clientes) ---
Loss Média (Clientes): 3.6629 | Acurácia Média (Clientes): 0.7069

Resultados salvos em: /home/tiago/GitHubProjects/fedhad-thesis-2/FedAvgM-results/1.1_diagnostico_drift/CIFAR10/FedAvgM__CIFAR10__Setup-5__Clients-5__Rounds-10__Delay-0_05__Alpha-1_0__Seed-49.txt
[36m(ClientAppActor pid=545017)[0m [93mWARNING [0m:   DEPRECATED FEATURE: `client_fn` now expects a signature `def client_fn(context: Context)`.The provided `client_fn` has signature: {'cid': <Parameter "cid: str">}. You can import the `Context` like this: `from flwr.app import Context`[32m [repeated 4x across cluster][0m
[36m(ClientAppActor pid=545017)[0m             This is a deprecated feature. It will be removed[32m [repeated 4x across cluster][0m
[36m(ClientAppActor pid=545017)[0m             entirely in future versions of Flower.[32m [repeated 4x across cluster][0m
