[codecarbon WARNING @ 13:46:10] Multiple instances of codecarbon are allowed to run at the same time.
[93mWARNING [0m:   DEPRECATED FEATURE: flwr.simulation.start_simulation() is deprecated.
	Instead, use the `flwr run` CLI command to start a local simulation in your Flower app, as shown for example below:

		$ flwr new  # Create a new Flower app from a template

		$ flwr run  # Run the Flower app in Simulation Mode

	Using `start_simulation()` is deprecated.

            This is a deprecated feature. It will be removed
            entirely in future versions of Flower.
        
[92mINFO [0m:      Starting Flower simulation, config: num_rounds=10, no round_timeout
2026-09-04 13:46:19,216	INFO worker.py:2012 -- Started a local Ray instance.
/home/tiago/GitHubProjects/fedhad-thesis-2/env_flwr_pt/lib/python3.12/site-packages/ray/_private/worker.py:2051: FutureWarning: Tip: In future versions of Ray, Ray will no longer override accelerator visible devices env var if num_gpus=0 or num_gpus=None (default). To enable this behavior and turn off this error message, set RAY_ACCEL_ENV_VAR_OVERRIDE_ON_ZERO=0
  warnings.warn(
[92mINFO [0m:      Flower VCE: Ray initialized with resources: {'node:10.129.64.100': 1.0, 'object_store_memory': 77750753280.0, 'CPU': 64.0, 'node:__internal_head__': 1.0, 'accelerator_type:A40': 1.0, 'memory': 181418424320.0, 'GPU': 1.0}
[92mINFO [0m:      Optimize your simulation with Flower VCE: https://flower.ai/docs/framework/how-to-run-simulations.html
/home/tiago/GitHubProjects/fedhad-thesis-2/FedAvgM_Final.py:1669: UserWarning: No `num_cpus` specified in `client_resources`. Using `num_cpus=1` for each client.
  history = fl.simulation.start_simulation(
[92mINFO [0m:      Flower VCE: Resources for each Virtual Client: {'num_gpus': 0.2, 'num_cpus': 1}
[92mINFO [0m:      Flower VCE: Creating VirtualClientEngineActorPool with 5 actors
[92mINFO [0m:      [INIT]
[92mINFO [0m:      Using initial global parameters provided by strategy
[92mINFO [0m:      Starting evaluation of initial global parameters
[92mINFO [0m:      initial parameters (loss, other metrics): 2.3028229263305664, {'accuracy': 0.1027, 'loss': 2.3028229263305664}
[92mINFO [0m:      
[92mINFO [0m:      [ROUND 1]
[92mINFO [0m:      configure_fit: strategy sampled 5 clients (out of 5)
[36m(ClientAppActor pid=635583)[0m [93mWARNING [0m:   DEPRECATED FEATURE: `client_fn` now expects a signature `def client_fn(context: Context)`.The provided `client_fn` has signature: {'cid': <Parameter "cid: str">}. You can import the `Context` like this: `from flwr.app import Context`
[36m(ClientAppActor pid=635583)[0m 
[36m(ClientAppActor pid=635583)[0m             This is a deprecated feature. It will be removed
[36m(ClientAppActor pid=635583)[0m             entirely in future versions of Flower.
[36m(ClientAppActor pid=635583)[0m         
[36m(ClientAppActor pid=635549)[0m 
[36m(ClientAppActor pid=635549)[0m         
[36m(ClientAppActor pid=635550)[0m 
[36m(ClientAppActor pid=635550)[0m         
[36m(ClientAppActor pid=635582)[0m 
[36m(ClientAppActor pid=635582)[0m         
[36m(ClientAppActor pid=635548)[0m 
[36m(ClientAppActor pid=635548)[0m         
[92mINFO [0m:      aggregate_fit: received 5 results and 0 failures
[92mINFO [0m:      fit progress: (1, 2.3088196643829346, {'accuracy': 0.1031, 'loss': 2.3088196643829346}, 17.541396677028388)
[92mINFO [0m:      configure_evaluate: strategy sampled 5 clients (out of 5)
[36m(ClientAppActor pid=635582)[0m 
[36m(ClientAppActor pid=635582)[0m         
[36m(ClientAppActor pid=635582)[0m [93mWARNING [0m:   DEPRECATED FEATURE: `client_fn` now expects a signature `def client_fn(context: Context)`.The provided `client_fn` has signature: {'cid': <Parameter "cid: str">}. You can import the `Context` like this: `from flwr.app import Context`[32m [repeated 5x across cluster] (Ray deduplicates logs by default. Set RAY_DEDUP_LOGS=0 to disable log deduplication, or see https://docs.ray.io/en/master/ray-observability/user-guides/configure-logging.html#log-deduplication for more options.)[0m
[36m(ClientAppActor pid=635582)[0m             This is a deprecated feature. It will be removed[32m [repeated 5x across cluster][0m
[36m(ClientAppActor pid=635582)[0m             entirely in future versions of Flower.[32m [repeated 5x across cluster][0m
[36m(ClientAppActor pid=635550)[0m 
[36m(ClientAppActor pid=635550)[0m         
[36m(ClientAppActor pid=635583)[0m 
[36m(ClientAppActor pid=635583)[0m         
[36m(ClientAppActor pid=635549)[0m 
[36m(ClientAppActor pid=635549)[0m         
[36m(ClientAppActor pid=635548)[0m 
[36m(ClientAppActor pid=635548)[0m         
[92mINFO [0m:      aggregate_evaluate: received 5 results and 0 failures
[92mINFO [0m:      
[92mINFO [0m:      [ROUND 2]
[92mINFO [0m:      configure_fit: strategy sampled 5 clients (out of 5)
[36m(ClientAppActor pid=635548)[0m 
[36m(ClientAppActor pid=635548)[0m         
[36m(ClientAppActor pid=635549)[0m 
[36m(ClientAppActor pid=635549)[0m         
[36m(ClientAppActor pid=635550)[0m 
[36m(ClientAppActor pid=635550)[0m         
[36m(ClientAppActor pid=635583)[0m 
[36m(ClientAppActor pid=635583)[0m         
[36m(ClientAppActor pid=635582)[0m 
[36m(ClientAppActor pid=635582)[0m         
[92mINFO [0m:      aggregate_fit: received 5 results and 0 failures
[92mINFO [0m:      fit progress: (2, 2.219876435089111, {'accuracy': 0.2605, 'loss': 2.219876435089111}, 33.90109143400332)
[92mINFO [0m:      configure_evaluate: strategy sampled 5 clients (out of 5)
[36m(ClientAppActor pid=635583)[0m 
[36m(ClientAppActor pid=635583)[0m         
[36m(ClientAppActor pid=635583)[0m [93mWARNING [0m:   DEPRECATED FEATURE: `client_fn` now expects a signature `def client_fn(context: Context)`.The provided `client_fn` has signature: {'cid': <Parameter "cid: str">}. You can import the `Context` like this: `from flwr.app import Context`[32m [repeated 10x across cluster][0m
[36m(ClientAppActor pid=635583)[0m             This is a deprecated feature. It will be removed[32m [repeated 10x across cluster][0m
[36m(ClientAppActor pid=635583)[0m             entirely in future versions of Flower.[32m [repeated 10x across cluster][0m
[36m(ClientAppActor pid=635548)[0m 
[36m(ClientAppActor pid=635548)[0m         
[36m(ClientAppActor pid=635550)[0m 
[36m(ClientAppActor pid=635550)[0m         
[36m(ClientAppActor pid=635549)[0m 
[36m(ClientAppActor pid=635549)[0m         
[36m(ClientAppActor pid=635582)[0m 
[36m(ClientAppActor pid=635582)[0m         
[92mINFO [0m:      aggregate_evaluate: received 5 results and 0 failures
[92mINFO [0m:      
[92mINFO [0m:      [ROUND 3]
[92mINFO [0m:      configure_fit: strategy sampled 5 clients (out of 5)
[36m(ClientAppActor pid=635582)[0m 
[36m(ClientAppActor pid=635582)[0m         
[36m(ClientAppActor pid=635549)[0m 
[36m(ClientAppActor pid=635549)[0m         
[36m(ClientAppActor pid=635550)[0m 
[36m(ClientAppActor pid=635550)[0m         
[36m(ClientAppActor pid=635583)[0m 
[36m(ClientAppActor pid=635583)[0m         
[36m(ClientAppActor pid=635548)[0m 
[36m(ClientAppActor pid=635548)[0m         
[92mINFO [0m:      aggregate_fit: received 5 results and 0 failures
[92mINFO [0m:      fit progress: (3, 3.0166479919433593, {'accuracy': 0.3713, 'loss': 3.0166479919433593}, 49.777328005991876)
[92mINFO [0m:      configure_evaluate: strategy sampled 5 clients (out of 5)
[36m(ClientAppActor pid=635550)[0m 
[36m(ClientAppActor pid=635550)[0m         
[36m(ClientAppActor pid=635550)[0m [93mWARNING [0m:   DEPRECATED FEATURE: `client_fn` now expects a signature `def client_fn(context: Context)`.The provided `client_fn` has signature: {'cid': <Parameter "cid: str">}. You can import the `Context` like this: `from flwr.app import Context`[32m [repeated 10x across cluster][0m
[36m(ClientAppActor pid=635550)[0m             This is a deprecated feature. It will be removed[32m [repeated 10x across cluster][0m
[36m(ClientAppActor pid=635550)[0m             entirely in future versions of Flower.[32m [repeated 10x across cluster][0m
[36m(ClientAppActor pid=635582)[0m 
[36m(ClientAppActor pid=635582)[0m         
[36m(ClientAppActor pid=635548)[0m 
[36m(ClientAppActor pid=635548)[0m         
[36m(ClientAppActor pid=635583)[0m 
[36m(ClientAppActor pid=635583)[0m         
[36m(ClientAppActor pid=635549)[0m 
[36m(ClientAppActor pid=635549)[0m         
[92mINFO [0m:      aggregate_evaluate: received 5 results and 0 failures
[92mINFO [0m:      
[92mINFO [0m:      [ROUND 4]
[92mINFO [0m:      configure_fit: strategy sampled 5 clients (out of 5)
[36m(ClientAppActor pid=635549)[0m 
[36m(ClientAppActor pid=635549)[0m         
[36m(ClientAppActor pid=635583)[0m 
[36m(ClientAppActor pid=635583)[0m         
[36m(ClientAppActor pid=635582)[0m 
[36m(ClientAppActor pid=635582)[0m         
[36m(ClientAppActor pid=635548)[0m 
[36m(ClientAppActor pid=635548)[0m         
[36m(ClientAppActor pid=635550)[0m 
[36m(ClientAppActor pid=635550)[0m         
[92mINFO [0m:      aggregate_fit: received 5 results and 0 failures
[92mINFO [0m:      fit progress: (4, 2.1373199840545656, {'accuracy': 0.4527, 'loss': 2.1373199840545656}, 65.63773744204082)
[92mINFO [0m:      configure_evaluate: strategy sampled 5 clients (out of 5)
[36m(ClientAppActor pid=635582)[0m 
[36m(ClientAppActor pid=635582)[0m         
[36m(ClientAppActor pid=635582)[0m [93mWARNING [0m:   DEPRECATED FEATURE: `client_fn` now expects a signature `def client_fn(context: Context)`.The provided `client_fn` has signature: {'cid': <Parameter "cid: str">}. You can import the `Context` like this: `from flwr.app import Context`[32m [repeated 10x across cluster][0m
[36m(ClientAppActor pid=635582)[0m             This is a deprecated feature. It will be removed[32m [repeated 10x across cluster][0m
[36m(ClientAppActor pid=635582)[0m             entirely in future versions of Flower.[32m [repeated 10x across cluster][0m
[36m(ClientAppActor pid=635549)[0m 
[36m(ClientAppActor pid=635549)[0m         
[36m(ClientAppActor pid=635583)[0m 
[36m(ClientAppActor pid=635583)[0m         
[36m(ClientAppActor pid=635548)[0m 
[36m(ClientAppActor pid=635548)[0m         
[36m(ClientAppActor pid=635550)[0m 
[36m(ClientAppActor pid=635550)[0m         
[92mINFO [0m:      aggregate_evaluate: received 5 results and 0 failures
[92mINFO [0m:      
[92mINFO [0m:      [ROUND 5]
[92mINFO [0m:      configure_fit: strategy sampled 5 clients (out of 5)
[36m(ClientAppActor pid=635550)[0m 
[36m(ClientAppActor pid=635550)[0m         
[36m(ClientAppActor pid=635548)[0m 
[36m(ClientAppActor pid=635548)[0m         
[36m(ClientAppActor pid=635549)[0m 
[36m(ClientAppActor pid=635549)[0m         
[36m(ClientAppActor pid=635583)[0m 
[36m(ClientAppActor pid=635583)[0m         
[36m(ClientAppActor pid=635582)[0m 
[36m(ClientAppActor pid=635582)[0m         
[92mINFO [0m:      aggregate_fit: received 5 results and 0 failures
[92mINFO [0m:      fit progress: (5, 4.78927483177185, {'accuracy': 0.4109, 'loss': 4.78927483177185}, 81.62288683804218)
[92mINFO [0m:      configure_evaluate: strategy sampled 5 clients (out of 5)
[36m(ClientAppActor pid=635583)[0m 
[36m(ClientAppActor pid=635583)[0m         
[36m(ClientAppActor pid=635583)[0m [93mWARNING [0m:   DEPRECATED FEATURE: `client_fn` now expects a signature `def client_fn(context: Context)`.The provided `client_fn` has signature: {'cid': <Parameter "cid: str">}. You can import the `Context` like this: `from flwr.app import Context`[32m [repeated 10x across cluster][0m
[36m(ClientAppActor pid=635583)[0m             This is a deprecated feature. It will be removed[32m [repeated 10x across cluster][0m
[36m(ClientAppActor pid=635583)[0m             entirely in future versions of Flower.[32m [repeated 10x across cluster][0m
[36m(ClientAppActor pid=635582)[0m 
[36m(ClientAppActor pid=635582)[0m         
[36m(ClientAppActor pid=635548)[0m 
[36m(ClientAppActor pid=635548)[0m         
[36m(ClientAppActor pid=635550)[0m 
[36m(ClientAppActor pid=635550)[0m         
[36m(ClientAppActor pid=635549)[0m 
[36m(ClientAppActor pid=635549)[0m         
[92mINFO [0m:      aggregate_evaluate: received 5 results and 0 failures
[92mINFO [0m:      
[92mINFO [0m:      [ROUND 6]
[92mINFO [0m:      configure_fit: strategy sampled 5 clients (out of 5)
[36m(ClientAppActor pid=635549)[0m 
[36m(ClientAppActor pid=635549)[0m         
[36m(ClientAppActor pid=635550)[0m 
[36m(ClientAppActor pid=635550)[0m         
[36m(ClientAppActor pid=635548)[0m 
[36m(ClientAppActor pid=635548)[0m         
[36m(ClientAppActor pid=635583)[0m 
[36m(ClientAppActor pid=635583)[0m         
[36m(ClientAppActor pid=635582)[0m 
[36m(ClientAppActor pid=635582)[0m         
[92mINFO [0m:      aggregate_fit: received 5 results and 0 failures
[92mINFO [0m:      fit progress: (6, 4.436512879180908, {'accuracy': 0.5427, 'loss': 4.436512879180908}, 97.24775623698952)
[92mINFO [0m:      configure_evaluate: strategy sampled 5 clients (out of 5)
[36m(ClientAppActor pid=635548)[0m 
[36m(ClientAppActor pid=635548)[0m         
[36m(ClientAppActor pid=635548)[0m [93mWARNING [0m:   DEPRECATED FEATURE: `client_fn` now expects a signature `def client_fn(context: Context)`.The provided `client_fn` has signature: {'cid': <Parameter "cid: str">}. You can import the `Context` like this: `from flwr.app import Context`[32m [repeated 10x across cluster][0m
[36m(ClientAppActor pid=635548)[0m             This is a deprecated feature. It will be removed[32m [repeated 10x across cluster][0m
[36m(ClientAppActor pid=635548)[0m             entirely in future versions of Flower.[32m [repeated 10x across cluster][0m
[36m(ClientAppActor pid=635549)[0m 
[36m(ClientAppActor pid=635549)[0m         
[36m(ClientAppActor pid=635550)[0m 
[36m(ClientAppActor pid=635550)[0m         
[36m(ClientAppActor pid=635582)[0m 
[36m(ClientAppActor pid=635582)[0m         
[36m(ClientAppActor pid=635583)[0m 
[36m(ClientAppActor pid=635583)[0m         
[92mINFO [0m:      aggregate_evaluate: received 5 results and 0 failures
[92mINFO [0m:      
[92mINFO [0m:      [ROUND 7]
[92mINFO [0m:      configure_fit: strategy sampled 5 clients (out of 5)
[36m(ClientAppActor pid=635582)[0m 
[36m(ClientAppActor pid=635582)[0m         
[36m(ClientAppActor pid=635583)[0m 
[36m(ClientAppActor pid=635583)[0m         
[36m(ClientAppActor pid=635550)[0m 
[36m(ClientAppActor pid=635550)[0m         
[36m(ClientAppActor pid=635549)[0m 
[36m(ClientAppActor pid=635549)[0m         
[36m(ClientAppActor pid=635548)[0m 
[36m(ClientAppActor pid=635548)[0m         
[92mINFO [0m:      aggregate_fit: received 5 results and 0 failures
[92mINFO [0m:      fit progress: (7, 3.447083609199524, {'accuracy': 0.5532, 'loss': 3.447083609199524}, 113.00850433803862)
[92mINFO [0m:      configure_evaluate: strategy sampled 5 clients (out of 5)
[36m(ClientAppActor pid=635549)[0m 
[36m(ClientAppActor pid=635549)[0m         
[36m(ClientAppActor pid=635549)[0m [93mWARNING [0m:   DEPRECATED FEATURE: `client_fn` now expects a signature `def client_fn(context: Context)`.The provided `client_fn` has signature: {'cid': <Parameter "cid: str">}. You can import the `Context` like this: `from flwr.app import Context`[32m [repeated 10x across cluster][0m
[36m(ClientAppActor pid=635549)[0m             This is a deprecated feature. It will be removed[32m [repeated 10x across cluster][0m
[36m(ClientAppActor pid=635549)[0m             entirely in future versions of Flower.[32m [repeated 10x across cluster][0m
[36m(ClientAppActor pid=635548)[0m 
[36m(ClientAppActor pid=635548)[0m         
[36m(ClientAppActor pid=635550)[0m 
[36m(ClientAppActor pid=635550)[0m         
[36m(ClientAppActor pid=635583)[0m 
[36m(ClientAppActor pid=635583)[0m         
[36m(ClientAppActor pid=635582)[0m 
[36m(ClientAppActor pid=635582)[0m         
[92mINFO [0m:      aggregate_evaluate: received 5 results and 0 failures
[92mINFO [0m:      
[92mINFO [0m:      [ROUND 8]
[92mINFO [0m:      configure_fit: strategy sampled 5 clients (out of 5)
[36m(ClientAppActor pid=635583)[0m 
[36m(ClientAppActor pid=635583)[0m         
[36m(ClientAppActor pid=635582)[0m 
[36m(ClientAppActor pid=635582)[0m         
[36m(ClientAppActor pid=635550)[0m 
[36m(ClientAppActor pid=635550)[0m         
[36m(ClientAppActor pid=635548)[0m 
[36m(ClientAppActor pid=635548)[0m         
[36m(ClientAppActor pid=635549)[0m 
[36m(ClientAppActor pid=635549)[0m         
[92mINFO [0m:      aggregate_fit: received 5 results and 0 failures
[92mINFO [0m:      fit progress: (8, 2.7400676862716673, {'accuracy': 0.538, 'loss': 2.7400676862716673}, 128.59515803301474)
[92mINFO [0m:      configure_evaluate: strategy sampled 5 clients (out of 5)
[36m(ClientAppActor pid=635548)[0m 
[36m(ClientAppActor pid=635548)[0m         
[36m(ClientAppActor pid=635548)[0m [93mWARNING [0m:   DEPRECATED FEATURE: `client_fn` now expects a signature `def client_fn(context: Context)`.The provided `client_fn` has signature: {'cid': <Parameter "cid: str">}. You can import the `Context` like this: `from flwr.app import Context`[32m [repeated 10x across cluster][0m
[36m(ClientAppActor pid=635548)[0m             This is a deprecated feature. It will be removed[32m [repeated 10x across cluster][0m
[36m(ClientAppActor pid=635548)[0m             entirely in future versions of Flower.[32m [repeated 10x across cluster][0m
[36m(ClientAppActor pid=635549)[0m 
[36m(ClientAppActor pid=635549)[0m         
[36m(ClientAppActor pid=635582)[0m 
[36m(ClientAppActor pid=635582)[0m         
[36m(ClientAppActor pid=635583)[0m 
[36m(ClientAppActor pid=635583)[0m         
[36m(ClientAppActor pid=635550)[0m 
[36m(ClientAppActor pid=635550)[0m         
[92mINFO [0m:      aggregate_evaluate: received 5 results and 0 failures
[92mINFO [0m:      
[92mINFO [0m:      [ROUND 9]
[92mINFO [0m:      configure_fit: strategy sampled 5 clients (out of 5)
[36m(ClientAppActor pid=635550)[0m 
[36m(ClientAppActor pid=635550)[0m         
[36m(ClientAppActor pid=635583)[0m 
[36m(ClientAppActor pid=635583)[0m         
[36m(ClientAppActor pid=635582)[0m 
[36m(ClientAppActor pid=635582)[0m         
[36m(ClientAppActor pid=635549)[0m 
[36m(ClientAppActor pid=635549)[0m         
[36m(ClientAppActor pid=635548)[0m 
[36m(ClientAppActor pid=635548)[0m         
[92mINFO [0m:      aggregate_fit: received 5 results and 0 failures
[92mINFO [0m:      fit progress: (9, 3.363506757736206, {'accuracy': 0.5469, 'loss': 3.363506757736206}, 144.3463594019995)
[92mINFO [0m:      configure_evaluate: strategy sampled 5 clients (out of 5)
[36m(ClientAppActor pid=635550)[0m 
[36m(ClientAppActor pid=635550)[0m         
[36m(ClientAppActor pid=635550)[0m [93mWARNING [0m:   DEPRECATED FEATURE: `client_fn` now expects a signature `def client_fn(context: Context)`.The provided `client_fn` has signature: {'cid': <Parameter "cid: str">}. You can import the `Context` like this: `from flwr.app import Context`[32m [repeated 10x across cluster][0m
[36m(ClientAppActor pid=635550)[0m             This is a deprecated feature. It will be removed[32m [repeated 10x across cluster][0m
[36m(ClientAppActor pid=635550)[0m             entirely in future versions of Flower.[32m [repeated 10x across cluster][0m
[36m(ClientAppActor pid=635582)[0m 
[36m(ClientAppActor pid=635582)[0m         
[36m(ClientAppActor pid=635548)[0m 
[36m(ClientAppActor pid=635548)[0m         
[36m(ClientAppActor pid=635583)[0m 
[36m(ClientAppActor pid=635583)[0m         
[36m(ClientAppActor pid=635549)[0m 
[36m(ClientAppActor pid=635549)[0m         
[92mINFO [0m:      aggregate_evaluate: received 5 results and 0 failures
[92mINFO [0m:      
[92mINFO [0m:      [ROUND 10]
[92mINFO [0m:      configure_fit: strategy sampled 5 clients (out of 5)
[36m(ClientAppActor pid=635549)[0m 
[36m(ClientAppActor pid=635549)[0m         
[36m(ClientAppActor pid=635583)[0m 
[36m(ClientAppActor pid=635583)[0m         
[36m(ClientAppActor pid=635548)[0m 
[36m(ClientAppActor pid=635548)[0m         
[36m(ClientAppActor pid=635582)[0m 
[36m(ClientAppActor pid=635582)[0m         
[36m(ClientAppActor pid=635550)[0m 
[36m(ClientAppActor pid=635550)[0m         
[92mINFO [0m:      aggregate_fit: received 5 results and 0 failures
[92mINFO [0m:      fit progress: (10, 4.1846572826385495, {'accuracy': 0.5536, 'loss': 4.1846572826385495}, 159.9005581010133)
[92mINFO [0m:      configure_evaluate: strategy sampled 5 clients (out of 5)
[36m(ClientAppActor pid=635548)[0m 
[36m(ClientAppActor pid=635548)[0m         
[36m(ClientAppActor pid=635548)[0m [93mWARNING [0m:   DEPRECATED FEATURE: `client_fn` now expects a signature `def client_fn(context: Context)`.The provided `client_fn` has signature: {'cid': <Parameter "cid: str">}. You can import the `Context` like this: `from flwr.app import Context`[32m [repeated 10x across cluster][0m
[36m(ClientAppActor pid=635548)[0m             This is a deprecated feature. It will be removed[32m [repeated 10x across cluster][0m
[36m(ClientAppActor pid=635548)[0m             entirely in future versions of Flower.[32m [repeated 10x across cluster][0m
[36m(ClientAppActor pid=635550)[0m 
[36m(ClientAppActor pid=635550)[0m         
[36m(ClientAppActor pid=635582)[0m 
[36m(ClientAppActor pid=635582)[0m         
[36m(ClientAppActor pid=635549)[0m 
[36m(ClientAppActor pid=635549)[0m         
[36m(ClientAppActor pid=635583)[0m 
[36m(ClientAppActor pid=635583)[0m         
[92mINFO [0m:      aggregate_evaluate: received 5 results and 0 failures
[92mINFO [0m:      
[92mINFO [0m:      [SUMMARY]
[92mINFO [0m:      Run finished 10 round(s) in 160.70s
[92mINFO [0m:      	History (loss, distributed):
[92mINFO [0m:      		round 1: 2.3121630023760105
[92mINFO [0m:      		round 2: 2.2409909006736743
[92mINFO [0m:      		round 3: 3.0424139476285257
[92mINFO [0m:      		round 4: 2.1099947265131083
[92mINFO [0m:      		round 5: 4.835870381090578
[92mINFO [0m:      		round 6: 4.512009797691225
[92mINFO [0m:      		round 7: 3.52488491286844
[92mINFO [0m:      		round 8: 2.8132551943919455
[92mINFO [0m:      		round 9: 3.3659900739499755
[92mINFO [0m:      		round 10: 4.189400446261075
[92mINFO [0m:      	History (loss, centralized):
[92mINFO [0m:      		round 0: 2.3028229263305664
[92mINFO [0m:      		round 1: 2.3088196643829346
[92mINFO [0m:      		round 2: 2.219876435089111
[92mINFO [0m:      		round 3: 3.0166479919433593
[92mINFO [0m:      		round 4: 2.1373199840545656
[92mINFO [0m:      		round 5: 4.78927483177185
[92mINFO [0m:      		round 6: 4.436512879180908
[92mINFO [0m:      		round 7: 3.447083609199524
[92mINFO [0m:      		round 8: 2.7400676862716673
[92mINFO [0m:      		round 9: 3.363506757736206
[92mINFO [0m:      		round 10: 4.1846572826385495
[92mINFO [0m:      	History (metrics, distributed, fit):
[92mINFO [0m:      	{'avg_flops_per_client_round': [(1, 8140805084160.0),
[92mINFO [0m:      	                                (2, 8140805084160.0),
[92mINFO [0m:      	                                (3, 8140805084160.0),
[92mINFO [0m:      	                                (4, 8140805084160.0),
[92mINFO [0m:      	                                (5, 8140805084160.0),
[92mINFO [0m:      	                                (6, 8140805084160.0),
[92mINFO [0m:      	                                (7, 8140805084160.0),
[92mINFO [0m:      	                                (8, 8140805084160.0),
[92mINFO [0m:      	                                (9, 8140805084160.0),
[92mINFO [0m:      	                                (10, 8140805084160.0)],
[92mINFO [0m:      	 'total_flops_round': [(1, 40704025420800),
[92mINFO [0m:      	                       (2, 40704025420800),
[92mINFO [0m:      	                       (3, 40704025420800),
[92mINFO [0m:      	                       (4, 40704025420800),
[92mINFO [0m:      	                       (5, 40704025420800),
[92mINFO [0m:      	                       (6, 40704025420800),
[92mINFO [0m:      	                       (7, 40704025420800),
[92mINFO [0m:      	                       (8, 40704025420800),
[92mINFO [0m:      	                       (9, 40704025420800),
[92mINFO [0m:      	                       (10, 40704025420800)]}
[92mINFO [0m:      	History (metrics, distributed, evaluate):
[92mINFO [0m:      	{'accuracy': [(1, 0.10446267760656394),
[92mINFO [0m:      	              (2, 0.26495897538523117),
[92mINFO [0m:      	              (3, 0.3712227336401841),
[92mINFO [0m:      	              (4, 0.45267160296177705),
[92mINFO [0m:      	              (5, 0.4064438663197919),
[92mINFO [0m:      	              (6, 0.528717230338203),
[92mINFO [0m:      	              (7, 0.5465279167500501),
[92mINFO [0m:      	              (8, 0.5313187912747649),
[92mINFO [0m:      	              (9, 0.5451270762457474),
[92mINFO [0m:      	              (10, 0.5507304382629578)],
[92mINFO [0m:      	 'loss': [(1, 2.3121630023760105),
[92mINFO [0m:      	          (2, 2.2409909006736743),
[92mINFO [0m:      	          (3, 3.0424139476285257),
[92mINFO [0m:      	          (4, 2.1099947265131083),
[92mINFO [0m:      	          (5, 4.835870381090578),
[92mINFO [0m:      	          (6, 4.512009797691225),
[92mINFO [0m:      	          (7, 3.52488491286844),
[92mINFO [0m:      	          (8, 2.8132551943919455),
[92mINFO [0m:      	          (9, 3.3659900739499755),
[92mINFO [0m:      	          (10, 4.189400446261075)]}
[92mINFO [0m:      	History (metrics, centralized):
[92mINFO [0m:      	{'accuracy': [(0, 0.1027),
[92mINFO [0m:      	              (1, 0.1031),
[92mINFO [0m:      	              (2, 0.2605),
[92mINFO [0m:      	              (3, 0.3713),
[92mINFO [0m:      	              (4, 0.4527),
[92mINFO [0m:      	              (5, 0.4109),
[92mINFO [0m:      	              (6, 0.5427),
[92mINFO [0m:      	              (7, 0.5532),
[92mINFO [0m:      	              (8, 0.538),
[92mINFO [0m:      	              (9, 0.5469),
[92mINFO [0m:      	              (10, 0.5536)],
[92mINFO [0m:      	 'loss': [(0, 2.3028229263305664),
[92mINFO [0m:      	          (1, 2.3088196643829346),
[92mINFO [0m:      	          (2, 2.219876435089111),
[92mINFO [0m:      	          (3, 3.0166479919433593),
[92mINFO [0m:      	          (4, 2.1373199840545656),
[92mINFO [0m:      	          (5, 4.78927483177185),
[92mINFO [0m:      	          (6, 4.436512879180908),
[92mINFO [0m:      	          (7, 3.447083609199524),
[92mINFO [0m:      	          (8, 2.7400676862716673),
[92mINFO [0m:      	          (9, 3.363506757736206),
[92mINFO [0m:      	          (10, 4.1846572826385495)]}
[92mINFO [0m:      
Treinando no dispositivo: cuda:0 com o dataset: CIFAR10 | Setup clientes: 5 (num_gpus por cliente=0.2) | SEED=51 | Método: FedAvgM (server_momentum=0.9, server_lr=1.0)
FLOPS por amostra (forward): 6.030e+07 | (forward+backward, 3x): 1.809e+08
Files already downloaded and verified
Files already downloaded and verified
Dividindo o dataset usando a distribuição de Dirichlet com alpha=0.1.
Iniciando a simulação de Aprendizado Federado...
=== Diagnóstico de Medição de GPU ===
  pynvml_disponivel: True
  pynvml_versao: 580.173.02
  gpus_detectadas: 1
  leitura_potencia_ok: True
  potencia_atual_W: 113.938

--- Rodada 0 - Avaliação Centralizada (Servidor) ---
Loss (Servidor): 2.3028 | Acurácia (Servidor): 0.1027

--- Rodada 1 - Avaliação Centralizada (Servidor) ---
Loss (Servidor): 2.3088 | Acurácia (Servidor): 0.1031
--- Avaliação Agregada (Clientes) ---
Loss Média (Clientes): 2.3122 | Acurácia Média (Clientes): 0.1045

--- Rodada 2 - Avaliação Centralizada (Servidor) ---
Loss (Servidor): 2.2199 | Acurácia (Servidor): 0.2605
--- Avaliação Agregada (Clientes) ---
Loss Média (Clientes): 2.2410 | Acurácia Média (Clientes): 0.2650

--- Rodada 3 - Avaliação Centralizada (Servidor) ---
Loss (Servidor): 3.0166 | Acurácia (Servidor): 0.3713
--- Avaliação Agregada (Clientes) ---
Loss Média (Clientes): 3.0424 | Acurácia Média (Clientes): 0.3712

--- Rodada 4 - Avaliação Centralizada (Servidor) ---
Loss (Servidor): 2.1373 | Acurácia (Servidor): 0.4527
--- Avaliação Agregada (Clientes) ---
Loss Média (Clientes): 2.1100 | Acurácia Média (Clientes): 0.4527

--- Rodada 5 - Avaliação Centralizada (Servidor) ---
Loss (Servidor): 4.7893 | Acurácia (Servidor): 0.4109
--- Avaliação Agregada (Clientes) ---
Loss Média (Clientes): 4.8359 | Acurácia Média (Clientes): 0.4064

--- Rodada 6 - Avaliação Centralizada (Servidor) ---
Loss (Servidor): 4.4365 | Acurácia (Servidor): 0.5427
--- Avaliação Agregada (Clientes) ---
Loss Média (Clientes): 4.5120 | Acurácia Média (Clientes): 0.5287

--- Rodada 7 - Avaliação Centralizada (Servidor) ---
Loss (Servidor): 3.4471 | Acurácia (Servidor): 0.5532
--- Avaliação Agregada (Clientes) ---
Loss Média (Clientes): 3.5249 | Acurácia Média (Clientes): 0.5465

--- Rodada 8 - Avaliação Centralizada (Servidor) ---
Loss (Servidor): 2.7401 | Acurácia (Servidor): 0.5380
--- Avaliação Agregada (Clientes) ---
Loss Média (Clientes): 2.8133 | Acurácia Média (Clientes): 0.5313

--- Rodada 9 - Avaliação Centralizada (Servidor) ---
Loss (Servidor): 3.3635 | Acurácia (Servidor): 0.5469
--- Avaliação Agregada (Clientes) ---
Loss Média (Clientes): 3.3660 | Acurácia Média (Clientes): 0.5451

--- Rodada 10 - Avaliação Centralizada (Servidor) ---
Loss (Servidor): 4.1847 | Acurácia (Servidor): 0.5536
--- Avaliação Agregada (Clientes) ---
Loss Média (Clientes): 4.1894 | Acurácia Média (Clientes): 0.5507

Resultados salvos em: /home/tiago/GitHubProjects/fedhad-thesis-2/FedAvgM-results/1.1_diagnostico_drift/CIFAR10/FedAvgM__CIFAR10__Setup-5__Clients-5__Rounds-10__Delay-0_05__Alpha-0_1__Seed-51.txt
[36m(ClientAppActor pid=635583)[0m [93mWARNING [0m:   DEPRECATED FEATURE: `client_fn` now expects a signature `def client_fn(context: Context)`.The provided `client_fn` has signature: {'cid': <Parameter "cid: str">}. You can import the `Context` like this: `from flwr.app import Context`[32m [repeated 4x across cluster][0m
[36m(ClientAppActor pid=635583)[0m             This is a deprecated feature. It will be removed[32m [repeated 4x across cluster][0m
[36m(ClientAppActor pid=635583)[0m             entirely in future versions of Flower.[32m [repeated 4x across cluster][0m
