[codecarbon WARNING @ 13:58:13] Multiple instances of codecarbon are allowed to run at the same time.
[93mWARNING [0m:   DEPRECATED FEATURE: flwr.simulation.start_simulation() is deprecated.
	Instead, use the `flwr run` CLI command to start a local simulation in your Flower app, as shown for example below:

		$ flwr new  # Create a new Flower app from a template

		$ flwr run  # Run the Flower app in Simulation Mode

	Using `start_simulation()` is deprecated.

            This is a deprecated feature. It will be removed
            entirely in future versions of Flower.
        
[92mINFO [0m:      Starting Flower simulation, config: num_rounds=10, no round_timeout
2026-09-04 13:58:21,999	INFO worker.py:2012 -- Started a local Ray instance.
/home/tiago/GitHubProjects/fedhad-thesis-2/env_flwr_pt/lib/python3.12/site-packages/ray/_private/worker.py:2051: FutureWarning: Tip: In future versions of Ray, Ray will no longer override accelerator visible devices env var if num_gpus=0 or num_gpus=None (default). To enable this behavior and turn off this error message, set RAY_ACCEL_ENV_VAR_OVERRIDE_ON_ZERO=0
  warnings.warn(
[92mINFO [0m:      Flower VCE: Ray initialized with resources: {'node:__internal_head__': 1.0, 'CPU': 64.0, 'accelerator_type:A40': 1.0, 'GPU': 1.0, 'node:10.129.64.100': 1.0, 'memory': 181387630592.0, 'object_store_memory': 77737555968.0}
[92mINFO [0m:      Optimize your simulation with Flower VCE: https://flower.ai/docs/framework/how-to-run-simulations.html
/home/tiago/GitHubProjects/fedhad-thesis-2/FedAvgM_Final.py:1669: UserWarning: No `num_cpus` specified in `client_resources`. Using `num_cpus=1` for each client.
  history = fl.simulation.start_simulation(
[92mINFO [0m:      Flower VCE: Resources for each Virtual Client: {'num_gpus': 0.2, 'num_cpus': 1}
[92mINFO [0m:      Flower VCE: Creating VirtualClientEngineActorPool with 5 actors
[92mINFO [0m:      [INIT]
[92mINFO [0m:      Using initial global parameters provided by strategy
[92mINFO [0m:      Starting evaluation of initial global parameters
[92mINFO [0m:      initial parameters (loss, other metrics): 2.3032842998504637, {'accuracy': 0.1211, 'loss': 2.3032842998504637}
[92mINFO [0m:      
[92mINFO [0m:      [ROUND 1]
[92mINFO [0m:      configure_fit: strategy sampled 5 clients (out of 5)
[36m(ClientAppActor pid=666792)[0m [93mWARNING [0m:   DEPRECATED FEATURE: `client_fn` now expects a signature `def client_fn(context: Context)`.The provided `client_fn` has signature: {'cid': <Parameter "cid: str">}. You can import the `Context` like this: `from flwr.app import Context`
[36m(ClientAppActor pid=666792)[0m 
[36m(ClientAppActor pid=666792)[0m             This is a deprecated feature. It will be removed
[36m(ClientAppActor pid=666792)[0m             entirely in future versions of Flower.
[36m(ClientAppActor pid=666792)[0m         
[36m(ClientAppActor pid=666793)[0m 
[36m(ClientAppActor pid=666793)[0m         
[36m(ClientAppActor pid=666760)[0m 
[36m(ClientAppActor pid=666760)[0m         
[36m(ClientAppActor pid=666759)[0m 
[36m(ClientAppActor pid=666759)[0m         
[36m(ClientAppActor pid=666758)[0m 
[36m(ClientAppActor pid=666758)[0m         
[92mINFO [0m:      aggregate_fit: received 5 results and 0 failures
[92mINFO [0m:      fit progress: (1, 2.3090881675720216, {'accuracy': 0.1, 'loss': 2.3090881675720216}, 15.73672867094865)
[92mINFO [0m:      configure_evaluate: strategy sampled 5 clients (out of 5)
[36m(ClientAppActor pid=666759)[0m 
[36m(ClientAppActor pid=666759)[0m         
[36m(ClientAppActor pid=666759)[0m [93mWARNING [0m:   DEPRECATED FEATURE: `client_fn` now expects a signature `def client_fn(context: Context)`.The provided `client_fn` has signature: {'cid': <Parameter "cid: str">}. You can import the `Context` like this: `from flwr.app import Context`[32m [repeated 5x across cluster] (Ray deduplicates logs by default. Set RAY_DEDUP_LOGS=0 to disable log deduplication, or see https://docs.ray.io/en/master/ray-observability/user-guides/configure-logging.html#log-deduplication for more options.)[0m
[36m(ClientAppActor pid=666759)[0m             This is a deprecated feature. It will be removed[32m [repeated 5x across cluster][0m
[36m(ClientAppActor pid=666759)[0m             entirely in future versions of Flower.[32m [repeated 5x across cluster][0m
[36m(ClientAppActor pid=666792)[0m 
[36m(ClientAppActor pid=666792)[0m         
[36m(ClientAppActor pid=666793)[0m 
[36m(ClientAppActor pid=666793)[0m         
[36m(ClientAppActor pid=666758)[0m 
[36m(ClientAppActor pid=666758)[0m         
[36m(ClientAppActor pid=666760)[0m 
[36m(ClientAppActor pid=666760)[0m         
[92mINFO [0m:      aggregate_evaluate: received 5 results and 0 failures
[92mINFO [0m:      
[92mINFO [0m:      [ROUND 2]
[92mINFO [0m:      configure_fit: strategy sampled 5 clients (out of 5)
[36m(ClientAppActor pid=666760)[0m 
[36m(ClientAppActor pid=666760)[0m         
[36m(ClientAppActor pid=666758)[0m 
[36m(ClientAppActor pid=666758)[0m         
[36m(ClientAppActor pid=666793)[0m 
[36m(ClientAppActor pid=666793)[0m         
[36m(ClientAppActor pid=666792)[0m 
[36m(ClientAppActor pid=666792)[0m         
[36m(ClientAppActor pid=666759)[0m 
[36m(ClientAppActor pid=666759)[0m         
[92mINFO [0m:      aggregate_fit: received 5 results and 0 failures
[92mINFO [0m:      fit progress: (2, 2.0205720767974853, {'accuracy': 0.3345, 'loss': 2.0205720767974853}, 29.943900916958228)
[92mINFO [0m:      configure_evaluate: strategy sampled 5 clients (out of 5)
[36m(ClientAppActor pid=666793)[0m 
[36m(ClientAppActor pid=666793)[0m         
[36m(ClientAppActor pid=666793)[0m [93mWARNING [0m:   DEPRECATED FEATURE: `client_fn` now expects a signature `def client_fn(context: Context)`.The provided `client_fn` has signature: {'cid': <Parameter "cid: str">}. You can import the `Context` like this: `from flwr.app import Context`[32m [repeated 10x across cluster][0m
[36m(ClientAppActor pid=666793)[0m             This is a deprecated feature. It will be removed[32m [repeated 10x across cluster][0m
[36m(ClientAppActor pid=666793)[0m             entirely in future versions of Flower.[32m [repeated 10x across cluster][0m
[36m(ClientAppActor pid=666792)[0m 
[36m(ClientAppActor pid=666792)[0m         
[36m(ClientAppActor pid=666759)[0m 
[36m(ClientAppActor pid=666759)[0m         
[36m(ClientAppActor pid=666760)[0m 
[36m(ClientAppActor pid=666760)[0m         
[36m(ClientAppActor pid=666758)[0m 
[36m(ClientAppActor pid=666758)[0m         
[92mINFO [0m:      aggregate_evaluate: received 5 results and 0 failures
[92mINFO [0m:      
[92mINFO [0m:      [ROUND 3]
[92mINFO [0m:      configure_fit: strategy sampled 5 clients (out of 5)
[36m(ClientAppActor pid=666758)[0m 
[36m(ClientAppActor pid=666758)[0m         
[36m(ClientAppActor pid=666760)[0m 
[36m(ClientAppActor pid=666760)[0m         
[36m(ClientAppActor pid=666759)[0m 
[36m(ClientAppActor pid=666759)[0m         
[36m(ClientAppActor pid=666792)[0m 
[36m(ClientAppActor pid=666792)[0m         
[36m(ClientAppActor pid=666793)[0m 
[36m(ClientAppActor pid=666793)[0m         
[92mINFO [0m:      aggregate_fit: received 5 results and 0 failures
[92mINFO [0m:      fit progress: (3, 2.8474419670104982, {'accuracy': 0.3511, 'loss': 2.8474419670104982}, 44.242200057953596)
[92mINFO [0m:      configure_evaluate: strategy sampled 5 clients (out of 5)
[36m(ClientAppActor pid=666760)[0m 
[36m(ClientAppActor pid=666760)[0m         
[36m(ClientAppActor pid=666760)[0m [93mWARNING [0m:   DEPRECATED FEATURE: `client_fn` now expects a signature `def client_fn(context: Context)`.The provided `client_fn` has signature: {'cid': <Parameter "cid: str">}. You can import the `Context` like this: `from flwr.app import Context`[32m [repeated 10x across cluster][0m
[36m(ClientAppActor pid=666760)[0m             This is a deprecated feature. It will be removed[32m [repeated 10x across cluster][0m
[36m(ClientAppActor pid=666760)[0m             entirely in future versions of Flower.[32m [repeated 10x across cluster][0m
[36m(ClientAppActor pid=666759)[0m 
[36m(ClientAppActor pid=666759)[0m         
[36m(ClientAppActor pid=666758)[0m 
[36m(ClientAppActor pid=666758)[0m         
[36m(ClientAppActor pid=666792)[0m 
[36m(ClientAppActor pid=666792)[0m         
[36m(ClientAppActor pid=666793)[0m 
[36m(ClientAppActor pid=666793)[0m         
[92mINFO [0m:      aggregate_evaluate: received 5 results and 0 failures
[92mINFO [0m:      
[92mINFO [0m:      [ROUND 4]
[92mINFO [0m:      configure_fit: strategy sampled 5 clients (out of 5)
[36m(ClientAppActor pid=666793)[0m 
[36m(ClientAppActor pid=666793)[0m         
[36m(ClientAppActor pid=666792)[0m 
[36m(ClientAppActor pid=666792)[0m         
[36m(ClientAppActor pid=666758)[0m 
[36m(ClientAppActor pid=666758)[0m         
[36m(ClientAppActor pid=666759)[0m 
[36m(ClientAppActor pid=666759)[0m         
[36m(ClientAppActor pid=666760)[0m 
[36m(ClientAppActor pid=666760)[0m         
[92mINFO [0m:      aggregate_fit: received 5 results and 0 failures
[92mINFO [0m:      fit progress: (4, 3.0252103721618653, {'accuracy': 0.3685, 'loss': 3.0252103721618653}, 58.74736728897551)
[92mINFO [0m:      configure_evaluate: strategy sampled 5 clients (out of 5)
[36m(ClientAppActor pid=666760)[0m 
[36m(ClientAppActor pid=666760)[0m         
[36m(ClientAppActor pid=666760)[0m [93mWARNING [0m:   DEPRECATED FEATURE: `client_fn` now expects a signature `def client_fn(context: Context)`.The provided `client_fn` has signature: {'cid': <Parameter "cid: str">}. You can import the `Context` like this: `from flwr.app import Context`[32m [repeated 10x across cluster][0m
[36m(ClientAppActor pid=666760)[0m             This is a deprecated feature. It will be removed[32m [repeated 10x across cluster][0m
[36m(ClientAppActor pid=666760)[0m             entirely in future versions of Flower.[32m [repeated 10x across cluster][0m
[36m(ClientAppActor pid=666793)[0m 
[36m(ClientAppActor pid=666793)[0m         
[36m(ClientAppActor pid=666759)[0m 
[36m(ClientAppActor pid=666759)[0m         
[36m(ClientAppActor pid=666758)[0m 
[36m(ClientAppActor pid=666758)[0m         
[36m(ClientAppActor pid=666792)[0m 
[36m(ClientAppActor pid=666792)[0m         
[92mINFO [0m:      aggregate_evaluate: received 5 results and 0 failures
[92mINFO [0m:      
[92mINFO [0m:      [ROUND 5]
[92mINFO [0m:      configure_fit: strategy sampled 5 clients (out of 5)
[36m(ClientAppActor pid=666792)[0m 
[36m(ClientAppActor pid=666792)[0m         
[36m(ClientAppActor pid=666758)[0m 
[36m(ClientAppActor pid=666758)[0m         
[36m(ClientAppActor pid=666759)[0m 
[36m(ClientAppActor pid=666759)[0m         
[36m(ClientAppActor pid=666793)[0m 
[36m(ClientAppActor pid=666793)[0m         
[36m(ClientAppActor pid=666760)[0m 
[36m(ClientAppActor pid=666760)[0m         
[92mINFO [0m:      aggregate_fit: received 5 results and 0 failures
[92mINFO [0m:      fit progress: (5, 2.2976120151519774, {'accuracy': 0.406, 'loss': 2.2976120151519774}, 72.98110813996755)
[92mINFO [0m:      configure_evaluate: strategy sampled 5 clients (out of 5)
[36m(ClientAppActor pid=666793)[0m 
[36m(ClientAppActor pid=666793)[0m         
[36m(ClientAppActor pid=666793)[0m [93mWARNING [0m:   DEPRECATED FEATURE: `client_fn` now expects a signature `def client_fn(context: Context)`.The provided `client_fn` has signature: {'cid': <Parameter "cid: str">}. You can import the `Context` like this: `from flwr.app import Context`[32m [repeated 10x across cluster][0m
[36m(ClientAppActor pid=666793)[0m             This is a deprecated feature. It will be removed[32m [repeated 10x across cluster][0m
[36m(ClientAppActor pid=666793)[0m             entirely in future versions of Flower.[32m [repeated 10x across cluster][0m
[36m(ClientAppActor pid=666758)[0m 
[36m(ClientAppActor pid=666758)[0m         
[36m(ClientAppActor pid=666792)[0m 
[36m(ClientAppActor pid=666792)[0m         
[36m(ClientAppActor pid=666760)[0m 
[36m(ClientAppActor pid=666760)[0m         
[36m(ClientAppActor pid=666759)[0m 
[36m(ClientAppActor pid=666759)[0m         
[92mINFO [0m:      aggregate_evaluate: received 5 results and 0 failures
[92mINFO [0m:      
[92mINFO [0m:      [ROUND 6]
[92mINFO [0m:      configure_fit: strategy sampled 5 clients (out of 5)
[36m(ClientAppActor pid=666760)[0m 
[36m(ClientAppActor pid=666760)[0m         
[36m(ClientAppActor pid=666759)[0m 
[36m(ClientAppActor pid=666759)[0m         
[36m(ClientAppActor pid=666792)[0m 
[36m(ClientAppActor pid=666792)[0m         
[36m(ClientAppActor pid=666758)[0m 
[36m(ClientAppActor pid=666758)[0m         
[36m(ClientAppActor pid=666793)[0m 
[36m(ClientAppActor pid=666793)[0m         
[92mINFO [0m:      aggregate_fit: received 5 results and 0 failures
[92mINFO [0m:      fit progress: (6, 2.603418761444092, {'accuracy': 0.443, 'loss': 2.603418761444092}, 87.07854281499749)
[92mINFO [0m:      configure_evaluate: strategy sampled 5 clients (out of 5)
[36m(ClientAppActor pid=666758)[0m 
[36m(ClientAppActor pid=666758)[0m         
[36m(ClientAppActor pid=666758)[0m [93mWARNING [0m:   DEPRECATED FEATURE: `client_fn` now expects a signature `def client_fn(context: Context)`.The provided `client_fn` has signature: {'cid': <Parameter "cid: str">}. You can import the `Context` like this: `from flwr.app import Context`[32m [repeated 10x across cluster][0m
[36m(ClientAppActor pid=666758)[0m             This is a deprecated feature. It will be removed[32m [repeated 10x across cluster][0m
[36m(ClientAppActor pid=666758)[0m             entirely in future versions of Flower.[32m [repeated 10x across cluster][0m
[36m(ClientAppActor pid=666793)[0m 
[36m(ClientAppActor pid=666793)[0m         
[36m(ClientAppActor pid=666792)[0m 
[36m(ClientAppActor pid=666792)[0m         
[36m(ClientAppActor pid=666760)[0m 
[36m(ClientAppActor pid=666760)[0m         
[36m(ClientAppActor pid=666759)[0m 
[36m(ClientAppActor pid=666759)[0m         
[92mINFO [0m:      aggregate_evaluate: received 5 results and 0 failures
[92mINFO [0m:      
[92mINFO [0m:      [ROUND 7]
[92mINFO [0m:      configure_fit: strategy sampled 5 clients (out of 5)
[36m(ClientAppActor pid=666759)[0m 
[36m(ClientAppActor pid=666759)[0m         
[36m(ClientAppActor pid=666760)[0m 
[36m(ClientAppActor pid=666760)[0m         
[36m(ClientAppActor pid=666792)[0m 
[36m(ClientAppActor pid=666792)[0m         
[36m(ClientAppActor pid=666793)[0m 
[36m(ClientAppActor pid=666793)[0m         
[36m(ClientAppActor pid=666758)[0m 
[36m(ClientAppActor pid=666758)[0m         
[92mINFO [0m:      aggregate_fit: received 5 results and 0 failures
[92mINFO [0m:      fit progress: (7, 2.9507802185058596, {'accuracy': 0.5035, 'loss': 2.9507802185058596}, 101.38321280799573)
[92mINFO [0m:      configure_evaluate: strategy sampled 5 clients (out of 5)
[36m(ClientAppActor pid=666793)[0m 
[36m(ClientAppActor pid=666793)[0m         
[36m(ClientAppActor pid=666793)[0m [93mWARNING [0m:   DEPRECATED FEATURE: `client_fn` now expects a signature `def client_fn(context: Context)`.The provided `client_fn` has signature: {'cid': <Parameter "cid: str">}. You can import the `Context` like this: `from flwr.app import Context`[32m [repeated 10x across cluster][0m
[36m(ClientAppActor pid=666793)[0m             This is a deprecated feature. It will be removed[32m [repeated 10x across cluster][0m
[36m(ClientAppActor pid=666793)[0m             entirely in future versions of Flower.[32m [repeated 10x across cluster][0m
[36m(ClientAppActor pid=666792)[0m 
[36m(ClientAppActor pid=666792)[0m         
[36m(ClientAppActor pid=666760)[0m 
[36m(ClientAppActor pid=666760)[0m         
[36m(ClientAppActor pid=666758)[0m 
[36m(ClientAppActor pid=666758)[0m         
[36m(ClientAppActor pid=666759)[0m 
[36m(ClientAppActor pid=666759)[0m         
[92mINFO [0m:      aggregate_evaluate: received 5 results and 0 failures
[92mINFO [0m:      
[92mINFO [0m:      [ROUND 8]
[92mINFO [0m:      configure_fit: strategy sampled 5 clients (out of 5)
[36m(ClientAppActor pid=666759)[0m 
[36m(ClientAppActor pid=666759)[0m         
[36m(ClientAppActor pid=666758)[0m 
[36m(ClientAppActor pid=666758)[0m         
[36m(ClientAppActor pid=666760)[0m 
[36m(ClientAppActor pid=666760)[0m         
[36m(ClientAppActor pid=666792)[0m 
[36m(ClientAppActor pid=666792)[0m         
[36m(ClientAppActor pid=666793)[0m 
[36m(ClientAppActor pid=666793)[0m         
[92mINFO [0m:      aggregate_fit: received 5 results and 0 failures
[92mINFO [0m:      fit progress: (8, 2.7626766622543335, {'accuracy': 0.4829, 'loss': 2.7626766622543335}, 115.22726335498737)
[92mINFO [0m:      configure_evaluate: strategy sampled 5 clients (out of 5)
[36m(ClientAppActor pid=666758)[0m 
[36m(ClientAppActor pid=666758)[0m         
[36m(ClientAppActor pid=666758)[0m [93mWARNING [0m:   DEPRECATED FEATURE: `client_fn` now expects a signature `def client_fn(context: Context)`.The provided `client_fn` has signature: {'cid': <Parameter "cid: str">}. You can import the `Context` like this: `from flwr.app import Context`[32m [repeated 10x across cluster][0m
[36m(ClientAppActor pid=666758)[0m             This is a deprecated feature. It will be removed[32m [repeated 10x across cluster][0m
[36m(ClientAppActor pid=666758)[0m             entirely in future versions of Flower.[32m [repeated 10x across cluster][0m
[36m(ClientAppActor pid=666759)[0m 
[36m(ClientAppActor pid=666759)[0m         
[36m(ClientAppActor pid=666792)[0m 
[36m(ClientAppActor pid=666792)[0m         
[36m(ClientAppActor pid=666793)[0m 
[36m(ClientAppActor pid=666793)[0m         
[36m(ClientAppActor pid=666760)[0m 
[36m(ClientAppActor pid=666760)[0m         
[92mINFO [0m:      aggregate_evaluate: received 5 results and 0 failures
[92mINFO [0m:      
[92mINFO [0m:      [ROUND 9]
[92mINFO [0m:      configure_fit: strategy sampled 5 clients (out of 5)
[36m(ClientAppActor pid=666760)[0m 
[36m(ClientAppActor pid=666760)[0m         
[36m(ClientAppActor pid=666793)[0m 
[36m(ClientAppActor pid=666793)[0m         
[36m(ClientAppActor pid=666792)[0m 
[36m(ClientAppActor pid=666792)[0m         
[36m(ClientAppActor pid=666759)[0m 
[36m(ClientAppActor pid=666759)[0m         
[36m(ClientAppActor pid=666758)[0m 
[36m(ClientAppActor pid=666758)[0m         
[92mINFO [0m:      aggregate_fit: received 5 results and 0 failures
[92mINFO [0m:      fit progress: (9, 2.208988094139099, {'accuracy': 0.4384, 'loss': 2.208988094139099}, 129.4711674459977)
[92mINFO [0m:      configure_evaluate: strategy sampled 5 clients (out of 5)
[36m(ClientAppActor pid=666759)[0m 
[36m(ClientAppActor pid=666759)[0m         
[36m(ClientAppActor pid=666759)[0m [93mWARNING [0m:   DEPRECATED FEATURE: `client_fn` now expects a signature `def client_fn(context: Context)`.The provided `client_fn` has signature: {'cid': <Parameter "cid: str">}. You can import the `Context` like this: `from flwr.app import Context`[32m [repeated 10x across cluster][0m
[36m(ClientAppActor pid=666759)[0m             This is a deprecated feature. It will be removed[32m [repeated 10x across cluster][0m
[36m(ClientAppActor pid=666759)[0m             entirely in future versions of Flower.[32m [repeated 10x across cluster][0m
[36m(ClientAppActor pid=666793)[0m 
[36m(ClientAppActor pid=666793)[0m         
[36m(ClientAppActor pid=666792)[0m 
[36m(ClientAppActor pid=666792)[0m         
[36m(ClientAppActor pid=666758)[0m 
[36m(ClientAppActor pid=666758)[0m         
[36m(ClientAppActor pid=666760)[0m 
[36m(ClientAppActor pid=666760)[0m         
[92mINFO [0m:      aggregate_evaluate: received 5 results and 0 failures
[92mINFO [0m:      
[92mINFO [0m:      [ROUND 10]
[92mINFO [0m:      configure_fit: strategy sampled 5 clients (out of 5)
[36m(ClientAppActor pid=666760)[0m 
[36m(ClientAppActor pid=666760)[0m         
[36m(ClientAppActor pid=666758)[0m 
[36m(ClientAppActor pid=666758)[0m         
[36m(ClientAppActor pid=666792)[0m 
[36m(ClientAppActor pid=666792)[0m         
[36m(ClientAppActor pid=666759)[0m 
[36m(ClientAppActor pid=666759)[0m         
[36m(ClientAppActor pid=666793)[0m 
[36m(ClientAppActor pid=666793)[0m         
[92mINFO [0m:      aggregate_fit: received 5 results and 0 failures
[92mINFO [0m:      fit progress: (10, 2.8559293495178224, {'accuracy': 0.4747, 'loss': 2.8559293495178224}, 143.20554915600223)
[92mINFO [0m:      configure_evaluate: strategy sampled 5 clients (out of 5)
[36m(ClientAppActor pid=666760)[0m 
[36m(ClientAppActor pid=666760)[0m         
[36m(ClientAppActor pid=666760)[0m [93mWARNING [0m:   DEPRECATED FEATURE: `client_fn` now expects a signature `def client_fn(context: Context)`.The provided `client_fn` has signature: {'cid': <Parameter "cid: str">}. You can import the `Context` like this: `from flwr.app import Context`[32m [repeated 10x across cluster][0m
[36m(ClientAppActor pid=666760)[0m             This is a deprecated feature. It will be removed[32m [repeated 10x across cluster][0m
[36m(ClientAppActor pid=666760)[0m             entirely in future versions of Flower.[32m [repeated 10x across cluster][0m
[36m(ClientAppActor pid=666759)[0m 
[36m(ClientAppActor pid=666759)[0m         
[36m(ClientAppActor pid=666792)[0m 
[36m(ClientAppActor pid=666792)[0m         
[36m(ClientAppActor pid=666758)[0m 
[36m(ClientAppActor pid=666758)[0m         
[36m(ClientAppActor pid=666793)[0m 
[36m(ClientAppActor pid=666793)[0m         
[92mINFO [0m:      aggregate_evaluate: received 5 results and 0 failures
[92mINFO [0m:      
[92mINFO [0m:      [SUMMARY]
[92mINFO [0m:      Run finished 10 round(s) in 144.14s
[92mINFO [0m:      	History (loss, distributed):
[92mINFO [0m:      		round 1: 2.310337753713775
[92mINFO [0m:      		round 2: 2.029827035477563
[92mINFO [0m:      		round 3: 2.8546230102022885
[92mINFO [0m:      		round 4: 2.9951173729446223
[92mINFO [0m:      		round 5: 2.2943293314550868
[92mINFO [0m:      		round 6: 2.625611166713857
[92mINFO [0m:      		round 7: 2.8732343664225333
[92mINFO [0m:      		round 8: 2.555113266418953
[92mINFO [0m:      		round 9: 2.1387161642861585
[92mINFO [0m:      		round 10: 2.786029741925304
[92mINFO [0m:      	History (loss, centralized):
[92mINFO [0m:      		round 0: 2.3032842998504637
[92mINFO [0m:      		round 1: 2.3090881675720216
[92mINFO [0m:      		round 2: 2.0205720767974853
[92mINFO [0m:      		round 3: 2.8474419670104982
[92mINFO [0m:      		round 4: 3.0252103721618653
[92mINFO [0m:      		round 5: 2.2976120151519774
[92mINFO [0m:      		round 6: 2.603418761444092
[92mINFO [0m:      		round 7: 2.9507802185058596
[92mINFO [0m:      		round 8: 2.7626766622543335
[92mINFO [0m:      		round 9: 2.208988094139099
[92mINFO [0m:      		round 10: 2.8559293495178224
[92mINFO [0m:      	History (metrics, distributed, fit):
[92mINFO [0m:      	{'avg_flops_per_client_round': [(1, 8140624189440.0),
[92mINFO [0m:      	                                (2, 8140624189440.0),
[92mINFO [0m:      	                                (3, 8140624189440.0),
[92mINFO [0m:      	                                (4, 8140624189440.0),
[92mINFO [0m:      	                                (5, 8140624189440.0),
[92mINFO [0m:      	                                (6, 8140624189440.0),
[92mINFO [0m:      	                                (7, 8140624189440.0),
[92mINFO [0m:      	                                (8, 8140624189440.0),
[92mINFO [0m:      	                                (9, 8140624189440.0),
[92mINFO [0m:      	                                (10, 8140624189440.0)],
[92mINFO [0m:      	 'total_flops_round': [(1, 40703120947200),
[92mINFO [0m:      	                       (2, 40703120947200),
[92mINFO [0m:      	                       (3, 40703120947200),
[92mINFO [0m:      	                       (4, 40703120947200),
[92mINFO [0m:      	                       (5, 40703120947200),
[92mINFO [0m:      	                       (6, 40703120947200),
[92mINFO [0m:      	                       (7, 40703120947200),
[92mINFO [0m:      	                       (8, 40703120947200),
[92mINFO [0m:      	                       (9, 40703120947200),
[92mINFO [0m:      	                       (10, 40703120947200)]}
[92mINFO [0m:      	History (metrics, distributed, evaluate):
[92mINFO [0m:      	{'accuracy': [(1, 0.09623849539815926),
[92mINFO [0m:      	              (2, 0.3307322929171669),
[92mINFO [0m:      	              (3, 0.34853941576630654),
[92mINFO [0m:      	              (4, 0.36954781912765106),
[92mINFO [0m:      	              (5, 0.40476190476190477),
[92mINFO [0m:      	              (6, 0.438375350140056),
[92mINFO [0m:      	              (7, 0.5024009603841537),
[92mINFO [0m:      	              (8, 0.5004001600640257),
[92mINFO [0m:      	              (9, 0.4533813525410164),
[92mINFO [0m:      	              (10, 0.48179271708683474)],
[92mINFO [0m:      	 'loss': [(1, 2.310337753713775),
[92mINFO [0m:      	          (2, 2.029827035477563),
[92mINFO [0m:      	          (3, 2.8546230102022885),
[92mINFO [0m:      	          (4, 2.9951173729446223),
[92mINFO [0m:      	          (5, 2.2943293314550868),
[92mINFO [0m:      	          (6, 2.625611166713857),
[92mINFO [0m:      	          (7, 2.8732343664225333),
[92mINFO [0m:      	          (8, 2.555113266418953),
[92mINFO [0m:      	          (9, 2.1387161642861585),
[92mINFO [0m:      	          (10, 2.786029741925304)]}
[92mINFO [0m:      	History (metrics, centralized):
[92mINFO [0m:      	{'accuracy': [(0, 0.1211),
[92mINFO [0m:      	              (1, 0.1),
[92mINFO [0m:      	              (2, 0.3345),
[92mINFO [0m:      	              (3, 0.3511),
[92mINFO [0m:      	              (4, 0.3685),
[92mINFO [0m:      	              (5, 0.406),
[92mINFO [0m:      	              (6, 0.443),
[92mINFO [0m:      	              (7, 0.5035),
[92mINFO [0m:      	              (8, 0.4829),
[92mINFO [0m:      	              (9, 0.4384),
[92mINFO [0m:      	              (10, 0.4747)],
[92mINFO [0m:      	 'loss': [(0, 2.3032842998504637),
[92mINFO [0m:      	          (1, 2.3090881675720216),
[92mINFO [0m:      	          (2, 2.0205720767974853),
[92mINFO [0m:      	          (3, 2.8474419670104982),
[92mINFO [0m:      	          (4, 3.0252103721618653),
[92mINFO [0m:      	          (5, 2.2976120151519774),
[92mINFO [0m:      	          (6, 2.603418761444092),
[92mINFO [0m:      	          (7, 2.9507802185058596),
[92mINFO [0m:      	          (8, 2.7626766622543335),
[92mINFO [0m:      	          (9, 2.208988094139099),
[92mINFO [0m:      	          (10, 2.8559293495178224)]}
[92mINFO [0m:      
Treinando no dispositivo: cuda:0 com o dataset: CIFAR10 | Setup clientes: 5 (num_gpus por cliente=0.2) | SEED=45 | Método: FedAvgM (server_momentum=0.9, server_lr=1.0)
FLOPS por amostra (forward): 6.030e+07 | (forward+backward, 3x): 1.809e+08
Files already downloaded and verified
Files already downloaded and verified
Dividindo o dataset usando a distribuição de Dirichlet com alpha=0.01.
Iniciando a simulação de Aprendizado Federado...
=== Diagnóstico de Medição de GPU ===
  pynvml_disponivel: True
  pynvml_versao: 580.173.02
  gpus_detectadas: 1
  leitura_potencia_ok: True
  potencia_atual_W: 114.006

--- Rodada 0 - Avaliação Centralizada (Servidor) ---
Loss (Servidor): 2.3033 | Acurácia (Servidor): 0.1211

--- Rodada 1 - Avaliação Centralizada (Servidor) ---
Loss (Servidor): 2.3091 | Acurácia (Servidor): 0.1000
--- Avaliação Agregada (Clientes) ---
Loss Média (Clientes): 2.3103 | Acurácia Média (Clientes): 0.0962

--- Rodada 2 - Avaliação Centralizada (Servidor) ---
Loss (Servidor): 2.0206 | Acurácia (Servidor): 0.3345
--- Avaliação Agregada (Clientes) ---
Loss Média (Clientes): 2.0298 | Acurácia Média (Clientes): 0.3307

--- Rodada 3 - Avaliação Centralizada (Servidor) ---
Loss (Servidor): 2.8474 | Acurácia (Servidor): 0.3511
--- Avaliação Agregada (Clientes) ---
Loss Média (Clientes): 2.8546 | Acurácia Média (Clientes): 0.3485

--- Rodada 4 - Avaliação Centralizada (Servidor) ---
Loss (Servidor): 3.0252 | Acurácia (Servidor): 0.3685
--- Avaliação Agregada (Clientes) ---
Loss Média (Clientes): 2.9951 | Acurácia Média (Clientes): 0.3695

--- Rodada 5 - Avaliação Centralizada (Servidor) ---
Loss (Servidor): 2.2976 | Acurácia (Servidor): 0.4060
--- Avaliação Agregada (Clientes) ---
Loss Média (Clientes): 2.2943 | Acurácia Média (Clientes): 0.4048

--- Rodada 6 - Avaliação Centralizada (Servidor) ---
Loss (Servidor): 2.6034 | Acurácia (Servidor): 0.4430
--- Avaliação Agregada (Clientes) ---
Loss Média (Clientes): 2.6256 | Acurácia Média (Clientes): 0.4384

--- Rodada 7 - Avaliação Centralizada (Servidor) ---
Loss (Servidor): 2.9508 | Acurácia (Servidor): 0.5035
--- Avaliação Agregada (Clientes) ---
Loss Média (Clientes): 2.8732 | Acurácia Média (Clientes): 0.5024

--- Rodada 8 - Avaliação Centralizada (Servidor) ---
Loss (Servidor): 2.7627 | Acurácia (Servidor): 0.4829
--- Avaliação Agregada (Clientes) ---
Loss Média (Clientes): 2.5551 | Acurácia Média (Clientes): 0.5004

--- Rodada 9 - Avaliação Centralizada (Servidor) ---
Loss (Servidor): 2.2090 | Acurácia (Servidor): 0.4384
--- Avaliação Agregada (Clientes) ---
Loss Média (Clientes): 2.1387 | Acurácia Média (Clientes): 0.4534

--- Rodada 10 - Avaliação Centralizada (Servidor) ---
Loss (Servidor): 2.8559 | Acurácia (Servidor): 0.4747
--- Avaliação Agregada (Clientes) ---
Loss Média (Clientes): 2.7860 | Acurácia Média (Clientes): 0.4818

Resultados salvos em: /home/tiago/GitHubProjects/fedhad-thesis-2/FedAvgM-results/1.1_diagnostico_drift/CIFAR10/FedAvgM__CIFAR10__Setup-5__Clients-5__Rounds-10__Delay-0_05__Alpha-0_01__Seed-45.txt
[36m(ClientAppActor pid=666793)[0m [93mWARNING [0m:   DEPRECATED FEATURE: `client_fn` now expects a signature `def client_fn(context: Context)`.The provided `client_fn` has signature: {'cid': <Parameter "cid: str">}. You can import the `Context` like this: `from flwr.app import Context`[32m [repeated 4x across cluster][0m
[36m(ClientAppActor pid=666793)[0m             This is a deprecated feature. It will be removed[32m [repeated 4x across cluster][0m
[36m(ClientAppActor pid=666793)[0m             entirely in future versions of Flower.[32m [repeated 4x across cluster][0m
