[codecarbon WARNING @ 11:27:01] Multiple instances of codecarbon are allowed to run at the same time.
[93mWARNING [0m:   DEPRECATED FEATURE: flwr.simulation.start_simulation() is deprecated.
	Instead, use the `flwr run` CLI command to start a local simulation in your Flower app, as shown for example below:

		$ flwr new  # Create a new Flower app from a template

		$ flwr run  # Run the Flower app in Simulation Mode

	Using `start_simulation()` is deprecated.

            This is a deprecated feature. It will be removed
            entirely in future versions of Flower.
        
[92mINFO [0m:      Starting Flower simulation, config: num_rounds=10, no round_timeout
2026-09-04 11:27:10,150	INFO worker.py:2012 -- Started a local Ray instance.
/home/tiago/GitHubProjects/fedhad-thesis-2/env_flwr_pt/lib/python3.12/site-packages/ray/_private/worker.py:2051: FutureWarning: Tip: In future versions of Ray, Ray will no longer override accelerator visible devices env var if num_gpus=0 or num_gpus=None (default). To enable this behavior and turn off this error message, set RAY_ACCEL_ENV_VAR_OVERRIDE_ON_ZERO=0
  warnings.warn(
[92mINFO [0m:      Flower VCE: Ray initialized with resources: {'memory': 181399870669.0, 'accelerator_type:A40': 1.0, 'CPU': 64.0, 'node:10.129.64.100': 1.0, 'object_store_memory': 77742801715.0, 'GPU': 1.0, 'node:__internal_head__': 1.0}
[92mINFO [0m:      Optimize your simulation with Flower VCE: https://flower.ai/docs/framework/how-to-run-simulations.html
/home/tiago/GitHubProjects/fedhad-thesis-2/FedAVG_Final.py:1577: UserWarning: No `num_cpus` specified in `client_resources`. Using `num_cpus=1` for each client.
  history = fl.simulation.start_simulation(
[92mINFO [0m:      Flower VCE: Resources for each Virtual Client: {'num_gpus': 0.2, 'num_cpus': 1}
[92mINFO [0m:      Flower VCE: Creating VirtualClientEngineActorPool with 5 actors
[92mINFO [0m:      [INIT]
[92mINFO [0m:      Requesting initial parameters from one random client
[36m(ClientAppActor pid=271888)[0m [93mWARNING [0m:   DEPRECATED FEATURE: `client_fn` now expects a signature `def client_fn(context: Context)`.The provided `client_fn` has signature: {'cid': <Parameter "cid: str">}. You can import the `Context` like this: `from flwr.app import Context`
[36m(ClientAppActor pid=271888)[0m 
[36m(ClientAppActor pid=271888)[0m             This is a deprecated feature. It will be removed
[36m(ClientAppActor pid=271888)[0m             entirely in future versions of Flower.
[36m(ClientAppActor pid=271888)[0m         
[92mINFO [0m:      Received initial parameters from one random client
[92mINFO [0m:      Starting evaluation of initial global parameters
[92mINFO [0m:      initial parameters (loss, other metrics): 2.303255707550049, {'accuracy': 0.1, 'loss': 2.303255707550049}
[92mINFO [0m:      
[92mINFO [0m:      [ROUND 1]
[92mINFO [0m:      configure_fit: strategy sampled 5 clients (out of 5)
[36m(ClientAppActor pid=271888)[0m [93mWARNING [0m:   DEPRECATED FEATURE: `client_fn` now expects a signature `def client_fn(context: Context)`.The provided `client_fn` has signature: {'cid': <Parameter "cid: str">}. You can import the `Context` like this: `from flwr.app import Context`
[36m(ClientAppActor pid=271888)[0m 
[36m(ClientAppActor pid=271888)[0m             This is a deprecated feature. It will be removed
[36m(ClientAppActor pid=271888)[0m             entirely in future versions of Flower.
[36m(ClientAppActor pid=271888)[0m         
[36m(ClientAppActor pid=271890)[0m 
[36m(ClientAppActor pid=271890)[0m         
[36m(ClientAppActor pid=271889)[0m 
[36m(ClientAppActor pid=271889)[0m         
[36m(ClientAppActor pid=271886)[0m 
[36m(ClientAppActor pid=271886)[0m         
[36m(ClientAppActor pid=271887)[0m 
[36m(ClientAppActor pid=271887)[0m         
[92mINFO [0m:      aggregate_fit: received 5 results and 0 failures
[92mINFO [0m:      fit progress: (1, 2.3285026000976563, {'accuracy': 0.1, 'loss': 2.3285026000976563}, 15.485953821975272)
[92mINFO [0m:      configure_evaluate: strategy sampled 5 clients (out of 5)
[36m(ClientAppActor pid=271887)[0m 
[36m(ClientAppActor pid=271887)[0m         
[36m(ClientAppActor pid=271887)[0m [93mWARNING [0m:   DEPRECATED FEATURE: `client_fn` now expects a signature `def client_fn(context: Context)`.The provided `client_fn` has signature: {'cid': <Parameter "cid: str">}. You can import the `Context` like this: `from flwr.app import Context`[32m [repeated 5x across cluster] (Ray deduplicates logs by default. Set RAY_DEDUP_LOGS=0 to disable log deduplication, or see https://docs.ray.io/en/master/ray-observability/user-guides/configure-logging.html#log-deduplication for more options.)[0m
[36m(ClientAppActor pid=271887)[0m             This is a deprecated feature. It will be removed[32m [repeated 5x across cluster][0m
[36m(ClientAppActor pid=271887)[0m             entirely in future versions of Flower.[32m [repeated 5x across cluster][0m
[36m(ClientAppActor pid=271890)[0m 
[36m(ClientAppActor pid=271890)[0m         
[36m(ClientAppActor pid=271886)[0m 
[36m(ClientAppActor pid=271886)[0m         
[36m(ClientAppActor pid=271888)[0m 
[36m(ClientAppActor pid=271888)[0m         
[36m(ClientAppActor pid=271889)[0m 
[36m(ClientAppActor pid=271889)[0m         
[92mINFO [0m:      aggregate_evaluate: received 5 results and 0 failures
[92mINFO [0m:      
[92mINFO [0m:      [ROUND 2]
[92mINFO [0m:      configure_fit: strategy sampled 5 clients (out of 5)
[36m(ClientAppActor pid=271889)[0m 
[36m(ClientAppActor pid=271889)[0m         
[36m(ClientAppActor pid=271888)[0m 
[36m(ClientAppActor pid=271888)[0m         
[36m(ClientAppActor pid=271886)[0m 
[36m(ClientAppActor pid=271886)[0m         
[36m(ClientAppActor pid=271890)[0m 
[36m(ClientAppActor pid=271890)[0m         
[36m(ClientAppActor pid=271887)[0m 
[36m(ClientAppActor pid=271887)[0m         
[92mINFO [0m:      aggregate_fit: received 5 results and 0 failures
[92mINFO [0m:      fit progress: (2, 1.1409135759353637, {'accuracy': 0.5968, 'loss': 1.1409135759353637}, 29.235180654970463)
[92mINFO [0m:      configure_evaluate: strategy sampled 5 clients (out of 5)
[36m(ClientAppActor pid=271889)[0m 
[36m(ClientAppActor pid=271889)[0m         
[36m(ClientAppActor pid=271889)[0m [93mWARNING [0m:   DEPRECATED FEATURE: `client_fn` now expects a signature `def client_fn(context: Context)`.The provided `client_fn` has signature: {'cid': <Parameter "cid: str">}. You can import the `Context` like this: `from flwr.app import Context`[32m [repeated 10x across cluster][0m
[36m(ClientAppActor pid=271889)[0m             This is a deprecated feature. It will be removed[32m [repeated 10x across cluster][0m
[36m(ClientAppActor pid=271889)[0m             entirely in future versions of Flower.[32m [repeated 10x across cluster][0m
[36m(ClientAppActor pid=271890)[0m 
[36m(ClientAppActor pid=271890)[0m         
[36m(ClientAppActor pid=271887)[0m 
[36m(ClientAppActor pid=271887)[0m         
[36m(ClientAppActor pid=271886)[0m 
[36m(ClientAppActor pid=271886)[0m         
[36m(ClientAppActor pid=271888)[0m 
[36m(ClientAppActor pid=271888)[0m         
[92mINFO [0m:      aggregate_evaluate: received 5 results and 0 failures
[92mINFO [0m:      
[92mINFO [0m:      [ROUND 3]
[92mINFO [0m:      configure_fit: strategy sampled 5 clients (out of 5)
[36m(ClientAppActor pid=271888)[0m 
[36m(ClientAppActor pid=271888)[0m         
[36m(ClientAppActor pid=271886)[0m 
[36m(ClientAppActor pid=271886)[0m         
[36m(ClientAppActor pid=271887)[0m 
[36m(ClientAppActor pid=271887)[0m         
[36m(ClientAppActor pid=271890)[0m 
[36m(ClientAppActor pid=271890)[0m         
[36m(ClientAppActor pid=271889)[0m 
[36m(ClientAppActor pid=271889)[0m         
[92mINFO [0m:      aggregate_fit: received 5 results and 0 failures
[92mINFO [0m:      fit progress: (3, 0.746892802143097, {'accuracy': 0.7381, 'loss': 0.746892802143097}, 43.305027654976584)
[92mINFO [0m:      configure_evaluate: strategy sampled 5 clients (out of 5)
[36m(ClientAppActor pid=271887)[0m 
[36m(ClientAppActor pid=271887)[0m         
[36m(ClientAppActor pid=271887)[0m [93mWARNING [0m:   DEPRECATED FEATURE: `client_fn` now expects a signature `def client_fn(context: Context)`.The provided `client_fn` has signature: {'cid': <Parameter "cid: str">}. You can import the `Context` like this: `from flwr.app import Context`[32m [repeated 10x across cluster][0m
[36m(ClientAppActor pid=271887)[0m             This is a deprecated feature. It will be removed[32m [repeated 10x across cluster][0m
[36m(ClientAppActor pid=271887)[0m             entirely in future versions of Flower.[32m [repeated 10x across cluster][0m
[36m(ClientAppActor pid=271890)[0m 
[36m(ClientAppActor pid=271890)[0m         
[36m(ClientAppActor pid=271886)[0m 
[36m(ClientAppActor pid=271886)[0m         
[36m(ClientAppActor pid=271888)[0m 
[36m(ClientAppActor pid=271888)[0m         
[36m(ClientAppActor pid=271889)[0m 
[36m(ClientAppActor pid=271889)[0m         
[92mINFO [0m:      aggregate_evaluate: received 5 results and 0 failures
[92mINFO [0m:      
[92mINFO [0m:      [ROUND 4]
[92mINFO [0m:      configure_fit: strategy sampled 5 clients (out of 5)
[36m(ClientAppActor pid=271889)[0m 
[36m(ClientAppActor pid=271889)[0m         
[36m(ClientAppActor pid=271888)[0m 
[36m(ClientAppActor pid=271888)[0m         
[36m(ClientAppActor pid=271890)[0m 
[36m(ClientAppActor pid=271890)[0m         
[36m(ClientAppActor pid=271886)[0m 
[36m(ClientAppActor pid=271886)[0m         
[36m(ClientAppActor pid=271887)[0m 
[36m(ClientAppActor pid=271887)[0m         
[92mINFO [0m:      aggregate_fit: received 5 results and 0 failures
[92mINFO [0m:      fit progress: (4, 0.6640996238708496, {'accuracy': 0.7746, 'loss': 0.6640996238708496}, 57.26694929896621)
[92mINFO [0m:      configure_evaluate: strategy sampled 5 clients (out of 5)
[36m(ClientAppActor pid=271890)[0m 
[36m(ClientAppActor pid=271890)[0m         
[36m(ClientAppActor pid=271890)[0m [93mWARNING [0m:   DEPRECATED FEATURE: `client_fn` now expects a signature `def client_fn(context: Context)`.The provided `client_fn` has signature: {'cid': <Parameter "cid: str">}. You can import the `Context` like this: `from flwr.app import Context`[32m [repeated 10x across cluster][0m
[36m(ClientAppActor pid=271890)[0m             This is a deprecated feature. It will be removed[32m [repeated 10x across cluster][0m
[36m(ClientAppActor pid=271890)[0m             entirely in future versions of Flower.[32m [repeated 10x across cluster][0m
[36m(ClientAppActor pid=271886)[0m 
[36m(ClientAppActor pid=271886)[0m         
[36m(ClientAppActor pid=271887)[0m 
[36m(ClientAppActor pid=271887)[0m         
[36m(ClientAppActor pid=271888)[0m 
[36m(ClientAppActor pid=271888)[0m         
[36m(ClientAppActor pid=271889)[0m 
[36m(ClientAppActor pid=271889)[0m         
[92mINFO [0m:      aggregate_evaluate: received 5 results and 0 failures
[92mINFO [0m:      
[92mINFO [0m:      [ROUND 5]
[92mINFO [0m:      configure_fit: strategy sampled 5 clients (out of 5)
[36m(ClientAppActor pid=271889)[0m 
[36m(ClientAppActor pid=271889)[0m         
[36m(ClientAppActor pid=271888)[0m 
[36m(ClientAppActor pid=271888)[0m         
[36m(ClientAppActor pid=271886)[0m 
[36m(ClientAppActor pid=271886)[0m         
[36m(ClientAppActor pid=271887)[0m 
[36m(ClientAppActor pid=271887)[0m         
[36m(ClientAppActor pid=271890)[0m 
[36m(ClientAppActor pid=271890)[0m         
[92mINFO [0m:      aggregate_fit: received 5 results and 0 failures
[92mINFO [0m:      fit progress: (5, 0.6409914320468902, {'accuracy': 0.7862, 'loss': 0.6409914320468902}, 71.5138350079651)
[92mINFO [0m:      configure_evaluate: strategy sampled 5 clients (out of 5)
[36m(ClientAppActor pid=271890)[0m 
[36m(ClientAppActor pid=271890)[0m         
[36m(ClientAppActor pid=271890)[0m [93mWARNING [0m:   DEPRECATED FEATURE: `client_fn` now expects a signature `def client_fn(context: Context)`.The provided `client_fn` has signature: {'cid': <Parameter "cid: str">}. You can import the `Context` like this: `from flwr.app import Context`[32m [repeated 10x across cluster][0m
[36m(ClientAppActor pid=271890)[0m             This is a deprecated feature. It will be removed[32m [repeated 10x across cluster][0m
[36m(ClientAppActor pid=271890)[0m             entirely in future versions of Flower.[32m [repeated 10x across cluster][0m
[36m(ClientAppActor pid=271889)[0m 
[36m(ClientAppActor pid=271889)[0m         
[36m(ClientAppActor pid=271888)[0m 
[36m(ClientAppActor pid=271888)[0m         
[36m(ClientAppActor pid=271886)[0m 
[36m(ClientAppActor pid=271886)[0m         
[36m(ClientAppActor pid=271887)[0m 
[36m(ClientAppActor pid=271887)[0m         
[92mINFO [0m:      aggregate_evaluate: received 5 results and 0 failures
[92mINFO [0m:      
[92mINFO [0m:      [ROUND 6]
[92mINFO [0m:      configure_fit: strategy sampled 5 clients (out of 5)
[36m(ClientAppActor pid=271887)[0m 
[36m(ClientAppActor pid=271887)[0m         
[36m(ClientAppActor pid=271886)[0m 
[36m(ClientAppActor pid=271886)[0m         
[36m(ClientAppActor pid=271889)[0m 
[36m(ClientAppActor pid=271889)[0m         
[36m(ClientAppActor pid=271888)[0m 
[36m(ClientAppActor pid=271888)[0m         
[36m(ClientAppActor pid=271890)[0m 
[36m(ClientAppActor pid=271890)[0m         
[92mINFO [0m:      aggregate_fit: received 5 results and 0 failures
[92mINFO [0m:      fit progress: (6, 0.6436215385913849, {'accuracy': 0.7962, 'loss': 0.6436215385913849}, 85.22349597600987)
[92mINFO [0m:      configure_evaluate: strategy sampled 5 clients (out of 5)
[36m(ClientAppActor pid=271886)[0m 
[36m(ClientAppActor pid=271886)[0m         
[36m(ClientAppActor pid=271886)[0m [93mWARNING [0m:   DEPRECATED FEATURE: `client_fn` now expects a signature `def client_fn(context: Context)`.The provided `client_fn` has signature: {'cid': <Parameter "cid: str">}. You can import the `Context` like this: `from flwr.app import Context`[32m [repeated 10x across cluster][0m
[36m(ClientAppActor pid=271886)[0m             This is a deprecated feature. It will be removed[32m [repeated 10x across cluster][0m
[36m(ClientAppActor pid=271886)[0m             entirely in future versions of Flower.[32m [repeated 10x across cluster][0m
[36m(ClientAppActor pid=271890)[0m 
[36m(ClientAppActor pid=271890)[0m         
[36m(ClientAppActor pid=271887)[0m 
[36m(ClientAppActor pid=271887)[0m         
[36m(ClientAppActor pid=271888)[0m 
[36m(ClientAppActor pid=271888)[0m         
[36m(ClientAppActor pid=271889)[0m 
[36m(ClientAppActor pid=271889)[0m         
[92mINFO [0m:      aggregate_evaluate: received 5 results and 0 failures
[92mINFO [0m:      
[92mINFO [0m:      [ROUND 7]
[92mINFO [0m:      configure_fit: strategy sampled 5 clients (out of 5)
[36m(ClientAppActor pid=271889)[0m 
[36m(ClientAppActor pid=271889)[0m         
[36m(ClientAppActor pid=271888)[0m 
[36m(ClientAppActor pid=271888)[0m         
[36m(ClientAppActor pid=271887)[0m 
[36m(ClientAppActor pid=271887)[0m         
[36m(ClientAppActor pid=271890)[0m 
[36m(ClientAppActor pid=271890)[0m         
[36m(ClientAppActor pid=271886)[0m 
[36m(ClientAppActor pid=271886)[0m         
[92mINFO [0m:      aggregate_fit: received 5 results and 0 failures
[92mINFO [0m:      fit progress: (7, 0.6549933473587036, {'accuracy': 0.7987, 'loss': 0.6549933473587036}, 99.2735497750109)
[92mINFO [0m:      configure_evaluate: strategy sampled 5 clients (out of 5)
[36m(ClientAppActor pid=271886)[0m 
[36m(ClientAppActor pid=271886)[0m         
[36m(ClientAppActor pid=271886)[0m [93mWARNING [0m:   DEPRECATED FEATURE: `client_fn` now expects a signature `def client_fn(context: Context)`.The provided `client_fn` has signature: {'cid': <Parameter "cid: str">}. You can import the `Context` like this: `from flwr.app import Context`[32m [repeated 10x across cluster][0m
[36m(ClientAppActor pid=271886)[0m             This is a deprecated feature. It will be removed[32m [repeated 10x across cluster][0m
[36m(ClientAppActor pid=271886)[0m             entirely in future versions of Flower.[32m [repeated 10x across cluster][0m
[36m(ClientAppActor pid=271887)[0m 
[36m(ClientAppActor pid=271887)[0m         
[36m(ClientAppActor pid=271890)[0m 
[36m(ClientAppActor pid=271890)[0m         
[36m(ClientAppActor pid=271888)[0m 
[36m(ClientAppActor pid=271888)[0m         
[36m(ClientAppActor pid=271889)[0m 
[36m(ClientAppActor pid=271889)[0m         
[92mINFO [0m:      aggregate_evaluate: received 5 results and 0 failures
[92mINFO [0m:      
[92mINFO [0m:      [ROUND 8]
[92mINFO [0m:      configure_fit: strategy sampled 5 clients (out of 5)
[36m(ClientAppActor pid=271889)[0m 
[36m(ClientAppActor pid=271889)[0m         
[36m(ClientAppActor pid=271888)[0m 
[36m(ClientAppActor pid=271888)[0m         
[36m(ClientAppActor pid=271887)[0m 
[36m(ClientAppActor pid=271887)[0m         
[36m(ClientAppActor pid=271890)[0m 
[36m(ClientAppActor pid=271890)[0m         
[36m(ClientAppActor pid=271886)[0m 
[36m(ClientAppActor pid=271886)[0m         
[92mINFO [0m:      aggregate_fit: received 5 results and 0 failures
[92mINFO [0m:      fit progress: (8, 0.6790056540012359, {'accuracy': 0.8092, 'loss': 0.6790056540012359}, 112.91904755897122)
[92mINFO [0m:      configure_evaluate: strategy sampled 5 clients (out of 5)
[36m(ClientAppActor pid=271889)[0m 
[36m(ClientAppActor pid=271889)[0m         
[36m(ClientAppActor pid=271889)[0m [93mWARNING [0m:   DEPRECATED FEATURE: `client_fn` now expects a signature `def client_fn(context: Context)`.The provided `client_fn` has signature: {'cid': <Parameter "cid: str">}. You can import the `Context` like this: `from flwr.app import Context`[32m [repeated 10x across cluster][0m
[36m(ClientAppActor pid=271889)[0m             This is a deprecated feature. It will be removed[32m [repeated 10x across cluster][0m
[36m(ClientAppActor pid=271889)[0m             entirely in future versions of Flower.[32m [repeated 10x across cluster][0m
[36m(ClientAppActor pid=271887)[0m 
[36m(ClientAppActor pid=271887)[0m         
[36m(ClientAppActor pid=271886)[0m 
[36m(ClientAppActor pid=271886)[0m         
[36m(ClientAppActor pid=271890)[0m 
[36m(ClientAppActor pid=271890)[0m         
[36m(ClientAppActor pid=271888)[0m 
[36m(ClientAppActor pid=271888)[0m         
[92mINFO [0m:      aggregate_evaluate: received 5 results and 0 failures
[92mINFO [0m:      
[92mINFO [0m:      [ROUND 9]
[92mINFO [0m:      configure_fit: strategy sampled 5 clients (out of 5)
[36m(ClientAppActor pid=271888)[0m 
[36m(ClientAppActor pid=271888)[0m         
[36m(ClientAppActor pid=271890)[0m 
[36m(ClientAppActor pid=271890)[0m         
[36m(ClientAppActor pid=271886)[0m 
[36m(ClientAppActor pid=271886)[0m         
[36m(ClientAppActor pid=271887)[0m 
[36m(ClientAppActor pid=271887)[0m         
[36m(ClientAppActor pid=271889)[0m 
[36m(ClientAppActor pid=271889)[0m         
[92mINFO [0m:      aggregate_fit: received 5 results and 0 failures
[92mINFO [0m:      fit progress: (9, 0.6869612168073654, {'accuracy': 0.8078, 'loss': 0.6869612168073654}, 127.19141759199556)
[92mINFO [0m:      configure_evaluate: strategy sampled 5 clients (out of 5)
[36m(ClientAppActor pid=271889)[0m 
[36m(ClientAppActor pid=271889)[0m         
[36m(ClientAppActor pid=271889)[0m [93mWARNING [0m:   DEPRECATED FEATURE: `client_fn` now expects a signature `def client_fn(context: Context)`.The provided `client_fn` has signature: {'cid': <Parameter "cid: str">}. You can import the `Context` like this: `from flwr.app import Context`[32m [repeated 10x across cluster][0m
[36m(ClientAppActor pid=271889)[0m             This is a deprecated feature. It will be removed[32m [repeated 10x across cluster][0m
[36m(ClientAppActor pid=271889)[0m             entirely in future versions of Flower.[32m [repeated 10x across cluster][0m
[36m(ClientAppActor pid=271888)[0m 
[36m(ClientAppActor pid=271888)[0m         
[36m(ClientAppActor pid=271890)[0m 
[36m(ClientAppActor pid=271890)[0m         
[36m(ClientAppActor pid=271886)[0m 
[36m(ClientAppActor pid=271886)[0m         
[36m(ClientAppActor pid=271887)[0m 
[36m(ClientAppActor pid=271887)[0m         
[92mINFO [0m:      aggregate_evaluate: received 5 results and 0 failures
[92mINFO [0m:      
[92mINFO [0m:      [ROUND 10]
[92mINFO [0m:      configure_fit: strategy sampled 5 clients (out of 5)
[36m(ClientAppActor pid=271887)[0m 
[36m(ClientAppActor pid=271887)[0m         
[36m(ClientAppActor pid=271886)[0m 
[36m(ClientAppActor pid=271886)[0m         
[36m(ClientAppActor pid=271890)[0m 
[36m(ClientAppActor pid=271890)[0m         
[36m(ClientAppActor pid=271888)[0m 
[36m(ClientAppActor pid=271888)[0m         
[36m(ClientAppActor pid=271889)[0m 
[36m(ClientAppActor pid=271889)[0m         
[92mINFO [0m:      aggregate_fit: received 5 results and 0 failures
[92mINFO [0m:      fit progress: (10, 0.7405837941169738, {'accuracy': 0.8094, 'loss': 0.7405837941169738}, 141.35315831098706)
[92mINFO [0m:      configure_evaluate: strategy sampled 5 clients (out of 5)
[36m(ClientAppActor pid=271888)[0m 
[36m(ClientAppActor pid=271888)[0m         
[36m(ClientAppActor pid=271888)[0m [93mWARNING [0m:   DEPRECATED FEATURE: `client_fn` now expects a signature `def client_fn(context: Context)`.The provided `client_fn` has signature: {'cid': <Parameter "cid: str">}. You can import the `Context` like this: `from flwr.app import Context`[32m [repeated 10x across cluster][0m
[36m(ClientAppActor pid=271888)[0m             This is a deprecated feature. It will be removed[32m [repeated 10x across cluster][0m
[36m(ClientAppActor pid=271888)[0m             entirely in future versions of Flower.[32m [repeated 10x across cluster][0m
[36m(ClientAppActor pid=271886)[0m 
[36m(ClientAppActor pid=271886)[0m         
[36m(ClientAppActor pid=271890)[0m 
[36m(ClientAppActor pid=271890)[0m         
[36m(ClientAppActor pid=271889)[0m 
[36m(ClientAppActor pid=271889)[0m         
[36m(ClientAppActor pid=271887)[0m 
[36m(ClientAppActor pid=271887)[0m         
[92mINFO [0m:      aggregate_evaluate: received 5 results and 0 failures
[92mINFO [0m:      
[92mINFO [0m:      [SUMMARY]
[92mINFO [0m:      Run finished 10 round(s) in 142.20s
[92mINFO [0m:      	History (loss, distributed):
[92mINFO [0m:      		round 1: 2.332516489481153
[92mINFO [0m:      		round 2: 1.1544685203726648
[92mINFO [0m:      		round 3: 0.7416351897721769
[92mINFO [0m:      		round 4: 0.656012903014962
[92mINFO [0m:      		round 5: 0.6351774701503526
[92mINFO [0m:      		round 6: 0.6369099630480435
[92mINFO [0m:      		round 7: 0.6548134690585161
[92mINFO [0m:      		round 8: 0.6782001126237085
[92mINFO [0m:      		round 9: 0.6921207620864775
[92mINFO [0m:      		round 10: 0.7295375055387145
[92mINFO [0m:      	History (loss, centralized):
[92mINFO [0m:      		round 0: 2.303255707550049
[92mINFO [0m:      		round 1: 2.3285026000976563
[92mINFO [0m:      		round 2: 1.1409135759353637
[92mINFO [0m:      		round 3: 0.746892802143097
[92mINFO [0m:      		round 4: 0.6640996238708496
[92mINFO [0m:      		round 5: 0.6409914320468902
[92mINFO [0m:      		round 6: 0.6436215385913849
[92mINFO [0m:      		round 7: 0.6549933473587036
[92mINFO [0m:      		round 8: 0.6790056540012359
[92mINFO [0m:      		round 9: 0.6869612168073654
[92mINFO [0m:      		round 10: 0.7405837941169738
[92mINFO [0m:      	History (metrics, distributed, fit):
[92mINFO [0m:      	{'avg_flops_per_client_round': [(1, 8140624189440.0),
[92mINFO [0m:      	                                (2, 8140624189440.0),
[92mINFO [0m:      	                                (3, 8140624189440.0),
[92mINFO [0m:      	                                (4, 8140624189440.0),
[92mINFO [0m:      	                                (5, 8140624189440.0),
[92mINFO [0m:      	                                (6, 8140624189440.0),
[92mINFO [0m:      	                                (7, 8140624189440.0),
[92mINFO [0m:      	                                (8, 8140624189440.0),
[92mINFO [0m:      	                                (9, 8140624189440.0),
[92mINFO [0m:      	                                (10, 8140624189440.0)],
[92mINFO [0m:      	 'total_flops_round': [(1, 40703120947200),
[92mINFO [0m:      	                       (2, 40703120947200),
[92mINFO [0m:      	                       (3, 40703120947200),
[92mINFO [0m:      	                       (4, 40703120947200),
[92mINFO [0m:      	                       (5, 40703120947200),
[92mINFO [0m:      	                       (6, 40703120947200),
[92mINFO [0m:      	                       (7, 40703120947200),
[92mINFO [0m:      	                       (8, 40703120947200),
[92mINFO [0m:      	                       (9, 40703120947200),
[92mINFO [0m:      	                       (10, 40703120947200)]}
[92mINFO [0m:      	History (metrics, distributed, evaluate):
[92mINFO [0m:      	{'accuracy': [(1, 0.09303721488595439),
[92mINFO [0m:      	              (2, 0.5854341736694678),
[92mINFO [0m:      	              (3, 0.7242897158863545),
[92mINFO [0m:      	              (4, 0.7727090836334534),
[92mINFO [0m:      	              (5, 0.7843137254901961),
[92mINFO [0m:      	              (6, 0.7971188475390156),
[92mINFO [0m:      	              (7, 0.7941176470588235),
[92mINFO [0m:      	              (8, 0.804921968787515),
[92mINFO [0m:      	              (9, 0.8089235694277711),
[92mINFO [0m:      	              (10, 0.8061224489795918)],
[92mINFO [0m:      	 'loss': [(1, 2.332516489481153),
[92mINFO [0m:      	          (2, 1.1544685203726648),
[92mINFO [0m:      	          (3, 0.7416351897721769),
[92mINFO [0m:      	          (4, 0.656012903014962),
[92mINFO [0m:      	          (5, 0.6351774701503526),
[92mINFO [0m:      	          (6, 0.6369099630480435),
[92mINFO [0m:      	          (7, 0.6548134690585161),
[92mINFO [0m:      	          (8, 0.6782001126237085),
[92mINFO [0m:      	          (9, 0.6921207620864775),
[92mINFO [0m:      	          (10, 0.7295375055387145)]}
[92mINFO [0m:      	History (metrics, centralized):
[92mINFO [0m:      	{'accuracy': [(0, 0.1),
[92mINFO [0m:      	              (1, 0.1),
[92mINFO [0m:      	              (2, 0.5968),
[92mINFO [0m:      	              (3, 0.7381),
[92mINFO [0m:      	              (4, 0.7746),
[92mINFO [0m:      	              (5, 0.7862),
[92mINFO [0m:      	              (6, 0.7962),
[92mINFO [0m:      	              (7, 0.7987),
[92mINFO [0m:      	              (8, 0.8092),
[92mINFO [0m:      	              (9, 0.8078),
[92mINFO [0m:      	              (10, 0.8094)],
[92mINFO [0m:      	 'loss': [(0, 2.303255707550049),
[92mINFO [0m:      	          (1, 2.3285026000976563),
[92mINFO [0m:      	          (2, 1.1409135759353637),
[92mINFO [0m:      	          (3, 0.746892802143097),
[92mINFO [0m:      	          (4, 0.6640996238708496),
[92mINFO [0m:      	          (5, 0.6409914320468902),
[92mINFO [0m:      	          (6, 0.6436215385913849),
[92mINFO [0m:      	          (7, 0.6549933473587036),
[92mINFO [0m:      	          (8, 0.6790056540012359),
[92mINFO [0m:      	          (9, 0.6869612168073654),
[92mINFO [0m:      	          (10, 0.7405837941169738)]}
[92mINFO [0m:      
Treinando no dispositivo: cuda:0 com o dataset: CIFAR10 | Setup clientes: 5 (num_gpus por cliente=0.2) | SEED=43
FLOPS por amostra (forward): 6.030e+07 | (forward+backward, 3x): 1.809e+08
Files already downloaded and verified
Files already downloaded and verified
Dividindo o dataset usando a distribuição de Dirichlet com alpha=1.0.
Iniciando a simulação de Aprendizado Federado...
=== Diagnóstico de Medição de GPU ===
  pynvml_disponivel: True
  pynvml_versao: 580.173.02
  gpus_detectadas: 1
  leitura_potencia_ok: True
  potencia_atual_W: 113.247

--- Rodada 0 - Avaliação Centralizada (Servidor) ---
Loss (Servidor): 2.3033 | Acurácia (Servidor): 0.1000

--- Rodada 1 - Avaliação Centralizada (Servidor) ---
Loss (Servidor): 2.3285 | Acurácia (Servidor): 0.1000
--- Avaliação Agregada (Clientes) ---
Loss Média (Clientes): 2.3325 | Acurácia Média (Clientes): 0.0930

--- Rodada 2 - Avaliação Centralizada (Servidor) ---
Loss (Servidor): 1.1409 | Acurácia (Servidor): 0.5968
--- Avaliação Agregada (Clientes) ---
Loss Média (Clientes): 1.1545 | Acurácia Média (Clientes): 0.5854

--- Rodada 3 - Avaliação Centralizada (Servidor) ---
Loss (Servidor): 0.7469 | Acurácia (Servidor): 0.7381
--- Avaliação Agregada (Clientes) ---
Loss Média (Clientes): 0.7416 | Acurácia Média (Clientes): 0.7243

--- Rodada 4 - Avaliação Centralizada (Servidor) ---
Loss (Servidor): 0.6641 | Acurácia (Servidor): 0.7746
--- Avaliação Agregada (Clientes) ---
Loss Média (Clientes): 0.6560 | Acurácia Média (Clientes): 0.7727

--- Rodada 5 - Avaliação Centralizada (Servidor) ---
Loss (Servidor): 0.6410 | Acurácia (Servidor): 0.7862
--- Avaliação Agregada (Clientes) ---
Loss Média (Clientes): 0.6352 | Acurácia Média (Clientes): 0.7843

--- Rodada 6 - Avaliação Centralizada (Servidor) ---
Loss (Servidor): 0.6436 | Acurácia (Servidor): 0.7962
--- Avaliação Agregada (Clientes) ---
Loss Média (Clientes): 0.6369 | Acurácia Média (Clientes): 0.7971

--- Rodada 7 - Avaliação Centralizada (Servidor) ---
Loss (Servidor): 0.6550 | Acurácia (Servidor): 0.7987
--- Avaliação Agregada (Clientes) ---
Loss Média (Clientes): 0.6548 | Acurácia Média (Clientes): 0.7941

--- Rodada 8 - Avaliação Centralizada (Servidor) ---
Loss (Servidor): 0.6790 | Acurácia (Servidor): 0.8092
--- Avaliação Agregada (Clientes) ---
Loss Média (Clientes): 0.6782 | Acurácia Média (Clientes): 0.8049

--- Rodada 9 - Avaliação Centralizada (Servidor) ---
Loss (Servidor): 0.6870 | Acurácia (Servidor): 0.8078
--- Avaliação Agregada (Clientes) ---
Loss Média (Clientes): 0.6921 | Acurácia Média (Clientes): 0.8089

--- Rodada 10 - Avaliação Centralizada (Servidor) ---
Loss (Servidor): 0.7406 | Acurácia (Servidor): 0.8094
--- Avaliação Agregada (Clientes) ---
Loss Média (Clientes): 0.7295 | Acurácia Média (Clientes): 0.8061

Resultados salvos em: /home/tiago/GitHubProjects/fedhad-thesis-2/FedAVG-results/1.1_diagnostico_drift/CIFAR10/FedAVG__CIFAR10__Setup-5__Clients-5__Rounds-10__Delay-0_05__Alpha-1_0__Seed-43.txt
[36m(ClientAppActor pid=271887)[0m [93mWARNING [0m:   DEPRECATED FEATURE: `client_fn` now expects a signature `def client_fn(context: Context)`.The provided `client_fn` has signature: {'cid': <Parameter "cid: str">}. You can import the `Context` like this: `from flwr.app import Context`[32m [repeated 4x across cluster][0m
[36m(ClientAppActor pid=271887)[0m             This is a deprecated feature. It will be removed[32m [repeated 4x across cluster][0m
[36m(ClientAppActor pid=271887)[0m             entirely in future versions of Flower.[32m [repeated 4x across cluster][0m
