[codecarbon WARNING @ 13:55:14] Multiple instances of codecarbon are allowed to run at the same time.
[93mWARNING [0m:   DEPRECATED FEATURE: flwr.simulation.start_simulation() is deprecated.
	Instead, use the `flwr run` CLI command to start a local simulation in your Flower app, as shown for example below:

		$ flwr new  # Create a new Flower app from a template

		$ flwr run  # Run the Flower app in Simulation Mode

	Using `start_simulation()` is deprecated.

            This is a deprecated feature. It will be removed
            entirely in future versions of Flower.
        
[92mINFO [0m:      Starting Flower simulation, config: num_rounds=10, no round_timeout
2026-09-04 13:55:22,670	INFO worker.py:2012 -- Started a local Ray instance.
/home/tiago/GitHubProjects/fedhad-thesis-2/env_flwr_pt/lib/python3.12/site-packages/ray/_private/worker.py:2051: FutureWarning: Tip: In future versions of Ray, Ray will no longer override accelerator visible devices env var if num_gpus=0 or num_gpus=None (default). To enable this behavior and turn off this error message, set RAY_ACCEL_ENV_VAR_OVERRIDE_ON_ZERO=0
  warnings.warn(
[92mINFO [0m:      Flower VCE: Ray initialized with resources: {'node:10.129.64.100': 1.0, 'GPU': 1.0, 'node:__internal_head__': 1.0, 'memory': 181411583181.0, 'CPU': 64.0, 'accelerator_type:A40': 1.0, 'object_store_memory': 77747821363.0}
[92mINFO [0m:      Optimize your simulation with Flower VCE: https://flower.ai/docs/framework/how-to-run-simulations.html
/home/tiago/GitHubProjects/fedhad-thesis-2/FedAvgM_Final.py:1669: UserWarning: No `num_cpus` specified in `client_resources`. Using `num_cpus=1` for each client.
  history = fl.simulation.start_simulation(
[92mINFO [0m:      Flower VCE: Resources for each Virtual Client: {'num_gpus': 0.2, 'num_cpus': 1}
[92mINFO [0m:      Flower VCE: Creating VirtualClientEngineActorPool with 5 actors
[92mINFO [0m:      [INIT]
[92mINFO [0m:      Using initial global parameters provided by strategy
[92mINFO [0m:      Starting evaluation of initial global parameters
[92mINFO [0m:      initial parameters (loss, other metrics): 2.3030473361968995, {'accuracy': 0.09, 'loss': 2.3030473361968995}
[92mINFO [0m:      
[92mINFO [0m:      [ROUND 1]
[92mINFO [0m:      configure_fit: strategy sampled 5 clients (out of 5)
[36m(ClientAppActor pid=659065)[0m [93mWARNING [0m:   DEPRECATED FEATURE: `client_fn` now expects a signature `def client_fn(context: Context)`.The provided `client_fn` has signature: {'cid': <Parameter "cid: str">}. You can import the `Context` like this: `from flwr.app import Context`
[36m(ClientAppActor pid=659065)[0m 
[36m(ClientAppActor pid=659065)[0m             This is a deprecated feature. It will be removed
[36m(ClientAppActor pid=659065)[0m             entirely in future versions of Flower.
[36m(ClientAppActor pid=659065)[0m         
[36m(ClientAppActor pid=659064)[0m 
[36m(ClientAppActor pid=659064)[0m         
[36m(ClientAppActor pid=659037)[0m 
[36m(ClientAppActor pid=659037)[0m         
[36m(ClientAppActor pid=659031)[0m 
[36m(ClientAppActor pid=659031)[0m         
[36m(ClientAppActor pid=659030)[0m 
[36m(ClientAppActor pid=659030)[0m         
[92mINFO [0m:      aggregate_fit: received 5 results and 0 failures
[92mINFO [0m:      fit progress: (1, 2.3033020832061766, {'accuracy': 0.165, 'loss': 2.3033020832061766}, 16.64416418998735)
[92mINFO [0m:      configure_evaluate: strategy sampled 5 clients (out of 5)
[36m(ClientAppActor pid=659030)[0m 
[36m(ClientAppActor pid=659030)[0m         
[36m(ClientAppActor pid=659030)[0m [93mWARNING [0m:   DEPRECATED FEATURE: `client_fn` now expects a signature `def client_fn(context: Context)`.The provided `client_fn` has signature: {'cid': <Parameter "cid: str">}. You can import the `Context` like this: `from flwr.app import Context`[32m [repeated 5x across cluster] (Ray deduplicates logs by default. Set RAY_DEDUP_LOGS=0 to disable log deduplication, or see https://docs.ray.io/en/master/ray-observability/user-guides/configure-logging.html#log-deduplication for more options.)[0m
[36m(ClientAppActor pid=659030)[0m             This is a deprecated feature. It will be removed[32m [repeated 5x across cluster][0m
[36m(ClientAppActor pid=659030)[0m             entirely in future versions of Flower.[32m [repeated 5x across cluster][0m
[36m(ClientAppActor pid=659037)[0m 
[36m(ClientAppActor pid=659037)[0m         
[36m(ClientAppActor pid=659065)[0m 
[36m(ClientAppActor pid=659065)[0m         
[36m(ClientAppActor pid=659031)[0m 
[36m(ClientAppActor pid=659031)[0m         
[36m(ClientAppActor pid=659064)[0m 
[36m(ClientAppActor pid=659064)[0m         
[92mINFO [0m:      aggregate_evaluate: received 5 results and 0 failures
[92mINFO [0m:      
[92mINFO [0m:      [ROUND 2]
[92mINFO [0m:      configure_fit: strategy sampled 5 clients (out of 5)
[36m(ClientAppActor pid=659064)[0m 
[36m(ClientAppActor pid=659064)[0m         
[36m(ClientAppActor pid=659031)[0m 
[36m(ClientAppActor pid=659031)[0m         
[36m(ClientAppActor pid=659065)[0m 
[36m(ClientAppActor pid=659065)[0m         
[36m(ClientAppActor pid=659037)[0m 
[36m(ClientAppActor pid=659037)[0m         
[36m(ClientAppActor pid=659030)[0m 
[36m(ClientAppActor pid=659030)[0m         
[92mINFO [0m:      aggregate_fit: received 5 results and 0 failures
[92mINFO [0m:      fit progress: (2, 2.013814442062378, {'accuracy': 0.332, 'loss': 2.013814442062378}, 31.384388534992468)
[92mINFO [0m:      configure_evaluate: strategy sampled 5 clients (out of 5)
[36m(ClientAppActor pid=659031)[0m 
[36m(ClientAppActor pid=659031)[0m         
[36m(ClientAppActor pid=659031)[0m [93mWARNING [0m:   DEPRECATED FEATURE: `client_fn` now expects a signature `def client_fn(context: Context)`.The provided `client_fn` has signature: {'cid': <Parameter "cid: str">}. You can import the `Context` like this: `from flwr.app import Context`[32m [repeated 10x across cluster][0m
[36m(ClientAppActor pid=659031)[0m             This is a deprecated feature. It will be removed[32m [repeated 10x across cluster][0m
[36m(ClientAppActor pid=659031)[0m             entirely in future versions of Flower.[32m [repeated 10x across cluster][0m
[36m(ClientAppActor pid=659030)[0m 
[36m(ClientAppActor pid=659030)[0m         
[36m(ClientAppActor pid=659037)[0m 
[36m(ClientAppActor pid=659037)[0m         
[36m(ClientAppActor pid=659064)[0m 
[36m(ClientAppActor pid=659064)[0m         
[36m(ClientAppActor pid=659065)[0m 
[36m(ClientAppActor pid=659065)[0m         
[92mINFO [0m:      aggregate_evaluate: received 5 results and 0 failures
[92mINFO [0m:      
[92mINFO [0m:      [ROUND 3]
[92mINFO [0m:      configure_fit: strategy sampled 5 clients (out of 5)
[36m(ClientAppActor pid=659065)[0m 
[36m(ClientAppActor pid=659065)[0m         
[36m(ClientAppActor pid=659064)[0m 
[36m(ClientAppActor pid=659064)[0m         
[36m(ClientAppActor pid=659030)[0m 
[36m(ClientAppActor pid=659030)[0m         
[36m(ClientAppActor pid=659037)[0m 
[36m(ClientAppActor pid=659037)[0m         
[36m(ClientAppActor pid=659031)[0m 
[36m(ClientAppActor pid=659031)[0m         
[92mINFO [0m:      aggregate_fit: received 5 results and 0 failures
[92mINFO [0m:      fit progress: (3, 2.966073595046997, {'accuracy': 0.3635, 'loss': 2.966073595046997}, 46.29581738100387)
[92mINFO [0m:      configure_evaluate: strategy sampled 5 clients (out of 5)
[36m(ClientAppActor pid=659037)[0m 
[36m(ClientAppActor pid=659037)[0m         
[36m(ClientAppActor pid=659037)[0m [93mWARNING [0m:   DEPRECATED FEATURE: `client_fn` now expects a signature `def client_fn(context: Context)`.The provided `client_fn` has signature: {'cid': <Parameter "cid: str">}. You can import the `Context` like this: `from flwr.app import Context`[32m [repeated 10x across cluster][0m
[36m(ClientAppActor pid=659037)[0m             This is a deprecated feature. It will be removed[32m [repeated 10x across cluster][0m
[36m(ClientAppActor pid=659037)[0m             entirely in future versions of Flower.[32m [repeated 10x across cluster][0m
[36m(ClientAppActor pid=659030)[0m 
[36m(ClientAppActor pid=659030)[0m         
[36m(ClientAppActor pid=659031)[0m 
[36m(ClientAppActor pid=659031)[0m         
[36m(ClientAppActor pid=659065)[0m 
[36m(ClientAppActor pid=659065)[0m         
[36m(ClientAppActor pid=659064)[0m 
[36m(ClientAppActor pid=659064)[0m         
[92mINFO [0m:      aggregate_evaluate: received 5 results and 0 failures
[92mINFO [0m:      
[92mINFO [0m:      [ROUND 4]
[92mINFO [0m:      configure_fit: strategy sampled 5 clients (out of 5)
[36m(ClientAppActor pid=659064)[0m 
[36m(ClientAppActor pid=659064)[0m         
[36m(ClientAppActor pid=659065)[0m 
[36m(ClientAppActor pid=659065)[0m         
[36m(ClientAppActor pid=659031)[0m 
[36m(ClientAppActor pid=659031)[0m         
[36m(ClientAppActor pid=659037)[0m 
[36m(ClientAppActor pid=659037)[0m         
[36m(ClientAppActor pid=659030)[0m 
[36m(ClientAppActor pid=659030)[0m         
[92mINFO [0m:      aggregate_fit: received 5 results and 0 failures
[92mINFO [0m:      fit progress: (4, 2.596469934082031, {'accuracy': 0.4167, 'loss': 2.596469934082031}, 61.066797373001464)
[92mINFO [0m:      configure_evaluate: strategy sampled 5 clients (out of 5)
[36m(ClientAppActor pid=659037)[0m 
[36m(ClientAppActor pid=659037)[0m         
[36m(ClientAppActor pid=659037)[0m [93mWARNING [0m:   DEPRECATED FEATURE: `client_fn` now expects a signature `def client_fn(context: Context)`.The provided `client_fn` has signature: {'cid': <Parameter "cid: str">}. You can import the `Context` like this: `from flwr.app import Context`[32m [repeated 10x across cluster][0m
[36m(ClientAppActor pid=659037)[0m             This is a deprecated feature. It will be removed[32m [repeated 10x across cluster][0m
[36m(ClientAppActor pid=659037)[0m             entirely in future versions of Flower.[32m [repeated 10x across cluster][0m
[36m(ClientAppActor pid=659064)[0m 
[36m(ClientAppActor pid=659064)[0m         
[36m(ClientAppActor pid=659030)[0m 
[36m(ClientAppActor pid=659030)[0m         
[36m(ClientAppActor pid=659065)[0m 
[36m(ClientAppActor pid=659065)[0m         
[36m(ClientAppActor pid=659031)[0m 
[36m(ClientAppActor pid=659031)[0m         
[92mINFO [0m:      aggregate_evaluate: received 5 results and 0 failures
[92mINFO [0m:      
[92mINFO [0m:      [ROUND 5]
[92mINFO [0m:      configure_fit: strategy sampled 5 clients (out of 5)
[36m(ClientAppActor pid=659031)[0m 
[36m(ClientAppActor pid=659031)[0m         
[36m(ClientAppActor pid=659065)[0m 
[36m(ClientAppActor pid=659065)[0m         
[36m(ClientAppActor pid=659030)[0m 
[36m(ClientAppActor pid=659030)[0m         
[36m(ClientAppActor pid=659064)[0m 
[36m(ClientAppActor pid=659064)[0m         
[36m(ClientAppActor pid=659037)[0m 
[36m(ClientAppActor pid=659037)[0m         
[92mINFO [0m:      aggregate_fit: received 5 results and 0 failures
[92mINFO [0m:      fit progress: (5, 2.2404128726959227, {'accuracy': 0.4568, 'loss': 2.2404128726959227}, 75.89675891201477)
[92mINFO [0m:      configure_evaluate: strategy sampled 5 clients (out of 5)
[36m(ClientAppActor pid=659030)[0m 
[36m(ClientAppActor pid=659030)[0m         
[36m(ClientAppActor pid=659030)[0m [93mWARNING [0m:   DEPRECATED FEATURE: `client_fn` now expects a signature `def client_fn(context: Context)`.The provided `client_fn` has signature: {'cid': <Parameter "cid: str">}. You can import the `Context` like this: `from flwr.app import Context`[32m [repeated 10x across cluster][0m
[36m(ClientAppActor pid=659030)[0m             This is a deprecated feature. It will be removed[32m [repeated 10x across cluster][0m
[36m(ClientAppActor pid=659030)[0m             entirely in future versions of Flower.[32m [repeated 10x across cluster][0m
[36m(ClientAppActor pid=659031)[0m 
[36m(ClientAppActor pid=659031)[0m         
[36m(ClientAppActor pid=659037)[0m 
[36m(ClientAppActor pid=659037)[0m         
[36m(ClientAppActor pid=659064)[0m 
[36m(ClientAppActor pid=659064)[0m         
[36m(ClientAppActor pid=659065)[0m 
[36m(ClientAppActor pid=659065)[0m         
[92mINFO [0m:      aggregate_evaluate: received 5 results and 0 failures
[92mINFO [0m:      
[92mINFO [0m:      [ROUND 6]
[92mINFO [0m:      configure_fit: strategy sampled 5 clients (out of 5)
[36m(ClientAppActor pid=659065)[0m 
[36m(ClientAppActor pid=659065)[0m         
[36m(ClientAppActor pid=659064)[0m 
[36m(ClientAppActor pid=659064)[0m         
[36m(ClientAppActor pid=659037)[0m 
[36m(ClientAppActor pid=659037)[0m         
[36m(ClientAppActor pid=659031)[0m 
[36m(ClientAppActor pid=659031)[0m         
[36m(ClientAppActor pid=659030)[0m 
[36m(ClientAppActor pid=659030)[0m         
[92mINFO [0m:      aggregate_fit: received 5 results and 0 failures
[92mINFO [0m:      fit progress: (6, 3.798318375015259, {'accuracy': 0.4425, 'loss': 3.798318375015259}, 90.45013864798239)
[92mINFO [0m:      configure_evaluate: strategy sampled 5 clients (out of 5)
[36m(ClientAppActor pid=659037)[0m 
[36m(ClientAppActor pid=659037)[0m         
[36m(ClientAppActor pid=659037)[0m [93mWARNING [0m:   DEPRECATED FEATURE: `client_fn` now expects a signature `def client_fn(context: Context)`.The provided `client_fn` has signature: {'cid': <Parameter "cid: str">}. You can import the `Context` like this: `from flwr.app import Context`[32m [repeated 10x across cluster][0m
[36m(ClientAppActor pid=659037)[0m             This is a deprecated feature. It will be removed[32m [repeated 10x across cluster][0m
[36m(ClientAppActor pid=659037)[0m             entirely in future versions of Flower.[32m [repeated 10x across cluster][0m
[36m(ClientAppActor pid=659031)[0m 
[36m(ClientAppActor pid=659031)[0m         
[36m(ClientAppActor pid=659030)[0m 
[36m(ClientAppActor pid=659030)[0m         
[36m(ClientAppActor pid=659065)[0m 
[36m(ClientAppActor pid=659065)[0m         
[36m(ClientAppActor pid=659064)[0m 
[36m(ClientAppActor pid=659064)[0m         
[92mINFO [0m:      aggregate_evaluate: received 5 results and 0 failures
[92mINFO [0m:      
[92mINFO [0m:      [ROUND 7]
[92mINFO [0m:      configure_fit: strategy sampled 5 clients (out of 5)
[36m(ClientAppActor pid=659064)[0m 
[36m(ClientAppActor pid=659064)[0m         
[36m(ClientAppActor pid=659065)[0m 
[36m(ClientAppActor pid=659065)[0m         
[36m(ClientAppActor pid=659031)[0m 
[36m(ClientAppActor pid=659031)[0m         
[36m(ClientAppActor pid=659030)[0m 
[36m(ClientAppActor pid=659030)[0m         
[36m(ClientAppActor pid=659037)[0m 
[36m(ClientAppActor pid=659037)[0m         
[92mINFO [0m:      aggregate_fit: received 5 results and 0 failures
[92mINFO [0m:      fit progress: (7, 4.281167208099365, {'accuracy': 0.4408, 'loss': 4.281167208099365}, 104.97451424598694)
[92mINFO [0m:      configure_evaluate: strategy sampled 5 clients (out of 5)
[36m(ClientAppActor pid=659064)[0m 
[36m(ClientAppActor pid=659064)[0m         
[36m(ClientAppActor pid=659064)[0m [93mWARNING [0m:   DEPRECATED FEATURE: `client_fn` now expects a signature `def client_fn(context: Context)`.The provided `client_fn` has signature: {'cid': <Parameter "cid: str">}. You can import the `Context` like this: `from flwr.app import Context`[32m [repeated 10x across cluster][0m
[36m(ClientAppActor pid=659064)[0m             This is a deprecated feature. It will be removed[32m [repeated 10x across cluster][0m
[36m(ClientAppActor pid=659064)[0m             entirely in future versions of Flower.[32m [repeated 10x across cluster][0m
[36m(ClientAppActor pid=659031)[0m 
[36m(ClientAppActor pid=659031)[0m         
[36m(ClientAppActor pid=659065)[0m 
[36m(ClientAppActor pid=659065)[0m         
[36m(ClientAppActor pid=659037)[0m 
[36m(ClientAppActor pid=659037)[0m         
[36m(ClientAppActor pid=659030)[0m 
[36m(ClientAppActor pid=659030)[0m         
[92mINFO [0m:      aggregate_evaluate: received 5 results and 0 failures
[92mINFO [0m:      
[92mINFO [0m:      [ROUND 8]
[92mINFO [0m:      configure_fit: strategy sampled 5 clients (out of 5)
[36m(ClientAppActor pid=659030)[0m 
[36m(ClientAppActor pid=659030)[0m         
[36m(ClientAppActor pid=659037)[0m 
[36m(ClientAppActor pid=659037)[0m         
[36m(ClientAppActor pid=659031)[0m 
[36m(ClientAppActor pid=659031)[0m         
[36m(ClientAppActor pid=659065)[0m 
[36m(ClientAppActor pid=659065)[0m         
[36m(ClientAppActor pid=659064)[0m 
[36m(ClientAppActor pid=659064)[0m         
[92mINFO [0m:      aggregate_fit: received 5 results and 0 failures
[92mINFO [0m:      fit progress: (8, 3.0013881258010864, {'accuracy': 0.4618, 'loss': 3.0013881258010864}, 119.68998334300704)
[92mINFO [0m:      configure_evaluate: strategy sampled 5 clients (out of 5)
[36m(ClientAppActor pid=659065)[0m 
[36m(ClientAppActor pid=659065)[0m         
[36m(ClientAppActor pid=659065)[0m [93mWARNING [0m:   DEPRECATED FEATURE: `client_fn` now expects a signature `def client_fn(context: Context)`.The provided `client_fn` has signature: {'cid': <Parameter "cid: str">}. You can import the `Context` like this: `from flwr.app import Context`[32m [repeated 10x across cluster][0m
[36m(ClientAppActor pid=659065)[0m             This is a deprecated feature. It will be removed[32m [repeated 10x across cluster][0m
[36m(ClientAppActor pid=659065)[0m             entirely in future versions of Flower.[32m [repeated 10x across cluster][0m
[36m(ClientAppActor pid=659030)[0m 
[36m(ClientAppActor pid=659030)[0m         
[36m(ClientAppActor pid=659064)[0m 
[36m(ClientAppActor pid=659064)[0m         
[36m(ClientAppActor pid=659037)[0m 
[36m(ClientAppActor pid=659037)[0m         
[36m(ClientAppActor pid=659031)[0m 
[36m(ClientAppActor pid=659031)[0m         
[92mINFO [0m:      aggregate_evaluate: received 5 results and 0 failures
[92mINFO [0m:      
[92mINFO [0m:      [ROUND 9]
[92mINFO [0m:      configure_fit: strategy sampled 5 clients (out of 5)
[36m(ClientAppActor pid=659031)[0m 
[36m(ClientAppActor pid=659031)[0m         
[36m(ClientAppActor pid=659037)[0m 
[36m(ClientAppActor pid=659037)[0m         
[36m(ClientAppActor pid=659064)[0m 
[36m(ClientAppActor pid=659064)[0m         
[36m(ClientAppActor pid=659030)[0m 
[36m(ClientAppActor pid=659030)[0m         
[36m(ClientAppActor pid=659065)[0m 
[36m(ClientAppActor pid=659065)[0m         
[92mINFO [0m:      aggregate_fit: received 5 results and 0 failures
[92mINFO [0m:      fit progress: (9, 3.1698206832885742, {'accuracy': 0.4237, 'loss': 3.1698206832885742}, 134.62135313200997)
[92mINFO [0m:      configure_evaluate: strategy sampled 5 clients (out of 5)
[36m(ClientAppActor pid=659030)[0m 
[36m(ClientAppActor pid=659030)[0m         
[36m(ClientAppActor pid=659030)[0m [93mWARNING [0m:   DEPRECATED FEATURE: `client_fn` now expects a signature `def client_fn(context: Context)`.The provided `client_fn` has signature: {'cid': <Parameter "cid: str">}. You can import the `Context` like this: `from flwr.app import Context`[32m [repeated 10x across cluster][0m
[36m(ClientAppActor pid=659030)[0m             This is a deprecated feature. It will be removed[32m [repeated 10x across cluster][0m
[36m(ClientAppActor pid=659030)[0m             entirely in future versions of Flower.[32m [repeated 10x across cluster][0m
[36m(ClientAppActor pid=659037)[0m 
[36m(ClientAppActor pid=659037)[0m         
[36m(ClientAppActor pid=659031)[0m 
[36m(ClientAppActor pid=659031)[0m         
[36m(ClientAppActor pid=659065)[0m 
[36m(ClientAppActor pid=659065)[0m         
[36m(ClientAppActor pid=659064)[0m 
[36m(ClientAppActor pid=659064)[0m         
[92mINFO [0m:      aggregate_evaluate: received 5 results and 0 failures
[92mINFO [0m:      
[92mINFO [0m:      [ROUND 10]
[92mINFO [0m:      configure_fit: strategy sampled 5 clients (out of 5)
[36m(ClientAppActor pid=659064)[0m 
[36m(ClientAppActor pid=659064)[0m         
[36m(ClientAppActor pid=659065)[0m 
[36m(ClientAppActor pid=659065)[0m         
[36m(ClientAppActor pid=659031)[0m 
[36m(ClientAppActor pid=659031)[0m         
[36m(ClientAppActor pid=659030)[0m 
[36m(ClientAppActor pid=659030)[0m         
[36m(ClientAppActor pid=659037)[0m 
[36m(ClientAppActor pid=659037)[0m         
[92mINFO [0m:      aggregate_fit: received 5 results and 0 failures
[92mINFO [0m:      fit progress: (10, 4.125988520812989, {'accuracy': 0.4448, 'loss': 4.125988520812989}, 148.89355050201993)
[92mINFO [0m:      configure_evaluate: strategy sampled 5 clients (out of 5)
[36m(ClientAppActor pid=659064)[0m 
[36m(ClientAppActor pid=659064)[0m         
[36m(ClientAppActor pid=659064)[0m [93mWARNING [0m:   DEPRECATED FEATURE: `client_fn` now expects a signature `def client_fn(context: Context)`.The provided `client_fn` has signature: {'cid': <Parameter "cid: str">}. You can import the `Context` like this: `from flwr.app import Context`[32m [repeated 10x across cluster][0m
[36m(ClientAppActor pid=659064)[0m             This is a deprecated feature. It will be removed[32m [repeated 10x across cluster][0m
[36m(ClientAppActor pid=659064)[0m             entirely in future versions of Flower.[32m [repeated 10x across cluster][0m
[36m(ClientAppActor pid=659031)[0m 
[36m(ClientAppActor pid=659031)[0m         
[36m(ClientAppActor pid=659065)[0m 
[36m(ClientAppActor pid=659065)[0m         
[36m(ClientAppActor pid=659037)[0m 
[36m(ClientAppActor pid=659037)[0m         
[36m(ClientAppActor pid=659030)[0m 
[36m(ClientAppActor pid=659030)[0m         
[92mINFO [0m:      aggregate_evaluate: received 5 results and 0 failures
[92mINFO [0m:      
[92mINFO [0m:      [SUMMARY]
[92mINFO [0m:      Run finished 10 round(s) in 149.75s
[92mINFO [0m:      	History (loss, distributed):
[92mINFO [0m:      		round 1: 2.3041575759416677
[92mINFO [0m:      		round 2: 1.995779095040528
[92mINFO [0m:      		round 3: 2.842632439032969
[92mINFO [0m:      		round 4: 2.5034121466036057
[92mINFO [0m:      		round 5: 2.2054381952157898
[92mINFO [0m:      		round 6: 3.7270176608800556
[92mINFO [0m:      		round 7: 4.316710618166344
[92mINFO [0m:      		round 8: 3.0666892290449344
[92mINFO [0m:      		round 9: 2.99492144782662
[92mINFO [0m:      		round 10: 4.016487313170946
[92mINFO [0m:      	History (loss, centralized):
[92mINFO [0m:      		round 0: 2.3030473361968995
[92mINFO [0m:      		round 1: 2.3033020832061766
[92mINFO [0m:      		round 2: 2.013814442062378
[92mINFO [0m:      		round 3: 2.966073595046997
[92mINFO [0m:      		round 4: 2.596469934082031
[92mINFO [0m:      		round 5: 2.2404128726959227
[92mINFO [0m:      		round 6: 3.798318375015259
[92mINFO [0m:      		round 7: 4.281167208099365
[92mINFO [0m:      		round 8: 3.0013881258010864
[92mINFO [0m:      		round 9: 3.1698206832885742
[92mINFO [0m:      		round 10: 4.125988520812989
[92mINFO [0m:      	History (metrics, distributed, fit):
[92mINFO [0m:      	{'avg_flops_per_client_round': [(1, 8140805084160.0),
[92mINFO [0m:      	                                (2, 8140805084160.0),
[92mINFO [0m:      	                                (3, 8140805084160.0),
[92mINFO [0m:      	                                (4, 8140805084160.0),
[92mINFO [0m:      	                                (5, 8140805084160.0),
[92mINFO [0m:      	                                (6, 8140805084160.0),
[92mINFO [0m:      	                                (7, 8140805084160.0),
[92mINFO [0m:      	                                (8, 8140805084160.0),
[92mINFO [0m:      	                                (9, 8140805084160.0),
[92mINFO [0m:      	                                (10, 8140805084160.0)],
[92mINFO [0m:      	 'total_flops_round': [(1, 40704025420800),
[92mINFO [0m:      	                       (2, 40704025420800),
[92mINFO [0m:      	                       (3, 40704025420800),
[92mINFO [0m:      	                       (4, 40704025420800),
[92mINFO [0m:      	                       (5, 40704025420800),
[92mINFO [0m:      	                       (6, 40704025420800),
[92mINFO [0m:      	                       (7, 40704025420800),
[92mINFO [0m:      	                       (8, 40704025420800),
[92mINFO [0m:      	                       (9, 40704025420800),
[92mINFO [0m:      	                       (10, 40704025420800)]}
[92mINFO [0m:      	History (metrics, distributed, evaluate):
[92mINFO [0m:      	{'accuracy': [(1, 0.16569941965179108),
[92mINFO [0m:      	              (2, 0.3325995597358415),
[92mINFO [0m:      	              (3, 0.3696217730638383),
[92mINFO [0m:      	              (4, 0.4212527516509906),
[92mINFO [0m:      	              (5, 0.457074244546728),
[92mINFO [0m:      	              (6, 0.4494696818090855),
[92mINFO [0m:      	              (7, 0.44326595957574544),
[92mINFO [0m:      	              (8, 0.46327796678006805),
[92mINFO [0m:      	              (9, 0.426055633380028),
[92mINFO [0m:      	              (10, 0.44566740044026415)],
[92mINFO [0m:      	 'loss': [(1, 2.3041575759416677),
[92mINFO [0m:      	          (2, 1.995779095040528),
[92mINFO [0m:      	          (3, 2.842632439032969),
[92mINFO [0m:      	          (4, 2.5034121466036057),
[92mINFO [0m:      	          (5, 2.2054381952157898),
[92mINFO [0m:      	          (6, 3.7270176608800556),
[92mINFO [0m:      	          (7, 4.316710618166344),
[92mINFO [0m:      	          (8, 3.0666892290449344),
[92mINFO [0m:      	          (9, 2.99492144782662),
[92mINFO [0m:      	          (10, 4.016487313170946)]}
[92mINFO [0m:      	History (metrics, centralized):
[92mINFO [0m:      	{'accuracy': [(0, 0.09),
[92mINFO [0m:      	              (1, 0.165),
[92mINFO [0m:      	              (2, 0.332),
[92mINFO [0m:      	              (3, 0.3635),
[92mINFO [0m:      	              (4, 0.4167),
[92mINFO [0m:      	              (5, 0.4568),
[92mINFO [0m:      	              (6, 0.4425),
[92mINFO [0m:      	              (7, 0.4408),
[92mINFO [0m:      	              (8, 0.4618),
[92mINFO [0m:      	              (9, 0.4237),
[92mINFO [0m:      	              (10, 0.4448)],
[92mINFO [0m:      	 'loss': [(0, 2.3030473361968995),
[92mINFO [0m:      	          (1, 2.3033020832061766),
[92mINFO [0m:      	          (2, 2.013814442062378),
[92mINFO [0m:      	          (3, 2.966073595046997),
[92mINFO [0m:      	          (4, 2.596469934082031),
[92mINFO [0m:      	          (5, 2.2404128726959227),
[92mINFO [0m:      	          (6, 3.798318375015259),
[92mINFO [0m:      	          (7, 4.281167208099365),
[92mINFO [0m:      	          (8, 3.0013881258010864),
[92mINFO [0m:      	          (9, 3.1698206832885742),
[92mINFO [0m:      	          (10, 4.125988520812989)]}
[92mINFO [0m:      
Treinando no dispositivo: cuda:0 com o dataset: CIFAR10 | Setup clientes: 5 (num_gpus por cliente=0.2) | SEED=44 | Método: FedAvgM (server_momentum=0.9, server_lr=1.0)
FLOPS por amostra (forward): 6.030e+07 | (forward+backward, 3x): 1.809e+08
Files already downloaded and verified
Files already downloaded and verified
Dividindo o dataset usando a distribuição de Dirichlet com alpha=0.01.
Iniciando a simulação de Aprendizado Federado...
=== Diagnóstico de Medição de GPU ===
  pynvml_disponivel: True
  pynvml_versao: 580.173.02
  gpus_detectadas: 1
  leitura_potencia_ok: True
  potencia_atual_W: 115.035

--- Rodada 0 - Avaliação Centralizada (Servidor) ---
Loss (Servidor): 2.3030 | Acurácia (Servidor): 0.0900

--- Rodada 1 - Avaliação Centralizada (Servidor) ---
Loss (Servidor): 2.3033 | Acurácia (Servidor): 0.1650
--- Avaliação Agregada (Clientes) ---
Loss Média (Clientes): 2.3042 | Acurácia Média (Clientes): 0.1657

--- Rodada 2 - Avaliação Centralizada (Servidor) ---
Loss (Servidor): 2.0138 | Acurácia (Servidor): 0.3320
--- Avaliação Agregada (Clientes) ---
Loss Média (Clientes): 1.9958 | Acurácia Média (Clientes): 0.3326

--- Rodada 3 - Avaliação Centralizada (Servidor) ---
Loss (Servidor): 2.9661 | Acurácia (Servidor): 0.3635
--- Avaliação Agregada (Clientes) ---
Loss Média (Clientes): 2.8426 | Acurácia Média (Clientes): 0.3696

--- Rodada 4 - Avaliação Centralizada (Servidor) ---
Loss (Servidor): 2.5965 | Acurácia (Servidor): 0.4167
--- Avaliação Agregada (Clientes) ---
Loss Média (Clientes): 2.5034 | Acurácia Média (Clientes): 0.4213

--- Rodada 5 - Avaliação Centralizada (Servidor) ---
Loss (Servidor): 2.2404 | Acurácia (Servidor): 0.4568
--- Avaliação Agregada (Clientes) ---
Loss Média (Clientes): 2.2054 | Acurácia Média (Clientes): 0.4571

--- Rodada 6 - Avaliação Centralizada (Servidor) ---
Loss (Servidor): 3.7983 | Acurácia (Servidor): 0.4425
--- Avaliação Agregada (Clientes) ---
Loss Média (Clientes): 3.7270 | Acurácia Média (Clientes): 0.4495

--- Rodada 7 - Avaliação Centralizada (Servidor) ---
Loss (Servidor): 4.2812 | Acurácia (Servidor): 0.4408
--- Avaliação Agregada (Clientes) ---
Loss Média (Clientes): 4.3167 | Acurácia Média (Clientes): 0.4433

--- Rodada 8 - Avaliação Centralizada (Servidor) ---
Loss (Servidor): 3.0014 | Acurácia (Servidor): 0.4618
--- Avaliação Agregada (Clientes) ---
Loss Média (Clientes): 3.0667 | Acurácia Média (Clientes): 0.4633

--- Rodada 9 - Avaliação Centralizada (Servidor) ---
Loss (Servidor): 3.1698 | Acurácia (Servidor): 0.4237
--- Avaliação Agregada (Clientes) ---
Loss Média (Clientes): 2.9949 | Acurácia Média (Clientes): 0.4261

--- Rodada 10 - Avaliação Centralizada (Servidor) ---
Loss (Servidor): 4.1260 | Acurácia (Servidor): 0.4448
--- Avaliação Agregada (Clientes) ---
Loss Média (Clientes): 4.0165 | Acurácia Média (Clientes): 0.4457

Resultados salvos em: /home/tiago/GitHubProjects/fedhad-thesis-2/FedAvgM-results/1.1_diagnostico_drift/CIFAR10/FedAvgM__CIFAR10__Setup-5__Clients-5__Rounds-10__Delay-0_05__Alpha-0_01__Seed-44.txt
[36m(ClientAppActor pid=659030)[0m [93mWARNING [0m:   DEPRECATED FEATURE: `client_fn` now expects a signature `def client_fn(context: Context)`.The provided `client_fn` has signature: {'cid': <Parameter "cid: str">}. You can import the `Context` like this: `from flwr.app import Context`[32m [repeated 4x across cluster][0m
[36m(ClientAppActor pid=659030)[0m             This is a deprecated feature. It will be removed[32m [repeated 4x across cluster][0m
[36m(ClientAppActor pid=659030)[0m             entirely in future versions of Flower.[32m [repeated 4x across cluster][0m
