[codecarbon WARNING @ 12:06:22] Multiple instances of codecarbon are allowed to run at the same time.
[93mWARNING [0m:   DEPRECATED FEATURE: flwr.simulation.start_simulation() is deprecated.
	Instead, use the `flwr run` CLI command to start a local simulation in your Flower app, as shown for example below:

		$ flwr new  # Create a new Flower app from a template

		$ flwr run  # Run the Flower app in Simulation Mode

	Using `start_simulation()` is deprecated.

            This is a deprecated feature. It will be removed
            entirely in future versions of Flower.
        
[92mINFO [0m:      Starting Flower simulation, config: num_rounds=10, no round_timeout
2026-09-04 12:06:30,766	INFO worker.py:2012 -- Started a local Ray instance.
/home/tiago/GitHubProjects/fedhad-thesis-2/env_flwr_pt/lib/python3.12/site-packages/ray/_private/worker.py:2051: FutureWarning: Tip: In future versions of Ray, Ray will no longer override accelerator visible devices env var if num_gpus=0 or num_gpus=None (default). To enable this behavior and turn off this error message, set RAY_ACCEL_ENV_VAR_OVERRIDE_ON_ZERO=0
  warnings.warn(
[92mINFO [0m:      Flower VCE: Ray initialized with resources: {'accelerator_type:A40': 1.0, 'object_store_memory': 77690179584.0, 'node:10.129.64.100': 1.0, 'CPU': 64.0, 'node:__internal_head__': 1.0, 'GPU': 1.0, 'memory': 181277085696.0}
[92mINFO [0m:      Optimize your simulation with Flower VCE: https://flower.ai/docs/framework/how-to-run-simulations.html
/home/tiago/GitHubProjects/fedhad-thesis-2/FedAVG_Final.py:1577: UserWarning: No `num_cpus` specified in `client_resources`. Using `num_cpus=1` for each client.
  history = fl.simulation.start_simulation(
[92mINFO [0m:      Flower VCE: Resources for each Virtual Client: {'num_gpus': 0.2, 'num_cpus': 1}
[92mINFO [0m:      Flower VCE: Creating VirtualClientEngineActorPool with 5 actors
[92mINFO [0m:      [INIT]
[92mINFO [0m:      Requesting initial parameters from one random client
[36m(ClientAppActor pid=377022)[0m [93mWARNING [0m:   DEPRECATED FEATURE: `client_fn` now expects a signature `def client_fn(context: Context)`.The provided `client_fn` has signature: {'cid': <Parameter "cid: str">}. You can import the `Context` like this: `from flwr.app import Context`
[36m(ClientAppActor pid=377022)[0m 
[36m(ClientAppActor pid=377022)[0m             This is a deprecated feature. It will be removed
[36m(ClientAppActor pid=377022)[0m             entirely in future versions of Flower.
[36m(ClientAppActor pid=377022)[0m         
[92mINFO [0m:      Received initial parameters from one random client
[92mINFO [0m:      Starting evaluation of initial global parameters
[92mINFO [0m:      initial parameters (loss, other metrics): 2.303141544723511, {'accuracy': 0.1, 'loss': 2.303141544723511}
[92mINFO [0m:      
[92mINFO [0m:      [ROUND 1]
[92mINFO [0m:      configure_fit: strategy sampled 5 clients (out of 5)
[36m(ClientAppActor pid=377022)[0m [93mWARNING [0m:   DEPRECATED FEATURE: `client_fn` now expects a signature `def client_fn(context: Context)`.The provided `client_fn` has signature: {'cid': <Parameter "cid: str">}. You can import the `Context` like this: `from flwr.app import Context`
[36m(ClientAppActor pid=377022)[0m 
[36m(ClientAppActor pid=377022)[0m             This is a deprecated feature. It will be removed
[36m(ClientAppActor pid=377022)[0m             entirely in future versions of Flower.
[36m(ClientAppActor pid=377022)[0m         
[36m(ClientAppActor pid=377023)[0m 
[36m(ClientAppActor pid=377023)[0m         
[36m(ClientAppActor pid=377024)[0m 
[36m(ClientAppActor pid=377024)[0m         
[36m(ClientAppActor pid=377021)[0m 
[36m(ClientAppActor pid=377021)[0m         
[36m(ClientAppActor pid=377020)[0m 
[36m(ClientAppActor pid=377020)[0m         
[92mINFO [0m:      aggregate_fit: received 5 results and 0 failures
[92mINFO [0m:      fit progress: (1, 2.293625880432129, {'accuracy': 0.1173, 'loss': 2.293625880432129}, 15.193721525953151)
[92mINFO [0m:      configure_evaluate: strategy sampled 5 clients (out of 5)
[36m(ClientAppActor pid=377021)[0m 
[36m(ClientAppActor pid=377021)[0m         
[36m(ClientAppActor pid=377021)[0m [93mWARNING [0m:   DEPRECATED FEATURE: `client_fn` now expects a signature `def client_fn(context: Context)`.The provided `client_fn` has signature: {'cid': <Parameter "cid: str">}. You can import the `Context` like this: `from flwr.app import Context`[32m [repeated 5x across cluster] (Ray deduplicates logs by default. Set RAY_DEDUP_LOGS=0 to disable log deduplication, or see https://docs.ray.io/en/master/ray-observability/user-guides/configure-logging.html#log-deduplication for more options.)[0m
[36m(ClientAppActor pid=377021)[0m             This is a deprecated feature. It will be removed[32m [repeated 5x across cluster][0m
[36m(ClientAppActor pid=377021)[0m             entirely in future versions of Flower.[32m [repeated 5x across cluster][0m
[36m(ClientAppActor pid=377023)[0m 
[36m(ClientAppActor pid=377023)[0m         
[36m(ClientAppActor pid=377022)[0m 
[36m(ClientAppActor pid=377022)[0m         
[36m(ClientAppActor pid=377024)[0m 
[36m(ClientAppActor pid=377024)[0m         
[36m(ClientAppActor pid=377020)[0m 
[36m(ClientAppActor pid=377020)[0m         
[92mINFO [0m:      aggregate_evaluate: received 5 results and 0 failures
[92mINFO [0m:      
[92mINFO [0m:      [ROUND 2]
[92mINFO [0m:      configure_fit: strategy sampled 5 clients (out of 5)
[36m(ClientAppActor pid=377020)[0m 
[36m(ClientAppActor pid=377020)[0m         
[36m(ClientAppActor pid=377022)[0m 
[36m(ClientAppActor pid=377022)[0m         
[36m(ClientAppActor pid=377024)[0m 
[36m(ClientAppActor pid=377024)[0m         
[36m(ClientAppActor pid=377023)[0m 
[36m(ClientAppActor pid=377023)[0m         
[36m(ClientAppActor pid=377021)[0m 
[36m(ClientAppActor pid=377021)[0m         
[92mINFO [0m:      aggregate_fit: received 5 results and 0 failures
[92mINFO [0m:      fit progress: (2, 1.8995400709152221, {'accuracy': 0.3098, 'loss': 1.8995400709152221}, 29.01195055898279)
[92mINFO [0m:      configure_evaluate: strategy sampled 5 clients (out of 5)
[36m(ClientAppActor pid=377021)[0m 
[36m(ClientAppActor pid=377021)[0m         
[36m(ClientAppActor pid=377021)[0m [93mWARNING [0m:   DEPRECATED FEATURE: `client_fn` now expects a signature `def client_fn(context: Context)`.The provided `client_fn` has signature: {'cid': <Parameter "cid: str">}. You can import the `Context` like this: `from flwr.app import Context`[32m [repeated 10x across cluster][0m
[36m(ClientAppActor pid=377021)[0m             This is a deprecated feature. It will be removed[32m [repeated 10x across cluster][0m
[36m(ClientAppActor pid=377021)[0m             entirely in future versions of Flower.[32m [repeated 10x across cluster][0m
[36m(ClientAppActor pid=377024)[0m 
[36m(ClientAppActor pid=377024)[0m         
[36m(ClientAppActor pid=377020)[0m 
[36m(ClientAppActor pid=377020)[0m         
[36m(ClientAppActor pid=377023)[0m 
[36m(ClientAppActor pid=377023)[0m         
[36m(ClientAppActor pid=377022)[0m 
[36m(ClientAppActor pid=377022)[0m         
[92mINFO [0m:      aggregate_evaluate: received 5 results and 0 failures
[92mINFO [0m:      
[92mINFO [0m:      [ROUND 3]
[92mINFO [0m:      configure_fit: strategy sampled 5 clients (out of 5)
[36m(ClientAppActor pid=377022)[0m 
[36m(ClientAppActor pid=377022)[0m         
[36m(ClientAppActor pid=377023)[0m 
[36m(ClientAppActor pid=377023)[0m         
[36m(ClientAppActor pid=377020)[0m 
[36m(ClientAppActor pid=377020)[0m         
[36m(ClientAppActor pid=377024)[0m 
[36m(ClientAppActor pid=377024)[0m         
[36m(ClientAppActor pid=377021)[0m 
[36m(ClientAppActor pid=377021)[0m         
[92mINFO [0m:      aggregate_fit: received 5 results and 0 failures
[92mINFO [0m:      fit progress: (3, 1.4325123458862306, {'accuracy': 0.4687, 'loss': 1.4325123458862306}, 42.44269361795159)
[92mINFO [0m:      configure_evaluate: strategy sampled 5 clients (out of 5)
[36m(ClientAppActor pid=377022)[0m 
[36m(ClientAppActor pid=377022)[0m         
[36m(ClientAppActor pid=377022)[0m [93mWARNING [0m:   DEPRECATED FEATURE: `client_fn` now expects a signature `def client_fn(context: Context)`.The provided `client_fn` has signature: {'cid': <Parameter "cid: str">}. You can import the `Context` like this: `from flwr.app import Context`[32m [repeated 10x across cluster][0m
[36m(ClientAppActor pid=377022)[0m             This is a deprecated feature. It will be removed[32m [repeated 10x across cluster][0m
[36m(ClientAppActor pid=377022)[0m             entirely in future versions of Flower.[32m [repeated 10x across cluster][0m
[36m(ClientAppActor pid=377023)[0m 
[36m(ClientAppActor pid=377023)[0m         
[36m(ClientAppActor pid=377020)[0m 
[36m(ClientAppActor pid=377020)[0m         
[36m(ClientAppActor pid=377024)[0m 
[36m(ClientAppActor pid=377024)[0m         
[36m(ClientAppActor pid=377021)[0m 
[36m(ClientAppActor pid=377021)[0m         
[92mINFO [0m:      aggregate_evaluate: received 5 results and 0 failures
[92mINFO [0m:      
[92mINFO [0m:      [ROUND 4]
[92mINFO [0m:      configure_fit: strategy sampled 5 clients (out of 5)
[36m(ClientAppActor pid=377021)[0m 
[36m(ClientAppActor pid=377021)[0m         
[36m(ClientAppActor pid=377024)[0m 
[36m(ClientAppActor pid=377024)[0m         
[36m(ClientAppActor pid=377020)[0m 
[36m(ClientAppActor pid=377020)[0m         
[36m(ClientAppActor pid=377022)[0m 
[36m(ClientAppActor pid=377022)[0m         
[36m(ClientAppActor pid=377023)[0m 
[36m(ClientAppActor pid=377023)[0m         
[92mINFO [0m:      aggregate_fit: received 5 results and 0 failures
[92mINFO [0m:      fit progress: (4, 1.2264032209396363, {'accuracy': 0.5538, 'loss': 1.2264032209396363}, 55.887555344961584)
[92mINFO [0m:      configure_evaluate: strategy sampled 5 clients (out of 5)
[36m(ClientAppActor pid=377020)[0m 
[36m(ClientAppActor pid=377020)[0m         
[36m(ClientAppActor pid=377020)[0m [93mWARNING [0m:   DEPRECATED FEATURE: `client_fn` now expects a signature `def client_fn(context: Context)`.The provided `client_fn` has signature: {'cid': <Parameter "cid: str">}. You can import the `Context` like this: `from flwr.app import Context`[32m [repeated 10x across cluster][0m
[36m(ClientAppActor pid=377020)[0m             This is a deprecated feature. It will be removed[32m [repeated 10x across cluster][0m
[36m(ClientAppActor pid=377020)[0m             entirely in future versions of Flower.[32m [repeated 10x across cluster][0m
[36m(ClientAppActor pid=377022)[0m 
[36m(ClientAppActor pid=377022)[0m         
[36m(ClientAppActor pid=377021)[0m 
[36m(ClientAppActor pid=377021)[0m         
[36m(ClientAppActor pid=377023)[0m 
[36m(ClientAppActor pid=377023)[0m         
[36m(ClientAppActor pid=377024)[0m 
[36m(ClientAppActor pid=377024)[0m         
[92mINFO [0m:      aggregate_evaluate: received 5 results and 0 failures
[92mINFO [0m:      
[92mINFO [0m:      [ROUND 5]
[92mINFO [0m:      configure_fit: strategy sampled 5 clients (out of 5)
[36m(ClientAppActor pid=377024)[0m 
[36m(ClientAppActor pid=377024)[0m         
[36m(ClientAppActor pid=377023)[0m 
[36m(ClientAppActor pid=377023)[0m         
[36m(ClientAppActor pid=377021)[0m 
[36m(ClientAppActor pid=377021)[0m         
[36m(ClientAppActor pid=377022)[0m 
[36m(ClientAppActor pid=377022)[0m         
[36m(ClientAppActor pid=377020)[0m 
[36m(ClientAppActor pid=377020)[0m         
[92mINFO [0m:      aggregate_fit: received 5 results and 0 failures
[92mINFO [0m:      fit progress: (5, 1.0290882526397704, {'accuracy': 0.6373, 'loss': 1.0290882526397704}, 69.45037624298129)
[92mINFO [0m:      configure_evaluate: strategy sampled 5 clients (out of 5)
[36m(ClientAppActor pid=377022)[0m 
[36m(ClientAppActor pid=377022)[0m         
[36m(ClientAppActor pid=377022)[0m [93mWARNING [0m:   DEPRECATED FEATURE: `client_fn` now expects a signature `def client_fn(context: Context)`.The provided `client_fn` has signature: {'cid': <Parameter "cid: str">}. You can import the `Context` like this: `from flwr.app import Context`[32m [repeated 10x across cluster][0m
[36m(ClientAppActor pid=377022)[0m             This is a deprecated feature. It will be removed[32m [repeated 10x across cluster][0m
[36m(ClientAppActor pid=377022)[0m             entirely in future versions of Flower.[32m [repeated 10x across cluster][0m
[36m(ClientAppActor pid=377024)[0m 
[36m(ClientAppActor pid=377024)[0m         
[36m(ClientAppActor pid=377021)[0m 
[36m(ClientAppActor pid=377021)[0m         
[36m(ClientAppActor pid=377020)[0m 
[36m(ClientAppActor pid=377020)[0m         
[36m(ClientAppActor pid=377023)[0m 
[36m(ClientAppActor pid=377023)[0m         
[92mINFO [0m:      aggregate_evaluate: received 5 results and 0 failures
[92mINFO [0m:      
[92mINFO [0m:      [ROUND 6]
[92mINFO [0m:      configure_fit: strategy sampled 5 clients (out of 5)
[36m(ClientAppActor pid=377023)[0m 
[36m(ClientAppActor pid=377023)[0m         
[36m(ClientAppActor pid=377020)[0m 
[36m(ClientAppActor pid=377020)[0m         
[36m(ClientAppActor pid=377021)[0m 
[36m(ClientAppActor pid=377021)[0m         
[36m(ClientAppActor pid=377024)[0m 
[36m(ClientAppActor pid=377024)[0m         
[36m(ClientAppActor pid=377022)[0m 
[36m(ClientAppActor pid=377022)[0m         
[92mINFO [0m:      aggregate_fit: received 5 results and 0 failures
[92mINFO [0m:      fit progress: (6, 0.9986400733947753, {'accuracy': 0.6547, 'loss': 0.9986400733947753}, 82.77839792094892)
[92mINFO [0m:      configure_evaluate: strategy sampled 5 clients (out of 5)
[36m(ClientAppActor pid=377021)[0m 
[36m(ClientAppActor pid=377021)[0m         
[36m(ClientAppActor pid=377021)[0m [93mWARNING [0m:   DEPRECATED FEATURE: `client_fn` now expects a signature `def client_fn(context: Context)`.The provided `client_fn` has signature: {'cid': <Parameter "cid: str">}. You can import the `Context` like this: `from flwr.app import Context`[32m [repeated 10x across cluster][0m
[36m(ClientAppActor pid=377021)[0m             This is a deprecated feature. It will be removed[32m [repeated 10x across cluster][0m
[36m(ClientAppActor pid=377021)[0m             entirely in future versions of Flower.[32m [repeated 10x across cluster][0m
[36m(ClientAppActor pid=377022)[0m 
[36m(ClientAppActor pid=377022)[0m         
[36m(ClientAppActor pid=377020)[0m 
[36m(ClientAppActor pid=377020)[0m         
[36m(ClientAppActor pid=377023)[0m 
[36m(ClientAppActor pid=377023)[0m         
[36m(ClientAppActor pid=377024)[0m 
[36m(ClientAppActor pid=377024)[0m         
[92mINFO [0m:      aggregate_evaluate: received 5 results and 0 failures
[92mINFO [0m:      
[92mINFO [0m:      [ROUND 7]
[92mINFO [0m:      configure_fit: strategy sampled 5 clients (out of 5)
[36m(ClientAppActor pid=377024)[0m 
[36m(ClientAppActor pid=377024)[0m         
[36m(ClientAppActor pid=377023)[0m 
[36m(ClientAppActor pid=377023)[0m         
[36m(ClientAppActor pid=377020)[0m 
[36m(ClientAppActor pid=377020)[0m         
[36m(ClientAppActor pid=377022)[0m 
[36m(ClientAppActor pid=377022)[0m         
[36m(ClientAppActor pid=377021)[0m 
[36m(ClientAppActor pid=377021)[0m         
[92mINFO [0m:      aggregate_fit: received 5 results and 0 failures
[92mINFO [0m:      fit progress: (7, 0.9232480412483215, {'accuracy': 0.6925, 'loss': 0.9232480412483215}, 96.52210262895096)
[92mINFO [0m:      configure_evaluate: strategy sampled 5 clients (out of 5)
[36m(ClientAppActor pid=377021)[0m 
[36m(ClientAppActor pid=377021)[0m         
[36m(ClientAppActor pid=377021)[0m [93mWARNING [0m:   DEPRECATED FEATURE: `client_fn` now expects a signature `def client_fn(context: Context)`.The provided `client_fn` has signature: {'cid': <Parameter "cid: str">}. You can import the `Context` like this: `from flwr.app import Context`[32m [repeated 10x across cluster][0m
[36m(ClientAppActor pid=377021)[0m             This is a deprecated feature. It will be removed[32m [repeated 10x across cluster][0m
[36m(ClientAppActor pid=377021)[0m             entirely in future versions of Flower.[32m [repeated 10x across cluster][0m
[36m(ClientAppActor pid=377020)[0m 
[36m(ClientAppActor pid=377020)[0m         
[36m(ClientAppActor pid=377023)[0m 
[36m(ClientAppActor pid=377023)[0m         
[36m(ClientAppActor pid=377024)[0m 
[36m(ClientAppActor pid=377024)[0m         
[36m(ClientAppActor pid=377022)[0m 
[36m(ClientAppActor pid=377022)[0m         
[92mINFO [0m:      aggregate_evaluate: received 5 results and 0 failures
[92mINFO [0m:      
[92mINFO [0m:      [ROUND 8]
[92mINFO [0m:      configure_fit: strategy sampled 5 clients (out of 5)
[36m(ClientAppActor pid=377024)[0m 
[36m(ClientAppActor pid=377024)[0m         
[36m(ClientAppActor pid=377022)[0m 
[36m(ClientAppActor pid=377022)[0m         
[36m(ClientAppActor pid=377020)[0m 
[36m(ClientAppActor pid=377020)[0m         
[36m(ClientAppActor pid=377023)[0m 
[36m(ClientAppActor pid=377023)[0m         
[36m(ClientAppActor pid=377021)[0m 
[36m(ClientAppActor pid=377021)[0m         
[92mINFO [0m:      aggregate_fit: received 5 results and 0 failures
[92mINFO [0m:      fit progress: (8, 0.9873896308898926, {'accuracy': 0.6898, 'loss': 0.9873896308898926}, 110.02254587999778)
[92mINFO [0m:      configure_evaluate: strategy sampled 5 clients (out of 5)
[36m(ClientAppActor pid=377023)[0m 
[36m(ClientAppActor pid=377023)[0m         
[36m(ClientAppActor pid=377023)[0m [93mWARNING [0m:   DEPRECATED FEATURE: `client_fn` now expects a signature `def client_fn(context: Context)`.The provided `client_fn` has signature: {'cid': <Parameter "cid: str">}. You can import the `Context` like this: `from flwr.app import Context`[32m [repeated 10x across cluster][0m
[36m(ClientAppActor pid=377023)[0m             This is a deprecated feature. It will be removed[32m [repeated 10x across cluster][0m
[36m(ClientAppActor pid=377023)[0m             entirely in future versions of Flower.[32m [repeated 10x across cluster][0m
[36m(ClientAppActor pid=377021)[0m 
[36m(ClientAppActor pid=377021)[0m         
[36m(ClientAppActor pid=377020)[0m 
[36m(ClientAppActor pid=377020)[0m         
[36m(ClientAppActor pid=377022)[0m 
[36m(ClientAppActor pid=377022)[0m         
[36m(ClientAppActor pid=377024)[0m 
[36m(ClientAppActor pid=377024)[0m         
[92mINFO [0m:      aggregate_evaluate: received 5 results and 0 failures
[92mINFO [0m:      
[92mINFO [0m:      [ROUND 9]
[92mINFO [0m:      configure_fit: strategy sampled 5 clients (out of 5)
[36m(ClientAppActor pid=377024)[0m 
[36m(ClientAppActor pid=377024)[0m         
[36m(ClientAppActor pid=377020)[0m 
[36m(ClientAppActor pid=377020)[0m         
[36m(ClientAppActor pid=377022)[0m 
[36m(ClientAppActor pid=377022)[0m         
[36m(ClientAppActor pid=377021)[0m 
[36m(ClientAppActor pid=377021)[0m         
[36m(ClientAppActor pid=377023)[0m 
[36m(ClientAppActor pid=377023)[0m         
[92mINFO [0m:      aggregate_fit: received 5 results and 0 failures
[92mINFO [0m:      fit progress: (9, 0.9663844292640686, {'accuracy': 0.6993, 'loss': 0.9663844292640686}, 123.36621549696429)
[92mINFO [0m:      configure_evaluate: strategy sampled 5 clients (out of 5)
[36m(ClientAppActor pid=377020)[0m 
[36m(ClientAppActor pid=377020)[0m         
[36m(ClientAppActor pid=377020)[0m [93mWARNING [0m:   DEPRECATED FEATURE: `client_fn` now expects a signature `def client_fn(context: Context)`.The provided `client_fn` has signature: {'cid': <Parameter "cid: str">}. You can import the `Context` like this: `from flwr.app import Context`[32m [repeated 10x across cluster][0m
[36m(ClientAppActor pid=377020)[0m             This is a deprecated feature. It will be removed[32m [repeated 10x across cluster][0m
[36m(ClientAppActor pid=377020)[0m             entirely in future versions of Flower.[32m [repeated 10x across cluster][0m
[36m(ClientAppActor pid=377022)[0m 
[36m(ClientAppActor pid=377022)[0m         
[36m(ClientAppActor pid=377023)[0m 
[36m(ClientAppActor pid=377023)[0m         
[36m(ClientAppActor pid=377021)[0m 
[36m(ClientAppActor pid=377021)[0m         
[36m(ClientAppActor pid=377024)[0m 
[36m(ClientAppActor pid=377024)[0m         
[92mINFO [0m:      aggregate_evaluate: received 5 results and 0 failures
[92mINFO [0m:      
[92mINFO [0m:      [ROUND 10]
[92mINFO [0m:      configure_fit: strategy sampled 5 clients (out of 5)
[36m(ClientAppActor pid=377024)[0m 
[36m(ClientAppActor pid=377024)[0m         
[36m(ClientAppActor pid=377023)[0m 
[36m(ClientAppActor pid=377023)[0m         
[36m(ClientAppActor pid=377022)[0m 
[36m(ClientAppActor pid=377022)[0m         
[36m(ClientAppActor pid=377021)[0m 
[36m(ClientAppActor pid=377021)[0m         
[36m(ClientAppActor pid=377020)[0m 
[36m(ClientAppActor pid=377020)[0m         
[92mINFO [0m:      aggregate_fit: received 5 results and 0 failures
[92mINFO [0m:      fit progress: (10, 0.9966364766120911, {'accuracy': 0.7042, 'loss': 0.9966364766120911}, 136.62738249194808)
[92mINFO [0m:      configure_evaluate: strategy sampled 5 clients (out of 5)
[36m(ClientAppActor pid=377024)[0m 
[36m(ClientAppActor pid=377024)[0m         
[36m(ClientAppActor pid=377024)[0m [93mWARNING [0m:   DEPRECATED FEATURE: `client_fn` now expects a signature `def client_fn(context: Context)`.The provided `client_fn` has signature: {'cid': <Parameter "cid: str">}. You can import the `Context` like this: `from flwr.app import Context`[32m [repeated 10x across cluster][0m
[36m(ClientAppActor pid=377024)[0m             This is a deprecated feature. It will be removed[32m [repeated 10x across cluster][0m
[36m(ClientAppActor pid=377024)[0m             entirely in future versions of Flower.[32m [repeated 10x across cluster][0m
[36m(ClientAppActor pid=377022)[0m 
[36m(ClientAppActor pid=377022)[0m         
[36m(ClientAppActor pid=377023)[0m 
[36m(ClientAppActor pid=377023)[0m         
[36m(ClientAppActor pid=377021)[0m 
[36m(ClientAppActor pid=377021)[0m         
[36m(ClientAppActor pid=377020)[0m 
[36m(ClientAppActor pid=377020)[0m         
[92mINFO [0m:      aggregate_evaluate: received 5 results and 0 failures
[92mINFO [0m:      
[92mINFO [0m:      [SUMMARY]
[92mINFO [0m:      Run finished 10 round(s) in 137.47s
[92mINFO [0m:      	History (loss, distributed):
[92mINFO [0m:      		round 1: 2.2939705756609023
[92mINFO [0m:      		round 2: 1.9094454926539832
[92mINFO [0m:      		round 3: 1.4496267108600427
[92mINFO [0m:      		round 4: 1.2392923119475132
[92mINFO [0m:      		round 5: 1.0394652472726578
[92mINFO [0m:      		round 6: 1.004799919078797
[92mINFO [0m:      		round 7: 0.9158718513564537
[92mINFO [0m:      		round 8: 0.9822990202846493
[92mINFO [0m:      		round 9: 0.9598452163405816
[92mINFO [0m:      		round 10: 0.9911106418842837
[92mINFO [0m:      	History (loss, centralized):
[92mINFO [0m:      		round 0: 2.303141544723511
[92mINFO [0m:      		round 1: 2.293625880432129
[92mINFO [0m:      		round 2: 1.8995400709152221
[92mINFO [0m:      		round 3: 1.4325123458862306
[92mINFO [0m:      		round 4: 1.2264032209396363
[92mINFO [0m:      		round 5: 1.0290882526397704
[92mINFO [0m:      		round 6: 0.9986400733947753
[92mINFO [0m:      		round 7: 0.9232480412483215
[92mINFO [0m:      		round 8: 0.9873896308898926
[92mINFO [0m:      		round 9: 0.9663844292640686
[92mINFO [0m:      		round 10: 0.9966364766120911
[92mINFO [0m:      	History (metrics, distributed, fit):
[92mINFO [0m:      	{'avg_flops_per_client_round': [(1, 8140805084160.0),
[92mINFO [0m:      	                                (2, 8140805084160.0),
[92mINFO [0m:      	                                (3, 8140805084160.0),
[92mINFO [0m:      	                                (4, 8140805084160.0),
[92mINFO [0m:      	                                (5, 8140805084160.0),
[92mINFO [0m:      	                                (6, 8140805084160.0),
[92mINFO [0m:      	                                (7, 8140805084160.0),
[92mINFO [0m:      	                                (8, 8140805084160.0),
[92mINFO [0m:      	                                (9, 8140805084160.0),
[92mINFO [0m:      	                                (10, 8140805084160.0)],
[92mINFO [0m:      	 'total_flops_round': [(1, 40704025420800),
[92mINFO [0m:      	                       (2, 40704025420800),
[92mINFO [0m:      	                       (3, 40704025420800),
[92mINFO [0m:      	                       (4, 40704025420800),
[92mINFO [0m:      	                       (5, 40704025420800),
[92mINFO [0m:      	                       (6, 40704025420800),
[92mINFO [0m:      	                       (7, 40704025420800),
[92mINFO [0m:      	                       (8, 40704025420800),
[92mINFO [0m:      	                       (9, 40704025420800),
[92mINFO [0m:      	                       (10, 40704025420800)]}
[92mINFO [0m:      	History (metrics, distributed, evaluate):
[92mINFO [0m:      	{'accuracy': [(1, 0.11767060236141685),
[92mINFO [0m:      	              (2, 0.3031819091454873),
[92mINFO [0m:      	              (3, 0.46147688613167903),
[92mINFO [0m:      	              (4, 0.5549329597758655),
[92mINFO [0m:      	              (5, 0.6353812287372423),
[92mINFO [0m:      	              (6, 0.6523914348609166),
[92mINFO [0m:      	              (7, 0.6960176105663398),
[92mINFO [0m:      	              (8, 0.6848108865319191),
[92mINFO [0m:      	              (9, 0.7046227736641986),
[92mINFO [0m:      	              (10, 0.7062237342405443)],
[92mINFO [0m:      	 'loss': [(1, 2.2939705756609023),
[92mINFO [0m:      	          (2, 1.9094454926539832),
[92mINFO [0m:      	          (3, 1.4496267108600427),
[92mINFO [0m:      	          (4, 1.2392923119475132),
[92mINFO [0m:      	          (5, 1.0394652472726578),
[92mINFO [0m:      	          (6, 1.004799919078797),
[92mINFO [0m:      	          (7, 0.9158718513564537),
[92mINFO [0m:      	          (8, 0.9822990202846493),
[92mINFO [0m:      	          (9, 0.9598452163405816),
[92mINFO [0m:      	          (10, 0.9911106418842837)]}
[92mINFO [0m:      	History (metrics, centralized):
[92mINFO [0m:      	{'accuracy': [(0, 0.1),
[92mINFO [0m:      	              (1, 0.1173),
[92mINFO [0m:      	              (2, 0.3098),
[92mINFO [0m:      	              (3, 0.4687),
[92mINFO [0m:      	              (4, 0.5538),
[92mINFO [0m:      	              (5, 0.6373),
[92mINFO [0m:      	              (6, 0.6547),
[92mINFO [0m:      	              (7, 0.6925),
[92mINFO [0m:      	              (8, 0.6898),
[92mINFO [0m:      	              (9, 0.6993),
[92mINFO [0m:      	              (10, 0.7042)],
[92mINFO [0m:      	 'loss': [(0, 2.303141544723511),
[92mINFO [0m:      	          (1, 2.293625880432129),
[92mINFO [0m:      	          (2, 1.8995400709152221),
[92mINFO [0m:      	          (3, 1.4325123458862306),
[92mINFO [0m:      	          (4, 1.2264032209396363),
[92mINFO [0m:      	          (5, 1.0290882526397704),
[92mINFO [0m:      	          (6, 0.9986400733947753),
[92mINFO [0m:      	          (7, 0.9232480412483215),
[92mINFO [0m:      	          (8, 0.9873896308898926),
[92mINFO [0m:      	          (9, 0.9663844292640686),
[92mINFO [0m:      	          (10, 0.9966364766120911)]}
[92mINFO [0m:      
Treinando no dispositivo: cuda:0 com o dataset: CIFAR10 | Setup clientes: 5 (num_gpus por cliente=0.2) | SEED=47
FLOPS por amostra (forward): 6.030e+07 | (forward+backward, 3x): 1.809e+08
Files already downloaded and verified
Files already downloaded and verified
Dividindo o dataset usando a distribuição de Dirichlet com alpha=0.1.
Iniciando a simulação de Aprendizado Federado...
=== Diagnóstico de Medição de GPU ===
  pynvml_disponivel: True
  pynvml_versao: 580.173.02
  gpus_detectadas: 1
  leitura_potencia_ok: True
  potencia_atual_W: 114.762

--- Rodada 0 - Avaliação Centralizada (Servidor) ---
Loss (Servidor): 2.3031 | Acurácia (Servidor): 0.1000

--- Rodada 1 - Avaliação Centralizada (Servidor) ---
Loss (Servidor): 2.2936 | Acurácia (Servidor): 0.1173
--- Avaliação Agregada (Clientes) ---
Loss Média (Clientes): 2.2940 | Acurácia Média (Clientes): 0.1177

--- Rodada 2 - Avaliação Centralizada (Servidor) ---
Loss (Servidor): 1.8995 | Acurácia (Servidor): 0.3098
--- Avaliação Agregada (Clientes) ---
Loss Média (Clientes): 1.9094 | Acurácia Média (Clientes): 0.3032

--- Rodada 3 - Avaliação Centralizada (Servidor) ---
Loss (Servidor): 1.4325 | Acurácia (Servidor): 0.4687
--- Avaliação Agregada (Clientes) ---
Loss Média (Clientes): 1.4496 | Acurácia Média (Clientes): 0.4615

--- Rodada 4 - Avaliação Centralizada (Servidor) ---
Loss (Servidor): 1.2264 | Acurácia (Servidor): 0.5538
--- Avaliação Agregada (Clientes) ---
Loss Média (Clientes): 1.2393 | Acurácia Média (Clientes): 0.5549

--- Rodada 5 - Avaliação Centralizada (Servidor) ---
Loss (Servidor): 1.0291 | Acurácia (Servidor): 0.6373
--- Avaliação Agregada (Clientes) ---
Loss Média (Clientes): 1.0395 | Acurácia Média (Clientes): 0.6354

--- Rodada 6 - Avaliação Centralizada (Servidor) ---
Loss (Servidor): 0.9986 | Acurácia (Servidor): 0.6547
--- Avaliação Agregada (Clientes) ---
Loss Média (Clientes): 1.0048 | Acurácia Média (Clientes): 0.6524

--- Rodada 7 - Avaliação Centralizada (Servidor) ---
Loss (Servidor): 0.9232 | Acurácia (Servidor): 0.6925
--- Avaliação Agregada (Clientes) ---
Loss Média (Clientes): 0.9159 | Acurácia Média (Clientes): 0.6960

--- Rodada 8 - Avaliação Centralizada (Servidor) ---
Loss (Servidor): 0.9874 | Acurácia (Servidor): 0.6898
--- Avaliação Agregada (Clientes) ---
Loss Média (Clientes): 0.9823 | Acurácia Média (Clientes): 0.6848

--- Rodada 9 - Avaliação Centralizada (Servidor) ---
Loss (Servidor): 0.9664 | Acurácia (Servidor): 0.6993
--- Avaliação Agregada (Clientes) ---
Loss Média (Clientes): 0.9598 | Acurácia Média (Clientes): 0.7046

--- Rodada 10 - Avaliação Centralizada (Servidor) ---
Loss (Servidor): 0.9966 | Acurácia (Servidor): 0.7042
--- Avaliação Agregada (Clientes) ---
Loss Média (Clientes): 0.9911 | Acurácia Média (Clientes): 0.7062

Resultados salvos em: /home/tiago/GitHubProjects/fedhad-thesis-2/FedAVG-results/1.1_diagnostico_drift/CIFAR10/FedAVG__CIFAR10__Setup-5__Clients-5__Rounds-10__Delay-0_05__Alpha-0_1__Seed-47.txt
[36m(ClientAppActor pid=377020)[0m [93mWARNING [0m:   DEPRECATED FEATURE: `client_fn` now expects a signature `def client_fn(context: Context)`.The provided `client_fn` has signature: {'cid': <Parameter "cid: str">}. You can import the `Context` like this: `from flwr.app import Context`[32m [repeated 4x across cluster][0m
[36m(ClientAppActor pid=377020)[0m             This is a deprecated feature. It will be removed[32m [repeated 4x across cluster][0m
[36m(ClientAppActor pid=377020)[0m             entirely in future versions of Flower.[32m [repeated 4x across cluster][0m
