[codecarbon WARNING @ 11:32:48] Multiple instances of codecarbon are allowed to run at the same time.
[93mWARNING [0m:   DEPRECATED FEATURE: flwr.simulation.start_simulation() is deprecated.
	Instead, use the `flwr run` CLI command to start a local simulation in your Flower app, as shown for example below:

		$ flwr new  # Create a new Flower app from a template

		$ flwr run  # Run the Flower app in Simulation Mode

	Using `start_simulation()` is deprecated.

            This is a deprecated feature. It will be removed
            entirely in future versions of Flower.
        
[92mINFO [0m:      Starting Flower simulation, config: num_rounds=10, no round_timeout
2026-09-04 11:32:57,202	INFO worker.py:2012 -- Started a local Ray instance.
/home/tiago/GitHubProjects/fedhad-thesis-2/env_flwr_pt/lib/python3.12/site-packages/ray/_private/worker.py:2051: FutureWarning: Tip: In future versions of Ray, Ray will no longer override accelerator visible devices env var if num_gpus=0 or num_gpus=None (default). To enable this behavior and turn off this error message, set RAY_ACCEL_ENV_VAR_OVERRIDE_ON_ZERO=0
  warnings.warn(
[92mINFO [0m:      Flower VCE: Ray initialized with resources: {'node:10.129.64.100': 1.0, 'accelerator_type:A40': 1.0, 'memory': 181345333658.0, 'node:__internal_head__': 1.0, 'CPU': 64.0, 'object_store_memory': 77719428710.0, 'GPU': 1.0}
[92mINFO [0m:      Optimize your simulation with Flower VCE: https://flower.ai/docs/framework/how-to-run-simulations.html
/home/tiago/GitHubProjects/fedhad-thesis-2/FedAVG_Final.py:1577: UserWarning: No `num_cpus` specified in `client_resources`. Using `num_cpus=1` for each client.
  history = fl.simulation.start_simulation(
[92mINFO [0m:      Flower VCE: Resources for each Virtual Client: {'num_gpus': 0.2, 'num_cpus': 1}
[92mINFO [0m:      Flower VCE: Creating VirtualClientEngineActorPool with 5 actors
[92mINFO [0m:      [INIT]
[92mINFO [0m:      Requesting initial parameters from one random client
[36m(ClientAppActor pid=287069)[0m [93mWARNING [0m:   DEPRECATED FEATURE: `client_fn` now expects a signature `def client_fn(context: Context)`.The provided `client_fn` has signature: {'cid': <Parameter "cid: str">}. You can import the `Context` like this: `from flwr.app import Context`
[36m(ClientAppActor pid=287069)[0m 
[36m(ClientAppActor pid=287069)[0m             This is a deprecated feature. It will be removed
[36m(ClientAppActor pid=287069)[0m             entirely in future versions of Flower.
[36m(ClientAppActor pid=287069)[0m         
[92mINFO [0m:      Received initial parameters from one random client
[92mINFO [0m:      Starting evaluation of initial global parameters
[92mINFO [0m:      initial parameters (loss, other metrics): 2.3032007789611817, {'accuracy': 0.1017, 'loss': 2.3032007789611817}
[92mINFO [0m:      
[92mINFO [0m:      [ROUND 1]
[92mINFO [0m:      configure_fit: strategy sampled 5 clients (out of 5)
[36m(ClientAppActor pid=287069)[0m [93mWARNING [0m:   DEPRECATED FEATURE: `client_fn` now expects a signature `def client_fn(context: Context)`.The provided `client_fn` has signature: {'cid': <Parameter "cid: str">}. You can import the `Context` like this: `from flwr.app import Context`
[36m(ClientAppActor pid=287069)[0m 
[36m(ClientAppActor pid=287069)[0m             This is a deprecated feature. It will be removed
[36m(ClientAppActor pid=287069)[0m             entirely in future versions of Flower.
[36m(ClientAppActor pid=287069)[0m         
[36m(ClientAppActor pid=287068)[0m 
[36m(ClientAppActor pid=287068)[0m         
[36m(ClientAppActor pid=287067)[0m 
[36m(ClientAppActor pid=287067)[0m         
[36m(ClientAppActor pid=287065)[0m 
[36m(ClientAppActor pid=287065)[0m         
[36m(ClientAppActor pid=287066)[0m 
[36m(ClientAppActor pid=287066)[0m         
[92mINFO [0m:      aggregate_fit: received 5 results and 0 failures
[92mINFO [0m:      fit progress: (1, 2.2974488399505617, {'accuracy': 0.1515, 'loss': 2.2974488399505617}, 15.287352740997449)
[92mINFO [0m:      configure_evaluate: strategy sampled 5 clients (out of 5)
[36m(ClientAppActor pid=287066)[0m 
[36m(ClientAppActor pid=287066)[0m         
[36m(ClientAppActor pid=287066)[0m [93mWARNING [0m:   DEPRECATED FEATURE: `client_fn` now expects a signature `def client_fn(context: Context)`.The provided `client_fn` has signature: {'cid': <Parameter "cid: str">}. You can import the `Context` like this: `from flwr.app import Context`[32m [repeated 5x across cluster] (Ray deduplicates logs by default. Set RAY_DEDUP_LOGS=0 to disable log deduplication, or see https://docs.ray.io/en/master/ray-observability/user-guides/configure-logging.html#log-deduplication for more options.)[0m
[36m(ClientAppActor pid=287066)[0m             This is a deprecated feature. It will be removed[32m [repeated 5x across cluster][0m
[36m(ClientAppActor pid=287066)[0m             entirely in future versions of Flower.[32m [repeated 5x across cluster][0m
[36m(ClientAppActor pid=287065)[0m 
[36m(ClientAppActor pid=287065)[0m         
[36m(ClientAppActor pid=287068)[0m 
[36m(ClientAppActor pid=287068)[0m         
[36m(ClientAppActor pid=287067)[0m 
[36m(ClientAppActor pid=287067)[0m         
[36m(ClientAppActor pid=287069)[0m 
[36m(ClientAppActor pid=287069)[0m         
[92mINFO [0m:      aggregate_evaluate: received 5 results and 0 failures
[92mINFO [0m:      
[92mINFO [0m:      [ROUND 2]
[92mINFO [0m:      configure_fit: strategy sampled 5 clients (out of 5)
[36m(ClientAppActor pid=287069)[0m 
[36m(ClientAppActor pid=287069)[0m         
[36m(ClientAppActor pid=287067)[0m 
[36m(ClientAppActor pid=287067)[0m         
[36m(ClientAppActor pid=287068)[0m 
[36m(ClientAppActor pid=287068)[0m         
[36m(ClientAppActor pid=287065)[0m 
[36m(ClientAppActor pid=287065)[0m         
[36m(ClientAppActor pid=287066)[0m 
[36m(ClientAppActor pid=287066)[0m         
[92mINFO [0m:      aggregate_fit: received 5 results and 0 failures
[92mINFO [0m:      fit progress: (2, 1.2215517951965331, {'accuracy': 0.5807, 'loss': 1.2215517951965331}, 29.120964244008064)
[92mINFO [0m:      configure_evaluate: strategy sampled 5 clients (out of 5)
[36m(ClientAppActor pid=287069)[0m 
[36m(ClientAppActor pid=287069)[0m         
[36m(ClientAppActor pid=287069)[0m [93mWARNING [0m:   DEPRECATED FEATURE: `client_fn` now expects a signature `def client_fn(context: Context)`.The provided `client_fn` has signature: {'cid': <Parameter "cid: str">}. You can import the `Context` like this: `from flwr.app import Context`[32m [repeated 10x across cluster][0m
[36m(ClientAppActor pid=287069)[0m             This is a deprecated feature. It will be removed[32m [repeated 10x across cluster][0m
[36m(ClientAppActor pid=287069)[0m             entirely in future versions of Flower.[32m [repeated 10x across cluster][0m
[36m(ClientAppActor pid=287065)[0m 
[36m(ClientAppActor pid=287065)[0m         
[36m(ClientAppActor pid=287067)[0m 
[36m(ClientAppActor pid=287067)[0m         
[36m(ClientAppActor pid=287068)[0m 
[36m(ClientAppActor pid=287068)[0m         
[36m(ClientAppActor pid=287066)[0m 
[36m(ClientAppActor pid=287066)[0m         
[92mINFO [0m:      aggregate_evaluate: received 5 results and 0 failures
[92mINFO [0m:      
[92mINFO [0m:      [ROUND 3]
[92mINFO [0m:      configure_fit: strategy sampled 5 clients (out of 5)
[36m(ClientAppActor pid=287066)[0m 
[36m(ClientAppActor pid=287066)[0m         
[36m(ClientAppActor pid=287068)[0m 
[36m(ClientAppActor pid=287068)[0m         
[36m(ClientAppActor pid=287067)[0m 
[36m(ClientAppActor pid=287067)[0m         
[36m(ClientAppActor pid=287065)[0m 
[36m(ClientAppActor pid=287065)[0m         
[36m(ClientAppActor pid=287069)[0m 
[36m(ClientAppActor pid=287069)[0m         
[92mINFO [0m:      aggregate_fit: received 5 results and 0 failures
[92mINFO [0m:      fit progress: (3, 0.7832702460289002, {'accuracy': 0.7268, 'loss': 0.7832702460289002}, 43.13590440002736)
[92mINFO [0m:      configure_evaluate: strategy sampled 5 clients (out of 5)
[36m(ClientAppActor pid=287065)[0m 
[36m(ClientAppActor pid=287065)[0m         
[36m(ClientAppActor pid=287065)[0m [93mWARNING [0m:   DEPRECATED FEATURE: `client_fn` now expects a signature `def client_fn(context: Context)`.The provided `client_fn` has signature: {'cid': <Parameter "cid: str">}. You can import the `Context` like this: `from flwr.app import Context`[32m [repeated 10x across cluster][0m
[36m(ClientAppActor pid=287065)[0m             This is a deprecated feature. It will be removed[32m [repeated 10x across cluster][0m
[36m(ClientAppActor pid=287065)[0m             entirely in future versions of Flower.[32m [repeated 10x across cluster][0m
[36m(ClientAppActor pid=287067)[0m 
[36m(ClientAppActor pid=287067)[0m         
[36m(ClientAppActor pid=287069)[0m 
[36m(ClientAppActor pid=287069)[0m         
[36m(ClientAppActor pid=287068)[0m 
[36m(ClientAppActor pid=287068)[0m         
[36m(ClientAppActor pid=287066)[0m 
[36m(ClientAppActor pid=287066)[0m         
[92mINFO [0m:      aggregate_evaluate: received 5 results and 0 failures
[92mINFO [0m:      
[92mINFO [0m:      [ROUND 4]
[92mINFO [0m:      configure_fit: strategy sampled 5 clients (out of 5)
[36m(ClientAppActor pid=287066)[0m 
[36m(ClientAppActor pid=287066)[0m         
[36m(ClientAppActor pid=287068)[0m 
[36m(ClientAppActor pid=287068)[0m         
[36m(ClientAppActor pid=287069)[0m 
[36m(ClientAppActor pid=287069)[0m         
[36m(ClientAppActor pid=287067)[0m 
[36m(ClientAppActor pid=287067)[0m         
[36m(ClientAppActor pid=287065)[0m 
[36m(ClientAppActor pid=287065)[0m         
[92mINFO [0m:      aggregate_fit: received 5 results and 0 failures
[92mINFO [0m:      fit progress: (4, 0.6836021577358246, {'accuracy': 0.7687, 'loss': 0.6836021577358246}, 56.91539166599978)
[92mINFO [0m:      configure_evaluate: strategy sampled 5 clients (out of 5)
[36m(ClientAppActor pid=287069)[0m 
[36m(ClientAppActor pid=287069)[0m         
[36m(ClientAppActor pid=287069)[0m [93mWARNING [0m:   DEPRECATED FEATURE: `client_fn` now expects a signature `def client_fn(context: Context)`.The provided `client_fn` has signature: {'cid': <Parameter "cid: str">}. You can import the `Context` like this: `from flwr.app import Context`[32m [repeated 10x across cluster][0m
[36m(ClientAppActor pid=287069)[0m             This is a deprecated feature. It will be removed[32m [repeated 10x across cluster][0m
[36m(ClientAppActor pid=287069)[0m             entirely in future versions of Flower.[32m [repeated 10x across cluster][0m
[36m(ClientAppActor pid=287066)[0m 
[36m(ClientAppActor pid=287066)[0m         
[36m(ClientAppActor pid=287065)[0m 
[36m(ClientAppActor pid=287065)[0m         
[36m(ClientAppActor pid=287068)[0m 
[36m(ClientAppActor pid=287068)[0m         
[36m(ClientAppActor pid=287067)[0m 
[36m(ClientAppActor pid=287067)[0m         
[92mINFO [0m:      aggregate_evaluate: received 5 results and 0 failures
[92mINFO [0m:      
[92mINFO [0m:      [ROUND 5]
[92mINFO [0m:      configure_fit: strategy sampled 5 clients (out of 5)
[36m(ClientAppActor pid=287067)[0m 
[36m(ClientAppActor pid=287067)[0m         
[36m(ClientAppActor pid=287068)[0m 
[36m(ClientAppActor pid=287068)[0m         
[36m(ClientAppActor pid=287065)[0m 
[36m(ClientAppActor pid=287065)[0m         
[36m(ClientAppActor pid=287066)[0m 
[36m(ClientAppActor pid=287066)[0m         
[36m(ClientAppActor pid=287069)[0m 
[36m(ClientAppActor pid=287069)[0m         
[92mINFO [0m:      aggregate_fit: received 5 results and 0 failures
[92mINFO [0m:      fit progress: (5, 0.6526812106132507, {'accuracy': 0.7885, 'loss': 0.6526812106132507}, 70.93282586202258)
[92mINFO [0m:      configure_evaluate: strategy sampled 5 clients (out of 5)
[36m(ClientAppActor pid=287069)[0m 
[36m(ClientAppActor pid=287069)[0m         
[36m(ClientAppActor pid=287069)[0m [93mWARNING [0m:   DEPRECATED FEATURE: `client_fn` now expects a signature `def client_fn(context: Context)`.The provided `client_fn` has signature: {'cid': <Parameter "cid: str">}. You can import the `Context` like this: `from flwr.app import Context`[32m [repeated 10x across cluster][0m
[36m(ClientAppActor pid=287069)[0m             This is a deprecated feature. It will be removed[32m [repeated 10x across cluster][0m
[36m(ClientAppActor pid=287069)[0m             entirely in future versions of Flower.[32m [repeated 10x across cluster][0m
[36m(ClientAppActor pid=287068)[0m 
[36m(ClientAppActor pid=287068)[0m         
[36m(ClientAppActor pid=287065)[0m 
[36m(ClientAppActor pid=287065)[0m         
[36m(ClientAppActor pid=287066)[0m 
[36m(ClientAppActor pid=287066)[0m         
[36m(ClientAppActor pid=287067)[0m 
[36m(ClientAppActor pid=287067)[0m         
[92mINFO [0m:      aggregate_evaluate: received 5 results and 0 failures
[92mINFO [0m:      
[92mINFO [0m:      [ROUND 6]
[92mINFO [0m:      configure_fit: strategy sampled 5 clients (out of 5)
[36m(ClientAppActor pid=287067)[0m 
[36m(ClientAppActor pid=287067)[0m         
[36m(ClientAppActor pid=287066)[0m 
[36m(ClientAppActor pid=287066)[0m         
[36m(ClientAppActor pid=287065)[0m 
[36m(ClientAppActor pid=287065)[0m         
[36m(ClientAppActor pid=287068)[0m 
[36m(ClientAppActor pid=287068)[0m         
[36m(ClientAppActor pid=287069)[0m 
[36m(ClientAppActor pid=287069)[0m         
[92mINFO [0m:      aggregate_fit: received 5 results and 0 failures
[92mINFO [0m:      fit progress: (6, 0.6215434450149536, {'accuracy': 0.8016, 'loss': 0.6215434450149536}, 84.488600503013)
[92mINFO [0m:      configure_evaluate: strategy sampled 5 clients (out of 5)
[36m(ClientAppActor pid=287067)[0m 
[36m(ClientAppActor pid=287067)[0m         
[36m(ClientAppActor pid=287067)[0m [93mWARNING [0m:   DEPRECATED FEATURE: `client_fn` now expects a signature `def client_fn(context: Context)`.The provided `client_fn` has signature: {'cid': <Parameter "cid: str">}. You can import the `Context` like this: `from flwr.app import Context`[32m [repeated 10x across cluster][0m
[36m(ClientAppActor pid=287067)[0m             This is a deprecated feature. It will be removed[32m [repeated 10x across cluster][0m
[36m(ClientAppActor pid=287067)[0m             entirely in future versions of Flower.[32m [repeated 10x across cluster][0m
[36m(ClientAppActor pid=287069)[0m 
[36m(ClientAppActor pid=287069)[0m         
[36m(ClientAppActor pid=287066)[0m 
[36m(ClientAppActor pid=287066)[0m         
[36m(ClientAppActor pid=287068)[0m 
[36m(ClientAppActor pid=287068)[0m         
[36m(ClientAppActor pid=287065)[0m 
[36m(ClientAppActor pid=287065)[0m         
[92mINFO [0m:      aggregate_evaluate: received 5 results and 0 failures
[92mINFO [0m:      
[92mINFO [0m:      [ROUND 7]
[92mINFO [0m:      configure_fit: strategy sampled 5 clients (out of 5)
[36m(ClientAppActor pid=287065)[0m 
[36m(ClientAppActor pid=287065)[0m         
[36m(ClientAppActor pid=287068)[0m 
[36m(ClientAppActor pid=287068)[0m         
[36m(ClientAppActor pid=287069)[0m 
[36m(ClientAppActor pid=287069)[0m         
[36m(ClientAppActor pid=287066)[0m 
[36m(ClientAppActor pid=287066)[0m         
[36m(ClientAppActor pid=287067)[0m 
[36m(ClientAppActor pid=287067)[0m         
[92mINFO [0m:      aggregate_fit: received 5 results and 0 failures
[92mINFO [0m:      fit progress: (7, 0.6702617903709411, {'accuracy': 0.803, 'loss': 0.6702617903709411}, 98.04462639603298)
[92mINFO [0m:      configure_evaluate: strategy sampled 5 clients (out of 5)
[36m(ClientAppActor pid=287065)[0m 
[36m(ClientAppActor pid=287065)[0m         
[36m(ClientAppActor pid=287065)[0m [93mWARNING [0m:   DEPRECATED FEATURE: `client_fn` now expects a signature `def client_fn(context: Context)`.The provided `client_fn` has signature: {'cid': <Parameter "cid: str">}. You can import the `Context` like this: `from flwr.app import Context`[32m [repeated 10x across cluster][0m
[36m(ClientAppActor pid=287065)[0m             This is a deprecated feature. It will be removed[32m [repeated 10x across cluster][0m
[36m(ClientAppActor pid=287065)[0m             entirely in future versions of Flower.[32m [repeated 10x across cluster][0m
[36m(ClientAppActor pid=287067)[0m 
[36m(ClientAppActor pid=287067)[0m         
[36m(ClientAppActor pid=287069)[0m 
[36m(ClientAppActor pid=287069)[0m         
[36m(ClientAppActor pid=287066)[0m 
[36m(ClientAppActor pid=287066)[0m         
[36m(ClientAppActor pid=287068)[0m 
[36m(ClientAppActor pid=287068)[0m         
[92mINFO [0m:      aggregate_evaluate: received 5 results and 0 failures
[92mINFO [0m:      
[92mINFO [0m:      [ROUND 8]
[92mINFO [0m:      configure_fit: strategy sampled 5 clients (out of 5)
[36m(ClientAppActor pid=287068)[0m 
[36m(ClientAppActor pid=287068)[0m         
[36m(ClientAppActor pid=287066)[0m 
[36m(ClientAppActor pid=287066)[0m         
[36m(ClientAppActor pid=287069)[0m 
[36m(ClientAppActor pid=287069)[0m         
[36m(ClientAppActor pid=287067)[0m 
[36m(ClientAppActor pid=287067)[0m         
[36m(ClientAppActor pid=287065)[0m 
[36m(ClientAppActor pid=287065)[0m         
[92mINFO [0m:      aggregate_fit: received 5 results and 0 failures
[92mINFO [0m:      fit progress: (8, 0.6644704573631287, {'accuracy': 0.8118, 'loss': 0.6644704573631287}, 112.2897180300206)
[92mINFO [0m:      configure_evaluate: strategy sampled 5 clients (out of 5)
[36m(ClientAppActor pid=287065)[0m 
[36m(ClientAppActor pid=287065)[0m         
[36m(ClientAppActor pid=287065)[0m [93mWARNING [0m:   DEPRECATED FEATURE: `client_fn` now expects a signature `def client_fn(context: Context)`.The provided `client_fn` has signature: {'cid': <Parameter "cid: str">}. You can import the `Context` like this: `from flwr.app import Context`[32m [repeated 10x across cluster][0m
[36m(ClientAppActor pid=287065)[0m             This is a deprecated feature. It will be removed[32m [repeated 10x across cluster][0m
[36m(ClientAppActor pid=287065)[0m             entirely in future versions of Flower.[32m [repeated 10x across cluster][0m
[36m(ClientAppActor pid=287068)[0m 
[36m(ClientAppActor pid=287068)[0m         
[36m(ClientAppActor pid=287069)[0m 
[36m(ClientAppActor pid=287069)[0m         
[36m(ClientAppActor pid=287066)[0m 
[36m(ClientAppActor pid=287066)[0m         
[36m(ClientAppActor pid=287067)[0m 
[36m(ClientAppActor pid=287067)[0m         
[92mINFO [0m:      aggregate_evaluate: received 5 results and 0 failures
[92mINFO [0m:      
[92mINFO [0m:      [ROUND 9]
[92mINFO [0m:      configure_fit: strategy sampled 5 clients (out of 5)
[36m(ClientAppActor pid=287067)[0m 
[36m(ClientAppActor pid=287067)[0m         
[36m(ClientAppActor pid=287066)[0m 
[36m(ClientAppActor pid=287066)[0m         
[36m(ClientAppActor pid=287069)[0m 
[36m(ClientAppActor pid=287069)[0m         
[36m(ClientAppActor pid=287068)[0m 
[36m(ClientAppActor pid=287068)[0m         
[36m(ClientAppActor pid=287065)[0m 
[36m(ClientAppActor pid=287065)[0m         
[92mINFO [0m:      aggregate_fit: received 5 results and 0 failures
[92mINFO [0m:      fit progress: (9, 0.6632846357583999, {'accuracy': 0.8124, 'loss': 0.6632846357583999}, 126.58117316098651)
[92mINFO [0m:      configure_evaluate: strategy sampled 5 clients (out of 5)
[36m(ClientAppActor pid=287065)[0m 
[36m(ClientAppActor pid=287065)[0m         
[36m(ClientAppActor pid=287065)[0m [93mWARNING [0m:   DEPRECATED FEATURE: `client_fn` now expects a signature `def client_fn(context: Context)`.The provided `client_fn` has signature: {'cid': <Parameter "cid: str">}. You can import the `Context` like this: `from flwr.app import Context`[32m [repeated 10x across cluster][0m
[36m(ClientAppActor pid=287065)[0m             This is a deprecated feature. It will be removed[32m [repeated 10x across cluster][0m
[36m(ClientAppActor pid=287065)[0m             entirely in future versions of Flower.[32m [repeated 10x across cluster][0m
[36m(ClientAppActor pid=287066)[0m 
[36m(ClientAppActor pid=287066)[0m         
[36m(ClientAppActor pid=287068)[0m 
[36m(ClientAppActor pid=287068)[0m         
[36m(ClientAppActor pid=287067)[0m 
[36m(ClientAppActor pid=287067)[0m         
[36m(ClientAppActor pid=287069)[0m 
[36m(ClientAppActor pid=287069)[0m         
[92mINFO [0m:      aggregate_evaluate: received 5 results and 0 failures
[92mINFO [0m:      
[92mINFO [0m:      [ROUND 10]
[92mINFO [0m:      configure_fit: strategy sampled 5 clients (out of 5)
[36m(ClientAppActor pid=287069)[0m 
[36m(ClientAppActor pid=287069)[0m         
[36m(ClientAppActor pid=287067)[0m 
[36m(ClientAppActor pid=287067)[0m         
[36m(ClientAppActor pid=287068)[0m 
[36m(ClientAppActor pid=287068)[0m         
[36m(ClientAppActor pid=287066)[0m 
[36m(ClientAppActor pid=287066)[0m         
[36m(ClientAppActor pid=287065)[0m 
[36m(ClientAppActor pid=287065)[0m         
[92mINFO [0m:      aggregate_fit: received 5 results and 0 failures
[92mINFO [0m:      fit progress: (10, 0.6838183985948563, {'accuracy': 0.8174, 'loss': 0.6838183985948563}, 140.18778828601353)
[92mINFO [0m:      configure_evaluate: strategy sampled 5 clients (out of 5)
[36m(ClientAppActor pid=287067)[0m 
[36m(ClientAppActor pid=287067)[0m         
[36m(ClientAppActor pid=287067)[0m [93mWARNING [0m:   DEPRECATED FEATURE: `client_fn` now expects a signature `def client_fn(context: Context)`.The provided `client_fn` has signature: {'cid': <Parameter "cid: str">}. You can import the `Context` like this: `from flwr.app import Context`[32m [repeated 10x across cluster][0m
[36m(ClientAppActor pid=287067)[0m             This is a deprecated feature. It will be removed[32m [repeated 10x across cluster][0m
[36m(ClientAppActor pid=287067)[0m             entirely in future versions of Flower.[32m [repeated 10x across cluster][0m
[36m(ClientAppActor pid=287066)[0m 
[36m(ClientAppActor pid=287066)[0m         
[36m(ClientAppActor pid=287065)[0m 
[36m(ClientAppActor pid=287065)[0m         
[36m(ClientAppActor pid=287069)[0m 
[36m(ClientAppActor pid=287069)[0m         
[36m(ClientAppActor pid=287068)[0m 
[36m(ClientAppActor pid=287068)[0m         
[92mINFO [0m:      aggregate_evaluate: received 5 results and 0 failures
[92mINFO [0m:      
[92mINFO [0m:      [SUMMARY]
[92mINFO [0m:      Run finished 10 round(s) in 141.06s
[92mINFO [0m:      	History (loss, distributed):
[92mINFO [0m:      		round 1: 2.2965748788548166
[92mINFO [0m:      		round 2: 1.2259665366743697
[92mINFO [0m:      		round 3: 0.7800820819637021
[92mINFO [0m:      		round 4: 0.6767789309575301
[92mINFO [0m:      		round 5: 0.6416823654687133
[92mINFO [0m:      		round 6: 0.6141244084680495
[92mINFO [0m:      		round 7: 0.6596516665695857
[92mINFO [0m:      		round 8: 0.6471554667723566
[92mINFO [0m:      		round 9: 0.6485925737668534
[92mINFO [0m:      		round 10: 0.656327769604503
[92mINFO [0m:      	History (loss, centralized):
[92mINFO [0m:      		round 0: 2.3032007789611817
[92mINFO [0m:      		round 1: 2.2974488399505617
[92mINFO [0m:      		round 2: 1.2215517951965331
[92mINFO [0m:      		round 3: 0.7832702460289002
[92mINFO [0m:      		round 4: 0.6836021577358246
[92mINFO [0m:      		round 5: 0.6526812106132507
[92mINFO [0m:      		round 6: 0.6215434450149536
[92mINFO [0m:      		round 7: 0.6702617903709411
[92mINFO [0m:      		round 8: 0.6644704573631287
[92mINFO [0m:      		round 9: 0.6632846357583999
[92mINFO [0m:      		round 10: 0.6838183985948563
[92mINFO [0m:      	History (metrics, distributed, fit):
[92mINFO [0m:      	{'avg_flops_per_client_round': [(1, 8140624189440.0),
[92mINFO [0m:      	                                (2, 8140624189440.0),
[92mINFO [0m:      	                                (3, 8140624189440.0),
[92mINFO [0m:      	                                (4, 8140624189440.0),
[92mINFO [0m:      	                                (5, 8140624189440.0),
[92mINFO [0m:      	                                (6, 8140624189440.0),
[92mINFO [0m:      	                                (7, 8140624189440.0),
[92mINFO [0m:      	                                (8, 8140624189440.0),
[92mINFO [0m:      	                                (9, 8140624189440.0),
[92mINFO [0m:      	                                (10, 8140624189440.0)],
[92mINFO [0m:      	 'total_flops_round': [(1, 40703120947200),
[92mINFO [0m:      	                       (2, 40703120947200),
[92mINFO [0m:      	                       (3, 40703120947200),
[92mINFO [0m:      	                       (4, 40703120947200),
[92mINFO [0m:      	                       (5, 40703120947200),
[92mINFO [0m:      	                       (6, 40703120947200),
[92mINFO [0m:      	                       (7, 40703120947200),
[92mINFO [0m:      	                       (8, 40703120947200),
[92mINFO [0m:      	                       (9, 40703120947200),
[92mINFO [0m:      	                       (10, 40703120947200)]}
[92mINFO [0m:      	History (metrics, distributed, evaluate):
[92mINFO [0m:      	{'accuracy': [(1, 0.1486594637855142),
[92mINFO [0m:      	              (2, 0.5806322529011605),
[92mINFO [0m:      	              (3, 0.7272909163665466),
[92mINFO [0m:      	              (4, 0.7735094037615046),
[92mINFO [0m:      	              (5, 0.7867146858743498),
[92mINFO [0m:      	              (6, 0.8001200480192077),
[92mINFO [0m:      	              (7, 0.8037214885954381),
[92mINFO [0m:      	              (8, 0.8119247699079631),
[92mINFO [0m:      	              (9, 0.8199279711884754),
[92mINFO [0m:      	              (10, 0.8239295718287315)],
[92mINFO [0m:      	 'loss': [(1, 2.2965748788548166),
[92mINFO [0m:      	          (2, 1.2259665366743697),
[92mINFO [0m:      	          (3, 0.7800820819637021),
[92mINFO [0m:      	          (4, 0.6767789309575301),
[92mINFO [0m:      	          (5, 0.6416823654687133),
[92mINFO [0m:      	          (6, 0.6141244084680495),
[92mINFO [0m:      	          (7, 0.6596516665695857),
[92mINFO [0m:      	          (8, 0.6471554667723566),
[92mINFO [0m:      	          (9, 0.6485925737668534),
[92mINFO [0m:      	          (10, 0.656327769604503)]}
[92mINFO [0m:      	History (metrics, centralized):
[92mINFO [0m:      	{'accuracy': [(0, 0.1017),
[92mINFO [0m:      	              (1, 0.1515),
[92mINFO [0m:      	              (2, 0.5807),
[92mINFO [0m:      	              (3, 0.7268),
[92mINFO [0m:      	              (4, 0.7687),
[92mINFO [0m:      	              (5, 0.7885),
[92mINFO [0m:      	              (6, 0.8016),
[92mINFO [0m:      	              (7, 0.803),
[92mINFO [0m:      	              (8, 0.8118),
[92mINFO [0m:      	              (9, 0.8124),
[92mINFO [0m:      	              (10, 0.8174)],
[92mINFO [0m:      	 'loss': [(0, 2.3032007789611817),
[92mINFO [0m:      	          (1, 2.2974488399505617),
[92mINFO [0m:      	          (2, 1.2215517951965331),
[92mINFO [0m:      	          (3, 0.7832702460289002),
[92mINFO [0m:      	          (4, 0.6836021577358246),
[92mINFO [0m:      	          (5, 0.6526812106132507),
[92mINFO [0m:      	          (6, 0.6215434450149536),
[92mINFO [0m:      	          (7, 0.6702617903709411),
[92mINFO [0m:      	          (8, 0.6644704573631287),
[92mINFO [0m:      	          (9, 0.6632846357583999),
[92mINFO [0m:      	          (10, 0.6838183985948563)]}
[92mINFO [0m:      
Treinando no dispositivo: cuda:0 com o dataset: CIFAR10 | Setup clientes: 5 (num_gpus por cliente=0.2) | SEED=45
FLOPS por amostra (forward): 6.030e+07 | (forward+backward, 3x): 1.809e+08
Files already downloaded and verified
Files already downloaded and verified
Dividindo o dataset usando a distribuição de Dirichlet com alpha=1.0.
Iniciando a simulação de Aprendizado Federado...
=== Diagnóstico de Medição de GPU ===
  pynvml_disponivel: True
  pynvml_versao: 580.173.02
  gpus_detectadas: 1
  leitura_potencia_ok: True
  potencia_atual_W: 114.725

--- Rodada 0 - Avaliação Centralizada (Servidor) ---
Loss (Servidor): 2.3032 | Acurácia (Servidor): 0.1017

--- Rodada 1 - Avaliação Centralizada (Servidor) ---
Loss (Servidor): 2.2974 | Acurácia (Servidor): 0.1515
--- Avaliação Agregada (Clientes) ---
Loss Média (Clientes): 2.2966 | Acurácia Média (Clientes): 0.1487

--- Rodada 2 - Avaliação Centralizada (Servidor) ---
Loss (Servidor): 1.2216 | Acurácia (Servidor): 0.5807
--- Avaliação Agregada (Clientes) ---
Loss Média (Clientes): 1.2260 | Acurácia Média (Clientes): 0.5806

--- Rodada 3 - Avaliação Centralizada (Servidor) ---
Loss (Servidor): 0.7833 | Acurácia (Servidor): 0.7268
--- Avaliação Agregada (Clientes) ---
Loss Média (Clientes): 0.7801 | Acurácia Média (Clientes): 0.7273

--- Rodada 4 - Avaliação Centralizada (Servidor) ---
Loss (Servidor): 0.6836 | Acurácia (Servidor): 0.7687
--- Avaliação Agregada (Clientes) ---
Loss Média (Clientes): 0.6768 | Acurácia Média (Clientes): 0.7735

--- Rodada 5 - Avaliação Centralizada (Servidor) ---
Loss (Servidor): 0.6527 | Acurácia (Servidor): 0.7885
--- Avaliação Agregada (Clientes) ---
Loss Média (Clientes): 0.6417 | Acurácia Média (Clientes): 0.7867

--- Rodada 6 - Avaliação Centralizada (Servidor) ---
Loss (Servidor): 0.6215 | Acurácia (Servidor): 0.8016
--- Avaliação Agregada (Clientes) ---
Loss Média (Clientes): 0.6141 | Acurácia Média (Clientes): 0.8001

--- Rodada 7 - Avaliação Centralizada (Servidor) ---
Loss (Servidor): 0.6703 | Acurácia (Servidor): 0.8030
--- Avaliação Agregada (Clientes) ---
Loss Média (Clientes): 0.6597 | Acurácia Média (Clientes): 0.8037

--- Rodada 8 - Avaliação Centralizada (Servidor) ---
Loss (Servidor): 0.6645 | Acurácia (Servidor): 0.8118
--- Avaliação Agregada (Clientes) ---
Loss Média (Clientes): 0.6472 | Acurácia Média (Clientes): 0.8119

--- Rodada 9 - Avaliação Centralizada (Servidor) ---
Loss (Servidor): 0.6633 | Acurácia (Servidor): 0.8124
--- Avaliação Agregada (Clientes) ---
Loss Média (Clientes): 0.6486 | Acurácia Média (Clientes): 0.8199

--- Rodada 10 - Avaliação Centralizada (Servidor) ---
Loss (Servidor): 0.6838 | Acurácia (Servidor): 0.8174
--- Avaliação Agregada (Clientes) ---
Loss Média (Clientes): 0.6563 | Acurácia Média (Clientes): 0.8239

Resultados salvos em: /home/tiago/GitHubProjects/fedhad-thesis-2/FedAVG-results/1.1_diagnostico_drift/CIFAR10/FedAVG__CIFAR10__Setup-5__Clients-5__Rounds-10__Delay-0_05__Alpha-1_0__Seed-45.txt
[36m(ClientAppActor pid=287068)[0m [93mWARNING [0m:   DEPRECATED FEATURE: `client_fn` now expects a signature `def client_fn(context: Context)`.The provided `client_fn` has signature: {'cid': <Parameter "cid: str">}. You can import the `Context` like this: `from flwr.app import Context`[32m [repeated 4x across cluster][0m
[36m(ClientAppActor pid=287068)[0m             This is a deprecated feature. It will be removed[32m [repeated 4x across cluster][0m
[36m(ClientAppActor pid=287068)[0m             entirely in future versions of Flower.[32m [repeated 4x across cluster][0m
