[codecarbon WARNING @ 13:14:16] Multiple instances of codecarbon are allowed to run at the same time.
[93mWARNING [0m:   DEPRECATED FEATURE: flwr.simulation.start_simulation() is deprecated.
	Instead, use the `flwr run` CLI command to start a local simulation in your Flower app, as shown for example below:

		$ flwr new  # Create a new Flower app from a template

		$ flwr run  # Run the Flower app in Simulation Mode

	Using `start_simulation()` is deprecated.

            This is a deprecated feature. It will be removed
            entirely in future versions of Flower.
        
[92mINFO [0m:      Starting Flower simulation, config: num_rounds=10, no round_timeout
2026-09-04 13:14:24,536	INFO worker.py:2012 -- Started a local Ray instance.
/home/tiago/GitHubProjects/fedhad-thesis-2/env_flwr_pt/lib/python3.12/site-packages/ray/_private/worker.py:2051: FutureWarning: Tip: In future versions of Ray, Ray will no longer override accelerator visible devices env var if num_gpus=0 or num_gpus=None (default). To enable this behavior and turn off this error message, set RAY_ACCEL_ENV_VAR_OVERRIDE_ON_ZERO=0
  warnings.warn(
[92mINFO [0m:      Flower VCE: Ray initialized with resources: {'CPU': 64.0, 'node:__internal_head__': 1.0, 'node:10.129.64.100': 1.0, 'GPU': 1.0, 'object_store_memory': 77746421760.0, 'memory': 181408317440.0, 'accelerator_type:A40': 1.0}
[92mINFO [0m:      Optimize your simulation with Flower VCE: https://flower.ai/docs/framework/how-to-run-simulations.html
/home/tiago/GitHubProjects/fedhad-thesis-2/FedAvgM_Final.py:1669: UserWarning: No `num_cpus` specified in `client_resources`. Using `num_cpus=1` for each client.
  history = fl.simulation.start_simulation(
[92mINFO [0m:      Flower VCE: Resources for each Virtual Client: {'num_gpus': 0.2, 'num_cpus': 1}
[92mINFO [0m:      Flower VCE: Creating VirtualClientEngineActorPool with 5 actors
[92mINFO [0m:      [INIT]
[92mINFO [0m:      Using initial global parameters provided by strategy
[92mINFO [0m:      Starting evaluation of initial global parameters
[92mINFO [0m:      initial parameters (loss, other metrics): 2.302623388671875, {'accuracy': 0.1, 'loss': 2.302623388671875}
[92mINFO [0m:      
[92mINFO [0m:      [ROUND 1]
[92mINFO [0m:      configure_fit: strategy sampled 5 clients (out of 5)
[36m(ClientAppActor pid=552268)[0m [93mWARNING [0m:   DEPRECATED FEATURE: `client_fn` now expects a signature `def client_fn(context: Context)`.The provided `client_fn` has signature: {'cid': <Parameter "cid: str">}. You can import the `Context` like this: `from flwr.app import Context`
[36m(ClientAppActor pid=552268)[0m 
[36m(ClientAppActor pid=552268)[0m             This is a deprecated feature. It will be removed
[36m(ClientAppActor pid=552268)[0m             entirely in future versions of Flower.
[36m(ClientAppActor pid=552268)[0m         
[36m(ClientAppActor pid=552290)[0m 
[36m(ClientAppActor pid=552290)[0m         
[36m(ClientAppActor pid=552289)[0m 
[36m(ClientAppActor pid=552289)[0m         
[36m(ClientAppActor pid=552256)[0m 
[36m(ClientAppActor pid=552256)[0m         
[36m(ClientAppActor pid=552255)[0m 
[36m(ClientAppActor pid=552255)[0m         
[92mINFO [0m:      aggregate_fit: received 5 results and 0 failures
[92mINFO [0m:      fit progress: (1, 2.325993851470947, {'accuracy': 0.1, 'loss': 2.325993851470947}, 14.167087231006008)
[92mINFO [0m:      configure_evaluate: strategy sampled 5 clients (out of 5)
[36m(ClientAppActor pid=552289)[0m 
[36m(ClientAppActor pid=552289)[0m         
[36m(ClientAppActor pid=552289)[0m [93mWARNING [0m:   DEPRECATED FEATURE: `client_fn` now expects a signature `def client_fn(context: Context)`.The provided `client_fn` has signature: {'cid': <Parameter "cid: str">}. You can import the `Context` like this: `from flwr.app import Context`[32m [repeated 5x across cluster] (Ray deduplicates logs by default. Set RAY_DEDUP_LOGS=0 to disable log deduplication, or see https://docs.ray.io/en/master/ray-observability/user-guides/configure-logging.html#log-deduplication for more options.)[0m
[36m(ClientAppActor pid=552289)[0m             This is a deprecated feature. It will be removed[32m [repeated 5x across cluster][0m
[36m(ClientAppActor pid=552289)[0m             entirely in future versions of Flower.[32m [repeated 5x across cluster][0m
[36m(ClientAppActor pid=552290)[0m 
[36m(ClientAppActor pid=552290)[0m         
[36m(ClientAppActor pid=552268)[0m 
[36m(ClientAppActor pid=552268)[0m         
[36m(ClientAppActor pid=552255)[0m 
[36m(ClientAppActor pid=552255)[0m         
[36m(ClientAppActor pid=552256)[0m 
[36m(ClientAppActor pid=552256)[0m         
[92mINFO [0m:      aggregate_evaluate: received 5 results and 0 failures
[92mINFO [0m:      
[92mINFO [0m:      [ROUND 2]
[92mINFO [0m:      configure_fit: strategy sampled 5 clients (out of 5)
[36m(ClientAppActor pid=552256)[0m 
[36m(ClientAppActor pid=552256)[0m         
[36m(ClientAppActor pid=552255)[0m 
[36m(ClientAppActor pid=552255)[0m         
[36m(ClientAppActor pid=552268)[0m 
[36m(ClientAppActor pid=552268)[0m         
[36m(ClientAppActor pid=552290)[0m 
[36m(ClientAppActor pid=552290)[0m         
[36m(ClientAppActor pid=552289)[0m 
[36m(ClientAppActor pid=552289)[0m         
[92mINFO [0m:      aggregate_fit: received 5 results and 0 failures
[92mINFO [0m:      fit progress: (2, 1.6279093700408935, {'accuracy': 0.4227, 'loss': 1.6279093700408935}, 26.658402645029128)
[92mINFO [0m:      configure_evaluate: strategy sampled 5 clients (out of 5)
[36m(ClientAppActor pid=552256)[0m 
[36m(ClientAppActor pid=552256)[0m         
[36m(ClientAppActor pid=552256)[0m [93mWARNING [0m:   DEPRECATED FEATURE: `client_fn` now expects a signature `def client_fn(context: Context)`.The provided `client_fn` has signature: {'cid': <Parameter "cid: str">}. You can import the `Context` like this: `from flwr.app import Context`[32m [repeated 10x across cluster][0m
[36m(ClientAppActor pid=552256)[0m             This is a deprecated feature. It will be removed[32m [repeated 10x across cluster][0m
[36m(ClientAppActor pid=552256)[0m             entirely in future versions of Flower.[32m [repeated 10x across cluster][0m
[36m(ClientAppActor pid=552290)[0m 
[36m(ClientAppActor pid=552290)[0m         
[36m(ClientAppActor pid=552255)[0m 
[36m(ClientAppActor pid=552255)[0m         
[36m(ClientAppActor pid=552289)[0m 
[36m(ClientAppActor pid=552289)[0m         
[36m(ClientAppActor pid=552268)[0m 
[36m(ClientAppActor pid=552268)[0m         
[92mINFO [0m:      aggregate_evaluate: received 5 results and 0 failures
[92mINFO [0m:      
[92mINFO [0m:      [ROUND 3]
[92mINFO [0m:      configure_fit: strategy sampled 5 clients (out of 5)
[36m(ClientAppActor pid=552268)[0m 
[36m(ClientAppActor pid=552268)[0m         
[36m(ClientAppActor pid=552289)[0m 
[36m(ClientAppActor pid=552289)[0m         
[36m(ClientAppActor pid=552255)[0m 
[36m(ClientAppActor pid=552255)[0m         
[36m(ClientAppActor pid=552290)[0m 
[36m(ClientAppActor pid=552290)[0m         
[36m(ClientAppActor pid=552256)[0m 
[36m(ClientAppActor pid=552256)[0m         
[92mINFO [0m:      aggregate_fit: received 5 results and 0 failures
[92mINFO [0m:      fit progress: (3, 6.032300561904907, {'accuracy': 0.4604, 'loss': 6.032300561904907}, 39.73967800999526)
[92mINFO [0m:      configure_evaluate: strategy sampled 5 clients (out of 5)
[36m(ClientAppActor pid=552256)[0m 
[36m(ClientAppActor pid=552256)[0m         
[36m(ClientAppActor pid=552256)[0m [93mWARNING [0m:   DEPRECATED FEATURE: `client_fn` now expects a signature `def client_fn(context: Context)`.The provided `client_fn` has signature: {'cid': <Parameter "cid: str">}. You can import the `Context` like this: `from flwr.app import Context`[32m [repeated 10x across cluster][0m
[36m(ClientAppActor pid=552256)[0m             This is a deprecated feature. It will be removed[32m [repeated 10x across cluster][0m
[36m(ClientAppActor pid=552256)[0m             entirely in future versions of Flower.[32m [repeated 10x across cluster][0m
[36m(ClientAppActor pid=552290)[0m 
[36m(ClientAppActor pid=552290)[0m         
[36m(ClientAppActor pid=552255)[0m 
[36m(ClientAppActor pid=552255)[0m         
[36m(ClientAppActor pid=552268)[0m 
[36m(ClientAppActor pid=552268)[0m         
[36m(ClientAppActor pid=552289)[0m 
[36m(ClientAppActor pid=552289)[0m         
[92mINFO [0m:      aggregate_evaluate: received 5 results and 0 failures
[92mINFO [0m:      
[92mINFO [0m:      [ROUND 4]
[92mINFO [0m:      configure_fit: strategy sampled 5 clients (out of 5)
[36m(ClientAppActor pid=552289)[0m 
[36m(ClientAppActor pid=552289)[0m         
[36m(ClientAppActor pid=552268)[0m 
[36m(ClientAppActor pid=552268)[0m         
[36m(ClientAppActor pid=552255)[0m 
[36m(ClientAppActor pid=552255)[0m         
[36m(ClientAppActor pid=552290)[0m 
[36m(ClientAppActor pid=552290)[0m         
[36m(ClientAppActor pid=552256)[0m 
[36m(ClientAppActor pid=552256)[0m         
[92mINFO [0m:      aggregate_fit: received 5 results and 0 failures
[92mINFO [0m:      fit progress: (4, 8.984412059020997, {'accuracy': 0.3907, 'loss': 8.984412059020997}, 52.17092188104289)
[92mINFO [0m:      configure_evaluate: strategy sampled 5 clients (out of 5)
[36m(ClientAppActor pid=552289)[0m 
[36m(ClientAppActor pid=552289)[0m         
[36m(ClientAppActor pid=552289)[0m [93mWARNING [0m:   DEPRECATED FEATURE: `client_fn` now expects a signature `def client_fn(context: Context)`.The provided `client_fn` has signature: {'cid': <Parameter "cid: str">}. You can import the `Context` like this: `from flwr.app import Context`[32m [repeated 10x across cluster][0m
[36m(ClientAppActor pid=552289)[0m             This is a deprecated feature. It will be removed[32m [repeated 10x across cluster][0m
[36m(ClientAppActor pid=552289)[0m             entirely in future versions of Flower.[32m [repeated 10x across cluster][0m
[36m(ClientAppActor pid=552255)[0m 
[36m(ClientAppActor pid=552255)[0m         
[36m(ClientAppActor pid=552268)[0m 
[36m(ClientAppActor pid=552268)[0m         
[36m(ClientAppActor pid=552256)[0m 
[36m(ClientAppActor pid=552256)[0m         
[36m(ClientAppActor pid=552290)[0m 
[36m(ClientAppActor pid=552290)[0m         
[92mINFO [0m:      aggregate_evaluate: received 5 results and 0 failures
[92mINFO [0m:      
[92mINFO [0m:      [ROUND 5]
[92mINFO [0m:      configure_fit: strategy sampled 5 clients (out of 5)
[36m(ClientAppActor pid=552290)[0m 
[36m(ClientAppActor pid=552290)[0m         
[36m(ClientAppActor pid=552256)[0m 
[36m(ClientAppActor pid=552256)[0m         
[36m(ClientAppActor pid=552255)[0m 
[36m(ClientAppActor pid=552255)[0m         
[36m(ClientAppActor pid=552268)[0m 
[36m(ClientAppActor pid=552268)[0m         
[36m(ClientAppActor pid=552289)[0m 
[36m(ClientAppActor pid=552289)[0m         
[92mINFO [0m:      aggregate_fit: received 5 results and 0 failures
[92mINFO [0m:      fit progress: (5, 4.544343523788452, {'accuracy': 0.5904, 'loss': 4.544343523788452}, 64.86991782003315)
[92mINFO [0m:      configure_evaluate: strategy sampled 5 clients (out of 5)
[36m(ClientAppActor pid=552268)[0m 
[36m(ClientAppActor pid=552268)[0m         
[36m(ClientAppActor pid=552268)[0m [93mWARNING [0m:   DEPRECATED FEATURE: `client_fn` now expects a signature `def client_fn(context: Context)`.The provided `client_fn` has signature: {'cid': <Parameter "cid: str">}. You can import the `Context` like this: `from flwr.app import Context`[32m [repeated 10x across cluster][0m
[36m(ClientAppActor pid=552268)[0m             This is a deprecated feature. It will be removed[32m [repeated 10x across cluster][0m
[36m(ClientAppActor pid=552268)[0m             entirely in future versions of Flower.[32m [repeated 10x across cluster][0m
[36m(ClientAppActor pid=552289)[0m 
[36m(ClientAppActor pid=552289)[0m         
[36m(ClientAppActor pid=552255)[0m 
[36m(ClientAppActor pid=552255)[0m         
[36m(ClientAppActor pid=552256)[0m 
[36m(ClientAppActor pid=552256)[0m         
[36m(ClientAppActor pid=552290)[0m 
[36m(ClientAppActor pid=552290)[0m         
[92mINFO [0m:      aggregate_evaluate: received 5 results and 0 failures
[92mINFO [0m:      
[92mINFO [0m:      [ROUND 6]
[92mINFO [0m:      configure_fit: strategy sampled 5 clients (out of 5)
[36m(ClientAppActor pid=552290)[0m 
[36m(ClientAppActor pid=552290)[0m         
[36m(ClientAppActor pid=552256)[0m 
[36m(ClientAppActor pid=552256)[0m         
[36m(ClientAppActor pid=552255)[0m 
[36m(ClientAppActor pid=552255)[0m         
[36m(ClientAppActor pid=552289)[0m 
[36m(ClientAppActor pid=552289)[0m         
[36m(ClientAppActor pid=552268)[0m 
[36m(ClientAppActor pid=552268)[0m         
[92mINFO [0m:      aggregate_fit: received 5 results and 0 failures
[92mINFO [0m:      fit progress: (6, 2.5873553424835207, {'accuracy': 0.7119, 'loss': 2.5873553424835207}, 77.69272783002816)
[92mINFO [0m:      configure_evaluate: strategy sampled 5 clients (out of 5)
[36m(ClientAppActor pid=552289)[0m 
[36m(ClientAppActor pid=552289)[0m         
[36m(ClientAppActor pid=552289)[0m [93mWARNING [0m:   DEPRECATED FEATURE: `client_fn` now expects a signature `def client_fn(context: Context)`.The provided `client_fn` has signature: {'cid': <Parameter "cid: str">}. You can import the `Context` like this: `from flwr.app import Context`[32m [repeated 10x across cluster][0m
[36m(ClientAppActor pid=552289)[0m             This is a deprecated feature. It will be removed[32m [repeated 10x across cluster][0m
[36m(ClientAppActor pid=552289)[0m             entirely in future versions of Flower.[32m [repeated 10x across cluster][0m
[36m(ClientAppActor pid=552256)[0m 
[36m(ClientAppActor pid=552256)[0m         
[36m(ClientAppActor pid=552290)[0m 
[36m(ClientAppActor pid=552290)[0m         
[36m(ClientAppActor pid=552268)[0m 
[36m(ClientAppActor pid=552268)[0m         
[36m(ClientAppActor pid=552255)[0m 
[36m(ClientAppActor pid=552255)[0m         
[92mINFO [0m:      aggregate_evaluate: received 5 results and 0 failures
[92mINFO [0m:      
[92mINFO [0m:      [ROUND 7]
[92mINFO [0m:      configure_fit: strategy sampled 5 clients (out of 5)
[36m(ClientAppActor pid=552255)[0m 
[36m(ClientAppActor pid=552255)[0m         
[36m(ClientAppActor pid=552268)[0m 
[36m(ClientAppActor pid=552268)[0m         
[36m(ClientAppActor pid=552256)[0m 
[36m(ClientAppActor pid=552256)[0m         
[36m(ClientAppActor pid=552290)[0m 
[36m(ClientAppActor pid=552290)[0m         
[36m(ClientAppActor pid=552289)[0m 
[36m(ClientAppActor pid=552289)[0m         
[92mINFO [0m:      aggregate_fit: received 5 results and 0 failures
[92mINFO [0m:      fit progress: (7, 2.8734854254722597, {'accuracy': 0.6612, 'loss': 2.8734854254722597}, 90.26956737204455)
[92mINFO [0m:      configure_evaluate: strategy sampled 5 clients (out of 5)
[36m(ClientAppActor pid=552268)[0m 
[36m(ClientAppActor pid=552268)[0m         
[36m(ClientAppActor pid=552268)[0m [93mWARNING [0m:   DEPRECATED FEATURE: `client_fn` now expects a signature `def client_fn(context: Context)`.The provided `client_fn` has signature: {'cid': <Parameter "cid: str">}. You can import the `Context` like this: `from flwr.app import Context`[32m [repeated 10x across cluster][0m
[36m(ClientAppActor pid=552268)[0m             This is a deprecated feature. It will be removed[32m [repeated 10x across cluster][0m
[36m(ClientAppActor pid=552268)[0m             entirely in future versions of Flower.[32m [repeated 10x across cluster][0m
[36m(ClientAppActor pid=552289)[0m 
[36m(ClientAppActor pid=552289)[0m         
[36m(ClientAppActor pid=552256)[0m 
[36m(ClientAppActor pid=552256)[0m         
[36m(ClientAppActor pid=552255)[0m 
[36m(ClientAppActor pid=552255)[0m         
[36m(ClientAppActor pid=552290)[0m 
[36m(ClientAppActor pid=552290)[0m         
[92mINFO [0m:      aggregate_evaluate: received 5 results and 0 failures
[92mINFO [0m:      
[92mINFO [0m:      [ROUND 8]
[92mINFO [0m:      configure_fit: strategy sampled 5 clients (out of 5)
[36m(ClientAppActor pid=552290)[0m 
[36m(ClientAppActor pid=552290)[0m         
[36m(ClientAppActor pid=552255)[0m 
[36m(ClientAppActor pid=552255)[0m         
[36m(ClientAppActor pid=552256)[0m 
[36m(ClientAppActor pid=552256)[0m         
[36m(ClientAppActor pid=552289)[0m 
[36m(ClientAppActor pid=552289)[0m         
[36m(ClientAppActor pid=552268)[0m 
[36m(ClientAppActor pid=552268)[0m         
[92mINFO [0m:      aggregate_fit: received 5 results and 0 failures
[92mINFO [0m:      fit progress: (8, 2.4394582894802093, {'accuracy': 0.6835, 'loss': 2.4394582894802093}, 102.82315292098792)
[92mINFO [0m:      configure_evaluate: strategy sampled 5 clients (out of 5)
[36m(ClientAppActor pid=552255)[0m 
[36m(ClientAppActor pid=552255)[0m         
[36m(ClientAppActor pid=552255)[0m [93mWARNING [0m:   DEPRECATED FEATURE: `client_fn` now expects a signature `def client_fn(context: Context)`.The provided `client_fn` has signature: {'cid': <Parameter "cid: str">}. You can import the `Context` like this: `from flwr.app import Context`[32m [repeated 10x across cluster][0m
[36m(ClientAppActor pid=552255)[0m             This is a deprecated feature. It will be removed[32m [repeated 10x across cluster][0m
[36m(ClientAppActor pid=552255)[0m             entirely in future versions of Flower.[32m [repeated 10x across cluster][0m
[36m(ClientAppActor pid=552256)[0m 
[36m(ClientAppActor pid=552256)[0m         
[36m(ClientAppActor pid=552290)[0m 
[36m(ClientAppActor pid=552290)[0m         
[36m(ClientAppActor pid=552289)[0m 
[36m(ClientAppActor pid=552289)[0m         
[36m(ClientAppActor pid=552268)[0m 
[36m(ClientAppActor pid=552268)[0m         
[92mINFO [0m:      aggregate_evaluate: received 5 results and 0 failures
[92mINFO [0m:      
[92mINFO [0m:      [ROUND 9]
[92mINFO [0m:      configure_fit: strategy sampled 5 clients (out of 5)
[36m(ClientAppActor pid=552268)[0m 
[36m(ClientAppActor pid=552268)[0m         
[36m(ClientAppActor pid=552289)[0m 
[36m(ClientAppActor pid=552289)[0m         
[36m(ClientAppActor pid=552290)[0m 
[36m(ClientAppActor pid=552290)[0m         
[36m(ClientAppActor pid=552256)[0m 
[36m(ClientAppActor pid=552256)[0m         
[36m(ClientAppActor pid=552255)[0m 
[36m(ClientAppActor pid=552255)[0m         
[92mINFO [0m:      aggregate_fit: received 5 results and 0 failures
[92mINFO [0m:      fit progress: (9, 2.7977358474731444, {'accuracy': 0.6937, 'loss': 2.7977358474731444}, 115.75355195900192)
[92mINFO [0m:      configure_evaluate: strategy sampled 5 clients (out of 5)
[36m(ClientAppActor pid=552256)[0m 
[36m(ClientAppActor pid=552256)[0m         
[36m(ClientAppActor pid=552256)[0m [93mWARNING [0m:   DEPRECATED FEATURE: `client_fn` now expects a signature `def client_fn(context: Context)`.The provided `client_fn` has signature: {'cid': <Parameter "cid: str">}. You can import the `Context` like this: `from flwr.app import Context`[32m [repeated 10x across cluster][0m
[36m(ClientAppActor pid=552256)[0m             This is a deprecated feature. It will be removed[32m [repeated 10x across cluster][0m
[36m(ClientAppActor pid=552256)[0m             entirely in future versions of Flower.[32m [repeated 10x across cluster][0m
[36m(ClientAppActor pid=552290)[0m 
[36m(ClientAppActor pid=552290)[0m         
[36m(ClientAppActor pid=552289)[0m 
[36m(ClientAppActor pid=552289)[0m         
[36m(ClientAppActor pid=552255)[0m 
[36m(ClientAppActor pid=552255)[0m         
[36m(ClientAppActor pid=552268)[0m 
[36m(ClientAppActor pid=552268)[0m         
[92mINFO [0m:      aggregate_evaluate: received 5 results and 0 failures
[92mINFO [0m:      
[92mINFO [0m:      [ROUND 10]
[92mINFO [0m:      configure_fit: strategy sampled 5 clients (out of 5)
[36m(ClientAppActor pid=552268)[0m 
[36m(ClientAppActor pid=552268)[0m         
[36m(ClientAppActor pid=552255)[0m 
[36m(ClientAppActor pid=552255)[0m         
[36m(ClientAppActor pid=552289)[0m 
[36m(ClientAppActor pid=552289)[0m         
[36m(ClientAppActor pid=552290)[0m 
[36m(ClientAppActor pid=552290)[0m         
[36m(ClientAppActor pid=552256)[0m 
[36m(ClientAppActor pid=552256)[0m         
[92mINFO [0m:      aggregate_fit: received 5 results and 0 failures
[92mINFO [0m:      fit progress: (10, 3.2828806512832642, {'accuracy': 0.698, 'loss': 3.2828806512832642}, 128.01903664099518)
[92mINFO [0m:      configure_evaluate: strategy sampled 5 clients (out of 5)
[36m(ClientAppActor pid=552268)[0m 
[36m(ClientAppActor pid=552268)[0m         
[36m(ClientAppActor pid=552268)[0m [93mWARNING [0m:   DEPRECATED FEATURE: `client_fn` now expects a signature `def client_fn(context: Context)`.The provided `client_fn` has signature: {'cid': <Parameter "cid: str">}. You can import the `Context` like this: `from flwr.app import Context`[32m [repeated 10x across cluster][0m
[36m(ClientAppActor pid=552268)[0m             This is a deprecated feature. It will be removed[32m [repeated 10x across cluster][0m
[36m(ClientAppActor pid=552268)[0m             entirely in future versions of Flower.[32m [repeated 10x across cluster][0m
[36m(ClientAppActor pid=552256)[0m 
[36m(ClientAppActor pid=552256)[0m         
[36m(ClientAppActor pid=552289)[0m 
[36m(ClientAppActor pid=552289)[0m         
[36m(ClientAppActor pid=552290)[0m 
[36m(ClientAppActor pid=552290)[0m         
[36m(ClientAppActor pid=552255)[0m 
[36m(ClientAppActor pid=552255)[0m         
[92mINFO [0m:      aggregate_evaluate: received 5 results and 0 failures
[92mINFO [0m:      
[92mINFO [0m:      [SUMMARY]
[92mINFO [0m:      Run finished 10 round(s) in 128.96s
[92mINFO [0m:      	History (loss, distributed):
[92mINFO [0m:      		round 1: 2.327241791852455
[92mINFO [0m:      		round 2: 1.6414187334765666
[92mINFO [0m:      		round 3: 6.174980939281495
[92mINFO [0m:      		round 4: 8.812249144148964
[92mINFO [0m:      		round 5: 4.487274595897675
[92mINFO [0m:      		round 6: 2.6958714796348358
[92mINFO [0m:      		round 7: 3.1020496937902733
[92mINFO [0m:      		round 8: 2.569522683420538
[92mINFO [0m:      		round 9: 2.8460983957604022
[92mINFO [0m:      		round 10: 3.3327757460560017
[92mINFO [0m:      	History (loss, centralized):
[92mINFO [0m:      		round 0: 2.302623388671875
[92mINFO [0m:      		round 1: 2.325993851470947
[92mINFO [0m:      		round 2: 1.6279093700408935
[92mINFO [0m:      		round 3: 6.032300561904907
[92mINFO [0m:      		round 4: 8.984412059020997
[92mINFO [0m:      		round 5: 4.544343523788452
[92mINFO [0m:      		round 6: 2.5873553424835207
[92mINFO [0m:      		round 7: 2.8734854254722597
[92mINFO [0m:      		round 8: 2.4394582894802093
[92mINFO [0m:      		round 9: 2.7977358474731444
[92mINFO [0m:      		round 10: 3.2828806512832642
[92mINFO [0m:      	History (metrics, distributed, fit):
[92mINFO [0m:      	{'avg_flops_per_client_round': [(1, 8140805084160.0),
[92mINFO [0m:      	                                (2, 8140805084160.0),
[92mINFO [0m:      	                                (3, 8140805084160.0),
[92mINFO [0m:      	                                (4, 8140805084160.0),
[92mINFO [0m:      	                                (5, 8140805084160.0),
[92mINFO [0m:      	                                (6, 8140805084160.0),
[92mINFO [0m:      	                                (7, 8140805084160.0),
[92mINFO [0m:      	                                (8, 8140805084160.0),
[92mINFO [0m:      	                                (9, 8140805084160.0),
[92mINFO [0m:      	                                (10, 8140805084160.0)],
[92mINFO [0m:      	 'total_flops_round': [(1, 40704025420800),
[92mINFO [0m:      	                       (2, 40704025420800),
[92mINFO [0m:      	                       (3, 40704025420800),
[92mINFO [0m:      	                       (4, 40704025420800),
[92mINFO [0m:      	                       (5, 40704025420800),
[92mINFO [0m:      	                       (6, 40704025420800),
[92mINFO [0m:      	                       (7, 40704025420800),
[92mINFO [0m:      	                       (8, 40704025420800),
[92mINFO [0m:      	                       (9, 40704025420800),
[92mINFO [0m:      	                       (10, 40704025420800)]}
[92mINFO [0m:      	History (metrics, distributed, evaluate):
[92mINFO [0m:      	{'accuracy': [(1, 0.10006003602161297),
[92mINFO [0m:      	              (2, 0.4220532319391635),
[92mINFO [0m:      	              (3, 0.45267160296177705),
[92mINFO [0m:      	              (4, 0.38262957774664796),
[92mINFO [0m:      	              (5, 0.5953572143285971),
[92mINFO [0m:      	              (6, 0.7056233740244147),
[92mINFO [0m:      	              (7, 0.6487892735641385),
[92mINFO [0m:      	              (8, 0.675805483289974),
[92mINFO [0m:      	              (9, 0.6850110066039624),
[92mINFO [0m:      	              (10, 0.6888132879727836)],
[92mINFO [0m:      	 'loss': [(1, 2.327241791852455),
[92mINFO [0m:      	          (2, 1.6414187334765666),
[92mINFO [0m:      	          (3, 6.174980939281495),
[92mINFO [0m:      	          (4, 8.812249144148964),
[92mINFO [0m:      	          (5, 4.487274595897675),
[92mINFO [0m:      	          (6, 2.6958714796348358),
[92mINFO [0m:      	          (7, 3.1020496937902733),
[92mINFO [0m:      	          (8, 2.569522683420538),
[92mINFO [0m:      	          (9, 2.8460983957604022),
[92mINFO [0m:      	          (10, 3.3327757460560017)]}
[92mINFO [0m:      	History (metrics, centralized):
[92mINFO [0m:      	{'accuracy': [(0, 0.1),
[92mINFO [0m:      	              (1, 0.1),
[92mINFO [0m:      	              (2, 0.4227),
[92mINFO [0m:      	              (3, 0.4604),
[92mINFO [0m:      	              (4, 0.3907),
[92mINFO [0m:      	              (5, 0.5904),
[92mINFO [0m:      	              (6, 0.7119),
[92mINFO [0m:      	              (7, 0.6612),
[92mINFO [0m:      	              (8, 0.6835),
[92mINFO [0m:      	              (9, 0.6937),
[92mINFO [0m:      	              (10, 0.698)],
[92mINFO [0m:      	 'loss': [(0, 2.302623388671875),
[92mINFO [0m:      	          (1, 2.325993851470947),
[92mINFO [0m:      	          (2, 1.6279093700408935),
[92mINFO [0m:      	          (3, 6.032300561904907),
[92mINFO [0m:      	          (4, 8.984412059020997),
[92mINFO [0m:      	          (5, 4.544343523788452),
[92mINFO [0m:      	          (6, 2.5873553424835207),
[92mINFO [0m:      	          (7, 2.8734854254722597),
[92mINFO [0m:      	          (8, 2.4394582894802093),
[92mINFO [0m:      	          (9, 2.7977358474731444),
[92mINFO [0m:      	          (10, 3.2828806512832642)]}
[92mINFO [0m:      
Treinando no dispositivo: cuda:0 com o dataset: CIFAR10 | Setup clientes: 5 (num_gpus por cliente=0.2) | SEED=50 | Método: FedAvgM (server_momentum=0.9, server_lr=1.0)
FLOPS por amostra (forward): 6.030e+07 | (forward+backward, 3x): 1.809e+08
Files already downloaded and verified
Files already downloaded and verified
Dividindo o dataset usando a distribuição de Dirichlet com alpha=1.0.
Iniciando a simulação de Aprendizado Federado...
=== Diagnóstico de Medição de GPU ===
  pynvml_disponivel: True
  pynvml_versao: 580.173.02
  gpus_detectadas: 1
  leitura_potencia_ok: True
  potencia_atual_W: 115.732

--- Rodada 0 - Avaliação Centralizada (Servidor) ---
Loss (Servidor): 2.3026 | Acurácia (Servidor): 0.1000

--- Rodada 1 - Avaliação Centralizada (Servidor) ---
Loss (Servidor): 2.3260 | Acurácia (Servidor): 0.1000
--- Avaliação Agregada (Clientes) ---
Loss Média (Clientes): 2.3272 | Acurácia Média (Clientes): 0.1001

--- Rodada 2 - Avaliação Centralizada (Servidor) ---
Loss (Servidor): 1.6279 | Acurácia (Servidor): 0.4227
--- Avaliação Agregada (Clientes) ---
Loss Média (Clientes): 1.6414 | Acurácia Média (Clientes): 0.4221

--- Rodada 3 - Avaliação Centralizada (Servidor) ---
Loss (Servidor): 6.0323 | Acurácia (Servidor): 0.4604
--- Avaliação Agregada (Clientes) ---
Loss Média (Clientes): 6.1750 | Acurácia Média (Clientes): 0.4527

--- Rodada 4 - Avaliação Centralizada (Servidor) ---
Loss (Servidor): 8.9844 | Acurácia (Servidor): 0.3907
--- Avaliação Agregada (Clientes) ---
Loss Média (Clientes): 8.8122 | Acurácia Média (Clientes): 0.3826

--- Rodada 5 - Avaliação Centralizada (Servidor) ---
Loss (Servidor): 4.5443 | Acurácia (Servidor): 0.5904
--- Avaliação Agregada (Clientes) ---
Loss Média (Clientes): 4.4873 | Acurácia Média (Clientes): 0.5954

--- Rodada 6 - Avaliação Centralizada (Servidor) ---
Loss (Servidor): 2.5874 | Acurácia (Servidor): 0.7119
--- Avaliação Agregada (Clientes) ---
Loss Média (Clientes): 2.6959 | Acurácia Média (Clientes): 0.7056

--- Rodada 7 - Avaliação Centralizada (Servidor) ---
Loss (Servidor): 2.8735 | Acurácia (Servidor): 0.6612
--- Avaliação Agregada (Clientes) ---
Loss Média (Clientes): 3.1020 | Acurácia Média (Clientes): 0.6488

--- Rodada 8 - Avaliação Centralizada (Servidor) ---
Loss (Servidor): 2.4395 | Acurácia (Servidor): 0.6835
--- Avaliação Agregada (Clientes) ---
Loss Média (Clientes): 2.5695 | Acurácia Média (Clientes): 0.6758

--- Rodada 9 - Avaliação Centralizada (Servidor) ---
Loss (Servidor): 2.7977 | Acurácia (Servidor): 0.6937
--- Avaliação Agregada (Clientes) ---
Loss Média (Clientes): 2.8461 | Acurácia Média (Clientes): 0.6850

--- Rodada 10 - Avaliação Centralizada (Servidor) ---
Loss (Servidor): 3.2829 | Acurácia (Servidor): 0.6980
--- Avaliação Agregada (Clientes) ---
Loss Média (Clientes): 3.3328 | Acurácia Média (Clientes): 0.6888

Resultados salvos em: /home/tiago/GitHubProjects/fedhad-thesis-2/FedAvgM-results/1.1_diagnostico_drift/CIFAR10/FedAvgM__CIFAR10__Setup-5__Clients-5__Rounds-10__Delay-0_05__Alpha-1_0__Seed-50.txt
[36m(ClientAppActor pid=552255)[0m [93mWARNING [0m:   DEPRECATED FEATURE: `client_fn` now expects a signature `def client_fn(context: Context)`.The provided `client_fn` has signature: {'cid': <Parameter "cid: str">}. You can import the `Context` like this: `from flwr.app import Context`[32m [repeated 4x across cluster][0m
[36m(ClientAppActor pid=552255)[0m             This is a deprecated feature. It will be removed[32m [repeated 4x across cluster][0m
[36m(ClientAppActor pid=552255)[0m             entirely in future versions of Flower.[32m [repeated 4x across cluster][0m
