[codecarbon WARNING @ 16:28:12] Multiple instances of codecarbon are allowed to run at the same time.
[93mWARNING [0m:   DEPRECATED FEATURE: flwr.simulation.start_simulation() is deprecated.
	Instead, use the `flwr run` CLI command to start a local simulation in your Flower app, as shown for example below:

		$ flwr new  # Create a new Flower app from a template

		$ flwr run  # Run the Flower app in Simulation Mode

	Using `start_simulation()` is deprecated.

            This is a deprecated feature. It will be removed
            entirely in future versions of Flower.
        
[92mINFO [0m:      Starting Flower simulation, config: num_rounds=10, no round_timeout
2026-09-04 16:28:20,527	INFO worker.py:2012 -- Started a local Ray instance.
/home/tiago/GitHubProjects/fedhad-thesis-2/env_flwr_pt/lib/python3.12/site-packages/ray/_private/worker.py:2051: FutureWarning: Tip: In future versions of Ray, Ray will no longer override accelerator visible devices env var if num_gpus=0 or num_gpus=None (default). To enable this behavior and turn off this error message, set RAY_ACCEL_ENV_VAR_OVERRIDE_ON_ZERO=0
  warnings.warn(
[92mINFO [0m:      Flower VCE: Ray initialized with resources: {'memory': 180847785575.0, 'object_store_memory': 77506193817.0, 'accelerator_type:A40': 1.0, 'node:__internal_head__': 1.0, 'CPU': 64.0, 'node:10.129.64.100': 1.0, 'GPU': 1.0}
[92mINFO [0m:      Optimize your simulation with Flower VCE: https://flower.ai/docs/framework/how-to-run-simulations.html
/home/tiago/GitHubProjects/fedhad-thesis-2/FedHAD_Final_2.0.py:1916: UserWarning: No `num_cpus` specified in `client_resources`. Using `num_cpus=1` for each client.
  history = fl.simulation.start_simulation(
[92mINFO [0m:      Flower VCE: Resources for each Virtual Client: {'num_gpus': 0.2, 'num_cpus': 1}
[92mINFO [0m:      Flower VCE: Creating VirtualClientEngineActorPool with 5 actors
[92mINFO [0m:      [INIT]
[92mINFO [0m:      Requesting initial parameters from one random client
[36m(ClientAppActor pid=1003115)[0m [93mWARNING [0m:   DEPRECATED FEATURE: `client_fn` now expects a signature `def client_fn(context: Context)`.The provided `client_fn` has signature: {'cid': <Parameter "cid: str">}. You can import the `Context` like this: `from flwr.app import Context`
[36m(ClientAppActor pid=1003115)[0m 
[36m(ClientAppActor pid=1003115)[0m             This is a deprecated feature. It will be removed
[36m(ClientAppActor pid=1003115)[0m             entirely in future versions of Flower.
[36m(ClientAppActor pid=1003115)[0m         
[92mINFO [0m:      Received initial parameters from one random client
[92mINFO [0m:      Starting evaluation of initial global parameters
[92mINFO [0m:      initial parameters (loss, other metrics): 2.3031572261810305, {'accuracy': 0.1004, 'loss': 2.3031572261810305}
[92mINFO [0m:      
[92mINFO [0m:      [ROUND 1]
[92mINFO [0m:      configure_fit: strategy sampled 5 clients (out of 5)
[36m(ClientAppActor pid=1003115)[0m [93mWARNING [0m:   DEPRECATED FEATURE: `client_fn` now expects a signature `def client_fn(context: Context)`.The provided `client_fn` has signature: {'cid': <Parameter "cid: str">}. You can import the `Context` like this: `from flwr.app import Context`
[36m(ClientAppActor pid=1003115)[0m 
[36m(ClientAppActor pid=1003115)[0m             This is a deprecated feature. It will be removed
[36m(ClientAppActor pid=1003115)[0m             entirely in future versions of Flower.
[36m(ClientAppActor pid=1003115)[0m         
[36m(ClientAppActor pid=1003113)[0m 
[36m(ClientAppActor pid=1003113)[0m         
[36m(ClientAppActor pid=1003114)[0m 
[36m(ClientAppActor pid=1003114)[0m         
[36m(ClientAppActor pid=1003112)[0m 
[36m(ClientAppActor pid=1003112)[0m         
[36m(ClientAppActor pid=1003111)[0m 
[36m(ClientAppActor pid=1003111)[0m         
[92mINFO [0m:      aggregate_fit: received 5 results and 0 failures
[92mINFO [0m:      fit progress: (1, 2.1347858150482177, {'accuracy': 0.1971, 'loss': 2.1347858150482177}, 17.886807508999482)
[92mINFO [0m:      configure_evaluate: strategy sampled 5 clients (out of 5)
[36m(ClientAppActor pid=1003111)[0m 
[36m(ClientAppActor pid=1003111)[0m         
[36m(ClientAppActor pid=1003111)[0m [93mWARNING [0m:   DEPRECATED FEATURE: `client_fn` now expects a signature `def client_fn(context: Context)`.The provided `client_fn` has signature: {'cid': <Parameter "cid: str">}. You can import the `Context` like this: `from flwr.app import Context`[32m [repeated 5x across cluster] (Ray deduplicates logs by default. Set RAY_DEDUP_LOGS=0 to disable log deduplication, or see https://docs.ray.io/en/master/ray-observability/user-guides/configure-logging.html#log-deduplication for more options.)[0m
[36m(ClientAppActor pid=1003111)[0m             This is a deprecated feature. It will be removed[32m [repeated 5x across cluster][0m
[36m(ClientAppActor pid=1003111)[0m             entirely in future versions of Flower.[32m [repeated 5x across cluster][0m
[36m(ClientAppActor pid=1003112)[0m 
[36m(ClientAppActor pid=1003112)[0m         
[36m(ClientAppActor pid=1003113)[0m 
[36m(ClientAppActor pid=1003113)[0m         
[36m(ClientAppActor pid=1003114)[0m 
[36m(ClientAppActor pid=1003114)[0m         
[36m(ClientAppActor pid=1003115)[0m 
[36m(ClientAppActor pid=1003115)[0m         
[92mINFO [0m:      aggregate_evaluate: received 5 results and 0 failures
[92mINFO [0m:      
[92mINFO [0m:      [ROUND 2]
[92mINFO [0m:      configure_fit: strategy sampled 5 clients (out of 5)
[36m(ClientAppActor pid=1003115)[0m 
[36m(ClientAppActor pid=1003115)[0m         
[36m(ClientAppActor pid=1003114)[0m 
[36m(ClientAppActor pid=1003114)[0m         
[36m(ClientAppActor pid=1003113)[0m 
[36m(ClientAppActor pid=1003113)[0m         
[36m(ClientAppActor pid=1003112)[0m 
[36m(ClientAppActor pid=1003112)[0m         
[36m(ClientAppActor pid=1003111)[0m 
[36m(ClientAppActor pid=1003111)[0m         
[92mINFO [0m:      aggregate_fit: received 5 results and 0 failures
[92mINFO [0m:      fit progress: (2, 1.271734856414795, {'accuracy': 0.589, 'loss': 1.271734856414795}, 34.040804794989526)
[92mINFO [0m:      configure_evaluate: strategy sampled 5 clients (out of 5)
[36m(ClientAppActor pid=1003115)[0m 
[36m(ClientAppActor pid=1003115)[0m         
[36m(ClientAppActor pid=1003115)[0m [93mWARNING [0m:   DEPRECATED FEATURE: `client_fn` now expects a signature `def client_fn(context: Context)`.The provided `client_fn` has signature: {'cid': <Parameter "cid: str">}. You can import the `Context` like this: `from flwr.app import Context`[32m [repeated 10x across cluster][0m
[36m(ClientAppActor pid=1003115)[0m             This is a deprecated feature. It will be removed[32m [repeated 10x across cluster][0m
[36m(ClientAppActor pid=1003115)[0m             entirely in future versions of Flower.[32m [repeated 10x across cluster][0m
[36m(ClientAppActor pid=1003112)[0m 
[36m(ClientAppActor pid=1003112)[0m         
[36m(ClientAppActor pid=1003114)[0m 
[36m(ClientAppActor pid=1003114)[0m         
[36m(ClientAppActor pid=1003113)[0m 
[36m(ClientAppActor pid=1003113)[0m         
[36m(ClientAppActor pid=1003111)[0m 
[36m(ClientAppActor pid=1003111)[0m         
[92mINFO [0m:      aggregate_evaluate: received 5 results and 0 failures
[92mINFO [0m:      
[92mINFO [0m:      [ROUND 3]
[92mINFO [0m:      configure_fit: strategy sampled 5 clients (out of 5)
[36m(ClientAppActor pid=1003111)[0m 
[36m(ClientAppActor pid=1003111)[0m         
[36m(ClientAppActor pid=1003113)[0m 
[36m(ClientAppActor pid=1003113)[0m         
[36m(ClientAppActor pid=1003114)[0m 
[36m(ClientAppActor pid=1003114)[0m         
[36m(ClientAppActor pid=1003112)[0m 
[36m(ClientAppActor pid=1003112)[0m         
[36m(ClientAppActor pid=1003115)[0m 
[36m(ClientAppActor pid=1003115)[0m         
[92mINFO [0m:      aggregate_fit: received 5 results and 0 failures
[92mINFO [0m:      fit progress: (3, 0.8508045160293579, {'accuracy': 0.7133, 'loss': 0.8508045160293579}, 50.70971757097868)
[92mINFO [0m:      configure_evaluate: strategy sampled 5 clients (out of 5)
[36m(ClientAppActor pid=1003112)[0m 
[36m(ClientAppActor pid=1003112)[0m         
[36m(ClientAppActor pid=1003112)[0m [93mWARNING [0m:   DEPRECATED FEATURE: `client_fn` now expects a signature `def client_fn(context: Context)`.The provided `client_fn` has signature: {'cid': <Parameter "cid: str">}. You can import the `Context` like this: `from flwr.app import Context`[32m [repeated 10x across cluster][0m
[36m(ClientAppActor pid=1003112)[0m             This is a deprecated feature. It will be removed[32m [repeated 10x across cluster][0m
[36m(ClientAppActor pid=1003112)[0m             entirely in future versions of Flower.[32m [repeated 10x across cluster][0m
[36m(ClientAppActor pid=1003114)[0m 
[36m(ClientAppActor pid=1003114)[0m         
[36m(ClientAppActor pid=1003115)[0m 
[36m(ClientAppActor pid=1003115)[0m         
[36m(ClientAppActor pid=1003113)[0m 
[36m(ClientAppActor pid=1003113)[0m         
[36m(ClientAppActor pid=1003111)[0m 
[36m(ClientAppActor pid=1003111)[0m         
[92mINFO [0m:      aggregate_evaluate: received 5 results and 0 failures
[92mINFO [0m:      
[92mINFO [0m:      [ROUND 4]
[92mINFO [0m:      configure_fit: strategy sampled 5 clients (out of 5)
[36m(ClientAppActor pid=1003111)[0m 
[36m(ClientAppActor pid=1003111)[0m         
[36m(ClientAppActor pid=1003113)[0m 
[36m(ClientAppActor pid=1003113)[0m         
[36m(ClientAppActor pid=1003115)[0m 
[36m(ClientAppActor pid=1003115)[0m         
[36m(ClientAppActor pid=1003114)[0m 
[36m(ClientAppActor pid=1003114)[0m         
[36m(ClientAppActor pid=1003112)[0m 
[36m(ClientAppActor pid=1003112)[0m         
[92mINFO [0m:      aggregate_fit: received 5 results and 0 failures
[92mINFO [0m:      fit progress: (4, 0.7278979909896851, {'accuracy': 0.7495, 'loss': 0.7278979909896851}, 67.03238448698539)
[92mINFO [0m:      configure_evaluate: strategy sampled 5 clients (out of 5)
[36m(ClientAppActor pid=1003115)[0m 
[36m(ClientAppActor pid=1003115)[0m         
[36m(ClientAppActor pid=1003115)[0m [93mWARNING [0m:   DEPRECATED FEATURE: `client_fn` now expects a signature `def client_fn(context: Context)`.The provided `client_fn` has signature: {'cid': <Parameter "cid: str">}. You can import the `Context` like this: `from flwr.app import Context`[32m [repeated 10x across cluster][0m
[36m(ClientAppActor pid=1003115)[0m             This is a deprecated feature. It will be removed[32m [repeated 10x across cluster][0m
[36m(ClientAppActor pid=1003115)[0m             entirely in future versions of Flower.[32m [repeated 10x across cluster][0m
[36m(ClientAppActor pid=1003111)[0m 
[36m(ClientAppActor pid=1003111)[0m         
[36m(ClientAppActor pid=1003112)[0m 
[36m(ClientAppActor pid=1003112)[0m         
[36m(ClientAppActor pid=1003113)[0m 
[36m(ClientAppActor pid=1003113)[0m         
[36m(ClientAppActor pid=1003114)[0m 
[36m(ClientAppActor pid=1003114)[0m         
[92mINFO [0m:      aggregate_evaluate: received 5 results and 0 failures
[92mINFO [0m:      
[92mINFO [0m:      [ROUND 5]
[92mINFO [0m:      configure_fit: strategy sampled 5 clients (out of 5)
[36m(ClientAppActor pid=1003114)[0m 
[36m(ClientAppActor pid=1003114)[0m         
[36m(ClientAppActor pid=1003113)[0m 
[36m(ClientAppActor pid=1003113)[0m         
[36m(ClientAppActor pid=1003112)[0m 
[36m(ClientAppActor pid=1003112)[0m         
[36m(ClientAppActor pid=1003111)[0m 
[36m(ClientAppActor pid=1003111)[0m         
[36m(ClientAppActor pid=1003115)[0m 
[36m(ClientAppActor pid=1003115)[0m         
[92mINFO [0m:      aggregate_fit: received 5 results and 0 failures
[92mINFO [0m:      fit progress: (5, 0.6780009867668152, {'accuracy': 0.7775, 'loss': 0.6780009867668152}, 83.58133590198122)
[92mINFO [0m:      configure_evaluate: strategy sampled 5 clients (out of 5)
[36m(ClientAppActor pid=1003115)[0m 
[36m(ClientAppActor pid=1003115)[0m         
[36m(ClientAppActor pid=1003115)[0m [93mWARNING [0m:   DEPRECATED FEATURE: `client_fn` now expects a signature `def client_fn(context: Context)`.The provided `client_fn` has signature: {'cid': <Parameter "cid: str">}. You can import the `Context` like this: `from flwr.app import Context`[32m [repeated 10x across cluster][0m
[36m(ClientAppActor pid=1003115)[0m             This is a deprecated feature. It will be removed[32m [repeated 10x across cluster][0m
[36m(ClientAppActor pid=1003115)[0m             entirely in future versions of Flower.[32m [repeated 10x across cluster][0m
[36m(ClientAppActor pid=1003113)[0m 
[36m(ClientAppActor pid=1003113)[0m         
[36m(ClientAppActor pid=1003112)[0m 
[36m(ClientAppActor pid=1003112)[0m         
[36m(ClientAppActor pid=1003111)[0m 
[36m(ClientAppActor pid=1003111)[0m         
[36m(ClientAppActor pid=1003114)[0m 
[36m(ClientAppActor pid=1003114)[0m         
[92mINFO [0m:      aggregate_evaluate: received 5 results and 0 failures
[92mINFO [0m:      
[92mINFO [0m:      [ROUND 6]
[92mINFO [0m:      configure_fit: strategy sampled 5 clients (out of 5)
[36m(ClientAppActor pid=1003114)[0m 
[36m(ClientAppActor pid=1003114)[0m         
[36m(ClientAppActor pid=1003111)[0m 
[36m(ClientAppActor pid=1003111)[0m         
[36m(ClientAppActor pid=1003112)[0m 
[36m(ClientAppActor pid=1003112)[0m         
[36m(ClientAppActor pid=1003113)[0m 
[36m(ClientAppActor pid=1003113)[0m         
[36m(ClientAppActor pid=1003115)[0m 
[36m(ClientAppActor pid=1003115)[0m         
[92mINFO [0m:      aggregate_fit: received 5 results and 0 failures
[92mINFO [0m:      fit progress: (6, 0.6264922027111054, {'accuracy': 0.792, 'loss': 0.6264922027111054}, 99.48806539201178)
[92mINFO [0m:      configure_evaluate: strategy sampled 5 clients (out of 5)
[36m(ClientAppActor pid=1003114)[0m 
[36m(ClientAppActor pid=1003114)[0m         
[36m(ClientAppActor pid=1003114)[0m [93mWARNING [0m:   DEPRECATED FEATURE: `client_fn` now expects a signature `def client_fn(context: Context)`.The provided `client_fn` has signature: {'cid': <Parameter "cid: str">}. You can import the `Context` like this: `from flwr.app import Context`[32m [repeated 10x across cluster][0m
[36m(ClientAppActor pid=1003114)[0m             This is a deprecated feature. It will be removed[32m [repeated 10x across cluster][0m
[36m(ClientAppActor pid=1003114)[0m             entirely in future versions of Flower.[32m [repeated 10x across cluster][0m
[36m(ClientAppActor pid=1003115)[0m 
[36m(ClientAppActor pid=1003115)[0m         
[36m(ClientAppActor pid=1003111)[0m 
[36m(ClientAppActor pid=1003111)[0m         
[36m(ClientAppActor pid=1003113)[0m 
[36m(ClientAppActor pid=1003113)[0m         
[36m(ClientAppActor pid=1003112)[0m 
[36m(ClientAppActor pid=1003112)[0m         
[92mINFO [0m:      aggregate_evaluate: received 5 results and 0 failures
[92mINFO [0m:      
[92mINFO [0m:      [ROUND 7]
[92mINFO [0m:      configure_fit: strategy sampled 5 clients (out of 5)
[36m(ClientAppActor pid=1003112)[0m 
[36m(ClientAppActor pid=1003112)[0m         
[36m(ClientAppActor pid=1003113)[0m 
[36m(ClientAppActor pid=1003113)[0m         
[36m(ClientAppActor pid=1003111)[0m 
[36m(ClientAppActor pid=1003111)[0m         
[36m(ClientAppActor pid=1003115)[0m 
[36m(ClientAppActor pid=1003115)[0m         
[36m(ClientAppActor pid=1003114)[0m 
[36m(ClientAppActor pid=1003114)[0m         
[92mINFO [0m:      aggregate_fit: received 5 results and 0 failures
[92mINFO [0m:      fit progress: (7, 0.6097222910404205, {'accuracy': 0.8035, 'loss': 0.6097222910404205}, 115.30973951000487)
[92mINFO [0m:      configure_evaluate: strategy sampled 5 clients (out of 5)
[36m(ClientAppActor pid=1003112)[0m 
[36m(ClientAppActor pid=1003112)[0m         
[36m(ClientAppActor pid=1003112)[0m [93mWARNING [0m:   DEPRECATED FEATURE: `client_fn` now expects a signature `def client_fn(context: Context)`.The provided `client_fn` has signature: {'cid': <Parameter "cid: str">}. You can import the `Context` like this: `from flwr.app import Context`[32m [repeated 10x across cluster][0m
[36m(ClientAppActor pid=1003112)[0m             This is a deprecated feature. It will be removed[32m [repeated 10x across cluster][0m
[36m(ClientAppActor pid=1003112)[0m             entirely in future versions of Flower.[32m [repeated 10x across cluster][0m
[36m(ClientAppActor pid=1003111)[0m 
[36m(ClientAppActor pid=1003111)[0m         
[36m(ClientAppActor pid=1003114)[0m 
[36m(ClientAppActor pid=1003114)[0m         
[36m(ClientAppActor pid=1003115)[0m 
[36m(ClientAppActor pid=1003115)[0m         
[36m(ClientAppActor pid=1003113)[0m 
[36m(ClientAppActor pid=1003113)[0m         
[92mINFO [0m:      aggregate_evaluate: received 5 results and 0 failures
[92mINFO [0m:      
[92mINFO [0m:      [ROUND 8]
[92mINFO [0m:      configure_fit: strategy sampled 5 clients (out of 5)
[36m(ClientAppActor pid=1003113)[0m 
[36m(ClientAppActor pid=1003113)[0m         
[36m(ClientAppActor pid=1003115)[0m 
[36m(ClientAppActor pid=1003115)[0m         
[36m(ClientAppActor pid=1003114)[0m 
[36m(ClientAppActor pid=1003114)[0m         
[36m(ClientAppActor pid=1003111)[0m 
[36m(ClientAppActor pid=1003111)[0m         
[36m(ClientAppActor pid=1003112)[0m 
[36m(ClientAppActor pid=1003112)[0m         
[92mINFO [0m:      aggregate_fit: received 5 results and 0 failures
[92mINFO [0m:      fit progress: (8, 0.5760433710098266, {'accuracy': 0.8137, 'loss': 0.5760433710098266}, 131.90256950201)
[92mINFO [0m:      configure_evaluate: strategy sampled 5 clients (out of 5)
[36m(ClientAppActor pid=1003112)[0m 
[36m(ClientAppActor pid=1003112)[0m         
[36m(ClientAppActor pid=1003112)[0m [93mWARNING [0m:   DEPRECATED FEATURE: `client_fn` now expects a signature `def client_fn(context: Context)`.The provided `client_fn` has signature: {'cid': <Parameter "cid: str">}. You can import the `Context` like this: `from flwr.app import Context`[32m [repeated 10x across cluster][0m
[36m(ClientAppActor pid=1003112)[0m             This is a deprecated feature. It will be removed[32m [repeated 10x across cluster][0m
[36m(ClientAppActor pid=1003112)[0m             entirely in future versions of Flower.[32m [repeated 10x across cluster][0m
[36m(ClientAppActor pid=1003113)[0m 
[36m(ClientAppActor pid=1003113)[0m         
[36m(ClientAppActor pid=1003114)[0m 
[36m(ClientAppActor pid=1003114)[0m         
[36m(ClientAppActor pid=1003115)[0m 
[36m(ClientAppActor pid=1003115)[0m         
[36m(ClientAppActor pid=1003111)[0m 
[36m(ClientAppActor pid=1003111)[0m         
[92mINFO [0m:      aggregate_evaluate: received 5 results and 0 failures
[92mINFO [0m:      
[92mINFO [0m:      [ROUND 9]
[92mINFO [0m:      configure_fit: strategy sampled 5 clients (out of 5)
[36m(ClientAppActor pid=1003111)[0m 
[36m(ClientAppActor pid=1003111)[0m         
[36m(ClientAppActor pid=1003115)[0m 
[36m(ClientAppActor pid=1003115)[0m         
[36m(ClientAppActor pid=1003114)[0m 
[36m(ClientAppActor pid=1003114)[0m         
[36m(ClientAppActor pid=1003113)[0m 
[36m(ClientAppActor pid=1003113)[0m         
[36m(ClientAppActor pid=1003112)[0m 
[36m(ClientAppActor pid=1003112)[0m         
[92mINFO [0m:      aggregate_fit: received 5 results and 0 failures
[92mINFO [0m:      fit progress: (9, 0.5767892445087432, {'accuracy': 0.8188, 'loss': 0.5767892445087432}, 148.7630579319666)
[92mINFO [0m:      configure_evaluate: strategy sampled 5 clients (out of 5)
[36m(ClientAppActor pid=1003112)[0m 
[36m(ClientAppActor pid=1003112)[0m         
[36m(ClientAppActor pid=1003112)[0m [93mWARNING [0m:   DEPRECATED FEATURE: `client_fn` now expects a signature `def client_fn(context: Context)`.The provided `client_fn` has signature: {'cid': <Parameter "cid: str">}. You can import the `Context` like this: `from flwr.app import Context`[32m [repeated 10x across cluster][0m
[36m(ClientAppActor pid=1003112)[0m             This is a deprecated feature. It will be removed[32m [repeated 10x across cluster][0m
[36m(ClientAppActor pid=1003112)[0m             entirely in future versions of Flower.[32m [repeated 10x across cluster][0m
[36m(ClientAppActor pid=1003115)[0m 
[36m(ClientAppActor pid=1003115)[0m         
[36m(ClientAppActor pid=1003113)[0m 
[36m(ClientAppActor pid=1003113)[0m         
[36m(ClientAppActor pid=1003111)[0m 
[36m(ClientAppActor pid=1003111)[0m         
[36m(ClientAppActor pid=1003114)[0m 
[36m(ClientAppActor pid=1003114)[0m         
[92mINFO [0m:      aggregate_evaluate: received 5 results and 0 failures
[92mINFO [0m:      
[92mINFO [0m:      [ROUND 10]
[92mINFO [0m:      configure_fit: strategy sampled 5 clients (out of 5)
[36m(ClientAppActor pid=1003114)[0m 
[36m(ClientAppActor pid=1003114)[0m         
[36m(ClientAppActor pid=1003111)[0m 
[36m(ClientAppActor pid=1003111)[0m         
[36m(ClientAppActor pid=1003113)[0m 
[36m(ClientAppActor pid=1003113)[0m         
[36m(ClientAppActor pid=1003115)[0m 
[36m(ClientAppActor pid=1003115)[0m         
[36m(ClientAppActor pid=1003112)[0m 
[36m(ClientAppActor pid=1003112)[0m         
[92mINFO [0m:      aggregate_fit: received 5 results and 0 failures
[92mINFO [0m:      fit progress: (10, 0.6268694363594055, {'accuracy': 0.8096, 'loss': 0.6268694363594055}, 164.72956789500313)
[92mINFO [0m:      configure_evaluate: strategy sampled 5 clients (out of 5)
[36m(ClientAppActor pid=1003111)[0m 
[36m(ClientAppActor pid=1003111)[0m         
[36m(ClientAppActor pid=1003111)[0m [93mWARNING [0m:   DEPRECATED FEATURE: `client_fn` now expects a signature `def client_fn(context: Context)`.The provided `client_fn` has signature: {'cid': <Parameter "cid: str">}. You can import the `Context` like this: `from flwr.app import Context`[32m [repeated 10x across cluster][0m
[36m(ClientAppActor pid=1003111)[0m             This is a deprecated feature. It will be removed[32m [repeated 10x across cluster][0m
[36m(ClientAppActor pid=1003111)[0m             entirely in future versions of Flower.[32m [repeated 10x across cluster][0m
[36m(ClientAppActor pid=1003115)[0m 
[36m(ClientAppActor pid=1003115)[0m         
[36m(ClientAppActor pid=1003112)[0m 
[36m(ClientAppActor pid=1003112)[0m         
[36m(ClientAppActor pid=1003114)[0m 
[36m(ClientAppActor pid=1003114)[0m         
[36m(ClientAppActor pid=1003113)[0m 
[36m(ClientAppActor pid=1003113)[0m         
[92mINFO [0m:      aggregate_evaluate: received 5 results and 0 failures
[92mINFO [0m:      
[92mINFO [0m:      [SUMMARY]
[92mINFO [0m:      Run finished 10 round(s) in 165.54s
[92mINFO [0m:      	History (loss, distributed):
[92mINFO [0m:      		round 1: 2.1355396126832615
[92mINFO [0m:      		round 2: 1.2760015579880406
[92mINFO [0m:      		round 3: 0.8528131623061097
[92mINFO [0m:      		round 4: 0.7175439917335228
[92mINFO [0m:      		round 5: 0.6688083473588524
[92mINFO [0m:      		round 6: 0.6049835589729629
[92mINFO [0m:      		round 7: 0.5865677191930658
[92mINFO [0m:      		round 8: 0.5525924293171554
[92mINFO [0m:      		round 9: 0.5507147753474807
[92mINFO [0m:      		round 10: 0.6102625792708193
[92mINFO [0m:      	History (loss, centralized):
[92mINFO [0m:      		round 0: 2.3031572261810305
[92mINFO [0m:      		round 1: 2.1347858150482177
[92mINFO [0m:      		round 2: 1.271734856414795
[92mINFO [0m:      		round 3: 0.8508045160293579
[92mINFO [0m:      		round 4: 0.7278979909896851
[92mINFO [0m:      		round 5: 0.6780009867668152
[92mINFO [0m:      		round 6: 0.6264922027111054
[92mINFO [0m:      		round 7: 0.6097222910404205
[92mINFO [0m:      		round 8: 0.5760433710098266
[92mINFO [0m:      		round 9: 0.5767892445087432
[92mINFO [0m:      		round 10: 0.6268694363594055
[92mINFO [0m:      	History (metrics, distributed, fit):
[92mINFO [0m:      	{'avg_epochs_weighted': [(1, 4.0),
[92mINFO [0m:      	                         (2, 4.0),
[92mINFO [0m:      	                         (3, 4.0),
[92mINFO [0m:      	                         (4, 4.0),
[92mINFO [0m:      	                         (5, 4.0),
[92mINFO [0m:      	                         (6, 4.0),
[92mINFO [0m:      	                         (7, 4.0),
[92mINFO [0m:      	                         (8, 4.0),
[92mINFO [0m:      	                         (9, 4.0),
[92mINFO [0m:      	                         (10, 4.0)],
[92mINFO [0m:      	 'avg_flops_per_client_round': [(1, 6512499351552.0),
[92mINFO [0m:      	                                (2, 6512499351552.0),
[92mINFO [0m:      	                                (3, 6512499351552.0),
[92mINFO [0m:      	                                (4, 6512499351552.0),
[92mINFO [0m:      	                                (5, 6512499351552.0),
[92mINFO [0m:      	                                (6, 6512499351552.0),
[92mINFO [0m:      	                                (7, 6512499351552.0),
[92mINFO [0m:      	                                (8, 6512499351552.0),
[92mINFO [0m:      	                                (9, 6512499351552.0),
[92mINFO [0m:      	                                (10, 6512499351552.0)],
[92mINFO [0m:      	 'avg_lr_weighted': [(1, 0.007095283799775162),
[92mINFO [0m:      	                     (2, 0.007095283799775162),
[92mINFO [0m:      	                     (3, 0.007095283799775162),
[92mINFO [0m:      	                     (4, 0.007095283799775162),
[92mINFO [0m:      	                     (5, 0.007095283799775162),
[92mINFO [0m:      	                     (6, 0.007095283799775162),
[92mINFO [0m:      	                     (7, 0.007095283799775162),
[92mINFO [0m:      	                     (8, 0.007095283799775162),
[92mINFO [0m:      	                     (9, 0.007095283799775162),
[92mINFO [0m:      	                     (10, 0.007095283799775162)],
[92mINFO [0m:      	 'total_flops_round': [(1, 32562496757760),
[92mINFO [0m:      	                       (2, 32562496757760),
[92mINFO [0m:      	                       (3, 32562496757760),
[92mINFO [0m:      	                       (4, 32562496757760),
[92mINFO [0m:      	                       (5, 32562496757760),
[92mINFO [0m:      	                       (6, 32562496757760),
[92mINFO [0m:      	                       (7, 32562496757760),
[92mINFO [0m:      	                       (8, 32562496757760),
[92mINFO [0m:      	                       (9, 32562496757760),
[92mINFO [0m:      	                       (10, 32562496757760)]}
[92mINFO [0m:      	History (metrics, distributed, evaluate):
[92mINFO [0m:      	{'accuracy': [(1, 0.19667867146858745),
[92mINFO [0m:      	              (2, 0.5870348139255702),
[92mINFO [0m:      	              (3, 0.7088835534213686),
[92mINFO [0m:      	              (4, 0.7557022809123649),
[92mINFO [0m:      	              (5, 0.7715086034413765),
[92mINFO [0m:      	              (6, 0.7963185274109644),
[92mINFO [0m:      	              (7, 0.8123249299719888),
[92mINFO [0m:      	              (8, 0.8207282913165266),
[92mINFO [0m:      	              (9, 0.8261304521808723),
[92mINFO [0m:      	              (10, 0.8199279711884754)],
[92mINFO [0m:      	 'loss': [(1, 2.1355396126832615),
[92mINFO [0m:      	          (2, 1.2760015579880406),
[92mINFO [0m:      	          (3, 0.8528131623061097),
[92mINFO [0m:      	          (4, 0.7175439917335228),
[92mINFO [0m:      	          (5, 0.6688083473588524),
[92mINFO [0m:      	          (6, 0.6049835589729629),
[92mINFO [0m:      	          (7, 0.5865677191930658),
[92mINFO [0m:      	          (8, 0.5525924293171554),
[92mINFO [0m:      	          (9, 0.5507147753474807),
[92mINFO [0m:      	          (10, 0.6102625792708193)]}
[92mINFO [0m:      	History (metrics, centralized):
[92mINFO [0m:      	{'accuracy': [(0, 0.1004),
[92mINFO [0m:      	              (1, 0.1971),
[92mINFO [0m:      	              (2, 0.589),
[92mINFO [0m:      	              (3, 0.7133),
[92mINFO [0m:      	              (4, 0.7495),
[92mINFO [0m:      	              (5, 0.7775),
[92mINFO [0m:      	              (6, 0.792),
[92mINFO [0m:      	              (7, 0.8035),
[92mINFO [0m:      	              (8, 0.8137),
[92mINFO [0m:      	              (9, 0.8188),
[92mINFO [0m:      	              (10, 0.8096)],
[92mINFO [0m:      	 'loss': [(0, 2.3031572261810305),
[92mINFO [0m:      	          (1, 2.1347858150482177),
[92mINFO [0m:      	          (2, 1.271734856414795),
[92mINFO [0m:      	          (3, 0.8508045160293579),
[92mINFO [0m:      	          (4, 0.7278979909896851),
[92mINFO [0m:      	          (5, 0.6780009867668152),
[92mINFO [0m:      	          (6, 0.6264922027111054),
[92mINFO [0m:      	          (7, 0.6097222910404205),
[92mINFO [0m:      	          (8, 0.5760433710098266),
[92mINFO [0m:      	          (9, 0.5767892445087432),
[92mINFO [0m:      	          (10, 0.6268694363594055)]}
[92mINFO [0m:      
Treinando no dispositivo: cuda:0 com o dataset: CIFAR10 | Setup clientes: 5 (num_gpus por cliente=0.2) | SEED=45
FLOPS por amostra (forward): 6.030e+07 | (forward+backward, 3x): 1.809e+08
Files already downloaded and verified
Files already downloaded and verified
Dividindo o dataset usando a distribuição de Dirichlet com alpha=1.0.
Iniciando a simulação de Aprendizado Federado...
=== Diagnóstico de Medição de GPU ===
  pynvml_disponivel: True
  pynvml_versao: 580.173.02
  gpus_detectadas: 1
  leitura_potencia_ok: True
  potencia_atual_W: 65.937

--- Rodada 0 - Avaliação Centralizada (Servidor) ---
Loss (Servidor): 2.3032 | Acurácia (Servidor): 0.1004
[36m(ClientAppActor pid=1003115)[0m Cliente 2: HetRaw=0.8385 | HetNorm=0.2795 | Epochs=4 (dyn=True) | LR=0.007046 (dyn=True) | FedProx=True (mu=0.01)

--- Rodada 1 - Avaliação Centralizada (Servidor) ---
Loss (Servidor): 2.1348 | Acurácia (Servidor): 0.1971
--- Avaliação Agregada (Clientes) ---
Loss Média (Clientes): 2.1355 | Acurácia Média (Clientes): 0.1967
[36m(ClientAppActor pid=1003115)[0m Cliente 0: HetRaw=0.6253 | HetNorm=0.2084 | Epochs=4 (dyn=True) | LR=0.007618 (dyn=True) | FedProx=True (mu=0.01)[32m [repeated 5x across cluster][0m

--- Rodada 2 - Avaliação Centralizada (Servidor) ---
Loss (Servidor): 1.2717 | Acurácia (Servidor): 0.5890
--- Avaliação Agregada (Clientes) ---
Loss Média (Clientes): 1.2760 | Acurácia Média (Clientes): 0.5870
[36m(ClientAppActor pid=1003111)[0m Cliente 4: HetRaw=1.1073 | HetNorm=0.3691 | Epochs=4 (dyn=True) | LR=0.006436 (dyn=True) | FedProx=True (mu=0.01)[32m [repeated 5x across cluster][0m

--- Rodada 3 - Avaliação Centralizada (Servidor) ---
Loss (Servidor): 0.8508 | Acurácia (Servidor): 0.7133
--- Avaliação Agregada (Clientes) ---
Loss Média (Clientes): 0.8528 | Acurácia Média (Clientes): 0.7089
[36m(ClientAppActor pid=1003111)[0m Cliente 2: HetRaw=0.8385 | HetNorm=0.2795 | Epochs=4 (dyn=True) | LR=0.007046 (dyn=True) | FedProx=True (mu=0.01)[32m [repeated 5x across cluster][0m

--- Rodada 4 - Avaliação Centralizada (Servidor) ---
Loss (Servidor): 0.7279 | Acurácia (Servidor): 0.7495
--- Avaliação Agregada (Clientes) ---
Loss Média (Clientes): 0.7175 | Acurácia Média (Clientes): 0.7557
[36m(ClientAppActor pid=1003114)[0m Cliente 4: HetRaw=1.1073 | HetNorm=0.3691 | Epochs=4 (dyn=True) | LR=0.006436 (dyn=True) | FedProx=True (mu=0.01)[32m [repeated 5x across cluster][0m

--- Rodada 5 - Avaliação Centralizada (Servidor) ---
Loss (Servidor): 0.6780 | Acurácia (Servidor): 0.7775
--- Avaliação Agregada (Clientes) ---
Loss Média (Clientes): 0.6688 | Acurácia Média (Clientes): 0.7715
[36m(ClientAppActor pid=1003114)[0m Cliente 0: HetRaw=0.6253 | HetNorm=0.2084 | Epochs=4 (dyn=True) | LR=0.007618 (dyn=True) | FedProx=True (mu=0.01)[32m [repeated 5x across cluster][0m

--- Rodada 6 - Avaliação Centralizada (Servidor) ---
Loss (Servidor): 0.6265 | Acurácia (Servidor): 0.7920
--- Avaliação Agregada (Clientes) ---
Loss Média (Clientes): 0.6050 | Acurácia Média (Clientes): 0.7963
[36m(ClientAppActor pid=1003112)[0m Cliente 0: HetRaw=0.6253 | HetNorm=0.2084 | Epochs=4 (dyn=True) | LR=0.007618 (dyn=True) | FedProx=True (mu=0.01)[32m [repeated 5x across cluster][0m

--- Rodada 7 - Avaliação Centralizada (Servidor) ---
Loss (Servidor): 0.6097 | Acurácia (Servidor): 0.8035
--- Avaliação Agregada (Clientes) ---
Loss Média (Clientes): 0.5866 | Acurácia Média (Clientes): 0.8123
[36m(ClientAppActor pid=1003113)[0m Cliente 2: HetRaw=0.8385 | HetNorm=0.2795 | Epochs=4 (dyn=True) | LR=0.007046 (dyn=True) | FedProx=True (mu=0.01)[32m [repeated 5x across cluster][0m

--- Rodada 8 - Avaliação Centralizada (Servidor) ---
Loss (Servidor): 0.5760 | Acurácia (Servidor): 0.8137
--- Avaliação Agregada (Clientes) ---
Loss Média (Clientes): 0.5526 | Acurácia Média (Clientes): 0.8207
[36m(ClientAppActor pid=1003111)[0m Cliente 1: HetRaw=0.9111 | HetNorm=0.3037 | Epochs=4 (dyn=True) | LR=0.006870 (dyn=True) | FedProx=True (mu=0.01)[32m [repeated 5x across cluster][0m

--- Rodada 9 - Avaliação Centralizada (Servidor) ---
Loss (Servidor): 0.5768 | Acurácia (Servidor): 0.8188
--- Avaliação Agregada (Clientes) ---
Loss Média (Clientes): 0.5507 | Acurácia Média (Clientes): 0.8261
[36m(ClientAppActor pid=1003114)[0m Cliente 3: HetRaw=0.8243 | HetNorm=0.2748 | Epochs=4 (dyn=True) | LR=0.007082 (dyn=True) | FedProx=True (mu=0.01)[32m [repeated 5x across cluster][0m

--- Rodada 10 - Avaliação Centralizada (Servidor) ---
Loss (Servidor): 0.6269 | Acurácia (Servidor): 0.8096
--- Avaliação Agregada (Clientes) ---
Loss Média (Clientes): 0.6103 | Acurácia Média (Clientes): 0.8199

Resultados salvos em: /home/tiago/GitHubProjects/fedhad-thesis-2/FedHAD-results/1.1_diagnostico_drift/CIFAR10-Standard/FedHAD__CIFAR10__Mode-STANDARD__Cfg-E1L1F1__Setup-5__Clients-5__Rounds-10__Delay-0_05__Alpha-1_0__Seed-45.txt
[36m(ClientAppActor pid=1003113)[0m [93mWARNING [0m:   DEPRECATED FEATURE: `client_fn` now expects a signature `def client_fn(context: Context)`.The provided `client_fn` has signature: {'cid': <Parameter "cid: str">}. You can import the `Context` like this: `from flwr.app import Context`[32m [repeated 4x across cluster][0m
[36m(ClientAppActor pid=1003113)[0m             This is a deprecated feature. It will be removed[32m [repeated 4x across cluster][0m
[36m(ClientAppActor pid=1003113)[0m             entirely in future versions of Flower.[32m [repeated 4x across cluster][0m
[36m(ClientAppActor pid=1003112)[0m Cliente 1: HetRaw=0.9111 | HetNorm=0.3037 | Epochs=4 (dyn=True) | LR=0.006870 (dyn=True) | FedProx=True (mu=0.01)[32m [repeated 4x across cluster][0m
