[codecarbon WARNING @ 16:24:52] Multiple instances of codecarbon are allowed to run at the same time.
[93mWARNING [0m:   DEPRECATED FEATURE: flwr.simulation.start_simulation() is deprecated.
	Instead, use the `flwr run` CLI command to start a local simulation in your Flower app, as shown for example below:

		$ flwr new  # Create a new Flower app from a template

		$ flwr run  # Run the Flower app in Simulation Mode

	Using `start_simulation()` is deprecated.

            This is a deprecated feature. It will be removed
            entirely in future versions of Flower.
        
[92mINFO [0m:      Starting Flower simulation, config: num_rounds=10, no round_timeout
2026-09-04 16:25:01,204	INFO worker.py:2012 -- Started a local Ray instance.
/home/tiago/GitHubProjects/fedhad-thesis-2/env_flwr_pt/lib/python3.12/site-packages/ray/_private/worker.py:2051: FutureWarning: Tip: In future versions of Ray, Ray will no longer override accelerator visible devices env var if num_gpus=0 or num_gpus=None (default). To enable this behavior and turn off this error message, set RAY_ACCEL_ENV_VAR_OVERRIDE_ON_ZERO=0
  warnings.warn(
[92mINFO [0m:      Flower VCE: Ray initialized with resources: {'memory': 180858225050.0, 'accelerator_type:A40': 1.0, 'node:10.129.64.100': 1.0, 'node:__internal_head__': 1.0, 'GPU': 1.0, 'object_store_memory': 77510667878.0, 'CPU': 64.0}
[92mINFO [0m:      Optimize your simulation with Flower VCE: https://flower.ai/docs/framework/how-to-run-simulations.html
/home/tiago/GitHubProjects/fedhad-thesis-2/FedHAD_Final_2.0.py:1916: UserWarning: No `num_cpus` specified in `client_resources`. Using `num_cpus=1` for each client.
  history = fl.simulation.start_simulation(
[92mINFO [0m:      Flower VCE: Resources for each Virtual Client: {'num_gpus': 0.2, 'num_cpus': 1}
[92mINFO [0m:      Flower VCE: Creating VirtualClientEngineActorPool with 5 actors
[92mINFO [0m:      [INIT]
[92mINFO [0m:      Requesting initial parameters from one random client
[36m(ClientAppActor pid=995174)[0m [93mWARNING [0m:   DEPRECATED FEATURE: `client_fn` now expects a signature `def client_fn(context: Context)`.The provided `client_fn` has signature: {'cid': <Parameter "cid: str">}. You can import the `Context` like this: `from flwr.app import Context`
[36m(ClientAppActor pid=995174)[0m 
[36m(ClientAppActor pid=995174)[0m             This is a deprecated feature. It will be removed
[36m(ClientAppActor pid=995174)[0m             entirely in future versions of Flower.
[36m(ClientAppActor pid=995174)[0m         
[92mINFO [0m:      Received initial parameters from one random client
[92mINFO [0m:      Starting evaluation of initial global parameters
[92mINFO [0m:      initial parameters (loss, other metrics): 2.303032247543335, {'accuracy': 0.1, 'loss': 2.303032247543335}
[92mINFO [0m:      
[92mINFO [0m:      [ROUND 1]
[92mINFO [0m:      configure_fit: strategy sampled 5 clients (out of 5)
[36m(ClientAppActor pid=995174)[0m [93mWARNING [0m:   DEPRECATED FEATURE: `client_fn` now expects a signature `def client_fn(context: Context)`.The provided `client_fn` has signature: {'cid': <Parameter "cid: str">}. You can import the `Context` like this: `from flwr.app import Context`
[36m(ClientAppActor pid=995174)[0m 
[36m(ClientAppActor pid=995174)[0m             This is a deprecated feature. It will be removed
[36m(ClientAppActor pid=995174)[0m             entirely in future versions of Flower.
[36m(ClientAppActor pid=995174)[0m         
[36m(ClientAppActor pid=995173)[0m 
[36m(ClientAppActor pid=995173)[0m         
[36m(ClientAppActor pid=995175)[0m 
[36m(ClientAppActor pid=995175)[0m         
[36m(ClientAppActor pid=995176)[0m 
[36m(ClientAppActor pid=995176)[0m         
[36m(ClientAppActor pid=995172)[0m 
[36m(ClientAppActor pid=995172)[0m         
[92mINFO [0m:      aggregate_fit: received 5 results and 0 failures
[92mINFO [0m:      fit progress: (1, 2.174629449081421, {'accuracy': 0.1865, 'loss': 2.174629449081421}, 18.31130733701866)
[92mINFO [0m:      configure_evaluate: strategy sampled 5 clients (out of 5)
[36m(ClientAppActor pid=995175)[0m 
[36m(ClientAppActor pid=995175)[0m         
[36m(ClientAppActor pid=995175)[0m [93mWARNING [0m:   DEPRECATED FEATURE: `client_fn` now expects a signature `def client_fn(context: Context)`.The provided `client_fn` has signature: {'cid': <Parameter "cid: str">}. You can import the `Context` like this: `from flwr.app import Context`[32m [repeated 5x across cluster] (Ray deduplicates logs by default. Set RAY_DEDUP_LOGS=0 to disable log deduplication, or see https://docs.ray.io/en/master/ray-observability/user-guides/configure-logging.html#log-deduplication for more options.)[0m
[36m(ClientAppActor pid=995175)[0m             This is a deprecated feature. It will be removed[32m [repeated 5x across cluster][0m
[36m(ClientAppActor pid=995175)[0m             entirely in future versions of Flower.[32m [repeated 5x across cluster][0m
[36m(ClientAppActor pid=995176)[0m 
[36m(ClientAppActor pid=995176)[0m         
[36m(ClientAppActor pid=995172)[0m 
[36m(ClientAppActor pid=995172)[0m         
[36m(ClientAppActor pid=995173)[0m 
[36m(ClientAppActor pid=995173)[0m         
[36m(ClientAppActor pid=995174)[0m 
[36m(ClientAppActor pid=995174)[0m         
[92mINFO [0m:      aggregate_evaluate: received 5 results and 0 failures
[92mINFO [0m:      
[92mINFO [0m:      [ROUND 2]
[92mINFO [0m:      configure_fit: strategy sampled 5 clients (out of 5)
[36m(ClientAppActor pid=995174)[0m 
[36m(ClientAppActor pid=995174)[0m         
[36m(ClientAppActor pid=995173)[0m 
[36m(ClientAppActor pid=995173)[0m         
[36m(ClientAppActor pid=995172)[0m 
[36m(ClientAppActor pid=995172)[0m         
[36m(ClientAppActor pid=995176)[0m 
[36m(ClientAppActor pid=995176)[0m         
[36m(ClientAppActor pid=995175)[0m 
[36m(ClientAppActor pid=995175)[0m         
[92mINFO [0m:      aggregate_fit: received 5 results and 0 failures
[92mINFO [0m:      fit progress: (2, 1.1162315649032593, {'accuracy': 0.6636, 'loss': 1.1162315649032593}, 36.260588437027764)
[92mINFO [0m:      configure_evaluate: strategy sampled 5 clients (out of 5)
[36m(ClientAppActor pid=995175)[0m 
[36m(ClientAppActor pid=995175)[0m         
[36m(ClientAppActor pid=995175)[0m [93mWARNING [0m:   DEPRECATED FEATURE: `client_fn` now expects a signature `def client_fn(context: Context)`.The provided `client_fn` has signature: {'cid': <Parameter "cid: str">}. You can import the `Context` like this: `from flwr.app import Context`[32m [repeated 10x across cluster][0m
[36m(ClientAppActor pid=995175)[0m             This is a deprecated feature. It will be removed[32m [repeated 10x across cluster][0m
[36m(ClientAppActor pid=995175)[0m             entirely in future versions of Flower.[32m [repeated 10x across cluster][0m
[36m(ClientAppActor pid=995176)[0m 
[36m(ClientAppActor pid=995176)[0m         
[36m(ClientAppActor pid=995174)[0m 
[36m(ClientAppActor pid=995174)[0m         
[36m(ClientAppActor pid=995172)[0m 
[36m(ClientAppActor pid=995172)[0m         
[36m(ClientAppActor pid=995173)[0m 
[36m(ClientAppActor pid=995173)[0m         
[92mINFO [0m:      aggregate_evaluate: received 5 results and 0 failures
[92mINFO [0m:      
[92mINFO [0m:      [ROUND 3]
[92mINFO [0m:      configure_fit: strategy sampled 5 clients (out of 5)
[36m(ClientAppActor pid=995173)[0m 
[36m(ClientAppActor pid=995173)[0m         
[36m(ClientAppActor pid=995172)[0m 
[36m(ClientAppActor pid=995172)[0m         
[36m(ClientAppActor pid=995174)[0m 
[36m(ClientAppActor pid=995174)[0m         
[36m(ClientAppActor pid=995176)[0m 
[36m(ClientAppActor pid=995176)[0m         
[36m(ClientAppActor pid=995175)[0m 
[36m(ClientAppActor pid=995175)[0m         
[92mINFO [0m:      aggregate_fit: received 5 results and 0 failures
[92mINFO [0m:      fit progress: (3, 0.8039944808959961, {'accuracy': 0.7188, 'loss': 0.8039944808959961}, 53.92944796103984)
[92mINFO [0m:      configure_evaluate: strategy sampled 5 clients (out of 5)
[36m(ClientAppActor pid=995174)[0m 
[36m(ClientAppActor pid=995174)[0m         
[36m(ClientAppActor pid=995174)[0m [93mWARNING [0m:   DEPRECATED FEATURE: `client_fn` now expects a signature `def client_fn(context: Context)`.The provided `client_fn` has signature: {'cid': <Parameter "cid: str">}. You can import the `Context` like this: `from flwr.app import Context`[32m [repeated 10x across cluster][0m
[36m(ClientAppActor pid=995174)[0m             This is a deprecated feature. It will be removed[32m [repeated 10x across cluster][0m
[36m(ClientAppActor pid=995174)[0m             entirely in future versions of Flower.[32m [repeated 10x across cluster][0m
[36m(ClientAppActor pid=995175)[0m 
[36m(ClientAppActor pid=995175)[0m         
[36m(ClientAppActor pid=995173)[0m 
[36m(ClientAppActor pid=995173)[0m         
[36m(ClientAppActor pid=995176)[0m 
[36m(ClientAppActor pid=995176)[0m         
[36m(ClientAppActor pid=995172)[0m 
[36m(ClientAppActor pid=995172)[0m         
[92mINFO [0m:      aggregate_evaluate: received 5 results and 0 failures
[92mINFO [0m:      
[92mINFO [0m:      [ROUND 4]
[92mINFO [0m:      configure_fit: strategy sampled 5 clients (out of 5)
[36m(ClientAppActor pid=995172)[0m 
[36m(ClientAppActor pid=995172)[0m         
[36m(ClientAppActor pid=995176)[0m 
[36m(ClientAppActor pid=995176)[0m         
[36m(ClientAppActor pid=995175)[0m 
[36m(ClientAppActor pid=995175)[0m         
[36m(ClientAppActor pid=995173)[0m 
[36m(ClientAppActor pid=995173)[0m         
[36m(ClientAppActor pid=995174)[0m 
[36m(ClientAppActor pid=995174)[0m         
[92mINFO [0m:      aggregate_fit: received 5 results and 0 failures
[92mINFO [0m:      fit progress: (4, 0.7043477019309997, {'accuracy': 0.7602, 'loss': 0.7043477019309997}, 71.09785436600214)
[92mINFO [0m:      configure_evaluate: strategy sampled 5 clients (out of 5)
[36m(ClientAppActor pid=995172)[0m 
[36m(ClientAppActor pid=995172)[0m         
[36m(ClientAppActor pid=995172)[0m [93mWARNING [0m:   DEPRECATED FEATURE: `client_fn` now expects a signature `def client_fn(context: Context)`.The provided `client_fn` has signature: {'cid': <Parameter "cid: str">}. You can import the `Context` like this: `from flwr.app import Context`[32m [repeated 10x across cluster][0m
[36m(ClientAppActor pid=995172)[0m             This is a deprecated feature. It will be removed[32m [repeated 10x across cluster][0m
[36m(ClientAppActor pid=995172)[0m             entirely in future versions of Flower.[32m [repeated 10x across cluster][0m
[36m(ClientAppActor pid=995174)[0m 
[36m(ClientAppActor pid=995174)[0m         
[36m(ClientAppActor pid=995176)[0m 
[36m(ClientAppActor pid=995176)[0m         
[36m(ClientAppActor pid=995173)[0m 
[36m(ClientAppActor pid=995173)[0m         
[36m(ClientAppActor pid=995175)[0m 
[36m(ClientAppActor pid=995175)[0m         
[92mINFO [0m:      aggregate_evaluate: received 5 results and 0 failures
[92mINFO [0m:      
[92mINFO [0m:      [ROUND 5]
[92mINFO [0m:      configure_fit: strategy sampled 5 clients (out of 5)
[36m(ClientAppActor pid=995175)[0m 
[36m(ClientAppActor pid=995175)[0m         
[36m(ClientAppActor pid=995173)[0m 
[36m(ClientAppActor pid=995173)[0m         
[36m(ClientAppActor pid=995176)[0m 
[36m(ClientAppActor pid=995176)[0m         
[36m(ClientAppActor pid=995174)[0m 
[36m(ClientAppActor pid=995174)[0m         
[36m(ClientAppActor pid=995172)[0m 
[36m(ClientAppActor pid=995172)[0m         
[92mINFO [0m:      aggregate_fit: received 5 results and 0 failures
[92mINFO [0m:      fit progress: (5, 0.632786446428299, {'accuracy': 0.7848, 'loss': 0.632786446428299}, 88.23113622103119)
[92mINFO [0m:      configure_evaluate: strategy sampled 5 clients (out of 5)
[36m(ClientAppActor pid=995175)[0m 
[36m(ClientAppActor pid=995175)[0m         
[36m(ClientAppActor pid=995175)[0m [93mWARNING [0m:   DEPRECATED FEATURE: `client_fn` now expects a signature `def client_fn(context: Context)`.The provided `client_fn` has signature: {'cid': <Parameter "cid: str">}. You can import the `Context` like this: `from flwr.app import Context`[32m [repeated 10x across cluster][0m
[36m(ClientAppActor pid=995175)[0m             This is a deprecated feature. It will be removed[32m [repeated 10x across cluster][0m
[36m(ClientAppActor pid=995175)[0m             entirely in future versions of Flower.[32m [repeated 10x across cluster][0m
[36m(ClientAppActor pid=995172)[0m 
[36m(ClientAppActor pid=995172)[0m         
[36m(ClientAppActor pid=995174)[0m 
[36m(ClientAppActor pid=995174)[0m         
[36m(ClientAppActor pid=995176)[0m 
[36m(ClientAppActor pid=995176)[0m         
[36m(ClientAppActor pid=995173)[0m 
[36m(ClientAppActor pid=995173)[0m         
[92mINFO [0m:      aggregate_evaluate: received 5 results and 0 failures
[92mINFO [0m:      
[92mINFO [0m:      [ROUND 6]
[92mINFO [0m:      configure_fit: strategy sampled 5 clients (out of 5)
[36m(ClientAppActor pid=995173)[0m 
[36m(ClientAppActor pid=995173)[0m         
[36m(ClientAppActor pid=995176)[0m 
[36m(ClientAppActor pid=995176)[0m         
[36m(ClientAppActor pid=995174)[0m 
[36m(ClientAppActor pid=995174)[0m         
[36m(ClientAppActor pid=995172)[0m 
[36m(ClientAppActor pid=995172)[0m         
[36m(ClientAppActor pid=995175)[0m 
[36m(ClientAppActor pid=995175)[0m         
[92mINFO [0m:      aggregate_fit: received 5 results and 0 failures
[92mINFO [0m:      fit progress: (6, 0.6076511929988861, {'accuracy': 0.7986, 'loss': 0.6076511929988861}, 106.01544313505292)
[92mINFO [0m:      configure_evaluate: strategy sampled 5 clients (out of 5)
[36m(ClientAppActor pid=995172)[0m 
[36m(ClientAppActor pid=995172)[0m         
[36m(ClientAppActor pid=995172)[0m [93mWARNING [0m:   DEPRECATED FEATURE: `client_fn` now expects a signature `def client_fn(context: Context)`.The provided `client_fn` has signature: {'cid': <Parameter "cid: str">}. You can import the `Context` like this: `from flwr.app import Context`[32m [repeated 10x across cluster][0m
[36m(ClientAppActor pid=995172)[0m             This is a deprecated feature. It will be removed[32m [repeated 10x across cluster][0m
[36m(ClientAppActor pid=995172)[0m             entirely in future versions of Flower.[32m [repeated 10x across cluster][0m
[36m(ClientAppActor pid=995175)[0m 
[36m(ClientAppActor pid=995175)[0m         
[36m(ClientAppActor pid=995173)[0m 
[36m(ClientAppActor pid=995173)[0m         
[36m(ClientAppActor pid=995174)[0m 
[36m(ClientAppActor pid=995174)[0m         
[36m(ClientAppActor pid=995176)[0m 
[36m(ClientAppActor pid=995176)[0m         
[92mINFO [0m:      aggregate_evaluate: received 5 results and 0 failures
[92mINFO [0m:      
[92mINFO [0m:      [ROUND 7]
[92mINFO [0m:      configure_fit: strategy sampled 5 clients (out of 5)
[36m(ClientAppActor pid=995176)[0m 
[36m(ClientAppActor pid=995176)[0m         
[36m(ClientAppActor pid=995174)[0m 
[36m(ClientAppActor pid=995174)[0m         
[36m(ClientAppActor pid=995173)[0m 
[36m(ClientAppActor pid=995173)[0m         
[36m(ClientAppActor pid=995175)[0m 
[36m(ClientAppActor pid=995175)[0m         
[36m(ClientAppActor pid=995172)[0m 
[36m(ClientAppActor pid=995172)[0m         
[92mINFO [0m:      aggregate_fit: received 5 results and 0 failures
[92mINFO [0m:      fit progress: (7, 0.5928418085575103, {'accuracy': 0.8048, 'loss': 0.5928418085575103}, 123.34874416800449)
[92mINFO [0m:      configure_evaluate: strategy sampled 5 clients (out of 5)
[36m(ClientAppActor pid=995173)[0m 
[36m(ClientAppActor pid=995173)[0m         
[36m(ClientAppActor pid=995173)[0m [93mWARNING [0m:   DEPRECATED FEATURE: `client_fn` now expects a signature `def client_fn(context: Context)`.The provided `client_fn` has signature: {'cid': <Parameter "cid: str">}. You can import the `Context` like this: `from flwr.app import Context`[32m [repeated 10x across cluster][0m
[36m(ClientAppActor pid=995173)[0m             This is a deprecated feature. It will be removed[32m [repeated 10x across cluster][0m
[36m(ClientAppActor pid=995173)[0m             entirely in future versions of Flower.[32m [repeated 10x across cluster][0m
[36m(ClientAppActor pid=995172)[0m 
[36m(ClientAppActor pid=995172)[0m         
[36m(ClientAppActor pid=995174)[0m 
[36m(ClientAppActor pid=995174)[0m         
[36m(ClientAppActor pid=995175)[0m 
[36m(ClientAppActor pid=995175)[0m         
[36m(ClientAppActor pid=995176)[0m 
[36m(ClientAppActor pid=995176)[0m         
[92mINFO [0m:      aggregate_evaluate: received 5 results and 0 failures
[92mINFO [0m:      
[92mINFO [0m:      [ROUND 8]
[92mINFO [0m:      configure_fit: strategy sampled 5 clients (out of 5)
[36m(ClientAppActor pid=995176)[0m 
[36m(ClientAppActor pid=995176)[0m         
[36m(ClientAppActor pid=995175)[0m 
[36m(ClientAppActor pid=995175)[0m         
[36m(ClientAppActor pid=995174)[0m 
[36m(ClientAppActor pid=995174)[0m         
[36m(ClientAppActor pid=995172)[0m 
[36m(ClientAppActor pid=995172)[0m         
[36m(ClientAppActor pid=995173)[0m 
[36m(ClientAppActor pid=995173)[0m         
[92mINFO [0m:      aggregate_fit: received 5 results and 0 failures
[92mINFO [0m:      fit progress: (8, 0.5668952500104905, {'accuracy': 0.8147, 'loss': 0.5668952500104905}, 140.28110868803924)
[92mINFO [0m:      configure_evaluate: strategy sampled 5 clients (out of 5)
[36m(ClientAppActor pid=995176)[0m 
[36m(ClientAppActor pid=995176)[0m         
[36m(ClientAppActor pid=995176)[0m [93mWARNING [0m:   DEPRECATED FEATURE: `client_fn` now expects a signature `def client_fn(context: Context)`.The provided `client_fn` has signature: {'cid': <Parameter "cid: str">}. You can import the `Context` like this: `from flwr.app import Context`[32m [repeated 10x across cluster][0m
[36m(ClientAppActor pid=995176)[0m             This is a deprecated feature. It will be removed[32m [repeated 10x across cluster][0m
[36m(ClientAppActor pid=995176)[0m             entirely in future versions of Flower.[32m [repeated 10x across cluster][0m
[36m(ClientAppActor pid=995173)[0m 
[36m(ClientAppActor pid=995173)[0m         
[36m(ClientAppActor pid=995175)[0m 
[36m(ClientAppActor pid=995175)[0m         
[36m(ClientAppActor pid=995172)[0m 
[36m(ClientAppActor pid=995172)[0m         
[36m(ClientAppActor pid=995174)[0m 
[36m(ClientAppActor pid=995174)[0m         
[92mINFO [0m:      aggregate_evaluate: received 5 results and 0 failures
[92mINFO [0m:      
[92mINFO [0m:      [ROUND 9]
[92mINFO [0m:      configure_fit: strategy sampled 5 clients (out of 5)
[36m(ClientAppActor pid=995174)[0m 
[36m(ClientAppActor pid=995174)[0m         
[36m(ClientAppActor pid=995172)[0m 
[36m(ClientAppActor pid=995172)[0m         
[36m(ClientAppActor pid=995175)[0m 
[36m(ClientAppActor pid=995175)[0m         
[36m(ClientAppActor pid=995173)[0m 
[36m(ClientAppActor pid=995173)[0m         
[36m(ClientAppActor pid=995176)[0m 
[36m(ClientAppActor pid=995176)[0m         
[92mINFO [0m:      aggregate_fit: received 5 results and 0 failures
[92mINFO [0m:      fit progress: (9, 0.5666957867145538, {'accuracy': 0.8206, 'loss': 0.5666957867145538}, 157.5287125800387)
[92mINFO [0m:      configure_evaluate: strategy sampled 5 clients (out of 5)
[36m(ClientAppActor pid=995172)[0m 
[36m(ClientAppActor pid=995172)[0m         
[36m(ClientAppActor pid=995172)[0m [93mWARNING [0m:   DEPRECATED FEATURE: `client_fn` now expects a signature `def client_fn(context: Context)`.The provided `client_fn` has signature: {'cid': <Parameter "cid: str">}. You can import the `Context` like this: `from flwr.app import Context`[32m [repeated 10x across cluster][0m
[36m(ClientAppActor pid=995172)[0m             This is a deprecated feature. It will be removed[32m [repeated 10x across cluster][0m
[36m(ClientAppActor pid=995172)[0m             entirely in future versions of Flower.[32m [repeated 10x across cluster][0m
[36m(ClientAppActor pid=995176)[0m 
[36m(ClientAppActor pid=995176)[0m         
[36m(ClientAppActor pid=995174)[0m 
[36m(ClientAppActor pid=995174)[0m         
[36m(ClientAppActor pid=995173)[0m 
[36m(ClientAppActor pid=995173)[0m         
[36m(ClientAppActor pid=995175)[0m 
[36m(ClientAppActor pid=995175)[0m         
[92mINFO [0m:      aggregate_evaluate: received 5 results and 0 failures
[92mINFO [0m:      
[92mINFO [0m:      [ROUND 10]
[92mINFO [0m:      configure_fit: strategy sampled 5 clients (out of 5)
[36m(ClientAppActor pid=995175)[0m 
[36m(ClientAppActor pid=995175)[0m         
[36m(ClientAppActor pid=995173)[0m 
[36m(ClientAppActor pid=995173)[0m         
[36m(ClientAppActor pid=995174)[0m 
[36m(ClientAppActor pid=995174)[0m         
[36m(ClientAppActor pid=995176)[0m 
[36m(ClientAppActor pid=995176)[0m         
[36m(ClientAppActor pid=995172)[0m 
[36m(ClientAppActor pid=995172)[0m         
[92mINFO [0m:      aggregate_fit: received 5 results and 0 failures
[92mINFO [0m:      fit progress: (10, 0.5657666744947434, {'accuracy': 0.8247, 'loss': 0.5657666744947434}, 174.76749419805128)
[92mINFO [0m:      configure_evaluate: strategy sampled 5 clients (out of 5)
[36m(ClientAppActor pid=995174)[0m 
[36m(ClientAppActor pid=995174)[0m         
[36m(ClientAppActor pid=995174)[0m [93mWARNING [0m:   DEPRECATED FEATURE: `client_fn` now expects a signature `def client_fn(context: Context)`.The provided `client_fn` has signature: {'cid': <Parameter "cid: str">}. You can import the `Context` like this: `from flwr.app import Context`[32m [repeated 10x across cluster][0m
[36m(ClientAppActor pid=995174)[0m             This is a deprecated feature. It will be removed[32m [repeated 10x across cluster][0m
[36m(ClientAppActor pid=995174)[0m             entirely in future versions of Flower.[32m [repeated 10x across cluster][0m
[36m(ClientAppActor pid=995172)[0m 
[36m(ClientAppActor pid=995172)[0m         
[36m(ClientAppActor pid=995173)[0m 
[36m(ClientAppActor pid=995173)[0m         
[36m(ClientAppActor pid=995176)[0m 
[36m(ClientAppActor pid=995176)[0m         
[36m(ClientAppActor pid=995175)[0m 
[36m(ClientAppActor pid=995175)[0m         
[92mINFO [0m:      aggregate_evaluate: received 5 results and 0 failures
[92mINFO [0m:      
[92mINFO [0m:      [SUMMARY]
[92mINFO [0m:      Run finished 10 round(s) in 175.58s
[92mINFO [0m:      	History (loss, distributed):
[92mINFO [0m:      		round 1: 2.1715581055973567
[92mINFO [0m:      		round 2: 1.1015310681619945
[92mINFO [0m:      		round 3: 0.7825981385829974
[92mINFO [0m:      		round 4: 0.6901725585482607
[92mINFO [0m:      		round 5: 0.6106766957391639
[92mINFO [0m:      		round 6: 0.5877713862927306
[92mINFO [0m:      		round 7: 0.5750080602705291
[92mINFO [0m:      		round 8: 0.5628032123564887
[92mINFO [0m:      		round 9: 0.5470703990161777
[92mINFO [0m:      		round 10: 0.5445978796696898
[92mINFO [0m:      	History (loss, centralized):
[92mINFO [0m:      		round 0: 2.303032247543335
[92mINFO [0m:      		round 1: 2.174629449081421
[92mINFO [0m:      		round 2: 1.1162315649032593
[92mINFO [0m:      		round 3: 0.8039944808959961
[92mINFO [0m:      		round 4: 0.7043477019309997
[92mINFO [0m:      		round 5: 0.632786446428299
[92mINFO [0m:      		round 6: 0.6076511929988861
[92mINFO [0m:      		round 7: 0.5928418085575103
[92mINFO [0m:      		round 8: 0.5668952500104905
[92mINFO [0m:      		round 9: 0.5666957867145538
[92mINFO [0m:      		round 10: 0.5657666744947434
[92mINFO [0m:      	History (metrics, distributed, fit):
[92mINFO [0m:      	{'avg_epochs_weighted': [(1, 4.0),
[92mINFO [0m:      	                         (2, 4.0),
[92mINFO [0m:      	                         (3, 4.0),
[92mINFO [0m:      	                         (4, 4.0),
[92mINFO [0m:      	                         (5, 4.0),
[92mINFO [0m:      	                         (6, 4.0),
[92mINFO [0m:      	                         (7, 4.0),
[92mINFO [0m:      	                         (8, 4.0),
[92mINFO [0m:      	                         (9, 4.0),
[92mINFO [0m:      	                         (10, 4.0)],
[92mINFO [0m:      	 'avg_flops_per_client_round': [(1, 6512499351552.0),
[92mINFO [0m:      	                                (2, 6512499351552.0),
[92mINFO [0m:      	                                (3, 6512499351552.0),
[92mINFO [0m:      	                                (4, 6512499351552.0),
[92mINFO [0m:      	                                (5, 6512499351552.0),
[92mINFO [0m:      	                                (6, 6512499351552.0),
[92mINFO [0m:      	                                (7, 6512499351552.0),
[92mINFO [0m:      	                                (8, 6512499351552.0),
[92mINFO [0m:      	                                (9, 6512499351552.0),
[92mINFO [0m:      	                                (10, 6512499351552.0)],
[92mINFO [0m:      	 'avg_lr_weighted': [(1, 0.0073406557860863095),
[92mINFO [0m:      	                     (2, 0.0073406557860863095),
[92mINFO [0m:      	                     (3, 0.0073406557860863095),
[92mINFO [0m:      	                     (4, 0.0073406557860863095),
[92mINFO [0m:      	                     (5, 0.0073406557860863095),
[92mINFO [0m:      	                     (6, 0.0073406557860863095),
[92mINFO [0m:      	                     (7, 0.0073406557860863095),
[92mINFO [0m:      	                     (8, 0.0073406557860863095),
[92mINFO [0m:      	                     (9, 0.0073406557860863095),
[92mINFO [0m:      	                     (10, 0.0073406557860863095)],
[92mINFO [0m:      	 'total_flops_round': [(1, 32562496757760),
[92mINFO [0m:      	                       (2, 32562496757760),
[92mINFO [0m:      	                       (3, 32562496757760),
[92mINFO [0m:      	                       (4, 32562496757760),
[92mINFO [0m:      	                       (5, 32562496757760),
[92mINFO [0m:      	                       (6, 32562496757760),
[92mINFO [0m:      	                       (7, 32562496757760),
[92mINFO [0m:      	                       (8, 32562496757760),
[92mINFO [0m:      	                       (9, 32562496757760),
[92mINFO [0m:      	                       (10, 32562496757760)]}
[92mINFO [0m:      	History (metrics, distributed, evaluate):
[92mINFO [0m:      	{'accuracy': [(1, 0.19007603041216486),
[92mINFO [0m:      	              (2, 0.6660664265706282),
[92mINFO [0m:      	              (3, 0.7296918767507002),
[92mINFO [0m:      	              (4, 0.7607042817126851),
[92mINFO [0m:      	              (5, 0.7863145258103241),
[92mINFO [0m:      	              (6, 0.7989195678271308),
[92mINFO [0m:      	              (7, 0.8081232492997199),
[92mINFO [0m:      	              (8, 0.8137254901960784),
[92mINFO [0m:      	              (9, 0.8235294117647058),
[92mINFO [0m:      	              (10, 0.828531412565026)],
[92mINFO [0m:      	 'loss': [(1, 2.1715581055973567),
[92mINFO [0m:      	          (2, 1.1015310681619945),
[92mINFO [0m:      	          (3, 0.7825981385829974),
[92mINFO [0m:      	          (4, 0.6901725585482607),
[92mINFO [0m:      	          (5, 0.6106766957391639),
[92mINFO [0m:      	          (6, 0.5877713862927306),
[92mINFO [0m:      	          (7, 0.5750080602705291),
[92mINFO [0m:      	          (8, 0.5628032123564887),
[92mINFO [0m:      	          (9, 0.5470703990161777),
[92mINFO [0m:      	          (10, 0.5445978796696898)]}
[92mINFO [0m:      	History (metrics, centralized):
[92mINFO [0m:      	{'accuracy': [(0, 0.1),
[92mINFO [0m:      	              (1, 0.1865),
[92mINFO [0m:      	              (2, 0.6636),
[92mINFO [0m:      	              (3, 0.7188),
[92mINFO [0m:      	              (4, 0.7602),
[92mINFO [0m:      	              (5, 0.7848),
[92mINFO [0m:      	              (6, 0.7986),
[92mINFO [0m:      	              (7, 0.8048),
[92mINFO [0m:      	              (8, 0.8147),
[92mINFO [0m:      	              (9, 0.8206),
[92mINFO [0m:      	              (10, 0.8247)],
[92mINFO [0m:      	 'loss': [(0, 2.303032247543335),
[92mINFO [0m:      	          (1, 2.174629449081421),
[92mINFO [0m:      	          (2, 1.1162315649032593),
[92mINFO [0m:      	          (3, 0.8039944808959961),
[92mINFO [0m:      	          (4, 0.7043477019309997),
[92mINFO [0m:      	          (5, 0.632786446428299),
[92mINFO [0m:      	          (6, 0.6076511929988861),
[92mINFO [0m:      	          (7, 0.5928418085575103),
[92mINFO [0m:      	          (8, 0.5668952500104905),
[92mINFO [0m:      	          (9, 0.5666957867145538),
[92mINFO [0m:      	          (10, 0.5657666744947434)]}
[92mINFO [0m:      
Treinando no dispositivo: cuda:0 com o dataset: CIFAR10 | Setup clientes: 5 (num_gpus por cliente=0.2) | SEED=44
FLOPS por amostra (forward): 6.030e+07 | (forward+backward, 3x): 1.809e+08
Files already downloaded and verified
Files already downloaded and verified
Dividindo o dataset usando a distribuição de Dirichlet com alpha=1.0.
Iniciando a simulação de Aprendizado Federado...
=== Diagnóstico de Medição de GPU ===
  pynvml_disponivel: True
  pynvml_versao: 580.173.02
  gpus_detectadas: 1
  leitura_potencia_ok: True
  potencia_atual_W: 65.707

--- Rodada 0 - Avaliação Centralizada (Servidor) ---
Loss (Servidor): 2.3030 | Acurácia (Servidor): 0.1000
[36m(ClientAppActor pid=995174)[0m Cliente 1: HetRaw=0.9073 | HetNorm=0.3024 | Epochs=4 (dyn=True) | LR=0.006879 (dyn=True) | FedProx=True (mu=0.01)

--- Rodada 1 - Avaliação Centralizada (Servidor) ---
Loss (Servidor): 2.1746 | Acurácia (Servidor): 0.1865
--- Avaliação Agregada (Clientes) ---
Loss Média (Clientes): 2.1716 | Acurácia Média (Clientes): 0.1901
[36m(ClientAppActor pid=995174)[0m Cliente 2: HetRaw=0.6182 | HetNorm=0.2061 | Epochs=4 (dyn=True) | LR=0.007639 (dyn=True) | FedProx=True (mu=0.01)[32m [repeated 5x across cluster][0m

--- Rodada 2 - Avaliação Centralizada (Servidor) ---
Loss (Servidor): 1.1162 | Acurácia (Servidor): 0.6636
--- Avaliação Agregada (Clientes) ---
Loss Média (Clientes): 1.1015 | Acurácia Média (Clientes): 0.6661
[36m(ClientAppActor pid=995173)[0m Cliente 2: HetRaw=0.6182 | HetNorm=0.2061 | Epochs=4 (dyn=True) | LR=0.007639 (dyn=True) | FedProx=True (mu=0.01)[32m [repeated 5x across cluster][0m

--- Rodada 3 - Avaliação Centralizada (Servidor) ---
Loss (Servidor): 0.8040 | Acurácia (Servidor): 0.7188
--- Avaliação Agregada (Clientes) ---
Loss Média (Clientes): 0.7826 | Acurácia Média (Clientes): 0.7297
[36m(ClientAppActor pid=995172)[0m Cliente 0: HetRaw=0.5780 | HetNorm=0.1927 | Epochs=4 (dyn=True) | LR=0.007758 (dyn=True) | FedProx=True (mu=0.01)[32m [repeated 5x across cluster][0m

--- Rodada 4 - Avaliação Centralizada (Servidor) ---
Loss (Servidor): 0.7043 | Acurácia (Servidor): 0.7602
--- Avaliação Agregada (Clientes) ---
Loss Média (Clientes): 0.6902 | Acurácia Média (Clientes): 0.7607
[36m(ClientAppActor pid=995175)[0m Cliente 0: HetRaw=0.5780 | HetNorm=0.1927 | Epochs=4 (dyn=True) | LR=0.007758 (dyn=True) | FedProx=True (mu=0.01)[32m [repeated 5x across cluster][0m

--- Rodada 5 - Avaliação Centralizada (Servidor) ---
Loss (Servidor): 0.6328 | Acurácia (Servidor): 0.7848
--- Avaliação Agregada (Clientes) ---
Loss Média (Clientes): 0.6107 | Acurácia Média (Clientes): 0.7863
[36m(ClientAppActor pid=995173)[0m Cliente 2: HetRaw=0.6182 | HetNorm=0.2061 | Epochs=4 (dyn=True) | LR=0.007639 (dyn=True) | FedProx=True (mu=0.01)[32m [repeated 5x across cluster][0m

--- Rodada 6 - Avaliação Centralizada (Servidor) ---
Loss (Servidor): 0.6077 | Acurácia (Servidor): 0.7986
--- Avaliação Agregada (Clientes) ---
Loss Média (Clientes): 0.5878 | Acurácia Média (Clientes): 0.7989
[36m(ClientAppActor pid=995176)[0m Cliente 4: HetRaw=1.1903 | HetNorm=0.3968 | Epochs=4 (dyn=True) | LR=0.006269 (dyn=True) | FedProx=True (mu=0.01)[32m [repeated 5x across cluster][0m

--- Rodada 7 - Avaliação Centralizada (Servidor) ---
Loss (Servidor): 0.5928 | Acurácia (Servidor): 0.8048
--- Avaliação Agregada (Clientes) ---
Loss Média (Clientes): 0.5750 | Acurácia Média (Clientes): 0.8081
[36m(ClientAppActor pid=995176)[0m Cliente 0: HetRaw=0.5780 | HetNorm=0.1927 | Epochs=4 (dyn=True) | LR=0.007758 (dyn=True) | FedProx=True (mu=0.01)[32m [repeated 5x across cluster][0m

--- Rodada 8 - Avaliação Centralizada (Servidor) ---
Loss (Servidor): 0.5669 | Acurácia (Servidor): 0.8147
--- Avaliação Agregada (Clientes) ---
Loss Média (Clientes): 0.5628 | Acurácia Média (Clientes): 0.8137
[36m(ClientAppActor pid=995174)[0m Cliente 3: HetRaw=0.6487 | HetNorm=0.2162 | Epochs=4 (dyn=True) | LR=0.007551 (dyn=True) | FedProx=True (mu=0.01)[32m [repeated 5x across cluster][0m

--- Rodada 9 - Avaliação Centralizada (Servidor) ---
Loss (Servidor): 0.5667 | Acurácia (Servidor): 0.8206
--- Avaliação Agregada (Clientes) ---
Loss Média (Clientes): 0.5471 | Acurácia Média (Clientes): 0.8235
[36m(ClientAppActor pid=995175)[0m Cliente 4: HetRaw=1.1903 | HetNorm=0.3968 | Epochs=4 (dyn=True) | LR=0.006269 (dyn=True) | FedProx=True (mu=0.01)[32m [repeated 5x across cluster][0m

--- Rodada 10 - Avaliação Centralizada (Servidor) ---
Loss (Servidor): 0.5658 | Acurácia (Servidor): 0.8247
--- Avaliação Agregada (Clientes) ---
Loss Média (Clientes): 0.5446 | Acurácia Média (Clientes): 0.8285

Resultados salvos em: /home/tiago/GitHubProjects/fedhad-thesis-2/FedHAD-results/1.1_diagnostico_drift/CIFAR10-Standard/FedHAD__CIFAR10__Mode-STANDARD__Cfg-E1L1F1__Setup-5__Clients-5__Rounds-10__Delay-0_05__Alpha-1_0__Seed-44.txt
[36m(ClientAppActor pid=995175)[0m [93mWARNING [0m:   DEPRECATED FEATURE: `client_fn` now expects a signature `def client_fn(context: Context)`.The provided `client_fn` has signature: {'cid': <Parameter "cid: str">}. You can import the `Context` like this: `from flwr.app import Context`[32m [repeated 4x across cluster][0m
[36m(ClientAppActor pid=995175)[0m             This is a deprecated feature. It will be removed[32m [repeated 4x across cluster][0m
[36m(ClientAppActor pid=995175)[0m             entirely in future versions of Flower.[32m [repeated 4x across cluster][0m
[36m(ClientAppActor pid=995172)[0m Cliente 2: HetRaw=0.6182 | HetNorm=0.2061 | Epochs=4 (dyn=True) | LR=0.007639 (dyn=True) | FedProx=True (mu=0.01)[32m [repeated 4x across cluster][0m
