/home/tiago/GitHubProjects/fedhad-thesis-2/env_flwr_pt/lib/python3.12/site-packages/torch/utils/data/dataset.py:473: UserWarning: Length of split at index 0 is 0. This might result in an empty dataset.
  warnings.warn(
[codecarbon WARNING @ 17:52:48] Multiple instances of codecarbon are allowed to run at the same time.
[93mWARNING [0m:   DEPRECATED FEATURE: flwr.simulation.start_simulation() is deprecated.
	Instead, use the `flwr run` CLI command to start a local simulation in your Flower app, as shown for example below:

		$ flwr new  # Create a new Flower app from a template

		$ flwr run  # Run the Flower app in Simulation Mode

	Using `start_simulation()` is deprecated.

            This is a deprecated feature. It will be removed
            entirely in future versions of Flower.
        
[92mINFO [0m:      Starting Flower simulation, config: num_rounds=10, no round_timeout
2026-09-04 17:52:56,652	INFO worker.py:2012 -- Started a local Ray instance.
/home/tiago/GitHubProjects/fedhad-thesis-2/env_flwr_pt/lib/python3.12/site-packages/ray/_private/worker.py:2051: FutureWarning: Tip: In future versions of Ray, Ray will no longer override accelerator visible devices env var if num_gpus=0 or num_gpus=None (default). To enable this behavior and turn off this error message, set RAY_ACCEL_ENV_VAR_OVERRIDE_ON_ZERO=0
  warnings.warn(
[92mINFO [0m:      Flower VCE: Ray initialized with resources: {'node:10.129.64.100': 1.0, 'memory': 180811871028.0, 'node:__internal_head__': 1.0, 'CPU': 64.0, 'accelerator_type:A40': 1.0, 'object_store_memory': 77490801868.0, 'GPU': 1.0}
[92mINFO [0m:      Optimize your simulation with Flower VCE: https://flower.ai/docs/framework/how-to-run-simulations.html
/home/tiago/GitHubProjects/fedhad-thesis-2/FedHAD_Final_2.0.py:1916: UserWarning: No `num_cpus` specified in `client_resources`. Using `num_cpus=1` for each client.
  history = fl.simulation.start_simulation(
[92mINFO [0m:      Flower VCE: Resources for each Virtual Client: {'num_gpus': 0.2, 'num_cpus': 1}
[92mINFO [0m:      Flower VCE: Creating VirtualClientEngineActorPool with 5 actors
[92mINFO [0m:      [INIT]
[92mINFO [0m:      Requesting initial parameters from one random client
[36m(ClientAppActor pid=1208685)[0m [93mWARNING [0m:   DEPRECATED FEATURE: `client_fn` now expects a signature `def client_fn(context: Context)`.The provided `client_fn` has signature: {'cid': <Parameter "cid: str">}. You can import the `Context` like this: `from flwr.app import Context`
[36m(ClientAppActor pid=1208685)[0m 
[36m(ClientAppActor pid=1208685)[0m             This is a deprecated feature. It will be removed
[36m(ClientAppActor pid=1208685)[0m             entirely in future versions of Flower.
[36m(ClientAppActor pid=1208685)[0m         
[92mINFO [0m:      Received initial parameters from one random client
[92mINFO [0m:      Starting evaluation of initial global parameters
[92mINFO [0m:      initial parameters (loss, other metrics): 2.303111503601074, {'accuracy': 0.0999, 'loss': 2.303111503601074}
[92mINFO [0m:      
[92mINFO [0m:      [ROUND 1]
[92mINFO [0m:      configure_fit: strategy sampled 5 clients (out of 5)
[36m(ClientAppActor pid=1208685)[0m [93mWARNING [0m:   DEPRECATED FEATURE: `client_fn` now expects a signature `def client_fn(context: Context)`.The provided `client_fn` has signature: {'cid': <Parameter "cid: str">}. You can import the `Context` like this: `from flwr.app import Context`
[36m(ClientAppActor pid=1208685)[0m 
[36m(ClientAppActor pid=1208685)[0m             This is a deprecated feature. It will be removed
[36m(ClientAppActor pid=1208685)[0m             entirely in future versions of Flower.
[36m(ClientAppActor pid=1208685)[0m         
[36m(ClientAppActor pid=1208683)[0m 
[36m(ClientAppActor pid=1208683)[0m         
[36m(ClientAppActor pid=1208684)[0m 
[36m(ClientAppActor pid=1208684)[0m         
[36m(ClientAppActor pid=1208681)[0m 
[36m(ClientAppActor pid=1208681)[0m         
[36m(ClientAppActor pid=1208682)[0m 
[36m(ClientAppActor pid=1208682)[0m         
[92mINFO [0m:      aggregate_fit: received 5 results and 0 failures
[92mINFO [0m:      fit progress: (1, 2.2372200119018553, {'accuracy': 0.1835, 'loss': 2.2372200119018553}, 18.955305834999308)
[92mINFO [0m:      configure_evaluate: strategy sampled 5 clients (out of 5)
[36m(ClientAppActor pid=1208683)[0m 
[36m(ClientAppActor pid=1208683)[0m         
[36m(ClientAppActor pid=1208683)[0m [93mWARNING [0m:   DEPRECATED FEATURE: `client_fn` now expects a signature `def client_fn(context: Context)`.The provided `client_fn` has signature: {'cid': <Parameter "cid: str">}. You can import the `Context` like this: `from flwr.app import Context`[32m [repeated 5x across cluster] (Ray deduplicates logs by default. Set RAY_DEDUP_LOGS=0 to disable log deduplication, or see https://docs.ray.io/en/master/ray-observability/user-guides/configure-logging.html#log-deduplication for more options.)[0m
[36m(ClientAppActor pid=1208683)[0m             This is a deprecated feature. It will be removed[32m [repeated 5x across cluster][0m
[36m(ClientAppActor pid=1208683)[0m             entirely in future versions of Flower.[32m [repeated 5x across cluster][0m
[36m(ClientAppActor pid=1208681)[0m 
[36m(ClientAppActor pid=1208681)[0m         
[36m(ClientAppActor pid=1208685)[0m 
[36m(ClientAppActor pid=1208685)[0m         
[36m(ClientAppActor pid=1208684)[0m 
[36m(ClientAppActor pid=1208684)[0m         
[36m(ClientAppActor pid=1208682)[0m 
[36m(ClientAppActor pid=1208682)[0m         
[92mINFO [0m:      aggregate_evaluate: received 5 results and 0 failures
[92mINFO [0m:      
[92mINFO [0m:      [ROUND 2]
[92mINFO [0m:      configure_fit: strategy sampled 5 clients (out of 5)
[36m(ClientAppActor pid=1208684)[0m 
[36m(ClientAppActor pid=1208684)[0m         
[36m(ClientAppActor pid=1208682)[0m 
[36m(ClientAppActor pid=1208682)[0m         
[36m(ClientAppActor pid=1208681)[0m 
[36m(ClientAppActor pid=1208681)[0m         
[36m(ClientAppActor pid=1208685)[0m 
[36m(ClientAppActor pid=1208685)[0m         
[36m(ClientAppActor pid=1208683)[0m 
[36m(ClientAppActor pid=1208683)[0m         
[92mINFO [0m:      aggregate_fit: received 5 results and 0 failures
[92mINFO [0m:      fit progress: (2, 1.9643775133132935, {'accuracy': 0.3574, 'loss': 1.9643775133132935}, 37.299026524007786)
[92mINFO [0m:      configure_evaluate: strategy sampled 5 clients (out of 5)
[36m(ClientAppActor pid=1208685)[0m 
[36m(ClientAppActor pid=1208685)[0m         
[36m(ClientAppActor pid=1208685)[0m [93mWARNING [0m:   DEPRECATED FEATURE: `client_fn` now expects a signature `def client_fn(context: Context)`.The provided `client_fn` has signature: {'cid': <Parameter "cid: str">}. You can import the `Context` like this: `from flwr.app import Context`[32m [repeated 10x across cluster][0m
[36m(ClientAppActor pid=1208685)[0m             This is a deprecated feature. It will be removed[32m [repeated 10x across cluster][0m
[36m(ClientAppActor pid=1208685)[0m             entirely in future versions of Flower.[32m [repeated 10x across cluster][0m
[36m(ClientAppActor pid=1208681)[0m 
[36m(ClientAppActor pid=1208681)[0m         
[36m(ClientAppActor pid=1208684)[0m 
[36m(ClientAppActor pid=1208684)[0m         
[36m(ClientAppActor pid=1208682)[0m 
[36m(ClientAppActor pid=1208682)[0m         
[36m(ClientAppActor pid=1208683)[0m 
[36m(ClientAppActor pid=1208683)[0m         
[92mINFO [0m:      aggregate_evaluate: received 5 results and 0 failures
[92mINFO [0m:      
[92mINFO [0m:      [ROUND 3]
[92mINFO [0m:      configure_fit: strategy sampled 5 clients (out of 5)
[36m(ClientAppActor pid=1208683)[0m 
[36m(ClientAppActor pid=1208683)[0m         
[36m(ClientAppActor pid=1208682)[0m 
[36m(ClientAppActor pid=1208682)[0m         
[36m(ClientAppActor pid=1208684)[0m 
[36m(ClientAppActor pid=1208684)[0m         
[36m(ClientAppActor pid=1208681)[0m 
[36m(ClientAppActor pid=1208681)[0m         
[36m(ClientAppActor pid=1208685)[0m 
[36m(ClientAppActor pid=1208685)[0m         
[92mINFO [0m:      aggregate_fit: received 5 results and 0 failures
[92mINFO [0m:      fit progress: (3, 1.8015471523284912, {'accuracy': 0.4215, 'loss': 1.8015471523284912}, 55.2029402150074)
[92mINFO [0m:      configure_evaluate: strategy sampled 5 clients (out of 5)
[36m(ClientAppActor pid=1208681)[0m 
[36m(ClientAppActor pid=1208681)[0m         
[36m(ClientAppActor pid=1208681)[0m [93mWARNING [0m:   DEPRECATED FEATURE: `client_fn` now expects a signature `def client_fn(context: Context)`.The provided `client_fn` has signature: {'cid': <Parameter "cid: str">}. You can import the `Context` like this: `from flwr.app import Context`[32m [repeated 10x across cluster][0m
[36m(ClientAppActor pid=1208681)[0m             This is a deprecated feature. It will be removed[32m [repeated 10x across cluster][0m
[36m(ClientAppActor pid=1208681)[0m             entirely in future versions of Flower.[32m [repeated 10x across cluster][0m
[36m(ClientAppActor pid=1208682)[0m 
[36m(ClientAppActor pid=1208682)[0m         
[36m(ClientAppActor pid=1208683)[0m 
[36m(ClientAppActor pid=1208683)[0m         
[36m(ClientAppActor pid=1208685)[0m 
[36m(ClientAppActor pid=1208685)[0m         
[36m(ClientAppActor pid=1208684)[0m 
[36m(ClientAppActor pid=1208684)[0m         
[92mINFO [0m:      aggregate_evaluate: received 5 results and 0 failures
[92mINFO [0m:      
[92mINFO [0m:      [ROUND 4]
[92mINFO [0m:      configure_fit: strategy sampled 5 clients (out of 5)
[36m(ClientAppActor pid=1208684)[0m 
[36m(ClientAppActor pid=1208684)[0m         
[36m(ClientAppActor pid=1208683)[0m 
[36m(ClientAppActor pid=1208683)[0m         
[36m(ClientAppActor pid=1208685)[0m 
[36m(ClientAppActor pid=1208685)[0m         
[36m(ClientAppActor pid=1208682)[0m 
[36m(ClientAppActor pid=1208682)[0m         
[36m(ClientAppActor pid=1208681)[0m 
[36m(ClientAppActor pid=1208681)[0m         
[92mINFO [0m:      aggregate_fit: received 5 results and 0 failures
[92mINFO [0m:      fit progress: (4, 1.6641003793716431, {'accuracy': 0.4612, 'loss': 1.6641003793716431}, 73.63785795797594)
[92mINFO [0m:      configure_evaluate: strategy sampled 5 clients (out of 5)
[36m(ClientAppActor pid=1208681)[0m 
[36m(ClientAppActor pid=1208681)[0m         
[36m(ClientAppActor pid=1208681)[0m [93mWARNING [0m:   DEPRECATED FEATURE: `client_fn` now expects a signature `def client_fn(context: Context)`.The provided `client_fn` has signature: {'cid': <Parameter "cid: str">}. You can import the `Context` like this: `from flwr.app import Context`[32m [repeated 10x across cluster][0m
[36m(ClientAppActor pid=1208681)[0m             This is a deprecated feature. It will be removed[32m [repeated 10x across cluster][0m
[36m(ClientAppActor pid=1208681)[0m             entirely in future versions of Flower.[32m [repeated 10x across cluster][0m
[36m(ClientAppActor pid=1208682)[0m 
[36m(ClientAppActor pid=1208682)[0m         
[36m(ClientAppActor pid=1208683)[0m 
[36m(ClientAppActor pid=1208683)[0m         
[36m(ClientAppActor pid=1208684)[0m 
[36m(ClientAppActor pid=1208684)[0m         
[36m(ClientAppActor pid=1208685)[0m 
[36m(ClientAppActor pid=1208685)[0m         
[92mINFO [0m:      aggregate_evaluate: received 5 results and 0 failures
[92mINFO [0m:      
[92mINFO [0m:      [ROUND 5]
[92mINFO [0m:      configure_fit: strategy sampled 5 clients (out of 5)
[36m(ClientAppActor pid=1208684)[0m 
[36m(ClientAppActor pid=1208684)[0m         
[36m(ClientAppActor pid=1208685)[0m 
[36m(ClientAppActor pid=1208685)[0m         
[36m(ClientAppActor pid=1208683)[0m 
[36m(ClientAppActor pid=1208683)[0m         
[36m(ClientAppActor pid=1208682)[0m 
[36m(ClientAppActor pid=1208682)[0m         
[36m(ClientAppActor pid=1208681)[0m 
[36m(ClientAppActor pid=1208681)[0m         
[92mINFO [0m:      aggregate_fit: received 5 results and 0 failures
[92mINFO [0m:      fit progress: (5, 1.5736028930664063, {'accuracy': 0.4966, 'loss': 1.5736028930664063}, 91.08225942897843)
[92mINFO [0m:      configure_evaluate: strategy sampled 5 clients (out of 5)
[36m(ClientAppActor pid=1208684)[0m 
[36m(ClientAppActor pid=1208684)[0m         
[36m(ClientAppActor pid=1208684)[0m [93mWARNING [0m:   DEPRECATED FEATURE: `client_fn` now expects a signature `def client_fn(context: Context)`.The provided `client_fn` has signature: {'cid': <Parameter "cid: str">}. You can import the `Context` like this: `from flwr.app import Context`[32m [repeated 10x across cluster][0m
[36m(ClientAppActor pid=1208684)[0m             This is a deprecated feature. It will be removed[32m [repeated 10x across cluster][0m
[36m(ClientAppActor pid=1208684)[0m             entirely in future versions of Flower.[32m [repeated 10x across cluster][0m
[36m(ClientAppActor pid=1208681)[0m 
[36m(ClientAppActor pid=1208681)[0m         
[36m(ClientAppActor pid=1208685)[0m 
[36m(ClientAppActor pid=1208685)[0m         
[36m(ClientAppActor pid=1208682)[0m 
[36m(ClientAppActor pid=1208682)[0m         
[36m(ClientAppActor pid=1208683)[0m 
[36m(ClientAppActor pid=1208683)[0m         
[92mINFO [0m:      aggregate_evaluate: received 5 results and 0 failures
[92mINFO [0m:      
[92mINFO [0m:      [ROUND 6]
[92mINFO [0m:      configure_fit: strategy sampled 5 clients (out of 5)
[36m(ClientAppActor pid=1208683)[0m 
[36m(ClientAppActor pid=1208683)[0m         
[36m(ClientAppActor pid=1208685)[0m 
[36m(ClientAppActor pid=1208685)[0m         
[36m(ClientAppActor pid=1208681)[0m 
[36m(ClientAppActor pid=1208681)[0m         
[36m(ClientAppActor pid=1208682)[0m 
[36m(ClientAppActor pid=1208682)[0m         
[36m(ClientAppActor pid=1208684)[0m 
[36m(ClientAppActor pid=1208684)[0m         
[92mINFO [0m:      aggregate_fit: received 5 results and 0 failures
[92mINFO [0m:      fit progress: (6, 1.4722771238327026, {'accuracy': 0.5194, 'loss': 1.4722771238327026}, 108.87810414697742)
[92mINFO [0m:      configure_evaluate: strategy sampled 5 clients (out of 5)
[36m(ClientAppActor pid=1208682)[0m 
[36m(ClientAppActor pid=1208682)[0m         
[36m(ClientAppActor pid=1208682)[0m [93mWARNING [0m:   DEPRECATED FEATURE: `client_fn` now expects a signature `def client_fn(context: Context)`.The provided `client_fn` has signature: {'cid': <Parameter "cid: str">}. You can import the `Context` like this: `from flwr.app import Context`[32m [repeated 10x across cluster][0m
[36m(ClientAppActor pid=1208682)[0m             This is a deprecated feature. It will be removed[32m [repeated 10x across cluster][0m
[36m(ClientAppActor pid=1208682)[0m             entirely in future versions of Flower.[32m [repeated 10x across cluster][0m
[36m(ClientAppActor pid=1208681)[0m 
[36m(ClientAppActor pid=1208681)[0m         
[36m(ClientAppActor pid=1208685)[0m 
[36m(ClientAppActor pid=1208685)[0m         
[36m(ClientAppActor pid=1208683)[0m 
[36m(ClientAppActor pid=1208683)[0m         
[36m(ClientAppActor pid=1208684)[0m 
[36m(ClientAppActor pid=1208684)[0m         
[92mINFO [0m:      aggregate_evaluate: received 5 results and 0 failures
[92mINFO [0m:      
[92mINFO [0m:      [ROUND 7]
[92mINFO [0m:      configure_fit: strategy sampled 5 clients (out of 5)
[36m(ClientAppActor pid=1208683)[0m 
[36m(ClientAppActor pid=1208683)[0m         
[36m(ClientAppActor pid=1208684)[0m 
[36m(ClientAppActor pid=1208684)[0m         
[36m(ClientAppActor pid=1208685)[0m 
[36m(ClientAppActor pid=1208685)[0m         
[36m(ClientAppActor pid=1208681)[0m 
[36m(ClientAppActor pid=1208681)[0m         
[36m(ClientAppActor pid=1208682)[0m 
[36m(ClientAppActor pid=1208682)[0m         
[92mINFO [0m:      aggregate_fit: received 5 results and 0 failures
[92mINFO [0m:      fit progress: (7, 1.4343133405685424, {'accuracy': 0.5278, 'loss': 1.4343133405685424}, 126.47509245597757)
[92mINFO [0m:      configure_evaluate: strategy sampled 5 clients (out of 5)
[36m(ClientAppActor pid=1208685)[0m 
[36m(ClientAppActor pid=1208685)[0m         
[36m(ClientAppActor pid=1208685)[0m [93mWARNING [0m:   DEPRECATED FEATURE: `client_fn` now expects a signature `def client_fn(context: Context)`.The provided `client_fn` has signature: {'cid': <Parameter "cid: str">}. You can import the `Context` like this: `from flwr.app import Context`[32m [repeated 10x across cluster][0m
[36m(ClientAppActor pid=1208685)[0m             This is a deprecated feature. It will be removed[32m [repeated 10x across cluster][0m
[36m(ClientAppActor pid=1208685)[0m             entirely in future versions of Flower.[32m [repeated 10x across cluster][0m
[36m(ClientAppActor pid=1208683)[0m 
[36m(ClientAppActor pid=1208683)[0m         
[36m(ClientAppActor pid=1208682)[0m 
[36m(ClientAppActor pid=1208682)[0m         
[36m(ClientAppActor pid=1208681)[0m 
[36m(ClientAppActor pid=1208681)[0m         
[36m(ClientAppActor pid=1208684)[0m 
[36m(ClientAppActor pid=1208684)[0m         
[92mINFO [0m:      aggregate_evaluate: received 5 results and 0 failures
[92mINFO [0m:      
[92mINFO [0m:      [ROUND 8]
[92mINFO [0m:      configure_fit: strategy sampled 5 clients (out of 5)
[36m(ClientAppActor pid=1208681)[0m 
[36m(ClientAppActor pid=1208681)[0m         
[36m(ClientAppActor pid=1208684)[0m 
[36m(ClientAppActor pid=1208684)[0m         
[36m(ClientAppActor pid=1208683)[0m 
[36m(ClientAppActor pid=1208683)[0m         
[36m(ClientAppActor pid=1208682)[0m 
[36m(ClientAppActor pid=1208682)[0m         
[36m(ClientAppActor pid=1208685)[0m 
[36m(ClientAppActor pid=1208685)[0m         
[92mINFO [0m:      aggregate_fit: received 5 results and 0 failures
[92mINFO [0m:      fit progress: (8, 1.3615144508361816, {'accuracy': 0.548, 'loss': 1.3615144508361816}, 144.793542023981)
[92mINFO [0m:      configure_evaluate: strategy sampled 5 clients (out of 5)
[36m(ClientAppActor pid=1208683)[0m 
[36m(ClientAppActor pid=1208683)[0m         
[36m(ClientAppActor pid=1208683)[0m [93mWARNING [0m:   DEPRECATED FEATURE: `client_fn` now expects a signature `def client_fn(context: Context)`.The provided `client_fn` has signature: {'cid': <Parameter "cid: str">}. You can import the `Context` like this: `from flwr.app import Context`[32m [repeated 10x across cluster][0m
[36m(ClientAppActor pid=1208683)[0m             This is a deprecated feature. It will be removed[32m [repeated 10x across cluster][0m
[36m(ClientAppActor pid=1208683)[0m             entirely in future versions of Flower.[32m [repeated 10x across cluster][0m
[36m(ClientAppActor pid=1208682)[0m 
[36m(ClientAppActor pid=1208682)[0m         
[36m(ClientAppActor pid=1208681)[0m 
[36m(ClientAppActor pid=1208681)[0m         
[36m(ClientAppActor pid=1208684)[0m 
[36m(ClientAppActor pid=1208684)[0m         
[36m(ClientAppActor pid=1208685)[0m 
[36m(ClientAppActor pid=1208685)[0m         
[92mINFO [0m:      aggregate_evaluate: received 5 results and 0 failures
[92mINFO [0m:      
[92mINFO [0m:      [ROUND 9]
[92mINFO [0m:      configure_fit: strategy sampled 5 clients (out of 5)
[36m(ClientAppActor pid=1208685)[0m 
[36m(ClientAppActor pid=1208685)[0m         
[36m(ClientAppActor pid=1208681)[0m 
[36m(ClientAppActor pid=1208681)[0m         
[36m(ClientAppActor pid=1208684)[0m 
[36m(ClientAppActor pid=1208684)[0m         
[36m(ClientAppActor pid=1208682)[0m 
[36m(ClientAppActor pid=1208682)[0m         
[36m(ClientAppActor pid=1208683)[0m 
[36m(ClientAppActor pid=1208683)[0m         
[92mINFO [0m:      aggregate_fit: received 5 results and 0 failures
[92mINFO [0m:      fit progress: (9, 1.3739189905166627, {'accuracy': 0.548, 'loss': 1.3739189905166627}, 163.33471130998805)
[92mINFO [0m:      configure_evaluate: strategy sampled 5 clients (out of 5)
[36m(ClientAppActor pid=1208682)[0m 
[36m(ClientAppActor pid=1208682)[0m         
[36m(ClientAppActor pid=1208682)[0m [93mWARNING [0m:   DEPRECATED FEATURE: `client_fn` now expects a signature `def client_fn(context: Context)`.The provided `client_fn` has signature: {'cid': <Parameter "cid: str">}. You can import the `Context` like this: `from flwr.app import Context`[32m [repeated 10x across cluster][0m
[36m(ClientAppActor pid=1208682)[0m             This is a deprecated feature. It will be removed[32m [repeated 10x across cluster][0m
[36m(ClientAppActor pid=1208682)[0m             entirely in future versions of Flower.[32m [repeated 10x across cluster][0m
[36m(ClientAppActor pid=1208683)[0m 
[36m(ClientAppActor pid=1208683)[0m         
[36m(ClientAppActor pid=1208681)[0m 
[36m(ClientAppActor pid=1208681)[0m         
[36m(ClientAppActor pid=1208684)[0m 
[36m(ClientAppActor pid=1208684)[0m         
[36m(ClientAppActor pid=1208685)[0m 
[36m(ClientAppActor pid=1208685)[0m         
[92mINFO [0m:      aggregate_evaluate: received 5 results and 0 failures
[92mINFO [0m:      
[92mINFO [0m:      [ROUND 10]
[92mINFO [0m:      configure_fit: strategy sampled 5 clients (out of 5)
[36m(ClientAppActor pid=1208685)[0m 
[36m(ClientAppActor pid=1208685)[0m         
[36m(ClientAppActor pid=1208684)[0m 
[36m(ClientAppActor pid=1208684)[0m         
[36m(ClientAppActor pid=1208681)[0m 
[36m(ClientAppActor pid=1208681)[0m         
[36m(ClientAppActor pid=1208683)[0m 
[36m(ClientAppActor pid=1208683)[0m         
[36m(ClientAppActor pid=1208682)[0m 
[36m(ClientAppActor pid=1208682)[0m         
[92mINFO [0m:      aggregate_fit: received 5 results and 0 failures
[92mINFO [0m:      fit progress: (10, 1.3628711639404296, {'accuracy': 0.5551, 'loss': 1.3628711639404296}, 180.7695668079541)
[92mINFO [0m:      configure_evaluate: strategy sampled 5 clients (out of 5)
[36m(ClientAppActor pid=1208685)[0m 
[36m(ClientAppActor pid=1208685)[0m         
[36m(ClientAppActor pid=1208685)[0m [93mWARNING [0m:   DEPRECATED FEATURE: `client_fn` now expects a signature `def client_fn(context: Context)`.The provided `client_fn` has signature: {'cid': <Parameter "cid: str">}. You can import the `Context` like this: `from flwr.app import Context`[32m [repeated 10x across cluster][0m
[36m(ClientAppActor pid=1208685)[0m             This is a deprecated feature. It will be removed[32m [repeated 10x across cluster][0m
[36m(ClientAppActor pid=1208685)[0m             entirely in future versions of Flower.[32m [repeated 10x across cluster][0m
[36m(ClientAppActor pid=1208681)[0m 
[36m(ClientAppActor pid=1208681)[0m         
[36m(ClientAppActor pid=1208684)[0m 
[36m(ClientAppActor pid=1208684)[0m         
[36m(ClientAppActor pid=1208683)[0m 
[36m(ClientAppActor pid=1208683)[0m         
[36m(ClientAppActor pid=1208682)[0m 
[36m(ClientAppActor pid=1208682)[0m         
[92mINFO [0m:      aggregate_evaluate: received 5 results and 0 failures
[92mINFO [0m:      
[92mINFO [0m:      [SUMMARY]
[92mINFO [0m:      Run finished 10 round(s) in 181.62s
[92mINFO [0m:      	History (loss, distributed):
[92mINFO [0m:      		round 1: 2.23727252397997
[92mINFO [0m:      		round 2: 1.9616585172493712
[92mINFO [0m:      		round 3: 1.793974261280059
[92mINFO [0m:      		round 4: 1.6567199168789026
[92mINFO [0m:      		round 5: 1.5536808154778043
[92mINFO [0m:      		round 6: 1.460925861892044
[92mINFO [0m:      		round 7: 1.4189016606884495
[92mINFO [0m:      		round 8: 1.3463144307852888
[92mINFO [0m:      		round 9: 1.344583388518562
[92mINFO [0m:      		round 10: 1.3307046554140578
[92mINFO [0m:      	History (loss, centralized):
[92mINFO [0m:      		round 0: 2.303111503601074
[92mINFO [0m:      		round 1: 2.2372200119018553
[92mINFO [0m:      		round 2: 1.9643775133132935
[92mINFO [0m:      		round 3: 1.8015471523284912
[92mINFO [0m:      		round 4: 1.6641003793716431
[92mINFO [0m:      		round 5: 1.5736028930664063
[92mINFO [0m:      		round 6: 1.4722771238327026
[92mINFO [0m:      		round 7: 1.4343133405685424
[92mINFO [0m:      		round 8: 1.3615144508361816
[92mINFO [0m:      		round 9: 1.3739189905166627
[92mINFO [0m:      		round 10: 1.3628711639404296
[92mINFO [0m:      	History (metrics, distributed, fit):
[92mINFO [0m:      	{'avg_epochs_weighted': [(1, 3.2999711117530723),
[92mINFO [0m:      	                         (2, 3.2999711117530723),
[92mINFO [0m:      	                         (3, 3.2999711117530723),
[92mINFO [0m:      	                         (4, 3.2999711117530723),
[92mINFO [0m:      	                         (5, 3.2999711117530723),
[92mINFO [0m:      	                         (6, 3.2999711117530723),
[92mINFO [0m:      	                         (7, 3.2999711117530723),
[92mINFO [0m:      	                         (8, 3.2999711117530723),
[92mINFO [0m:      	                         (9, 3.2999711117530723),
[92mINFO [0m:      	                         (10, 3.2999711117530723)],
[92mINFO [0m:      	 'avg_flops_per_client_round': [(1, 5372645541888.0),
[92mINFO [0m:      	                                (2, 5372645541888.0),
[92mINFO [0m:      	                                (3, 5372645541888.0),
[92mINFO [0m:      	                                (4, 5372645541888.0),
[92mINFO [0m:      	                                (5, 5372645541888.0),
[92mINFO [0m:      	                                (6, 5372645541888.0),
[92mINFO [0m:      	                                (7, 5372645541888.0),
[92mINFO [0m:      	                                (8, 5372645541888.0),
[92mINFO [0m:      	                                (9, 5372645541888.0),
[92mINFO [0m:      	                                (10, 5372645541888.0)],
[92mINFO [0m:      	 'avg_lr_weighted': [(1, 0.005584514919863896),
[92mINFO [0m:      	                     (2, 0.005584514919863896),
[92mINFO [0m:      	                     (3, 0.005584514919863896),
[92mINFO [0m:      	                     (4, 0.005584514919863896),
[92mINFO [0m:      	                     (5, 0.005584514919863896),
[92mINFO [0m:      	                     (6, 0.005584514919863896),
[92mINFO [0m:      	                     (7, 0.005584514919863896),
[92mINFO [0m:      	                     (8, 0.005584514919863896),
[92mINFO [0m:      	                     (9, 0.005584514919863896),
[92mINFO [0m:      	                     (10, 0.005584514919863896)],
[92mINFO [0m:      	 'total_flops_round': [(1, 26863227709440),
[92mINFO [0m:      	                       (2, 26863227709440),
[92mINFO [0m:      	                       (3, 26863227709440),
[92mINFO [0m:      	                       (4, 26863227709440),
[92mINFO [0m:      	                       (5, 26863227709440),
[92mINFO [0m:      	                       (6, 26863227709440),
[92mINFO [0m:      	                       (7, 26863227709440),
[92mINFO [0m:      	                       (8, 26863227709440),
[92mINFO [0m:      	                       (9, 26863227709440),
[92mINFO [0m:      	                       (10, 26863227709440)]}
[92mINFO [0m:      	History (metrics, distributed, evaluate):
[92mINFO [0m:      	{'accuracy': [(1, 0.18003600720144028),
[92mINFO [0m:      	              (2, 0.3566713342668534),
[92mINFO [0m:      	              (3, 0.41908381676335266),
[92mINFO [0m:      	              (4, 0.4574914982996599),
[92mINFO [0m:      	              (5, 0.49809961992398477),
[92mINFO [0m:      	              (6, 0.5141028205641128),
[92mINFO [0m:      	              (7, 0.5367073414682937),
[92mINFO [0m:      	              (8, 0.5521104220844169),
[92mINFO [0m:      	              (9, 0.5567113422684536),
[92mINFO [0m:      	              (10, 0.5723144628925785)],
[92mINFO [0m:      	 'loss': [(1, 2.23727252397997),
[92mINFO [0m:      	          (2, 1.9616585172493712),
[92mINFO [0m:      	          (3, 1.793974261280059),
[92mINFO [0m:      	          (4, 1.6567199168789026),
[92mINFO [0m:      	          (5, 1.5536808154778043),
[92mINFO [0m:      	          (6, 1.460925861892044),
[92mINFO [0m:      	          (7, 1.4189016606884495),
[92mINFO [0m:      	          (8, 1.3463144307852888),
[92mINFO [0m:      	          (9, 1.344583388518562),
[92mINFO [0m:      	          (10, 1.3307046554140578)]}
[92mINFO [0m:      	History (metrics, centralized):
[92mINFO [0m:      	{'accuracy': [(0, 0.0999),
[92mINFO [0m:      	              (1, 0.1835),
[92mINFO [0m:      	              (2, 0.3574),
[92mINFO [0m:      	              (3, 0.4215),
[92mINFO [0m:      	              (4, 0.4612),
[92mINFO [0m:      	              (5, 0.4966),
[92mINFO [0m:      	              (6, 0.5194),
[92mINFO [0m:      	              (7, 0.5278),
[92mINFO [0m:      	              (8, 0.548),
[92mINFO [0m:      	              (9, 0.548),
[92mINFO [0m:      	              (10, 0.5551)],
[92mINFO [0m:      	 'loss': [(0, 2.303111503601074),
[92mINFO [0m:      	          (1, 2.2372200119018553),
[92mINFO [0m:      	          (2, 1.9643775133132935),
[92mINFO [0m:      	          (3, 1.8015471523284912),
[92mINFO [0m:      	          (4, 1.6641003793716431),
[92mINFO [0m:      	          (5, 1.5736028930664063),
[92mINFO [0m:      	          (6, 1.4722771238327026),
[92mINFO [0m:      	          (7, 1.4343133405685424),
[92mINFO [0m:      	          (8, 1.3615144508361816),
[92mINFO [0m:      	          (9, 1.3739189905166627),
[92mINFO [0m:      	          (10, 1.3628711639404296)]}
[92mINFO [0m:      
Treinando no dispositivo: cuda:0 com o dataset: CIFAR10 | Setup clientes: 5 (num_gpus por cliente=0.2) | SEED=51
FLOPS por amostra (forward): 6.030e+07 | (forward+backward, 3x): 1.809e+08
Files already downloaded and verified
Files already downloaded and verified
Dividindo o dataset usando a distribuição de Dirichlet com alpha=0.01.
Aviso: Cliente 2 tem apenas 1 amostra(s), que serão usadas para validação.
Iniciando a simulação de Aprendizado Federado...
=== Diagnóstico de Medição de GPU ===
  pynvml_disponivel: True
  pynvml_versao: 580.173.02
  gpus_detectadas: 1
  leitura_potencia_ok: True
  potencia_atual_W: 65.889

--- Rodada 0 - Avaliação Centralizada (Servidor) ---
Loss (Servidor): 2.3031 | Acurácia (Servidor): 0.0999
[36m(ClientAppActor pid=1208685)[0m Cliente 3: HetRaw=1.9992 | HetNorm=0.6664 | Epochs=3 (dyn=True) | LR=0.005001 (dyn=True) | FedProx=True (mu=0.01)

--- Rodada 1 - Avaliação Centralizada (Servidor) ---
Loss (Servidor): 2.2372 | Acurácia (Servidor): 0.1835
--- Avaliação Agregada (Clientes) ---
Loss Média (Clientes): 2.2373 | Acurácia Média (Clientes): 0.1800
[36m(ClientAppActor pid=1208684)[0m Cliente 3: HetRaw=1.9992 | HetNorm=0.6664 | Epochs=3 (dyn=True) | LR=0.005001 (dyn=True) | FedProx=True (mu=0.01)[32m [repeated 5x across cluster][0m

--- Rodada 2 - Avaliação Centralizada (Servidor) ---
Loss (Servidor): 1.9644 | Acurácia (Servidor): 0.3574
--- Avaliação Agregada (Clientes) ---
Loss Média (Clientes): 1.9617 | Acurácia Média (Clientes): 0.3567
[36m(ClientAppActor pid=1208683)[0m Cliente 3: HetRaw=1.9992 | HetNorm=0.6664 | Epochs=3 (dyn=True) | LR=0.005001 (dyn=True) | FedProx=True (mu=0.01)[32m [repeated 5x across cluster][0m

--- Rodada 3 - Avaliação Centralizada (Servidor) ---
Loss (Servidor): 1.8015 | Acurácia (Servidor): 0.4215
--- Avaliação Agregada (Clientes) ---
Loss Média (Clientes): 1.7940 | Acurácia Média (Clientes): 0.4191
[36m(ClientAppActor pid=1208684)[0m Cliente 4: HetRaw=2.9993 | HetNorm=0.9998 | Epochs=2 (dyn=True) | LR=0.004001 (dyn=True) | FedProx=True (mu=0.01)[32m [repeated 5x across cluster][0m

--- Rodada 4 - Avaliação Centralizada (Servidor) ---
Loss (Servidor): 1.6641 | Acurácia (Servidor): 0.4612
--- Avaliação Agregada (Clientes) ---
Loss Média (Clientes): 1.6567 | Acurácia Média (Clientes): 0.4575
[36m(ClientAppActor pid=1208684)[0m Cliente 1: HetRaw=1.2246 | HetNorm=0.4082 | Epochs=4 (dyn=True) | LR=0.006202 (dyn=True) | FedProx=True (mu=0.01)[32m [repeated 5x across cluster][0m

--- Rodada 5 - Avaliação Centralizada (Servidor) ---
Loss (Servidor): 1.5736 | Acurácia (Servidor): 0.4966
--- Avaliação Agregada (Clientes) ---
Loss Média (Clientes): 1.5537 | Acurácia Média (Clientes): 0.4981
[36m(ClientAppActor pid=1208683)[0m Cliente 4: HetRaw=2.9993 | HetNorm=0.9998 | Epochs=2 (dyn=True) | LR=0.004001 (dyn=True) | FedProx=True (mu=0.01)[32m [repeated 5x across cluster][0m

--- Rodada 6 - Avaliação Centralizada (Servidor) ---
Loss (Servidor): 1.4723 | Acurácia (Servidor): 0.5194
--- Avaliação Agregada (Clientes) ---
Loss Média (Clientes): 1.4609 | Acurácia Média (Clientes): 0.5141
[36m(ClientAppActor pid=1208683)[0m Cliente 0: HetRaw=1.5232 | HetNorm=0.5077 | Epochs=3 (dyn=True) | LR=0.005677 (dyn=True) | FedProx=True (mu=0.01)[32m [repeated 5x across cluster][0m

--- Rodada 7 - Avaliação Centralizada (Servidor) ---
Loss (Servidor): 1.4343 | Acurácia (Servidor): 0.5278
--- Avaliação Agregada (Clientes) ---
Loss Média (Clientes): 1.4189 | Acurácia Média (Clientes): 0.5367
[36m(ClientAppActor pid=1208681)[0m Cliente 3: HetRaw=1.9992 | HetNorm=0.6664 | Epochs=3 (dyn=True) | LR=0.005001 (dyn=True) | FedProx=True (mu=0.01)[32m [repeated 5x across cluster][0m

--- Rodada 8 - Avaliação Centralizada (Servidor) ---
Loss (Servidor): 1.3615 | Acurácia (Servidor): 0.5480
--- Avaliação Agregada (Clientes) ---
Loss Média (Clientes): 1.3463 | Acurácia Média (Clientes): 0.5521
[36m(ClientAppActor pid=1208685)[0m Cliente 2: HetRaw=0.0000 | HetNorm=0.0000 | Epochs=5 (dyn=True) | LR=0.010000 (dyn=True) | FedProx=True (mu=0.01)[32m [repeated 5x across cluster][0m

--- Rodada 9 - Avaliação Centralizada (Servidor) ---
Loss (Servidor): 1.3739 | Acurácia (Servidor): 0.5480
--- Avaliação Agregada (Clientes) ---
Loss Média (Clientes): 1.3446 | Acurácia Média (Clientes): 0.5567
[36m(ClientAppActor pid=1208685)[0m Cliente 1: HetRaw=1.2246 | HetNorm=0.4082 | Epochs=4 (dyn=True) | LR=0.006202 (dyn=True) | FedProx=True (mu=0.01)[32m [repeated 5x across cluster][0m

--- Rodada 10 - Avaliação Centralizada (Servidor) ---
Loss (Servidor): 1.3629 | Acurácia (Servidor): 0.5551
--- Avaliação Agregada (Clientes) ---
Loss Média (Clientes): 1.3307 | Acurácia Média (Clientes): 0.5723

Resultados salvos em: /home/tiago/GitHubProjects/fedhad-thesis-2/FedHAD-results/1.1_diagnostico_drift/CIFAR10-Standard/FedHAD__CIFAR10__Mode-STANDARD__Cfg-E1L1F1__Setup-5__Clients-5__Rounds-10__Delay-0_05__Alpha-0_01__Seed-51.txt
[36m(ClientAppActor pid=1208682)[0m [93mWARNING [0m:   DEPRECATED FEATURE: `client_fn` now expects a signature `def client_fn(context: Context)`.The provided `client_fn` has signature: {'cid': <Parameter "cid: str">}. You can import the `Context` like this: `from flwr.app import Context`[32m [repeated 4x across cluster][0m
[36m(ClientAppActor pid=1208682)[0m             This is a deprecated feature. It will be removed[32m [repeated 4x across cluster][0m
[36m(ClientAppActor pid=1208682)[0m             entirely in future versions of Flower.[32m [repeated 4x across cluster][0m
[36m(ClientAppActor pid=1208682)[0m Cliente 2: HetRaw=0.0000 | HetNorm=0.0000 | Epochs=5 (dyn=True) | LR=0.010000 (dyn=True) | FedProx=True (mu=0.01)[32m [repeated 4x across cluster][0m
