[codecarbon WARNING @ 17:19:24] Multiple instances of codecarbon are allowed to run at the same time.
[93mWARNING [0m:   DEPRECATED FEATURE: flwr.simulation.start_simulation() is deprecated.
	Instead, use the `flwr run` CLI command to start a local simulation in your Flower app, as shown for example below:

		$ flwr new  # Create a new Flower app from a template

		$ flwr run  # Run the Flower app in Simulation Mode

	Using `start_simulation()` is deprecated.

            This is a deprecated feature. It will be removed
            entirely in future versions of Flower.
        
[92mINFO [0m:      Starting Flower simulation, config: num_rounds=10, no round_timeout
2026-09-04 17:19:32,356	INFO worker.py:2012 -- Started a local Ray instance.
/home/tiago/GitHubProjects/fedhad-thesis-2/env_flwr_pt/lib/python3.12/site-packages/ray/_private/worker.py:2051: FutureWarning: Tip: In future versions of Ray, Ray will no longer override accelerator visible devices env var if num_gpus=0 or num_gpus=None (default). To enable this behavior and turn off this error message, set RAY_ACCEL_ENV_VAR_OVERRIDE_ON_ZERO=0
  warnings.warn(
[92mINFO [0m:      Flower VCE: Ray initialized with resources: {'memory': 180843332813.0, 'node:__internal_head__': 1.0, 'object_store_memory': 77504285491.0, 'node:10.129.64.100': 1.0, 'CPU': 64.0, 'GPU': 1.0, 'accelerator_type:A40': 1.0}
[92mINFO [0m:      Optimize your simulation with Flower VCE: https://flower.ai/docs/framework/how-to-run-simulations.html
/home/tiago/GitHubProjects/fedhad-thesis-2/FedHAD_Final_2.0.py:1916: UserWarning: No `num_cpus` specified in `client_resources`. Using `num_cpus=1` for each client.
  history = fl.simulation.start_simulation(
[92mINFO [0m:      Flower VCE: Resources for each Virtual Client: {'num_gpus': 0.2, 'num_cpus': 1}
[92mINFO [0m:      Flower VCE: Creating VirtualClientEngineActorPool with 5 actors
[92mINFO [0m:      [INIT]
[92mINFO [0m:      Requesting initial parameters from one random client
[36m(ClientAppActor pid=1128997)[0m [93mWARNING [0m:   DEPRECATED FEATURE: `client_fn` now expects a signature `def client_fn(context: Context)`.The provided `client_fn` has signature: {'cid': <Parameter "cid: str">}. You can import the `Context` like this: `from flwr.app import Context`
[36m(ClientAppActor pid=1128997)[0m 
[36m(ClientAppActor pid=1128997)[0m             This is a deprecated feature. It will be removed
[36m(ClientAppActor pid=1128997)[0m             entirely in future versions of Flower.
[36m(ClientAppActor pid=1128997)[0m         
[92mINFO [0m:      Received initial parameters from one random client
[92mINFO [0m:      Starting evaluation of initial global parameters
[92mINFO [0m:      initial parameters (loss, other metrics): 2.3034048221588135, {'accuracy': 0.1013, 'loss': 2.3034048221588135}
[92mINFO [0m:      
[92mINFO [0m:      [ROUND 1]
[92mINFO [0m:      configure_fit: strategy sampled 5 clients (out of 5)
[36m(ClientAppActor pid=1128997)[0m [93mWARNING [0m:   DEPRECATED FEATURE: `client_fn` now expects a signature `def client_fn(context: Context)`.The provided `client_fn` has signature: {'cid': <Parameter "cid: str">}. You can import the `Context` like this: `from flwr.app import Context`
[36m(ClientAppActor pid=1128997)[0m 
[36m(ClientAppActor pid=1128997)[0m             This is a deprecated feature. It will be removed
[36m(ClientAppActor pid=1128997)[0m             entirely in future versions of Flower.
[36m(ClientAppActor pid=1128997)[0m         
[36m(ClientAppActor pid=1128995)[0m 
[36m(ClientAppActor pid=1128995)[0m         
[36m(ClientAppActor pid=1128996)[0m 
[36m(ClientAppActor pid=1128996)[0m         
[36m(ClientAppActor pid=1128994)[0m 
[36m(ClientAppActor pid=1128994)[0m         
[36m(ClientAppActor pid=1128993)[0m 
[36m(ClientAppActor pid=1128993)[0m         
[92mINFO [0m:      aggregate_fit: received 5 results and 0 failures
[92mINFO [0m:      fit progress: (1, 2.1594859649658202, {'accuracy': 0.1967, 'loss': 2.1594859649658202}, 18.87575279799057)
[92mINFO [0m:      configure_evaluate: strategy sampled 5 clients (out of 5)
[36m(ClientAppActor pid=1128995)[0m 
[36m(ClientAppActor pid=1128995)[0m         
[36m(ClientAppActor pid=1128995)[0m [93mWARNING [0m:   DEPRECATED FEATURE: `client_fn` now expects a signature `def client_fn(context: Context)`.The provided `client_fn` has signature: {'cid': <Parameter "cid: str">}. You can import the `Context` like this: `from flwr.app import Context`[32m [repeated 5x across cluster] (Ray deduplicates logs by default. Set RAY_DEDUP_LOGS=0 to disable log deduplication, or see https://docs.ray.io/en/master/ray-observability/user-guides/configure-logging.html#log-deduplication for more options.)[0m
[36m(ClientAppActor pid=1128995)[0m             This is a deprecated feature. It will be removed[32m [repeated 5x across cluster][0m
[36m(ClientAppActor pid=1128995)[0m             entirely in future versions of Flower.[32m [repeated 5x across cluster][0m
[36m(ClientAppActor pid=1128996)[0m 
[36m(ClientAppActor pid=1128996)[0m         
[36m(ClientAppActor pid=1128994)[0m 
[36m(ClientAppActor pid=1128994)[0m         
[36m(ClientAppActor pid=1128993)[0m 
[36m(ClientAppActor pid=1128993)[0m         
[36m(ClientAppActor pid=1128997)[0m 
[36m(ClientAppActor pid=1128997)[0m         
[92mINFO [0m:      aggregate_evaluate: received 5 results and 0 failures
[92mINFO [0m:      
[92mINFO [0m:      [ROUND 2]
[92mINFO [0m:      configure_fit: strategy sampled 5 clients (out of 5)
[36m(ClientAppActor pid=1128993)[0m 
[36m(ClientAppActor pid=1128993)[0m         
[36m(ClientAppActor pid=1128997)[0m 
[36m(ClientAppActor pid=1128997)[0m         
[36m(ClientAppActor pid=1128996)[0m 
[36m(ClientAppActor pid=1128996)[0m         
[36m(ClientAppActor pid=1128994)[0m 
[36m(ClientAppActor pid=1128994)[0m         
[36m(ClientAppActor pid=1128995)[0m 
[36m(ClientAppActor pid=1128995)[0m         
[92mINFO [0m:      aggregate_fit: received 5 results and 0 failures
[92mINFO [0m:      fit progress: (2, 1.6673265867233276, {'accuracy': 0.4211, 'loss': 1.6673265867233276}, 36.91670881601749)
[92mINFO [0m:      configure_evaluate: strategy sampled 5 clients (out of 5)
[36m(ClientAppActor pid=1128994)[0m 
[36m(ClientAppActor pid=1128994)[0m         
[36m(ClientAppActor pid=1128994)[0m [93mWARNING [0m:   DEPRECATED FEATURE: `client_fn` now expects a signature `def client_fn(context: Context)`.The provided `client_fn` has signature: {'cid': <Parameter "cid: str">}. You can import the `Context` like this: `from flwr.app import Context`[32m [repeated 10x across cluster][0m
[36m(ClientAppActor pid=1128994)[0m             This is a deprecated feature. It will be removed[32m [repeated 10x across cluster][0m
[36m(ClientAppActor pid=1128994)[0m             entirely in future versions of Flower.[32m [repeated 10x across cluster][0m
[36m(ClientAppActor pid=1128997)[0m 
[36m(ClientAppActor pid=1128997)[0m         
[36m(ClientAppActor pid=1128996)[0m 
[36m(ClientAppActor pid=1128996)[0m         
[36m(ClientAppActor pid=1128993)[0m 
[36m(ClientAppActor pid=1128993)[0m         
[36m(ClientAppActor pid=1128995)[0m 
[36m(ClientAppActor pid=1128995)[0m         
[92mINFO [0m:      aggregate_evaluate: received 5 results and 0 failures
[92mINFO [0m:      
[92mINFO [0m:      [ROUND 3]
[92mINFO [0m:      configure_fit: strategy sampled 5 clients (out of 5)
[36m(ClientAppActor pid=1128995)[0m 
[36m(ClientAppActor pid=1128995)[0m         
[36m(ClientAppActor pid=1128993)[0m 
[36m(ClientAppActor pid=1128993)[0m         
[36m(ClientAppActor pid=1128997)[0m 
[36m(ClientAppActor pid=1128997)[0m         
[36m(ClientAppActor pid=1128996)[0m 
[36m(ClientAppActor pid=1128996)[0m         
[36m(ClientAppActor pid=1128994)[0m 
[36m(ClientAppActor pid=1128994)[0m         
[92mINFO [0m:      aggregate_fit: received 5 results and 0 failures
[92mINFO [0m:      fit progress: (3, 1.3506100645065309, {'accuracy': 0.5585, 'loss': 1.3506100645065309}, 55.22168455598876)
[92mINFO [0m:      configure_evaluate: strategy sampled 5 clients (out of 5)
[36m(ClientAppActor pid=1128996)[0m 
[36m(ClientAppActor pid=1128996)[0m         
[36m(ClientAppActor pid=1128996)[0m [93mWARNING [0m:   DEPRECATED FEATURE: `client_fn` now expects a signature `def client_fn(context: Context)`.The provided `client_fn` has signature: {'cid': <Parameter "cid: str">}. You can import the `Context` like this: `from flwr.app import Context`[32m [repeated 10x across cluster][0m
[36m(ClientAppActor pid=1128996)[0m             This is a deprecated feature. It will be removed[32m [repeated 10x across cluster][0m
[36m(ClientAppActor pid=1128996)[0m             entirely in future versions of Flower.[32m [repeated 10x across cluster][0m
[36m(ClientAppActor pid=1128994)[0m 
[36m(ClientAppActor pid=1128994)[0m         
[36m(ClientAppActor pid=1128993)[0m 
[36m(ClientAppActor pid=1128993)[0m         
[36m(ClientAppActor pid=1128995)[0m 
[36m(ClientAppActor pid=1128995)[0m         
[36m(ClientAppActor pid=1128997)[0m 
[36m(ClientAppActor pid=1128997)[0m         
[92mINFO [0m:      aggregate_evaluate: received 5 results and 0 failures
[92mINFO [0m:      
[92mINFO [0m:      [ROUND 4]
[92mINFO [0m:      configure_fit: strategy sampled 5 clients (out of 5)
[36m(ClientAppActor pid=1128995)[0m 
[36m(ClientAppActor pid=1128995)[0m         
[36m(ClientAppActor pid=1128997)[0m 
[36m(ClientAppActor pid=1128997)[0m         
[36m(ClientAppActor pid=1128993)[0m 
[36m(ClientAppActor pid=1128993)[0m         
[36m(ClientAppActor pid=1128994)[0m 
[36m(ClientAppActor pid=1128994)[0m         
[36m(ClientAppActor pid=1128996)[0m 
[36m(ClientAppActor pid=1128996)[0m         
[92mINFO [0m:      aggregate_fit: received 5 results and 0 failures
[92mINFO [0m:      fit progress: (4, 1.191171431350708, {'accuracy': 0.6102, 'loss': 1.191171431350708}, 73.59386538300896)
[92mINFO [0m:      configure_evaluate: strategy sampled 5 clients (out of 5)
[36m(ClientAppActor pid=1128996)[0m 
[36m(ClientAppActor pid=1128996)[0m         
[36m(ClientAppActor pid=1128996)[0m [93mWARNING [0m:   DEPRECATED FEATURE: `client_fn` now expects a signature `def client_fn(context: Context)`.The provided `client_fn` has signature: {'cid': <Parameter "cid: str">}. You can import the `Context` like this: `from flwr.app import Context`[32m [repeated 10x across cluster][0m
[36m(ClientAppActor pid=1128996)[0m             This is a deprecated feature. It will be removed[32m [repeated 10x across cluster][0m
[36m(ClientAppActor pid=1128996)[0m             entirely in future versions of Flower.[32m [repeated 10x across cluster][0m
[36m(ClientAppActor pid=1128995)[0m 
[36m(ClientAppActor pid=1128995)[0m         
[36m(ClientAppActor pid=1128994)[0m 
[36m(ClientAppActor pid=1128994)[0m         
[36m(ClientAppActor pid=1128997)[0m 
[36m(ClientAppActor pid=1128997)[0m         
[36m(ClientAppActor pid=1128993)[0m 
[36m(ClientAppActor pid=1128993)[0m         
[92mINFO [0m:      aggregate_evaluate: received 5 results and 0 failures
[92mINFO [0m:      
[92mINFO [0m:      [ROUND 5]
[92mINFO [0m:      configure_fit: strategy sampled 5 clients (out of 5)
[36m(ClientAppActor pid=1128993)[0m 
[36m(ClientAppActor pid=1128993)[0m         
[36m(ClientAppActor pid=1128997)[0m 
[36m(ClientAppActor pid=1128997)[0m         
[36m(ClientAppActor pid=1128995)[0m 
[36m(ClientAppActor pid=1128995)[0m         
[36m(ClientAppActor pid=1128994)[0m 
[36m(ClientAppActor pid=1128994)[0m         
[36m(ClientAppActor pid=1128996)[0m 
[36m(ClientAppActor pid=1128996)[0m         
[92mINFO [0m:      aggregate_fit: received 5 results and 0 failures
[92mINFO [0m:      fit progress: (5, 1.050620418548584, {'accuracy': 0.6489, 'loss': 1.050620418548584}, 91.10148207703605)
[92mINFO [0m:      configure_evaluate: strategy sampled 5 clients (out of 5)
[36m(ClientAppActor pid=1128993)[0m 
[36m(ClientAppActor pid=1128993)[0m         
[36m(ClientAppActor pid=1128993)[0m [93mWARNING [0m:   DEPRECATED FEATURE: `client_fn` now expects a signature `def client_fn(context: Context)`.The provided `client_fn` has signature: {'cid': <Parameter "cid: str">}. You can import the `Context` like this: `from flwr.app import Context`[32m [repeated 10x across cluster][0m
[36m(ClientAppActor pid=1128993)[0m             This is a deprecated feature. It will be removed[32m [repeated 10x across cluster][0m
[36m(ClientAppActor pid=1128993)[0m             entirely in future versions of Flower.[32m [repeated 10x across cluster][0m
[36m(ClientAppActor pid=1128994)[0m 
[36m(ClientAppActor pid=1128994)[0m         
[36m(ClientAppActor pid=1128996)[0m 
[36m(ClientAppActor pid=1128996)[0m         
[36m(ClientAppActor pid=1128997)[0m 
[36m(ClientAppActor pid=1128997)[0m         
[36m(ClientAppActor pid=1128995)[0m 
[36m(ClientAppActor pid=1128995)[0m         
[92mINFO [0m:      aggregate_evaluate: received 5 results and 0 failures
[92mINFO [0m:      
[92mINFO [0m:      [ROUND 6]
[92mINFO [0m:      configure_fit: strategy sampled 5 clients (out of 5)
[36m(ClientAppActor pid=1128995)[0m 
[36m(ClientAppActor pid=1128995)[0m         
[36m(ClientAppActor pid=1128996)[0m 
[36m(ClientAppActor pid=1128996)[0m         
[36m(ClientAppActor pid=1128997)[0m 
[36m(ClientAppActor pid=1128997)[0m         
[36m(ClientAppActor pid=1128994)[0m 
[36m(ClientAppActor pid=1128994)[0m         
[36m(ClientAppActor pid=1128993)[0m 
[36m(ClientAppActor pid=1128993)[0m         
[92mINFO [0m:      aggregate_fit: received 5 results and 0 failures
[92mINFO [0m:      fit progress: (6, 0.9907167370796204, {'accuracy': 0.6723, 'loss': 0.9907167370796204}, 108.99125155503862)
[92mINFO [0m:      configure_evaluate: strategy sampled 5 clients (out of 5)
[36m(ClientAppActor pid=1128994)[0m 
[36m(ClientAppActor pid=1128994)[0m         
[36m(ClientAppActor pid=1128994)[0m [93mWARNING [0m:   DEPRECATED FEATURE: `client_fn` now expects a signature `def client_fn(context: Context)`.The provided `client_fn` has signature: {'cid': <Parameter "cid: str">}. You can import the `Context` like this: `from flwr.app import Context`[32m [repeated 10x across cluster][0m
[36m(ClientAppActor pid=1128994)[0m             This is a deprecated feature. It will be removed[32m [repeated 10x across cluster][0m
[36m(ClientAppActor pid=1128994)[0m             entirely in future versions of Flower.[32m [repeated 10x across cluster][0m
[36m(ClientAppActor pid=1128995)[0m 
[36m(ClientAppActor pid=1128995)[0m         
[36m(ClientAppActor pid=1128997)[0m 
[36m(ClientAppActor pid=1128997)[0m         
[36m(ClientAppActor pid=1128996)[0m 
[36m(ClientAppActor pid=1128996)[0m         
[36m(ClientAppActor pid=1128993)[0m 
[36m(ClientAppActor pid=1128993)[0m         
[92mINFO [0m:      aggregate_evaluate: received 5 results and 0 failures
[92mINFO [0m:      
[92mINFO [0m:      [ROUND 7]
[92mINFO [0m:      configure_fit: strategy sampled 5 clients (out of 5)
[36m(ClientAppActor pid=1128993)[0m 
[36m(ClientAppActor pid=1128993)[0m         
[36m(ClientAppActor pid=1128996)[0m 
[36m(ClientAppActor pid=1128996)[0m         
[36m(ClientAppActor pid=1128997)[0m 
[36m(ClientAppActor pid=1128997)[0m         
[36m(ClientAppActor pid=1128995)[0m 
[36m(ClientAppActor pid=1128995)[0m         
[36m(ClientAppActor pid=1128994)[0m 
[36m(ClientAppActor pid=1128994)[0m         
[92mINFO [0m:      aggregate_fit: received 5 results and 0 failures
[92mINFO [0m:      fit progress: (7, 0.9342744793891907, {'accuracy': 0.6846, 'loss': 0.9342744793891907}, 126.72104855900398)
[92mINFO [0m:      configure_evaluate: strategy sampled 5 clients (out of 5)
[36m(ClientAppActor pid=1128997)[0m 
[36m(ClientAppActor pid=1128997)[0m         
[36m(ClientAppActor pid=1128997)[0m [93mWARNING [0m:   DEPRECATED FEATURE: `client_fn` now expects a signature `def client_fn(context: Context)`.The provided `client_fn` has signature: {'cid': <Parameter "cid: str">}. You can import the `Context` like this: `from flwr.app import Context`[32m [repeated 10x across cluster][0m
[36m(ClientAppActor pid=1128997)[0m             This is a deprecated feature. It will be removed[32m [repeated 10x across cluster][0m
[36m(ClientAppActor pid=1128997)[0m             entirely in future versions of Flower.[32m [repeated 10x across cluster][0m
[36m(ClientAppActor pid=1128995)[0m 
[36m(ClientAppActor pid=1128995)[0m         
[36m(ClientAppActor pid=1128993)[0m 
[36m(ClientAppActor pid=1128993)[0m         
[36m(ClientAppActor pid=1128994)[0m 
[36m(ClientAppActor pid=1128994)[0m         
[36m(ClientAppActor pid=1128996)[0m 
[36m(ClientAppActor pid=1128996)[0m         
[92mINFO [0m:      aggregate_evaluate: received 5 results and 0 failures
[92mINFO [0m:      
[92mINFO [0m:      [ROUND 8]
[92mINFO [0m:      configure_fit: strategy sampled 5 clients (out of 5)
[36m(ClientAppActor pid=1128996)[0m 
[36m(ClientAppActor pid=1128996)[0m         
[36m(ClientAppActor pid=1128994)[0m 
[36m(ClientAppActor pid=1128994)[0m         
[36m(ClientAppActor pid=1128993)[0m 
[36m(ClientAppActor pid=1128993)[0m         
[36m(ClientAppActor pid=1128995)[0m 
[36m(ClientAppActor pid=1128995)[0m         
[36m(ClientAppActor pid=1128997)[0m 
[36m(ClientAppActor pid=1128997)[0m         
[92mINFO [0m:      aggregate_fit: received 5 results and 0 failures
[92mINFO [0m:      fit progress: (8, 0.9297851541519165, {'accuracy': 0.6848, 'loss': 0.9297851541519165}, 144.42535171902273)
[92mINFO [0m:      configure_evaluate: strategy sampled 5 clients (out of 5)
[36m(ClientAppActor pid=1128993)[0m 
[36m(ClientAppActor pid=1128993)[0m         
[36m(ClientAppActor pid=1128993)[0m [93mWARNING [0m:   DEPRECATED FEATURE: `client_fn` now expects a signature `def client_fn(context: Context)`.The provided `client_fn` has signature: {'cid': <Parameter "cid: str">}. You can import the `Context` like this: `from flwr.app import Context`[32m [repeated 10x across cluster][0m
[36m(ClientAppActor pid=1128993)[0m             This is a deprecated feature. It will be removed[32m [repeated 10x across cluster][0m
[36m(ClientAppActor pid=1128993)[0m             entirely in future versions of Flower.[32m [repeated 10x across cluster][0m
[36m(ClientAppActor pid=1128994)[0m 
[36m(ClientAppActor pid=1128994)[0m         
[36m(ClientAppActor pid=1128995)[0m 
[36m(ClientAppActor pid=1128995)[0m         
[36m(ClientAppActor pid=1128996)[0m 
[36m(ClientAppActor pid=1128996)[0m         
[36m(ClientAppActor pid=1128997)[0m 
[36m(ClientAppActor pid=1128997)[0m         
[92mINFO [0m:      aggregate_evaluate: received 5 results and 0 failures
[92mINFO [0m:      
[92mINFO [0m:      [ROUND 9]
[92mINFO [0m:      configure_fit: strategy sampled 5 clients (out of 5)
[36m(ClientAppActor pid=1128997)[0m 
[36m(ClientAppActor pid=1128997)[0m         
[36m(ClientAppActor pid=1128996)[0m 
[36m(ClientAppActor pid=1128996)[0m         
[36m(ClientAppActor pid=1128995)[0m 
[36m(ClientAppActor pid=1128995)[0m         
[36m(ClientAppActor pid=1128993)[0m 
[36m(ClientAppActor pid=1128993)[0m         
[36m(ClientAppActor pid=1128994)[0m 
[36m(ClientAppActor pid=1128994)[0m         
[92mINFO [0m:      aggregate_fit: received 5 results and 0 failures
[92mINFO [0m:      fit progress: (9, 0.9073524867057801, {'accuracy': 0.6947, 'loss': 0.9073524867057801}, 162.48110131098656)
[92mINFO [0m:      configure_evaluate: strategy sampled 5 clients (out of 5)
[36m(ClientAppActor pid=1128993)[0m 
[36m(ClientAppActor pid=1128993)[0m         
[36m(ClientAppActor pid=1128993)[0m [93mWARNING [0m:   DEPRECATED FEATURE: `client_fn` now expects a signature `def client_fn(context: Context)`.The provided `client_fn` has signature: {'cid': <Parameter "cid: str">}. You can import the `Context` like this: `from flwr.app import Context`[32m [repeated 10x across cluster][0m
[36m(ClientAppActor pid=1128993)[0m             This is a deprecated feature. It will be removed[32m [repeated 10x across cluster][0m
[36m(ClientAppActor pid=1128993)[0m             entirely in future versions of Flower.[32m [repeated 10x across cluster][0m
[36m(ClientAppActor pid=1128995)[0m 
[36m(ClientAppActor pid=1128995)[0m         
[36m(ClientAppActor pid=1128994)[0m 
[36m(ClientAppActor pid=1128994)[0m         
[36m(ClientAppActor pid=1128996)[0m 
[36m(ClientAppActor pid=1128996)[0m         
[36m(ClientAppActor pid=1128997)[0m 
[36m(ClientAppActor pid=1128997)[0m         
[92mINFO [0m:      aggregate_evaluate: received 5 results and 0 failures
[92mINFO [0m:      
[92mINFO [0m:      [ROUND 10]
[92mINFO [0m:      configure_fit: strategy sampled 5 clients (out of 5)
[36m(ClientAppActor pid=1128997)[0m 
[36m(ClientAppActor pid=1128997)[0m         
[36m(ClientAppActor pid=1128996)[0m 
[36m(ClientAppActor pid=1128996)[0m         
[36m(ClientAppActor pid=1128994)[0m 
[36m(ClientAppActor pid=1128994)[0m         
[36m(ClientAppActor pid=1128995)[0m 
[36m(ClientAppActor pid=1128995)[0m         
[36m(ClientAppActor pid=1128993)[0m 
[36m(ClientAppActor pid=1128993)[0m         
[92mINFO [0m:      aggregate_fit: received 5 results and 0 failures
[92mINFO [0m:      fit progress: (10, 0.8908766409873963, {'accuracy': 0.7053, 'loss': 0.8908766409873963}, 179.78109576000134)
[92mINFO [0m:      configure_evaluate: strategy sampled 5 clients (out of 5)
[36m(ClientAppActor pid=1128997)[0m 
[36m(ClientAppActor pid=1128997)[0m         
[36m(ClientAppActor pid=1128997)[0m [93mWARNING [0m:   DEPRECATED FEATURE: `client_fn` now expects a signature `def client_fn(context: Context)`.The provided `client_fn` has signature: {'cid': <Parameter "cid: str">}. You can import the `Context` like this: `from flwr.app import Context`[32m [repeated 10x across cluster][0m
[36m(ClientAppActor pid=1128997)[0m             This is a deprecated feature. It will be removed[32m [repeated 10x across cluster][0m
[36m(ClientAppActor pid=1128997)[0m             entirely in future versions of Flower.[32m [repeated 10x across cluster][0m
[36m(ClientAppActor pid=1128995)[0m 
[36m(ClientAppActor pid=1128995)[0m         
[36m(ClientAppActor pid=1128994)[0m 
[36m(ClientAppActor pid=1128994)[0m         
[36m(ClientAppActor pid=1128996)[0m 
[36m(ClientAppActor pid=1128996)[0m         
[36m(ClientAppActor pid=1128993)[0m 
[36m(ClientAppActor pid=1128993)[0m         
[92mINFO [0m:      aggregate_evaluate: received 5 results and 0 failures
[92mINFO [0m:      
[92mINFO [0m:      [SUMMARY]
[92mINFO [0m:      Run finished 10 round(s) in 180.66s
[92mINFO [0m:      	History (loss, distributed):
[92mINFO [0m:      		round 1: 2.1615448434853377
[92mINFO [0m:      		round 2: 1.6859084548820418
[92mINFO [0m:      		round 3: 1.37363320985078
[92mINFO [0m:      		round 4: 1.218003597048633
[92mINFO [0m:      		round 5: 1.0779728177597172
[92mINFO [0m:      		round 6: 1.0225545178419688
[92mINFO [0m:      		round 7: 0.9544383986177076
[92mINFO [0m:      		round 8: 0.9591991328849586
[92mINFO [0m:      		round 9: 0.9356146400538305
[92mINFO [0m:      		round 10: 0.9279806497504002
[92mINFO [0m:      	History (loss, centralized):
[92mINFO [0m:      		round 0: 2.3034048221588135
[92mINFO [0m:      		round 1: 2.1594859649658202
[92mINFO [0m:      		round 2: 1.6673265867233276
[92mINFO [0m:      		round 3: 1.3506100645065309
[92mINFO [0m:      		round 4: 1.191171431350708
[92mINFO [0m:      		round 5: 1.050620418548584
[92mINFO [0m:      		round 6: 0.9907167370796204
[92mINFO [0m:      		round 7: 0.9342744793891907
[92mINFO [0m:      		round 8: 0.9297851541519165
[92mINFO [0m:      		round 9: 0.9073524867057801
[92mINFO [0m:      		round 10: 0.8908766409873963
[92mINFO [0m:      	History (metrics, distributed, fit):
[92mINFO [0m:      	{'avg_epochs_weighted': [(1, 3.6800657733928848),
[92mINFO [0m:      	                         (2, 3.6800657733928848),
[92mINFO [0m:      	                         (3, 3.6800657733928848),
[92mINFO [0m:      	                         (4, 3.6800657733928848),
[92mINFO [0m:      	                         (5, 3.6800657733928848),
[92mINFO [0m:      	                         (6, 3.6800657733928848),
[92mINFO [0m:      	                         (7, 3.6800657733928848),
[92mINFO [0m:      	                         (8, 3.6800657733928848),
[92mINFO [0m:      	                         (9, 3.6800657733928848),
[92mINFO [0m:      	                         (10, 3.6800657733928848)],
[92mINFO [0m:      	 'avg_flops_per_client_round': [(1, 5991739631616.0),
[92mINFO [0m:      	                                (2, 5991739631616.0),
[92mINFO [0m:      	                                (3, 5991739631616.0),
[92mINFO [0m:      	                                (4, 5991739631616.0),
[92mINFO [0m:      	                                (5, 5991739631616.0),
[92mINFO [0m:      	                                (6, 5991739631616.0),
[92mINFO [0m:      	                                (7, 5991739631616.0),
[92mINFO [0m:      	                                (8, 5991739631616.0),
[92mINFO [0m:      	                                (9, 5991739631616.0),
[92mINFO [0m:      	                                (10, 5991739631616.0)],
[92mINFO [0m:      	 'avg_lr_weighted': [(1, 0.005845635608028756),
[92mINFO [0m:      	                     (2, 0.005845635608028756),
[92mINFO [0m:      	                     (3, 0.005845635608028756),
[92mINFO [0m:      	                     (4, 0.005845635608028756),
[92mINFO [0m:      	                     (5, 0.005845635608028756),
[92mINFO [0m:      	                     (6, 0.005845635608028756),
[92mINFO [0m:      	                     (7, 0.005845635608028756),
[92mINFO [0m:      	                     (8, 0.005845635608028756),
[92mINFO [0m:      	                     (9, 0.005845635608028756),
[92mINFO [0m:      	                     (10, 0.005845635608028756)],
[92mINFO [0m:      	 'total_flops_round': [(1, 29958698158080),
[92mINFO [0m:      	                       (2, 29958698158080),
[92mINFO [0m:      	                       (3, 29958698158080),
[92mINFO [0m:      	                       (4, 29958698158080),
[92mINFO [0m:      	                       (5, 29958698158080),
[92mINFO [0m:      	                       (6, 29958698158080),
[92mINFO [0m:      	                       (7, 29958698158080),
[92mINFO [0m:      	                       (8, 29958698158080),
[92mINFO [0m:      	                       (9, 29958698158080),
[92mINFO [0m:      	                       (10, 29958698158080)]}
[92mINFO [0m:      	History (metrics, distributed, evaluate):
[92mINFO [0m:      	{'accuracy': [(1, 0.19551731038623174),
[92mINFO [0m:      	              (2, 0.4204522713628177),
[92mINFO [0m:      	              (3, 0.5471282769661797),
[92mINFO [0m:      	              (4, 0.5891534920952571),
[92mINFO [0m:      	              (5, 0.6403842305383229),
[92mINFO [0m:      	              (6, 0.6559935961576946),
[92mINFO [0m:      	              (7, 0.6722033219931959),
[92mINFO [0m:      	              (8, 0.6768060836501901),
[92mINFO [0m:      	              (9, 0.6788072843706223),
[92mINFO [0m:      	              (10, 0.6894136481889134)],
[92mINFO [0m:      	 'loss': [(1, 2.1615448434853377),
[92mINFO [0m:      	          (2, 1.6859084548820418),
[92mINFO [0m:      	          (3, 1.37363320985078),
[92mINFO [0m:      	          (4, 1.218003597048633),
[92mINFO [0m:      	          (5, 1.0779728177597172),
[92mINFO [0m:      	          (6, 1.0225545178419688),
[92mINFO [0m:      	          (7, 0.9544383986177076),
[92mINFO [0m:      	          (8, 0.9591991328849586),
[92mINFO [0m:      	          (9, 0.9356146400538305),
[92mINFO [0m:      	          (10, 0.9279806497504002)]}
[92mINFO [0m:      	History (metrics, centralized):
[92mINFO [0m:      	{'accuracy': [(0, 0.1013),
[92mINFO [0m:      	              (1, 0.1967),
[92mINFO [0m:      	              (2, 0.4211),
[92mINFO [0m:      	              (3, 0.5585),
[92mINFO [0m:      	              (4, 0.6102),
[92mINFO [0m:      	              (5, 0.6489),
[92mINFO [0m:      	              (6, 0.6723),
[92mINFO [0m:      	              (7, 0.6846),
[92mINFO [0m:      	              (8, 0.6848),
[92mINFO [0m:      	              (9, 0.6947),
[92mINFO [0m:      	              (10, 0.7053)],
[92mINFO [0m:      	 'loss': [(0, 2.3034048221588135),
[92mINFO [0m:      	          (1, 2.1594859649658202),
[92mINFO [0m:      	          (2, 1.6673265867233276),
[92mINFO [0m:      	          (3, 1.3506100645065309),
[92mINFO [0m:      	          (4, 1.191171431350708),
[92mINFO [0m:      	          (5, 1.050620418548584),
[92mINFO [0m:      	          (6, 0.9907167370796204),
[92mINFO [0m:      	          (7, 0.9342744793891907),
[92mINFO [0m:      	          (8, 0.9297851541519165),
[92mINFO [0m:      	          (9, 0.9073524867057801),
[92mINFO [0m:      	          (10, 0.8908766409873963)]}
[92mINFO [0m:      
Treinando no dispositivo: cuda:0 com o dataset: CIFAR10 | Setup clientes: 5 (num_gpus por cliente=0.2) | SEED=51
FLOPS por amostra (forward): 6.030e+07 | (forward+backward, 3x): 1.809e+08
Files already downloaded and verified
Files already downloaded and verified
Dividindo o dataset usando a distribuição de Dirichlet com alpha=0.1.
Iniciando a simulação de Aprendizado Federado...
=== Diagnóstico de Medição de GPU ===
  pynvml_disponivel: True
  pynvml_versao: 580.173.02
  gpus_detectadas: 1
  leitura_potencia_ok: True
  potencia_atual_W: 34.888

--- Rodada 0 - Avaliação Centralizada (Servidor) ---
Loss (Servidor): 2.3034 | Acurácia (Servidor): 0.1013
[36m(ClientAppActor pid=1128997)[0m Cliente 3: HetRaw=2.1735 | HetNorm=0.7245 | Epochs=3 (dyn=True) | LR=0.004792 (dyn=True) | FedProx=True (mu=0.01)

--- Rodada 1 - Avaliação Centralizada (Servidor) ---
Loss (Servidor): 2.1595 | Acurácia (Servidor): 0.1967
--- Avaliação Agregada (Clientes) ---
Loss Média (Clientes): 2.1615 | Acurácia Média (Clientes): 0.1955
[36m(ClientAppActor pid=1128993)[0m Cliente 3: HetRaw=2.1735 | HetNorm=0.7245 | Epochs=3 (dyn=True) | LR=0.004792 (dyn=True) | FedProx=True (mu=0.01)[32m [repeated 5x across cluster][0m

--- Rodada 2 - Avaliação Centralizada (Servidor) ---
Loss (Servidor): 1.6673 | Acurácia (Servidor): 0.4211
--- Avaliação Agregada (Clientes) ---
Loss Média (Clientes): 1.6859 | Acurácia Média (Clientes): 0.4205
[36m(ClientAppActor pid=1128995)[0m Cliente 3: HetRaw=2.1735 | HetNorm=0.7245 | Epochs=3 (dyn=True) | LR=0.004792 (dyn=True) | FedProx=True (mu=0.01)[32m [repeated 5x across cluster][0m

--- Rodada 3 - Avaliação Centralizada (Servidor) ---
Loss (Servidor): 1.3506 | Acurácia (Servidor): 0.5585
--- Avaliação Agregada (Clientes) ---
Loss Média (Clientes): 1.3736 | Acurácia Média (Clientes): 0.5471
[36m(ClientAppActor pid=1128995)[0m Cliente 4: HetRaw=1.3703 | HetNorm=0.4568 | Epochs=4 (dyn=True) | LR=0.005934 (dyn=True) | FedProx=True (mu=0.01)[32m [repeated 5x across cluster][0m

--- Rodada 4 - Avaliação Centralizada (Servidor) ---
Loss (Servidor): 1.1912 | Acurácia (Servidor): 0.6102
--- Avaliação Agregada (Clientes) ---
Loss Média (Clientes): 1.2180 | Acurácia Média (Clientes): 0.5892
[36m(ClientAppActor pid=1128993)[0m Cliente 1: HetRaw=1.1868 | HetNorm=0.3956 | Epochs=4 (dyn=True) | LR=0.006276 (dyn=True) | FedProx=True (mu=0.01)[32m [repeated 5x across cluster][0m

--- Rodada 5 - Avaliação Centralizada (Servidor) ---
Loss (Servidor): 1.0506 | Acurácia (Servidor): 0.6489
--- Avaliação Agregada (Clientes) ---
Loss Média (Clientes): 1.0780 | Acurácia Média (Clientes): 0.6404
[36m(ClientAppActor pid=1128995)[0m Cliente 4: HetRaw=1.3703 | HetNorm=0.4568 | Epochs=4 (dyn=True) | LR=0.005934 (dyn=True) | FedProx=True (mu=0.01)[32m [repeated 5x across cluster][0m

--- Rodada 6 - Avaliação Centralizada (Servidor) ---
Loss (Servidor): 0.9907 | Acurácia (Servidor): 0.6723
--- Avaliação Agregada (Clientes) ---
Loss Média (Clientes): 1.0226 | Acurácia Média (Clientes): 0.6560
[36m(ClientAppActor pid=1128993)[0m Cliente 0: HetRaw=1.6414 | HetNorm=0.5471 | Epochs=3 (dyn=True) | LR=0.005492 (dyn=True) | FedProx=True (mu=0.01)[32m [repeated 5x across cluster][0m

--- Rodada 7 - Avaliação Centralizada (Servidor) ---
Loss (Servidor): 0.9343 | Acurácia (Servidor): 0.6846
--- Avaliação Agregada (Clientes) ---
Loss Média (Clientes): 0.9544 | Acurácia Média (Clientes): 0.6722
[36m(ClientAppActor pid=1128996)[0m Cliente 3: HetRaw=2.1735 | HetNorm=0.7245 | Epochs=3 (dyn=True) | LR=0.004792 (dyn=True) | FedProx=True (mu=0.01)[32m [repeated 5x across cluster][0m

--- Rodada 8 - Avaliação Centralizada (Servidor) ---
Loss (Servidor): 0.9298 | Acurácia (Servidor): 0.6848
--- Avaliação Agregada (Clientes) ---
Loss Média (Clientes): 0.9592 | Acurácia Média (Clientes): 0.6768
[36m(ClientAppActor pid=1128997)[0m Cliente 2: HetRaw=2.4917 | HetNorm=0.8306 | Epochs=3 (dyn=True) | LR=0.004453 (dyn=True) | FedProx=True (mu=0.01)[32m [repeated 5x across cluster][0m

--- Rodada 9 - Avaliação Centralizada (Servidor) ---
Loss (Servidor): 0.9074 | Acurácia (Servidor): 0.6947
--- Avaliação Agregada (Clientes) ---
Loss Média (Clientes): 0.9356 | Acurácia Média (Clientes): 0.6788
[36m(ClientAppActor pid=1128997)[0m Cliente 1: HetRaw=1.1868 | HetNorm=0.3956 | Epochs=4 (dyn=True) | LR=0.006276 (dyn=True) | FedProx=True (mu=0.01)[32m [repeated 5x across cluster][0m

--- Rodada 10 - Avaliação Centralizada (Servidor) ---
Loss (Servidor): 0.8909 | Acurácia (Servidor): 0.7053
--- Avaliação Agregada (Clientes) ---
Loss Média (Clientes): 0.9280 | Acurácia Média (Clientes): 0.6894

Resultados salvos em: /home/tiago/GitHubProjects/fedhad-thesis-2/FedHAD-results/1.1_diagnostico_drift/CIFAR10-Standard/FedHAD__CIFAR10__Mode-STANDARD__Cfg-E1L1F1__Setup-5__Clients-5__Rounds-10__Delay-0_05__Alpha-0_1__Seed-51.txt
[36m(ClientAppActor pid=1128993)[0m [93mWARNING [0m:   DEPRECATED FEATURE: `client_fn` now expects a signature `def client_fn(context: Context)`.The provided `client_fn` has signature: {'cid': <Parameter "cid: str">}. You can import the `Context` like this: `from flwr.app import Context`[32m [repeated 4x across cluster][0m
[36m(ClientAppActor pid=1128993)[0m             This is a deprecated feature. It will be removed[32m [repeated 4x across cluster][0m
[36m(ClientAppActor pid=1128993)[0m             entirely in future versions of Flower.[32m [repeated 4x across cluster][0m
[36m(ClientAppActor pid=1128993)[0m Cliente 2: HetRaw=2.4917 | HetNorm=0.8306 | Epochs=3 (dyn=True) | LR=0.004453 (dyn=True) | FedProx=True (mu=0.01)[32m [repeated 4x across cluster][0m
