[codecarbon WARNING @ 17:12:17] Multiple instances of codecarbon are allowed to run at the same time.
[93mWARNING [0m:   DEPRECATED FEATURE: flwr.simulation.start_simulation() is deprecated.
	Instead, use the `flwr run` CLI command to start a local simulation in your Flower app, as shown for example below:

		$ flwr new  # Create a new Flower app from a template

		$ flwr run  # Run the Flower app in Simulation Mode

	Using `start_simulation()` is deprecated.

            This is a deprecated feature. It will be removed
            entirely in future versions of Flower.
        
[92mINFO [0m:      Starting Flower simulation, config: num_rounds=10, no round_timeout
2026-09-04 17:12:25,851	INFO worker.py:2012 -- Started a local Ray instance.
/home/tiago/GitHubProjects/fedhad-thesis-2/env_flwr_pt/lib/python3.12/site-packages/ray/_private/worker.py:2051: FutureWarning: Tip: In future versions of Ray, Ray will no longer override accelerator visible devices env var if num_gpus=0 or num_gpus=None (default). To enable this behavior and turn off this error message, set RAY_ACCEL_ENV_VAR_OVERRIDE_ON_ZERO=0
  warnings.warn(
[92mINFO [0m:      Flower VCE: Ray initialized with resources: {'CPU': 64.0, 'GPU': 1.0, 'accelerator_type:A40': 1.0, 'object_store_memory': 77512147353.0, 'node:__internal_head__': 1.0, 'node:10.129.64.100': 1.0, 'memory': 180861677159.0}
[92mINFO [0m:      Optimize your simulation with Flower VCE: https://flower.ai/docs/framework/how-to-run-simulations.html
/home/tiago/GitHubProjects/fedhad-thesis-2/FedHAD_Final_2.0.py:1916: UserWarning: No `num_cpus` specified in `client_resources`. Using `num_cpus=1` for each client.
  history = fl.simulation.start_simulation(
[92mINFO [0m:      Flower VCE: Resources for each Virtual Client: {'num_gpus': 0.2, 'num_cpus': 1}
[92mINFO [0m:      Flower VCE: Creating VirtualClientEngineActorPool with 5 actors
[92mINFO [0m:      [INIT]
[92mINFO [0m:      Requesting initial parameters from one random client
[36m(ClientAppActor pid=1112690)[0m [93mWARNING [0m:   DEPRECATED FEATURE: `client_fn` now expects a signature `def client_fn(context: Context)`.The provided `client_fn` has signature: {'cid': <Parameter "cid: str">}. You can import the `Context` like this: `from flwr.app import Context`
[36m(ClientAppActor pid=1112690)[0m 
[36m(ClientAppActor pid=1112690)[0m             This is a deprecated feature. It will be removed
[36m(ClientAppActor pid=1112690)[0m             entirely in future versions of Flower.
[36m(ClientAppActor pid=1112690)[0m         
[92mINFO [0m:      Received initial parameters from one random client
[92mINFO [0m:      Starting evaluation of initial global parameters
[92mINFO [0m:      initial parameters (loss, other metrics): 2.3031526317596436, {'accuracy': 0.1, 'loss': 2.3031526317596436}
[92mINFO [0m:      
[92mINFO [0m:      [ROUND 1]
[92mINFO [0m:      configure_fit: strategy sampled 5 clients (out of 5)
[36m(ClientAppActor pid=1112690)[0m [93mWARNING [0m:   DEPRECATED FEATURE: `client_fn` now expects a signature `def client_fn(context: Context)`.The provided `client_fn` has signature: {'cid': <Parameter "cid: str">}. You can import the `Context` like this: `from flwr.app import Context`
[36m(ClientAppActor pid=1112690)[0m 
[36m(ClientAppActor pid=1112690)[0m             This is a deprecated feature. It will be removed
[36m(ClientAppActor pid=1112690)[0m             entirely in future versions of Flower.
[36m(ClientAppActor pid=1112690)[0m         
[36m(ClientAppActor pid=1112691)[0m 
[36m(ClientAppActor pid=1112691)[0m         
[36m(ClientAppActor pid=1112688)[0m 
[36m(ClientAppActor pid=1112688)[0m         
[36m(ClientAppActor pid=1112689)[0m 
[36m(ClientAppActor pid=1112689)[0m         
[36m(ClientAppActor pid=1112687)[0m 
[36m(ClientAppActor pid=1112687)[0m         
[92mINFO [0m:      aggregate_fit: received 5 results and 0 failures
[92mINFO [0m:      fit progress: (1, 2.1959608894348146, {'accuracy': 0.1897, 'loss': 2.1959608894348146}, 16.369201457011513)
[92mINFO [0m:      configure_evaluate: strategy sampled 5 clients (out of 5)
[36m(ClientAppActor pid=1112689)[0m 
[36m(ClientAppActor pid=1112689)[0m         
[36m(ClientAppActor pid=1112689)[0m [93mWARNING [0m:   DEPRECATED FEATURE: `client_fn` now expects a signature `def client_fn(context: Context)`.The provided `client_fn` has signature: {'cid': <Parameter "cid: str">}. You can import the `Context` like this: `from flwr.app import Context`[32m [repeated 5x across cluster] (Ray deduplicates logs by default. Set RAY_DEDUP_LOGS=0 to disable log deduplication, or see https://docs.ray.io/en/master/ray-observability/user-guides/configure-logging.html#log-deduplication for more options.)[0m
[36m(ClientAppActor pid=1112689)[0m             This is a deprecated feature. It will be removed[32m [repeated 5x across cluster][0m
[36m(ClientAppActor pid=1112689)[0m             entirely in future versions of Flower.[32m [repeated 5x across cluster][0m
[36m(ClientAppActor pid=1112690)[0m 
[36m(ClientAppActor pid=1112690)[0m         
[36m(ClientAppActor pid=1112688)[0m 
[36m(ClientAppActor pid=1112688)[0m         
[36m(ClientAppActor pid=1112691)[0m 
[36m(ClientAppActor pid=1112691)[0m         
[36m(ClientAppActor pid=1112687)[0m 
[36m(ClientAppActor pid=1112687)[0m         
[92mINFO [0m:      aggregate_evaluate: received 5 results and 0 failures
[92mINFO [0m:      
[92mINFO [0m:      [ROUND 2]
[92mINFO [0m:      configure_fit: strategy sampled 5 clients (out of 5)
[36m(ClientAppActor pid=1112687)[0m 
[36m(ClientAppActor pid=1112687)[0m         
[36m(ClientAppActor pid=1112691)[0m 
[36m(ClientAppActor pid=1112691)[0m         
[36m(ClientAppActor pid=1112688)[0m 
[36m(ClientAppActor pid=1112688)[0m         
[36m(ClientAppActor pid=1112690)[0m 
[36m(ClientAppActor pid=1112690)[0m         
[36m(ClientAppActor pid=1112689)[0m 
[36m(ClientAppActor pid=1112689)[0m         
[92mINFO [0m:      aggregate_fit: received 5 results and 0 failures
[92mINFO [0m:      fit progress: (2, 1.8277833320617676, {'accuracy': 0.3368, 'loss': 1.8277833320617676}, 31.71597997500794)
[92mINFO [0m:      configure_evaluate: strategy sampled 5 clients (out of 5)
[36m(ClientAppActor pid=1112687)[0m 
[36m(ClientAppActor pid=1112687)[0m         
[36m(ClientAppActor pid=1112687)[0m [93mWARNING [0m:   DEPRECATED FEATURE: `client_fn` now expects a signature `def client_fn(context: Context)`.The provided `client_fn` has signature: {'cid': <Parameter "cid: str">}. You can import the `Context` like this: `from flwr.app import Context`[32m [repeated 10x across cluster][0m
[36m(ClientAppActor pid=1112687)[0m             This is a deprecated feature. It will be removed[32m [repeated 10x across cluster][0m
[36m(ClientAppActor pid=1112687)[0m             entirely in future versions of Flower.[32m [repeated 10x across cluster][0m
[36m(ClientAppActor pid=1112690)[0m 
[36m(ClientAppActor pid=1112690)[0m         
[36m(ClientAppActor pid=1112691)[0m 
[36m(ClientAppActor pid=1112691)[0m         
[36m(ClientAppActor pid=1112688)[0m 
[36m(ClientAppActor pid=1112688)[0m         
[36m(ClientAppActor pid=1112689)[0m 
[36m(ClientAppActor pid=1112689)[0m         
[92mINFO [0m:      aggregate_evaluate: received 5 results and 0 failures
[92mINFO [0m:      
[92mINFO [0m:      [ROUND 3]
[92mINFO [0m:      configure_fit: strategy sampled 5 clients (out of 5)
[36m(ClientAppActor pid=1112689)[0m 
[36m(ClientAppActor pid=1112689)[0m         
[36m(ClientAppActor pid=1112688)[0m 
[36m(ClientAppActor pid=1112688)[0m         
[36m(ClientAppActor pid=1112690)[0m 
[36m(ClientAppActor pid=1112690)[0m         
[36m(ClientAppActor pid=1112691)[0m 
[36m(ClientAppActor pid=1112691)[0m         
[36m(ClientAppActor pid=1112687)[0m 
[36m(ClientAppActor pid=1112687)[0m         
[92mINFO [0m:      aggregate_fit: received 5 results and 0 failures
[92mINFO [0m:      fit progress: (3, 1.4905576251983643, {'accuracy': 0.4939, 'loss': 1.4905576251983643}, 47.37152650800999)
[92mINFO [0m:      configure_evaluate: strategy sampled 5 clients (out of 5)
[36m(ClientAppActor pid=1112690)[0m 
[36m(ClientAppActor pid=1112690)[0m         
[36m(ClientAppActor pid=1112690)[0m [93mWARNING [0m:   DEPRECATED FEATURE: `client_fn` now expects a signature `def client_fn(context: Context)`.The provided `client_fn` has signature: {'cid': <Parameter "cid: str">}. You can import the `Context` like this: `from flwr.app import Context`[32m [repeated 10x across cluster][0m
[36m(ClientAppActor pid=1112690)[0m             This is a deprecated feature. It will be removed[32m [repeated 10x across cluster][0m
[36m(ClientAppActor pid=1112690)[0m             entirely in future versions of Flower.[32m [repeated 10x across cluster][0m
[36m(ClientAppActor pid=1112689)[0m 
[36m(ClientAppActor pid=1112689)[0m         
[36m(ClientAppActor pid=1112691)[0m 
[36m(ClientAppActor pid=1112691)[0m         
[36m(ClientAppActor pid=1112687)[0m 
[36m(ClientAppActor pid=1112687)[0m         
[36m(ClientAppActor pid=1112688)[0m 
[36m(ClientAppActor pid=1112688)[0m         
[92mINFO [0m:      aggregate_evaluate: received 5 results and 0 failures
[92mINFO [0m:      
[92mINFO [0m:      [ROUND 4]
[92mINFO [0m:      configure_fit: strategy sampled 5 clients (out of 5)
[36m(ClientAppActor pid=1112688)[0m 
[36m(ClientAppActor pid=1112688)[0m         
[36m(ClientAppActor pid=1112687)[0m 
[36m(ClientAppActor pid=1112687)[0m         
[36m(ClientAppActor pid=1112691)[0m 
[36m(ClientAppActor pid=1112691)[0m         
[36m(ClientAppActor pid=1112689)[0m 
[36m(ClientAppActor pid=1112689)[0m         
[36m(ClientAppActor pid=1112690)[0m 
[36m(ClientAppActor pid=1112690)[0m         
[92mINFO [0m:      aggregate_fit: received 5 results and 0 failures
[92mINFO [0m:      fit progress: (4, 1.2596210559844971, {'accuracy': 0.5829, 'loss': 1.2596210559844971}, 63.212175252032466)
[92mINFO [0m:      configure_evaluate: strategy sampled 5 clients (out of 5)
[36m(ClientAppActor pid=1112691)[0m 
[36m(ClientAppActor pid=1112691)[0m         
[36m(ClientAppActor pid=1112691)[0m [93mWARNING [0m:   DEPRECATED FEATURE: `client_fn` now expects a signature `def client_fn(context: Context)`.The provided `client_fn` has signature: {'cid': <Parameter "cid: str">}. You can import the `Context` like this: `from flwr.app import Context`[32m [repeated 10x across cluster][0m
[36m(ClientAppActor pid=1112691)[0m             This is a deprecated feature. It will be removed[32m [repeated 10x across cluster][0m
[36m(ClientAppActor pid=1112691)[0m             entirely in future versions of Flower.[32m [repeated 10x across cluster][0m
[36m(ClientAppActor pid=1112687)[0m 
[36m(ClientAppActor pid=1112687)[0m         
[36m(ClientAppActor pid=1112688)[0m 
[36m(ClientAppActor pid=1112688)[0m         
[36m(ClientAppActor pid=1112689)[0m 
[36m(ClientAppActor pid=1112689)[0m         
[36m(ClientAppActor pid=1112690)[0m 
[36m(ClientAppActor pid=1112690)[0m         
[92mINFO [0m:      aggregate_evaluate: received 5 results and 0 failures
[92mINFO [0m:      
[92mINFO [0m:      [ROUND 5]
[92mINFO [0m:      configure_fit: strategy sampled 5 clients (out of 5)
[36m(ClientAppActor pid=1112690)[0m 
[36m(ClientAppActor pid=1112690)[0m         
[36m(ClientAppActor pid=1112689)[0m 
[36m(ClientAppActor pid=1112689)[0m         
[36m(ClientAppActor pid=1112687)[0m 
[36m(ClientAppActor pid=1112687)[0m         
[36m(ClientAppActor pid=1112688)[0m 
[36m(ClientAppActor pid=1112688)[0m         
[36m(ClientAppActor pid=1112691)[0m 
[36m(ClientAppActor pid=1112691)[0m         
[92mINFO [0m:      aggregate_fit: received 5 results and 0 failures
[92mINFO [0m:      fit progress: (5, 1.189748278427124, {'accuracy': 0.6049, 'loss': 1.189748278427124}, 79.32968806900317)
[92mINFO [0m:      configure_evaluate: strategy sampled 5 clients (out of 5)
[36m(ClientAppActor pid=1112691)[0m 
[36m(ClientAppActor pid=1112691)[0m         
[36m(ClientAppActor pid=1112691)[0m [93mWARNING [0m:   DEPRECATED FEATURE: `client_fn` now expects a signature `def client_fn(context: Context)`.The provided `client_fn` has signature: {'cid': <Parameter "cid: str">}. You can import the `Context` like this: `from flwr.app import Context`[32m [repeated 10x across cluster][0m
[36m(ClientAppActor pid=1112691)[0m             This is a deprecated feature. It will be removed[32m [repeated 10x across cluster][0m
[36m(ClientAppActor pid=1112691)[0m             entirely in future versions of Flower.[32m [repeated 10x across cluster][0m
[36m(ClientAppActor pid=1112687)[0m 
[36m(ClientAppActor pid=1112687)[0m         
[36m(ClientAppActor pid=1112689)[0m 
[36m(ClientAppActor pid=1112689)[0m         
[36m(ClientAppActor pid=1112688)[0m 
[36m(ClientAppActor pid=1112688)[0m         
[36m(ClientAppActor pid=1112690)[0m 
[36m(ClientAppActor pid=1112690)[0m         
[92mINFO [0m:      aggregate_evaluate: received 5 results and 0 failures
[92mINFO [0m:      
[92mINFO [0m:      [ROUND 6]
[92mINFO [0m:      configure_fit: strategy sampled 5 clients (out of 5)
[36m(ClientAppActor pid=1112690)[0m 
[36m(ClientAppActor pid=1112690)[0m         
[36m(ClientAppActor pid=1112688)[0m 
[36m(ClientAppActor pid=1112688)[0m         
[36m(ClientAppActor pid=1112689)[0m 
[36m(ClientAppActor pid=1112689)[0m         
[36m(ClientAppActor pid=1112691)[0m 
[36m(ClientAppActor pid=1112691)[0m         
[36m(ClientAppActor pid=1112687)[0m 
[36m(ClientAppActor pid=1112687)[0m         
[92mINFO [0m:      aggregate_fit: received 5 results and 0 failures
[92mINFO [0m:      fit progress: (6, 1.1069937448501588, {'accuracy': 0.6347, 'loss': 1.1069937448501588}, 94.78197635902325)
[92mINFO [0m:      configure_evaluate: strategy sampled 5 clients (out of 5)
[36m(ClientAppActor pid=1112689)[0m 
[36m(ClientAppActor pid=1112689)[0m         
[36m(ClientAppActor pid=1112689)[0m [93mWARNING [0m:   DEPRECATED FEATURE: `client_fn` now expects a signature `def client_fn(context: Context)`.The provided `client_fn` has signature: {'cid': <Parameter "cid: str">}. You can import the `Context` like this: `from flwr.app import Context`[32m [repeated 10x across cluster][0m
[36m(ClientAppActor pid=1112689)[0m             This is a deprecated feature. It will be removed[32m [repeated 10x across cluster][0m
[36m(ClientAppActor pid=1112689)[0m             entirely in future versions of Flower.[32m [repeated 10x across cluster][0m
[36m(ClientAppActor pid=1112687)[0m 
[36m(ClientAppActor pid=1112687)[0m         
[36m(ClientAppActor pid=1112690)[0m 
[36m(ClientAppActor pid=1112690)[0m         
[36m(ClientAppActor pid=1112688)[0m 
[36m(ClientAppActor pid=1112688)[0m         
[36m(ClientAppActor pid=1112691)[0m 
[36m(ClientAppActor pid=1112691)[0m         
[92mINFO [0m:      aggregate_evaluate: received 5 results and 0 failures
[92mINFO [0m:      
[92mINFO [0m:      [ROUND 7]
[92mINFO [0m:      configure_fit: strategy sampled 5 clients (out of 5)
[36m(ClientAppActor pid=1112691)[0m 
[36m(ClientAppActor pid=1112691)[0m         
[36m(ClientAppActor pid=1112688)[0m 
[36m(ClientAppActor pid=1112688)[0m         
[36m(ClientAppActor pid=1112690)[0m 
[36m(ClientAppActor pid=1112690)[0m         
[36m(ClientAppActor pid=1112687)[0m 
[36m(ClientAppActor pid=1112687)[0m         
[36m(ClientAppActor pid=1112689)[0m 
[36m(ClientAppActor pid=1112689)[0m         
[92mINFO [0m:      aggregate_fit: received 5 results and 0 failures
[92mINFO [0m:      fit progress: (7, 1.0367278599739074, {'accuracy': 0.664, 'loss': 1.0367278599739074}, 110.19324348104419)
[92mINFO [0m:      configure_evaluate: strategy sampled 5 clients (out of 5)
[36m(ClientAppActor pid=1112691)[0m 
[36m(ClientAppActor pid=1112691)[0m         
[36m(ClientAppActor pid=1112691)[0m [93mWARNING [0m:   DEPRECATED FEATURE: `client_fn` now expects a signature `def client_fn(context: Context)`.The provided `client_fn` has signature: {'cid': <Parameter "cid: str">}. You can import the `Context` like this: `from flwr.app import Context`[32m [repeated 10x across cluster][0m
[36m(ClientAppActor pid=1112691)[0m             This is a deprecated feature. It will be removed[32m [repeated 10x across cluster][0m
[36m(ClientAppActor pid=1112691)[0m             entirely in future versions of Flower.[32m [repeated 10x across cluster][0m
[36m(ClientAppActor pid=1112687)[0m 
[36m(ClientAppActor pid=1112687)[0m         
[36m(ClientAppActor pid=1112690)[0m 
[36m(ClientAppActor pid=1112690)[0m         
[36m(ClientAppActor pid=1112688)[0m 
[36m(ClientAppActor pid=1112688)[0m         
[36m(ClientAppActor pid=1112689)[0m 
[36m(ClientAppActor pid=1112689)[0m         
[92mINFO [0m:      aggregate_evaluate: received 5 results and 0 failures
[92mINFO [0m:      
[92mINFO [0m:      [ROUND 8]
[92mINFO [0m:      configure_fit: strategy sampled 5 clients (out of 5)
[36m(ClientAppActor pid=1112689)[0m 
[36m(ClientAppActor pid=1112689)[0m         
[36m(ClientAppActor pid=1112687)[0m 
[36m(ClientAppActor pid=1112687)[0m         
[36m(ClientAppActor pid=1112688)[0m 
[36m(ClientAppActor pid=1112688)[0m         
[36m(ClientAppActor pid=1112690)[0m 
[36m(ClientAppActor pid=1112690)[0m         
[36m(ClientAppActor pid=1112691)[0m 
[36m(ClientAppActor pid=1112691)[0m         
[92mINFO [0m:      aggregate_fit: received 5 results and 0 failures
[92mINFO [0m:      fit progress: (8, 0.9802765540122986, {'accuracy': 0.6836, 'loss': 0.9802765540122986}, 125.97517593501834)
[92mINFO [0m:      configure_evaluate: strategy sampled 5 clients (out of 5)
[36m(ClientAppActor pid=1112690)[0m 
[36m(ClientAppActor pid=1112690)[0m         
[36m(ClientAppActor pid=1112690)[0m [93mWARNING [0m:   DEPRECATED FEATURE: `client_fn` now expects a signature `def client_fn(context: Context)`.The provided `client_fn` has signature: {'cid': <Parameter "cid: str">}. You can import the `Context` like this: `from flwr.app import Context`[32m [repeated 10x across cluster][0m
[36m(ClientAppActor pid=1112690)[0m             This is a deprecated feature. It will be removed[32m [repeated 10x across cluster][0m
[36m(ClientAppActor pid=1112690)[0m             entirely in future versions of Flower.[32m [repeated 10x across cluster][0m
[36m(ClientAppActor pid=1112691)[0m 
[36m(ClientAppActor pid=1112691)[0m         
[36m(ClientAppActor pid=1112687)[0m 
[36m(ClientAppActor pid=1112687)[0m         
[36m(ClientAppActor pid=1112688)[0m 
[36m(ClientAppActor pid=1112688)[0m         
[36m(ClientAppActor pid=1112689)[0m 
[36m(ClientAppActor pid=1112689)[0m         
[92mINFO [0m:      aggregate_evaluate: received 5 results and 0 failures
[92mINFO [0m:      
[92mINFO [0m:      [ROUND 9]
[92mINFO [0m:      configure_fit: strategy sampled 5 clients (out of 5)
[36m(ClientAppActor pid=1112689)[0m 
[36m(ClientAppActor pid=1112689)[0m         
[36m(ClientAppActor pid=1112688)[0m 
[36m(ClientAppActor pid=1112688)[0m         
[36m(ClientAppActor pid=1112687)[0m 
[36m(ClientAppActor pid=1112687)[0m         
[36m(ClientAppActor pid=1112690)[0m 
[36m(ClientAppActor pid=1112690)[0m         
[36m(ClientAppActor pid=1112691)[0m 
[36m(ClientAppActor pid=1112691)[0m         
[92mINFO [0m:      aggregate_fit: received 5 results and 0 failures
[92mINFO [0m:      fit progress: (9, 0.9559013286590576, {'accuracy': 0.684, 'loss': 0.9559013286590576}, 141.0544509240426)
[92mINFO [0m:      configure_evaluate: strategy sampled 5 clients (out of 5)
[36m(ClientAppActor pid=1112689)[0m 
[36m(ClientAppActor pid=1112689)[0m         
[36m(ClientAppActor pid=1112689)[0m [93mWARNING [0m:   DEPRECATED FEATURE: `client_fn` now expects a signature `def client_fn(context: Context)`.The provided `client_fn` has signature: {'cid': <Parameter "cid: str">}. You can import the `Context` like this: `from flwr.app import Context`[32m [repeated 10x across cluster][0m
[36m(ClientAppActor pid=1112689)[0m             This is a deprecated feature. It will be removed[32m [repeated 10x across cluster][0m
[36m(ClientAppActor pid=1112689)[0m             entirely in future versions of Flower.[32m [repeated 10x across cluster][0m
[36m(ClientAppActor pid=1112687)[0m 
[36m(ClientAppActor pid=1112687)[0m         
[36m(ClientAppActor pid=1112691)[0m 
[36m(ClientAppActor pid=1112691)[0m         
[36m(ClientAppActor pid=1112688)[0m 
[36m(ClientAppActor pid=1112688)[0m         
[36m(ClientAppActor pid=1112690)[0m 
[36m(ClientAppActor pid=1112690)[0m         
[92mINFO [0m:      aggregate_evaluate: received 5 results and 0 failures
[92mINFO [0m:      
[92mINFO [0m:      [ROUND 10]
[92mINFO [0m:      configure_fit: strategy sampled 5 clients (out of 5)
[36m(ClientAppActor pid=1112690)[0m 
[36m(ClientAppActor pid=1112690)[0m         
[36m(ClientAppActor pid=1112688)[0m 
[36m(ClientAppActor pid=1112688)[0m         
[36m(ClientAppActor pid=1112691)[0m 
[36m(ClientAppActor pid=1112691)[0m         
[36m(ClientAppActor pid=1112687)[0m 
[36m(ClientAppActor pid=1112687)[0m         
[36m(ClientAppActor pid=1112689)[0m 
[36m(ClientAppActor pid=1112689)[0m         
[92mINFO [0m:      aggregate_fit: received 5 results and 0 failures
[92mINFO [0m:      fit progress: (10, 0.9741292523384094, {'accuracy': 0.6846, 'loss': 0.9741292523384094}, 156.32226662500761)
[92mINFO [0m:      configure_evaluate: strategy sampled 5 clients (out of 5)
[36m(ClientAppActor pid=1112691)[0m 
[36m(ClientAppActor pid=1112691)[0m         
[36m(ClientAppActor pid=1112691)[0m [93mWARNING [0m:   DEPRECATED FEATURE: `client_fn` now expects a signature `def client_fn(context: Context)`.The provided `client_fn` has signature: {'cid': <Parameter "cid: str">}. You can import the `Context` like this: `from flwr.app import Context`[32m [repeated 10x across cluster][0m
[36m(ClientAppActor pid=1112691)[0m             This is a deprecated feature. It will be removed[32m [repeated 10x across cluster][0m
[36m(ClientAppActor pid=1112691)[0m             entirely in future versions of Flower.[32m [repeated 10x across cluster][0m
[36m(ClientAppActor pid=1112689)[0m 
[36m(ClientAppActor pid=1112689)[0m         
[36m(ClientAppActor pid=1112690)[0m 
[36m(ClientAppActor pid=1112690)[0m         
[36m(ClientAppActor pid=1112688)[0m 
[36m(ClientAppActor pid=1112688)[0m         
[36m(ClientAppActor pid=1112687)[0m 
[36m(ClientAppActor pid=1112687)[0m         
[92mINFO [0m:      aggregate_evaluate: received 5 results and 0 failures
[92mINFO [0m:      
[92mINFO [0m:      [SUMMARY]
[92mINFO [0m:      Run finished 10 round(s) in 157.17s
[92mINFO [0m:      	History (loss, distributed):
[92mINFO [0m:      		round 1: 2.200884947138403
[92mINFO [0m:      		round 2: 1.8420896275844578
[92mINFO [0m:      		round 3: 1.5051247959783942
[92mINFO [0m:      		round 4: 1.266342169419751
[92mINFO [0m:      		round 5: 1.209157984173725
[92mINFO [0m:      		round 6: 1.1209193699737299
[92mINFO [0m:      		round 7: 1.0504375442352585
[92mINFO [0m:      		round 8: 0.9901679236458998
[92mINFO [0m:      		round 9: 0.9705218629155227
[92mINFO [0m:      		round 10: 0.9893186135854581
[92mINFO [0m:      	History (loss, centralized):
[92mINFO [0m:      		round 0: 2.3031526317596436
[92mINFO [0m:      		round 1: 2.1959608894348146
[92mINFO [0m:      		round 2: 1.8277833320617676
[92mINFO [0m:      		round 3: 1.4905576251983643
[92mINFO [0m:      		round 4: 1.2596210559844971
[92mINFO [0m:      		round 5: 1.189748278427124
[92mINFO [0m:      		round 6: 1.1069937448501588
[92mINFO [0m:      		round 7: 1.0367278599739074
[92mINFO [0m:      		round 8: 0.9802765540122986
[92mINFO [0m:      		round 9: 0.9559013286590576
[92mINFO [0m:      		round 10: 0.9741292523384094
[92mINFO [0m:      	History (metrics, distributed, fit):
[92mINFO [0m:      	{'avg_epochs_weighted': [(1, 3.7805257427282624),
[92mINFO [0m:      	                         (2, 3.7805257427282624),
[92mINFO [0m:      	                         (3, 3.7805257427282624),
[92mINFO [0m:      	                         (4, 3.7805257427282624),
[92mINFO [0m:      	                         (5, 3.7805257427282624),
[92mINFO [0m:      	                         (6, 3.7805257427282624),
[92mINFO [0m:      	                         (7, 3.7805257427282624),
[92mINFO [0m:      	                         (8, 3.7805257427282624),
[92mINFO [0m:      	                         (9, 3.7805257427282624),
[92mINFO [0m:      	                         (10, 3.7805257427282624)],
[92mINFO [0m:      	 'avg_flops_per_client_round': [(1, 6155304637440.0),
[92mINFO [0m:      	                                (2, 6155304637440.0),
[92mINFO [0m:      	                                (3, 6155304637440.0),
[92mINFO [0m:      	                                (4, 6155304637440.0),
[92mINFO [0m:      	                                (5, 6155304637440.0),
[92mINFO [0m:      	                                (6, 6155304637440.0),
[92mINFO [0m:      	                                (7, 6155304637440.0),
[92mINFO [0m:      	                                (8, 6155304637440.0),
[92mINFO [0m:      	                                (9, 6155304637440.0),
[92mINFO [0m:      	                                (10, 6155304637440.0)],
[92mINFO [0m:      	 'avg_lr_weighted': [(1, 0.005865887288168926),
[92mINFO [0m:      	                     (2, 0.005865887288168926),
[92mINFO [0m:      	                     (3, 0.005865887288168926),
[92mINFO [0m:      	                     (4, 0.005865887288168926),
[92mINFO [0m:      	                     (5, 0.005865887288168926),
[92mINFO [0m:      	                     (6, 0.005865887288168926),
[92mINFO [0m:      	                     (7, 0.005865887288168926),
[92mINFO [0m:      	                     (8, 0.005865887288168926),
[92mINFO [0m:      	                     (9, 0.005865887288168926),
[92mINFO [0m:      	                     (10, 0.005865887288168926)],
[92mINFO [0m:      	 'total_flops_round': [(1, 30776523187200),
[92mINFO [0m:      	                       (2, 30776523187200),
[92mINFO [0m:      	                       (3, 30776523187200),
[92mINFO [0m:      	                       (4, 30776523187200),
[92mINFO [0m:      	                       (5, 30776523187200),
[92mINFO [0m:      	                       (6, 30776523187200),
[92mINFO [0m:      	                       (7, 30776523187200),
[92mINFO [0m:      	                       (8, 30776523187200),
[92mINFO [0m:      	                       (9, 30776523187200),
[92mINFO [0m:      	                       (10, 30776523187200)]}
[92mINFO [0m:      	History (metrics, distributed, evaluate):
[92mINFO [0m:      	{'accuracy': [(1, 0.1875125075045027),
[92mINFO [0m:      	              (2, 0.3269961977186312),
[92mINFO [0m:      	              (3, 0.48589153492095255),
[92mINFO [0m:      	              (4, 0.5745447268361017),
[92mINFO [0m:      	              (5, 0.5997598559135481),
[92mINFO [0m:      	              (6, 0.6327796678006804),
[92mINFO [0m:      	              (7, 0.6577946768060836),
[92mINFO [0m:      	              (8, 0.6768060836501901),
[92mINFO [0m:      	              (9, 0.6798078847308385),
[92mINFO [0m:      	              (10, 0.6804082449469682)],
[92mINFO [0m:      	 'loss': [(1, 2.200884947138403),
[92mINFO [0m:      	          (2, 1.8420896275844578),
[92mINFO [0m:      	          (3, 1.5051247959783942),
[92mINFO [0m:      	          (4, 1.266342169419751),
[92mINFO [0m:      	          (5, 1.209157984173725),
[92mINFO [0m:      	          (6, 1.1209193699737299),
[92mINFO [0m:      	          (7, 1.0504375442352585),
[92mINFO [0m:      	          (8, 0.9901679236458998),
[92mINFO [0m:      	          (9, 0.9705218629155227),
[92mINFO [0m:      	          (10, 0.9893186135854581)]}
[92mINFO [0m:      	History (metrics, centralized):
[92mINFO [0m:      	{'accuracy': [(0, 0.1),
[92mINFO [0m:      	              (1, 0.1897),
[92mINFO [0m:      	              (2, 0.3368),
[92mINFO [0m:      	              (3, 0.4939),
[92mINFO [0m:      	              (4, 0.5829),
[92mINFO [0m:      	              (5, 0.6049),
[92mINFO [0m:      	              (6, 0.6347),
[92mINFO [0m:      	              (7, 0.664),
[92mINFO [0m:      	              (8, 0.6836),
[92mINFO [0m:      	              (9, 0.684),
[92mINFO [0m:      	              (10, 0.6846)],
[92mINFO [0m:      	 'loss': [(0, 2.3031526317596436),
[92mINFO [0m:      	          (1, 2.1959608894348146),
[92mINFO [0m:      	          (2, 1.8277833320617676),
[92mINFO [0m:      	          (3, 1.4905576251983643),
[92mINFO [0m:      	          (4, 1.2596210559844971),
[92mINFO [0m:      	          (5, 1.189748278427124),
[92mINFO [0m:      	          (6, 1.1069937448501588),
[92mINFO [0m:      	          (7, 1.0367278599739074),
[92mINFO [0m:      	          (8, 0.9802765540122986),
[92mINFO [0m:      	          (9, 0.9559013286590576),
[92mINFO [0m:      	          (10, 0.9741292523384094)]}
[92mINFO [0m:      
Treinando no dispositivo: cuda:0 com o dataset: CIFAR10 | Setup clientes: 5 (num_gpus por cliente=0.2) | SEED=49
FLOPS por amostra (forward): 6.030e+07 | (forward+backward, 3x): 1.809e+08
Files already downloaded and verified
Files already downloaded and verified
Dividindo o dataset usando a distribuição de Dirichlet com alpha=0.1.
Iniciando a simulação de Aprendizado Federado...
=== Diagnóstico de Medição de GPU ===
  pynvml_disponivel: True
  pynvml_versao: 580.173.02
  gpus_detectadas: 1
  leitura_potencia_ok: True
  potencia_atual_W: 35.21

--- Rodada 0 - Avaliação Centralizada (Servidor) ---
Loss (Servidor): 2.3032 | Acurácia (Servidor): 0.1000
[36m(ClientAppActor pid=1112690)[0m Cliente 4: HetRaw=1.1838 | HetNorm=0.3946 | Epochs=4 (dyn=True) | LR=0.006282 (dyn=True) | FedProx=True (mu=0.01)

--- Rodada 1 - Avaliação Centralizada (Servidor) ---
Loss (Servidor): 2.1960 | Acurácia (Servidor): 0.1897
--- Avaliação Agregada (Clientes) ---
Loss Média (Clientes): 2.2009 | Acurácia Média (Clientes): 0.1875
[36m(ClientAppActor pid=1112687)[0m Cliente 4: HetRaw=1.1838 | HetNorm=0.3946 | Epochs=4 (dyn=True) | LR=0.006282 (dyn=True) | FedProx=True (mu=0.01)[32m [repeated 5x across cluster][0m

--- Rodada 2 - Avaliação Centralizada (Servidor) ---
Loss (Servidor): 1.8278 | Acurácia (Servidor): 0.3368
--- Avaliação Agregada (Clientes) ---
Loss Média (Clientes): 1.8421 | Acurácia Média (Clientes): 0.3270
[36m(ClientAppActor pid=1112689)[0m Cliente 1: HetRaw=1.4340 | HetNorm=0.4780 | Epochs=4 (dyn=True) | LR=0.005824 (dyn=True) | FedProx=True (mu=0.01)[32m [repeated 5x across cluster][0m

--- Rodada 3 - Avaliação Centralizada (Servidor) ---
Loss (Servidor): 1.4906 | Acurácia (Servidor): 0.4939
--- Avaliação Agregada (Clientes) ---
Loss Média (Clientes): 1.5051 | Acurácia Média (Clientes): 0.4859
[36m(ClientAppActor pid=1112688)[0m Cliente 3: HetRaw=1.4275 | HetNorm=0.4758 | Epochs=4 (dyn=True) | LR=0.005835 (dyn=True) | FedProx=True (mu=0.01)[32m [repeated 5x across cluster][0m

--- Rodada 4 - Avaliação Centralizada (Servidor) ---
Loss (Servidor): 1.2596 | Acurácia (Servidor): 0.5829
--- Avaliação Agregada (Clientes) ---
Loss Média (Clientes): 1.2663 | Acurácia Média (Clientes): 0.5745
[36m(ClientAppActor pid=1112690)[0m Cliente 0: HetRaw=1.5468 | HetNorm=0.5156 | Epochs=3 (dyn=True) | LR=0.005639 (dyn=True) | FedProx=True (mu=0.01)[32m [repeated 5x across cluster][0m

--- Rodada 5 - Avaliação Centralizada (Servidor) ---
Loss (Servidor): 1.1897 | Acurácia (Servidor): 0.6049
--- Avaliação Agregada (Clientes) ---
Loss Média (Clientes): 1.2092 | Acurácia Média (Clientes): 0.5998
[36m(ClientAppActor pid=1112690)[0m Cliente 3: HetRaw=1.4275 | HetNorm=0.4758 | Epochs=4 (dyn=True) | LR=0.005835 (dyn=True) | FedProx=True (mu=0.01)[32m [repeated 5x across cluster][0m

--- Rodada 6 - Avaliação Centralizada (Servidor) ---
Loss (Servidor): 1.1070 | Acurácia (Servidor): 0.6347
--- Avaliação Agregada (Clientes) ---
Loss Média (Clientes): 1.1209 | Acurácia Média (Clientes): 0.6328
[36m(ClientAppActor pid=1112691)[0m Cliente 4: HetRaw=1.1838 | HetNorm=0.3946 | Epochs=4 (dyn=True) | LR=0.006282 (dyn=True) | FedProx=True (mu=0.01)[32m [repeated 5x across cluster][0m

--- Rodada 7 - Avaliação Centralizada (Servidor) ---
Loss (Servidor): 1.0367 | Acurácia (Servidor): 0.6640
--- Avaliação Agregada (Clientes) ---
Loss Média (Clientes): 1.0504 | Acurácia Média (Clientes): 0.6578
[36m(ClientAppActor pid=1112689)[0m Cliente 0: HetRaw=1.5468 | HetNorm=0.5156 | Epochs=3 (dyn=True) | LR=0.005639 (dyn=True) | FedProx=True (mu=0.01)[32m [repeated 5x across cluster][0m

--- Rodada 8 - Avaliação Centralizada (Servidor) ---
Loss (Servidor): 0.9803 | Acurácia (Servidor): 0.6836
--- Avaliação Agregada (Clientes) ---
Loss Média (Clientes): 0.9902 | Acurácia Média (Clientes): 0.6768
[36m(ClientAppActor pid=1112689)[0m Cliente 4: HetRaw=1.1838 | HetNorm=0.3946 | Epochs=4 (dyn=True) | LR=0.006282 (dyn=True) | FedProx=True (mu=0.01)[32m [repeated 5x across cluster][0m

--- Rodada 9 - Avaliação Centralizada (Servidor) ---
Loss (Servidor): 0.9559 | Acurácia (Servidor): 0.6840
--- Avaliação Agregada (Clientes) ---
Loss Média (Clientes): 0.9705 | Acurácia Média (Clientes): 0.6798
[36m(ClientAppActor pid=1112690)[0m Cliente 3: HetRaw=1.4275 | HetNorm=0.4758 | Epochs=4 (dyn=True) | LR=0.005835 (dyn=True) | FedProx=True (mu=0.01)[32m [repeated 5x across cluster][0m

--- Rodada 10 - Avaliação Centralizada (Servidor) ---
Loss (Servidor): 0.9741 | Acurácia (Servidor): 0.6846
--- Avaliação Agregada (Clientes) ---
Loss Média (Clientes): 0.9893 | Acurácia Média (Clientes): 0.6804

Resultados salvos em: /home/tiago/GitHubProjects/fedhad-thesis-2/FedHAD-results/1.1_diagnostico_drift/CIFAR10-Standard/FedHAD__CIFAR10__Mode-STANDARD__Cfg-E1L1F1__Setup-5__Clients-5__Rounds-10__Delay-0_05__Alpha-0_1__Seed-49.txt
[36m(ClientAppActor pid=1112687)[0m [93mWARNING [0m:   DEPRECATED FEATURE: `client_fn` now expects a signature `def client_fn(context: Context)`.The provided `client_fn` has signature: {'cid': <Parameter "cid: str">}. You can import the `Context` like this: `from flwr.app import Context`[32m [repeated 4x across cluster][0m
[36m(ClientAppActor pid=1112687)[0m             This is a deprecated feature. It will be removed[32m [repeated 4x across cluster][0m
[36m(ClientAppActor pid=1112687)[0m             entirely in future versions of Flower.[32m [repeated 4x across cluster][0m
[36m(ClientAppActor pid=1112689)[0m Cliente 1: HetRaw=1.4340 | HetNorm=0.4780 | Epochs=4 (dyn=True) | LR=0.005824 (dyn=True) | FedProx=True (mu=0.01)[32m [repeated 4x across cluster][0m
