[codecarbon WARNING @ 16:55:57] Multiple instances of codecarbon are allowed to run at the same time.
[93mWARNING [0m:   DEPRECATED FEATURE: flwr.simulation.start_simulation() is deprecated.
	Instead, use the `flwr run` CLI command to start a local simulation in your Flower app, as shown for example below:

		$ flwr new  # Create a new Flower app from a template

		$ flwr run  # Run the Flower app in Simulation Mode

	Using `start_simulation()` is deprecated.

            This is a deprecated feature. It will be removed
            entirely in future versions of Flower.
        
[92mINFO [0m:      Starting Flower simulation, config: num_rounds=10, no round_timeout
2026-09-04 16:56:06,151	INFO worker.py:2012 -- Started a local Ray instance.
/home/tiago/GitHubProjects/fedhad-thesis-2/env_flwr_pt/lib/python3.12/site-packages/ray/_private/worker.py:2051: FutureWarning: Tip: In future versions of Ray, Ray will no longer override accelerator visible devices env var if num_gpus=0 or num_gpus=None (default). To enable this behavior and turn off this error message, set RAY_ACCEL_ENV_VAR_OVERRIDE_ON_ZERO=0
  warnings.warn(
[92mINFO [0m:      Flower VCE: Ray initialized with resources: {'object_store_memory': 77497405440.0, 'node:__internal_head__': 1.0, 'node:10.129.64.100': 1.0, 'accelerator_type:A40': 1.0, 'memory': 180827279360.0, 'CPU': 64.0, 'GPU': 1.0}
[92mINFO [0m:      Optimize your simulation with Flower VCE: https://flower.ai/docs/framework/how-to-run-simulations.html
/home/tiago/GitHubProjects/fedhad-thesis-2/FedHAD_Final_2.0.py:1916: UserWarning: No `num_cpus` specified in `client_resources`. Using `num_cpus=1` for each client.
  history = fl.simulation.start_simulation(
[92mINFO [0m:      Flower VCE: Resources for each Virtual Client: {'num_gpus': 0.2, 'num_cpus': 1}
[92mINFO [0m:      Flower VCE: Creating VirtualClientEngineActorPool with 5 actors
[92mINFO [0m:      [INIT]
[92mINFO [0m:      Requesting initial parameters from one random client
[36m(ClientAppActor pid=1073116)[0m [93mWARNING [0m:   DEPRECATED FEATURE: `client_fn` now expects a signature `def client_fn(context: Context)`.The provided `client_fn` has signature: {'cid': <Parameter "cid: str">}. You can import the `Context` like this: `from flwr.app import Context`
[36m(ClientAppActor pid=1073116)[0m 
[36m(ClientAppActor pid=1073116)[0m             This is a deprecated feature. It will be removed
[36m(ClientAppActor pid=1073116)[0m             entirely in future versions of Flower.
[36m(ClientAppActor pid=1073116)[0m         
[92mINFO [0m:      Received initial parameters from one random client
[92mINFO [0m:      Starting evaluation of initial global parameters
[92mINFO [0m:      initial parameters (loss, other metrics): 2.3033785850524904, {'accuracy': 0.0993, 'loss': 2.3033785850524904}
[92mINFO [0m:      
[92mINFO [0m:      [ROUND 1]
[92mINFO [0m:      configure_fit: strategy sampled 5 clients (out of 5)
[36m(ClientAppActor pid=1073116)[0m [93mWARNING [0m:   DEPRECATED FEATURE: `client_fn` now expects a signature `def client_fn(context: Context)`.The provided `client_fn` has signature: {'cid': <Parameter "cid: str">}. You can import the `Context` like this: `from flwr.app import Context`
[36m(ClientAppActor pid=1073116)[0m 
[36m(ClientAppActor pid=1073116)[0m             This is a deprecated feature. It will be removed
[36m(ClientAppActor pid=1073116)[0m             entirely in future versions of Flower.
[36m(ClientAppActor pid=1073116)[0m         
[36m(ClientAppActor pid=1073115)[0m 
[36m(ClientAppActor pid=1073115)[0m         
[36m(ClientAppActor pid=1073113)[0m 
[36m(ClientAppActor pid=1073113)[0m         
[36m(ClientAppActor pid=1073114)[0m 
[36m(ClientAppActor pid=1073114)[0m         
[36m(ClientAppActor pid=1073112)[0m 
[36m(ClientAppActor pid=1073112)[0m         
[92mINFO [0m:      aggregate_fit: received 5 results and 0 failures
[92mINFO [0m:      fit progress: (1, 2.2370482215881347, {'accuracy': 0.1192, 'loss': 2.2370482215881347}, 16.956830796028953)
[92mINFO [0m:      configure_evaluate: strategy sampled 5 clients (out of 5)
[36m(ClientAppActor pid=1073115)[0m 
[36m(ClientAppActor pid=1073115)[0m         
[36m(ClientAppActor pid=1073115)[0m [93mWARNING [0m:   DEPRECATED FEATURE: `client_fn` now expects a signature `def client_fn(context: Context)`.The provided `client_fn` has signature: {'cid': <Parameter "cid: str">}. You can import the `Context` like this: `from flwr.app import Context`[32m [repeated 5x across cluster] (Ray deduplicates logs by default. Set RAY_DEDUP_LOGS=0 to disable log deduplication, or see https://docs.ray.io/en/master/ray-observability/user-guides/configure-logging.html#log-deduplication for more options.)[0m
[36m(ClientAppActor pid=1073115)[0m             This is a deprecated feature. It will be removed[32m [repeated 5x across cluster][0m
[36m(ClientAppActor pid=1073115)[0m             entirely in future versions of Flower.[32m [repeated 5x across cluster][0m
[36m(ClientAppActor pid=1073113)[0m 
[36m(ClientAppActor pid=1073113)[0m         
[36m(ClientAppActor pid=1073112)[0m 
[36m(ClientAppActor pid=1073112)[0m         
[36m(ClientAppActor pid=1073114)[0m 
[36m(ClientAppActor pid=1073114)[0m         
[36m(ClientAppActor pid=1073116)[0m 
[36m(ClientAppActor pid=1073116)[0m         
[92mINFO [0m:      aggregate_evaluate: received 5 results and 0 failures
[92mINFO [0m:      
[92mINFO [0m:      [ROUND 2]
[92mINFO [0m:      configure_fit: strategy sampled 5 clients (out of 5)
[36m(ClientAppActor pid=1073116)[0m 
[36m(ClientAppActor pid=1073116)[0m         
[36m(ClientAppActor pid=1073114)[0m 
[36m(ClientAppActor pid=1073114)[0m         
[36m(ClientAppActor pid=1073112)[0m 
[36m(ClientAppActor pid=1073112)[0m         
[36m(ClientAppActor pid=1073113)[0m 
[36m(ClientAppActor pid=1073113)[0m         
[36m(ClientAppActor pid=1073115)[0m 
[36m(ClientAppActor pid=1073115)[0m         
[92mINFO [0m:      aggregate_fit: received 5 results and 0 failures
[92mINFO [0m:      fit progress: (2, 1.8737995977401734, {'accuracy': 0.3606, 'loss': 1.8737995977401734}, 32.557737032999285)
[92mINFO [0m:      configure_evaluate: strategy sampled 5 clients (out of 5)
[36m(ClientAppActor pid=1073114)[0m 
[36m(ClientAppActor pid=1073114)[0m         
[36m(ClientAppActor pid=1073114)[0m [93mWARNING [0m:   DEPRECATED FEATURE: `client_fn` now expects a signature `def client_fn(context: Context)`.The provided `client_fn` has signature: {'cid': <Parameter "cid: str">}. You can import the `Context` like this: `from flwr.app import Context`[32m [repeated 10x across cluster][0m
[36m(ClientAppActor pid=1073114)[0m             This is a deprecated feature. It will be removed[32m [repeated 10x across cluster][0m
[36m(ClientAppActor pid=1073114)[0m             entirely in future versions of Flower.[32m [repeated 10x across cluster][0m
[36m(ClientAppActor pid=1073115)[0m 
[36m(ClientAppActor pid=1073115)[0m         
[36m(ClientAppActor pid=1073116)[0m 
[36m(ClientAppActor pid=1073116)[0m         
[36m(ClientAppActor pid=1073113)[0m 
[36m(ClientAppActor pid=1073113)[0m         
[36m(ClientAppActor pid=1073112)[0m 
[36m(ClientAppActor pid=1073112)[0m         
[92mINFO [0m:      aggregate_evaluate: received 5 results and 0 failures
[92mINFO [0m:      
[92mINFO [0m:      [ROUND 3]
[92mINFO [0m:      configure_fit: strategy sampled 5 clients (out of 5)
[36m(ClientAppActor pid=1073112)[0m 
[36m(ClientAppActor pid=1073112)[0m         
[36m(ClientAppActor pid=1073113)[0m 
[36m(ClientAppActor pid=1073113)[0m         
[36m(ClientAppActor pid=1073116)[0m 
[36m(ClientAppActor pid=1073116)[0m         
[36m(ClientAppActor pid=1073115)[0m 
[36m(ClientAppActor pid=1073115)[0m         
[36m(ClientAppActor pid=1073114)[0m 
[36m(ClientAppActor pid=1073114)[0m         
[92mINFO [0m:      aggregate_fit: received 5 results and 0 failures
[92mINFO [0m:      fit progress: (3, 1.4949502607345582, {'accuracy': 0.4711, 'loss': 1.4949502607345582}, 48.3829576310236)
[92mINFO [0m:      configure_evaluate: strategy sampled 5 clients (out of 5)
[36m(ClientAppActor pid=1073115)[0m 
[36m(ClientAppActor pid=1073115)[0m         
[36m(ClientAppActor pid=1073115)[0m [93mWARNING [0m:   DEPRECATED FEATURE: `client_fn` now expects a signature `def client_fn(context: Context)`.The provided `client_fn` has signature: {'cid': <Parameter "cid: str">}. You can import the `Context` like this: `from flwr.app import Context`[32m [repeated 10x across cluster][0m
[36m(ClientAppActor pid=1073115)[0m             This is a deprecated feature. It will be removed[32m [repeated 10x across cluster][0m
[36m(ClientAppActor pid=1073115)[0m             entirely in future versions of Flower.[32m [repeated 10x across cluster][0m
[36m(ClientAppActor pid=1073116)[0m 
[36m(ClientAppActor pid=1073116)[0m         
[36m(ClientAppActor pid=1073112)[0m 
[36m(ClientAppActor pid=1073112)[0m         
[36m(ClientAppActor pid=1073114)[0m 
[36m(ClientAppActor pid=1073114)[0m         
[36m(ClientAppActor pid=1073113)[0m 
[36m(ClientAppActor pid=1073113)[0m         
[92mINFO [0m:      aggregate_evaluate: received 5 results and 0 failures
[92mINFO [0m:      
[92mINFO [0m:      [ROUND 4]
[92mINFO [0m:      configure_fit: strategy sampled 5 clients (out of 5)
[36m(ClientAppActor pid=1073113)[0m 
[36m(ClientAppActor pid=1073113)[0m         
[36m(ClientAppActor pid=1073114)[0m 
[36m(ClientAppActor pid=1073114)[0m         
[36m(ClientAppActor pid=1073112)[0m 
[36m(ClientAppActor pid=1073112)[0m         
[36m(ClientAppActor pid=1073116)[0m 
[36m(ClientAppActor pid=1073116)[0m         
[36m(ClientAppActor pid=1073115)[0m 
[36m(ClientAppActor pid=1073115)[0m         
[92mINFO [0m:      aggregate_fit: received 5 results and 0 failures
[92mINFO [0m:      fit progress: (4, 1.383451554298401, {'accuracy': 0.5156, 'loss': 1.383451554298401}, 64.17817775800359)
[92mINFO [0m:      configure_evaluate: strategy sampled 5 clients (out of 5)
[36m(ClientAppActor pid=1073116)[0m 
[36m(ClientAppActor pid=1073116)[0m         
[36m(ClientAppActor pid=1073116)[0m [93mWARNING [0m:   DEPRECATED FEATURE: `client_fn` now expects a signature `def client_fn(context: Context)`.The provided `client_fn` has signature: {'cid': <Parameter "cid: str">}. You can import the `Context` like this: `from flwr.app import Context`[32m [repeated 10x across cluster][0m
[36m(ClientAppActor pid=1073116)[0m             This is a deprecated feature. It will be removed[32m [repeated 10x across cluster][0m
[36m(ClientAppActor pid=1073116)[0m             entirely in future versions of Flower.[32m [repeated 10x across cluster][0m
[36m(ClientAppActor pid=1073113)[0m 
[36m(ClientAppActor pid=1073113)[0m         
[36m(ClientAppActor pid=1073114)[0m 
[36m(ClientAppActor pid=1073114)[0m         
[36m(ClientAppActor pid=1073115)[0m 
[36m(ClientAppActor pid=1073115)[0m         
[36m(ClientAppActor pid=1073112)[0m 
[36m(ClientAppActor pid=1073112)[0m         
[92mINFO [0m:      aggregate_evaluate: received 5 results and 0 failures
[92mINFO [0m:      
[92mINFO [0m:      [ROUND 5]
[92mINFO [0m:      configure_fit: strategy sampled 5 clients (out of 5)
[36m(ClientAppActor pid=1073112)[0m 
[36m(ClientAppActor pid=1073112)[0m         
[36m(ClientAppActor pid=1073115)[0m 
[36m(ClientAppActor pid=1073115)[0m         
[36m(ClientAppActor pid=1073114)[0m 
[36m(ClientAppActor pid=1073114)[0m         
[36m(ClientAppActor pid=1073113)[0m 
[36m(ClientAppActor pid=1073113)[0m         
[36m(ClientAppActor pid=1073116)[0m 
[36m(ClientAppActor pid=1073116)[0m         
[92mINFO [0m:      aggregate_fit: received 5 results and 0 failures
[92mINFO [0m:      fit progress: (5, 1.1595705667495728, {'accuracy': 0.5837, 'loss': 1.1595705667495728}, 79.91855105699506)
[92mINFO [0m:      configure_evaluate: strategy sampled 5 clients (out of 5)
[36m(ClientAppActor pid=1073114)[0m 
[36m(ClientAppActor pid=1073114)[0m         
[36m(ClientAppActor pid=1073114)[0m [93mWARNING [0m:   DEPRECATED FEATURE: `client_fn` now expects a signature `def client_fn(context: Context)`.The provided `client_fn` has signature: {'cid': <Parameter "cid: str">}. You can import the `Context` like this: `from flwr.app import Context`[32m [repeated 10x across cluster][0m
[36m(ClientAppActor pid=1073114)[0m             This is a deprecated feature. It will be removed[32m [repeated 10x across cluster][0m
[36m(ClientAppActor pid=1073114)[0m             entirely in future versions of Flower.[32m [repeated 10x across cluster][0m
[36m(ClientAppActor pid=1073112)[0m 
[36m(ClientAppActor pid=1073112)[0m         
[36m(ClientAppActor pid=1073113)[0m 
[36m(ClientAppActor pid=1073113)[0m         
[36m(ClientAppActor pid=1073116)[0m 
[36m(ClientAppActor pid=1073116)[0m         
[36m(ClientAppActor pid=1073115)[0m 
[36m(ClientAppActor pid=1073115)[0m         
[92mINFO [0m:      aggregate_evaluate: received 5 results and 0 failures
[92mINFO [0m:      
[92mINFO [0m:      [ROUND 6]
[92mINFO [0m:      configure_fit: strategy sampled 5 clients (out of 5)
[36m(ClientAppActor pid=1073115)[0m 
[36m(ClientAppActor pid=1073115)[0m         
[36m(ClientAppActor pid=1073116)[0m 
[36m(ClientAppActor pid=1073116)[0m         
[36m(ClientAppActor pid=1073112)[0m 
[36m(ClientAppActor pid=1073112)[0m         
[36m(ClientAppActor pid=1073113)[0m 
[36m(ClientAppActor pid=1073113)[0m         
[36m(ClientAppActor pid=1073114)[0m 
[36m(ClientAppActor pid=1073114)[0m         
[92mINFO [0m:      aggregate_fit: received 5 results and 0 failures
[92mINFO [0m:      fit progress: (6, 1.2156882301330567, {'accuracy': 0.5716, 'loss': 1.2156882301330567}, 95.57682023203233)
[92mINFO [0m:      configure_evaluate: strategy sampled 5 clients (out of 5)
[36m(ClientAppActor pid=1073112)[0m 
[36m(ClientAppActor pid=1073112)[0m         
[36m(ClientAppActor pid=1073112)[0m [93mWARNING [0m:   DEPRECATED FEATURE: `client_fn` now expects a signature `def client_fn(context: Context)`.The provided `client_fn` has signature: {'cid': <Parameter "cid: str">}. You can import the `Context` like this: `from flwr.app import Context`[32m [repeated 10x across cluster][0m
[36m(ClientAppActor pid=1073112)[0m             This is a deprecated feature. It will be removed[32m [repeated 10x across cluster][0m
[36m(ClientAppActor pid=1073112)[0m             entirely in future versions of Flower.[32m [repeated 10x across cluster][0m
[36m(ClientAppActor pid=1073113)[0m 
[36m(ClientAppActor pid=1073113)[0m         
[36m(ClientAppActor pid=1073115)[0m 
[36m(ClientAppActor pid=1073115)[0m         
[36m(ClientAppActor pid=1073114)[0m 
[36m(ClientAppActor pid=1073114)[0m         
[36m(ClientAppActor pid=1073116)[0m 
[36m(ClientAppActor pid=1073116)[0m         
[92mINFO [0m:      aggregate_evaluate: received 5 results and 0 failures
[92mINFO [0m:      
[92mINFO [0m:      [ROUND 7]
[92mINFO [0m:      configure_fit: strategy sampled 5 clients (out of 5)
[36m(ClientAppActor pid=1073116)[0m 
[36m(ClientAppActor pid=1073116)[0m         
[36m(ClientAppActor pid=1073114)[0m 
[36m(ClientAppActor pid=1073114)[0m         
[36m(ClientAppActor pid=1073115)[0m 
[36m(ClientAppActor pid=1073115)[0m         
[36m(ClientAppActor pid=1073113)[0m 
[36m(ClientAppActor pid=1073113)[0m         
[36m(ClientAppActor pid=1073112)[0m 
[36m(ClientAppActor pid=1073112)[0m         
[92mINFO [0m:      aggregate_fit: received 5 results and 0 failures
[92mINFO [0m:      fit progress: (7, 1.1045970163345338, {'accuracy': 0.6118, 'loss': 1.1045970163345338}, 111.06720193900401)
[92mINFO [0m:      configure_evaluate: strategy sampled 5 clients (out of 5)
[36m(ClientAppActor pid=1073116)[0m 
[36m(ClientAppActor pid=1073116)[0m         
[36m(ClientAppActor pid=1073116)[0m [93mWARNING [0m:   DEPRECATED FEATURE: `client_fn` now expects a signature `def client_fn(context: Context)`.The provided `client_fn` has signature: {'cid': <Parameter "cid: str">}. You can import the `Context` like this: `from flwr.app import Context`[32m [repeated 10x across cluster][0m
[36m(ClientAppActor pid=1073116)[0m             This is a deprecated feature. It will be removed[32m [repeated 10x across cluster][0m
[36m(ClientAppActor pid=1073116)[0m             entirely in future versions of Flower.[32m [repeated 10x across cluster][0m
[36m(ClientAppActor pid=1073115)[0m 
[36m(ClientAppActor pid=1073115)[0m         
[36m(ClientAppActor pid=1073112)[0m 
[36m(ClientAppActor pid=1073112)[0m         
[36m(ClientAppActor pid=1073114)[0m 
[36m(ClientAppActor pid=1073114)[0m         
[36m(ClientAppActor pid=1073113)[0m 
[36m(ClientAppActor pid=1073113)[0m         
[92mINFO [0m:      aggregate_evaluate: received 5 results and 0 failures
[92mINFO [0m:      
[92mINFO [0m:      [ROUND 8]
[92mINFO [0m:      configure_fit: strategy sampled 5 clients (out of 5)
[36m(ClientAppActor pid=1073113)[0m 
[36m(ClientAppActor pid=1073113)[0m         
[36m(ClientAppActor pid=1073114)[0m 
[36m(ClientAppActor pid=1073114)[0m         
[36m(ClientAppActor pid=1073112)[0m 
[36m(ClientAppActor pid=1073112)[0m         
[36m(ClientAppActor pid=1073115)[0m 
[36m(ClientAppActor pid=1073115)[0m         
[36m(ClientAppActor pid=1073116)[0m 
[36m(ClientAppActor pid=1073116)[0m         
[92mINFO [0m:      aggregate_fit: received 5 results and 0 failures
[92mINFO [0m:      fit progress: (8, 0.9906677836418152, {'accuracy': 0.6484, 'loss': 0.9906677836418152}, 126.93993984401459)
[92mINFO [0m:      configure_evaluate: strategy sampled 5 clients (out of 5)
[36m(ClientAppActor pid=1073115)[0m 
[36m(ClientAppActor pid=1073115)[0m         
[36m(ClientAppActor pid=1073115)[0m [93mWARNING [0m:   DEPRECATED FEATURE: `client_fn` now expects a signature `def client_fn(context: Context)`.The provided `client_fn` has signature: {'cid': <Parameter "cid: str">}. You can import the `Context` like this: `from flwr.app import Context`[32m [repeated 10x across cluster][0m
[36m(ClientAppActor pid=1073115)[0m             This is a deprecated feature. It will be removed[32m [repeated 10x across cluster][0m
[36m(ClientAppActor pid=1073115)[0m             entirely in future versions of Flower.[32m [repeated 10x across cluster][0m
[36m(ClientAppActor pid=1073113)[0m 
[36m(ClientAppActor pid=1073113)[0m         
[36m(ClientAppActor pid=1073114)[0m 
[36m(ClientAppActor pid=1073114)[0m         
[36m(ClientAppActor pid=1073116)[0m 
[36m(ClientAppActor pid=1073116)[0m         
[36m(ClientAppActor pid=1073112)[0m 
[36m(ClientAppActor pid=1073112)[0m         
[92mINFO [0m:      aggregate_evaluate: received 5 results and 0 failures
[92mINFO [0m:      
[92mINFO [0m:      [ROUND 9]
[92mINFO [0m:      configure_fit: strategy sampled 5 clients (out of 5)
[36m(ClientAppActor pid=1073112)[0m 
[36m(ClientAppActor pid=1073112)[0m         
[36m(ClientAppActor pid=1073116)[0m 
[36m(ClientAppActor pid=1073116)[0m         
[36m(ClientAppActor pid=1073114)[0m 
[36m(ClientAppActor pid=1073114)[0m         
[36m(ClientAppActor pid=1073113)[0m 
[36m(ClientAppActor pid=1073113)[0m         
[36m(ClientAppActor pid=1073115)[0m 
[36m(ClientAppActor pid=1073115)[0m         
[92mINFO [0m:      aggregate_fit: received 5 results and 0 failures
[92mINFO [0m:      fit progress: (9, 0.9982547560691833, {'accuracy': 0.65, 'loss': 0.9982547560691833}, 142.712608321046)
[92mINFO [0m:      configure_evaluate: strategy sampled 5 clients (out of 5)
[36m(ClientAppActor pid=1073113)[0m 
[36m(ClientAppActor pid=1073113)[0m         
[36m(ClientAppActor pid=1073113)[0m [93mWARNING [0m:   DEPRECATED FEATURE: `client_fn` now expects a signature `def client_fn(context: Context)`.The provided `client_fn` has signature: {'cid': <Parameter "cid: str">}. You can import the `Context` like this: `from flwr.app import Context`[32m [repeated 10x across cluster][0m
[36m(ClientAppActor pid=1073113)[0m             This is a deprecated feature. It will be removed[32m [repeated 10x across cluster][0m
[36m(ClientAppActor pid=1073113)[0m             entirely in future versions of Flower.[32m [repeated 10x across cluster][0m
[36m(ClientAppActor pid=1073116)[0m 
[36m(ClientAppActor pid=1073116)[0m         
[36m(ClientAppActor pid=1073115)[0m 
[36m(ClientAppActor pid=1073115)[0m         
[36m(ClientAppActor pid=1073112)[0m 
[36m(ClientAppActor pid=1073112)[0m         
[36m(ClientAppActor pid=1073114)[0m 
[36m(ClientAppActor pid=1073114)[0m         
[92mINFO [0m:      aggregate_evaluate: received 5 results and 0 failures
[92mINFO [0m:      
[92mINFO [0m:      [ROUND 10]
[92mINFO [0m:      configure_fit: strategy sampled 5 clients (out of 5)
[36m(ClientAppActor pid=1073114)[0m 
[36m(ClientAppActor pid=1073114)[0m         
[36m(ClientAppActor pid=1073112)[0m 
[36m(ClientAppActor pid=1073112)[0m         
[36m(ClientAppActor pid=1073115)[0m 
[36m(ClientAppActor pid=1073115)[0m         
[36m(ClientAppActor pid=1073116)[0m 
[36m(ClientAppActor pid=1073116)[0m         
[36m(ClientAppActor pid=1073113)[0m 
[36m(ClientAppActor pid=1073113)[0m         
[92mINFO [0m:      aggregate_fit: received 5 results and 0 failures
[92mINFO [0m:      fit progress: (10, 0.9611157504081727, {'accuracy': 0.667, 'loss': 0.9611157504081727}, 158.1652267940226)
[92mINFO [0m:      configure_evaluate: strategy sampled 5 clients (out of 5)
[36m(ClientAppActor pid=1073114)[0m 
[36m(ClientAppActor pid=1073114)[0m         
[36m(ClientAppActor pid=1073114)[0m [93mWARNING [0m:   DEPRECATED FEATURE: `client_fn` now expects a signature `def client_fn(context: Context)`.The provided `client_fn` has signature: {'cid': <Parameter "cid: str">}. You can import the `Context` like this: `from flwr.app import Context`[32m [repeated 10x across cluster][0m
[36m(ClientAppActor pid=1073114)[0m             This is a deprecated feature. It will be removed[32m [repeated 10x across cluster][0m
[36m(ClientAppActor pid=1073114)[0m             entirely in future versions of Flower.[32m [repeated 10x across cluster][0m
[36m(ClientAppActor pid=1073115)[0m 
[36m(ClientAppActor pid=1073115)[0m         
[36m(ClientAppActor pid=1073113)[0m 
[36m(ClientAppActor pid=1073113)[0m         
[36m(ClientAppActor pid=1073112)[0m 
[36m(ClientAppActor pid=1073112)[0m         
[36m(ClientAppActor pid=1073116)[0m 
[36m(ClientAppActor pid=1073116)[0m         
[92mINFO [0m:      aggregate_evaluate: received 5 results and 0 failures
[92mINFO [0m:      
[92mINFO [0m:      [SUMMARY]
[92mINFO [0m:      Run finished 10 round(s) in 159.09s
[92mINFO [0m:      	History (loss, distributed):
[92mINFO [0m:      		round 1: 2.236076506443302
[92mINFO [0m:      		round 2: 1.861654161381106
[92mINFO [0m:      		round 3: 1.4802012059219556
[92mINFO [0m:      		round 4: 1.367118182541586
[92mINFO [0m:      		round 5: 1.1443202370091488
[92mINFO [0m:      		round 6: 1.1994112233579315
[92mINFO [0m:      		round 7: 1.0826348318847532
[92mINFO [0m:      		round 8: 0.9709609580655467
[92mINFO [0m:      		round 9: 0.972915655879085
[92mINFO [0m:      		round 10: 0.9408885666745316
[92mINFO [0m:      	History (loss, centralized):
[92mINFO [0m:      		round 0: 2.3033785850524904
[92mINFO [0m:      		round 1: 2.2370482215881347
[92mINFO [0m:      		round 2: 1.8737995977401734
[92mINFO [0m:      		round 3: 1.4949502607345582
[92mINFO [0m:      		round 4: 1.383451554298401
[92mINFO [0m:      		round 5: 1.1595705667495728
[92mINFO [0m:      		round 6: 1.2156882301330567
[92mINFO [0m:      		round 7: 1.1045970163345338
[92mINFO [0m:      		round 8: 0.9906677836418152
[92mINFO [0m:      		round 9: 0.9982547560691833
[92mINFO [0m:      		round 10: 0.9611157504081727
[92mINFO [0m:      	History (metrics, distributed, fit):
[92mINFO [0m:      	{'avg_epochs_weighted': [(1, 3.5251205475190543),
[92mINFO [0m:      	                         (2, 3.5251205475190543),
[92mINFO [0m:      	                         (3, 3.5251205475190543),
[92mINFO [0m:      	                         (4, 3.5251205475190543),
[92mINFO [0m:      	                         (5, 3.5251205475190543),
[92mINFO [0m:      	                         (6, 3.5251205475190543),
[92mINFO [0m:      	                         (7, 3.5251205475190543),
[92mINFO [0m:      	                         (8, 3.5251205475190543),
[92mINFO [0m:      	                         (9, 3.5251205475190543),
[92mINFO [0m:      	                         (10, 3.5251205475190543)],
[92mINFO [0m:      	 'avg_flops_per_client_round': [(1, 5739463855104.0),
[92mINFO [0m:      	                                (2, 5739463855104.0),
[92mINFO [0m:      	                                (3, 5739463855104.0),
[92mINFO [0m:      	                                (4, 5739463855104.0),
[92mINFO [0m:      	                                (5, 5739463855104.0),
[92mINFO [0m:      	                                (6, 5739463855104.0),
[92mINFO [0m:      	                                (7, 5739463855104.0),
[92mINFO [0m:      	                                (8, 5739463855104.0),
[92mINFO [0m:      	                                (9, 5739463855104.0),
[92mINFO [0m:      	                                (10, 5739463855104.0)],
[92mINFO [0m:      	 'avg_lr_weighted': [(1, 0.005769477043231006),
[92mINFO [0m:      	                     (2, 0.005769477043231006),
[92mINFO [0m:      	                     (3, 0.005769477043231006),
[92mINFO [0m:      	                     (4, 0.005769477043231006),
[92mINFO [0m:      	                     (5, 0.005769477043231006),
[92mINFO [0m:      	                     (6, 0.005769477043231006),
[92mINFO [0m:      	                     (7, 0.005769477043231006),
[92mINFO [0m:      	                     (8, 0.005769477043231006),
[92mINFO [0m:      	                     (9, 0.005769477043231006),
[92mINFO [0m:      	                     (10, 0.005769477043231006)],
[92mINFO [0m:      	 'total_flops_round': [(1, 28697319275520),
[92mINFO [0m:      	                       (2, 28697319275520),
[92mINFO [0m:      	                       (3, 28697319275520),
[92mINFO [0m:      	                       (4, 28697319275520),
[92mINFO [0m:      	                       (5, 28697319275520),
[92mINFO [0m:      	                       (6, 28697319275520),
[92mINFO [0m:      	                       (7, 28697319275520),
[92mINFO [0m:      	                       (8, 28697319275520),
[92mINFO [0m:      	                       (9, 28697319275520),
[92mINFO [0m:      	                       (10, 28697319275520)]}
[92mINFO [0m:      	History (metrics, distributed, evaluate):
[92mINFO [0m:      	{'accuracy': [(1, 0.12107264358615169),
[92mINFO [0m:      	              (2, 0.3680208124874925),
[92mINFO [0m:      	              (3, 0.4846908144886932),
[92mINFO [0m:      	              (4, 0.5249149489693816),
[92mINFO [0m:      	              (5, 0.59615769461677),
[92mINFO [0m:      	              (6, 0.5879527716629978),
[92mINFO [0m:      	              (7, 0.6189713828296978),
[92mINFO [0m:      	              (8, 0.6593956373824295),
[92mINFO [0m:      	              (9, 0.6657994796878127),
[92mINFO [0m:      	              (10, 0.6748048829297578)],
[92mINFO [0m:      	 'loss': [(1, 2.236076506443302),
[92mINFO [0m:      	          (2, 1.861654161381106),
[92mINFO [0m:      	          (3, 1.4802012059219556),
[92mINFO [0m:      	          (4, 1.367118182541586),
[92mINFO [0m:      	          (5, 1.1443202370091488),
[92mINFO [0m:      	          (6, 1.1994112233579315),
[92mINFO [0m:      	          (7, 1.0826348318847532),
[92mINFO [0m:      	          (8, 0.9709609580655467),
[92mINFO [0m:      	          (9, 0.972915655879085),
[92mINFO [0m:      	          (10, 0.9408885666745316)]}
[92mINFO [0m:      	History (metrics, centralized):
[92mINFO [0m:      	{'accuracy': [(0, 0.0993),
[92mINFO [0m:      	              (1, 0.1192),
[92mINFO [0m:      	              (2, 0.3606),
[92mINFO [0m:      	              (3, 0.4711),
[92mINFO [0m:      	              (4, 0.5156),
[92mINFO [0m:      	              (5, 0.5837),
[92mINFO [0m:      	              (6, 0.5716),
[92mINFO [0m:      	              (7, 0.6118),
[92mINFO [0m:      	              (8, 0.6484),
[92mINFO [0m:      	              (9, 0.65),
[92mINFO [0m:      	              (10, 0.667)],
[92mINFO [0m:      	 'loss': [(0, 2.3033785850524904),
[92mINFO [0m:      	          (1, 2.2370482215881347),
[92mINFO [0m:      	          (2, 1.8737995977401734),
[92mINFO [0m:      	          (3, 1.4949502607345582),
[92mINFO [0m:      	          (4, 1.383451554298401),
[92mINFO [0m:      	          (5, 1.1595705667495728),
[92mINFO [0m:      	          (6, 1.2156882301330567),
[92mINFO [0m:      	          (7, 1.1045970163345338),
[92mINFO [0m:      	          (8, 0.9906677836418152),
[92mINFO [0m:      	          (9, 0.9982547560691833),
[92mINFO [0m:      	          (10, 0.9611157504081727)]}
[92mINFO [0m:      
Treinando no dispositivo: cuda:0 com o dataset: CIFAR10 | Setup clientes: 5 (num_gpus por cliente=0.2) | SEED=44
FLOPS por amostra (forward): 6.030e+07 | (forward+backward, 3x): 1.809e+08
Files already downloaded and verified
Files already downloaded and verified
Dividindo o dataset usando a distribuição de Dirichlet com alpha=0.1.
Iniciando a simulação de Aprendizado Federado...
=== Diagnóstico de Medição de GPU ===
  pynvml_disponivel: True
  pynvml_versao: 580.173.02
  gpus_detectadas: 1
  leitura_potencia_ok: True
  potencia_atual_W: 54.169

--- Rodada 0 - Avaliação Centralizada (Servidor) ---
Loss (Servidor): 2.3034 | Acurácia (Servidor): 0.0993
[36m(ClientAppActor pid=1073116)[0m Cliente 1: HetRaw=2.0140 | HetNorm=0.6713 | Epochs=3 (dyn=True) | LR=0.004983 (dyn=True) | FedProx=True (mu=0.01)

--- Rodada 1 - Avaliação Centralizada (Servidor) ---
Loss (Servidor): 2.2370 | Acurácia (Servidor): 0.1192
--- Avaliação Agregada (Clientes) ---
Loss Média (Clientes): 2.2361 | Acurácia Média (Clientes): 0.1211
[36m(ClientAppActor pid=1073116)[0m Cliente 2: HetRaw=1.5538 | HetNorm=0.5179 | Epochs=3 (dyn=True) | LR=0.005628 (dyn=True) | FedProx=True (mu=0.01)[32m [repeated 5x across cluster][0m

--- Rodada 2 - Avaliação Centralizada (Servidor) ---
Loss (Servidor): 1.8738 | Acurácia (Servidor): 0.3606
--- Avaliação Agregada (Clientes) ---
Loss Média (Clientes): 1.8617 | Acurácia Média (Clientes): 0.3680
[36m(ClientAppActor pid=1073112)[0m Cliente 2: HetRaw=1.5538 | HetNorm=0.5179 | Epochs=3 (dyn=True) | LR=0.005628 (dyn=True) | FedProx=True (mu=0.01)[32m [repeated 5x across cluster][0m

--- Rodada 3 - Avaliação Centralizada (Servidor) ---
Loss (Servidor): 1.4950 | Acurácia (Servidor): 0.4711
--- Avaliação Agregada (Clientes) ---
Loss Média (Clientes): 1.4802 | Acurácia Média (Clientes): 0.4847
[36m(ClientAppActor pid=1073113)[0m Cliente 0: HetRaw=1.2880 | HetNorm=0.4293 | Epochs=4 (dyn=True) | LR=0.006083 (dyn=True) | FedProx=True (mu=0.01)[32m [repeated 5x across cluster][0m

--- Rodada 4 - Avaliação Centralizada (Servidor) ---
Loss (Servidor): 1.3835 | Acurácia (Servidor): 0.5156
--- Avaliação Agregada (Clientes) ---
Loss Média (Clientes): 1.3671 | Acurácia Média (Clientes): 0.5249
[36m(ClientAppActor pid=1073112)[0m Cliente 0: HetRaw=1.2880 | HetNorm=0.4293 | Epochs=4 (dyn=True) | LR=0.006083 (dyn=True) | FedProx=True (mu=0.01)[32m [repeated 5x across cluster][0m

--- Rodada 5 - Avaliação Centralizada (Servidor) ---
Loss (Servidor): 1.1596 | Acurácia (Servidor): 0.5837
--- Avaliação Agregada (Clientes) ---
Loss Média (Clientes): 1.1443 | Acurácia Média (Clientes): 0.5962
[36m(ClientAppActor pid=1073115)[0m Cliente 2: HetRaw=1.5538 | HetNorm=0.5179 | Epochs=3 (dyn=True) | LR=0.005628 (dyn=True) | FedProx=True (mu=0.01)[32m [repeated 5x across cluster][0m

--- Rodada 6 - Avaliação Centralizada (Servidor) ---
Loss (Servidor): 1.2157 | Acurácia (Servidor): 0.5716
--- Avaliação Agregada (Clientes) ---
Loss Média (Clientes): 1.1994 | Acurácia Média (Clientes): 0.5880
[36m(ClientAppActor pid=1073116)[0m Cliente 4: HetRaw=1.2458 | HetNorm=0.4153 | Epochs=4 (dyn=True) | LR=0.006162 (dyn=True) | FedProx=True (mu=0.01)[32m [repeated 5x across cluster][0m

--- Rodada 7 - Avaliação Centralizada (Servidor) ---
Loss (Servidor): 1.1046 | Acurácia (Servidor): 0.6118
--- Avaliação Agregada (Clientes) ---
Loss Média (Clientes): 1.0826 | Acurácia Média (Clientes): 0.6190
[36m(ClientAppActor pid=1073113)[0m Cliente 0: HetRaw=1.2880 | HetNorm=0.4293 | Epochs=4 (dyn=True) | LR=0.006083 (dyn=True) | FedProx=True (mu=0.01)[32m [repeated 5x across cluster][0m

--- Rodada 8 - Avaliação Centralizada (Servidor) ---
Loss (Servidor): 0.9907 | Acurácia (Servidor): 0.6484
--- Avaliação Agregada (Clientes) ---
Loss Média (Clientes): 0.9710 | Acurácia Média (Clientes): 0.6594
[36m(ClientAppActor pid=1073112)[0m Cliente 3: HetRaw=1.9014 | HetNorm=0.6338 | Epochs=3 (dyn=True) | LR=0.005126 (dyn=True) | FedProx=True (mu=0.01)[32m [repeated 5x across cluster][0m

--- Rodada 9 - Avaliação Centralizada (Servidor) ---
Loss (Servidor): 0.9983 | Acurácia (Servidor): 0.6500
--- Avaliação Agregada (Clientes) ---
Loss Média (Clientes): 0.9729 | Acurácia Média (Clientes): 0.6658
[36m(ClientAppActor pid=1073114)[0m Cliente 4: HetRaw=1.2458 | HetNorm=0.4153 | Epochs=4 (dyn=True) | LR=0.006162 (dyn=True) | FedProx=True (mu=0.01)[32m [repeated 5x across cluster][0m

--- Rodada 10 - Avaliação Centralizada (Servidor) ---
Loss (Servidor): 0.9611 | Acurácia (Servidor): 0.6670
--- Avaliação Agregada (Clientes) ---
Loss Média (Clientes): 0.9409 | Acurácia Média (Clientes): 0.6748

Resultados salvos em: /home/tiago/GitHubProjects/fedhad-thesis-2/FedHAD-results/1.1_diagnostico_drift/CIFAR10-Standard/FedHAD__CIFAR10__Mode-STANDARD__Cfg-E1L1F1__Setup-5__Clients-5__Rounds-10__Delay-0_05__Alpha-0_1__Seed-44.txt
[36m(ClientAppActor pid=1073116)[0m [93mWARNING [0m:   DEPRECATED FEATURE: `client_fn` now expects a signature `def client_fn(context: Context)`.The provided `client_fn` has signature: {'cid': <Parameter "cid: str">}. You can import the `Context` like this: `from flwr.app import Context`[32m [repeated 4x across cluster][0m
[36m(ClientAppActor pid=1073116)[0m             This is a deprecated feature. It will be removed[32m [repeated 4x across cluster][0m
[36m(ClientAppActor pid=1073116)[0m             entirely in future versions of Flower.[32m [repeated 4x across cluster][0m
[36m(ClientAppActor pid=1073113)[0m Cliente 2: HetRaw=1.5538 | HetNorm=0.5179 | Epochs=3 (dyn=True) | LR=0.005628 (dyn=True) | FedProx=True (mu=0.01)[32m [repeated 4x across cluster][0m
