[codecarbon WARNING @ 17:48:51] Multiple instances of codecarbon are allowed to run at the same time.
[93mWARNING [0m:   DEPRECATED FEATURE: flwr.simulation.start_simulation() is deprecated.
	Instead, use the `flwr run` CLI command to start a local simulation in your Flower app, as shown for example below:

		$ flwr new  # Create a new Flower app from a template

		$ flwr run  # Run the Flower app in Simulation Mode

	Using `start_simulation()` is deprecated.

            This is a deprecated feature. It will be removed
            entirely in future versions of Flower.
        
[92mINFO [0m:      Starting Flower simulation, config: num_rounds=10, no round_timeout
2026-09-04 17:48:59,521	INFO worker.py:2012 -- Started a local Ray instance.
/home/tiago/GitHubProjects/fedhad-thesis-2/env_flwr_pt/lib/python3.12/site-packages/ray/_private/worker.py:2051: FutureWarning: Tip: In future versions of Ray, Ray will no longer override accelerator visible devices env var if num_gpus=0 or num_gpus=None (default). To enable this behavior and turn off this error message, set RAY_ACCEL_ENV_VAR_OVERRIDE_ON_ZERO=0
  warnings.warn(
[92mINFO [0m:      Flower VCE: Ray initialized with resources: {'CPU': 64.0, 'node:10.129.64.100': 1.0, 'accelerator_type:A40': 1.0, 'memory': 180846458061.0, 'object_store_memory': 77505624883.0, 'GPU': 1.0, 'node:__internal_head__': 1.0}
[92mINFO [0m:      Optimize your simulation with Flower VCE: https://flower.ai/docs/framework/how-to-run-simulations.html
/home/tiago/GitHubProjects/fedhad-thesis-2/FedHAD_Final_2.0.py:1916: UserWarning: No `num_cpus` specified in `client_resources`. Using `num_cpus=1` for each client.
  history = fl.simulation.start_simulation(
[92mINFO [0m:      Flower VCE: Resources for each Virtual Client: {'num_gpus': 0.2, 'num_cpus': 1}
[92mINFO [0m:      Flower VCE: Creating VirtualClientEngineActorPool with 5 actors
[92mINFO [0m:      [INIT]
[92mINFO [0m:      Requesting initial parameters from one random client
[36m(ClientAppActor pid=1200207)[0m [93mWARNING [0m:   DEPRECATED FEATURE: `client_fn` now expects a signature `def client_fn(context: Context)`.The provided `client_fn` has signature: {'cid': <Parameter "cid: str">}. You can import the `Context` like this: `from flwr.app import Context`
[36m(ClientAppActor pid=1200207)[0m 
[36m(ClientAppActor pid=1200207)[0m             This is a deprecated feature. It will be removed
[36m(ClientAppActor pid=1200207)[0m             entirely in future versions of Flower.
[36m(ClientAppActor pid=1200207)[0m         
[92mINFO [0m:      Received initial parameters from one random client
[92mINFO [0m:      Starting evaluation of initial global parameters
[92mINFO [0m:      initial parameters (loss, other metrics): 2.303046936035156, {'accuracy': 0.1118, 'loss': 2.303046936035156}
[92mINFO [0m:      
[92mINFO [0m:      [ROUND 1]
[92mINFO [0m:      configure_fit: strategy sampled 5 clients (out of 5)
[36m(ClientAppActor pid=1200207)[0m [93mWARNING [0m:   DEPRECATED FEATURE: `client_fn` now expects a signature `def client_fn(context: Context)`.The provided `client_fn` has signature: {'cid': <Parameter "cid: str">}. You can import the `Context` like this: `from flwr.app import Context`
[36m(ClientAppActor pid=1200207)[0m 
[36m(ClientAppActor pid=1200207)[0m             This is a deprecated feature. It will be removed
[36m(ClientAppActor pid=1200207)[0m             entirely in future versions of Flower.
[36m(ClientAppActor pid=1200207)[0m         
[36m(ClientAppActor pid=1200211)[0m 
[36m(ClientAppActor pid=1200211)[0m         
[36m(ClientAppActor pid=1200210)[0m 
[36m(ClientAppActor pid=1200210)[0m         
[36m(ClientAppActor pid=1200209)[0m 
[36m(ClientAppActor pid=1200209)[0m         
[36m(ClientAppActor pid=1200208)[0m 
[36m(ClientAppActor pid=1200208)[0m         
[92mINFO [0m:      aggregate_fit: received 5 results and 0 failures
[92mINFO [0m:      fit progress: (1, 2.143567552947998, {'accuracy': 0.2815, 'loss': 2.143567552947998}, 22.373804311966524)
[92mINFO [0m:      configure_evaluate: strategy sampled 5 clients (out of 5)
[36m(ClientAppActor pid=1200209)[0m 
[36m(ClientAppActor pid=1200209)[0m         
[36m(ClientAppActor pid=1200209)[0m [93mWARNING [0m:   DEPRECATED FEATURE: `client_fn` now expects a signature `def client_fn(context: Context)`.The provided `client_fn` has signature: {'cid': <Parameter "cid: str">}. You can import the `Context` like this: `from flwr.app import Context`[32m [repeated 5x across cluster] (Ray deduplicates logs by default. Set RAY_DEDUP_LOGS=0 to disable log deduplication, or see https://docs.ray.io/en/master/ray-observability/user-guides/configure-logging.html#log-deduplication for more options.)[0m
[36m(ClientAppActor pid=1200209)[0m             This is a deprecated feature. It will be removed[32m [repeated 5x across cluster][0m
[36m(ClientAppActor pid=1200209)[0m             entirely in future versions of Flower.[32m [repeated 5x across cluster][0m
[36m(ClientAppActor pid=1200208)[0m 
[36m(ClientAppActor pid=1200208)[0m         
[36m(ClientAppActor pid=1200210)[0m 
[36m(ClientAppActor pid=1200210)[0m         
[36m(ClientAppActor pid=1200211)[0m 
[36m(ClientAppActor pid=1200211)[0m         
[36m(ClientAppActor pid=1200207)[0m 
[36m(ClientAppActor pid=1200207)[0m         
[92mINFO [0m:      aggregate_evaluate: received 5 results and 0 failures
[92mINFO [0m:      
[92mINFO [0m:      [ROUND 2]
[92mINFO [0m:      configure_fit: strategy sampled 5 clients (out of 5)
[36m(ClientAppActor pid=1200207)[0m 
[36m(ClientAppActor pid=1200207)[0m         
[36m(ClientAppActor pid=1200208)[0m 
[36m(ClientAppActor pid=1200208)[0m         
[36m(ClientAppActor pid=1200211)[0m 
[36m(ClientAppActor pid=1200211)[0m         
[36m(ClientAppActor pid=1200210)[0m 
[36m(ClientAppActor pid=1200210)[0m         
[36m(ClientAppActor pid=1200209)[0m 
[36m(ClientAppActor pid=1200209)[0m         
[92mINFO [0m:      aggregate_fit: received 5 results and 0 failures
[92mINFO [0m:      fit progress: (2, 1.698180284881592, {'accuracy': 0.4634, 'loss': 1.698180284881592}, 43.259092989959754)
[92mINFO [0m:      configure_evaluate: strategy sampled 5 clients (out of 5)
[36m(ClientAppActor pid=1200211)[0m 
[36m(ClientAppActor pid=1200211)[0m         
[36m(ClientAppActor pid=1200211)[0m [93mWARNING [0m:   DEPRECATED FEATURE: `client_fn` now expects a signature `def client_fn(context: Context)`.The provided `client_fn` has signature: {'cid': <Parameter "cid: str">}. You can import the `Context` like this: `from flwr.app import Context`[32m [repeated 10x across cluster][0m
[36m(ClientAppActor pid=1200211)[0m             This is a deprecated feature. It will be removed[32m [repeated 10x across cluster][0m
[36m(ClientAppActor pid=1200211)[0m             entirely in future versions of Flower.[32m [repeated 10x across cluster][0m
[36m(ClientAppActor pid=1200209)[0m 
[36m(ClientAppActor pid=1200209)[0m         
[36m(ClientAppActor pid=1200210)[0m 
[36m(ClientAppActor pid=1200210)[0m         
[36m(ClientAppActor pid=1200207)[0m 
[36m(ClientAppActor pid=1200207)[0m         
[36m(ClientAppActor pid=1200208)[0m 
[36m(ClientAppActor pid=1200208)[0m         
[92mINFO [0m:      aggregate_evaluate: received 5 results and 0 failures
[92mINFO [0m:      
[92mINFO [0m:      [ROUND 3]
[92mINFO [0m:      configure_fit: strategy sampled 5 clients (out of 5)
[36m(ClientAppActor pid=1200207)[0m 
[36m(ClientAppActor pid=1200207)[0m         
[36m(ClientAppActor pid=1200208)[0m 
[36m(ClientAppActor pid=1200208)[0m         
[36m(ClientAppActor pid=1200210)[0m 
[36m(ClientAppActor pid=1200210)[0m         
[36m(ClientAppActor pid=1200209)[0m 
[36m(ClientAppActor pid=1200209)[0m         
[36m(ClientAppActor pid=1200211)[0m 
[36m(ClientAppActor pid=1200211)[0m         
[92mINFO [0m:      aggregate_fit: received 5 results and 0 failures
[92mINFO [0m:      fit progress: (3, 1.7036074132919312, {'accuracy': 0.4815, 'loss': 1.7036074132919312}, 64.26835546898656)
[92mINFO [0m:      configure_evaluate: strategy sampled 5 clients (out of 5)
[36m(ClientAppActor pid=1200207)[0m 
[36m(ClientAppActor pid=1200207)[0m         
[36m(ClientAppActor pid=1200207)[0m [93mWARNING [0m:   DEPRECATED FEATURE: `client_fn` now expects a signature `def client_fn(context: Context)`.The provided `client_fn` has signature: {'cid': <Parameter "cid: str">}. You can import the `Context` like this: `from flwr.app import Context`[32m [repeated 10x across cluster][0m
[36m(ClientAppActor pid=1200207)[0m             This is a deprecated feature. It will be removed[32m [repeated 10x across cluster][0m
[36m(ClientAppActor pid=1200207)[0m             entirely in future versions of Flower.[32m [repeated 10x across cluster][0m
[36m(ClientAppActor pid=1200211)[0m 
[36m(ClientAppActor pid=1200211)[0m         
[36m(ClientAppActor pid=1200209)[0m 
[36m(ClientAppActor pid=1200209)[0m         
[36m(ClientAppActor pid=1200208)[0m 
[36m(ClientAppActor pid=1200208)[0m         
[36m(ClientAppActor pid=1200210)[0m 
[36m(ClientAppActor pid=1200210)[0m         
[92mINFO [0m:      aggregate_evaluate: received 5 results and 0 failures
[92mINFO [0m:      
[92mINFO [0m:      [ROUND 4]
[92mINFO [0m:      configure_fit: strategy sampled 5 clients (out of 5)
[36m(ClientAppActor pid=1200210)[0m 
[36m(ClientAppActor pid=1200210)[0m         
[36m(ClientAppActor pid=1200209)[0m 
[36m(ClientAppActor pid=1200209)[0m         
[36m(ClientAppActor pid=1200208)[0m 
[36m(ClientAppActor pid=1200208)[0m         
[36m(ClientAppActor pid=1200211)[0m 
[36m(ClientAppActor pid=1200211)[0m         
[36m(ClientAppActor pid=1200207)[0m 
[36m(ClientAppActor pid=1200207)[0m         
[92mINFO [0m:      aggregate_fit: received 5 results and 0 failures
[92mINFO [0m:      fit progress: (4, 1.5946490669250488, {'accuracy': 0.5261, 'loss': 1.5946490669250488}, 85.83509254298406)
[92mINFO [0m:      configure_evaluate: strategy sampled 5 clients (out of 5)
[36m(ClientAppActor pid=1200207)[0m 
[36m(ClientAppActor pid=1200207)[0m         
[36m(ClientAppActor pid=1200207)[0m [93mWARNING [0m:   DEPRECATED FEATURE: `client_fn` now expects a signature `def client_fn(context: Context)`.The provided `client_fn` has signature: {'cid': <Parameter "cid: str">}. You can import the `Context` like this: `from flwr.app import Context`[32m [repeated 10x across cluster][0m
[36m(ClientAppActor pid=1200207)[0m             This is a deprecated feature. It will be removed[32m [repeated 10x across cluster][0m
[36m(ClientAppActor pid=1200207)[0m             entirely in future versions of Flower.[32m [repeated 10x across cluster][0m
[36m(ClientAppActor pid=1200210)[0m 
[36m(ClientAppActor pid=1200210)[0m         
[36m(ClientAppActor pid=1200211)[0m 
[36m(ClientAppActor pid=1200211)[0m         
[36m(ClientAppActor pid=1200208)[0m 
[36m(ClientAppActor pid=1200208)[0m         
[36m(ClientAppActor pid=1200209)[0m 
[36m(ClientAppActor pid=1200209)[0m         
[92mINFO [0m:      aggregate_evaluate: received 5 results and 0 failures
[92mINFO [0m:      
[92mINFO [0m:      [ROUND 5]
[92mINFO [0m:      configure_fit: strategy sampled 5 clients (out of 5)
[36m(ClientAppActor pid=1200209)[0m 
[36m(ClientAppActor pid=1200209)[0m         
[36m(ClientAppActor pid=1200210)[0m 
[36m(ClientAppActor pid=1200210)[0m         
[36m(ClientAppActor pid=1200208)[0m 
[36m(ClientAppActor pid=1200208)[0m         
[36m(ClientAppActor pid=1200211)[0m 
[36m(ClientAppActor pid=1200211)[0m         
[36m(ClientAppActor pid=1200207)[0m 
[36m(ClientAppActor pid=1200207)[0m         
[92mINFO [0m:      aggregate_fit: received 5 results and 0 failures
[92mINFO [0m:      fit progress: (5, 1.5841318351745606, {'accuracy': 0.5469, 'loss': 1.5841318351745606}, 107.48229325399734)
[92mINFO [0m:      configure_evaluate: strategy sampled 5 clients (out of 5)
[36m(ClientAppActor pid=1200210)[0m 
[36m(ClientAppActor pid=1200210)[0m         
[36m(ClientAppActor pid=1200210)[0m [93mWARNING [0m:   DEPRECATED FEATURE: `client_fn` now expects a signature `def client_fn(context: Context)`.The provided `client_fn` has signature: {'cid': <Parameter "cid: str">}. You can import the `Context` like this: `from flwr.app import Context`[32m [repeated 10x across cluster][0m
[36m(ClientAppActor pid=1200210)[0m             This is a deprecated feature. It will be removed[32m [repeated 10x across cluster][0m
[36m(ClientAppActor pid=1200210)[0m             entirely in future versions of Flower.[32m [repeated 10x across cluster][0m
[36m(ClientAppActor pid=1200211)[0m 
[36m(ClientAppActor pid=1200211)[0m         
[36m(ClientAppActor pid=1200208)[0m 
[36m(ClientAppActor pid=1200208)[0m         
[36m(ClientAppActor pid=1200209)[0m 
[36m(ClientAppActor pid=1200209)[0m         
[36m(ClientAppActor pid=1200207)[0m 
[36m(ClientAppActor pid=1200207)[0m         
[92mINFO [0m:      aggregate_evaluate: received 5 results and 0 failures
[92mINFO [0m:      
[92mINFO [0m:      [ROUND 6]
[92mINFO [0m:      configure_fit: strategy sampled 5 clients (out of 5)
[36m(ClientAppActor pid=1200209)[0m 
[36m(ClientAppActor pid=1200209)[0m         
[36m(ClientAppActor pid=1200207)[0m 
[36m(ClientAppActor pid=1200207)[0m         
[36m(ClientAppActor pid=1200208)[0m 
[36m(ClientAppActor pid=1200208)[0m         
[36m(ClientAppActor pid=1200211)[0m 
[36m(ClientAppActor pid=1200211)[0m         
[36m(ClientAppActor pid=1200210)[0m 
[36m(ClientAppActor pid=1200210)[0m         
[92mINFO [0m:      aggregate_fit: received 5 results and 0 failures
[92mINFO [0m:      fit progress: (6, 1.4908194114685058, {'accuracy': 0.5662, 'loss': 1.4908194114685058}, 129.51933101401664)
[92mINFO [0m:      configure_evaluate: strategy sampled 5 clients (out of 5)
[36m(ClientAppActor pid=1200210)[0m 
[36m(ClientAppActor pid=1200210)[0m         
[36m(ClientAppActor pid=1200210)[0m [93mWARNING [0m:   DEPRECATED FEATURE: `client_fn` now expects a signature `def client_fn(context: Context)`.The provided `client_fn` has signature: {'cid': <Parameter "cid: str">}. You can import the `Context` like this: `from flwr.app import Context`[32m [repeated 10x across cluster][0m
[36m(ClientAppActor pid=1200210)[0m             This is a deprecated feature. It will be removed[32m [repeated 10x across cluster][0m
[36m(ClientAppActor pid=1200210)[0m             entirely in future versions of Flower.[32m [repeated 10x across cluster][0m
[36m(ClientAppActor pid=1200211)[0m 
[36m(ClientAppActor pid=1200211)[0m         
[36m(ClientAppActor pid=1200208)[0m 
[36m(ClientAppActor pid=1200208)[0m         
[36m(ClientAppActor pid=1200209)[0m 
[36m(ClientAppActor pid=1200209)[0m         
[36m(ClientAppActor pid=1200207)[0m 
[36m(ClientAppActor pid=1200207)[0m         
[92mINFO [0m:      aggregate_evaluate: received 5 results and 0 failures
[92mINFO [0m:      
[92mINFO [0m:      [ROUND 7]
[92mINFO [0m:      configure_fit: strategy sampled 5 clients (out of 5)
[36m(ClientAppActor pid=1200207)[0m 
[36m(ClientAppActor pid=1200207)[0m         
[36m(ClientAppActor pid=1200209)[0m 
[36m(ClientAppActor pid=1200209)[0m         
[36m(ClientAppActor pid=1200208)[0m 
[36m(ClientAppActor pid=1200208)[0m         
[36m(ClientAppActor pid=1200211)[0m 
[36m(ClientAppActor pid=1200211)[0m         
[36m(ClientAppActor pid=1200210)[0m 
[36m(ClientAppActor pid=1200210)[0m         
[92mINFO [0m:      aggregate_fit: received 5 results and 0 failures
[92mINFO [0m:      fit progress: (7, 1.3983798948287964, {'accuracy': 0.5893, 'loss': 1.3983798948287964}, 150.2335034229909)
[92mINFO [0m:      configure_evaluate: strategy sampled 5 clients (out of 5)
[36m(ClientAppActor pid=1200207)[0m 
[36m(ClientAppActor pid=1200207)[0m         
[36m(ClientAppActor pid=1200207)[0m [93mWARNING [0m:   DEPRECATED FEATURE: `client_fn` now expects a signature `def client_fn(context: Context)`.The provided `client_fn` has signature: {'cid': <Parameter "cid: str">}. You can import the `Context` like this: `from flwr.app import Context`[32m [repeated 10x across cluster][0m
[36m(ClientAppActor pid=1200207)[0m             This is a deprecated feature. It will be removed[32m [repeated 10x across cluster][0m
[36m(ClientAppActor pid=1200207)[0m             entirely in future versions of Flower.[32m [repeated 10x across cluster][0m
[36m(ClientAppActor pid=1200209)[0m 
[36m(ClientAppActor pid=1200209)[0m         
[36m(ClientAppActor pid=1200211)[0m 
[36m(ClientAppActor pid=1200211)[0m         
[36m(ClientAppActor pid=1200208)[0m 
[36m(ClientAppActor pid=1200208)[0m         
[36m(ClientAppActor pid=1200210)[0m 
[36m(ClientAppActor pid=1200210)[0m         
[92mINFO [0m:      aggregate_evaluate: received 5 results and 0 failures
[92mINFO [0m:      
[92mINFO [0m:      [ROUND 8]
[92mINFO [0m:      configure_fit: strategy sampled 5 clients (out of 5)
[36m(ClientAppActor pid=1200210)[0m 
[36m(ClientAppActor pid=1200210)[0m         
[36m(ClientAppActor pid=1200208)[0m 
[36m(ClientAppActor pid=1200208)[0m         
[36m(ClientAppActor pid=1200211)[0m 
[36m(ClientAppActor pid=1200211)[0m         
[36m(ClientAppActor pid=1200207)[0m 
[36m(ClientAppActor pid=1200207)[0m         
[36m(ClientAppActor pid=1200209)[0m 
[36m(ClientAppActor pid=1200209)[0m         
[92mINFO [0m:      aggregate_fit: received 5 results and 0 failures
[92mINFO [0m:      fit progress: (8, 1.3995665307998657, {'accuracy': 0.5919, 'loss': 1.3995665307998657}, 171.26323421299458)
[92mINFO [0m:      configure_evaluate: strategy sampled 5 clients (out of 5)
[36m(ClientAppActor pid=1200207)[0m 
[36m(ClientAppActor pid=1200207)[0m         
[36m(ClientAppActor pid=1200207)[0m [93mWARNING [0m:   DEPRECATED FEATURE: `client_fn` now expects a signature `def client_fn(context: Context)`.The provided `client_fn` has signature: {'cid': <Parameter "cid: str">}. You can import the `Context` like this: `from flwr.app import Context`[32m [repeated 10x across cluster][0m
[36m(ClientAppActor pid=1200207)[0m             This is a deprecated feature. It will be removed[32m [repeated 10x across cluster][0m
[36m(ClientAppActor pid=1200207)[0m             entirely in future versions of Flower.[32m [repeated 10x across cluster][0m
[36m(ClientAppActor pid=1200208)[0m 
[36m(ClientAppActor pid=1200208)[0m         
[36m(ClientAppActor pid=1200209)[0m 
[36m(ClientAppActor pid=1200209)[0m         
[36m(ClientAppActor pid=1200211)[0m 
[36m(ClientAppActor pid=1200211)[0m         
[36m(ClientAppActor pid=1200210)[0m 
[36m(ClientAppActor pid=1200210)[0m         
[92mINFO [0m:      aggregate_evaluate: received 5 results and 0 failures
[92mINFO [0m:      
[92mINFO [0m:      [ROUND 9]
[92mINFO [0m:      configure_fit: strategy sampled 5 clients (out of 5)
[36m(ClientAppActor pid=1200211)[0m 
[36m(ClientAppActor pid=1200211)[0m         
[36m(ClientAppActor pid=1200210)[0m 
[36m(ClientAppActor pid=1200210)[0m         
[36m(ClientAppActor pid=1200208)[0m 
[36m(ClientAppActor pid=1200208)[0m         
[36m(ClientAppActor pid=1200209)[0m 
[36m(ClientAppActor pid=1200209)[0m         
[36m(ClientAppActor pid=1200207)[0m 
[36m(ClientAppActor pid=1200207)[0m         
[92mINFO [0m:      aggregate_fit: received 5 results and 0 failures
[92mINFO [0m:      fit progress: (9, 1.468638916015625, {'accuracy': 0.5937, 'loss': 1.468638916015625}, 192.4680132829817)
[92mINFO [0m:      configure_evaluate: strategy sampled 5 clients (out of 5)
[36m(ClientAppActor pid=1200207)[0m 
[36m(ClientAppActor pid=1200207)[0m         
[36m(ClientAppActor pid=1200207)[0m [93mWARNING [0m:   DEPRECATED FEATURE: `client_fn` now expects a signature `def client_fn(context: Context)`.The provided `client_fn` has signature: {'cid': <Parameter "cid: str">}. You can import the `Context` like this: `from flwr.app import Context`[32m [repeated 10x across cluster][0m
[36m(ClientAppActor pid=1200207)[0m             This is a deprecated feature. It will be removed[32m [repeated 10x across cluster][0m
[36m(ClientAppActor pid=1200207)[0m             entirely in future versions of Flower.[32m [repeated 10x across cluster][0m
[36m(ClientAppActor pid=1200209)[0m 
[36m(ClientAppActor pid=1200209)[0m         
[36m(ClientAppActor pid=1200208)[0m 
[36m(ClientAppActor pid=1200208)[0m         
[36m(ClientAppActor pid=1200211)[0m 
[36m(ClientAppActor pid=1200211)[0m         
[36m(ClientAppActor pid=1200210)[0m 
[36m(ClientAppActor pid=1200210)[0m         
[92mINFO [0m:      aggregate_evaluate: received 5 results and 0 failures
[92mINFO [0m:      
[92mINFO [0m:      [ROUND 10]
[92mINFO [0m:      configure_fit: strategy sampled 5 clients (out of 5)
[36m(ClientAppActor pid=1200211)[0m 
[36m(ClientAppActor pid=1200211)[0m         
[36m(ClientAppActor pid=1200210)[0m 
[36m(ClientAppActor pid=1200210)[0m         
[36m(ClientAppActor pid=1200208)[0m 
[36m(ClientAppActor pid=1200208)[0m         
[36m(ClientAppActor pid=1200209)[0m 
[36m(ClientAppActor pid=1200209)[0m         
[36m(ClientAppActor pid=1200207)[0m 
[36m(ClientAppActor pid=1200207)[0m         
[92mINFO [0m:      aggregate_fit: received 5 results and 0 failures
[92mINFO [0m:      fit progress: (10, 1.3839201675415038, {'accuracy': 0.6121, 'loss': 1.3839201675415038}, 213.49236298399046)
[92mINFO [0m:      configure_evaluate: strategy sampled 5 clients (out of 5)
[36m(ClientAppActor pid=1200209)[0m 
[36m(ClientAppActor pid=1200209)[0m         
[36m(ClientAppActor pid=1200209)[0m [93mWARNING [0m:   DEPRECATED FEATURE: `client_fn` now expects a signature `def client_fn(context: Context)`.The provided `client_fn` has signature: {'cid': <Parameter "cid: str">}. You can import the `Context` like this: `from flwr.app import Context`[32m [repeated 10x across cluster][0m
[36m(ClientAppActor pid=1200209)[0m             This is a deprecated feature. It will be removed[32m [repeated 10x across cluster][0m
[36m(ClientAppActor pid=1200209)[0m             entirely in future versions of Flower.[32m [repeated 10x across cluster][0m
[36m(ClientAppActor pid=1200211)[0m 
[36m(ClientAppActor pid=1200211)[0m         
[36m(ClientAppActor pid=1200207)[0m 
[36m(ClientAppActor pid=1200207)[0m         
[36m(ClientAppActor pid=1200210)[0m 
[36m(ClientAppActor pid=1200210)[0m         
[36m(ClientAppActor pid=1200208)[0m 
[36m(ClientAppActor pid=1200208)[0m         
[92mINFO [0m:      aggregate_evaluate: received 5 results and 0 failures
[92mINFO [0m:      
[92mINFO [0m:      [SUMMARY]
[92mINFO [0m:      Run finished 10 round(s) in 214.37s
[92mINFO [0m:      	History (loss, distributed):
[92mINFO [0m:      		round 1: 2.1444929459897364
[92mINFO [0m:      		round 2: 1.704266297454689
[92mINFO [0m:      		round 3: 1.715754149293079
[92mINFO [0m:      		round 4: 1.6022941356434637
[92mINFO [0m:      		round 5: 1.5925903751128385
[92mINFO [0m:      		round 6: 1.4966320604944572
[92mINFO [0m:      		round 7: 1.401471867555139
[92mINFO [0m:      		round 8: 1.4111471105010664
[92mINFO [0m:      		round 9: 1.484135793650947
[92mINFO [0m:      		round 10: 1.3870305869222976
[92mINFO [0m:      	History (loss, centralized):
[92mINFO [0m:      		round 0: 2.303046936035156
[92mINFO [0m:      		round 1: 2.143567552947998
[92mINFO [0m:      		round 2: 1.698180284881592
[92mINFO [0m:      		round 3: 1.7036074132919312
[92mINFO [0m:      		round 4: 1.5946490669250488
[92mINFO [0m:      		round 5: 1.5841318351745606
[92mINFO [0m:      		round 6: 1.4908194114685058
[92mINFO [0m:      		round 7: 1.3983798948287964
[92mINFO [0m:      		round 8: 1.3995665307998657
[92mINFO [0m:      		round 9: 1.468638916015625
[92mINFO [0m:      		round 10: 1.3839201675415038
[92mINFO [0m:      	History (metrics, distributed, fit):
[92mINFO [0m:      	{'avg_epochs_weighted': [(1, 3.218434736233945),
[92mINFO [0m:      	                         (2, 3.218434736233945),
[92mINFO [0m:      	                         (3, 3.218434736233945),
[92mINFO [0m:      	                         (4, 3.218434736233945),
[92mINFO [0m:      	                         (5, 3.218434736233945),
[92mINFO [0m:      	                         (6, 3.218434736233945),
[92mINFO [0m:      	                         (7, 3.218434736233945),
[92mINFO [0m:      	                         (8, 3.218434736233945),
[92mINFO [0m:      	                         (9, 3.218434736233945),
[92mINFO [0m:      	                         (10, 3.218434736233945)],
[92mINFO [0m:      	 'avg_flops_per_client_round': [(1, 5240013533184.0),
[92mINFO [0m:      	                                (2, 5240013533184.0),
[92mINFO [0m:      	                                (3, 5240013533184.0),
[92mINFO [0m:      	                                (4, 5240013533184.0),
[92mINFO [0m:      	                                (5, 5240013533184.0),
[92mINFO [0m:      	                                (6, 5240013533184.0),
[92mINFO [0m:      	                                (7, 5240013533184.0),
[92mINFO [0m:      	                                (8, 5240013533184.0),
[92mINFO [0m:      	                                (9, 5240013533184.0),
[92mINFO [0m:      	                                (10, 5240013533184.0)],
[92mINFO [0m:      	 'avg_lr_weighted': [(1, 0.005759675908488986),
[92mINFO [0m:      	                     (2, 0.005759675908488986),
[92mINFO [0m:      	                     (3, 0.005759675908488986),
[92mINFO [0m:      	                     (4, 0.005759675908488986),
[92mINFO [0m:      	                     (5, 0.005759675908488986),
[92mINFO [0m:      	                     (6, 0.005759675908488986),
[92mINFO [0m:      	                     (7, 0.005759675908488986),
[92mINFO [0m:      	                     (8, 0.005759675908488986),
[92mINFO [0m:      	                     (9, 0.005759675908488986),
[92mINFO [0m:      	                     (10, 0.005759675908488986)],
[92mINFO [0m:      	 'total_flops_round': [(1, 26200067665920),
[92mINFO [0m:      	                       (2, 26200067665920),
[92mINFO [0m:      	                       (3, 26200067665920),
[92mINFO [0m:      	                       (4, 26200067665920),
[92mINFO [0m:      	                       (5, 26200067665920),
[92mINFO [0m:      	                       (6, 26200067665920),
[92mINFO [0m:      	                       (7, 26200067665920),
[92mINFO [0m:      	                       (8, 26200067665920),
[92mINFO [0m:      	                       (9, 26200067665920),
[92mINFO [0m:      	                       (10, 26200067665920)]}
[92mINFO [0m:      	History (metrics, distributed, evaluate):
[92mINFO [0m:      	{'accuracy': [(1, 0.2889155662264906),
[92mINFO [0m:      	              (2, 0.46258503401360546),
[92mINFO [0m:      	              (3, 0.47799119647859145),
[92mINFO [0m:      	              (4, 0.5228091236494598),
[92mINFO [0m:      	              (5, 0.5490196078431373),
[92mINFO [0m:      	              (6, 0.5692276910764306),
[92mINFO [0m:      	              (7, 0.592436974789916),
[92mINFO [0m:      	              (8, 0.5886354541816726),
[92mINFO [0m:      	              (9, 0.5930372148859544),
[92mINFO [0m:      	              (10, 0.6102440976390556)],
[92mINFO [0m:      	 'loss': [(1, 2.1444929459897364),
[92mINFO [0m:      	          (2, 1.704266297454689),
[92mINFO [0m:      	          (3, 1.715754149293079),
[92mINFO [0m:      	          (4, 1.6022941356434637),
[92mINFO [0m:      	          (5, 1.5925903751128385),
[92mINFO [0m:      	          (6, 1.4966320604944572),
[92mINFO [0m:      	          (7, 1.401471867555139),
[92mINFO [0m:      	          (8, 1.4111471105010664),
[92mINFO [0m:      	          (9, 1.484135793650947),
[92mINFO [0m:      	          (10, 1.3870305869222976)]}
[92mINFO [0m:      	History (metrics, centralized):
[92mINFO [0m:      	{'accuracy': [(0, 0.1118),
[92mINFO [0m:      	              (1, 0.2815),
[92mINFO [0m:      	              (2, 0.4634),
[92mINFO [0m:      	              (3, 0.4815),
[92mINFO [0m:      	              (4, 0.5261),
[92mINFO [0m:      	              (5, 0.5469),
[92mINFO [0m:      	              (6, 0.5662),
[92mINFO [0m:      	              (7, 0.5893),
[92mINFO [0m:      	              (8, 0.5919),
[92mINFO [0m:      	              (9, 0.5937),
[92mINFO [0m:      	              (10, 0.6121)],
[92mINFO [0m:      	 'loss': [(0, 2.303046936035156),
[92mINFO [0m:      	          (1, 2.143567552947998),
[92mINFO [0m:      	          (2, 1.698180284881592),
[92mINFO [0m:      	          (3, 1.7036074132919312),
[92mINFO [0m:      	          (4, 1.5946490669250488),
[92mINFO [0m:      	          (5, 1.5841318351745606),
[92mINFO [0m:      	          (6, 1.4908194114685058),
[92mINFO [0m:      	          (7, 1.3983798948287964),
[92mINFO [0m:      	          (8, 1.3995665307998657),
[92mINFO [0m:      	          (9, 1.468638916015625),
[92mINFO [0m:      	          (10, 1.3839201675415038)]}
[92mINFO [0m:      
Treinando no dispositivo: cuda:0 com o dataset: CIFAR10 | Setup clientes: 5 (num_gpus por cliente=0.2) | SEED=50
FLOPS por amostra (forward): 6.030e+07 | (forward+backward, 3x): 1.809e+08
Files already downloaded and verified
Files already downloaded and verified
Dividindo o dataset usando a distribuição de Dirichlet com alpha=0.01.
Iniciando a simulação de Aprendizado Federado...
=== Diagnóstico de Medição de GPU ===
  pynvml_disponivel: True
  pynvml_versao: 580.173.02
  gpus_detectadas: 1
  leitura_potencia_ok: True
  potencia_atual_W: 60.288

--- Rodada 0 - Avaliação Centralizada (Servidor) ---
Loss (Servidor): 2.3030 | Acurácia (Servidor): 0.1118
[36m(ClientAppActor pid=1200207)[0m Cliente 0: HetRaw=2.9967 | HetNorm=0.9989 | Epochs=2 (dyn=True) | LR=0.004003 (dyn=True) | FedProx=True (mu=0.01)

--- Rodada 1 - Avaliação Centralizada (Servidor) ---
Loss (Servidor): 2.1436 | Acurácia (Servidor): 0.2815
--- Avaliação Agregada (Clientes) ---
Loss Média (Clientes): 2.1445 | Acurácia Média (Clientes): 0.2889
[36m(ClientAppActor pid=1200207)[0m Cliente 3: HetRaw=2.9993 | HetNorm=0.9998 | Epochs=2 (dyn=True) | LR=0.004001 (dyn=True) | FedProx=True (mu=0.01)[32m [repeated 5x across cluster][0m

--- Rodada 2 - Avaliação Centralizada (Servidor) ---
Loss (Servidor): 1.6982 | Acurácia (Servidor): 0.4634
--- Avaliação Agregada (Clientes) ---
Loss Média (Clientes): 1.7043 | Acurácia Média (Clientes): 0.4626
[36m(ClientAppActor pid=1200207)[0m Cliente 2: HetRaw=0.9226 | HetNorm=0.3075 | Epochs=4 (dyn=True) | LR=0.006843 (dyn=True) | FedProx=True (mu=0.01)[32m [repeated 5x across cluster][0m

--- Rodada 3 - Avaliação Centralizada (Servidor) ---
Loss (Servidor): 1.7036 | Acurácia (Servidor): 0.4815
--- Avaliação Agregada (Clientes) ---
Loss Média (Clientes): 1.7158 | Acurácia Média (Clientes): 0.4780
[36m(ClientAppActor pid=1200210)[0m Cliente 4: HetRaw=1.6155 | HetNorm=0.5385 | Epochs=3 (dyn=True) | LR=0.005532 (dyn=True) | FedProx=True (mu=0.01)[32m [repeated 5x across cluster][0m

--- Rodada 4 - Avaliação Centralizada (Servidor) ---
Loss (Servidor): 1.5946 | Acurácia (Servidor): 0.5261
--- Avaliação Agregada (Clientes) ---
Loss Média (Clientes): 1.6023 | Acurácia Média (Clientes): 0.5228
[36m(ClientAppActor pid=1200209)[0m Cliente 1: HetRaw=2.9993 | HetNorm=0.9998 | Epochs=2 (dyn=True) | LR=0.004001 (dyn=True) | FedProx=True (mu=0.01)[32m [repeated 5x across cluster][0m

--- Rodada 5 - Avaliação Centralizada (Servidor) ---
Loss (Servidor): 1.5841 | Acurácia (Servidor): 0.5469
--- Avaliação Agregada (Clientes) ---
Loss Média (Clientes): 1.5926 | Acurácia Média (Clientes): 0.5490
[36m(ClientAppActor pid=1200209)[0m Cliente 3: HetRaw=2.9993 | HetNorm=0.9998 | Epochs=2 (dyn=True) | LR=0.004001 (dyn=True) | FedProx=True (mu=0.01)[32m [repeated 5x across cluster][0m

--- Rodada 6 - Avaliação Centralizada (Servidor) ---
Loss (Servidor): 1.4908 | Acurácia (Servidor): 0.5662
--- Avaliação Agregada (Clientes) ---
Loss Média (Clientes): 1.4966 | Acurácia Média (Clientes): 0.5692
[36m(ClientAppActor pid=1200207)[0m Cliente 2: HetRaw=0.9226 | HetNorm=0.3075 | Epochs=4 (dyn=True) | LR=0.006843 (dyn=True) | FedProx=True (mu=0.01)[32m [repeated 5x across cluster][0m

--- Rodada 7 - Avaliação Centralizada (Servidor) ---
Loss (Servidor): 1.3984 | Acurácia (Servidor): 0.5893
--- Avaliação Agregada (Clientes) ---
Loss Média (Clientes): 1.4015 | Acurácia Média (Clientes): 0.5924
[36m(ClientAppActor pid=1200210)[0m Cliente 0: HetRaw=2.9967 | HetNorm=0.9989 | Epochs=2 (dyn=True) | LR=0.004003 (dyn=True) | FedProx=True (mu=0.01)[32m [repeated 5x across cluster][0m

--- Rodada 8 - Avaliação Centralizada (Servidor) ---
Loss (Servidor): 1.3996 | Acurácia (Servidor): 0.5919
--- Avaliação Agregada (Clientes) ---
Loss Média (Clientes): 1.4111 | Acurácia Média (Clientes): 0.5886
[36m(ClientAppActor pid=1200211)[0m Cliente 1: HetRaw=2.9993 | HetNorm=0.9998 | Epochs=2 (dyn=True) | LR=0.004001 (dyn=True) | FedProx=True (mu=0.01)[32m [repeated 5x across cluster][0m

--- Rodada 9 - Avaliação Centralizada (Servidor) ---
Loss (Servidor): 1.4686 | Acurácia (Servidor): 0.5937
--- Avaliação Agregada (Clientes) ---
Loss Média (Clientes): 1.4841 | Acurácia Média (Clientes): 0.5930
[36m(ClientAppActor pid=1200211)[0m Cliente 4: HetRaw=1.6155 | HetNorm=0.5385 | Epochs=3 (dyn=True) | LR=0.005532 (dyn=True) | FedProx=True (mu=0.01)[32m [repeated 5x across cluster][0m

--- Rodada 10 - Avaliação Centralizada (Servidor) ---
Loss (Servidor): 1.3839 | Acurácia (Servidor): 0.6121
--- Avaliação Agregada (Clientes) ---
Loss Média (Clientes): 1.3870 | Acurácia Média (Clientes): 0.6102

Resultados salvos em: /home/tiago/GitHubProjects/fedhad-thesis-2/FedHAD-results/1.1_diagnostico_drift/CIFAR10-Standard/FedHAD__CIFAR10__Mode-STANDARD__Cfg-E1L1F1__Setup-5__Clients-5__Rounds-10__Delay-0_05__Alpha-0_01__Seed-50.txt
[36m(ClientAppActor pid=1200208)[0m [93mWARNING [0m:   DEPRECATED FEATURE: `client_fn` now expects a signature `def client_fn(context: Context)`.The provided `client_fn` has signature: {'cid': <Parameter "cid: str">}. You can import the `Context` like this: `from flwr.app import Context`[32m [repeated 4x across cluster][0m
[36m(ClientAppActor pid=1200208)[0m             This is a deprecated feature. It will be removed[32m [repeated 4x across cluster][0m
[36m(ClientAppActor pid=1200208)[0m             entirely in future versions of Flower.[32m [repeated 4x across cluster][0m
[36m(ClientAppActor pid=1200207)[0m Cliente 3: HetRaw=2.9993 | HetNorm=0.9998 | Epochs=2 (dyn=True) | LR=0.004001 (dyn=True) | FedProx=True (mu=0.01)[32m [repeated 4x across cluster][0m
