[codecarbon WARNING @ 17:45:43] Multiple instances of codecarbon are allowed to run at the same time.
[93mWARNING [0m:   DEPRECATED FEATURE: flwr.simulation.start_simulation() is deprecated.
	Instead, use the `flwr run` CLI command to start a local simulation in your Flower app, as shown for example below:

		$ flwr new  # Create a new Flower app from a template

		$ flwr run  # Run the Flower app in Simulation Mode

	Using `start_simulation()` is deprecated.

            This is a deprecated feature. It will be removed
            entirely in future versions of Flower.
        
[92mINFO [0m:      Starting Flower simulation, config: num_rounds=10, no round_timeout
2026-09-04 17:45:52,241	INFO worker.py:2012 -- Started a local Ray instance.
/home/tiago/GitHubProjects/fedhad-thesis-2/env_flwr_pt/lib/python3.12/site-packages/ray/_private/worker.py:2051: FutureWarning: Tip: In future versions of Ray, Ray will no longer override accelerator visible devices env var if num_gpus=0 or num_gpus=None (default). To enable this behavior and turn off this error message, set RAY_ACCEL_ENV_VAR_OVERRIDE_ON_ZERO=0
  warnings.warn(
[92mINFO [0m:      Flower VCE: Ray initialized with resources: {'node:__internal_head__': 1.0, 'accelerator_type:A40': 1.0, 'memory': 180747611341.0, 'GPU': 1.0, 'CPU': 64.0, 'node:10.129.64.100': 1.0, 'object_store_memory': 77463262003.0}
[92mINFO [0m:      Optimize your simulation with Flower VCE: https://flower.ai/docs/framework/how-to-run-simulations.html
/home/tiago/GitHubProjects/fedhad-thesis-2/FedHAD_Final_2.0.py:1916: UserWarning: No `num_cpus` specified in `client_resources`. Using `num_cpus=1` for each client.
  history = fl.simulation.start_simulation(
[92mINFO [0m:      Flower VCE: Resources for each Virtual Client: {'num_gpus': 0.2, 'num_cpus': 1}
[92mINFO [0m:      Flower VCE: Creating VirtualClientEngineActorPool with 5 actors
[92mINFO [0m:      [INIT]
[92mINFO [0m:      Requesting initial parameters from one random client
[36m(ClientAppActor pid=1192386)[0m [93mWARNING [0m:   DEPRECATED FEATURE: `client_fn` now expects a signature `def client_fn(context: Context)`.The provided `client_fn` has signature: {'cid': <Parameter "cid: str">}. You can import the `Context` like this: `from flwr.app import Context`
[36m(ClientAppActor pid=1192386)[0m 
[36m(ClientAppActor pid=1192386)[0m             This is a deprecated feature. It will be removed
[36m(ClientAppActor pid=1192386)[0m             entirely in future versions of Flower.
[36m(ClientAppActor pid=1192386)[0m         
[92mINFO [0m:      Received initial parameters from one random client
[92mINFO [0m:      Starting evaluation of initial global parameters
[92mINFO [0m:      initial parameters (loss, other metrics): 2.3031923065185547, {'accuracy': 0.1148, 'loss': 2.3031923065185547}
[92mINFO [0m:      
[92mINFO [0m:      [ROUND 1]
[92mINFO [0m:      configure_fit: strategy sampled 5 clients (out of 5)
[36m(ClientAppActor pid=1192386)[0m [93mWARNING [0m:   DEPRECATED FEATURE: `client_fn` now expects a signature `def client_fn(context: Context)`.The provided `client_fn` has signature: {'cid': <Parameter "cid: str">}. You can import the `Context` like this: `from flwr.app import Context`
[36m(ClientAppActor pid=1192386)[0m 
[36m(ClientAppActor pid=1192386)[0m             This is a deprecated feature. It will be removed
[36m(ClientAppActor pid=1192386)[0m             entirely in future versions of Flower.
[36m(ClientAppActor pid=1192386)[0m         
[36m(ClientAppActor pid=1192384)[0m 
[36m(ClientAppActor pid=1192384)[0m         
[36m(ClientAppActor pid=1192385)[0m 
[36m(ClientAppActor pid=1192385)[0m         
[36m(ClientAppActor pid=1192383)[0m 
[36m(ClientAppActor pid=1192383)[0m         
[36m(ClientAppActor pid=1192382)[0m 
[36m(ClientAppActor pid=1192382)[0m         
[92mINFO [0m:      aggregate_fit: received 5 results and 0 failures
[92mINFO [0m:      fit progress: (1, 2.229154598236084, {'accuracy': 0.1616, 'loss': 2.229154598236084}, 16.982461922976654)
[92mINFO [0m:      configure_evaluate: strategy sampled 5 clients (out of 5)
[36m(ClientAppActor pid=1192383)[0m 
[36m(ClientAppActor pid=1192383)[0m         
[36m(ClientAppActor pid=1192383)[0m [93mWARNING [0m:   DEPRECATED FEATURE: `client_fn` now expects a signature `def client_fn(context: Context)`.The provided `client_fn` has signature: {'cid': <Parameter "cid: str">}. You can import the `Context` like this: `from flwr.app import Context`[32m [repeated 5x across cluster] (Ray deduplicates logs by default. Set RAY_DEDUP_LOGS=0 to disable log deduplication, or see https://docs.ray.io/en/master/ray-observability/user-guides/configure-logging.html#log-deduplication for more options.)[0m
[36m(ClientAppActor pid=1192383)[0m             This is a deprecated feature. It will be removed[32m [repeated 5x across cluster][0m
[36m(ClientAppActor pid=1192383)[0m             entirely in future versions of Flower.[32m [repeated 5x across cluster][0m
[36m(ClientAppActor pid=1192382)[0m 
[36m(ClientAppActor pid=1192382)[0m         
[36m(ClientAppActor pid=1192384)[0m 
[36m(ClientAppActor pid=1192384)[0m         
[36m(ClientAppActor pid=1192385)[0m 
[36m(ClientAppActor pid=1192385)[0m         
[36m(ClientAppActor pid=1192386)[0m 
[36m(ClientAppActor pid=1192386)[0m         
[92mINFO [0m:      aggregate_evaluate: received 5 results and 0 failures
[92mINFO [0m:      
[92mINFO [0m:      [ROUND 2]
[92mINFO [0m:      configure_fit: strategy sampled 5 clients (out of 5)
[36m(ClientAppActor pid=1192386)[0m 
[36m(ClientAppActor pid=1192386)[0m         
[36m(ClientAppActor pid=1192385)[0m 
[36m(ClientAppActor pid=1192385)[0m         
[36m(ClientAppActor pid=1192382)[0m 
[36m(ClientAppActor pid=1192382)[0m         
[36m(ClientAppActor pid=1192384)[0m 
[36m(ClientAppActor pid=1192384)[0m         
[36m(ClientAppActor pid=1192383)[0m 
[36m(ClientAppActor pid=1192383)[0m         
[92mINFO [0m:      aggregate_fit: received 5 results and 0 failures
[92mINFO [0m:      fit progress: (2, 2.0321143856048582, {'accuracy': 0.309, 'loss': 2.0321143856048582}, 32.572553070029244)
[92mINFO [0m:      configure_evaluate: strategy sampled 5 clients (out of 5)
[36m(ClientAppActor pid=1192384)[0m 
[36m(ClientAppActor pid=1192384)[0m         
[36m(ClientAppActor pid=1192384)[0m [93mWARNING [0m:   DEPRECATED FEATURE: `client_fn` now expects a signature `def client_fn(context: Context)`.The provided `client_fn` has signature: {'cid': <Parameter "cid: str">}. You can import the `Context` like this: `from flwr.app import Context`[32m [repeated 10x across cluster][0m
[36m(ClientAppActor pid=1192384)[0m             This is a deprecated feature. It will be removed[32m [repeated 10x across cluster][0m
[36m(ClientAppActor pid=1192384)[0m             entirely in future versions of Flower.[32m [repeated 10x across cluster][0m
[36m(ClientAppActor pid=1192383)[0m 
[36m(ClientAppActor pid=1192383)[0m         
[36m(ClientAppActor pid=1192382)[0m 
[36m(ClientAppActor pid=1192382)[0m         
[36m(ClientAppActor pid=1192385)[0m 
[36m(ClientAppActor pid=1192385)[0m         
[36m(ClientAppActor pid=1192386)[0m 
[36m(ClientAppActor pid=1192386)[0m         
[92mINFO [0m:      aggregate_evaluate: received 5 results and 0 failures
[92mINFO [0m:      
[92mINFO [0m:      [ROUND 3]
[92mINFO [0m:      configure_fit: strategy sampled 5 clients (out of 5)
[36m(ClientAppActor pid=1192386)[0m 
[36m(ClientAppActor pid=1192386)[0m         
[36m(ClientAppActor pid=1192385)[0m 
[36m(ClientAppActor pid=1192385)[0m         
[36m(ClientAppActor pid=1192382)[0m 
[36m(ClientAppActor pid=1192382)[0m         
[36m(ClientAppActor pid=1192383)[0m 
[36m(ClientAppActor pid=1192383)[0m         
[36m(ClientAppActor pid=1192384)[0m 
[36m(ClientAppActor pid=1192384)[0m         
[92mINFO [0m:      aggregate_fit: received 5 results and 0 failures
[92mINFO [0m:      fit progress: (3, 1.8356350593566895, {'accuracy': 0.3607, 'loss': 1.8356350593566895}, 47.95237755298149)
[92mINFO [0m:      configure_evaluate: strategy sampled 5 clients (out of 5)
[36m(ClientAppActor pid=1192386)[0m 
[36m(ClientAppActor pid=1192386)[0m         
[36m(ClientAppActor pid=1192386)[0m [93mWARNING [0m:   DEPRECATED FEATURE: `client_fn` now expects a signature `def client_fn(context: Context)`.The provided `client_fn` has signature: {'cid': <Parameter "cid: str">}. You can import the `Context` like this: `from flwr.app import Context`[32m [repeated 10x across cluster][0m
[36m(ClientAppActor pid=1192386)[0m             This is a deprecated feature. It will be removed[32m [repeated 10x across cluster][0m
[36m(ClientAppActor pid=1192386)[0m             entirely in future versions of Flower.[32m [repeated 10x across cluster][0m
[36m(ClientAppActor pid=1192385)[0m 
[36m(ClientAppActor pid=1192385)[0m         
[36m(ClientAppActor pid=1192384)[0m 
[36m(ClientAppActor pid=1192384)[0m         
[36m(ClientAppActor pid=1192383)[0m 
[36m(ClientAppActor pid=1192383)[0m         
[36m(ClientAppActor pid=1192382)[0m 
[36m(ClientAppActor pid=1192382)[0m         
[92mINFO [0m:      aggregate_evaluate: received 5 results and 0 failures
[92mINFO [0m:      
[92mINFO [0m:      [ROUND 4]
[92mINFO [0m:      configure_fit: strategy sampled 5 clients (out of 5)
[36m(ClientAppActor pid=1192382)[0m 
[36m(ClientAppActor pid=1192382)[0m         
[36m(ClientAppActor pid=1192384)[0m 
[36m(ClientAppActor pid=1192384)[0m         
[36m(ClientAppActor pid=1192383)[0m 
[36m(ClientAppActor pid=1192383)[0m         
[36m(ClientAppActor pid=1192385)[0m 
[36m(ClientAppActor pid=1192385)[0m         
[36m(ClientAppActor pid=1192386)[0m 
[36m(ClientAppActor pid=1192386)[0m         
[92mINFO [0m:      aggregate_fit: received 5 results and 0 failures
[92mINFO [0m:      fit progress: (4, 1.7201210529327393, {'accuracy': 0.4001, 'loss': 1.7201210529327393}, 62.89622998499544)
[92mINFO [0m:      configure_evaluate: strategy sampled 5 clients (out of 5)
[36m(ClientAppActor pid=1192384)[0m 
[36m(ClientAppActor pid=1192384)[0m         
[36m(ClientAppActor pid=1192384)[0m [93mWARNING [0m:   DEPRECATED FEATURE: `client_fn` now expects a signature `def client_fn(context: Context)`.The provided `client_fn` has signature: {'cid': <Parameter "cid: str">}. You can import the `Context` like this: `from flwr.app import Context`[32m [repeated 10x across cluster][0m
[36m(ClientAppActor pid=1192384)[0m             This is a deprecated feature. It will be removed[32m [repeated 10x across cluster][0m
[36m(ClientAppActor pid=1192384)[0m             entirely in future versions of Flower.[32m [repeated 10x across cluster][0m
[36m(ClientAppActor pid=1192386)[0m 
[36m(ClientAppActor pid=1192386)[0m         
[36m(ClientAppActor pid=1192385)[0m 
[36m(ClientAppActor pid=1192385)[0m         
[36m(ClientAppActor pid=1192382)[0m 
[36m(ClientAppActor pid=1192382)[0m         
[36m(ClientAppActor pid=1192383)[0m 
[36m(ClientAppActor pid=1192383)[0m         
[92mINFO [0m:      aggregate_evaluate: received 5 results and 0 failures
[92mINFO [0m:      
[92mINFO [0m:      [ROUND 5]
[92mINFO [0m:      configure_fit: strategy sampled 5 clients (out of 5)
[36m(ClientAppActor pid=1192383)[0m 
[36m(ClientAppActor pid=1192383)[0m         
[36m(ClientAppActor pid=1192382)[0m 
[36m(ClientAppActor pid=1192382)[0m         
[36m(ClientAppActor pid=1192386)[0m 
[36m(ClientAppActor pid=1192386)[0m         
[36m(ClientAppActor pid=1192385)[0m 
[36m(ClientAppActor pid=1192385)[0m         
[36m(ClientAppActor pid=1192384)[0m 
[36m(ClientAppActor pid=1192384)[0m         
[92mINFO [0m:      aggregate_fit: received 5 results and 0 failures
[92mINFO [0m:      fit progress: (5, 1.5870576477050782, {'accuracy': 0.4426, 'loss': 1.5870576477050782}, 78.39208945998689)
[92mINFO [0m:      configure_evaluate: strategy sampled 5 clients (out of 5)
[36m(ClientAppActor pid=1192386)[0m 
[36m(ClientAppActor pid=1192386)[0m         
[36m(ClientAppActor pid=1192386)[0m [93mWARNING [0m:   DEPRECATED FEATURE: `client_fn` now expects a signature `def client_fn(context: Context)`.The provided `client_fn` has signature: {'cid': <Parameter "cid: str">}. You can import the `Context` like this: `from flwr.app import Context`[32m [repeated 10x across cluster][0m
[36m(ClientAppActor pid=1192386)[0m             This is a deprecated feature. It will be removed[32m [repeated 10x across cluster][0m
[36m(ClientAppActor pid=1192386)[0m             entirely in future versions of Flower.[32m [repeated 10x across cluster][0m
[36m(ClientAppActor pid=1192383)[0m 
[36m(ClientAppActor pid=1192383)[0m         
[36m(ClientAppActor pid=1192385)[0m 
[36m(ClientAppActor pid=1192385)[0m         
[36m(ClientAppActor pid=1192382)[0m 
[36m(ClientAppActor pid=1192382)[0m         
[36m(ClientAppActor pid=1192384)[0m 
[36m(ClientAppActor pid=1192384)[0m         
[92mINFO [0m:      aggregate_evaluate: received 5 results and 0 failures
[92mINFO [0m:      
[92mINFO [0m:      [ROUND 6]
[92mINFO [0m:      configure_fit: strategy sampled 5 clients (out of 5)
[36m(ClientAppActor pid=1192384)[0m 
[36m(ClientAppActor pid=1192384)[0m         
[36m(ClientAppActor pid=1192382)[0m 
[36m(ClientAppActor pid=1192382)[0m         
[36m(ClientAppActor pid=1192385)[0m 
[36m(ClientAppActor pid=1192385)[0m         
[36m(ClientAppActor pid=1192383)[0m 
[36m(ClientAppActor pid=1192383)[0m         
[36m(ClientAppActor pid=1192386)[0m 
[36m(ClientAppActor pid=1192386)[0m         
[92mINFO [0m:      aggregate_fit: received 5 results and 0 failures
[92mINFO [0m:      fit progress: (6, 1.4520179626464844, {'accuracy': 0.5036, 'loss': 1.4520179626464844}, 94.22965953801759)
[92mINFO [0m:      configure_evaluate: strategy sampled 5 clients (out of 5)
[36m(ClientAppActor pid=1192386)[0m 
[36m(ClientAppActor pid=1192386)[0m         
[36m(ClientAppActor pid=1192386)[0m [93mWARNING [0m:   DEPRECATED FEATURE: `client_fn` now expects a signature `def client_fn(context: Context)`.The provided `client_fn` has signature: {'cid': <Parameter "cid: str">}. You can import the `Context` like this: `from flwr.app import Context`[32m [repeated 10x across cluster][0m
[36m(ClientAppActor pid=1192386)[0m             This is a deprecated feature. It will be removed[32m [repeated 10x across cluster][0m
[36m(ClientAppActor pid=1192386)[0m             entirely in future versions of Flower.[32m [repeated 10x across cluster][0m
[36m(ClientAppActor pid=1192383)[0m 
[36m(ClientAppActor pid=1192383)[0m         
[36m(ClientAppActor pid=1192382)[0m 
[36m(ClientAppActor pid=1192382)[0m         
[36m(ClientAppActor pid=1192384)[0m 
[36m(ClientAppActor pid=1192384)[0m         
[36m(ClientAppActor pid=1192385)[0m 
[36m(ClientAppActor pid=1192385)[0m         
[92mINFO [0m:      aggregate_evaluate: received 5 results and 0 failures
[92mINFO [0m:      
[92mINFO [0m:      [ROUND 7]
[92mINFO [0m:      configure_fit: strategy sampled 5 clients (out of 5)
[36m(ClientAppActor pid=1192385)[0m 
[36m(ClientAppActor pid=1192385)[0m         
[36m(ClientAppActor pid=1192384)[0m 
[36m(ClientAppActor pid=1192384)[0m         
[36m(ClientAppActor pid=1192382)[0m 
[36m(ClientAppActor pid=1192382)[0m         
[36m(ClientAppActor pid=1192383)[0m 
[36m(ClientAppActor pid=1192383)[0m         
[36m(ClientAppActor pid=1192386)[0m 
[36m(ClientAppActor pid=1192386)[0m         
[92mINFO [0m:      aggregate_fit: received 5 results and 0 failures
[92mINFO [0m:      fit progress: (7, 1.4158594736099244, {'accuracy': 0.5064, 'loss': 1.4158594736099244}, 109.88711761898594)
[92mINFO [0m:      configure_evaluate: strategy sampled 5 clients (out of 5)
[36m(ClientAppActor pid=1192383)[0m 
[36m(ClientAppActor pid=1192383)[0m         
[36m(ClientAppActor pid=1192383)[0m [93mWARNING [0m:   DEPRECATED FEATURE: `client_fn` now expects a signature `def client_fn(context: Context)`.The provided `client_fn` has signature: {'cid': <Parameter "cid: str">}. You can import the `Context` like this: `from flwr.app import Context`[32m [repeated 10x across cluster][0m
[36m(ClientAppActor pid=1192383)[0m             This is a deprecated feature. It will be removed[32m [repeated 10x across cluster][0m
[36m(ClientAppActor pid=1192383)[0m             entirely in future versions of Flower.[32m [repeated 10x across cluster][0m
[36m(ClientAppActor pid=1192386)[0m 
[36m(ClientAppActor pid=1192386)[0m         
[36m(ClientAppActor pid=1192384)[0m 
[36m(ClientAppActor pid=1192384)[0m         
[36m(ClientAppActor pid=1192382)[0m 
[36m(ClientAppActor pid=1192382)[0m         
[36m(ClientAppActor pid=1192385)[0m 
[36m(ClientAppActor pid=1192385)[0m         
[92mINFO [0m:      aggregate_evaluate: received 5 results and 0 failures
[92mINFO [0m:      
[92mINFO [0m:      [ROUND 8]
[92mINFO [0m:      configure_fit: strategy sampled 5 clients (out of 5)
[36m(ClientAppActor pid=1192385)[0m 
[36m(ClientAppActor pid=1192385)[0m         
[36m(ClientAppActor pid=1192382)[0m 
[36m(ClientAppActor pid=1192382)[0m         
[36m(ClientAppActor pid=1192384)[0m 
[36m(ClientAppActor pid=1192384)[0m         
[36m(ClientAppActor pid=1192386)[0m 
[36m(ClientAppActor pid=1192386)[0m         
[36m(ClientAppActor pid=1192383)[0m 
[36m(ClientAppActor pid=1192383)[0m         
[92mINFO [0m:      aggregate_fit: received 5 results and 0 failures
[92mINFO [0m:      fit progress: (8, 1.329467659187317, {'accuracy': 0.5311, 'loss': 1.329467659187317}, 126.0150003550225)
[92mINFO [0m:      configure_evaluate: strategy sampled 5 clients (out of 5)
[36m(ClientAppActor pid=1192383)[0m 
[36m(ClientAppActor pid=1192383)[0m         
[36m(ClientAppActor pid=1192383)[0m [93mWARNING [0m:   DEPRECATED FEATURE: `client_fn` now expects a signature `def client_fn(context: Context)`.The provided `client_fn` has signature: {'cid': <Parameter "cid: str">}. You can import the `Context` like this: `from flwr.app import Context`[32m [repeated 10x across cluster][0m
[36m(ClientAppActor pid=1192383)[0m             This is a deprecated feature. It will be removed[32m [repeated 10x across cluster][0m
[36m(ClientAppActor pid=1192383)[0m             entirely in future versions of Flower.[32m [repeated 10x across cluster][0m
[36m(ClientAppActor pid=1192385)[0m 
[36m(ClientAppActor pid=1192385)[0m         
[36m(ClientAppActor pid=1192384)[0m 
[36m(ClientAppActor pid=1192384)[0m         
[36m(ClientAppActor pid=1192382)[0m 
[36m(ClientAppActor pid=1192382)[0m         
[36m(ClientAppActor pid=1192386)[0m 
[36m(ClientAppActor pid=1192386)[0m         
[92mINFO [0m:      aggregate_evaluate: received 5 results and 0 failures
[92mINFO [0m:      
[92mINFO [0m:      [ROUND 9]
[92mINFO [0m:      configure_fit: strategy sampled 5 clients (out of 5)
[36m(ClientAppActor pid=1192386)[0m 
[36m(ClientAppActor pid=1192386)[0m         
[36m(ClientAppActor pid=1192382)[0m 
[36m(ClientAppActor pid=1192382)[0m         
[36m(ClientAppActor pid=1192384)[0m 
[36m(ClientAppActor pid=1192384)[0m         
[36m(ClientAppActor pid=1192385)[0m 
[36m(ClientAppActor pid=1192385)[0m         
[36m(ClientAppActor pid=1192383)[0m 
[36m(ClientAppActor pid=1192383)[0m         
[92mINFO [0m:      aggregate_fit: received 5 results and 0 failures
[92mINFO [0m:      fit progress: (9, 1.2991038806915283, {'accuracy': 0.5409, 'loss': 1.2991038806915283}, 141.34790716099087)
[92mINFO [0m:      configure_evaluate: strategy sampled 5 clients (out of 5)
[36m(ClientAppActor pid=1192384)[0m 
[36m(ClientAppActor pid=1192384)[0m         
[36m(ClientAppActor pid=1192384)[0m [93mWARNING [0m:   DEPRECATED FEATURE: `client_fn` now expects a signature `def client_fn(context: Context)`.The provided `client_fn` has signature: {'cid': <Parameter "cid: str">}. You can import the `Context` like this: `from flwr.app import Context`[32m [repeated 10x across cluster][0m
[36m(ClientAppActor pid=1192384)[0m             This is a deprecated feature. It will be removed[32m [repeated 10x across cluster][0m
[36m(ClientAppActor pid=1192384)[0m             entirely in future versions of Flower.[32m [repeated 10x across cluster][0m
[36m(ClientAppActor pid=1192385)[0m 
[36m(ClientAppActor pid=1192385)[0m         
[36m(ClientAppActor pid=1192382)[0m 
[36m(ClientAppActor pid=1192382)[0m         
[36m(ClientAppActor pid=1192383)[0m 
[36m(ClientAppActor pid=1192383)[0m         
[36m(ClientAppActor pid=1192386)[0m 
[36m(ClientAppActor pid=1192386)[0m         
[92mINFO [0m:      aggregate_evaluate: received 5 results and 0 failures
[92mINFO [0m:      
[92mINFO [0m:      [ROUND 10]
[92mINFO [0m:      configure_fit: strategy sampled 5 clients (out of 5)
[36m(ClientAppActor pid=1192386)[0m 
[36m(ClientAppActor pid=1192386)[0m         
[36m(ClientAppActor pid=1192383)[0m 
[36m(ClientAppActor pid=1192383)[0m         
[36m(ClientAppActor pid=1192385)[0m 
[36m(ClientAppActor pid=1192385)[0m         
[36m(ClientAppActor pid=1192382)[0m 
[36m(ClientAppActor pid=1192382)[0m         
[36m(ClientAppActor pid=1192384)[0m 
[36m(ClientAppActor pid=1192384)[0m         
[92mINFO [0m:      aggregate_fit: received 5 results and 0 failures
[92mINFO [0m:      fit progress: (10, 1.2837812803268434, {'accuracy': 0.5528, 'loss': 1.2837812803268434}, 157.01006184902508)
[92mINFO [0m:      configure_evaluate: strategy sampled 5 clients (out of 5)
[36m(ClientAppActor pid=1192384)[0m 
[36m(ClientAppActor pid=1192384)[0m         
[36m(ClientAppActor pid=1192384)[0m [93mWARNING [0m:   DEPRECATED FEATURE: `client_fn` now expects a signature `def client_fn(context: Context)`.The provided `client_fn` has signature: {'cid': <Parameter "cid: str">}. You can import the `Context` like this: `from flwr.app import Context`[32m [repeated 10x across cluster][0m
[36m(ClientAppActor pid=1192384)[0m             This is a deprecated feature. It will be removed[32m [repeated 10x across cluster][0m
[36m(ClientAppActor pid=1192384)[0m             entirely in future versions of Flower.[32m [repeated 10x across cluster][0m
[36m(ClientAppActor pid=1192382)[0m 
[36m(ClientAppActor pid=1192382)[0m         
[36m(ClientAppActor pid=1192383)[0m 
[36m(ClientAppActor pid=1192383)[0m         
[36m(ClientAppActor pid=1192386)[0m 
[36m(ClientAppActor pid=1192386)[0m         
[36m(ClientAppActor pid=1192385)[0m 
[36m(ClientAppActor pid=1192385)[0m         
[92mINFO [0m:      aggregate_evaluate: received 5 results and 0 failures
[92mINFO [0m:      
[92mINFO [0m:      [SUMMARY]
[92mINFO [0m:      Run finished 10 round(s) in 157.85s
[92mINFO [0m:      	History (loss, distributed):
[92mINFO [0m:      		round 1: 2.229522381922424
[92mINFO [0m:      		round 2: 2.030346379247646
[92mINFO [0m:      		round 3: 1.8363599780561544
[92mINFO [0m:      		round 4: 1.7239115455161578
[92mINFO [0m:      		round 5: 1.5883585779767573
[92mINFO [0m:      		round 6: 1.45236358732993
[92mINFO [0m:      		round 7: 1.4143065752650539
[92mINFO [0m:      		round 8: 1.3177270546111197
[92mINFO [0m:      		round 9: 1.2948510924565546
[92mINFO [0m:      		round 10: 1.2789842248952983
[92mINFO [0m:      	History (loss, centralized):
[92mINFO [0m:      		round 0: 2.3031923065185547
[92mINFO [0m:      		round 1: 2.229154598236084
[92mINFO [0m:      		round 2: 2.0321143856048582
[92mINFO [0m:      		round 3: 1.8356350593566895
[92mINFO [0m:      		round 4: 1.7201210529327393
[92mINFO [0m:      		round 5: 1.5870576477050782
[92mINFO [0m:      		round 6: 1.4520179626464844
[92mINFO [0m:      		round 7: 1.4158594736099244
[92mINFO [0m:      		round 8: 1.329467659187317
[92mINFO [0m:      		round 9: 1.2991038806915283
[92mINFO [0m:      		round 10: 1.2837812803268434
[92mINFO [0m:      	History (metrics, distributed, fit):
[92mINFO [0m:      	{'avg_epochs_weighted': [(1, 3.1294580361309245),
[92mINFO [0m:      	                         (2, 3.1294580361309245),
[92mINFO [0m:      	                         (3, 3.1294580361309245),
[92mINFO [0m:      	                         (4, 3.1294580361309245),
[92mINFO [0m:      	                         (5, 3.1294580361309245),
[92mINFO [0m:      	                         (6, 3.1294580361309245),
[92mINFO [0m:      	                         (7, 3.1294580361309245),
[92mINFO [0m:      	                         (8, 3.1294580361309245),
[92mINFO [0m:      	                         (9, 3.1294580361309245),
[92mINFO [0m:      	                         (10, 3.1294580361309245)],
[92mINFO [0m:      	 'avg_flops_per_client_round': [(1, 5095261578240.0),
[92mINFO [0m:      	                                (2, 5095261578240.0),
[92mINFO [0m:      	                                (3, 5095261578240.0),
[92mINFO [0m:      	                                (4, 5095261578240.0),
[92mINFO [0m:      	                                (5, 5095261578240.0),
[92mINFO [0m:      	                                (6, 5095261578240.0),
[92mINFO [0m:      	                                (7, 5095261578240.0),
[92mINFO [0m:      	                                (8, 5095261578240.0),
[92mINFO [0m:      	                                (9, 5095261578240.0),
[92mINFO [0m:      	                                (10, 5095261578240.0)],
[92mINFO [0m:      	 'avg_lr_weighted': [(1, 0.005361882539765166),
[92mINFO [0m:      	                     (2, 0.005361882539765166),
[92mINFO [0m:      	                     (3, 0.005361882539765166),
[92mINFO [0m:      	                     (4, 0.005361882539765166),
[92mINFO [0m:      	                     (5, 0.005361882539765166),
[92mINFO [0m:      	                     (6, 0.005361882539765166),
[92mINFO [0m:      	                     (7, 0.005361882539765166),
[92mINFO [0m:      	                     (8, 0.005361882539765166),
[92mINFO [0m:      	                     (9, 0.005361882539765166),
[92mINFO [0m:      	                     (10, 0.005361882539765166)],
[92mINFO [0m:      	 'total_flops_round': [(1, 25476307891200),
[92mINFO [0m:      	                       (2, 25476307891200),
[92mINFO [0m:      	                       (3, 25476307891200),
[92mINFO [0m:      	                       (4, 25476307891200),
[92mINFO [0m:      	                       (5, 25476307891200),
[92mINFO [0m:      	                       (6, 25476307891200),
[92mINFO [0m:      	                       (7, 25476307891200),
[92mINFO [0m:      	                       (8, 25476307891200),
[92mINFO [0m:      	                       (9, 25476307891200),
[92mINFO [0m:      	                       (10, 25476307891200)]}
[92mINFO [0m:      	History (metrics, distributed, evaluate):
[92mINFO [0m:      	{'accuracy': [(1, 0.15489293576145688),
[92mINFO [0m:      	              (2, 0.3155893536121673),
[92mINFO [0m:      	              (3, 0.3612167300380228),
[92mINFO [0m:      	              (4, 0.4068441064638783),
[92mINFO [0m:      	              (5, 0.4420652391434861),
[92mINFO [0m:      	              (6, 0.5043025815489294),
[92mINFO [0m:      	              (7, 0.5139083450070042),
[92mINFO [0m:      	              (8, 0.5351210726435861),
[92mINFO [0m:      	              (9, 0.5391234740844507),
[92mINFO [0m:      	              (10, 0.5497298379027417)],
[92mINFO [0m:      	 'loss': [(1, 2.229522381922424),
[92mINFO [0m:      	          (2, 2.030346379247646),
[92mINFO [0m:      	          (3, 1.8363599780561544),
[92mINFO [0m:      	          (4, 1.7239115455161578),
[92mINFO [0m:      	          (5, 1.5883585779767573),
[92mINFO [0m:      	          (6, 1.45236358732993),
[92mINFO [0m:      	          (7, 1.4143065752650539),
[92mINFO [0m:      	          (8, 1.3177270546111197),
[92mINFO [0m:      	          (9, 1.2948510924565546),
[92mINFO [0m:      	          (10, 1.2789842248952983)]}
[92mINFO [0m:      	History (metrics, centralized):
[92mINFO [0m:      	{'accuracy': [(0, 0.1148),
[92mINFO [0m:      	              (1, 0.1616),
[92mINFO [0m:      	              (2, 0.309),
[92mINFO [0m:      	              (3, 0.3607),
[92mINFO [0m:      	              (4, 0.4001),
[92mINFO [0m:      	              (5, 0.4426),
[92mINFO [0m:      	              (6, 0.5036),
[92mINFO [0m:      	              (7, 0.5064),
[92mINFO [0m:      	              (8, 0.5311),
[92mINFO [0m:      	              (9, 0.5409),
[92mINFO [0m:      	              (10, 0.5528)],
[92mINFO [0m:      	 'loss': [(0, 2.3031923065185547),
[92mINFO [0m:      	          (1, 2.229154598236084),
[92mINFO [0m:      	          (2, 2.0321143856048582),
[92mINFO [0m:      	          (3, 1.8356350593566895),
[92mINFO [0m:      	          (4, 1.7201210529327393),
[92mINFO [0m:      	          (5, 1.5870576477050782),
[92mINFO [0m:      	          (6, 1.4520179626464844),
[92mINFO [0m:      	          (7, 1.4158594736099244),
[92mINFO [0m:      	          (8, 1.329467659187317),
[92mINFO [0m:      	          (9, 1.2991038806915283),
[92mINFO [0m:      	          (10, 1.2837812803268434)]}
[92mINFO [0m:      
Treinando no dispositivo: cuda:0 com o dataset: CIFAR10 | Setup clientes: 5 (num_gpus por cliente=0.2) | SEED=49
FLOPS por amostra (forward): 6.030e+07 | (forward+backward, 3x): 1.809e+08
Files already downloaded and verified
Files already downloaded and verified
Dividindo o dataset usando a distribuição de Dirichlet com alpha=0.01.
Iniciando a simulação de Aprendizado Federado...
=== Diagnóstico de Medição de GPU ===
  pynvml_disponivel: True
  pynvml_versao: 580.173.02
  gpus_detectadas: 1
  leitura_potencia_ok: True
  potencia_atual_W: 56.817

--- Rodada 0 - Avaliação Centralizada (Servidor) ---
Loss (Servidor): 2.3032 | Acurácia (Servidor): 0.1148
[36m(ClientAppActor pid=1192386)[0m Cliente 4: HetRaw=2.7104 | HetNorm=0.9035 | Epochs=2 (dyn=True) | LR=0.004246 (dyn=True) | FedProx=True (mu=0.01)

--- Rodada 1 - Avaliação Centralizada (Servidor) ---
Loss (Servidor): 2.2292 | Acurácia (Servidor): 0.1616
--- Avaliação Agregada (Clientes) ---
Loss Média (Clientes): 2.2295 | Acurácia Média (Clientes): 0.1549
[36m(ClientAppActor pid=1192386)[0m Cliente 4: HetRaw=2.7104 | HetNorm=0.9035 | Epochs=2 (dyn=True) | LR=0.004246 (dyn=True) | FedProx=True (mu=0.01)[32m [repeated 5x across cluster][0m

--- Rodada 2 - Avaliação Centralizada (Servidor) ---
Loss (Servidor): 2.0321 | Acurácia (Servidor): 0.3090
--- Avaliação Agregada (Clientes) ---
Loss Média (Clientes): 2.0303 | Acurácia Média (Clientes): 0.3156
[36m(ClientAppActor pid=1192386)[0m Cliente 1: HetRaw=1.3643 | HetNorm=0.4548 | Epochs=4 (dyn=True) | LR=0.005945 (dyn=True) | FedProx=True (mu=0.01)[32m [repeated 5x across cluster][0m

--- Rodada 3 - Avaliação Centralizada (Servidor) ---
Loss (Servidor): 1.8356 | Acurácia (Servidor): 0.3607
--- Avaliação Agregada (Clientes) ---
Loss Média (Clientes): 1.8364 | Acurácia Média (Clientes): 0.3612
[36m(ClientAppActor pid=1192382)[0m Cliente 3: HetRaw=2.5436 | HetNorm=0.8479 | Epochs=2 (dyn=True) | LR=0.004402 (dyn=True) | FedProx=True (mu=0.01)[32m [repeated 5x across cluster][0m

--- Rodada 4 - Avaliação Centralizada (Servidor) ---
Loss (Servidor): 1.7201 | Acurácia (Servidor): 0.4001
--- Avaliação Agregada (Clientes) ---
Loss Média (Clientes): 1.7239 | Acurácia Média (Clientes): 0.4068
[36m(ClientAppActor pid=1192383)[0m Cliente 0: HetRaw=1.5325 | HetNorm=0.5108 | Epochs=3 (dyn=True) | LR=0.005662 (dyn=True) | FedProx=True (mu=0.01)[32m [repeated 5x across cluster][0m

--- Rodada 5 - Avaliação Centralizada (Servidor) ---
Loss (Servidor): 1.5871 | Acurácia (Servidor): 0.4426
--- Avaliação Agregada (Clientes) ---
Loss Média (Clientes): 1.5884 | Acurácia Média (Clientes): 0.4421
[36m(ClientAppActor pid=1192384)[0m Cliente 3: HetRaw=2.5436 | HetNorm=0.8479 | Epochs=2 (dyn=True) | LR=0.004402 (dyn=True) | FedProx=True (mu=0.01)[32m [repeated 5x across cluster][0m

--- Rodada 6 - Avaliação Centralizada (Servidor) ---
Loss (Servidor): 1.4520 | Acurácia (Servidor): 0.5036
--- Avaliação Agregada (Clientes) ---
Loss Média (Clientes): 1.4524 | Acurácia Média (Clientes): 0.5043
[36m(ClientAppActor pid=1192385)[0m Cliente 4: HetRaw=2.7104 | HetNorm=0.9035 | Epochs=2 (dyn=True) | LR=0.004246 (dyn=True) | FedProx=True (mu=0.01)[32m [repeated 5x across cluster][0m

--- Rodada 7 - Avaliação Centralizada (Servidor) ---
Loss (Servidor): 1.4159 | Acurácia (Servidor): 0.5064
--- Avaliação Agregada (Clientes) ---
Loss Média (Clientes): 1.4143 | Acurácia Média (Clientes): 0.5139
[36m(ClientAppActor pid=1192385)[0m Cliente 0: HetRaw=1.5325 | HetNorm=0.5108 | Epochs=3 (dyn=True) | LR=0.005662 (dyn=True) | FedProx=True (mu=0.01)[32m [repeated 5x across cluster][0m

--- Rodada 8 - Avaliação Centralizada (Servidor) ---
Loss (Servidor): 1.3295 | Acurácia (Servidor): 0.5311
--- Avaliação Agregada (Clientes) ---
Loss Média (Clientes): 1.3177 | Acurácia Média (Clientes): 0.5351
[36m(ClientAppActor pid=1192386)[0m Cliente 4: HetRaw=2.7104 | HetNorm=0.9035 | Epochs=2 (dyn=True) | LR=0.004246 (dyn=True) | FedProx=True (mu=0.01)[32m [repeated 5x across cluster][0m

--- Rodada 9 - Avaliação Centralizada (Servidor) ---
Loss (Servidor): 1.2991 | Acurácia (Servidor): 0.5409
--- Avaliação Agregada (Clientes) ---
Loss Média (Clientes): 1.2949 | Acurácia Média (Clientes): 0.5391
[36m(ClientAppActor pid=1192386)[0m Cliente 3: HetRaw=2.5436 | HetNorm=0.8479 | Epochs=2 (dyn=True) | LR=0.004402 (dyn=True) | FedProx=True (mu=0.01)[32m [repeated 5x across cluster][0m

--- Rodada 10 - Avaliação Centralizada (Servidor) ---
Loss (Servidor): 1.2838 | Acurácia (Servidor): 0.5528
--- Avaliação Agregada (Clientes) ---
Loss Média (Clientes): 1.2790 | Acurácia Média (Clientes): 0.5497

Resultados salvos em: /home/tiago/GitHubProjects/fedhad-thesis-2/FedHAD-results/1.1_diagnostico_drift/CIFAR10-Standard/FedHAD__CIFAR10__Mode-STANDARD__Cfg-E1L1F1__Setup-5__Clients-5__Rounds-10__Delay-0_05__Alpha-0_01__Seed-49.txt
[36m(ClientAppActor pid=1192385)[0m [93mWARNING [0m:   DEPRECATED FEATURE: `client_fn` now expects a signature `def client_fn(context: Context)`.The provided `client_fn` has signature: {'cid': <Parameter "cid: str">}. You can import the `Context` like this: `from flwr.app import Context`[32m [repeated 4x across cluster][0m
[36m(ClientAppActor pid=1192385)[0m             This is a deprecated feature. It will be removed[32m [repeated 4x across cluster][0m
[36m(ClientAppActor pid=1192385)[0m             entirely in future versions of Flower.[32m [repeated 4x across cluster][0m
[36m(ClientAppActor pid=1192384)[0m Cliente 1: HetRaw=1.3643 | HetNorm=0.4548 | Epochs=4 (dyn=True) | LR=0.005945 (dyn=True) | FedProx=True (mu=0.01)[32m [repeated 4x across cluster][0m
