[codecarbon WARNING @ 17:15:24] Multiple instances of codecarbon are allowed to run at the same time.
[93mWARNING [0m:   DEPRECATED FEATURE: flwr.simulation.start_simulation() is deprecated.
	Instead, use the `flwr run` CLI command to start a local simulation in your Flower app, as shown for example below:

		$ flwr new  # Create a new Flower app from a template

		$ flwr run  # Run the Flower app in Simulation Mode

	Using `start_simulation()` is deprecated.

            This is a deprecated feature. It will be removed
            entirely in future versions of Flower.
        
[92mINFO [0m:      Starting Flower simulation, config: num_rounds=10, no round_timeout
2026-09-04 17:15:33,123	INFO worker.py:2012 -- Started a local Ray instance.
/home/tiago/GitHubProjects/fedhad-thesis-2/env_flwr_pt/lib/python3.12/site-packages/ray/_private/worker.py:2051: FutureWarning: Tip: In future versions of Ray, Ray will no longer override accelerator visible devices env var if num_gpus=0 or num_gpus=None (default). To enable this behavior and turn off this error message, set RAY_ACCEL_ENV_VAR_OVERRIDE_ON_ZERO=0
  warnings.warn(
[92mINFO [0m:      Flower VCE: Ray initialized with resources: {'memory': 180884998964.0, 'accelerator_type:A40': 1.0, 'node:10.129.64.100': 1.0, 'node:__internal_head__': 1.0, 'GPU': 1.0, 'CPU': 64.0, 'object_store_memory': 77522142412.0}
[92mINFO [0m:      Optimize your simulation with Flower VCE: https://flower.ai/docs/framework/how-to-run-simulations.html
/home/tiago/GitHubProjects/fedhad-thesis-2/FedHAD_Final_2.0.py:1916: UserWarning: No `num_cpus` specified in `client_resources`. Using `num_cpus=1` for each client.
  history = fl.simulation.start_simulation(
[92mINFO [0m:      Flower VCE: Resources for each Virtual Client: {'num_gpus': 0.2, 'num_cpus': 1}
[92mINFO [0m:      Flower VCE: Creating VirtualClientEngineActorPool with 5 actors
[92mINFO [0m:      [INIT]
[92mINFO [0m:      Requesting initial parameters from one random client
[36m(ClientAppActor pid=1120467)[0m [93mWARNING [0m:   DEPRECATED FEATURE: `client_fn` now expects a signature `def client_fn(context: Context)`.The provided `client_fn` has signature: {'cid': <Parameter "cid: str">}. You can import the `Context` like this: `from flwr.app import Context`
[36m(ClientAppActor pid=1120467)[0m 
[36m(ClientAppActor pid=1120467)[0m             This is a deprecated feature. It will be removed
[36m(ClientAppActor pid=1120467)[0m             entirely in future versions of Flower.
[36m(ClientAppActor pid=1120467)[0m         
[92mINFO [0m:      Received initial parameters from one random client
[92mINFO [0m:      Starting evaluation of initial global parameters
[92mINFO [0m:      initial parameters (loss, other metrics): 2.303477138519287, {'accuracy': 0.0914, 'loss': 2.303477138519287}
[92mINFO [0m:      
[92mINFO [0m:      [ROUND 1]
[92mINFO [0m:      configure_fit: strategy sampled 5 clients (out of 5)
[36m(ClientAppActor pid=1120467)[0m [93mWARNING [0m:   DEPRECATED FEATURE: `client_fn` now expects a signature `def client_fn(context: Context)`.The provided `client_fn` has signature: {'cid': <Parameter "cid: str">}. You can import the `Context` like this: `from flwr.app import Context`
[36m(ClientAppActor pid=1120467)[0m 
[36m(ClientAppActor pid=1120467)[0m             This is a deprecated feature. It will be removed
[36m(ClientAppActor pid=1120467)[0m             entirely in future versions of Flower.
[36m(ClientAppActor pid=1120467)[0m         
[36m(ClientAppActor pid=1120469)[0m 
[36m(ClientAppActor pid=1120469)[0m         
[36m(ClientAppActor pid=1120468)[0m 
[36m(ClientAppActor pid=1120468)[0m         
[36m(ClientAppActor pid=1120466)[0m 
[36m(ClientAppActor pid=1120466)[0m         
[36m(ClientAppActor pid=1120465)[0m 
[36m(ClientAppActor pid=1120465)[0m         
[92mINFO [0m:      aggregate_fit: received 5 results and 0 failures
[92mINFO [0m:      fit progress: (1, 2.0135437000274656, {'accuracy': 0.328, 'loss': 2.0135437000274656}, 21.923665965965483)
[92mINFO [0m:      configure_evaluate: strategy sampled 5 clients (out of 5)
[36m(ClientAppActor pid=1120466)[0m 
[36m(ClientAppActor pid=1120466)[0m         
[36m(ClientAppActor pid=1120466)[0m [93mWARNING [0m:   DEPRECATED FEATURE: `client_fn` now expects a signature `def client_fn(context: Context)`.The provided `client_fn` has signature: {'cid': <Parameter "cid: str">}. You can import the `Context` like this: `from flwr.app import Context`[32m [repeated 5x across cluster] (Ray deduplicates logs by default. Set RAY_DEDUP_LOGS=0 to disable log deduplication, or see https://docs.ray.io/en/master/ray-observability/user-guides/configure-logging.html#log-deduplication for more options.)[0m
[36m(ClientAppActor pid=1120466)[0m             This is a deprecated feature. It will be removed[32m [repeated 5x across cluster][0m
[36m(ClientAppActor pid=1120466)[0m             entirely in future versions of Flower.[32m [repeated 5x across cluster][0m
[36m(ClientAppActor pid=1120465)[0m 
[36m(ClientAppActor pid=1120465)[0m         
[36m(ClientAppActor pid=1120468)[0m 
[36m(ClientAppActor pid=1120468)[0m         
[36m(ClientAppActor pid=1120469)[0m 
[36m(ClientAppActor pid=1120469)[0m         
[36m(ClientAppActor pid=1120467)[0m 
[36m(ClientAppActor pid=1120467)[0m         
[92mINFO [0m:      aggregate_evaluate: received 5 results and 0 failures
[92mINFO [0m:      
[92mINFO [0m:      [ROUND 2]
[92mINFO [0m:      configure_fit: strategy sampled 5 clients (out of 5)
[36m(ClientAppActor pid=1120467)[0m 
[36m(ClientAppActor pid=1120467)[0m         
[36m(ClientAppActor pid=1120469)[0m 
[36m(ClientAppActor pid=1120469)[0m         
[36m(ClientAppActor pid=1120465)[0m 
[36m(ClientAppActor pid=1120465)[0m         
[36m(ClientAppActor pid=1120468)[0m 
[36m(ClientAppActor pid=1120468)[0m         
[36m(ClientAppActor pid=1120466)[0m 
[36m(ClientAppActor pid=1120466)[0m         
[92mINFO [0m:      aggregate_fit: received 5 results and 0 failures
[92mINFO [0m:      fit progress: (2, 1.4955418245315553, {'accuracy': 0.477, 'loss': 1.4955418245315553}, 43.02107672195416)
[92mINFO [0m:      configure_evaluate: strategy sampled 5 clients (out of 5)
[36m(ClientAppActor pid=1120465)[0m 
[36m(ClientAppActor pid=1120465)[0m         
[36m(ClientAppActor pid=1120465)[0m [93mWARNING [0m:   DEPRECATED FEATURE: `client_fn` now expects a signature `def client_fn(context: Context)`.The provided `client_fn` has signature: {'cid': <Parameter "cid: str">}. You can import the `Context` like this: `from flwr.app import Context`[32m [repeated 10x across cluster][0m
[36m(ClientAppActor pid=1120465)[0m             This is a deprecated feature. It will be removed[32m [repeated 10x across cluster][0m
[36m(ClientAppActor pid=1120465)[0m             entirely in future versions of Flower.[32m [repeated 10x across cluster][0m
[36m(ClientAppActor pid=1120466)[0m 
[36m(ClientAppActor pid=1120466)[0m         
[36m(ClientAppActor pid=1120468)[0m 
[36m(ClientAppActor pid=1120468)[0m         
[36m(ClientAppActor pid=1120467)[0m 
[36m(ClientAppActor pid=1120467)[0m         
[36m(ClientAppActor pid=1120469)[0m 
[36m(ClientAppActor pid=1120469)[0m         
[92mINFO [0m:      aggregate_evaluate: received 5 results and 0 failures
[92mINFO [0m:      
[92mINFO [0m:      [ROUND 3]
[92mINFO [0m:      configure_fit: strategy sampled 5 clients (out of 5)
[36m(ClientAppActor pid=1120467)[0m 
[36m(ClientAppActor pid=1120467)[0m         
[36m(ClientAppActor pid=1120469)[0m 
[36m(ClientAppActor pid=1120469)[0m         
[36m(ClientAppActor pid=1120466)[0m 
[36m(ClientAppActor pid=1120466)[0m         
[36m(ClientAppActor pid=1120468)[0m 
[36m(ClientAppActor pid=1120468)[0m         
[36m(ClientAppActor pid=1120465)[0m 
[36m(ClientAppActor pid=1120465)[0m         
[92mINFO [0m:      aggregate_fit: received 5 results and 0 failures
[92mINFO [0m:      fit progress: (3, 1.4265886358261108, {'accuracy': 0.5289, 'loss': 1.4265886358261108}, 63.83600213495083)
[92mINFO [0m:      configure_evaluate: strategy sampled 5 clients (out of 5)
[36m(ClientAppActor pid=1120467)[0m 
[36m(ClientAppActor pid=1120467)[0m         
[36m(ClientAppActor pid=1120467)[0m [93mWARNING [0m:   DEPRECATED FEATURE: `client_fn` now expects a signature `def client_fn(context: Context)`.The provided `client_fn` has signature: {'cid': <Parameter "cid: str">}. You can import the `Context` like this: `from flwr.app import Context`[32m [repeated 10x across cluster][0m
[36m(ClientAppActor pid=1120467)[0m             This is a deprecated feature. It will be removed[32m [repeated 10x across cluster][0m
[36m(ClientAppActor pid=1120467)[0m             entirely in future versions of Flower.[32m [repeated 10x across cluster][0m
[36m(ClientAppActor pid=1120465)[0m 
[36m(ClientAppActor pid=1120465)[0m         
[36m(ClientAppActor pid=1120468)[0m 
[36m(ClientAppActor pid=1120468)[0m         
[36m(ClientAppActor pid=1120469)[0m 
[36m(ClientAppActor pid=1120469)[0m         
[36m(ClientAppActor pid=1120466)[0m 
[36m(ClientAppActor pid=1120466)[0m         
[92mINFO [0m:      aggregate_evaluate: received 5 results and 0 failures
[92mINFO [0m:      
[92mINFO [0m:      [ROUND 4]
[92mINFO [0m:      configure_fit: strategy sampled 5 clients (out of 5)
[36m(ClientAppActor pid=1120466)[0m 
[36m(ClientAppActor pid=1120466)[0m         
[36m(ClientAppActor pid=1120468)[0m 
[36m(ClientAppActor pid=1120468)[0m         
[36m(ClientAppActor pid=1120469)[0m 
[36m(ClientAppActor pid=1120469)[0m         
[36m(ClientAppActor pid=1120465)[0m 
[36m(ClientAppActor pid=1120465)[0m         
[36m(ClientAppActor pid=1120467)[0m 
[36m(ClientAppActor pid=1120467)[0m         
[92mINFO [0m:      aggregate_fit: received 5 results and 0 failures
[92mINFO [0m:      fit progress: (4, 1.3095725688934325, {'accuracy': 0.5747, 'loss': 1.3095725688934325}, 85.30660797795281)
[92mINFO [0m:      configure_evaluate: strategy sampled 5 clients (out of 5)
[36m(ClientAppActor pid=1120467)[0m 
[36m(ClientAppActor pid=1120467)[0m         
[36m(ClientAppActor pid=1120467)[0m [93mWARNING [0m:   DEPRECATED FEATURE: `client_fn` now expects a signature `def client_fn(context: Context)`.The provided `client_fn` has signature: {'cid': <Parameter "cid: str">}. You can import the `Context` like this: `from flwr.app import Context`[32m [repeated 10x across cluster][0m
[36m(ClientAppActor pid=1120467)[0m             This is a deprecated feature. It will be removed[32m [repeated 10x across cluster][0m
[36m(ClientAppActor pid=1120467)[0m             entirely in future versions of Flower.[32m [repeated 10x across cluster][0m
[36m(ClientAppActor pid=1120466)[0m 
[36m(ClientAppActor pid=1120466)[0m         
[36m(ClientAppActor pid=1120469)[0m 
[36m(ClientAppActor pid=1120469)[0m         
[36m(ClientAppActor pid=1120465)[0m 
[36m(ClientAppActor pid=1120465)[0m         
[36m(ClientAppActor pid=1120468)[0m 
[36m(ClientAppActor pid=1120468)[0m         
[92mINFO [0m:      aggregate_evaluate: received 5 results and 0 failures
[92mINFO [0m:      
[92mINFO [0m:      [ROUND 5]
[92mINFO [0m:      configure_fit: strategy sampled 5 clients (out of 5)
[36m(ClientAppActor pid=1120468)[0m 
[36m(ClientAppActor pid=1120468)[0m         
[36m(ClientAppActor pid=1120466)[0m 
[36m(ClientAppActor pid=1120466)[0m         
[36m(ClientAppActor pid=1120469)[0m 
[36m(ClientAppActor pid=1120469)[0m         
[36m(ClientAppActor pid=1120465)[0m 
[36m(ClientAppActor pid=1120465)[0m         
[36m(ClientAppActor pid=1120467)[0m 
[36m(ClientAppActor pid=1120467)[0m         
[92mINFO [0m:      aggregate_fit: received 5 results and 0 failures
[92mINFO [0m:      fit progress: (5, 1.1821768308639526, {'accuracy': 0.612, 'loss': 1.1821768308639526}, 105.82849355100188)
[92mINFO [0m:      configure_evaluate: strategy sampled 5 clients (out of 5)
[36m(ClientAppActor pid=1120466)[0m 
[36m(ClientAppActor pid=1120466)[0m         
[36m(ClientAppActor pid=1120466)[0m [93mWARNING [0m:   DEPRECATED FEATURE: `client_fn` now expects a signature `def client_fn(context: Context)`.The provided `client_fn` has signature: {'cid': <Parameter "cid: str">}. You can import the `Context` like this: `from flwr.app import Context`[32m [repeated 10x across cluster][0m
[36m(ClientAppActor pid=1120466)[0m             This is a deprecated feature. It will be removed[32m [repeated 10x across cluster][0m
[36m(ClientAppActor pid=1120466)[0m             entirely in future versions of Flower.[32m [repeated 10x across cluster][0m
[36m(ClientAppActor pid=1120465)[0m 
[36m(ClientAppActor pid=1120465)[0m         
[36m(ClientAppActor pid=1120469)[0m 
[36m(ClientAppActor pid=1120469)[0m         
[36m(ClientAppActor pid=1120467)[0m 
[36m(ClientAppActor pid=1120467)[0m         
[36m(ClientAppActor pid=1120468)[0m 
[36m(ClientAppActor pid=1120468)[0m         
[92mINFO [0m:      aggregate_evaluate: received 5 results and 0 failures
[92mINFO [0m:      
[92mINFO [0m:      [ROUND 6]
[92mINFO [0m:      configure_fit: strategy sampled 5 clients (out of 5)
[36m(ClientAppActor pid=1120467)[0m 
[36m(ClientAppActor pid=1120467)[0m         
[36m(ClientAppActor pid=1120468)[0m 
[36m(ClientAppActor pid=1120468)[0m         
[36m(ClientAppActor pid=1120469)[0m 
[36m(ClientAppActor pid=1120469)[0m         
[36m(ClientAppActor pid=1120465)[0m 
[36m(ClientAppActor pid=1120465)[0m         
[36m(ClientAppActor pid=1120466)[0m 
[36m(ClientAppActor pid=1120466)[0m         
[92mINFO [0m:      aggregate_fit: received 5 results and 0 failures
[92mINFO [0m:      fit progress: (6, 1.1878336393356324, {'accuracy': 0.6216, 'loss': 1.1878336393356324}, 126.68476645398187)
[92mINFO [0m:      configure_evaluate: strategy sampled 5 clients (out of 5)
[36m(ClientAppActor pid=1120466)[0m 
[36m(ClientAppActor pid=1120466)[0m         
[36m(ClientAppActor pid=1120466)[0m [93mWARNING [0m:   DEPRECATED FEATURE: `client_fn` now expects a signature `def client_fn(context: Context)`.The provided `client_fn` has signature: {'cid': <Parameter "cid: str">}. You can import the `Context` like this: `from flwr.app import Context`[32m [repeated 10x across cluster][0m
[36m(ClientAppActor pid=1120466)[0m             This is a deprecated feature. It will be removed[32m [repeated 10x across cluster][0m
[36m(ClientAppActor pid=1120466)[0m             entirely in future versions of Flower.[32m [repeated 10x across cluster][0m
[36m(ClientAppActor pid=1120465)[0m 
[36m(ClientAppActor pid=1120465)[0m         
[36m(ClientAppActor pid=1120469)[0m 
[36m(ClientAppActor pid=1120469)[0m         
[36m(ClientAppActor pid=1120467)[0m 
[36m(ClientAppActor pid=1120467)[0m         
[36m(ClientAppActor pid=1120468)[0m 
[36m(ClientAppActor pid=1120468)[0m         
[92mINFO [0m:      aggregate_evaluate: received 5 results and 0 failures
[92mINFO [0m:      
[92mINFO [0m:      [ROUND 7]
[92mINFO [0m:      configure_fit: strategy sampled 5 clients (out of 5)
[36m(ClientAppActor pid=1120468)[0m 
[36m(ClientAppActor pid=1120468)[0m         
[36m(ClientAppActor pid=1120467)[0m 
[36m(ClientAppActor pid=1120467)[0m         
[36m(ClientAppActor pid=1120469)[0m 
[36m(ClientAppActor pid=1120469)[0m         
[36m(ClientAppActor pid=1120465)[0m 
[36m(ClientAppActor pid=1120465)[0m         
[36m(ClientAppActor pid=1120466)[0m 
[36m(ClientAppActor pid=1120466)[0m         
[92mINFO [0m:      aggregate_fit: received 5 results and 0 failures
[92mINFO [0m:      fit progress: (7, 1.0938711550712585, {'accuracy': 0.6566, 'loss': 1.0938711550712585}, 147.80995455896482)
[92mINFO [0m:      configure_evaluate: strategy sampled 5 clients (out of 5)
[36m(ClientAppActor pid=1120468)[0m 
[36m(ClientAppActor pid=1120468)[0m         
[36m(ClientAppActor pid=1120468)[0m [93mWARNING [0m:   DEPRECATED FEATURE: `client_fn` now expects a signature `def client_fn(context: Context)`.The provided `client_fn` has signature: {'cid': <Parameter "cid: str">}. You can import the `Context` like this: `from flwr.app import Context`[32m [repeated 10x across cluster][0m
[36m(ClientAppActor pid=1120468)[0m             This is a deprecated feature. It will be removed[32m [repeated 10x across cluster][0m
[36m(ClientAppActor pid=1120468)[0m             entirely in future versions of Flower.[32m [repeated 10x across cluster][0m
[36m(ClientAppActor pid=1120467)[0m 
[36m(ClientAppActor pid=1120467)[0m         
[36m(ClientAppActor pid=1120469)[0m 
[36m(ClientAppActor pid=1120469)[0m         
[36m(ClientAppActor pid=1120465)[0m 
[36m(ClientAppActor pid=1120465)[0m         
[36m(ClientAppActor pid=1120466)[0m 
[36m(ClientAppActor pid=1120466)[0m         
[92mINFO [0m:      aggregate_evaluate: received 5 results and 0 failures
[92mINFO [0m:      
[92mINFO [0m:      [ROUND 8]
[92mINFO [0m:      configure_fit: strategy sampled 5 clients (out of 5)
[36m(ClientAppActor pid=1120466)[0m 
[36m(ClientAppActor pid=1120466)[0m         
[36m(ClientAppActor pid=1120469)[0m 
[36m(ClientAppActor pid=1120469)[0m         
[36m(ClientAppActor pid=1120465)[0m 
[36m(ClientAppActor pid=1120465)[0m         
[36m(ClientAppActor pid=1120468)[0m 
[36m(ClientAppActor pid=1120468)[0m         
[36m(ClientAppActor pid=1120467)[0m 
[36m(ClientAppActor pid=1120467)[0m         
[92mINFO [0m:      aggregate_fit: received 5 results and 0 failures
[92mINFO [0m:      fit progress: (8, 1.1679105965614318, {'accuracy': 0.6432, 'loss': 1.1679105965614318}, 168.7668642269564)
[92mINFO [0m:      configure_evaluate: strategy sampled 5 clients (out of 5)
[36m(ClientAppActor pid=1120468)[0m 
[36m(ClientAppActor pid=1120468)[0m         
[36m(ClientAppActor pid=1120468)[0m [93mWARNING [0m:   DEPRECATED FEATURE: `client_fn` now expects a signature `def client_fn(context: Context)`.The provided `client_fn` has signature: {'cid': <Parameter "cid: str">}. You can import the `Context` like this: `from flwr.app import Context`[32m [repeated 10x across cluster][0m
[36m(ClientAppActor pid=1120468)[0m             This is a deprecated feature. It will be removed[32m [repeated 10x across cluster][0m
[36m(ClientAppActor pid=1120468)[0m             entirely in future versions of Flower.[32m [repeated 10x across cluster][0m
[36m(ClientAppActor pid=1120469)[0m 
[36m(ClientAppActor pid=1120469)[0m         
[36m(ClientAppActor pid=1120467)[0m 
[36m(ClientAppActor pid=1120467)[0m         
[36m(ClientAppActor pid=1120465)[0m 
[36m(ClientAppActor pid=1120465)[0m         
[36m(ClientAppActor pid=1120466)[0m 
[36m(ClientAppActor pid=1120466)[0m         
[92mINFO [0m:      aggregate_evaluate: received 5 results and 0 failures
[92mINFO [0m:      
[92mINFO [0m:      [ROUND 9]
[92mINFO [0m:      configure_fit: strategy sampled 5 clients (out of 5)
[36m(ClientAppActor pid=1120465)[0m 
[36m(ClientAppActor pid=1120465)[0m         
[36m(ClientAppActor pid=1120466)[0m 
[36m(ClientAppActor pid=1120466)[0m         
[36m(ClientAppActor pid=1120467)[0m 
[36m(ClientAppActor pid=1120467)[0m         
[36m(ClientAppActor pid=1120469)[0m 
[36m(ClientAppActor pid=1120469)[0m         
[36m(ClientAppActor pid=1120468)[0m 
[36m(ClientAppActor pid=1120468)[0m         
[92mINFO [0m:      aggregate_fit: received 5 results and 0 failures
[92mINFO [0m:      fit progress: (9, 1.0268739717483522, {'accuracy': 0.6806, 'loss': 1.0268739717483522}, 189.70274291594978)
[92mINFO [0m:      configure_evaluate: strategy sampled 5 clients (out of 5)
[36m(ClientAppActor pid=1120468)[0m 
[36m(ClientAppActor pid=1120468)[0m         
[36m(ClientAppActor pid=1120468)[0m [93mWARNING [0m:   DEPRECATED FEATURE: `client_fn` now expects a signature `def client_fn(context: Context)`.The provided `client_fn` has signature: {'cid': <Parameter "cid: str">}. You can import the `Context` like this: `from flwr.app import Context`[32m [repeated 10x across cluster][0m
[36m(ClientAppActor pid=1120468)[0m             This is a deprecated feature. It will be removed[32m [repeated 10x across cluster][0m
[36m(ClientAppActor pid=1120468)[0m             entirely in future versions of Flower.[32m [repeated 10x across cluster][0m
[36m(ClientAppActor pid=1120469)[0m 
[36m(ClientAppActor pid=1120469)[0m         
[36m(ClientAppActor pid=1120467)[0m 
[36m(ClientAppActor pid=1120467)[0m         
[36m(ClientAppActor pid=1120465)[0m 
[36m(ClientAppActor pid=1120465)[0m         
[36m(ClientAppActor pid=1120466)[0m 
[36m(ClientAppActor pid=1120466)[0m         
[92mINFO [0m:      aggregate_evaluate: received 5 results and 0 failures
[92mINFO [0m:      
[92mINFO [0m:      [ROUND 10]
[92mINFO [0m:      configure_fit: strategy sampled 5 clients (out of 5)
[36m(ClientAppActor pid=1120465)[0m 
[36m(ClientAppActor pid=1120465)[0m         
[36m(ClientAppActor pid=1120466)[0m 
[36m(ClientAppActor pid=1120466)[0m         
[36m(ClientAppActor pid=1120469)[0m 
[36m(ClientAppActor pid=1120469)[0m         
[36m(ClientAppActor pid=1120467)[0m 
[36m(ClientAppActor pid=1120467)[0m         
[36m(ClientAppActor pid=1120468)[0m 
[36m(ClientAppActor pid=1120468)[0m         
[92mINFO [0m:      aggregate_fit: received 5 results and 0 failures
[92mINFO [0m:      fit progress: (10, 0.995305361366272, {'accuracy': 0.7071, 'loss': 0.995305361366272}, 209.98145971697522)
[92mINFO [0m:      configure_evaluate: strategy sampled 5 clients (out of 5)
[36m(ClientAppActor pid=1120467)[0m 
[36m(ClientAppActor pid=1120467)[0m         
[36m(ClientAppActor pid=1120467)[0m [93mWARNING [0m:   DEPRECATED FEATURE: `client_fn` now expects a signature `def client_fn(context: Context)`.The provided `client_fn` has signature: {'cid': <Parameter "cid: str">}. You can import the `Context` like this: `from flwr.app import Context`[32m [repeated 10x across cluster][0m
[36m(ClientAppActor pid=1120467)[0m             This is a deprecated feature. It will be removed[32m [repeated 10x across cluster][0m
[36m(ClientAppActor pid=1120467)[0m             entirely in future versions of Flower.[32m [repeated 10x across cluster][0m
[36m(ClientAppActor pid=1120465)[0m 
[36m(ClientAppActor pid=1120465)[0m         
[36m(ClientAppActor pid=1120468)[0m 
[36m(ClientAppActor pid=1120468)[0m         
[36m(ClientAppActor pid=1120466)[0m 
[36m(ClientAppActor pid=1120466)[0m         
[36m(ClientAppActor pid=1120469)[0m 
[36m(ClientAppActor pid=1120469)[0m         
[92mINFO [0m:      aggregate_evaluate: received 5 results and 0 failures
[92mINFO [0m:      
[92mINFO [0m:      [SUMMARY]
[92mINFO [0m:      Run finished 10 round(s) in 210.84s
[92mINFO [0m:      	History (loss, distributed):
[92mINFO [0m:      		round 1: 2.0135200561369233
[92mINFO [0m:      		round 2: 1.4767879788007692
[92mINFO [0m:      		round 3: 1.4056496530240457
[92mINFO [0m:      		round 4: 1.2747692761240852
[92mINFO [0m:      		round 5: 1.1615153498737387
[92mINFO [0m:      		round 6: 1.1673832830248152
[92mINFO [0m:      		round 7: 1.0779921494652467
[92mINFO [0m:      		round 8: 1.1597037024919763
[92mINFO [0m:      		round 9: 1.0130630930602753
[92mINFO [0m:      		round 10: 0.9915897290194204
[92mINFO [0m:      	History (loss, centralized):
[92mINFO [0m:      		round 0: 2.303477138519287
[92mINFO [0m:      		round 1: 2.0135437000274656
[92mINFO [0m:      		round 2: 1.4955418245315553
[92mINFO [0m:      		round 3: 1.4265886358261108
[92mINFO [0m:      		round 4: 1.3095725688934325
[92mINFO [0m:      		round 5: 1.1821768308639526
[92mINFO [0m:      		round 6: 1.1878336393356324
[92mINFO [0m:      		round 7: 1.0938711550712585
[92mINFO [0m:      		round 8: 1.1679105965614318
[92mINFO [0m:      		round 9: 1.0268739717483522
[92mINFO [0m:      		round 10: 0.995305361366272
[92mINFO [0m:      	History (metrics, distributed, fit):
[92mINFO [0m:      	{'avg_epochs_weighted': [(1, 3.633091127258183),
[92mINFO [0m:      	                         (2, 3.633091127258183),
[92mINFO [0m:      	                         (3, 3.633091127258183),
[92mINFO [0m:      	                         (4, 3.633091127258183),
[92mINFO [0m:      	                         (5, 3.633091127258183),
[92mINFO [0m:      	                         (6, 3.633091127258183),
[92mINFO [0m:      	                         (7, 3.633091127258183),
[92mINFO [0m:      	                         (8, 3.633091127258183),
[92mINFO [0m:      	                         (9, 3.633091127258183),
[92mINFO [0m:      	                         (10, 3.633091127258183)],
[92mINFO [0m:      	 'avg_flops_per_client_round': [(1, 5915257344000.0),
[92mINFO [0m:      	                                (2, 5915257344000.0),
[92mINFO [0m:      	                                (3, 5915257344000.0),
[92mINFO [0m:      	                                (4, 5915257344000.0),
[92mINFO [0m:      	                                (5, 5915257344000.0),
[92mINFO [0m:      	                                (6, 5915257344000.0),
[92mINFO [0m:      	                                (7, 5915257344000.0),
[92mINFO [0m:      	                                (8, 5915257344000.0),
[92mINFO [0m:      	                                (9, 5915257344000.0),
[92mINFO [0m:      	                                (10, 5915257344000.0)],
[92mINFO [0m:      	 'avg_lr_weighted': [(1, 0.006160501572342824),
[92mINFO [0m:      	                     (2, 0.006160501572342824),
[92mINFO [0m:      	                     (3, 0.006160501572342824),
[92mINFO [0m:      	                     (4, 0.006160501572342824),
[92mINFO [0m:      	                     (5, 0.006160501572342824),
[92mINFO [0m:      	                     (6, 0.006160501572342824),
[92mINFO [0m:      	                     (7, 0.006160501572342824),
[92mINFO [0m:      	                     (8, 0.006160501572342824),
[92mINFO [0m:      	                     (9, 0.006160501572342824),
[92mINFO [0m:      	                     (10, 0.006160501572342824)],
[92mINFO [0m:      	 'total_flops_round': [(1, 29576286720000),
[92mINFO [0m:      	                       (2, 29576286720000),
[92mINFO [0m:      	                       (3, 29576286720000),
[92mINFO [0m:      	                       (4, 29576286720000),
[92mINFO [0m:      	                       (5, 29576286720000),
[92mINFO [0m:      	                       (6, 29576286720000),
[92mINFO [0m:      	                       (7, 29576286720000),
[92mINFO [0m:      	                       (8, 29576286720000),
[92mINFO [0m:      	                       (9, 29576286720000),
[92mINFO [0m:      	                       (10, 29576286720000)]}
[92mINFO [0m:      	History (metrics, distributed, evaluate):
[92mINFO [0m:      	{'accuracy': [(1, 0.33700220132079245),
[92mINFO [0m:      	              (2, 0.4744846908144887),
[92mINFO [0m:      	              (3, 0.5303181909145487),
[92mINFO [0m:      	              (4, 0.5791474884930958),
[92mINFO [0m:      	              (5, 0.6095657394436662),
[92mINFO [0m:      	              (6, 0.6213728236942165),
[92mINFO [0m:      	              (7, 0.6555933560136081),
[92mINFO [0m:      	              (8, 0.6435861516910146),
[92mINFO [0m:      	              (9, 0.6774064438663198),
[92mINFO [0m:      	              (10, 0.6992195317190314)],
[92mINFO [0m:      	 'loss': [(1, 2.0135200561369233),
[92mINFO [0m:      	          (2, 1.4767879788007692),
[92mINFO [0m:      	          (3, 1.4056496530240457),
[92mINFO [0m:      	          (4, 1.2747692761240852),
[92mINFO [0m:      	          (5, 1.1615153498737387),
[92mINFO [0m:      	          (6, 1.1673832830248152),
[92mINFO [0m:      	          (7, 1.0779921494652467),
[92mINFO [0m:      	          (8, 1.1597037024919763),
[92mINFO [0m:      	          (9, 1.0130630930602753),
[92mINFO [0m:      	          (10, 0.9915897290194204)]}
[92mINFO [0m:      	History (metrics, centralized):
[92mINFO [0m:      	{'accuracy': [(0, 0.0914),
[92mINFO [0m:      	              (1, 0.328),
[92mINFO [0m:      	              (2, 0.477),
[92mINFO [0m:      	              (3, 0.5289),
[92mINFO [0m:      	              (4, 0.5747),
[92mINFO [0m:      	              (5, 0.612),
[92mINFO [0m:      	              (6, 0.6216),
[92mINFO [0m:      	              (7, 0.6566),
[92mINFO [0m:      	              (8, 0.6432),
[92mINFO [0m:      	              (9, 0.6806),
[92mINFO [0m:      	              (10, 0.7071)],
[92mINFO [0m:      	 'loss': [(0, 2.303477138519287),
[92mINFO [0m:      	          (1, 2.0135437000274656),
[92mINFO [0m:      	          (2, 1.4955418245315553),
[92mINFO [0m:      	          (3, 1.4265886358261108),
[92mINFO [0m:      	          (4, 1.3095725688934325),
[92mINFO [0m:      	          (5, 1.1821768308639526),
[92mINFO [0m:      	          (6, 1.1878336393356324),
[92mINFO [0m:      	          (7, 1.0938711550712585),
[92mINFO [0m:      	          (8, 1.1679105965614318),
[92mINFO [0m:      	          (9, 1.0268739717483522),
[92mINFO [0m:      	          (10, 0.995305361366272)]}
[92mINFO [0m:      
Treinando no dispositivo: cuda:0 com o dataset: CIFAR10 | Setup clientes: 5 (num_gpus por cliente=0.2) | SEED=50
FLOPS por amostra (forward): 6.030e+07 | (forward+backward, 3x): 1.809e+08
Files already downloaded and verified
Files already downloaded and verified
Dividindo o dataset usando a distribuição de Dirichlet com alpha=0.1.
Iniciando a simulação de Aprendizado Federado...
=== Diagnóstico de Medição de GPU ===
  pynvml_disponivel: True
  pynvml_versao: 580.173.02
  gpus_detectadas: 1
  leitura_potencia_ok: True
  potencia_atual_W: 60.454

--- Rodada 0 - Avaliação Centralizada (Servidor) ---
Loss (Servidor): 2.3035 | Acurácia (Servidor): 0.0914
[36m(ClientAppActor pid=1120467)[0m Cliente 0: HetRaw=2.4220 | HetNorm=0.8073 | Epochs=3 (dyn=True) | LR=0.004523 (dyn=True) | FedProx=True (mu=0.01)

--- Rodada 1 - Avaliação Centralizada (Servidor) ---
Loss (Servidor): 2.0135 | Acurácia (Servidor): 0.3280
--- Avaliação Agregada (Clientes) ---
Loss Média (Clientes): 2.0135 | Acurácia Média (Clientes): 0.3370
[36m(ClientAppActor pid=1120467)[0m Cliente 3: HetRaw=2.1750 | HetNorm=0.7250 | Epochs=3 (dyn=True) | LR=0.004790 (dyn=True) | FedProx=True (mu=0.01)[32m [repeated 5x across cluster][0m

--- Rodada 2 - Avaliação Centralizada (Servidor) ---
Loss (Servidor): 1.4955 | Acurácia (Servidor): 0.4770
--- Avaliação Agregada (Clientes) ---
Loss Média (Clientes): 1.4768 | Acurácia Média (Clientes): 0.4745
[36m(ClientAppActor pid=1120467)[0m Cliente 2: HetRaw=0.7824 | HetNorm=0.2608 | Epochs=4 (dyn=True) | LR=0.007188 (dyn=True) | FedProx=True (mu=0.01)[32m [repeated 5x across cluster][0m

--- Rodada 3 - Avaliação Centralizada (Servidor) ---
Loss (Servidor): 1.4266 | Acurácia (Servidor): 0.5289
--- Avaliação Agregada (Clientes) ---
Loss Média (Clientes): 1.4056 | Acurácia Média (Clientes): 0.5303
[36m(ClientAppActor pid=1120466)[0m Cliente 4: HetRaw=1.3707 | HetNorm=0.4569 | Epochs=4 (dyn=True) | LR=0.005934 (dyn=True) | FedProx=True (mu=0.01)[32m [repeated 5x across cluster][0m

--- Rodada 4 - Avaliação Centralizada (Servidor) ---
Loss (Servidor): 1.3096 | Acurácia (Servidor): 0.5747
--- Avaliação Agregada (Clientes) ---
Loss Média (Clientes): 1.2748 | Acurácia Média (Clientes): 0.5791
[36m(ClientAppActor pid=1120468)[0m Cliente 1: HetRaw=2.5905 | HetNorm=0.8635 | Epochs=2 (dyn=True) | LR=0.004357 (dyn=True) | FedProx=True (mu=0.01)[32m [repeated 5x across cluster][0m

--- Rodada 5 - Avaliação Centralizada (Servidor) ---
Loss (Servidor): 1.1822 | Acurácia (Servidor): 0.6120
--- Avaliação Agregada (Clientes) ---
Loss Média (Clientes): 1.1615 | Acurácia Média (Clientes): 0.6096
[36m(ClientAppActor pid=1120467)[0m Cliente 3: HetRaw=2.1750 | HetNorm=0.7250 | Epochs=3 (dyn=True) | LR=0.004790 (dyn=True) | FedProx=True (mu=0.01)[32m [repeated 5x across cluster][0m

--- Rodada 6 - Avaliação Centralizada (Servidor) ---
Loss (Servidor): 1.1878 | Acurácia (Servidor): 0.6216
--- Avaliação Agregada (Clientes) ---
Loss Média (Clientes): 1.1674 | Acurácia Média (Clientes): 0.6214
[36m(ClientAppActor pid=1120468)[0m Cliente 2: HetRaw=0.7824 | HetNorm=0.2608 | Epochs=4 (dyn=True) | LR=0.007188 (dyn=True) | FedProx=True (mu=0.01)[32m [repeated 5x across cluster][0m

--- Rodada 7 - Avaliação Centralizada (Servidor) ---
Loss (Servidor): 1.0939 | Acurácia (Servidor): 0.6566
--- Avaliação Agregada (Clientes) ---
Loss Média (Clientes): 1.0780 | Acurácia Média (Clientes): 0.6556
[36m(ClientAppActor pid=1120466)[0m Cliente 0: HetRaw=2.4220 | HetNorm=0.8073 | Epochs=3 (dyn=True) | LR=0.004523 (dyn=True) | FedProx=True (mu=0.01)[32m [repeated 5x across cluster][0m

--- Rodada 8 - Avaliação Centralizada (Servidor) ---
Loss (Servidor): 1.1679 | Acurácia (Servidor): 0.6432
--- Avaliação Agregada (Clientes) ---
Loss Média (Clientes): 1.1597 | Acurácia Média (Clientes): 0.6436
[36m(ClientAppActor pid=1120465)[0m Cliente 1: HetRaw=2.5905 | HetNorm=0.8635 | Epochs=2 (dyn=True) | LR=0.004357 (dyn=True) | FedProx=True (mu=0.01)[32m [repeated 5x across cluster][0m

--- Rodada 9 - Avaliação Centralizada (Servidor) ---
Loss (Servidor): 1.0269 | Acurácia (Servidor): 0.6806
--- Avaliação Agregada (Clientes) ---
Loss Média (Clientes): 1.0131 | Acurácia Média (Clientes): 0.6774
[36m(ClientAppActor pid=1120465)[0m Cliente 4: HetRaw=1.3707 | HetNorm=0.4569 | Epochs=4 (dyn=True) | LR=0.005934 (dyn=True) | FedProx=True (mu=0.01)[32m [repeated 5x across cluster][0m

--- Rodada 10 - Avaliação Centralizada (Servidor) ---
Loss (Servidor): 0.9953 | Acurácia (Servidor): 0.7071
--- Avaliação Agregada (Clientes) ---
Loss Média (Clientes): 0.9916 | Acurácia Média (Clientes): 0.6992

Resultados salvos em: /home/tiago/GitHubProjects/fedhad-thesis-2/FedHAD-results/1.1_diagnostico_drift/CIFAR10-Standard/FedHAD__CIFAR10__Mode-STANDARD__Cfg-E1L1F1__Setup-5__Clients-5__Rounds-10__Delay-0_05__Alpha-0_1__Seed-50.txt
[36m(ClientAppActor pid=1120469)[0m [93mWARNING [0m:   DEPRECATED FEATURE: `client_fn` now expects a signature `def client_fn(context: Context)`.The provided `client_fn` has signature: {'cid': <Parameter "cid: str">}. You can import the `Context` like this: `from flwr.app import Context`[32m [repeated 4x across cluster][0m
[36m(ClientAppActor pid=1120469)[0m             This is a deprecated feature. It will be removed[32m [repeated 4x across cluster][0m
[36m(ClientAppActor pid=1120469)[0m             entirely in future versions of Flower.[32m [repeated 4x across cluster][0m
[36m(ClientAppActor pid=1120468)[0m Cliente 3: HetRaw=2.1750 | HetNorm=0.7250 | Epochs=3 (dyn=True) | LR=0.004790 (dyn=True) | FedProx=True (mu=0.01)[32m [repeated 4x across cluster][0m
