[codecarbon WARNING @ 17:05:51] Multiple instances of codecarbon are allowed to run at the same time.
[93mWARNING [0m:   DEPRECATED FEATURE: flwr.simulation.start_simulation() is deprecated.
	Instead, use the `flwr run` CLI command to start a local simulation in your Flower app, as shown for example below:

		$ flwr new  # Create a new Flower app from a template

		$ flwr run  # Run the Flower app in Simulation Mode

	Using `start_simulation()` is deprecated.

            This is a deprecated feature. It will be removed
            entirely in future versions of Flower.
        
[92mINFO [0m:      Starting Flower simulation, config: num_rounds=10, no round_timeout
2026-09-04 17:05:59,742	INFO worker.py:2012 -- Started a local Ray instance.
/home/tiago/GitHubProjects/fedhad-thesis-2/env_flwr_pt/lib/python3.12/site-packages/ray/_private/worker.py:2051: FutureWarning: Tip: In future versions of Ray, Ray will no longer override accelerator visible devices env var if num_gpus=0 or num_gpus=None (default). To enable this behavior and turn off this error message, set RAY_ACCEL_ENV_VAR_OVERRIDE_ON_ZERO=0
  warnings.warn(
[92mINFO [0m:      Flower VCE: Ray initialized with resources: {'memory': 180884689306.0, 'object_store_memory': 77522009702.0, 'CPU': 64.0, 'accelerator_type:A40': 1.0, 'node:10.129.64.100': 1.0, 'node:__internal_head__': 1.0, 'GPU': 1.0}
[92mINFO [0m:      Optimize your simulation with Flower VCE: https://flower.ai/docs/framework/how-to-run-simulations.html
/home/tiago/GitHubProjects/fedhad-thesis-2/FedHAD_Final_2.0.py:1916: UserWarning: No `num_cpus` specified in `client_resources`. Using `num_cpus=1` for each client.
  history = fl.simulation.start_simulation(
[92mINFO [0m:      Flower VCE: Resources for each Virtual Client: {'num_gpus': 0.2, 'num_cpus': 1}
[92mINFO [0m:      Flower VCE: Creating VirtualClientEngineActorPool with 5 actors
[92mINFO [0m:      [INIT]
[92mINFO [0m:      Requesting initial parameters from one random client
[36m(ClientAppActor pid=1096883)[0m [93mWARNING [0m:   DEPRECATED FEATURE: `client_fn` now expects a signature `def client_fn(context: Context)`.The provided `client_fn` has signature: {'cid': <Parameter "cid: str">}. You can import the `Context` like this: `from flwr.app import Context`
[36m(ClientAppActor pid=1096883)[0m 
[36m(ClientAppActor pid=1096883)[0m             This is a deprecated feature. It will be removed
[36m(ClientAppActor pid=1096883)[0m             entirely in future versions of Flower.
[36m(ClientAppActor pid=1096883)[0m         
[92mINFO [0m:      Received initial parameters from one random client
[92mINFO [0m:      Starting evaluation of initial global parameters
[92mINFO [0m:      initial parameters (loss, other metrics): 2.303549768829346, {'accuracy': 0.1, 'loss': 2.303549768829346}
[92mINFO [0m:      
[92mINFO [0m:      [ROUND 1]
[92mINFO [0m:      configure_fit: strategy sampled 5 clients (out of 5)
[36m(ClientAppActor pid=1096883)[0m [93mWARNING [0m:   DEPRECATED FEATURE: `client_fn` now expects a signature `def client_fn(context: Context)`.The provided `client_fn` has signature: {'cid': <Parameter "cid: str">}. You can import the `Context` like this: `from flwr.app import Context`
[36m(ClientAppActor pid=1096883)[0m 
[36m(ClientAppActor pid=1096883)[0m             This is a deprecated feature. It will be removed
[36m(ClientAppActor pid=1096883)[0m             entirely in future versions of Flower.
[36m(ClientAppActor pid=1096883)[0m         
[36m(ClientAppActor pid=1096882)[0m 
[36m(ClientAppActor pid=1096882)[0m         
[36m(ClientAppActor pid=1096884)[0m 
[36m(ClientAppActor pid=1096884)[0m         
[36m(ClientAppActor pid=1096881)[0m 
[36m(ClientAppActor pid=1096881)[0m         
[36m(ClientAppActor pid=1096880)[0m 
[36m(ClientAppActor pid=1096880)[0m         
[92mINFO [0m:      aggregate_fit: received 5 results and 0 failures
[92mINFO [0m:      fit progress: (1, 2.2384215648651122, {'accuracy': 0.1915, 'loss': 2.2384215648651122}, 17.045251439965796)
[92mINFO [0m:      configure_evaluate: strategy sampled 5 clients (out of 5)
[36m(ClientAppActor pid=1096881)[0m 
[36m(ClientAppActor pid=1096881)[0m         
[36m(ClientAppActor pid=1096881)[0m [93mWARNING [0m:   DEPRECATED FEATURE: `client_fn` now expects a signature `def client_fn(context: Context)`.The provided `client_fn` has signature: {'cid': <Parameter "cid: str">}. You can import the `Context` like this: `from flwr.app import Context`[32m [repeated 5x across cluster] (Ray deduplicates logs by default. Set RAY_DEDUP_LOGS=0 to disable log deduplication, or see https://docs.ray.io/en/master/ray-observability/user-guides/configure-logging.html#log-deduplication for more options.)[0m
[36m(ClientAppActor pid=1096881)[0m             This is a deprecated feature. It will be removed[32m [repeated 5x across cluster][0m
[36m(ClientAppActor pid=1096881)[0m             entirely in future versions of Flower.[32m [repeated 5x across cluster][0m
[36m(ClientAppActor pid=1096882)[0m 
[36m(ClientAppActor pid=1096882)[0m         
[36m(ClientAppActor pid=1096883)[0m 
[36m(ClientAppActor pid=1096883)[0m         
[36m(ClientAppActor pid=1096884)[0m 
[36m(ClientAppActor pid=1096884)[0m         
[36m(ClientAppActor pid=1096880)[0m 
[36m(ClientAppActor pid=1096880)[0m         
[92mINFO [0m:      aggregate_evaluate: received 5 results and 0 failures
[92mINFO [0m:      
[92mINFO [0m:      [ROUND 2]
[92mINFO [0m:      configure_fit: strategy sampled 5 clients (out of 5)
[36m(ClientAppActor pid=1096880)[0m 
[36m(ClientAppActor pid=1096880)[0m         
[36m(ClientAppActor pid=1096884)[0m 
[36m(ClientAppActor pid=1096884)[0m         
[36m(ClientAppActor pid=1096883)[0m 
[36m(ClientAppActor pid=1096883)[0m         
[36m(ClientAppActor pid=1096882)[0m 
[36m(ClientAppActor pid=1096882)[0m         
[36m(ClientAppActor pid=1096881)[0m 
[36m(ClientAppActor pid=1096881)[0m         
[92mINFO [0m:      aggregate_fit: received 5 results and 0 failures
[92mINFO [0m:      fit progress: (2, 1.798319023323059, {'accuracy': 0.3722, 'loss': 1.798319023323059}, 32.712128191953525)
[92mINFO [0m:      configure_evaluate: strategy sampled 5 clients (out of 5)
[36m(ClientAppActor pid=1096881)[0m 
[36m(ClientAppActor pid=1096881)[0m         
[36m(ClientAppActor pid=1096881)[0m [93mWARNING [0m:   DEPRECATED FEATURE: `client_fn` now expects a signature `def client_fn(context: Context)`.The provided `client_fn` has signature: {'cid': <Parameter "cid: str">}. You can import the `Context` like this: `from flwr.app import Context`[32m [repeated 10x across cluster][0m
[36m(ClientAppActor pid=1096881)[0m             This is a deprecated feature. It will be removed[32m [repeated 10x across cluster][0m
[36m(ClientAppActor pid=1096881)[0m             entirely in future versions of Flower.[32m [repeated 10x across cluster][0m
[36m(ClientAppActor pid=1096883)[0m 
[36m(ClientAppActor pid=1096883)[0m         
[36m(ClientAppActor pid=1096880)[0m 
[36m(ClientAppActor pid=1096880)[0m         
[36m(ClientAppActor pid=1096882)[0m 
[36m(ClientAppActor pid=1096882)[0m         
[36m(ClientAppActor pid=1096884)[0m 
[36m(ClientAppActor pid=1096884)[0m         
[92mINFO [0m:      aggregate_evaluate: received 5 results and 0 failures
[92mINFO [0m:      
[92mINFO [0m:      [ROUND 3]
[92mINFO [0m:      configure_fit: strategy sampled 5 clients (out of 5)
[36m(ClientAppActor pid=1096884)[0m 
[36m(ClientAppActor pid=1096884)[0m         
[36m(ClientAppActor pid=1096882)[0m 
[36m(ClientAppActor pid=1096882)[0m         
[36m(ClientAppActor pid=1096880)[0m 
[36m(ClientAppActor pid=1096880)[0m         
[36m(ClientAppActor pid=1096883)[0m 
[36m(ClientAppActor pid=1096883)[0m         
[36m(ClientAppActor pid=1096881)[0m 
[36m(ClientAppActor pid=1096881)[0m         
[92mINFO [0m:      aggregate_fit: received 5 results and 0 failures
[92mINFO [0m:      fit progress: (3, 1.4977639068603517, {'accuracy': 0.4547, 'loss': 1.4977639068603517}, 47.7536579319858)
[92mINFO [0m:      configure_evaluate: strategy sampled 5 clients (out of 5)
[36m(ClientAppActor pid=1096884)[0m 
[36m(ClientAppActor pid=1096884)[0m         
[36m(ClientAppActor pid=1096884)[0m [93mWARNING [0m:   DEPRECATED FEATURE: `client_fn` now expects a signature `def client_fn(context: Context)`.The provided `client_fn` has signature: {'cid': <Parameter "cid: str">}. You can import the `Context` like this: `from flwr.app import Context`[32m [repeated 10x across cluster][0m
[36m(ClientAppActor pid=1096884)[0m             This is a deprecated feature. It will be removed[32m [repeated 10x across cluster][0m
[36m(ClientAppActor pid=1096884)[0m             entirely in future versions of Flower.[32m [repeated 10x across cluster][0m
[36m(ClientAppActor pid=1096882)[0m 
[36m(ClientAppActor pid=1096882)[0m         
[36m(ClientAppActor pid=1096880)[0m 
[36m(ClientAppActor pid=1096880)[0m         
[36m(ClientAppActor pid=1096883)[0m 
[36m(ClientAppActor pid=1096883)[0m         
[36m(ClientAppActor pid=1096881)[0m 
[36m(ClientAppActor pid=1096881)[0m         
[92mINFO [0m:      aggregate_evaluate: received 5 results and 0 failures
[92mINFO [0m:      
[92mINFO [0m:      [ROUND 4]
[92mINFO [0m:      configure_fit: strategy sampled 5 clients (out of 5)
[36m(ClientAppActor pid=1096881)[0m 
[36m(ClientAppActor pid=1096881)[0m         
[36m(ClientAppActor pid=1096883)[0m 
[36m(ClientAppActor pid=1096883)[0m         
[36m(ClientAppActor pid=1096880)[0m 
[36m(ClientAppActor pid=1096880)[0m         
[36m(ClientAppActor pid=1096884)[0m 
[36m(ClientAppActor pid=1096884)[0m         
[36m(ClientAppActor pid=1096882)[0m 
[36m(ClientAppActor pid=1096882)[0m         
[92mINFO [0m:      aggregate_fit: received 5 results and 0 failures
[92mINFO [0m:      fit progress: (4, 1.2565616899490357, {'accuracy': 0.5369, 'loss': 1.2565616899490357}, 63.01467008295003)
[92mINFO [0m:      configure_evaluate: strategy sampled 5 clients (out of 5)
[36m(ClientAppActor pid=1096880)[0m 
[36m(ClientAppActor pid=1096880)[0m         
[36m(ClientAppActor pid=1096880)[0m [93mWARNING [0m:   DEPRECATED FEATURE: `client_fn` now expects a signature `def client_fn(context: Context)`.The provided `client_fn` has signature: {'cid': <Parameter "cid: str">}. You can import the `Context` like this: `from flwr.app import Context`[32m [repeated 10x across cluster][0m
[36m(ClientAppActor pid=1096880)[0m             This is a deprecated feature. It will be removed[32m [repeated 10x across cluster][0m
[36m(ClientAppActor pid=1096880)[0m             entirely in future versions of Flower.[32m [repeated 10x across cluster][0m
[36m(ClientAppActor pid=1096884)[0m 
[36m(ClientAppActor pid=1096884)[0m         
[36m(ClientAppActor pid=1096881)[0m 
[36m(ClientAppActor pid=1096881)[0m         
[36m(ClientAppActor pid=1096882)[0m 
[36m(ClientAppActor pid=1096882)[0m         
[36m(ClientAppActor pid=1096883)[0m 
[36m(ClientAppActor pid=1096883)[0m         
[92mINFO [0m:      aggregate_evaluate: received 5 results and 0 failures
[92mINFO [0m:      
[92mINFO [0m:      [ROUND 5]
[92mINFO [0m:      configure_fit: strategy sampled 5 clients (out of 5)
[36m(ClientAppActor pid=1096883)[0m 
[36m(ClientAppActor pid=1096883)[0m         
[36m(ClientAppActor pid=1096882)[0m 
[36m(ClientAppActor pid=1096882)[0m         
[36m(ClientAppActor pid=1096881)[0m 
[36m(ClientAppActor pid=1096881)[0m         
[36m(ClientAppActor pid=1096884)[0m 
[36m(ClientAppActor pid=1096884)[0m         
[36m(ClientAppActor pid=1096880)[0m 
[36m(ClientAppActor pid=1096880)[0m         
[92mINFO [0m:      aggregate_fit: received 5 results and 0 failures
[92mINFO [0m:      fit progress: (5, 1.1996276760101319, {'accuracy': 0.5649, 'loss': 1.1996276760101319}, 78.45725775597384)
[92mINFO [0m:      configure_evaluate: strategy sampled 5 clients (out of 5)
[36m(ClientAppActor pid=1096884)[0m 
[36m(ClientAppActor pid=1096884)[0m         
[36m(ClientAppActor pid=1096884)[0m [93mWARNING [0m:   DEPRECATED FEATURE: `client_fn` now expects a signature `def client_fn(context: Context)`.The provided `client_fn` has signature: {'cid': <Parameter "cid: str">}. You can import the `Context` like this: `from flwr.app import Context`[32m [repeated 10x across cluster][0m
[36m(ClientAppActor pid=1096884)[0m             This is a deprecated feature. It will be removed[32m [repeated 10x across cluster][0m
[36m(ClientAppActor pid=1096884)[0m             entirely in future versions of Flower.[32m [repeated 10x across cluster][0m
[36m(ClientAppActor pid=1096883)[0m 
[36m(ClientAppActor pid=1096883)[0m         
[36m(ClientAppActor pid=1096881)[0m 
[36m(ClientAppActor pid=1096881)[0m         
[36m(ClientAppActor pid=1096880)[0m 
[36m(ClientAppActor pid=1096880)[0m         
[36m(ClientAppActor pid=1096882)[0m 
[36m(ClientAppActor pid=1096882)[0m         
[92mINFO [0m:      aggregate_evaluate: received 5 results and 0 failures
[92mINFO [0m:      
[92mINFO [0m:      [ROUND 6]
[92mINFO [0m:      configure_fit: strategy sampled 5 clients (out of 5)
[36m(ClientAppActor pid=1096882)[0m 
[36m(ClientAppActor pid=1096882)[0m         
[36m(ClientAppActor pid=1096880)[0m 
[36m(ClientAppActor pid=1096880)[0m         
[36m(ClientAppActor pid=1096881)[0m 
[36m(ClientAppActor pid=1096881)[0m         
[36m(ClientAppActor pid=1096883)[0m 
[36m(ClientAppActor pid=1096883)[0m         
[36m(ClientAppActor pid=1096884)[0m 
[36m(ClientAppActor pid=1096884)[0m         
[92mINFO [0m:      aggregate_fit: received 5 results and 0 failures
[92mINFO [0m:      fit progress: (6, 1.0853646097183227, {'accuracy': 0.6144, 'loss': 1.0853646097183227}, 93.4073115339852)
[92mINFO [0m:      configure_evaluate: strategy sampled 5 clients (out of 5)
[36m(ClientAppActor pid=1096881)[0m 
[36m(ClientAppActor pid=1096881)[0m         
[36m(ClientAppActor pid=1096881)[0m [93mWARNING [0m:   DEPRECATED FEATURE: `client_fn` now expects a signature `def client_fn(context: Context)`.The provided `client_fn` has signature: {'cid': <Parameter "cid: str">}. You can import the `Context` like this: `from flwr.app import Context`[32m [repeated 10x across cluster][0m
[36m(ClientAppActor pid=1096881)[0m             This is a deprecated feature. It will be removed[32m [repeated 10x across cluster][0m
[36m(ClientAppActor pid=1096881)[0m             entirely in future versions of Flower.[32m [repeated 10x across cluster][0m
[36m(ClientAppActor pid=1096884)[0m 
[36m(ClientAppActor pid=1096884)[0m         
[36m(ClientAppActor pid=1096880)[0m 
[36m(ClientAppActor pid=1096880)[0m         
[36m(ClientAppActor pid=1096882)[0m 
[36m(ClientAppActor pid=1096882)[0m         
[36m(ClientAppActor pid=1096883)[0m 
[36m(ClientAppActor pid=1096883)[0m         
[92mINFO [0m:      aggregate_evaluate: received 5 results and 0 failures
[92mINFO [0m:      
[92mINFO [0m:      [ROUND 7]
[92mINFO [0m:      configure_fit: strategy sampled 5 clients (out of 5)
[36m(ClientAppActor pid=1096883)[0m 
[36m(ClientAppActor pid=1096883)[0m         
[36m(ClientAppActor pid=1096882)[0m 
[36m(ClientAppActor pid=1096882)[0m         
[36m(ClientAppActor pid=1096884)[0m 
[36m(ClientAppActor pid=1096884)[0m         
[36m(ClientAppActor pid=1096880)[0m 
[36m(ClientAppActor pid=1096880)[0m         
[36m(ClientAppActor pid=1096881)[0m 
[36m(ClientAppActor pid=1096881)[0m         
[92mINFO [0m:      aggregate_fit: received 5 results and 0 failures
[92mINFO [0m:      fit progress: (7, 0.9642981008529663, {'accuracy': 0.659, 'loss': 0.9642981008529663}, 109.09755772794597)
[92mINFO [0m:      configure_evaluate: strategy sampled 5 clients (out of 5)
[36m(ClientAppActor pid=1096881)[0m 
[36m(ClientAppActor pid=1096881)[0m         
[36m(ClientAppActor pid=1096881)[0m [93mWARNING [0m:   DEPRECATED FEATURE: `client_fn` now expects a signature `def client_fn(context: Context)`.The provided `client_fn` has signature: {'cid': <Parameter "cid: str">}. You can import the `Context` like this: `from flwr.app import Context`[32m [repeated 10x across cluster][0m
[36m(ClientAppActor pid=1096881)[0m             This is a deprecated feature. It will be removed[32m [repeated 10x across cluster][0m
[36m(ClientAppActor pid=1096881)[0m             entirely in future versions of Flower.[32m [repeated 10x across cluster][0m
[36m(ClientAppActor pid=1096884)[0m 
[36m(ClientAppActor pid=1096884)[0m         
[36m(ClientAppActor pid=1096882)[0m 
[36m(ClientAppActor pid=1096882)[0m         
[36m(ClientAppActor pid=1096883)[0m 
[36m(ClientAppActor pid=1096883)[0m         
[36m(ClientAppActor pid=1096880)[0m 
[36m(ClientAppActor pid=1096880)[0m         
[92mINFO [0m:      aggregate_evaluate: received 5 results and 0 failures
[92mINFO [0m:      
[92mINFO [0m:      [ROUND 8]
[92mINFO [0m:      configure_fit: strategy sampled 5 clients (out of 5)
[36m(ClientAppActor pid=1096883)[0m 
[36m(ClientAppActor pid=1096883)[0m         
[36m(ClientAppActor pid=1096880)[0m 
[36m(ClientAppActor pid=1096880)[0m         
[36m(ClientAppActor pid=1096882)[0m 
[36m(ClientAppActor pid=1096882)[0m         
[36m(ClientAppActor pid=1096884)[0m 
[36m(ClientAppActor pid=1096884)[0m         
[36m(ClientAppActor pid=1096881)[0m 
[36m(ClientAppActor pid=1096881)[0m         
[92mINFO [0m:      aggregate_fit: received 5 results and 0 failures
[92mINFO [0m:      fit progress: (8, 0.9421437924385071, {'accuracy': 0.6708, 'loss': 0.9421437924385071}, 124.1850369789754)
[92mINFO [0m:      configure_evaluate: strategy sampled 5 clients (out of 5)
[36m(ClientAppActor pid=1096884)[0m 
[36m(ClientAppActor pid=1096884)[0m         
[36m(ClientAppActor pid=1096884)[0m [93mWARNING [0m:   DEPRECATED FEATURE: `client_fn` now expects a signature `def client_fn(context: Context)`.The provided `client_fn` has signature: {'cid': <Parameter "cid: str">}. You can import the `Context` like this: `from flwr.app import Context`[32m [repeated 10x across cluster][0m
[36m(ClientAppActor pid=1096884)[0m             This is a deprecated feature. It will be removed[32m [repeated 10x across cluster][0m
[36m(ClientAppActor pid=1096884)[0m             entirely in future versions of Flower.[32m [repeated 10x across cluster][0m
[36m(ClientAppActor pid=1096881)[0m 
[36m(ClientAppActor pid=1096881)[0m         
[36m(ClientAppActor pid=1096882)[0m 
[36m(ClientAppActor pid=1096882)[0m         
[36m(ClientAppActor pid=1096880)[0m 
[36m(ClientAppActor pid=1096880)[0m         
[36m(ClientAppActor pid=1096883)[0m 
[36m(ClientAppActor pid=1096883)[0m         
[92mINFO [0m:      aggregate_evaluate: received 5 results and 0 failures
[92mINFO [0m:      
[92mINFO [0m:      [ROUND 9]
[92mINFO [0m:      configure_fit: strategy sampled 5 clients (out of 5)
[36m(ClientAppActor pid=1096883)[0m 
[36m(ClientAppActor pid=1096883)[0m         
[36m(ClientAppActor pid=1096881)[0m 
[36m(ClientAppActor pid=1096881)[0m         
[36m(ClientAppActor pid=1096882)[0m 
[36m(ClientAppActor pid=1096882)[0m         
[36m(ClientAppActor pid=1096880)[0m 
[36m(ClientAppActor pid=1096880)[0m         
[36m(ClientAppActor pid=1096884)[0m 
[36m(ClientAppActor pid=1096884)[0m         
[92mINFO [0m:      aggregate_fit: received 5 results and 0 failures
[92mINFO [0m:      fit progress: (9, 0.897866766166687, {'accuracy': 0.6896, 'loss': 0.897866766166687}, 139.2842438009684)
[92mINFO [0m:      configure_evaluate: strategy sampled 5 clients (out of 5)
[36m(ClientAppActor pid=1096881)[0m 
[36m(ClientAppActor pid=1096881)[0m         
[36m(ClientAppActor pid=1096881)[0m [93mWARNING [0m:   DEPRECATED FEATURE: `client_fn` now expects a signature `def client_fn(context: Context)`.The provided `client_fn` has signature: {'cid': <Parameter "cid: str">}. You can import the `Context` like this: `from flwr.app import Context`[32m [repeated 10x across cluster][0m
[36m(ClientAppActor pid=1096881)[0m             This is a deprecated feature. It will be removed[32m [repeated 10x across cluster][0m
[36m(ClientAppActor pid=1096881)[0m             entirely in future versions of Flower.[32m [repeated 10x across cluster][0m
[36m(ClientAppActor pid=1096882)[0m 
[36m(ClientAppActor pid=1096882)[0m         
[36m(ClientAppActor pid=1096884)[0m 
[36m(ClientAppActor pid=1096884)[0m         
[36m(ClientAppActor pid=1096880)[0m 
[36m(ClientAppActor pid=1096880)[0m         
[36m(ClientAppActor pid=1096883)[0m 
[36m(ClientAppActor pid=1096883)[0m         
[92mINFO [0m:      aggregate_evaluate: received 5 results and 0 failures
[92mINFO [0m:      
[92mINFO [0m:      [ROUND 10]
[92mINFO [0m:      configure_fit: strategy sampled 5 clients (out of 5)
[36m(ClientAppActor pid=1096883)[0m 
[36m(ClientAppActor pid=1096883)[0m         
[36m(ClientAppActor pid=1096880)[0m 
[36m(ClientAppActor pid=1096880)[0m         
[36m(ClientAppActor pid=1096882)[0m 
[36m(ClientAppActor pid=1096882)[0m         
[36m(ClientAppActor pid=1096884)[0m 
[36m(ClientAppActor pid=1096884)[0m         
[36m(ClientAppActor pid=1096881)[0m 
[36m(ClientAppActor pid=1096881)[0m         
[92mINFO [0m:      aggregate_fit: received 5 results and 0 failures
[92mINFO [0m:      fit progress: (10, 0.8020635996818543, {'accuracy': 0.7235, 'loss': 0.8020635996818543}, 154.29165213595843)
[92mINFO [0m:      configure_evaluate: strategy sampled 5 clients (out of 5)
[36m(ClientAppActor pid=1096883)[0m 
[36m(ClientAppActor pid=1096883)[0m         
[36m(ClientAppActor pid=1096883)[0m [93mWARNING [0m:   DEPRECATED FEATURE: `client_fn` now expects a signature `def client_fn(context: Context)`.The provided `client_fn` has signature: {'cid': <Parameter "cid: str">}. You can import the `Context` like this: `from flwr.app import Context`[32m [repeated 10x across cluster][0m
[36m(ClientAppActor pid=1096883)[0m             This is a deprecated feature. It will be removed[32m [repeated 10x across cluster][0m
[36m(ClientAppActor pid=1096883)[0m             entirely in future versions of Flower.[32m [repeated 10x across cluster][0m
[36m(ClientAppActor pid=1096882)[0m 
[36m(ClientAppActor pid=1096882)[0m         
[36m(ClientAppActor pid=1096880)[0m 
[36m(ClientAppActor pid=1096880)[0m         
[36m(ClientAppActor pid=1096884)[0m 
[36m(ClientAppActor pid=1096884)[0m         
[36m(ClientAppActor pid=1096881)[0m 
[36m(ClientAppActor pid=1096881)[0m         
[92mINFO [0m:      aggregate_evaluate: received 5 results and 0 failures
[92mINFO [0m:      
[92mINFO [0m:      [SUMMARY]
[92mINFO [0m:      Run finished 10 round(s) in 155.16s
[92mINFO [0m:      	History (loss, distributed):
[92mINFO [0m:      		round 1: 2.240950836571355
[92mINFO [0m:      		round 2: 1.80851665568013
[92mINFO [0m:      		round 3: 1.506691828056982
[92mINFO [0m:      		round 4: 1.2585125658329377
[92mINFO [0m:      		round 5: 1.202652440220565
[92mINFO [0m:      		round 6: 1.0946435665211154
[92mINFO [0m:      		round 7: 0.9700558316428494
[92mINFO [0m:      		round 8: 0.9415812373835253
[92mINFO [0m:      		round 9: 0.8962422488616996
[92mINFO [0m:      		round 10: 0.8008631477838806
[92mINFO [0m:      	History (loss, centralized):
[92mINFO [0m:      		round 0: 2.303549768829346
[92mINFO [0m:      		round 1: 2.2384215648651122
[92mINFO [0m:      		round 2: 1.798319023323059
[92mINFO [0m:      		round 3: 1.4977639068603517
[92mINFO [0m:      		round 4: 1.2565616899490357
[92mINFO [0m:      		round 5: 1.1996276760101319
[92mINFO [0m:      		round 6: 1.0853646097183227
[92mINFO [0m:      		round 7: 0.9642981008529663
[92mINFO [0m:      		round 8: 0.9421437924385071
[92mINFO [0m:      		round 9: 0.897866766166687
[92mINFO [0m:      		round 10: 0.8020635996818543
[92mINFO [0m:      	History (metrics, distributed, fit):
[92mINFO [0m:      	{'avg_epochs_weighted': [(1, 3.8289669577583716),
[92mINFO [0m:      	                         (2, 3.8289669577583716),
[92mINFO [0m:      	                         (3, 3.8289669577583716),
[92mINFO [0m:      	                         (4, 3.8289669577583716),
[92mINFO [0m:      	                         (5, 3.8289669577583716),
[92mINFO [0m:      	                         (6, 3.8289669577583716),
[92mINFO [0m:      	                         (7, 3.8289669577583716),
[92mINFO [0m:      	                         (8, 3.8289669577583716),
[92mINFO [0m:      	                         (9, 3.8289669577583716),
[92mINFO [0m:      	                         (10, 3.8289669577583716)],
[92mINFO [0m:      	 'avg_flops_per_client_round': [(1, 6234174735360.0),
[92mINFO [0m:      	                                (2, 6234174735360.0),
[92mINFO [0m:      	                                (3, 6234174735360.0),
[92mINFO [0m:      	                                (4, 6234174735360.0),
[92mINFO [0m:      	                                (5, 6234174735360.0),
[92mINFO [0m:      	                                (6, 6234174735360.0),
[92mINFO [0m:      	                                (7, 6234174735360.0),
[92mINFO [0m:      	                                (8, 6234174735360.0),
[92mINFO [0m:      	                                (9, 6234174735360.0),
[92mINFO [0m:      	                                (10, 6234174735360.0)],
[92mINFO [0m:      	 'avg_lr_weighted': [(1, 0.006048319388355758),
[92mINFO [0m:      	                     (2, 0.006048319388355758),
[92mINFO [0m:      	                     (3, 0.006048319388355758),
[92mINFO [0m:      	                     (4, 0.006048319388355758),
[92mINFO [0m:      	                     (5, 0.006048319388355758),
[92mINFO [0m:      	                     (6, 0.006048319388355758),
[92mINFO [0m:      	                     (7, 0.006048319388355758),
[92mINFO [0m:      	                     (8, 0.006048319388355758),
[92mINFO [0m:      	                     (9, 0.006048319388355758),
[92mINFO [0m:      	                     (10, 0.006048319388355758)],
[92mINFO [0m:      	 'total_flops_round': [(1, 31170873676800),
[92mINFO [0m:      	                       (2, 31170873676800),
[92mINFO [0m:      	                       (3, 31170873676800),
[92mINFO [0m:      	                       (4, 31170873676800),
[92mINFO [0m:      	                       (5, 31170873676800),
[92mINFO [0m:      	                       (6, 31170873676800),
[92mINFO [0m:      	                       (7, 31170873676800),
[92mINFO [0m:      	                       (8, 31170873676800),
[92mINFO [0m:      	                       (9, 31170873676800),
[92mINFO [0m:      	                       (10, 31170873676800)]}
[92mINFO [0m:      	History (metrics, distributed, evaluate):
[92mINFO [0m:      	{'accuracy': [(1, 0.18771262757654592),
[92mINFO [0m:      	              (2, 0.3684210526315789),
[92mINFO [0m:      	              (3, 0.45207124274564736),
[92mINFO [0m:      	              (4, 0.5407244346607964),
[92mINFO [0m:      	              (5, 0.5657394436661998),
[92mINFO [0m:      	              (6, 0.6125675405243146),
[92mINFO [0m:      	              (7, 0.6463878326996197),
[92mINFO [0m:      	              (8, 0.6641985191114669),
[92mINFO [0m:      	              (9, 0.6830098058835301),
[92mINFO [0m:      	              (10, 0.713027816690014)],
[92mINFO [0m:      	 'loss': [(1, 2.240950836571355),
[92mINFO [0m:      	          (2, 1.80851665568013),
[92mINFO [0m:      	          (3, 1.506691828056982),
[92mINFO [0m:      	          (4, 1.2585125658329377),
[92mINFO [0m:      	          (5, 1.202652440220565),
[92mINFO [0m:      	          (6, 1.0946435665211154),
[92mINFO [0m:      	          (7, 0.9700558316428494),
[92mINFO [0m:      	          (8, 0.9415812373835253),
[92mINFO [0m:      	          (9, 0.8962422488616996),
[92mINFO [0m:      	          (10, 0.8008631477838806)]}
[92mINFO [0m:      	History (metrics, centralized):
[92mINFO [0m:      	{'accuracy': [(0, 0.1),
[92mINFO [0m:      	              (1, 0.1915),
[92mINFO [0m:      	              (2, 0.3722),
[92mINFO [0m:      	              (3, 0.4547),
[92mINFO [0m:      	              (4, 0.5369),
[92mINFO [0m:      	              (5, 0.5649),
[92mINFO [0m:      	              (6, 0.6144),
[92mINFO [0m:      	              (7, 0.659),
[92mINFO [0m:      	              (8, 0.6708),
[92mINFO [0m:      	              (9, 0.6896),
[92mINFO [0m:      	              (10, 0.7235)],
[92mINFO [0m:      	 'loss': [(0, 2.303549768829346),
[92mINFO [0m:      	          (1, 2.2384215648651122),
[92mINFO [0m:      	          (2, 1.798319023323059),
[92mINFO [0m:      	          (3, 1.4977639068603517),
[92mINFO [0m:      	          (4, 1.2565616899490357),
[92mINFO [0m:      	          (5, 1.1996276760101319),
[92mINFO [0m:      	          (6, 1.0853646097183227),
[92mINFO [0m:      	          (7, 0.9642981008529663),
[92mINFO [0m:      	          (8, 0.9421437924385071),
[92mINFO [0m:      	          (9, 0.897866766166687),
[92mINFO [0m:      	          (10, 0.8020635996818543)]}
[92mINFO [0m:      
Treinando no dispositivo: cuda:0 com o dataset: CIFAR10 | Setup clientes: 5 (num_gpus por cliente=0.2) | SEED=47
FLOPS por amostra (forward): 6.030e+07 | (forward+backward, 3x): 1.809e+08
Files already downloaded and verified
Files already downloaded and verified
Dividindo o dataset usando a distribuição de Dirichlet com alpha=0.1.
Iniciando a simulação de Aprendizado Federado...
=== Diagnóstico de Medição de GPU ===
  pynvml_disponivel: True
  pynvml_versao: 580.173.02
  gpus_detectadas: 1
  leitura_potencia_ok: True
  potencia_atual_W: 60.202

--- Rodada 0 - Avaliação Centralizada (Servidor) ---
Loss (Servidor): 2.3035 | Acurácia (Servidor): 0.1000
[36m(ClientAppActor pid=1096883)[0m Cliente 1: HetRaw=1.1866 | HetNorm=0.3955 | Epochs=4 (dyn=True) | LR=0.006276 (dyn=True) | FedProx=True (mu=0.01)

--- Rodada 1 - Avaliação Centralizada (Servidor) ---
Loss (Servidor): 2.2384 | Acurácia (Servidor): 0.1915
--- Avaliação Agregada (Clientes) ---
Loss Média (Clientes): 2.2410 | Acurácia Média (Clientes): 0.1877
[36m(ClientAppActor pid=1096880)[0m Cliente 1: HetRaw=1.1866 | HetNorm=0.3955 | Epochs=4 (dyn=True) | LR=0.006276 (dyn=True) | FedProx=True (mu=0.01)[32m [repeated 5x across cluster][0m

--- Rodada 2 - Avaliação Centralizada (Servidor) ---
Loss (Servidor): 1.7983 | Acurácia (Servidor): 0.3722
--- Avaliação Agregada (Clientes) ---
Loss Média (Clientes): 1.8085 | Acurácia Média (Clientes): 0.3684
[36m(ClientAppActor pid=1096884)[0m Cliente 4: HetRaw=1.1920 | HetNorm=0.3973 | Epochs=4 (dyn=True) | LR=0.006266 (dyn=True) | FedProx=True (mu=0.01)[32m [repeated 5x across cluster][0m

--- Rodada 3 - Avaliação Centralizada (Servidor) ---
Loss (Servidor): 1.4978 | Acurácia (Servidor): 0.4547
--- Avaliação Agregada (Clientes) ---
Loss Média (Clientes): 1.5067 | Acurácia Média (Clientes): 0.4521
[36m(ClientAppActor pid=1096881)[0m Cliente 1: HetRaw=1.1866 | HetNorm=0.3955 | Epochs=4 (dyn=True) | LR=0.006276 (dyn=True) | FedProx=True (mu=0.01)[32m [repeated 5x across cluster][0m

--- Rodada 4 - Avaliação Centralizada (Servidor) ---
Loss (Servidor): 1.2566 | Acurácia (Servidor): 0.5369
--- Avaliação Agregada (Clientes) ---
Loss Média (Clientes): 1.2585 | Acurácia Média (Clientes): 0.5407
[36m(ClientAppActor pid=1096883)[0m Cliente 2: HetRaw=1.2341 | HetNorm=0.4114 | Epochs=4 (dyn=True) | LR=0.006184 (dyn=True) | FedProx=True (mu=0.01)[32m [repeated 5x across cluster][0m

--- Rodada 5 - Avaliação Centralizada (Servidor) ---
Loss (Servidor): 1.1996 | Acurácia (Servidor): 0.5649
--- Avaliação Agregada (Clientes) ---
Loss Média (Clientes): 1.2027 | Acurácia Média (Clientes): 0.5657
[36m(ClientAppActor pid=1096882)[0m Cliente 0: HetRaw=1.9494 | HetNorm=0.6498 | Epochs=3 (dyn=True) | LR=0.005064 (dyn=True) | FedProx=True (mu=0.01)[32m [repeated 5x across cluster][0m

--- Rodada 6 - Avaliação Centralizada (Servidor) ---
Loss (Servidor): 1.0854 | Acurácia (Servidor): 0.6144
--- Avaliação Agregada (Clientes) ---
Loss Média (Clientes): 1.0946 | Acurácia Média (Clientes): 0.6126
[36m(ClientAppActor pid=1096883)[0m Cliente 0: HetRaw=1.9494 | HetNorm=0.6498 | Epochs=3 (dyn=True) | LR=0.005064 (dyn=True) | FedProx=True (mu=0.01)[32m [repeated 5x across cluster][0m

--- Rodada 7 - Avaliação Centralizada (Servidor) ---
Loss (Servidor): 0.9643 | Acurácia (Servidor): 0.6590
--- Avaliação Agregada (Clientes) ---
Loss Média (Clientes): 0.9701 | Acurácia Média (Clientes): 0.6464
[36m(ClientAppActor pid=1096883)[0m Cliente 3: HetRaw=1.7502 | HetNorm=0.5834 | Epochs=3 (dyn=True) | LR=0.005333 (dyn=True) | FedProx=True (mu=0.01)[32m [repeated 5x across cluster][0m

--- Rodada 8 - Avaliação Centralizada (Servidor) ---
Loss (Servidor): 0.9421 | Acurácia (Servidor): 0.6708
--- Avaliação Agregada (Clientes) ---
Loss Média (Clientes): 0.9416 | Acurácia Média (Clientes): 0.6642
[36m(ClientAppActor pid=1096883)[0m Cliente 3: HetRaw=1.7502 | HetNorm=0.5834 | Epochs=3 (dyn=True) | LR=0.005333 (dyn=True) | FedProx=True (mu=0.01)[32m [repeated 5x across cluster][0m

--- Rodada 9 - Avaliação Centralizada (Servidor) ---
Loss (Servidor): 0.8979 | Acurácia (Servidor): 0.6896
--- Avaliação Agregada (Clientes) ---
Loss Média (Clientes): 0.8962 | Acurácia Média (Clientes): 0.6830
[36m(ClientAppActor pid=1096883)[0m Cliente 4: HetRaw=1.1920 | HetNorm=0.3973 | Epochs=4 (dyn=True) | LR=0.006266 (dyn=True) | FedProx=True (mu=0.01)[32m [repeated 5x across cluster][0m

--- Rodada 10 - Avaliação Centralizada (Servidor) ---
Loss (Servidor): 0.8021 | Acurácia (Servidor): 0.7235
--- Avaliação Agregada (Clientes) ---
Loss Média (Clientes): 0.8009 | Acurácia Média (Clientes): 0.7130

Resultados salvos em: /home/tiago/GitHubProjects/fedhad-thesis-2/FedHAD-results/1.1_diagnostico_drift/CIFAR10-Standard/FedHAD__CIFAR10__Mode-STANDARD__Cfg-E1L1F1__Setup-5__Clients-5__Rounds-10__Delay-0_05__Alpha-0_1__Seed-47.txt
[36m(ClientAppActor pid=1096881)[0m [93mWARNING [0m:   DEPRECATED FEATURE: `client_fn` now expects a signature `def client_fn(context: Context)`.The provided `client_fn` has signature: {'cid': <Parameter "cid: str">}. You can import the `Context` like this: `from flwr.app import Context`[32m [repeated 4x across cluster][0m
[36m(ClientAppActor pid=1096881)[0m             This is a deprecated feature. It will be removed[32m [repeated 4x across cluster][0m
[36m(ClientAppActor pid=1096881)[0m             entirely in future versions of Flower.[32m [repeated 4x across cluster][0m
[36m(ClientAppActor pid=1096881)[0m Cliente 3: HetRaw=1.7502 | HetNorm=0.5834 | Epochs=3 (dyn=True) | LR=0.005333 (dyn=True) | FedProx=True (mu=0.01)[32m [repeated 4x across cluster][0m
