/home/tiago/GitHubProjects/fedhad-thesis-2/env_flwr_pt/lib/python3.12/site-packages/torch/utils/data/dataset.py:473: UserWarning: Length of split at index 0 is 0. This might result in an empty dataset.
  warnings.warn(
[codecarbon WARNING @ 17:35:30] Multiple instances of codecarbon are allowed to run at the same time.
[93mWARNING [0m:   DEPRECATED FEATURE: flwr.simulation.start_simulation() is deprecated.
	Instead, use the `flwr run` CLI command to start a local simulation in your Flower app, as shown for example below:

		$ flwr new  # Create a new Flower app from a template

		$ flwr run  # Run the Flower app in Simulation Mode

	Using `start_simulation()` is deprecated.

            This is a deprecated feature. It will be removed
            entirely in future versions of Flower.
        
[92mINFO [0m:      Starting Flower simulation, config: num_rounds=10, no round_timeout
2026-09-04 17:35:38,879	INFO worker.py:2012 -- Started a local Ray instance.
/home/tiago/GitHubProjects/fedhad-thesis-2/env_flwr_pt/lib/python3.12/site-packages/ray/_private/worker.py:2051: FutureWarning: Tip: In future versions of Ray, Ray will no longer override accelerator visible devices env var if num_gpus=0 or num_gpus=None (default). To enable this behavior and turn off this error message, set RAY_ACCEL_ENV_VAR_OVERRIDE_ON_ZERO=0
  warnings.warn(
[92mINFO [0m:      Flower VCE: Ray initialized with resources: {'memory': 180758179840.0, 'GPU': 1.0, 'accelerator_type:A40': 1.0, 'node:10.129.64.100': 1.0, 'node:__internal_head__': 1.0, 'object_store_memory': 77467791360.0, 'CPU': 64.0}
[92mINFO [0m:      Optimize your simulation with Flower VCE: https://flower.ai/docs/framework/how-to-run-simulations.html
/home/tiago/GitHubProjects/fedhad-thesis-2/FedHAD_Final_2.0.py:1916: UserWarning: No `num_cpus` specified in `client_resources`. Using `num_cpus=1` for each client.
  history = fl.simulation.start_simulation(
[92mINFO [0m:      Flower VCE: Resources for each Virtual Client: {'num_gpus': 0.2, 'num_cpus': 1}
[92mINFO [0m:      Flower VCE: Creating VirtualClientEngineActorPool with 5 actors
[92mINFO [0m:      [INIT]
[92mINFO [0m:      Requesting initial parameters from one random client
[36m(ClientAppActor pid=1168329)[0m [93mWARNING [0m:   DEPRECATED FEATURE: `client_fn` now expects a signature `def client_fn(context: Context)`.The provided `client_fn` has signature: {'cid': <Parameter "cid: str">}. You can import the `Context` like this: `from flwr.app import Context`
[36m(ClientAppActor pid=1168329)[0m 
[36m(ClientAppActor pid=1168329)[0m             This is a deprecated feature. It will be removed
[36m(ClientAppActor pid=1168329)[0m             entirely in future versions of Flower.
[36m(ClientAppActor pid=1168329)[0m         
[92mINFO [0m:      Received initial parameters from one random client
[92mINFO [0m:      Starting evaluation of initial global parameters
[92mINFO [0m:      initial parameters (loss, other metrics): 2.303235140609741, {'accuracy': 0.1, 'loss': 2.303235140609741}
[92mINFO [0m:      
[92mINFO [0m:      [ROUND 1]
[92mINFO [0m:      configure_fit: strategy sampled 5 clients (out of 5)
[36m(ClientAppActor pid=1168329)[0m [93mWARNING [0m:   DEPRECATED FEATURE: `client_fn` now expects a signature `def client_fn(context: Context)`.The provided `client_fn` has signature: {'cid': <Parameter "cid: str">}. You can import the `Context` like this: `from flwr.app import Context`
[36m(ClientAppActor pid=1168329)[0m 
[36m(ClientAppActor pid=1168329)[0m             This is a deprecated feature. It will be removed
[36m(ClientAppActor pid=1168329)[0m             entirely in future versions of Flower.
[36m(ClientAppActor pid=1168329)[0m         
[36m(ClientAppActor pid=1168328)[0m 
[36m(ClientAppActor pid=1168328)[0m         
[36m(ClientAppActor pid=1168327)[0m 
[36m(ClientAppActor pid=1168327)[0m         
[36m(ClientAppActor pid=1168326)[0m 
[36m(ClientAppActor pid=1168326)[0m         
[36m(ClientAppActor pid=1168325)[0m 
[36m(ClientAppActor pid=1168325)[0m         
[92mINFO [0m:      aggregate_fit: received 5 results and 0 failures
[92mINFO [0m:      fit progress: (1, 2.1391015014648436, {'accuracy': 0.2821, 'loss': 2.1391015014648436}, 23.193384459009394)
[92mINFO [0m:      configure_evaluate: strategy sampled 5 clients (out of 5)
[36m(ClientAppActor pid=1168325)[0m 
[36m(ClientAppActor pid=1168325)[0m         
[36m(ClientAppActor pid=1168325)[0m [93mWARNING [0m:   DEPRECATED FEATURE: `client_fn` now expects a signature `def client_fn(context: Context)`.The provided `client_fn` has signature: {'cid': <Parameter "cid: str">}. You can import the `Context` like this: `from flwr.app import Context`[32m [repeated 5x across cluster] (Ray deduplicates logs by default. Set RAY_DEDUP_LOGS=0 to disable log deduplication, or see https://docs.ray.io/en/master/ray-observability/user-guides/configure-logging.html#log-deduplication for more options.)[0m
[36m(ClientAppActor pid=1168325)[0m             This is a deprecated feature. It will be removed[32m [repeated 5x across cluster][0m
[36m(ClientAppActor pid=1168325)[0m             entirely in future versions of Flower.[32m [repeated 5x across cluster][0m
[36m(ClientAppActor pid=1168326)[0m 
[36m(ClientAppActor pid=1168326)[0m         
[36m(ClientAppActor pid=1168327)[0m 
[36m(ClientAppActor pid=1168327)[0m         
[36m(ClientAppActor pid=1168328)[0m 
[36m(ClientAppActor pid=1168328)[0m         
[36m(ClientAppActor pid=1168329)[0m 
[36m(ClientAppActor pid=1168329)[0m         
[92mINFO [0m:      aggregate_evaluate: received 5 results and 0 failures
[92mINFO [0m:      
[92mINFO [0m:      [ROUND 2]
[92mINFO [0m:      configure_fit: strategy sampled 5 clients (out of 5)
[36m(ClientAppActor pid=1168328)[0m 
[36m(ClientAppActor pid=1168328)[0m         
[36m(ClientAppActor pid=1168329)[0m 
[36m(ClientAppActor pid=1168329)[0m         
[36m(ClientAppActor pid=1168327)[0m 
[36m(ClientAppActor pid=1168327)[0m         
[36m(ClientAppActor pid=1168326)[0m 
[36m(ClientAppActor pid=1168326)[0m         
[36m(ClientAppActor pid=1168325)[0m 
[36m(ClientAppActor pid=1168325)[0m         
[92mINFO [0m:      aggregate_fit: received 5 results and 0 failures
[92mINFO [0m:      fit progress: (2, 1.863591520690918, {'accuracy': 0.3779, 'loss': 1.863591520690918}, 44.22212191100698)
[92mINFO [0m:      configure_evaluate: strategy sampled 5 clients (out of 5)
[36m(ClientAppActor pid=1168328)[0m 
[36m(ClientAppActor pid=1168328)[0m         
[36m(ClientAppActor pid=1168328)[0m [93mWARNING [0m:   DEPRECATED FEATURE: `client_fn` now expects a signature `def client_fn(context: Context)`.The provided `client_fn` has signature: {'cid': <Parameter "cid: str">}. You can import the `Context` like this: `from flwr.app import Context`[32m [repeated 10x across cluster][0m
[36m(ClientAppActor pid=1168328)[0m             This is a deprecated feature. It will be removed[32m [repeated 10x across cluster][0m
[36m(ClientAppActor pid=1168328)[0m             entirely in future versions of Flower.[32m [repeated 10x across cluster][0m
[36m(ClientAppActor pid=1168325)[0m 
[36m(ClientAppActor pid=1168325)[0m         
[36m(ClientAppActor pid=1168326)[0m 
[36m(ClientAppActor pid=1168326)[0m         
[36m(ClientAppActor pid=1168329)[0m 
[36m(ClientAppActor pid=1168329)[0m         
[36m(ClientAppActor pid=1168327)[0m 
[36m(ClientAppActor pid=1168327)[0m         
[92mINFO [0m:      aggregate_evaluate: received 5 results and 0 failures
[92mINFO [0m:      
[92mINFO [0m:      [ROUND 3]
[92mINFO [0m:      configure_fit: strategy sampled 5 clients (out of 5)
[36m(ClientAppActor pid=1168329)[0m 
[36m(ClientAppActor pid=1168329)[0m         
[36m(ClientAppActor pid=1168327)[0m 
[36m(ClientAppActor pid=1168327)[0m         
[36m(ClientAppActor pid=1168326)[0m 
[36m(ClientAppActor pid=1168326)[0m         
[36m(ClientAppActor pid=1168328)[0m 
[36m(ClientAppActor pid=1168328)[0m         
[36m(ClientAppActor pid=1168325)[0m 
[36m(ClientAppActor pid=1168325)[0m         
[92mINFO [0m:      aggregate_fit: received 5 results and 0 failures
[92mINFO [0m:      fit progress: (3, 1.7149860218048096, {'accuracy': 0.4373, 'loss': 1.7149860218048096}, 65.39683127001626)
[92mINFO [0m:      configure_evaluate: strategy sampled 5 clients (out of 5)
[36m(ClientAppActor pid=1168328)[0m 
[36m(ClientAppActor pid=1168328)[0m         
[36m(ClientAppActor pid=1168328)[0m [93mWARNING [0m:   DEPRECATED FEATURE: `client_fn` now expects a signature `def client_fn(context: Context)`.The provided `client_fn` has signature: {'cid': <Parameter "cid: str">}. You can import the `Context` like this: `from flwr.app import Context`[32m [repeated 10x across cluster][0m
[36m(ClientAppActor pid=1168328)[0m             This is a deprecated feature. It will be removed[32m [repeated 10x across cluster][0m
[36m(ClientAppActor pid=1168328)[0m             entirely in future versions of Flower.[32m [repeated 10x across cluster][0m
[36m(ClientAppActor pid=1168325)[0m 
[36m(ClientAppActor pid=1168325)[0m         
[36m(ClientAppActor pid=1168327)[0m 
[36m(ClientAppActor pid=1168327)[0m         
[36m(ClientAppActor pid=1168329)[0m 
[36m(ClientAppActor pid=1168329)[0m         
[36m(ClientAppActor pid=1168326)[0m 
[36m(ClientAppActor pid=1168326)[0m         
[92mINFO [0m:      aggregate_evaluate: received 5 results and 0 failures
[92mINFO [0m:      
[92mINFO [0m:      [ROUND 4]
[92mINFO [0m:      configure_fit: strategy sampled 5 clients (out of 5)
[36m(ClientAppActor pid=1168326)[0m 
[36m(ClientAppActor pid=1168326)[0m         
[36m(ClientAppActor pid=1168329)[0m 
[36m(ClientAppActor pid=1168329)[0m         
[36m(ClientAppActor pid=1168327)[0m 
[36m(ClientAppActor pid=1168327)[0m         
[36m(ClientAppActor pid=1168328)[0m 
[36m(ClientAppActor pid=1168328)[0m         
[36m(ClientAppActor pid=1168325)[0m 
[36m(ClientAppActor pid=1168325)[0m         
[92mINFO [0m:      aggregate_fit: received 5 results and 0 failures
[92mINFO [0m:      fit progress: (4, 1.5854584781646728, {'accuracy': 0.4935, 'loss': 1.5854584781646728}, 86.70656300900737)
[92mINFO [0m:      configure_evaluate: strategy sampled 5 clients (out of 5)
[36m(ClientAppActor pid=1168326)[0m 
[36m(ClientAppActor pid=1168326)[0m         
[36m(ClientAppActor pid=1168326)[0m [93mWARNING [0m:   DEPRECATED FEATURE: `client_fn` now expects a signature `def client_fn(context: Context)`.The provided `client_fn` has signature: {'cid': <Parameter "cid: str">}. You can import the `Context` like this: `from flwr.app import Context`[32m [repeated 10x across cluster][0m
[36m(ClientAppActor pid=1168326)[0m             This is a deprecated feature. It will be removed[32m [repeated 10x across cluster][0m
[36m(ClientAppActor pid=1168326)[0m             entirely in future versions of Flower.[32m [repeated 10x across cluster][0m
[36m(ClientAppActor pid=1168325)[0m 
[36m(ClientAppActor pid=1168325)[0m         
[36m(ClientAppActor pid=1168327)[0m 
[36m(ClientAppActor pid=1168327)[0m         
[36m(ClientAppActor pid=1168329)[0m 
[36m(ClientAppActor pid=1168329)[0m         
[36m(ClientAppActor pid=1168328)[0m 
[36m(ClientAppActor pid=1168328)[0m         
[92mINFO [0m:      aggregate_evaluate: received 5 results and 0 failures
[92mINFO [0m:      
[92mINFO [0m:      [ROUND 5]
[92mINFO [0m:      configure_fit: strategy sampled 5 clients (out of 5)
[36m(ClientAppActor pid=1168329)[0m 
[36m(ClientAppActor pid=1168329)[0m         
[36m(ClientAppActor pid=1168328)[0m 
[36m(ClientAppActor pid=1168328)[0m         
[36m(ClientAppActor pid=1168327)[0m 
[36m(ClientAppActor pid=1168327)[0m         
[36m(ClientAppActor pid=1168325)[0m 
[36m(ClientAppActor pid=1168325)[0m         
[36m(ClientAppActor pid=1168326)[0m 
[36m(ClientAppActor pid=1168326)[0m         
[92mINFO [0m:      aggregate_fit: received 5 results and 0 failures
[92mINFO [0m:      fit progress: (5, 1.5766214710235595, {'accuracy': 0.5219, 'loss': 1.5766214710235595}, 107.8284163629869)
[92mINFO [0m:      configure_evaluate: strategy sampled 5 clients (out of 5)
[36m(ClientAppActor pid=1168329)[0m 
[36m(ClientAppActor pid=1168329)[0m         
[36m(ClientAppActor pid=1168329)[0m [93mWARNING [0m:   DEPRECATED FEATURE: `client_fn` now expects a signature `def client_fn(context: Context)`.The provided `client_fn` has signature: {'cid': <Parameter "cid: str">}. You can import the `Context` like this: `from flwr.app import Context`[32m [repeated 10x across cluster][0m
[36m(ClientAppActor pid=1168329)[0m             This is a deprecated feature. It will be removed[32m [repeated 10x across cluster][0m
[36m(ClientAppActor pid=1168329)[0m             entirely in future versions of Flower.[32m [repeated 10x across cluster][0m
[36m(ClientAppActor pid=1168325)[0m 
[36m(ClientAppActor pid=1168325)[0m         
[36m(ClientAppActor pid=1168327)[0m 
[36m(ClientAppActor pid=1168327)[0m         
[36m(ClientAppActor pid=1168328)[0m 
[36m(ClientAppActor pid=1168328)[0m         
[36m(ClientAppActor pid=1168326)[0m 
[36m(ClientAppActor pid=1168326)[0m         
[92mINFO [0m:      aggregate_evaluate: received 5 results and 0 failures
[92mINFO [0m:      
[92mINFO [0m:      [ROUND 6]
[92mINFO [0m:      configure_fit: strategy sampled 5 clients (out of 5)
[36m(ClientAppActor pid=1168326)[0m 
[36m(ClientAppActor pid=1168326)[0m         
[36m(ClientAppActor pid=1168328)[0m 
[36m(ClientAppActor pid=1168328)[0m         
[36m(ClientAppActor pid=1168327)[0m 
[36m(ClientAppActor pid=1168327)[0m         
[36m(ClientAppActor pid=1168325)[0m 
[36m(ClientAppActor pid=1168325)[0m         
[36m(ClientAppActor pid=1168329)[0m 
[36m(ClientAppActor pid=1168329)[0m         
[92mINFO [0m:      aggregate_fit: received 5 results and 0 failures
[92mINFO [0m:      fit progress: (6, 1.6042768369674683, {'accuracy': 0.5123, 'loss': 1.6042768369674683}, 129.40991932497127)
[92mINFO [0m:      configure_evaluate: strategy sampled 5 clients (out of 5)
[36m(ClientAppActor pid=1168326)[0m 
[36m(ClientAppActor pid=1168326)[0m         
[36m(ClientAppActor pid=1168326)[0m [93mWARNING [0m:   DEPRECATED FEATURE: `client_fn` now expects a signature `def client_fn(context: Context)`.The provided `client_fn` has signature: {'cid': <Parameter "cid: str">}. You can import the `Context` like this: `from flwr.app import Context`[32m [repeated 10x across cluster][0m
[36m(ClientAppActor pid=1168326)[0m             This is a deprecated feature. It will be removed[32m [repeated 10x across cluster][0m
[36m(ClientAppActor pid=1168326)[0m             entirely in future versions of Flower.[32m [repeated 10x across cluster][0m
[36m(ClientAppActor pid=1168325)[0m 
[36m(ClientAppActor pid=1168325)[0m         
[36m(ClientAppActor pid=1168329)[0m 
[36m(ClientAppActor pid=1168329)[0m         
[36m(ClientAppActor pid=1168327)[0m 
[36m(ClientAppActor pid=1168327)[0m         
[36m(ClientAppActor pid=1168328)[0m 
[36m(ClientAppActor pid=1168328)[0m         
[92mINFO [0m:      aggregate_evaluate: received 5 results and 0 failures
[92mINFO [0m:      
[92mINFO [0m:      [ROUND 7]
[92mINFO [0m:      configure_fit: strategy sampled 5 clients (out of 5)
[36m(ClientAppActor pid=1168328)[0m 
[36m(ClientAppActor pid=1168328)[0m         
[36m(ClientAppActor pid=1168327)[0m 
[36m(ClientAppActor pid=1168327)[0m         
[36m(ClientAppActor pid=1168329)[0m 
[36m(ClientAppActor pid=1168329)[0m         
[36m(ClientAppActor pid=1168325)[0m 
[36m(ClientAppActor pid=1168325)[0m         
[36m(ClientAppActor pid=1168326)[0m 
[36m(ClientAppActor pid=1168326)[0m         
[92mINFO [0m:      aggregate_fit: received 5 results and 0 failures
[92mINFO [0m:      fit progress: (7, 1.4984411422729491, {'accuracy': 0.5492, 'loss': 1.4984411422729491}, 150.35498278599698)
[92mINFO [0m:      configure_evaluate: strategy sampled 5 clients (out of 5)
[36m(ClientAppActor pid=1168327)[0m 
[36m(ClientAppActor pid=1168327)[0m         
[36m(ClientAppActor pid=1168327)[0m [93mWARNING [0m:   DEPRECATED FEATURE: `client_fn` now expects a signature `def client_fn(context: Context)`.The provided `client_fn` has signature: {'cid': <Parameter "cid: str">}. You can import the `Context` like this: `from flwr.app import Context`[32m [repeated 10x across cluster][0m
[36m(ClientAppActor pid=1168327)[0m             This is a deprecated feature. It will be removed[32m [repeated 10x across cluster][0m
[36m(ClientAppActor pid=1168327)[0m             entirely in future versions of Flower.[32m [repeated 10x across cluster][0m
[36m(ClientAppActor pid=1168326)[0m 
[36m(ClientAppActor pid=1168326)[0m         
[36m(ClientAppActor pid=1168329)[0m 
[36m(ClientAppActor pid=1168329)[0m         
[36m(ClientAppActor pid=1168328)[0m 
[36m(ClientAppActor pid=1168328)[0m         
[36m(ClientAppActor pid=1168325)[0m 
[36m(ClientAppActor pid=1168325)[0m         
[92mINFO [0m:      aggregate_evaluate: received 5 results and 0 failures
[92mINFO [0m:      
[92mINFO [0m:      [ROUND 8]
[92mINFO [0m:      configure_fit: strategy sampled 5 clients (out of 5)
[36m(ClientAppActor pid=1168329)[0m 
[36m(ClientAppActor pid=1168329)[0m         
[36m(ClientAppActor pid=1168325)[0m 
[36m(ClientAppActor pid=1168325)[0m         
[36m(ClientAppActor pid=1168326)[0m 
[36m(ClientAppActor pid=1168326)[0m         
[36m(ClientAppActor pid=1168328)[0m 
[36m(ClientAppActor pid=1168328)[0m         
[36m(ClientAppActor pid=1168327)[0m 
[36m(ClientAppActor pid=1168327)[0m         
[92mINFO [0m:      aggregate_fit: received 5 results and 0 failures
[92mINFO [0m:      fit progress: (8, 1.499073069000244, {'accuracy': 0.5564, 'loss': 1.499073069000244}, 171.4222060230095)
[92mINFO [0m:      configure_evaluate: strategy sampled 5 clients (out of 5)
[36m(ClientAppActor pid=1168326)[0m 
[36m(ClientAppActor pid=1168326)[0m         
[36m(ClientAppActor pid=1168326)[0m [93mWARNING [0m:   DEPRECATED FEATURE: `client_fn` now expects a signature `def client_fn(context: Context)`.The provided `client_fn` has signature: {'cid': <Parameter "cid: str">}. You can import the `Context` like this: `from flwr.app import Context`[32m [repeated 10x across cluster][0m
[36m(ClientAppActor pid=1168326)[0m             This is a deprecated feature. It will be removed[32m [repeated 10x across cluster][0m
[36m(ClientAppActor pid=1168326)[0m             entirely in future versions of Flower.[32m [repeated 10x across cluster][0m
[36m(ClientAppActor pid=1168325)[0m 
[36m(ClientAppActor pid=1168325)[0m         
[36m(ClientAppActor pid=1168327)[0m 
[36m(ClientAppActor pid=1168327)[0m         
[36m(ClientAppActor pid=1168329)[0m 
[36m(ClientAppActor pid=1168329)[0m         
[36m(ClientAppActor pid=1168328)[0m 
[36m(ClientAppActor pid=1168328)[0m         
[92mINFO [0m:      aggregate_evaluate: received 5 results and 0 failures
[92mINFO [0m:      
[92mINFO [0m:      [ROUND 9]
[92mINFO [0m:      configure_fit: strategy sampled 5 clients (out of 5)
[36m(ClientAppActor pid=1168328)[0m 
[36m(ClientAppActor pid=1168328)[0m         
[36m(ClientAppActor pid=1168329)[0m 
[36m(ClientAppActor pid=1168329)[0m         
[36m(ClientAppActor pid=1168327)[0m 
[36m(ClientAppActor pid=1168327)[0m         
[36m(ClientAppActor pid=1168326)[0m 
[36m(ClientAppActor pid=1168326)[0m         
[36m(ClientAppActor pid=1168325)[0m 
[36m(ClientAppActor pid=1168325)[0m         
[92mINFO [0m:      aggregate_fit: received 5 results and 0 failures
[92mINFO [0m:      fit progress: (9, 1.332342497253418, {'accuracy': 0.5814, 'loss': 1.332342497253418}, 192.53789166500792)
[92mINFO [0m:      configure_evaluate: strategy sampled 5 clients (out of 5)
[36m(ClientAppActor pid=1168327)[0m 
[36m(ClientAppActor pid=1168327)[0m         
[36m(ClientAppActor pid=1168327)[0m [93mWARNING [0m:   DEPRECATED FEATURE: `client_fn` now expects a signature `def client_fn(context: Context)`.The provided `client_fn` has signature: {'cid': <Parameter "cid: str">}. You can import the `Context` like this: `from flwr.app import Context`[32m [repeated 10x across cluster][0m
[36m(ClientAppActor pid=1168327)[0m             This is a deprecated feature. It will be removed[32m [repeated 10x across cluster][0m
[36m(ClientAppActor pid=1168327)[0m             entirely in future versions of Flower.[32m [repeated 10x across cluster][0m
[36m(ClientAppActor pid=1168329)[0m 
[36m(ClientAppActor pid=1168329)[0m         
[36m(ClientAppActor pid=1168326)[0m 
[36m(ClientAppActor pid=1168326)[0m         
[36m(ClientAppActor pid=1168328)[0m 
[36m(ClientAppActor pid=1168328)[0m         
[36m(ClientAppActor pid=1168325)[0m 
[36m(ClientAppActor pid=1168325)[0m         
[92mINFO [0m:      aggregate_evaluate: received 5 results and 0 failures
[92mINFO [0m:      
[92mINFO [0m:      [ROUND 10]
[92mINFO [0m:      configure_fit: strategy sampled 5 clients (out of 5)
[36m(ClientAppActor pid=1168325)[0m 
[36m(ClientAppActor pid=1168325)[0m         
[36m(ClientAppActor pid=1168326)[0m 
[36m(ClientAppActor pid=1168326)[0m         
[36m(ClientAppActor pid=1168328)[0m 
[36m(ClientAppActor pid=1168328)[0m         
[36m(ClientAppActor pid=1168329)[0m 
[36m(ClientAppActor pid=1168329)[0m         
[36m(ClientAppActor pid=1168327)[0m 
[36m(ClientAppActor pid=1168327)[0m         
[92mINFO [0m:      aggregate_fit: received 5 results and 0 failures
[92mINFO [0m:      fit progress: (10, 1.3680289583206178, {'accuracy': 0.5743, 'loss': 1.3680289583206178}, 214.46510297100758)
[92mINFO [0m:      configure_evaluate: strategy sampled 5 clients (out of 5)
[36m(ClientAppActor pid=1168326)[0m 
[36m(ClientAppActor pid=1168326)[0m         
[36m(ClientAppActor pid=1168326)[0m [93mWARNING [0m:   DEPRECATED FEATURE: `client_fn` now expects a signature `def client_fn(context: Context)`.The provided `client_fn` has signature: {'cid': <Parameter "cid: str">}. You can import the `Context` like this: `from flwr.app import Context`[32m [repeated 10x across cluster][0m
[36m(ClientAppActor pid=1168326)[0m             This is a deprecated feature. It will be removed[32m [repeated 10x across cluster][0m
[36m(ClientAppActor pid=1168326)[0m             entirely in future versions of Flower.[32m [repeated 10x across cluster][0m
[36m(ClientAppActor pid=1168328)[0m 
[36m(ClientAppActor pid=1168328)[0m         
[36m(ClientAppActor pid=1168327)[0m 
[36m(ClientAppActor pid=1168327)[0m         
[36m(ClientAppActor pid=1168325)[0m 
[36m(ClientAppActor pid=1168325)[0m         
[36m(ClientAppActor pid=1168329)[0m 
[36m(ClientAppActor pid=1168329)[0m         
[92mINFO [0m:      aggregate_evaluate: received 5 results and 0 failures
[92mINFO [0m:      
[92mINFO [0m:      [SUMMARY]
[92mINFO [0m:      Run finished 10 round(s) in 215.26s
[92mINFO [0m:      	History (loss, distributed):
[92mINFO [0m:      		round 1: 2.141160892343521
[92mINFO [0m:      		round 2: 1.866893252915144
[92mINFO [0m:      		round 3: 1.7152679776937234
[92mINFO [0m:      		round 4: 1.584225086082751
[92mINFO [0m:      		round 5: 1.580161925616837
[92mINFO [0m:      		round 6: 1.614329749321229
[92mINFO [0m:      		round 7: 1.4939359148347984
[92mINFO [0m:      		round 8: 1.4999981461873335
[92mINFO [0m:      		round 9: 1.3341035116055806
[92mINFO [0m:      		round 10: 1.363570120558198
[92mINFO [0m:      	History (loss, centralized):
[92mINFO [0m:      		round 0: 2.303235140609741
[92mINFO [0m:      		round 1: 2.1391015014648436
[92mINFO [0m:      		round 2: 1.863591520690918
[92mINFO [0m:      		round 3: 1.7149860218048096
[92mINFO [0m:      		round 4: 1.5854584781646728
[92mINFO [0m:      		round 5: 1.5766214710235595
[92mINFO [0m:      		round 6: 1.6042768369674683
[92mINFO [0m:      		round 7: 1.4984411422729491
[92mINFO [0m:      		round 8: 1.499073069000244
[92mINFO [0m:      		round 9: 1.332342497253418
[92mINFO [0m:      		round 10: 1.3680289583206178
[92mINFO [0m:      	History (metrics, distributed, fit):
[92mINFO [0m:      	{'avg_epochs_weighted': [(1, 3.3),
[92mINFO [0m:      	                         (2, 3.3),
[92mINFO [0m:      	                         (3, 3.3),
[92mINFO [0m:      	                         (4, 3.3),
[92mINFO [0m:      	                         (5, 3.3),
[92mINFO [0m:      	                         (6, 3.3),
[92mINFO [0m:      	                         (7, 3.3),
[92mINFO [0m:      	                         (8, 3.3),
[92mINFO [0m:      	                         (9, 3.3),
[92mINFO [0m:      	                         (10, 3.3)],
[92mINFO [0m:      	 'avg_flops_per_client_round': [(1, 5372573184000.0),
[92mINFO [0m:      	                                (2, 5372573184000.0),
[92mINFO [0m:      	                                (3, 5372573184000.0),
[92mINFO [0m:      	                                (4, 5372573184000.0),
[92mINFO [0m:      	                                (5, 5372573184000.0),
[92mINFO [0m:      	                                (6, 5372573184000.0),
[92mINFO [0m:      	                                (7, 5372573184000.0),
[92mINFO [0m:      	                                (8, 5372573184000.0),
[92mINFO [0m:      	                                (9, 5372573184000.0),
[92mINFO [0m:      	                                (10, 5372573184000.0)],
[92mINFO [0m:      	 'avg_lr_weighted': [(1, 0.005834361737686182),
[92mINFO [0m:      	                     (2, 0.005834361737686182),
[92mINFO [0m:      	                     (3, 0.005834361737686182),
[92mINFO [0m:      	                     (4, 0.005834361737686182),
[92mINFO [0m:      	                     (5, 0.005834361737686182),
[92mINFO [0m:      	                     (6, 0.005834361737686182),
[92mINFO [0m:      	                     (7, 0.005834361737686182),
[92mINFO [0m:      	                     (8, 0.005834361737686182),
[92mINFO [0m:      	                     (9, 0.005834361737686182),
[92mINFO [0m:      	                     (10, 0.005834361737686182)],
[92mINFO [0m:      	 'total_flops_round': [(1, 26862865920000),
[92mINFO [0m:      	                       (2, 26862865920000),
[92mINFO [0m:      	                       (3, 26862865920000),
[92mINFO [0m:      	                       (4, 26862865920000),
[92mINFO [0m:      	                       (5, 26862865920000),
[92mINFO [0m:      	                       (6, 26862865920000),
[92mINFO [0m:      	                       (7, 26862865920000),
[92mINFO [0m:      	                       (8, 26862865920000),
[92mINFO [0m:      	                       (9, 26862865920000),
[92mINFO [0m:      	                       (10, 26862865920000)]}
[92mINFO [0m:      	History (metrics, distributed, evaluate):
[92mINFO [0m:      	{'accuracy': [(1, 0.2788),
[92mINFO [0m:      	              (2, 0.378),
[92mINFO [0m:      	              (3, 0.441),
[92mINFO [0m:      	              (4, 0.4994),
[92mINFO [0m:      	              (5, 0.5254),
[92mINFO [0m:      	              (6, 0.5116),
[92mINFO [0m:      	              (7, 0.5478),
[92mINFO [0m:      	              (8, 0.56),
[92mINFO [0m:      	              (9, 0.5878),
[92mINFO [0m:      	              (10, 0.5746)],
[92mINFO [0m:      	 'loss': [(1, 2.141160892343521),
[92mINFO [0m:      	          (2, 1.866893252915144),
[92mINFO [0m:      	          (3, 1.7152679776937234),
[92mINFO [0m:      	          (4, 1.584225086082751),
[92mINFO [0m:      	          (5, 1.580161925616837),
[92mINFO [0m:      	          (6, 1.614329749321229),
[92mINFO [0m:      	          (7, 1.4939359148347984),
[92mINFO [0m:      	          (8, 1.4999981461873335),
[92mINFO [0m:      	          (9, 1.3341035116055806),
[92mINFO [0m:      	          (10, 1.363570120558198)]}
[92mINFO [0m:      	History (metrics, centralized):
[92mINFO [0m:      	{'accuracy': [(0, 0.1),
[92mINFO [0m:      	              (1, 0.2821),
[92mINFO [0m:      	              (2, 0.3779),
[92mINFO [0m:      	              (3, 0.4373),
[92mINFO [0m:      	              (4, 0.4935),
[92mINFO [0m:      	              (5, 0.5219),
[92mINFO [0m:      	              (6, 0.5123),
[92mINFO [0m:      	              (7, 0.5492),
[92mINFO [0m:      	              (8, 0.5564),
[92mINFO [0m:      	              (9, 0.5814),
[92mINFO [0m:      	              (10, 0.5743)],
[92mINFO [0m:      	 'loss': [(0, 2.303235140609741),
[92mINFO [0m:      	          (1, 2.1391015014648436),
[92mINFO [0m:      	          (2, 1.863591520690918),
[92mINFO [0m:      	          (3, 1.7149860218048096),
[92mINFO [0m:      	          (4, 1.5854584781646728),
[92mINFO [0m:      	          (5, 1.5766214710235595),
[92mINFO [0m:      	          (6, 1.6042768369674683),
[92mINFO [0m:      	          (7, 1.4984411422729491),
[92mINFO [0m:      	          (8, 1.499073069000244),
[92mINFO [0m:      	          (9, 1.332342497253418),
[92mINFO [0m:      	          (10, 1.3680289583206178)]}
[92mINFO [0m:      
Treinando no dispositivo: cuda:0 com o dataset: CIFAR10 | Setup clientes: 5 (num_gpus por cliente=0.2) | SEED=46
FLOPS por amostra (forward): 6.030e+07 | (forward+backward, 3x): 1.809e+08
Files already downloaded and verified
Files already downloaded and verified
Dividindo o dataset usando a distribuição de Dirichlet com alpha=0.01.
Aviso: Cliente 1 tem apenas 1 amostra(s), que serão usadas para validação.
Iniciando a simulação de Aprendizado Federado...
=== Diagnóstico de Medição de GPU ===
  pynvml_disponivel: True
  pynvml_versao: 580.173.02
  gpus_detectadas: 1
  leitura_potencia_ok: True
  potencia_atual_W: 64.886

--- Rodada 0 - Avaliação Centralizada (Servidor) ---
Loss (Servidor): 2.3032 | Acurácia (Servidor): 0.1000
[36m(ClientAppActor pid=1168329)[0m Cliente 1: HetRaw=0.0000 | HetNorm=0.0000 | Epochs=5 (dyn=True) | LR=0.010000 (dyn=True) | FedProx=True (mu=0.01)

--- Rodada 1 - Avaliação Centralizada (Servidor) ---
Loss (Servidor): 2.1391 | Acurácia (Servidor): 0.2821
--- Avaliação Agregada (Clientes) ---
Loss Média (Clientes): 2.1412 | Acurácia Média (Clientes): 0.2788
[36m(ClientAppActor pid=1168328)[0m Cliente 3: HetRaw=0.9999 | HetNorm=0.3333 | Epochs=4 (dyn=True) | LR=0.006667 (dyn=True) | FedProx=True (mu=0.01)[32m [repeated 5x across cluster][0m

--- Rodada 2 - Avaliação Centralizada (Servidor) ---
Loss (Servidor): 1.8636 | Acurácia (Servidor): 0.3779
--- Avaliação Agregada (Clientes) ---
Loss Média (Clientes): 1.8669 | Acurácia Média (Clientes): 0.3780
[36m(ClientAppActor pid=1168329)[0m Cliente 2: HetRaw=3.0000 | HetNorm=1.0000 | Epochs=2 (dyn=True) | LR=0.004000 (dyn=True) | FedProx=True (mu=0.01)[32m [repeated 5x across cluster][0m

--- Rodada 3 - Avaliação Centralizada (Servidor) ---
Loss (Servidor): 1.7150 | Acurácia (Servidor): 0.4373
--- Avaliação Agregada (Clientes) ---
Loss Média (Clientes): 1.7153 | Acurácia Média (Clientes): 0.4410
[36m(ClientAppActor pid=1168326)[0m Cliente 3: HetRaw=0.9999 | HetNorm=0.3333 | Epochs=4 (dyn=True) | LR=0.006667 (dyn=True) | FedProx=True (mu=0.01)[32m [repeated 5x across cluster][0m

--- Rodada 4 - Avaliação Centralizada (Servidor) ---
Loss (Servidor): 1.5855 | Acurácia (Servidor): 0.4935
--- Avaliação Agregada (Clientes) ---
Loss Média (Clientes): 1.5842 | Acurácia Média (Clientes): 0.4994
[36m(ClientAppActor pid=1168329)[0m Cliente 3: HetRaw=0.9999 | HetNorm=0.3333 | Epochs=4 (dyn=True) | LR=0.006667 (dyn=True) | FedProx=True (mu=0.01)[32m [repeated 5x across cluster][0m

--- Rodada 5 - Avaliação Centralizada (Servidor) ---
Loss (Servidor): 1.5766 | Acurácia (Servidor): 0.5219
--- Avaliação Agregada (Clientes) ---
Loss Média (Clientes): 1.5802 | Acurácia Média (Clientes): 0.5254
[36m(ClientAppActor pid=1168326)[0m Cliente 3: HetRaw=0.9999 | HetNorm=0.3333 | Epochs=4 (dyn=True) | LR=0.006667 (dyn=True) | FedProx=True (mu=0.01)[32m [repeated 5x across cluster][0m

--- Rodada 6 - Avaliação Centralizada (Servidor) ---
Loss (Servidor): 1.6043 | Acurácia (Servidor): 0.5123
--- Avaliação Agregada (Clientes) ---
Loss Média (Clientes): 1.6143 | Acurácia Média (Clientes): 0.5116
[36m(ClientAppActor pid=1168328)[0m Cliente 2: HetRaw=3.0000 | HetNorm=1.0000 | Epochs=2 (dyn=True) | LR=0.004000 (dyn=True) | FedProx=True (mu=0.01)[32m [repeated 5x across cluster][0m

--- Rodada 7 - Avaliação Centralizada (Servidor) ---
Loss (Servidor): 1.4984 | Acurácia (Servidor): 0.5492
--- Avaliação Agregada (Clientes) ---
Loss Média (Clientes): 1.4939 | Acurácia Média (Clientes): 0.5478
[36m(ClientAppActor pid=1168329)[0m Cliente 2: HetRaw=3.0000 | HetNorm=1.0000 | Epochs=2 (dyn=True) | LR=0.004000 (dyn=True) | FedProx=True (mu=0.01)[32m [repeated 5x across cluster][0m

--- Rodada 8 - Avaliação Centralizada (Servidor) ---
Loss (Servidor): 1.4991 | Acurácia (Servidor): 0.5564
--- Avaliação Agregada (Clientes) ---
Loss Média (Clientes): 1.5000 | Acurácia Média (Clientes): 0.5600
[36m(ClientAppActor pid=1168328)[0m Cliente 2: HetRaw=3.0000 | HetNorm=1.0000 | Epochs=2 (dyn=True) | LR=0.004000 (dyn=True) | FedProx=True (mu=0.01)[32m [repeated 5x across cluster][0m

--- Rodada 9 - Avaliação Centralizada (Servidor) ---
Loss (Servidor): 1.3323 | Acurácia (Servidor): 0.5814
--- Avaliação Agregada (Clientes) ---
Loss Média (Clientes): 1.3341 | Acurácia Média (Clientes): 0.5878
[36m(ClientAppActor pid=1168325)[0m Cliente 0: HetRaw=2.9993 | HetNorm=0.9998 | Epochs=2 (dyn=True) | LR=0.004001 (dyn=True) | FedProx=True (mu=0.01)[32m [repeated 5x across cluster][0m

--- Rodada 10 - Avaliação Centralizada (Servidor) ---
Loss (Servidor): 1.3680 | Acurácia (Servidor): 0.5743
--- Avaliação Agregada (Clientes) ---
Loss Média (Clientes): 1.3636 | Acurácia Média (Clientes): 0.5746

Resultados salvos em: /home/tiago/GitHubProjects/fedhad-thesis-2/FedHAD-results/1.1_diagnostico_drift/CIFAR10-Standard/FedHAD__CIFAR10__Mode-STANDARD__Cfg-E1L1F1__Setup-5__Clients-5__Rounds-10__Delay-0_05__Alpha-0_01__Seed-46.txt
[36m(ClientAppActor pid=1168329)[0m [93mWARNING [0m:   DEPRECATED FEATURE: `client_fn` now expects a signature `def client_fn(context: Context)`.The provided `client_fn` has signature: {'cid': <Parameter "cid: str">}. You can import the `Context` like this: `from flwr.app import Context`[32m [repeated 4x across cluster][0m
[36m(ClientAppActor pid=1168329)[0m             This is a deprecated feature. It will be removed[32m [repeated 4x across cluster][0m
[36m(ClientAppActor pid=1168329)[0m             entirely in future versions of Flower.[32m [repeated 4x across cluster][0m
[36m(ClientAppActor pid=1168327)[0m Cliente 2: HetRaw=3.0000 | HetNorm=1.0000 | Epochs=2 (dyn=True) | LR=0.004000 (dyn=True) | FedProx=True (mu=0.01)[32m [repeated 4x across cluster][0m
