[codecarbon WARNING @ 16:43:18] Multiple instances of codecarbon are allowed to run at the same time.
[93mWARNING [0m:   DEPRECATED FEATURE: flwr.simulation.start_simulation() is deprecated.
	Instead, use the `flwr run` CLI command to start a local simulation in your Flower app, as shown for example below:

		$ flwr new  # Create a new Flower app from a template

		$ flwr run  # Run the Flower app in Simulation Mode

	Using `start_simulation()` is deprecated.

            This is a deprecated feature. It will be removed
            entirely in future versions of Flower.
        
[92mINFO [0m:      Starting Flower simulation, config: num_rounds=10, no round_timeout
2026-09-04 16:43:27,146	INFO worker.py:2012 -- Started a local Ray instance.
/home/tiago/GitHubProjects/fedhad-thesis-2/env_flwr_pt/lib/python3.12/site-packages/ray/_private/worker.py:2051: FutureWarning: Tip: In future versions of Ray, Ray will no longer override accelerator visible devices env var if num_gpus=0 or num_gpus=None (default). To enable this behavior and turn off this error message, set RAY_ACCEL_ENV_VAR_OVERRIDE_ON_ZERO=0
  warnings.warn(
[92mINFO [0m:      Flower VCE: Ray initialized with resources: {'CPU': 64.0, 'object_store_memory': 77499566899.0, 'memory': 180832322765.0, 'node:10.129.64.100': 1.0, 'node:__internal_head__': 1.0, 'GPU': 1.0, 'accelerator_type:A40': 1.0}
[92mINFO [0m:      Optimize your simulation with Flower VCE: https://flower.ai/docs/framework/how-to-run-simulations.html
/home/tiago/GitHubProjects/fedhad-thesis-2/FedHAD_Final_2.0.py:1916: UserWarning: No `num_cpus` specified in `client_resources`. Using `num_cpus=1` for each client.
  history = fl.simulation.start_simulation(
[92mINFO [0m:      Flower VCE: Resources for each Virtual Client: {'num_gpus': 0.2, 'num_cpus': 1}
[92mINFO [0m:      Flower VCE: Creating VirtualClientEngineActorPool with 5 actors
[92mINFO [0m:      [INIT]
[92mINFO [0m:      Requesting initial parameters from one random client
[36m(ClientAppActor pid=1041844)[0m [93mWARNING [0m:   DEPRECATED FEATURE: `client_fn` now expects a signature `def client_fn(context: Context)`.The provided `client_fn` has signature: {'cid': <Parameter "cid: str">}. You can import the `Context` like this: `from flwr.app import Context`
[36m(ClientAppActor pid=1041844)[0m 
[36m(ClientAppActor pid=1041844)[0m             This is a deprecated feature. It will be removed
[36m(ClientAppActor pid=1041844)[0m             entirely in future versions of Flower.
[36m(ClientAppActor pid=1041844)[0m         
[92mINFO [0m:      Received initial parameters from one random client
[92mINFO [0m:      Starting evaluation of initial global parameters
[92mINFO [0m:      initial parameters (loss, other metrics): 2.303250389099121, {'accuracy': 0.1, 'loss': 2.303250389099121}
[92mINFO [0m:      
[92mINFO [0m:      [ROUND 1]
[92mINFO [0m:      configure_fit: strategy sampled 5 clients (out of 5)
[36m(ClientAppActor pid=1041844)[0m [93mWARNING [0m:   DEPRECATED FEATURE: `client_fn` now expects a signature `def client_fn(context: Context)`.The provided `client_fn` has signature: {'cid': <Parameter "cid: str">}. You can import the `Context` like this: `from flwr.app import Context`
[36m(ClientAppActor pid=1041844)[0m 
[36m(ClientAppActor pid=1041844)[0m             This is a deprecated feature. It will be removed
[36m(ClientAppActor pid=1041844)[0m             entirely in future versions of Flower.
[36m(ClientAppActor pid=1041844)[0m         
[36m(ClientAppActor pid=1041842)[0m 
[36m(ClientAppActor pid=1041842)[0m         
[36m(ClientAppActor pid=1041843)[0m 
[36m(ClientAppActor pid=1041843)[0m         
[36m(ClientAppActor pid=1041841)[0m 
[36m(ClientAppActor pid=1041841)[0m         
[36m(ClientAppActor pid=1041840)[0m 
[36m(ClientAppActor pid=1041840)[0m         
[92mINFO [0m:      aggregate_fit: received 5 results and 0 failures
[92mINFO [0m:      fit progress: (1, 2.1969648696899413, {'accuracy': 0.2086, 'loss': 2.1969648696899413}, 16.228741555998567)
[92mINFO [0m:      configure_evaluate: strategy sampled 5 clients (out of 5)
[36m(ClientAppActor pid=1041840)[0m 
[36m(ClientAppActor pid=1041840)[0m         
[36m(ClientAppActor pid=1041840)[0m [93mWARNING [0m:   DEPRECATED FEATURE: `client_fn` now expects a signature `def client_fn(context: Context)`.The provided `client_fn` has signature: {'cid': <Parameter "cid: str">}. You can import the `Context` like this: `from flwr.app import Context`[32m [repeated 5x across cluster] (Ray deduplicates logs by default. Set RAY_DEDUP_LOGS=0 to disable log deduplication, or see https://docs.ray.io/en/master/ray-observability/user-guides/configure-logging.html#log-deduplication for more options.)[0m
[36m(ClientAppActor pid=1041840)[0m             This is a deprecated feature. It will be removed[32m [repeated 5x across cluster][0m
[36m(ClientAppActor pid=1041840)[0m             entirely in future versions of Flower.[32m [repeated 5x across cluster][0m
[36m(ClientAppActor pid=1041843)[0m 
[36m(ClientAppActor pid=1041843)[0m         
[36m(ClientAppActor pid=1041841)[0m 
[36m(ClientAppActor pid=1041841)[0m         
[36m(ClientAppActor pid=1041844)[0m 
[36m(ClientAppActor pid=1041844)[0m         
[36m(ClientAppActor pid=1041842)[0m 
[36m(ClientAppActor pid=1041842)[0m         
[92mINFO [0m:      aggregate_evaluate: received 5 results and 0 failures
[92mINFO [0m:      
[92mINFO [0m:      [ROUND 2]
[92mINFO [0m:      configure_fit: strategy sampled 5 clients (out of 5)
[36m(ClientAppActor pid=1041842)[0m 
[36m(ClientAppActor pid=1041842)[0m         
[36m(ClientAppActor pid=1041844)[0m 
[36m(ClientAppActor pid=1041844)[0m         
[36m(ClientAppActor pid=1041841)[0m 
[36m(ClientAppActor pid=1041841)[0m         
[36m(ClientAppActor pid=1041843)[0m 
[36m(ClientAppActor pid=1041843)[0m         
[36m(ClientAppActor pid=1041840)[0m 
[36m(ClientAppActor pid=1041840)[0m         
[92mINFO [0m:      aggregate_fit: received 5 results and 0 failures
[92mINFO [0m:      fit progress: (2, 1.2459272960662842, {'accuracy': 0.6152, 'loss': 1.2459272960662842}, 31.66496659896802)
[92mINFO [0m:      configure_evaluate: strategy sampled 5 clients (out of 5)
[36m(ClientAppActor pid=1041840)[0m 
[36m(ClientAppActor pid=1041840)[0m         
[36m(ClientAppActor pid=1041840)[0m [93mWARNING [0m:   DEPRECATED FEATURE: `client_fn` now expects a signature `def client_fn(context: Context)`.The provided `client_fn` has signature: {'cid': <Parameter "cid: str">}. You can import the `Context` like this: `from flwr.app import Context`[32m [repeated 10x across cluster][0m
[36m(ClientAppActor pid=1041840)[0m             This is a deprecated feature. It will be removed[32m [repeated 10x across cluster][0m
[36m(ClientAppActor pid=1041840)[0m             entirely in future versions of Flower.[32m [repeated 10x across cluster][0m
[36m(ClientAppActor pid=1041844)[0m 
[36m(ClientAppActor pid=1041844)[0m         
[36m(ClientAppActor pid=1041842)[0m 
[36m(ClientAppActor pid=1041842)[0m         
[36m(ClientAppActor pid=1041841)[0m 
[36m(ClientAppActor pid=1041841)[0m         
[36m(ClientAppActor pid=1041843)[0m 
[36m(ClientAppActor pid=1041843)[0m         
[92mINFO [0m:      aggregate_evaluate: received 5 results and 0 failures
[92mINFO [0m:      
[92mINFO [0m:      [ROUND 3]
[92mINFO [0m:      configure_fit: strategy sampled 5 clients (out of 5)
[36m(ClientAppActor pid=1041843)[0m 
[36m(ClientAppActor pid=1041843)[0m         
[36m(ClientAppActor pid=1041841)[0m 
[36m(ClientAppActor pid=1041841)[0m         
[36m(ClientAppActor pid=1041844)[0m 
[36m(ClientAppActor pid=1041844)[0m         
[36m(ClientAppActor pid=1041842)[0m 
[36m(ClientAppActor pid=1041842)[0m         
[36m(ClientAppActor pid=1041840)[0m 
[36m(ClientAppActor pid=1041840)[0m         
[92mINFO [0m:      aggregate_fit: received 5 results and 0 failures
[92mINFO [0m:      fit progress: (3, 0.8471861392021179, {'accuracy': 0.7006, 'loss': 0.8471861392021179}, 46.49208478600485)
[92mINFO [0m:      configure_evaluate: strategy sampled 5 clients (out of 5)
[36m(ClientAppActor pid=1041840)[0m 
[36m(ClientAppActor pid=1041840)[0m         
[36m(ClientAppActor pid=1041840)[0m [93mWARNING [0m:   DEPRECATED FEATURE: `client_fn` now expects a signature `def client_fn(context: Context)`.The provided `client_fn` has signature: {'cid': <Parameter "cid: str">}. You can import the `Context` like this: `from flwr.app import Context`[32m [repeated 10x across cluster][0m
[36m(ClientAppActor pid=1041840)[0m             This is a deprecated feature. It will be removed[32m [repeated 10x across cluster][0m
[36m(ClientAppActor pid=1041840)[0m             entirely in future versions of Flower.[32m [repeated 10x across cluster][0m
[36m(ClientAppActor pid=1041842)[0m 
[36m(ClientAppActor pid=1041842)[0m         
[36m(ClientAppActor pid=1041844)[0m 
[36m(ClientAppActor pid=1041844)[0m         
[36m(ClientAppActor pid=1041843)[0m 
[36m(ClientAppActor pid=1041843)[0m         
[36m(ClientAppActor pid=1041841)[0m 
[36m(ClientAppActor pid=1041841)[0m         
[92mINFO [0m:      aggregate_evaluate: received 5 results and 0 failures
[92mINFO [0m:      
[92mINFO [0m:      [ROUND 4]
[92mINFO [0m:      configure_fit: strategy sampled 5 clients (out of 5)
[36m(ClientAppActor pid=1041841)[0m 
[36m(ClientAppActor pid=1041841)[0m         
[36m(ClientAppActor pid=1041843)[0m 
[36m(ClientAppActor pid=1041843)[0m         
[36m(ClientAppActor pid=1041842)[0m 
[36m(ClientAppActor pid=1041842)[0m         
[36m(ClientAppActor pid=1041844)[0m 
[36m(ClientAppActor pid=1041844)[0m         
[36m(ClientAppActor pid=1041840)[0m 
[36m(ClientAppActor pid=1041840)[0m         
[92mINFO [0m:      aggregate_fit: received 5 results and 0 failures
[92mINFO [0m:      fit progress: (4, 0.7401742332458496, {'accuracy': 0.7391, 'loss': 0.7401742332458496}, 61.11137524800142)
[92mINFO [0m:      configure_evaluate: strategy sampled 5 clients (out of 5)
[36m(ClientAppActor pid=1041841)[0m 
[36m(ClientAppActor pid=1041841)[0m         
[36m(ClientAppActor pid=1041841)[0m [93mWARNING [0m:   DEPRECATED FEATURE: `client_fn` now expects a signature `def client_fn(context: Context)`.The provided `client_fn` has signature: {'cid': <Parameter "cid: str">}. You can import the `Context` like this: `from flwr.app import Context`[32m [repeated 10x across cluster][0m
[36m(ClientAppActor pid=1041841)[0m             This is a deprecated feature. It will be removed[32m [repeated 10x across cluster][0m
[36m(ClientAppActor pid=1041841)[0m             entirely in future versions of Flower.[32m [repeated 10x across cluster][0m
[36m(ClientAppActor pid=1041842)[0m 
[36m(ClientAppActor pid=1041842)[0m         
[36m(ClientAppActor pid=1041843)[0m 
[36m(ClientAppActor pid=1041843)[0m         
[36m(ClientAppActor pid=1041840)[0m 
[36m(ClientAppActor pid=1041840)[0m         
[36m(ClientAppActor pid=1041844)[0m 
[36m(ClientAppActor pid=1041844)[0m         
[92mINFO [0m:      aggregate_evaluate: received 5 results and 0 failures
[92mINFO [0m:      
[92mINFO [0m:      [ROUND 5]
[92mINFO [0m:      configure_fit: strategy sampled 5 clients (out of 5)
[36m(ClientAppActor pid=1041844)[0m 
[36m(ClientAppActor pid=1041844)[0m         
[36m(ClientAppActor pid=1041840)[0m 
[36m(ClientAppActor pid=1041840)[0m         
[36m(ClientAppActor pid=1041842)[0m 
[36m(ClientAppActor pid=1041842)[0m         
[36m(ClientAppActor pid=1041843)[0m 
[36m(ClientAppActor pid=1041843)[0m         
[36m(ClientAppActor pid=1041841)[0m 
[36m(ClientAppActor pid=1041841)[0m         
[92mINFO [0m:      aggregate_fit: received 5 results and 0 failures
[92mINFO [0m:      fit progress: (5, 0.6947198537826538, {'accuracy': 0.766, 'loss': 0.6947198537826538}, 75.88330764399143)
[92mINFO [0m:      configure_evaluate: strategy sampled 5 clients (out of 5)
[36m(ClientAppActor pid=1041843)[0m 
[36m(ClientAppActor pid=1041843)[0m         
[36m(ClientAppActor pid=1041843)[0m [93mWARNING [0m:   DEPRECATED FEATURE: `client_fn` now expects a signature `def client_fn(context: Context)`.The provided `client_fn` has signature: {'cid': <Parameter "cid: str">}. You can import the `Context` like this: `from flwr.app import Context`[32m [repeated 10x across cluster][0m
[36m(ClientAppActor pid=1041843)[0m             This is a deprecated feature. It will be removed[32m [repeated 10x across cluster][0m
[36m(ClientAppActor pid=1041843)[0m             entirely in future versions of Flower.[32m [repeated 10x across cluster][0m
[36m(ClientAppActor pid=1041841)[0m 
[36m(ClientAppActor pid=1041841)[0m         
[36m(ClientAppActor pid=1041842)[0m 
[36m(ClientAppActor pid=1041842)[0m         
[36m(ClientAppActor pid=1041840)[0m 
[36m(ClientAppActor pid=1041840)[0m         
[36m(ClientAppActor pid=1041844)[0m 
[36m(ClientAppActor pid=1041844)[0m         
[92mINFO [0m:      aggregate_evaluate: received 5 results and 0 failures
[92mINFO [0m:      
[92mINFO [0m:      [ROUND 6]
[92mINFO [0m:      configure_fit: strategy sampled 5 clients (out of 5)
[36m(ClientAppActor pid=1041844)[0m 
[36m(ClientAppActor pid=1041844)[0m         
[36m(ClientAppActor pid=1041840)[0m 
[36m(ClientAppActor pid=1041840)[0m         
[36m(ClientAppActor pid=1041842)[0m 
[36m(ClientAppActor pid=1041842)[0m         
[36m(ClientAppActor pid=1041841)[0m 
[36m(ClientAppActor pid=1041841)[0m         
[36m(ClientAppActor pid=1041843)[0m 
[36m(ClientAppActor pid=1041843)[0m         
[92mINFO [0m:      aggregate_fit: received 5 results and 0 failures
[92mINFO [0m:      fit progress: (6, 0.6552295750617981, {'accuracy': 0.7811, 'loss': 0.6552295750617981}, 90.87063194497023)
[92mINFO [0m:      configure_evaluate: strategy sampled 5 clients (out of 5)
[36m(ClientAppActor pid=1041841)[0m 
[36m(ClientAppActor pid=1041841)[0m         
[36m(ClientAppActor pid=1041841)[0m [93mWARNING [0m:   DEPRECATED FEATURE: `client_fn` now expects a signature `def client_fn(context: Context)`.The provided `client_fn` has signature: {'cid': <Parameter "cid: str">}. You can import the `Context` like this: `from flwr.app import Context`[32m [repeated 10x across cluster][0m
[36m(ClientAppActor pid=1041841)[0m             This is a deprecated feature. It will be removed[32m [repeated 10x across cluster][0m
[36m(ClientAppActor pid=1041841)[0m             entirely in future versions of Flower.[32m [repeated 10x across cluster][0m
[36m(ClientAppActor pid=1041840)[0m 
[36m(ClientAppActor pid=1041840)[0m         
[36m(ClientAppActor pid=1041844)[0m 
[36m(ClientAppActor pid=1041844)[0m         
[36m(ClientAppActor pid=1041843)[0m 
[36m(ClientAppActor pid=1041843)[0m         
[36m(ClientAppActor pid=1041842)[0m 
[36m(ClientAppActor pid=1041842)[0m         
[92mINFO [0m:      aggregate_evaluate: received 5 results and 0 failures
[92mINFO [0m:      
[92mINFO [0m:      [ROUND 7]
[92mINFO [0m:      configure_fit: strategy sampled 5 clients (out of 5)
[36m(ClientAppActor pid=1041842)[0m 
[36m(ClientAppActor pid=1041842)[0m         
[36m(ClientAppActor pid=1041843)[0m 
[36m(ClientAppActor pid=1041843)[0m         
[36m(ClientAppActor pid=1041844)[0m 
[36m(ClientAppActor pid=1041844)[0m         
[36m(ClientAppActor pid=1041840)[0m 
[36m(ClientAppActor pid=1041840)[0m         
[36m(ClientAppActor pid=1041841)[0m 
[36m(ClientAppActor pid=1041841)[0m         
[92mINFO [0m:      aggregate_fit: received 5 results and 0 failures
[92mINFO [0m:      fit progress: (7, 0.5969215040206909, {'accuracy': 0.8004, 'loss': 0.5969215040206909}, 105.72570039198035)
[92mINFO [0m:      configure_evaluate: strategy sampled 5 clients (out of 5)
[36m(ClientAppActor pid=1041843)[0m 
[36m(ClientAppActor pid=1041843)[0m         
[36m(ClientAppActor pid=1041843)[0m [93mWARNING [0m:   DEPRECATED FEATURE: `client_fn` now expects a signature `def client_fn(context: Context)`.The provided `client_fn` has signature: {'cid': <Parameter "cid: str">}. You can import the `Context` like this: `from flwr.app import Context`[32m [repeated 10x across cluster][0m
[36m(ClientAppActor pid=1041843)[0m             This is a deprecated feature. It will be removed[32m [repeated 10x across cluster][0m
[36m(ClientAppActor pid=1041843)[0m             entirely in future versions of Flower.[32m [repeated 10x across cluster][0m
[36m(ClientAppActor pid=1041841)[0m 
[36m(ClientAppActor pid=1041841)[0m         
[36m(ClientAppActor pid=1041844)[0m 
[36m(ClientAppActor pid=1041844)[0m         
[36m(ClientAppActor pid=1041842)[0m 
[36m(ClientAppActor pid=1041842)[0m         
[36m(ClientAppActor pid=1041840)[0m 
[36m(ClientAppActor pid=1041840)[0m         
[92mINFO [0m:      aggregate_evaluate: received 5 results and 0 failures
[92mINFO [0m:      
[92mINFO [0m:      [ROUND 8]
[92mINFO [0m:      configure_fit: strategy sampled 5 clients (out of 5)
[36m(ClientAppActor pid=1041840)[0m 
[36m(ClientAppActor pid=1041840)[0m         
[36m(ClientAppActor pid=1041842)[0m 
[36m(ClientAppActor pid=1041842)[0m         
[36m(ClientAppActor pid=1041844)[0m 
[36m(ClientAppActor pid=1041844)[0m         
[36m(ClientAppActor pid=1041841)[0m 
[36m(ClientAppActor pid=1041841)[0m         
[36m(ClientAppActor pid=1041843)[0m 
[36m(ClientAppActor pid=1041843)[0m         
[92mINFO [0m:      aggregate_fit: received 5 results and 0 failures
[92mINFO [0m:      fit progress: (8, 0.5836761523962021, {'accuracy': 0.8088, 'loss': 0.5836761523962021}, 120.62721412797691)
[92mINFO [0m:      configure_evaluate: strategy sampled 5 clients (out of 5)
[36m(ClientAppActor pid=1041842)[0m 
[36m(ClientAppActor pid=1041842)[0m         
[36m(ClientAppActor pid=1041842)[0m [93mWARNING [0m:   DEPRECATED FEATURE: `client_fn` now expects a signature `def client_fn(context: Context)`.The provided `client_fn` has signature: {'cid': <Parameter "cid: str">}. You can import the `Context` like this: `from flwr.app import Context`[32m [repeated 10x across cluster][0m
[36m(ClientAppActor pid=1041842)[0m             This is a deprecated feature. It will be removed[32m [repeated 10x across cluster][0m
[36m(ClientAppActor pid=1041842)[0m             entirely in future versions of Flower.[32m [repeated 10x across cluster][0m
[36m(ClientAppActor pid=1041844)[0m 
[36m(ClientAppActor pid=1041844)[0m         
[36m(ClientAppActor pid=1041840)[0m 
[36m(ClientAppActor pid=1041840)[0m         
[36m(ClientAppActor pid=1041841)[0m 
[36m(ClientAppActor pid=1041841)[0m         
[36m(ClientAppActor pid=1041843)[0m 
[36m(ClientAppActor pid=1041843)[0m         
[92mINFO [0m:      aggregate_evaluate: received 5 results and 0 failures
[92mINFO [0m:      
[92mINFO [0m:      [ROUND 9]
[92mINFO [0m:      configure_fit: strategy sampled 5 clients (out of 5)
[36m(ClientAppActor pid=1041843)[0m 
[36m(ClientAppActor pid=1041843)[0m         
[36m(ClientAppActor pid=1041841)[0m 
[36m(ClientAppActor pid=1041841)[0m         
[36m(ClientAppActor pid=1041840)[0m 
[36m(ClientAppActor pid=1041840)[0m         
[36m(ClientAppActor pid=1041844)[0m 
[36m(ClientAppActor pid=1041844)[0m         
[36m(ClientAppActor pid=1041842)[0m 
[36m(ClientAppActor pid=1041842)[0m         
[92mINFO [0m:      aggregate_fit: received 5 results and 0 failures
[92mINFO [0m:      fit progress: (9, 0.6250894012928009, {'accuracy': 0.8066, 'loss': 0.6250894012928009}, 135.58117357001174)
[92mINFO [0m:      configure_evaluate: strategy sampled 5 clients (out of 5)
[36m(ClientAppActor pid=1041844)[0m 
[36m(ClientAppActor pid=1041844)[0m         
[36m(ClientAppActor pid=1041844)[0m [93mWARNING [0m:   DEPRECATED FEATURE: `client_fn` now expects a signature `def client_fn(context: Context)`.The provided `client_fn` has signature: {'cid': <Parameter "cid: str">}. You can import the `Context` like this: `from flwr.app import Context`[32m [repeated 10x across cluster][0m
[36m(ClientAppActor pid=1041844)[0m             This is a deprecated feature. It will be removed[32m [repeated 10x across cluster][0m
[36m(ClientAppActor pid=1041844)[0m             entirely in future versions of Flower.[32m [repeated 10x across cluster][0m
[36m(ClientAppActor pid=1041840)[0m 
[36m(ClientAppActor pid=1041840)[0m         
[36m(ClientAppActor pid=1041841)[0m 
[36m(ClientAppActor pid=1041841)[0m         
[36m(ClientAppActor pid=1041842)[0m 
[36m(ClientAppActor pid=1041842)[0m         
[36m(ClientAppActor pid=1041843)[0m 
[36m(ClientAppActor pid=1041843)[0m         
[92mINFO [0m:      aggregate_evaluate: received 5 results and 0 failures
[92mINFO [0m:      
[92mINFO [0m:      [ROUND 10]
[92mINFO [0m:      configure_fit: strategy sampled 5 clients (out of 5)
[36m(ClientAppActor pid=1041843)[0m 
[36m(ClientAppActor pid=1041843)[0m         
[36m(ClientAppActor pid=1041842)[0m 
[36m(ClientAppActor pid=1041842)[0m         
[36m(ClientAppActor pid=1041841)[0m 
[36m(ClientAppActor pid=1041841)[0m         
[36m(ClientAppActor pid=1041840)[0m 
[36m(ClientAppActor pid=1041840)[0m         
[36m(ClientAppActor pid=1041844)[0m 
[36m(ClientAppActor pid=1041844)[0m         
[92mINFO [0m:      aggregate_fit: received 5 results and 0 failures
[92mINFO [0m:      fit progress: (10, 0.6112114299058914, {'accuracy': 0.8124, 'loss': 0.6112114299058914}, 150.0539515169803)
[92mINFO [0m:      configure_evaluate: strategy sampled 5 clients (out of 5)
[36m(ClientAppActor pid=1041843)[0m 
[36m(ClientAppActor pid=1041843)[0m         
[36m(ClientAppActor pid=1041843)[0m [93mWARNING [0m:   DEPRECATED FEATURE: `client_fn` now expects a signature `def client_fn(context: Context)`.The provided `client_fn` has signature: {'cid': <Parameter "cid: str">}. You can import the `Context` like this: `from flwr.app import Context`[32m [repeated 10x across cluster][0m
[36m(ClientAppActor pid=1041843)[0m             This is a deprecated feature. It will be removed[32m [repeated 10x across cluster][0m
[36m(ClientAppActor pid=1041843)[0m             entirely in future versions of Flower.[32m [repeated 10x across cluster][0m
[36m(ClientAppActor pid=1041844)[0m 
[36m(ClientAppActor pid=1041844)[0m         
[36m(ClientAppActor pid=1041841)[0m 
[36m(ClientAppActor pid=1041841)[0m         
[36m(ClientAppActor pid=1041840)[0m 
[36m(ClientAppActor pid=1041840)[0m         
[36m(ClientAppActor pid=1041842)[0m 
[36m(ClientAppActor pid=1041842)[0m         
[92mINFO [0m:      aggregate_evaluate: received 5 results and 0 failures
[92mINFO [0m:      
[92mINFO [0m:      [SUMMARY]
[92mINFO [0m:      Run finished 10 round(s) in 150.89s
[92mINFO [0m:      	History (loss, distributed):
[92mINFO [0m:      		round 1: 2.200600327218273
[92mINFO [0m:      		round 2: 1.2532923084653709
[92mINFO [0m:      		round 3: 0.8440537663347749
[92mINFO [0m:      		round 4: 0.7293809950769198
[92mINFO [0m:      		round 5: 0.6848797285606891
[92mINFO [0m:      		round 6: 0.6514509999205739
[92mINFO [0m:      		round 7: 0.6024982771063319
[92mINFO [0m:      		round 8: 0.5839752347404441
[92mINFO [0m:      		round 9: 0.6337729980164536
[92mINFO [0m:      		round 10: 0.6152070680808753
[92mINFO [0m:      	History (loss, centralized):
[92mINFO [0m:      		round 0: 2.303250389099121
[92mINFO [0m:      		round 1: 2.1969648696899413
[92mINFO [0m:      		round 2: 1.2459272960662842
[92mINFO [0m:      		round 3: 0.8471861392021179
[92mINFO [0m:      		round 4: 0.7401742332458496
[92mINFO [0m:      		round 5: 0.6947198537826538
[92mINFO [0m:      		round 6: 0.6552295750617981
[92mINFO [0m:      		round 7: 0.5969215040206909
[92mINFO [0m:      		round 8: 0.5836761523962021
[92mINFO [0m:      		round 9: 0.6250894012928009
[92mINFO [0m:      		round 10: 0.6112114299058914
[92mINFO [0m:      	History (metrics, distributed, fit):
[92mINFO [0m:      	{'avg_epochs_weighted': [(1, 4.0),
[92mINFO [0m:      	                         (2, 4.0),
[92mINFO [0m:      	                         (3, 4.0),
[92mINFO [0m:      	                         (4, 4.0),
[92mINFO [0m:      	                         (5, 4.0),
[92mINFO [0m:      	                         (6, 4.0),
[92mINFO [0m:      	                         (7, 4.0),
[92mINFO [0m:      	                         (8, 4.0),
[92mINFO [0m:      	                         (9, 4.0),
[92mINFO [0m:      	                         (10, 4.0)],
[92mINFO [0m:      	 'avg_flops_per_client_round': [(1, 6512644067328.0),
[92mINFO [0m:      	                                (2, 6512644067328.0),
[92mINFO [0m:      	                                (3, 6512644067328.0),
[92mINFO [0m:      	                                (4, 6512644067328.0),
[92mINFO [0m:      	                                (5, 6512644067328.0),
[92mINFO [0m:      	                                (6, 6512644067328.0),
[92mINFO [0m:      	                                (7, 6512644067328.0),
[92mINFO [0m:      	                                (8, 6512644067328.0),
[92mINFO [0m:      	                                (9, 6512644067328.0),
[92mINFO [0m:      	                                (10, 6512644067328.0)],
[92mINFO [0m:      	 'avg_lr_weighted': [(1, 0.007306942292214023),
[92mINFO [0m:      	                     (2, 0.007306942292214023),
[92mINFO [0m:      	                     (3, 0.007306942292214023),
[92mINFO [0m:      	                     (4, 0.007306942292214023),
[92mINFO [0m:      	                     (5, 0.007306942292214023),
[92mINFO [0m:      	                     (6, 0.007306942292214023),
[92mINFO [0m:      	                     (7, 0.007306942292214023),
[92mINFO [0m:      	                     (8, 0.007306942292214023),
[92mINFO [0m:      	                     (9, 0.007306942292214023),
[92mINFO [0m:      	                     (10, 0.007306942292214023)],
[92mINFO [0m:      	 'total_flops_round': [(1, 32563220336640),
[92mINFO [0m:      	                       (2, 32563220336640),
[92mINFO [0m:      	                       (3, 32563220336640),
[92mINFO [0m:      	                       (4, 32563220336640),
[92mINFO [0m:      	                       (5, 32563220336640),
[92mINFO [0m:      	                       (6, 32563220336640),
[92mINFO [0m:      	                       (7, 32563220336640),
[92mINFO [0m:      	                       (8, 32563220336640),
[92mINFO [0m:      	                       (9, 32563220336640),
[92mINFO [0m:      	                       (10, 32563220336640)]}
[92mINFO [0m:      	History (metrics, distributed, evaluate):
[92mINFO [0m:      	{'accuracy': [(1, 0.2083249949969982),
[92mINFO [0m:      	              (2, 0.6117670602361417),
[92mINFO [0m:      	              (3, 0.6966179707824695),
[92mINFO [0m:      	              (4, 0.7342405443265959),
[92mINFO [0m:      	              (5, 0.7650590354212528),
[92mINFO [0m:      	              (6, 0.7792675605363218),
[92mINFO [0m:      	              (7, 0.7990794476686012),
[92mINFO [0m:      	              (8, 0.8114868921352811),
[92mINFO [0m:      	              (9, 0.7984790874524715),
[92mINFO [0m:      	              (10, 0.8128877326395838)],
[92mINFO [0m:      	 'loss': [(1, 2.200600327218273),
[92mINFO [0m:      	          (2, 1.2532923084653709),
[92mINFO [0m:      	          (3, 0.8440537663347749),
[92mINFO [0m:      	          (4, 0.7293809950769198),
[92mINFO [0m:      	          (5, 0.6848797285606891),
[92mINFO [0m:      	          (6, 0.6514509999205739),
[92mINFO [0m:      	          (7, 0.6024982771063319),
[92mINFO [0m:      	          (8, 0.5839752347404441),
[92mINFO [0m:      	          (9, 0.6337729980164536),
[92mINFO [0m:      	          (10, 0.6152070680808753)]}
[92mINFO [0m:      	History (metrics, centralized):
[92mINFO [0m:      	{'accuracy': [(0, 0.1),
[92mINFO [0m:      	              (1, 0.2086),
[92mINFO [0m:      	              (2, 0.6152),
[92mINFO [0m:      	              (3, 0.7006),
[92mINFO [0m:      	              (4, 0.7391),
[92mINFO [0m:      	              (5, 0.766),
[92mINFO [0m:      	              (6, 0.7811),
[92mINFO [0m:      	              (7, 0.8004),
[92mINFO [0m:      	              (8, 0.8088),
[92mINFO [0m:      	              (9, 0.8066),
[92mINFO [0m:      	              (10, 0.8124)],
[92mINFO [0m:      	 'loss': [(0, 2.303250389099121),
[92mINFO [0m:      	          (1, 2.1969648696899413),
[92mINFO [0m:      	          (2, 1.2459272960662842),
[92mINFO [0m:      	          (3, 0.8471861392021179),
[92mINFO [0m:      	          (4, 0.7401742332458496),
[92mINFO [0m:      	          (5, 0.6947198537826538),
[92mINFO [0m:      	          (6, 0.6552295750617981),
[92mINFO [0m:      	          (7, 0.5969215040206909),
[92mINFO [0m:      	          (8, 0.5836761523962021),
[92mINFO [0m:      	          (9, 0.6250894012928009),
[92mINFO [0m:      	          (10, 0.6112114299058914)]}
[92mINFO [0m:      
Treinando no dispositivo: cuda:0 com o dataset: CIFAR10 | Setup clientes: 5 (num_gpus por cliente=0.2) | SEED=50
FLOPS por amostra (forward): 6.030e+07 | (forward+backward, 3x): 1.809e+08
Files already downloaded and verified
Files already downloaded and verified
Dividindo o dataset usando a distribuição de Dirichlet com alpha=1.0.
Iniciando a simulação de Aprendizado Federado...
=== Diagnóstico de Medição de GPU ===
  pynvml_disponivel: True
  pynvml_versao: 580.173.02
  gpus_detectadas: 1
  leitura_potencia_ok: True
  potencia_atual_W: 60.528

--- Rodada 0 - Avaliação Centralizada (Servidor) ---
Loss (Servidor): 2.3033 | Acurácia (Servidor): 0.1000
[36m(ClientAppActor pid=1041844)[0m Cliente 0: HetRaw=0.7540 | HetNorm=0.2513 | Epochs=4 (dyn=True) | LR=0.007262 (dyn=True) | FedProx=True (mu=0.01)

--- Rodada 1 - Avaliação Centralizada (Servidor) ---
Loss (Servidor): 2.1970 | Acurácia (Servidor): 0.2086
--- Avaliação Agregada (Clientes) ---
Loss Média (Clientes): 2.2006 | Acurácia Média (Clientes): 0.2083
[36m(ClientAppActor pid=1041842)[0m Cliente 3: HetRaw=0.6768 | HetNorm=0.2256 | Epochs=4 (dyn=True) | LR=0.007472 (dyn=True) | FedProx=True (mu=0.01)[32m [repeated 5x across cluster][0m

--- Rodada 2 - Avaliação Centralizada (Servidor) ---
Loss (Servidor): 1.2459 | Acurácia (Servidor): 0.6152
--- Avaliação Agregada (Clientes) ---
Loss Média (Clientes): 1.2533 | Acurácia Média (Clientes): 0.6118
[36m(ClientAppActor pid=1041843)[0m Cliente 2: HetRaw=0.7997 | HetNorm=0.2666 | Epochs=4 (dyn=True) | LR=0.007144 (dyn=True) | FedProx=True (mu=0.01)[32m [repeated 5x across cluster][0m

--- Rodada 3 - Avaliação Centralizada (Servidor) ---
Loss (Servidor): 0.8472 | Acurácia (Servidor): 0.7006
--- Avaliação Agregada (Clientes) ---
Loss Média (Clientes): 0.8441 | Acurácia Média (Clientes): 0.6966
[36m(ClientAppActor pid=1041841)[0m Cliente 4: HetRaw=0.8637 | HetNorm=0.2879 | Epochs=4 (dyn=True) | LR=0.006984 (dyn=True) | FedProx=True (mu=0.01)[32m [repeated 5x across cluster][0m

--- Rodada 4 - Avaliação Centralizada (Servidor) ---
Loss (Servidor): 0.7402 | Acurácia (Servidor): 0.7391
--- Avaliação Agregada (Clientes) ---
Loss Média (Clientes): 0.7294 | Acurácia Média (Clientes): 0.7342
[36m(ClientAppActor pid=1041844)[0m Cliente 1: HetRaw=0.5403 | HetNorm=0.1801 | Epochs=4 (dyn=True) | LR=0.007873 (dyn=True) | FedProx=True (mu=0.01)[32m [repeated 5x across cluster][0m

--- Rodada 5 - Avaliação Centralizada (Servidor) ---
Loss (Servidor): 0.6947 | Acurácia (Servidor): 0.7660
--- Avaliação Agregada (Clientes) ---
Loss Média (Clientes): 0.6849 | Acurácia Média (Clientes): 0.7651
[36m(ClientAppActor pid=1041844)[0m Cliente 3: HetRaw=0.6768 | HetNorm=0.2256 | Epochs=4 (dyn=True) | LR=0.007472 (dyn=True) | FedProx=True (mu=0.01)[32m [repeated 5x across cluster][0m

--- Rodada 6 - Avaliação Centralizada (Servidor) ---
Loss (Servidor): 0.6552 | Acurácia (Servidor): 0.7811
--- Avaliação Agregada (Clientes) ---
Loss Média (Clientes): 0.6515 | Acurácia Média (Clientes): 0.7793
[36m(ClientAppActor pid=1041842)[0m Cliente 2: HetRaw=0.7997 | HetNorm=0.2666 | Epochs=4 (dyn=True) | LR=0.007144 (dyn=True) | FedProx=True (mu=0.01)[32m [repeated 5x across cluster][0m

--- Rodada 7 - Avaliação Centralizada (Servidor) ---
Loss (Servidor): 0.5969 | Acurácia (Servidor): 0.8004
--- Avaliação Agregada (Clientes) ---
Loss Média (Clientes): 0.6025 | Acurácia Média (Clientes): 0.7991
[36m(ClientAppActor pid=1041840)[0m Cliente 0: HetRaw=0.7540 | HetNorm=0.2513 | Epochs=4 (dyn=True) | LR=0.007262 (dyn=True) | FedProx=True (mu=0.01)[32m [repeated 5x across cluster][0m

--- Rodada 8 - Avaliação Centralizada (Servidor) ---
Loss (Servidor): 0.5837 | Acurácia (Servidor): 0.8088
--- Avaliação Agregada (Clientes) ---
Loss Média (Clientes): 0.5840 | Acurácia Média (Clientes): 0.8115
[36m(ClientAppActor pid=1041843)[0m Cliente 1: HetRaw=0.5403 | HetNorm=0.1801 | Epochs=4 (dyn=True) | LR=0.007873 (dyn=True) | FedProx=True (mu=0.01)[32m [repeated 5x across cluster][0m

--- Rodada 9 - Avaliação Centralizada (Servidor) ---
Loss (Servidor): 0.6251 | Acurácia (Servidor): 0.8066
--- Avaliação Agregada (Clientes) ---
Loss Média (Clientes): 0.6338 | Acurácia Média (Clientes): 0.7985
[36m(ClientAppActor pid=1041843)[0m Cliente 4: HetRaw=0.8637 | HetNorm=0.2879 | Epochs=4 (dyn=True) | LR=0.006984 (dyn=True) | FedProx=True (mu=0.01)[32m [repeated 5x across cluster][0m

--- Rodada 10 - Avaliação Centralizada (Servidor) ---
Loss (Servidor): 0.6112 | Acurácia (Servidor): 0.8124
--- Avaliação Agregada (Clientes) ---
Loss Média (Clientes): 0.6152 | Acurácia Média (Clientes): 0.8129

Resultados salvos em: /home/tiago/GitHubProjects/fedhad-thesis-2/FedHAD-results/1.1_diagnostico_drift/CIFAR10-Standard/FedHAD__CIFAR10__Mode-STANDARD__Cfg-E1L1F1__Setup-5__Clients-5__Rounds-10__Delay-0_05__Alpha-1_0__Seed-50.txt
[36m(ClientAppActor pid=1041842)[0m [93mWARNING [0m:   DEPRECATED FEATURE: `client_fn` now expects a signature `def client_fn(context: Context)`.The provided `client_fn` has signature: {'cid': <Parameter "cid: str">}. You can import the `Context` like this: `from flwr.app import Context`[32m [repeated 4x across cluster][0m
[36m(ClientAppActor pid=1041842)[0m             This is a deprecated feature. It will be removed[32m [repeated 4x across cluster][0m
[36m(ClientAppActor pid=1041842)[0m             entirely in future versions of Flower.[32m [repeated 4x across cluster][0m
[36m(ClientAppActor pid=1041844)[0m Cliente 3: HetRaw=0.6768 | HetNorm=0.2256 | Epochs=4 (dyn=True) | LR=0.007472 (dyn=True) | FedProx=True (mu=0.01)[32m [repeated 4x across cluster][0m
