[codecarbon WARNING @ 16:46:16] Multiple instances of codecarbon are allowed to run at the same time.
[93mWARNING [0m:   DEPRECATED FEATURE: flwr.simulation.start_simulation() is deprecated.
	Instead, use the `flwr run` CLI command to start a local simulation in your Flower app, as shown for example below:

		$ flwr new  # Create a new Flower app from a template

		$ flwr run  # Run the Flower app in Simulation Mode

	Using `start_simulation()` is deprecated.

            This is a deprecated feature. It will be removed
            entirely in future versions of Flower.
        
[92mINFO [0m:      Starting Flower simulation, config: num_rounds=10, no round_timeout
2026-09-04 16:46:24,348	INFO worker.py:2012 -- Started a local Ray instance.
/home/tiago/GitHubProjects/fedhad-thesis-2/env_flwr_pt/lib/python3.12/site-packages/ray/_private/worker.py:2051: FutureWarning: Tip: In future versions of Ray, Ray will no longer override accelerator visible devices env var if num_gpus=0 or num_gpus=None (default). To enable this behavior and turn off this error message, set RAY_ACCEL_ENV_VAR_OVERRIDE_ON_ZERO=0
  warnings.warn(
[92mINFO [0m:      Flower VCE: Ray initialized with resources: {'GPU': 1.0, 'accelerator_type:A40': 1.0, 'node:__internal_head__': 1.0, 'node:10.129.64.100': 1.0, 'CPU': 64.0, 'memory': 180840735130.0, 'object_store_memory': 77503172198.0}
[92mINFO [0m:      Optimize your simulation with Flower VCE: https://flower.ai/docs/framework/how-to-run-simulations.html
/home/tiago/GitHubProjects/fedhad-thesis-2/FedHAD_Final_2.0.py:1916: UserWarning: No `num_cpus` specified in `client_resources`. Using `num_cpus=1` for each client.
  history = fl.simulation.start_simulation(
[92mINFO [0m:      Flower VCE: Resources for each Virtual Client: {'num_gpus': 0.2, 'num_cpus': 1}
[92mINFO [0m:      Flower VCE: Creating VirtualClientEngineActorPool with 5 actors
[92mINFO [0m:      [INIT]
[92mINFO [0m:      Requesting initial parameters from one random client
[36m(ClientAppActor pid=1049443)[0m [93mWARNING [0m:   DEPRECATED FEATURE: `client_fn` now expects a signature `def client_fn(context: Context)`.The provided `client_fn` has signature: {'cid': <Parameter "cid: str">}. You can import the `Context` like this: `from flwr.app import Context`
[36m(ClientAppActor pid=1049443)[0m 
[36m(ClientAppActor pid=1049443)[0m             This is a deprecated feature. It will be removed
[36m(ClientAppActor pid=1049443)[0m             entirely in future versions of Flower.
[36m(ClientAppActor pid=1049443)[0m         
[92mINFO [0m:      Received initial parameters from one random client
[92mINFO [0m:      Starting evaluation of initial global parameters
[92mINFO [0m:      initial parameters (loss, other metrics): 2.3029666339874266, {'accuracy': 0.097, 'loss': 2.3029666339874266}
[92mINFO [0m:      
[92mINFO [0m:      [ROUND 1]
[92mINFO [0m:      configure_fit: strategy sampled 5 clients (out of 5)
[36m(ClientAppActor pid=1049443)[0m [93mWARNING [0m:   DEPRECATED FEATURE: `client_fn` now expects a signature `def client_fn(context: Context)`.The provided `client_fn` has signature: {'cid': <Parameter "cid: str">}. You can import the `Context` like this: `from flwr.app import Context`
[36m(ClientAppActor pid=1049443)[0m 
[36m(ClientAppActor pid=1049443)[0m             This is a deprecated feature. It will be removed
[36m(ClientAppActor pid=1049443)[0m             entirely in future versions of Flower.
[36m(ClientAppActor pid=1049443)[0m         
[36m(ClientAppActor pid=1049444)[0m 
[36m(ClientAppActor pid=1049444)[0m         
[36m(ClientAppActor pid=1049442)[0m 
[36m(ClientAppActor pid=1049442)[0m         
[36m(ClientAppActor pid=1049441)[0m 
[36m(ClientAppActor pid=1049441)[0m         
[36m(ClientAppActor pid=1049440)[0m 
[36m(ClientAppActor pid=1049440)[0m         
[92mINFO [0m:      aggregate_fit: received 5 results and 0 failures
[92mINFO [0m:      fit progress: (1, 2.149140391540527, {'accuracy': 0.2203, 'loss': 2.149140391540527}, 16.976136162003968)
[92mINFO [0m:      configure_evaluate: strategy sampled 5 clients (out of 5)
[36m(ClientAppActor pid=1049441)[0m 
[36m(ClientAppActor pid=1049441)[0m         
[36m(ClientAppActor pid=1049441)[0m [93mWARNING [0m:   DEPRECATED FEATURE: `client_fn` now expects a signature `def client_fn(context: Context)`.The provided `client_fn` has signature: {'cid': <Parameter "cid: str">}. You can import the `Context` like this: `from flwr.app import Context`[32m [repeated 5x across cluster] (Ray deduplicates logs by default. Set RAY_DEDUP_LOGS=0 to disable log deduplication, or see https://docs.ray.io/en/master/ray-observability/user-guides/configure-logging.html#log-deduplication for more options.)[0m
[36m(ClientAppActor pid=1049441)[0m             This is a deprecated feature. It will be removed[32m [repeated 5x across cluster][0m
[36m(ClientAppActor pid=1049441)[0m             entirely in future versions of Flower.[32m [repeated 5x across cluster][0m
[36m(ClientAppActor pid=1049440)[0m 
[36m(ClientAppActor pid=1049440)[0m         
[36m(ClientAppActor pid=1049444)[0m 
[36m(ClientAppActor pid=1049444)[0m         
[36m(ClientAppActor pid=1049442)[0m 
[36m(ClientAppActor pid=1049442)[0m         
[36m(ClientAppActor pid=1049443)[0m 
[36m(ClientAppActor pid=1049443)[0m         
[92mINFO [0m:      aggregate_evaluate: received 5 results and 0 failures
[92mINFO [0m:      
[92mINFO [0m:      [ROUND 2]
[92mINFO [0m:      configure_fit: strategy sampled 5 clients (out of 5)
[36m(ClientAppActor pid=1049443)[0m 
[36m(ClientAppActor pid=1049443)[0m         
[36m(ClientAppActor pid=1049442)[0m 
[36m(ClientAppActor pid=1049442)[0m         
[36m(ClientAppActor pid=1049444)[0m 
[36m(ClientAppActor pid=1049444)[0m         
[36m(ClientAppActor pid=1049440)[0m 
[36m(ClientAppActor pid=1049440)[0m         
[36m(ClientAppActor pid=1049441)[0m 
[36m(ClientAppActor pid=1049441)[0m         
[92mINFO [0m:      aggregate_fit: received 5 results and 0 failures
[92mINFO [0m:      fit progress: (2, 1.160537520980835, {'accuracy': 0.6594, 'loss': 1.160537520980835}, 32.24813109502429)
[92mINFO [0m:      configure_evaluate: strategy sampled 5 clients (out of 5)
[36m(ClientAppActor pid=1049444)[0m 
[36m(ClientAppActor pid=1049444)[0m         
[36m(ClientAppActor pid=1049444)[0m [93mWARNING [0m:   DEPRECATED FEATURE: `client_fn` now expects a signature `def client_fn(context: Context)`.The provided `client_fn` has signature: {'cid': <Parameter "cid: str">}. You can import the `Context` like this: `from flwr.app import Context`[32m [repeated 10x across cluster][0m
[36m(ClientAppActor pid=1049444)[0m             This is a deprecated feature. It will be removed[32m [repeated 10x across cluster][0m
[36m(ClientAppActor pid=1049444)[0m             entirely in future versions of Flower.[32m [repeated 10x across cluster][0m
[36m(ClientAppActor pid=1049441)[0m 
[36m(ClientAppActor pid=1049441)[0m         
[36m(ClientAppActor pid=1049443)[0m 
[36m(ClientAppActor pid=1049443)[0m         
[36m(ClientAppActor pid=1049440)[0m 
[36m(ClientAppActor pid=1049440)[0m         
[36m(ClientAppActor pid=1049442)[0m 
[36m(ClientAppActor pid=1049442)[0m         
[92mINFO [0m:      aggregate_evaluate: received 5 results and 0 failures
[92mINFO [0m:      
[92mINFO [0m:      [ROUND 3]
[92mINFO [0m:      configure_fit: strategy sampled 5 clients (out of 5)
[36m(ClientAppActor pid=1049442)[0m 
[36m(ClientAppActor pid=1049442)[0m         
[36m(ClientAppActor pid=1049440)[0m 
[36m(ClientAppActor pid=1049440)[0m         
[36m(ClientAppActor pid=1049443)[0m 
[36m(ClientAppActor pid=1049443)[0m         
[36m(ClientAppActor pid=1049441)[0m 
[36m(ClientAppActor pid=1049441)[0m         
[36m(ClientAppActor pid=1049444)[0m 
[36m(ClientAppActor pid=1049444)[0m         
[92mINFO [0m:      aggregate_fit: received 5 results and 0 failures
[92mINFO [0m:      fit progress: (3, 0.8509802418708802, {'accuracy': 0.717, 'loss': 0.8509802418708802}, 47.69299873098498)
[92mINFO [0m:      configure_evaluate: strategy sampled 5 clients (out of 5)
[36m(ClientAppActor pid=1049440)[0m 
[36m(ClientAppActor pid=1049440)[0m         
[36m(ClientAppActor pid=1049440)[0m [93mWARNING [0m:   DEPRECATED FEATURE: `client_fn` now expects a signature `def client_fn(context: Context)`.The provided `client_fn` has signature: {'cid': <Parameter "cid: str">}. You can import the `Context` like this: `from flwr.app import Context`[32m [repeated 10x across cluster][0m
[36m(ClientAppActor pid=1049440)[0m             This is a deprecated feature. It will be removed[32m [repeated 10x across cluster][0m
[36m(ClientAppActor pid=1049440)[0m             entirely in future versions of Flower.[32m [repeated 10x across cluster][0m
[36m(ClientAppActor pid=1049443)[0m 
[36m(ClientAppActor pid=1049443)[0m         
[36m(ClientAppActor pid=1049442)[0m 
[36m(ClientAppActor pid=1049442)[0m         
[36m(ClientAppActor pid=1049441)[0m 
[36m(ClientAppActor pid=1049441)[0m         
[36m(ClientAppActor pid=1049444)[0m 
[36m(ClientAppActor pid=1049444)[0m         
[92mINFO [0m:      aggregate_evaluate: received 5 results and 0 failures
[92mINFO [0m:      
[92mINFO [0m:      [ROUND 4]
[92mINFO [0m:      configure_fit: strategy sampled 5 clients (out of 5)
[36m(ClientAppActor pid=1049444)[0m 
[36m(ClientAppActor pid=1049444)[0m         
[36m(ClientAppActor pid=1049441)[0m 
[36m(ClientAppActor pid=1049441)[0m         
[36m(ClientAppActor pid=1049442)[0m 
[36m(ClientAppActor pid=1049442)[0m         
[36m(ClientAppActor pid=1049443)[0m 
[36m(ClientAppActor pid=1049443)[0m         
[36m(ClientAppActor pid=1049440)[0m 
[36m(ClientAppActor pid=1049440)[0m         
[92mINFO [0m:      aggregate_fit: received 5 results and 0 failures
[92mINFO [0m:      fit progress: (4, 0.7155769545555115, {'accuracy': 0.7568, 'loss': 0.7155769545555115}, 63.29589968803339)
[92mINFO [0m:      configure_evaluate: strategy sampled 5 clients (out of 5)
[36m(ClientAppActor pid=1049443)[0m 
[36m(ClientAppActor pid=1049443)[0m         
[36m(ClientAppActor pid=1049443)[0m [93mWARNING [0m:   DEPRECATED FEATURE: `client_fn` now expects a signature `def client_fn(context: Context)`.The provided `client_fn` has signature: {'cid': <Parameter "cid: str">}. You can import the `Context` like this: `from flwr.app import Context`[32m [repeated 10x across cluster][0m
[36m(ClientAppActor pid=1049443)[0m             This is a deprecated feature. It will be removed[32m [repeated 10x across cluster][0m
[36m(ClientAppActor pid=1049443)[0m             entirely in future versions of Flower.[32m [repeated 10x across cluster][0m
[36m(ClientAppActor pid=1049442)[0m 
[36m(ClientAppActor pid=1049442)[0m         
[36m(ClientAppActor pid=1049441)[0m 
[36m(ClientAppActor pid=1049441)[0m         
[36m(ClientAppActor pid=1049440)[0m 
[36m(ClientAppActor pid=1049440)[0m         
[36m(ClientAppActor pid=1049444)[0m 
[36m(ClientAppActor pid=1049444)[0m         
[92mINFO [0m:      aggregate_evaluate: received 5 results and 0 failures
[92mINFO [0m:      
[92mINFO [0m:      [ROUND 5]
[92mINFO [0m:      configure_fit: strategy sampled 5 clients (out of 5)
[36m(ClientAppActor pid=1049444)[0m 
[36m(ClientAppActor pid=1049444)[0m         
[36m(ClientAppActor pid=1049440)[0m 
[36m(ClientAppActor pid=1049440)[0m         
[36m(ClientAppActor pid=1049441)[0m 
[36m(ClientAppActor pid=1049441)[0m         
[36m(ClientAppActor pid=1049442)[0m 
[36m(ClientAppActor pid=1049442)[0m         
[36m(ClientAppActor pid=1049443)[0m 
[36m(ClientAppActor pid=1049443)[0m         
[92mINFO [0m:      aggregate_fit: received 5 results and 0 failures
[92mINFO [0m:      fit progress: (5, 0.665730453491211, {'accuracy': 0.776, 'loss': 0.665730453491211}, 78.96674630203051)
[92mINFO [0m:      configure_evaluate: strategy sampled 5 clients (out of 5)
[36m(ClientAppActor pid=1049443)[0m 
[36m(ClientAppActor pid=1049443)[0m         
[36m(ClientAppActor pid=1049443)[0m [93mWARNING [0m:   DEPRECATED FEATURE: `client_fn` now expects a signature `def client_fn(context: Context)`.The provided `client_fn` has signature: {'cid': <Parameter "cid: str">}. You can import the `Context` like this: `from flwr.app import Context`[32m [repeated 10x across cluster][0m
[36m(ClientAppActor pid=1049443)[0m             This is a deprecated feature. It will be removed[32m [repeated 10x across cluster][0m
[36m(ClientAppActor pid=1049443)[0m             entirely in future versions of Flower.[32m [repeated 10x across cluster][0m
[36m(ClientAppActor pid=1049441)[0m 
[36m(ClientAppActor pid=1049441)[0m         
[36m(ClientAppActor pid=1049440)[0m 
[36m(ClientAppActor pid=1049440)[0m         
[36m(ClientAppActor pid=1049444)[0m 
[36m(ClientAppActor pid=1049444)[0m         
[36m(ClientAppActor pid=1049442)[0m 
[36m(ClientAppActor pid=1049442)[0m         
[92mINFO [0m:      aggregate_evaluate: received 5 results and 0 failures
[92mINFO [0m:      
[92mINFO [0m:      [ROUND 6]
[92mINFO [0m:      configure_fit: strategy sampled 5 clients (out of 5)
[36m(ClientAppActor pid=1049442)[0m 
[36m(ClientAppActor pid=1049442)[0m         
[36m(ClientAppActor pid=1049444)[0m 
[36m(ClientAppActor pid=1049444)[0m         
[36m(ClientAppActor pid=1049440)[0m 
[36m(ClientAppActor pid=1049440)[0m         
[36m(ClientAppActor pid=1049441)[0m 
[36m(ClientAppActor pid=1049441)[0m         
[36m(ClientAppActor pid=1049443)[0m 
[36m(ClientAppActor pid=1049443)[0m         
[92mINFO [0m:      aggregate_fit: received 5 results and 0 failures
[92mINFO [0m:      fit progress: (6, 0.6353071390151978, {'accuracy': 0.7914, 'loss': 0.6353071390151978}, 94.1968204480363)
[92mINFO [0m:      configure_evaluate: strategy sampled 5 clients (out of 5)
[36m(ClientAppActor pid=1049440)[0m 
[36m(ClientAppActor pid=1049440)[0m         
[36m(ClientAppActor pid=1049440)[0m [93mWARNING [0m:   DEPRECATED FEATURE: `client_fn` now expects a signature `def client_fn(context: Context)`.The provided `client_fn` has signature: {'cid': <Parameter "cid: str">}. You can import the `Context` like this: `from flwr.app import Context`[32m [repeated 10x across cluster][0m
[36m(ClientAppActor pid=1049440)[0m             This is a deprecated feature. It will be removed[32m [repeated 10x across cluster][0m
[36m(ClientAppActor pid=1049440)[0m             entirely in future versions of Flower.[32m [repeated 10x across cluster][0m
[36m(ClientAppActor pid=1049443)[0m 
[36m(ClientAppActor pid=1049443)[0m         
[36m(ClientAppActor pid=1049444)[0m 
[36m(ClientAppActor pid=1049444)[0m         
[36m(ClientAppActor pid=1049441)[0m 
[36m(ClientAppActor pid=1049441)[0m         
[36m(ClientAppActor pid=1049442)[0m 
[36m(ClientAppActor pid=1049442)[0m         
[92mINFO [0m:      aggregate_evaluate: received 5 results and 0 failures
[92mINFO [0m:      
[92mINFO [0m:      [ROUND 7]
[92mINFO [0m:      configure_fit: strategy sampled 5 clients (out of 5)
[36m(ClientAppActor pid=1049442)[0m 
[36m(ClientAppActor pid=1049442)[0m         
[36m(ClientAppActor pid=1049441)[0m 
[36m(ClientAppActor pid=1049441)[0m         
[36m(ClientAppActor pid=1049444)[0m 
[36m(ClientAppActor pid=1049444)[0m         
[36m(ClientAppActor pid=1049443)[0m 
[36m(ClientAppActor pid=1049443)[0m         
[36m(ClientAppActor pid=1049440)[0m 
[36m(ClientAppActor pid=1049440)[0m         
[92mINFO [0m:      aggregate_fit: received 5 results and 0 failures
[92mINFO [0m:      fit progress: (7, 0.5817565940380096, {'accuracy': 0.8048, 'loss': 0.5817565940380096}, 109.29939942300553)
[92mINFO [0m:      configure_evaluate: strategy sampled 5 clients (out of 5)
[36m(ClientAppActor pid=1049442)[0m 
[36m(ClientAppActor pid=1049442)[0m         
[36m(ClientAppActor pid=1049442)[0m [93mWARNING [0m:   DEPRECATED FEATURE: `client_fn` now expects a signature `def client_fn(context: Context)`.The provided `client_fn` has signature: {'cid': <Parameter "cid: str">}. You can import the `Context` like this: `from flwr.app import Context`[32m [repeated 10x across cluster][0m
[36m(ClientAppActor pid=1049442)[0m             This is a deprecated feature. It will be removed[32m [repeated 10x across cluster][0m
[36m(ClientAppActor pid=1049442)[0m             entirely in future versions of Flower.[32m [repeated 10x across cluster][0m
[36m(ClientAppActor pid=1049441)[0m 
[36m(ClientAppActor pid=1049441)[0m         
[36m(ClientAppActor pid=1049440)[0m 
[36m(ClientAppActor pid=1049440)[0m         
[36m(ClientAppActor pid=1049444)[0m 
[36m(ClientAppActor pid=1049444)[0m         
[36m(ClientAppActor pid=1049443)[0m 
[36m(ClientAppActor pid=1049443)[0m         
[92mINFO [0m:      aggregate_evaluate: received 5 results and 0 failures
[92mINFO [0m:      
[92mINFO [0m:      [ROUND 8]
[92mINFO [0m:      configure_fit: strategy sampled 5 clients (out of 5)
[36m(ClientAppActor pid=1049443)[0m 
[36m(ClientAppActor pid=1049443)[0m         
[36m(ClientAppActor pid=1049444)[0m 
[36m(ClientAppActor pid=1049444)[0m         
[36m(ClientAppActor pid=1049441)[0m 
[36m(ClientAppActor pid=1049441)[0m         
[36m(ClientAppActor pid=1049440)[0m 
[36m(ClientAppActor pid=1049440)[0m         
[36m(ClientAppActor pid=1049442)[0m 
[36m(ClientAppActor pid=1049442)[0m         
[92mINFO [0m:      aggregate_fit: received 5 results and 0 failures
[92mINFO [0m:      fit progress: (8, 0.5986413203001022, {'accuracy': 0.8074, 'loss': 0.5986413203001022}, 124.6176948180073)
[92mINFO [0m:      configure_evaluate: strategy sampled 5 clients (out of 5)
[36m(ClientAppActor pid=1049440)[0m 
[36m(ClientAppActor pid=1049440)[0m         
[36m(ClientAppActor pid=1049440)[0m [93mWARNING [0m:   DEPRECATED FEATURE: `client_fn` now expects a signature `def client_fn(context: Context)`.The provided `client_fn` has signature: {'cid': <Parameter "cid: str">}. You can import the `Context` like this: `from flwr.app import Context`[32m [repeated 10x across cluster][0m
[36m(ClientAppActor pid=1049440)[0m             This is a deprecated feature. It will be removed[32m [repeated 10x across cluster][0m
[36m(ClientAppActor pid=1049440)[0m             entirely in future versions of Flower.[32m [repeated 10x across cluster][0m
[36m(ClientAppActor pid=1049442)[0m 
[36m(ClientAppActor pid=1049442)[0m         
[36m(ClientAppActor pid=1049443)[0m 
[36m(ClientAppActor pid=1049443)[0m         
[36m(ClientAppActor pid=1049441)[0m 
[36m(ClientAppActor pid=1049441)[0m         
[36m(ClientAppActor pid=1049444)[0m 
[36m(ClientAppActor pid=1049444)[0m         
[92mINFO [0m:      aggregate_evaluate: received 5 results and 0 failures
[92mINFO [0m:      
[92mINFO [0m:      [ROUND 9]
[92mINFO [0m:      configure_fit: strategy sampled 5 clients (out of 5)
[36m(ClientAppActor pid=1049444)[0m 
[36m(ClientAppActor pid=1049444)[0m         
[36m(ClientAppActor pid=1049441)[0m 
[36m(ClientAppActor pid=1049441)[0m         
[36m(ClientAppActor pid=1049443)[0m 
[36m(ClientAppActor pid=1049443)[0m         
[36m(ClientAppActor pid=1049442)[0m 
[36m(ClientAppActor pid=1049442)[0m         
[36m(ClientAppActor pid=1049440)[0m 
[36m(ClientAppActor pid=1049440)[0m         
[92mINFO [0m:      aggregate_fit: received 5 results and 0 failures
[92mINFO [0m:      fit progress: (9, 0.5802902864217758, {'accuracy': 0.8137, 'loss': 0.5802902864217758}, 140.66872629802674)
[92mINFO [0m:      configure_evaluate: strategy sampled 5 clients (out of 5)
[36m(ClientAppActor pid=1049440)[0m 
[36m(ClientAppActor pid=1049440)[0m         
[36m(ClientAppActor pid=1049440)[0m [93mWARNING [0m:   DEPRECATED FEATURE: `client_fn` now expects a signature `def client_fn(context: Context)`.The provided `client_fn` has signature: {'cid': <Parameter "cid: str">}. You can import the `Context` like this: `from flwr.app import Context`[32m [repeated 10x across cluster][0m
[36m(ClientAppActor pid=1049440)[0m             This is a deprecated feature. It will be removed[32m [repeated 10x across cluster][0m
[36m(ClientAppActor pid=1049440)[0m             entirely in future versions of Flower.[32m [repeated 10x across cluster][0m
[36m(ClientAppActor pid=1049444)[0m 
[36m(ClientAppActor pid=1049444)[0m         
[36m(ClientAppActor pid=1049441)[0m 
[36m(ClientAppActor pid=1049441)[0m         
[36m(ClientAppActor pid=1049442)[0m 
[36m(ClientAppActor pid=1049442)[0m         
[36m(ClientAppActor pid=1049443)[0m 
[36m(ClientAppActor pid=1049443)[0m         
[92mINFO [0m:      aggregate_evaluate: received 5 results and 0 failures
[92mINFO [0m:      
[92mINFO [0m:      [ROUND 10]
[92mINFO [0m:      configure_fit: strategy sampled 5 clients (out of 5)
[36m(ClientAppActor pid=1049443)[0m 
[36m(ClientAppActor pid=1049443)[0m         
[36m(ClientAppActor pid=1049442)[0m 
[36m(ClientAppActor pid=1049442)[0m         
[36m(ClientAppActor pid=1049444)[0m 
[36m(ClientAppActor pid=1049444)[0m         
[36m(ClientAppActor pid=1049441)[0m 
[36m(ClientAppActor pid=1049441)[0m         
[36m(ClientAppActor pid=1049440)[0m 
[36m(ClientAppActor pid=1049440)[0m         
[92mINFO [0m:      aggregate_fit: received 5 results and 0 failures
[92mINFO [0m:      fit progress: (10, 0.566499294924736, {'accuracy': 0.8207, 'loss': 0.566499294924736}, 156.11356091999914)
[92mINFO [0m:      configure_evaluate: strategy sampled 5 clients (out of 5)
[36m(ClientAppActor pid=1049444)[0m 
[36m(ClientAppActor pid=1049444)[0m         
[36m(ClientAppActor pid=1049444)[0m [93mWARNING [0m:   DEPRECATED FEATURE: `client_fn` now expects a signature `def client_fn(context: Context)`.The provided `client_fn` has signature: {'cid': <Parameter "cid: str">}. You can import the `Context` like this: `from flwr.app import Context`[32m [repeated 10x across cluster][0m
[36m(ClientAppActor pid=1049444)[0m             This is a deprecated feature. It will be removed[32m [repeated 10x across cluster][0m
[36m(ClientAppActor pid=1049444)[0m             entirely in future versions of Flower.[32m [repeated 10x across cluster][0m
[36m(ClientAppActor pid=1049440)[0m 
[36m(ClientAppActor pid=1049440)[0m         
[36m(ClientAppActor pid=1049442)[0m 
[36m(ClientAppActor pid=1049442)[0m         
[36m(ClientAppActor pid=1049443)[0m 
[36m(ClientAppActor pid=1049443)[0m         
[36m(ClientAppActor pid=1049441)[0m 
[36m(ClientAppActor pid=1049441)[0m         
[92mINFO [0m:      aggregate_evaluate: received 5 results and 0 failures
[92mINFO [0m:      
[92mINFO [0m:      [SUMMARY]
[92mINFO [0m:      Run finished 10 round(s) in 156.95s
[92mINFO [0m:      	History (loss, distributed):
[92mINFO [0m:      		round 1: 2.1484691821465067
[92mINFO [0m:      		round 2: 1.1518154187219627
[92mINFO [0m:      		round 3: 0.8343527531828963
[92mINFO [0m:      		round 4: 0.6966324935988838
[92mINFO [0m:      		round 5: 0.6415111905291062
[92mINFO [0m:      		round 6: 0.6069757298213475
[92mINFO [0m:      		round 7: 0.5575551779366055
[92mINFO [0m:      		round 8: 0.5618967499767317
[92mINFO [0m:      		round 9: 0.5500477167511998
[92mINFO [0m:      		round 10: 0.5419700888453984
[92mINFO [0m:      	History (loss, centralized):
[92mINFO [0m:      		round 0: 2.3029666339874266
[92mINFO [0m:      		round 1: 2.149140391540527
[92mINFO [0m:      		round 2: 1.160537520980835
[92mINFO [0m:      		round 3: 0.8509802418708802
[92mINFO [0m:      		round 4: 0.7155769545555115
[92mINFO [0m:      		round 5: 0.665730453491211
[92mINFO [0m:      		round 6: 0.6353071390151978
[92mINFO [0m:      		round 7: 0.5817565940380096
[92mINFO [0m:      		round 8: 0.5986413203001022
[92mINFO [0m:      		round 9: 0.5802902864217758
[92mINFO [0m:      		round 10: 0.566499294924736
[92mINFO [0m:      	History (metrics, distributed, fit):
[92mINFO [0m:      	{'avg_epochs_weighted': [(1, 4.0),
[92mINFO [0m:      	                         (2, 4.0),
[92mINFO [0m:      	                         (3, 4.0),
[92mINFO [0m:      	                         (4, 4.0),
[92mINFO [0m:      	                         (5, 4.0),
[92mINFO [0m:      	                         (6, 4.0),
[92mINFO [0m:      	                         (7, 4.0),
[92mINFO [0m:      	                         (8, 4.0),
[92mINFO [0m:      	                         (9, 4.0),
[92mINFO [0m:      	                         (10, 4.0)],
[92mINFO [0m:      	 'avg_flops_per_client_round': [(1, 6512499351552.0),
[92mINFO [0m:      	                                (2, 6512499351552.0),
[92mINFO [0m:      	                                (3, 6512499351552.0),
[92mINFO [0m:      	                                (4, 6512499351552.0),
[92mINFO [0m:      	                                (5, 6512499351552.0),
[92mINFO [0m:      	                                (6, 6512499351552.0),
[92mINFO [0m:      	                                (7, 6512499351552.0),
[92mINFO [0m:      	                                (8, 6512499351552.0),
[92mINFO [0m:      	                                (9, 6512499351552.0),
[92mINFO [0m:      	                                (10, 6512499351552.0)],
[92mINFO [0m:      	 'avg_lr_weighted': [(1, 0.0074648692293209995),
[92mINFO [0m:      	                     (2, 0.0074648692293209995),
[92mINFO [0m:      	                     (3, 0.0074648692293209995),
[92mINFO [0m:      	                     (4, 0.0074648692293209995),
[92mINFO [0m:      	                     (5, 0.0074648692293209995),
[92mINFO [0m:      	                     (6, 0.0074648692293209995),
[92mINFO [0m:      	                     (7, 0.0074648692293209995),
[92mINFO [0m:      	                     (8, 0.0074648692293209995),
[92mINFO [0m:      	                     (9, 0.0074648692293209995),
[92mINFO [0m:      	                     (10, 0.0074648692293209995)],
[92mINFO [0m:      	 'total_flops_round': [(1, 32562496757760),
[92mINFO [0m:      	                       (2, 32562496757760),
[92mINFO [0m:      	                       (3, 32562496757760),
[92mINFO [0m:      	                       (4, 32562496757760),
[92mINFO [0m:      	                       (5, 32562496757760),
[92mINFO [0m:      	                       (6, 32562496757760),
[92mINFO [0m:      	                       (7, 32562496757760),
[92mINFO [0m:      	                       (8, 32562496757760),
[92mINFO [0m:      	                       (9, 32562496757760),
[92mINFO [0m:      	                       (10, 32562496757760)]}
[92mINFO [0m:      	History (metrics, distributed, evaluate):
[92mINFO [0m:      	{'accuracy': [(1, 0.2224889955982393),
[92mINFO [0m:      	              (2, 0.6640656262505003),
[92mINFO [0m:      	              (3, 0.7218887555022009),
[92mINFO [0m:      	              (4, 0.7599039615846338),
[92mINFO [0m:      	              (5, 0.782312925170068),
[92mINFO [0m:      	              (6, 0.7947178871548619),
[92mINFO [0m:      	              (7, 0.8133253301320528),
[92mINFO [0m:      	              (8, 0.8149259703881553),
[92mINFO [0m:      	              (9, 0.8185274109643857),
[92mINFO [0m:      	              (10, 0.8277310924369747)],
[92mINFO [0m:      	 'loss': [(1, 2.1484691821465067),
[92mINFO [0m:      	          (2, 1.1518154187219627),
[92mINFO [0m:      	          (3, 0.8343527531828963),
[92mINFO [0m:      	          (4, 0.6966324935988838),
[92mINFO [0m:      	          (5, 0.6415111905291062),
[92mINFO [0m:      	          (6, 0.6069757298213475),
[92mINFO [0m:      	          (7, 0.5575551779366055),
[92mINFO [0m:      	          (8, 0.5618967499767317),
[92mINFO [0m:      	          (9, 0.5500477167511998),
[92mINFO [0m:      	          (10, 0.5419700888453984)]}
[92mINFO [0m:      	History (metrics, centralized):
[92mINFO [0m:      	{'accuracy': [(0, 0.097),
[92mINFO [0m:      	              (1, 0.2203),
[92mINFO [0m:      	              (2, 0.6594),
[92mINFO [0m:      	              (3, 0.717),
[92mINFO [0m:      	              (4, 0.7568),
[92mINFO [0m:      	              (5, 0.776),
[92mINFO [0m:      	              (6, 0.7914),
[92mINFO [0m:      	              (7, 0.8048),
[92mINFO [0m:      	              (8, 0.8074),
[92mINFO [0m:      	              (9, 0.8137),
[92mINFO [0m:      	              (10, 0.8207)],
[92mINFO [0m:      	 'loss': [(0, 2.3029666339874266),
[92mINFO [0m:      	          (1, 2.149140391540527),
[92mINFO [0m:      	          (2, 1.160537520980835),
[92mINFO [0m:      	          (3, 0.8509802418708802),
[92mINFO [0m:      	          (4, 0.7155769545555115),
[92mINFO [0m:      	          (5, 0.665730453491211),
[92mINFO [0m:      	          (6, 0.6353071390151978),
[92mINFO [0m:      	          (7, 0.5817565940380096),
[92mINFO [0m:      	          (8, 0.5986413203001022),
[92mINFO [0m:      	          (9, 0.5802902864217758),
[92mINFO [0m:      	          (10, 0.566499294924736)]}
[92mINFO [0m:      
Treinando no dispositivo: cuda:0 com o dataset: CIFAR10 | Setup clientes: 5 (num_gpus por cliente=0.2) | SEED=51
FLOPS por amostra (forward): 6.030e+07 | (forward+backward, 3x): 1.809e+08
Files already downloaded and verified
Files already downloaded and verified
Dividindo o dataset usando a distribuição de Dirichlet com alpha=1.0.
Iniciando a simulação de Aprendizado Federado...
=== Diagnóstico de Medição de GPU ===
  pynvml_disponivel: True
  pynvml_versao: 580.173.02
  gpus_detectadas: 1
  leitura_potencia_ok: True
  potencia_atual_W: 58.516

--- Rodada 0 - Avaliação Centralizada (Servidor) ---
Loss (Servidor): 2.3030 | Acurácia (Servidor): 0.0970
[36m(ClientAppActor pid=1049443)[0m Cliente 3: HetRaw=0.6665 | HetNorm=0.2222 | Epochs=4 (dyn=True) | LR=0.007500 (dyn=True) | FedProx=True (mu=0.01)

--- Rodada 1 - Avaliação Centralizada (Servidor) ---
Loss (Servidor): 2.1491 | Acurácia (Servidor): 0.2203
--- Avaliação Agregada (Clientes) ---
Loss Média (Clientes): 2.1485 | Acurácia Média (Clientes): 0.2225
[36m(ClientAppActor pid=1049443)[0m Cliente 3: HetRaw=0.6665 | HetNorm=0.2222 | Epochs=4 (dyn=True) | LR=0.007500 (dyn=True) | FedProx=True (mu=0.01)[32m [repeated 5x across cluster][0m

--- Rodada 2 - Avaliação Centralizada (Servidor) ---
Loss (Servidor): 1.1605 | Acurácia (Servidor): 0.6594
--- Avaliação Agregada (Clientes) ---
Loss Média (Clientes): 1.1518 | Acurácia Média (Clientes): 0.6641
[36m(ClientAppActor pid=1049442)[0m Cliente 3: HetRaw=0.6665 | HetNorm=0.2222 | Epochs=4 (dyn=True) | LR=0.007500 (dyn=True) | FedProx=True (mu=0.01)[32m [repeated 5x across cluster][0m

--- Rodada 3 - Avaliação Centralizada (Servidor) ---
Loss (Servidor): 0.8510 | Acurácia (Servidor): 0.7170
--- Avaliação Agregada (Clientes) ---
Loss Média (Clientes): 0.8344 | Acurácia Média (Clientes): 0.7219
[36m(ClientAppActor pid=1049444)[0m Cliente 4: HetRaw=0.7444 | HetNorm=0.2481 | Epochs=4 (dyn=True) | LR=0.007288 (dyn=True) | FedProx=True (mu=0.01)[32m [repeated 5x across cluster][0m

--- Rodada 4 - Avaliação Centralizada (Servidor) ---
Loss (Servidor): 0.7156 | Acurácia (Servidor): 0.7568
--- Avaliação Agregada (Clientes) ---
Loss Média (Clientes): 0.6966 | Acurácia Média (Clientes): 0.7599
[36m(ClientAppActor pid=1049444)[0m Cliente 1: HetRaw=0.7408 | HetNorm=0.2469 | Epochs=4 (dyn=True) | LR=0.007297 (dyn=True) | FedProx=True (mu=0.01)[32m [repeated 5x across cluster][0m

--- Rodada 5 - Avaliação Centralizada (Servidor) ---
Loss (Servidor): 0.6657 | Acurácia (Servidor): 0.7760
--- Avaliação Agregada (Clientes) ---
Loss Média (Clientes): 0.6415 | Acurácia Média (Clientes): 0.7823
[36m(ClientAppActor pid=1049442)[0m Cliente 4: HetRaw=0.7444 | HetNorm=0.2481 | Epochs=4 (dyn=True) | LR=0.007288 (dyn=True) | FedProx=True (mu=0.01)[32m [repeated 5x across cluster][0m

--- Rodada 6 - Avaliação Centralizada (Servidor) ---
Loss (Servidor): 0.6353 | Acurácia (Servidor): 0.7914
--- Avaliação Agregada (Clientes) ---
Loss Média (Clientes): 0.6070 | Acurácia Média (Clientes): 0.7947
[36m(ClientAppActor pid=1049442)[0m Cliente 0: HetRaw=0.7123 | HetNorm=0.2374 | Epochs=4 (dyn=True) | LR=0.007374 (dyn=True) | FedProx=True (mu=0.01)[32m [repeated 5x across cluster][0m

--- Rodada 7 - Avaliação Centralizada (Servidor) ---
Loss (Servidor): 0.5818 | Acurácia (Servidor): 0.8048
--- Avaliação Agregada (Clientes) ---
Loss Média (Clientes): 0.5576 | Acurácia Média (Clientes): 0.8133
[36m(ClientAppActor pid=1049443)[0m Cliente 3: HetRaw=0.6665 | HetNorm=0.2222 | Epochs=4 (dyn=True) | LR=0.007500 (dyn=True) | FedProx=True (mu=0.01)[32m [repeated 5x across cluster][0m

--- Rodada 8 - Avaliação Centralizada (Servidor) ---
Loss (Servidor): 0.5986 | Acurácia (Servidor): 0.8074
--- Avaliação Agregada (Clientes) ---
Loss Média (Clientes): 0.5619 | Acurácia Média (Clientes): 0.8149
[36m(ClientAppActor pid=1049444)[0m Cliente 2: HetRaw=0.5844 | HetNorm=0.1948 | Epochs=4 (dyn=True) | LR=0.007739 (dyn=True) | FedProx=True (mu=0.01)[32m [repeated 5x across cluster][0m

--- Rodada 9 - Avaliação Centralizada (Servidor) ---
Loss (Servidor): 0.5803 | Acurácia (Servidor): 0.8137
--- Avaliação Agregada (Clientes) ---
Loss Média (Clientes): 0.5500 | Acurácia Média (Clientes): 0.8185
[36m(ClientAppActor pid=1049443)[0m Cliente 1: HetRaw=0.7408 | HetNorm=0.2469 | Epochs=4 (dyn=True) | LR=0.007297 (dyn=True) | FedProx=True (mu=0.01)[32m [repeated 5x across cluster][0m

--- Rodada 10 - Avaliação Centralizada (Servidor) ---
Loss (Servidor): 0.5665 | Acurácia (Servidor): 0.8207
--- Avaliação Agregada (Clientes) ---
Loss Média (Clientes): 0.5420 | Acurácia Média (Clientes): 0.8277

Resultados salvos em: /home/tiago/GitHubProjects/fedhad-thesis-2/FedHAD-results/1.1_diagnostico_drift/CIFAR10-Standard/FedHAD__CIFAR10__Mode-STANDARD__Cfg-E1L1F1__Setup-5__Clients-5__Rounds-10__Delay-0_05__Alpha-1_0__Seed-51.txt
[36m(ClientAppActor pid=1049441)[0m [93mWARNING [0m:   DEPRECATED FEATURE: `client_fn` now expects a signature `def client_fn(context: Context)`.The provided `client_fn` has signature: {'cid': <Parameter "cid: str">}. You can import the `Context` like this: `from flwr.app import Context`[32m [repeated 4x across cluster][0m
[36m(ClientAppActor pid=1049441)[0m             This is a deprecated feature. It will be removed[32m [repeated 4x across cluster][0m
[36m(ClientAppActor pid=1049441)[0m             entirely in future versions of Flower.[32m [repeated 4x across cluster][0m
[36m(ClientAppActor pid=1049440)[0m Cliente 2: HetRaw=0.5844 | HetNorm=0.1948 | Epochs=4 (dyn=True) | LR=0.007739 (dyn=True) | FedProx=True (mu=0.01)[32m [repeated 4x across cluster][0m
