[codecarbon WARNING @ 17:29:16] Multiple instances of codecarbon are allowed to run at the same time.
[93mWARNING [0m:   DEPRECATED FEATURE: flwr.simulation.start_simulation() is deprecated.
	Instead, use the `flwr run` CLI command to start a local simulation in your Flower app, as shown for example below:

		$ flwr new  # Create a new Flower app from a template

		$ flwr run  # Run the Flower app in Simulation Mode

	Using `start_simulation()` is deprecated.

            This is a deprecated feature. It will be removed
            entirely in future versions of Flower.
        
[92mINFO [0m:      Starting Flower simulation, config: num_rounds=10, no round_timeout
2026-09-04 17:29:24,380	INFO worker.py:2012 -- Started a local Ray instance.
/home/tiago/GitHubProjects/fedhad-thesis-2/env_flwr_pt/lib/python3.12/site-packages/ray/_private/worker.py:2051: FutureWarning: Tip: In future versions of Ray, Ray will no longer override accelerator visible devices env var if num_gpus=0 or num_gpus=None (default). To enable this behavior and turn off this error message, set RAY_ACCEL_ENV_VAR_OVERRIDE_ON_ZERO=0
  warnings.warn(
[92mINFO [0m:      Flower VCE: Ray initialized with resources: {'node:10.129.64.100': 1.0, 'CPU': 64.0, 'node:__internal_head__': 1.0, 'memory': 180866175796.0, 'accelerator_type:A40': 1.0, 'GPU': 1.0, 'object_store_memory': 77514075340.0}
[92mINFO [0m:      Optimize your simulation with Flower VCE: https://flower.ai/docs/framework/how-to-run-simulations.html
/home/tiago/GitHubProjects/fedhad-thesis-2/FedHAD_Final_2.0.py:1916: UserWarning: No `num_cpus` specified in `client_resources`. Using `num_cpus=1` for each client.
  history = fl.simulation.start_simulation(
[92mINFO [0m:      Flower VCE: Resources for each Virtual Client: {'num_gpus': 0.2, 'num_cpus': 1}
[92mINFO [0m:      Flower VCE: Creating VirtualClientEngineActorPool with 5 actors
[92mINFO [0m:      [INIT]
[92mINFO [0m:      Requesting initial parameters from one random client
[36m(ClientAppActor pid=1152753)[0m [93mWARNING [0m:   DEPRECATED FEATURE: `client_fn` now expects a signature `def client_fn(context: Context)`.The provided `client_fn` has signature: {'cid': <Parameter "cid: str">}. You can import the `Context` like this: `from flwr.app import Context`
[36m(ClientAppActor pid=1152753)[0m 
[36m(ClientAppActor pid=1152753)[0m             This is a deprecated feature. It will be removed
[36m(ClientAppActor pid=1152753)[0m             entirely in future versions of Flower.
[36m(ClientAppActor pid=1152753)[0m         
[92mINFO [0m:      Received initial parameters from one random client
[92mINFO [0m:      Starting evaluation of initial global parameters
[92mINFO [0m:      initial parameters (loss, other metrics): 2.302738893890381, {'accuracy': 0.1, 'loss': 2.302738893890381}
[92mINFO [0m:      
[92mINFO [0m:      [ROUND 1]
[92mINFO [0m:      configure_fit: strategy sampled 5 clients (out of 5)
[36m(ClientAppActor pid=1152753)[0m [93mWARNING [0m:   DEPRECATED FEATURE: `client_fn` now expects a signature `def client_fn(context: Context)`.The provided `client_fn` has signature: {'cid': <Parameter "cid: str">}. You can import the `Context` like this: `from flwr.app import Context`
[36m(ClientAppActor pid=1152753)[0m 
[36m(ClientAppActor pid=1152753)[0m             This is a deprecated feature. It will be removed
[36m(ClientAppActor pid=1152753)[0m             entirely in future versions of Flower.
[36m(ClientAppActor pid=1152753)[0m         
[36m(ClientAppActor pid=1152751)[0m 
[36m(ClientAppActor pid=1152751)[0m         
[36m(ClientAppActor pid=1152752)[0m 
[36m(ClientAppActor pid=1152752)[0m         
[36m(ClientAppActor pid=1152750)[0m 
[36m(ClientAppActor pid=1152750)[0m         
[36m(ClientAppActor pid=1152749)[0m 
[36m(ClientAppActor pid=1152749)[0m         
[92mINFO [0m:      aggregate_fit: received 5 results and 0 failures
[92mINFO [0m:      fit progress: (1, 2.262298104095459, {'accuracy': 0.1078, 'loss': 2.262298104095459}, 18.23538033704972)
[92mINFO [0m:      configure_evaluate: strategy sampled 5 clients (out of 5)
[36m(ClientAppActor pid=1152751)[0m 
[36m(ClientAppActor pid=1152751)[0m         
[36m(ClientAppActor pid=1152751)[0m [93mWARNING [0m:   DEPRECATED FEATURE: `client_fn` now expects a signature `def client_fn(context: Context)`.The provided `client_fn` has signature: {'cid': <Parameter "cid: str">}. You can import the `Context` like this: `from flwr.app import Context`[32m [repeated 5x across cluster] (Ray deduplicates logs by default. Set RAY_DEDUP_LOGS=0 to disable log deduplication, or see https://docs.ray.io/en/master/ray-observability/user-guides/configure-logging.html#log-deduplication for more options.)[0m
[36m(ClientAppActor pid=1152751)[0m             This is a deprecated feature. It will be removed[32m [repeated 5x across cluster][0m
[36m(ClientAppActor pid=1152751)[0m             entirely in future versions of Flower.[32m [repeated 5x across cluster][0m
[36m(ClientAppActor pid=1152752)[0m 
[36m(ClientAppActor pid=1152752)[0m         
[36m(ClientAppActor pid=1152750)[0m 
[36m(ClientAppActor pid=1152750)[0m         
[36m(ClientAppActor pid=1152749)[0m 
[36m(ClientAppActor pid=1152749)[0m         
[36m(ClientAppActor pid=1152753)[0m 
[36m(ClientAppActor pid=1152753)[0m         
[92mINFO [0m:      aggregate_evaluate: received 5 results and 0 failures
[92mINFO [0m:      
[92mINFO [0m:      [ROUND 2]
[92mINFO [0m:      configure_fit: strategy sampled 5 clients (out of 5)
[36m(ClientAppActor pid=1152753)[0m 
[36m(ClientAppActor pid=1152753)[0m         
[36m(ClientAppActor pid=1152752)[0m 
[36m(ClientAppActor pid=1152752)[0m         
[36m(ClientAppActor pid=1152749)[0m 
[36m(ClientAppActor pid=1152749)[0m         
[36m(ClientAppActor pid=1152750)[0m 
[36m(ClientAppActor pid=1152750)[0m         
[36m(ClientAppActor pid=1152751)[0m 
[36m(ClientAppActor pid=1152751)[0m         
[92mINFO [0m:      aggregate_fit: received 5 results and 0 failures
[92mINFO [0m:      fit progress: (2, 1.953722466278076, {'accuracy': 0.3732, 'loss': 1.953722466278076}, 34.391292137035634)
[92mINFO [0m:      configure_evaluate: strategy sampled 5 clients (out of 5)
[36m(ClientAppActor pid=1152752)[0m 
[36m(ClientAppActor pid=1152752)[0m         
[36m(ClientAppActor pid=1152752)[0m [93mWARNING [0m:   DEPRECATED FEATURE: `client_fn` now expects a signature `def client_fn(context: Context)`.The provided `client_fn` has signature: {'cid': <Parameter "cid: str">}. You can import the `Context` like this: `from flwr.app import Context`[32m [repeated 10x across cluster][0m
[36m(ClientAppActor pid=1152752)[0m             This is a deprecated feature. It will be removed[32m [repeated 10x across cluster][0m
[36m(ClientAppActor pid=1152752)[0m             entirely in future versions of Flower.[32m [repeated 10x across cluster][0m
[36m(ClientAppActor pid=1152751)[0m 
[36m(ClientAppActor pid=1152751)[0m         
[36m(ClientAppActor pid=1152750)[0m 
[36m(ClientAppActor pid=1152750)[0m         
[36m(ClientAppActor pid=1152753)[0m 
[36m(ClientAppActor pid=1152753)[0m         
[36m(ClientAppActor pid=1152749)[0m 
[36m(ClientAppActor pid=1152749)[0m         
[92mINFO [0m:      aggregate_evaluate: received 5 results and 0 failures
[92mINFO [0m:      
[92mINFO [0m:      [ROUND 3]
[92mINFO [0m:      configure_fit: strategy sampled 5 clients (out of 5)
[36m(ClientAppActor pid=1152749)[0m 
[36m(ClientAppActor pid=1152749)[0m         
[36m(ClientAppActor pid=1152753)[0m 
[36m(ClientAppActor pid=1152753)[0m         
[36m(ClientAppActor pid=1152750)[0m 
[36m(ClientAppActor pid=1152750)[0m         
[36m(ClientAppActor pid=1152751)[0m 
[36m(ClientAppActor pid=1152751)[0m         
[36m(ClientAppActor pid=1152752)[0m 
[36m(ClientAppActor pid=1152752)[0m         
[92mINFO [0m:      aggregate_fit: received 5 results and 0 failures
[92mINFO [0m:      fit progress: (3, 1.6863119848251342, {'accuracy': 0.4509, 'loss': 1.6863119848251342}, 51.059364229033235)
[92mINFO [0m:      configure_evaluate: strategy sampled 5 clients (out of 5)
[36m(ClientAppActor pid=1152751)[0m 
[36m(ClientAppActor pid=1152751)[0m         
[36m(ClientAppActor pid=1152751)[0m [93mWARNING [0m:   DEPRECATED FEATURE: `client_fn` now expects a signature `def client_fn(context: Context)`.The provided `client_fn` has signature: {'cid': <Parameter "cid: str">}. You can import the `Context` like this: `from flwr.app import Context`[32m [repeated 10x across cluster][0m
[36m(ClientAppActor pid=1152751)[0m             This is a deprecated feature. It will be removed[32m [repeated 10x across cluster][0m
[36m(ClientAppActor pid=1152751)[0m             entirely in future versions of Flower.[32m [repeated 10x across cluster][0m
[36m(ClientAppActor pid=1152750)[0m 
[36m(ClientAppActor pid=1152750)[0m         
[36m(ClientAppActor pid=1152752)[0m 
[36m(ClientAppActor pid=1152752)[0m         
[36m(ClientAppActor pid=1152749)[0m 
[36m(ClientAppActor pid=1152749)[0m         
[36m(ClientAppActor pid=1152753)[0m 
[36m(ClientAppActor pid=1152753)[0m         
[92mINFO [0m:      aggregate_evaluate: received 5 results and 0 failures
[92mINFO [0m:      
[92mINFO [0m:      [ROUND 4]
[92mINFO [0m:      configure_fit: strategy sampled 5 clients (out of 5)
[36m(ClientAppActor pid=1152753)[0m 
[36m(ClientAppActor pid=1152753)[0m         
[36m(ClientAppActor pid=1152749)[0m 
[36m(ClientAppActor pid=1152749)[0m         
[36m(ClientAppActor pid=1152752)[0m 
[36m(ClientAppActor pid=1152752)[0m         
[36m(ClientAppActor pid=1152751)[0m 
[36m(ClientAppActor pid=1152751)[0m         
[36m(ClientAppActor pid=1152750)[0m 
[36m(ClientAppActor pid=1152750)[0m         
[92mINFO [0m:      aggregate_fit: received 5 results and 0 failures
[92mINFO [0m:      fit progress: (4, 1.5507393100738525, {'accuracy': 0.4744, 'loss': 1.5507393100738525}, 67.77766808902379)
[92mINFO [0m:      configure_evaluate: strategy sampled 5 clients (out of 5)
[36m(ClientAppActor pid=1152751)[0m 
[36m(ClientAppActor pid=1152751)[0m         
[36m(ClientAppActor pid=1152751)[0m [93mWARNING [0m:   DEPRECATED FEATURE: `client_fn` now expects a signature `def client_fn(context: Context)`.The provided `client_fn` has signature: {'cid': <Parameter "cid: str">}. You can import the `Context` like this: `from flwr.app import Context`[32m [repeated 10x across cluster][0m
[36m(ClientAppActor pid=1152751)[0m             This is a deprecated feature. It will be removed[32m [repeated 10x across cluster][0m
[36m(ClientAppActor pid=1152751)[0m             entirely in future versions of Flower.[32m [repeated 10x across cluster][0m
[36m(ClientAppActor pid=1152753)[0m 
[36m(ClientAppActor pid=1152753)[0m         
[36m(ClientAppActor pid=1152750)[0m 
[36m(ClientAppActor pid=1152750)[0m         
[36m(ClientAppActor pid=1152749)[0m 
[36m(ClientAppActor pid=1152749)[0m         
[36m(ClientAppActor pid=1152752)[0m 
[36m(ClientAppActor pid=1152752)[0m         
[92mINFO [0m:      aggregate_evaluate: received 5 results and 0 failures
[92mINFO [0m:      
[92mINFO [0m:      [ROUND 5]
[92mINFO [0m:      configure_fit: strategy sampled 5 clients (out of 5)
[36m(ClientAppActor pid=1152752)[0m 
[36m(ClientAppActor pid=1152752)[0m         
[36m(ClientAppActor pid=1152749)[0m 
[36m(ClientAppActor pid=1152749)[0m         
[36m(ClientAppActor pid=1152753)[0m 
[36m(ClientAppActor pid=1152753)[0m         
[36m(ClientAppActor pid=1152750)[0m 
[36m(ClientAppActor pid=1152750)[0m         
[36m(ClientAppActor pid=1152751)[0m 
[36m(ClientAppActor pid=1152751)[0m         
[92mINFO [0m:      aggregate_fit: received 5 results and 0 failures
[92mINFO [0m:      fit progress: (5, 1.4324846578598023, {'accuracy': 0.5196, 'loss': 1.4324846578598023}, 84.2879311600118)
[92mINFO [0m:      configure_evaluate: strategy sampled 5 clients (out of 5)
[36m(ClientAppActor pid=1152753)[0m 
[36m(ClientAppActor pid=1152753)[0m         
[36m(ClientAppActor pid=1152753)[0m [93mWARNING [0m:   DEPRECATED FEATURE: `client_fn` now expects a signature `def client_fn(context: Context)`.The provided `client_fn` has signature: {'cid': <Parameter "cid: str">}. You can import the `Context` like this: `from flwr.app import Context`[32m [repeated 10x across cluster][0m
[36m(ClientAppActor pid=1152753)[0m             This is a deprecated feature. It will be removed[32m [repeated 10x across cluster][0m
[36m(ClientAppActor pid=1152753)[0m             entirely in future versions of Flower.[32m [repeated 10x across cluster][0m
[36m(ClientAppActor pid=1152752)[0m 
[36m(ClientAppActor pid=1152752)[0m         
[36m(ClientAppActor pid=1152751)[0m 
[36m(ClientAppActor pid=1152751)[0m         
[36m(ClientAppActor pid=1152750)[0m 
[36m(ClientAppActor pid=1152750)[0m         
[36m(ClientAppActor pid=1152749)[0m 
[36m(ClientAppActor pid=1152749)[0m         
[92mINFO [0m:      aggregate_evaluate: received 5 results and 0 failures
[92mINFO [0m:      
[92mINFO [0m:      [ROUND 6]
[92mINFO [0m:      configure_fit: strategy sampled 5 clients (out of 5)
[36m(ClientAppActor pid=1152749)[0m 
[36m(ClientAppActor pid=1152749)[0m         
[36m(ClientAppActor pid=1152750)[0m 
[36m(ClientAppActor pid=1152750)[0m         
[36m(ClientAppActor pid=1152751)[0m 
[36m(ClientAppActor pid=1152751)[0m         
[36m(ClientAppActor pid=1152752)[0m 
[36m(ClientAppActor pid=1152752)[0m         
[36m(ClientAppActor pid=1152753)[0m 
[36m(ClientAppActor pid=1152753)[0m         
[92mINFO [0m:      aggregate_fit: received 5 results and 0 failures
[92mINFO [0m:      fit progress: (6, 1.3810803657531738, {'accuracy': 0.5417, 'loss': 1.3810803657531738}, 100.42730423103785)
[92mINFO [0m:      configure_evaluate: strategy sampled 5 clients (out of 5)
[36m(ClientAppActor pid=1152751)[0m 
[36m(ClientAppActor pid=1152751)[0m         
[36m(ClientAppActor pid=1152751)[0m [93mWARNING [0m:   DEPRECATED FEATURE: `client_fn` now expects a signature `def client_fn(context: Context)`.The provided `client_fn` has signature: {'cid': <Parameter "cid: str">}. You can import the `Context` like this: `from flwr.app import Context`[32m [repeated 10x across cluster][0m
[36m(ClientAppActor pid=1152751)[0m             This is a deprecated feature. It will be removed[32m [repeated 10x across cluster][0m
[36m(ClientAppActor pid=1152751)[0m             entirely in future versions of Flower.[32m [repeated 10x across cluster][0m
[36m(ClientAppActor pid=1152752)[0m 
[36m(ClientAppActor pid=1152752)[0m         
[36m(ClientAppActor pid=1152753)[0m 
[36m(ClientAppActor pid=1152753)[0m         
[36m(ClientAppActor pid=1152749)[0m 
[36m(ClientAppActor pid=1152749)[0m         
[36m(ClientAppActor pid=1152750)[0m 
[36m(ClientAppActor pid=1152750)[0m         
[92mINFO [0m:      aggregate_evaluate: received 5 results and 0 failures
[92mINFO [0m:      
[92mINFO [0m:      [ROUND 7]
[92mINFO [0m:      configure_fit: strategy sampled 5 clients (out of 5)
[36m(ClientAppActor pid=1152750)[0m 
[36m(ClientAppActor pid=1152750)[0m         
[36m(ClientAppActor pid=1152749)[0m 
[36m(ClientAppActor pid=1152749)[0m         
[36m(ClientAppActor pid=1152753)[0m 
[36m(ClientAppActor pid=1152753)[0m         
[36m(ClientAppActor pid=1152752)[0m 
[36m(ClientAppActor pid=1152752)[0m         
[36m(ClientAppActor pid=1152751)[0m 
[36m(ClientAppActor pid=1152751)[0m         
[92mINFO [0m:      aggregate_fit: received 5 results and 0 failures
[92mINFO [0m:      fit progress: (7, 1.2825694541931152, {'accuracy': 0.5741, 'loss': 1.2825694541931152}, 116.6485186740174)
[92mINFO [0m:      configure_evaluate: strategy sampled 5 clients (out of 5)
[36m(ClientAppActor pid=1152750)[0m 
[36m(ClientAppActor pid=1152750)[0m         
[36m(ClientAppActor pid=1152750)[0m [93mWARNING [0m:   DEPRECATED FEATURE: `client_fn` now expects a signature `def client_fn(context: Context)`.The provided `client_fn` has signature: {'cid': <Parameter "cid: str">}. You can import the `Context` like this: `from flwr.app import Context`[32m [repeated 10x across cluster][0m
[36m(ClientAppActor pid=1152750)[0m             This is a deprecated feature. It will be removed[32m [repeated 10x across cluster][0m
[36m(ClientAppActor pid=1152750)[0m             entirely in future versions of Flower.[32m [repeated 10x across cluster][0m
[36m(ClientAppActor pid=1152753)[0m 
[36m(ClientAppActor pid=1152753)[0m         
[36m(ClientAppActor pid=1152749)[0m 
[36m(ClientAppActor pid=1152749)[0m         
[36m(ClientAppActor pid=1152751)[0m 
[36m(ClientAppActor pid=1152751)[0m         
[36m(ClientAppActor pid=1152752)[0m 
[36m(ClientAppActor pid=1152752)[0m         
[92mINFO [0m:      aggregate_evaluate: received 5 results and 0 failures
[92mINFO [0m:      
[92mINFO [0m:      [ROUND 8]
[92mINFO [0m:      configure_fit: strategy sampled 5 clients (out of 5)
[36m(ClientAppActor pid=1152752)[0m 
[36m(ClientAppActor pid=1152752)[0m         
[36m(ClientAppActor pid=1152751)[0m 
[36m(ClientAppActor pid=1152751)[0m         
[36m(ClientAppActor pid=1152753)[0m 
[36m(ClientAppActor pid=1152753)[0m         
[36m(ClientAppActor pid=1152749)[0m 
[36m(ClientAppActor pid=1152749)[0m         
[36m(ClientAppActor pid=1152750)[0m 
[36m(ClientAppActor pid=1152750)[0m         
[92mINFO [0m:      aggregate_fit: received 5 results and 0 failures
[92mINFO [0m:      fit progress: (8, 1.271353762435913, {'accuracy': 0.5781, 'loss': 1.271353762435913}, 133.1813495780225)
[92mINFO [0m:      configure_evaluate: strategy sampled 5 clients (out of 5)
[36m(ClientAppActor pid=1152749)[0m 
[36m(ClientAppActor pid=1152749)[0m         
[36m(ClientAppActor pid=1152749)[0m [93mWARNING [0m:   DEPRECATED FEATURE: `client_fn` now expects a signature `def client_fn(context: Context)`.The provided `client_fn` has signature: {'cid': <Parameter "cid: str">}. You can import the `Context` like this: `from flwr.app import Context`[32m [repeated 10x across cluster][0m
[36m(ClientAppActor pid=1152749)[0m             This is a deprecated feature. It will be removed[32m [repeated 10x across cluster][0m
[36m(ClientAppActor pid=1152749)[0m             entirely in future versions of Flower.[32m [repeated 10x across cluster][0m
[36m(ClientAppActor pid=1152752)[0m 
[36m(ClientAppActor pid=1152752)[0m         
[36m(ClientAppActor pid=1152750)[0m 
[36m(ClientAppActor pid=1152750)[0m         
[36m(ClientAppActor pid=1152751)[0m 
[36m(ClientAppActor pid=1152751)[0m         
[36m(ClientAppActor pid=1152753)[0m 
[36m(ClientAppActor pid=1152753)[0m         
[92mINFO [0m:      aggregate_evaluate: received 5 results and 0 failures
[92mINFO [0m:      
[92mINFO [0m:      [ROUND 9]
[92mINFO [0m:      configure_fit: strategy sampled 5 clients (out of 5)
[36m(ClientAppActor pid=1152753)[0m 
[36m(ClientAppActor pid=1152753)[0m         
[36m(ClientAppActor pid=1152751)[0m 
[36m(ClientAppActor pid=1152751)[0m         
[36m(ClientAppActor pid=1152750)[0m 
[36m(ClientAppActor pid=1152750)[0m         
[36m(ClientAppActor pid=1152752)[0m 
[36m(ClientAppActor pid=1152752)[0m         
[36m(ClientAppActor pid=1152749)[0m 
[36m(ClientAppActor pid=1152749)[0m         
[92mINFO [0m:      aggregate_fit: received 5 results and 0 failures
[92mINFO [0m:      fit progress: (9, 1.252722692680359, {'accuracy': 0.5818, 'loss': 1.252722692680359}, 149.9938799960073)
[92mINFO [0m:      configure_evaluate: strategy sampled 5 clients (out of 5)
[36m(ClientAppActor pid=1152752)[0m 
[36m(ClientAppActor pid=1152752)[0m         
[36m(ClientAppActor pid=1152752)[0m [93mWARNING [0m:   DEPRECATED FEATURE: `client_fn` now expects a signature `def client_fn(context: Context)`.The provided `client_fn` has signature: {'cid': <Parameter "cid: str">}. You can import the `Context` like this: `from flwr.app import Context`[32m [repeated 10x across cluster][0m
[36m(ClientAppActor pid=1152752)[0m             This is a deprecated feature. It will be removed[32m [repeated 10x across cluster][0m
[36m(ClientAppActor pid=1152752)[0m             entirely in future versions of Flower.[32m [repeated 10x across cluster][0m
[36m(ClientAppActor pid=1152751)[0m 
[36m(ClientAppActor pid=1152751)[0m         
[36m(ClientAppActor pid=1152753)[0m 
[36m(ClientAppActor pid=1152753)[0m         
[36m(ClientAppActor pid=1152749)[0m 
[36m(ClientAppActor pid=1152749)[0m         
[36m(ClientAppActor pid=1152750)[0m 
[36m(ClientAppActor pid=1152750)[0m         
[92mINFO [0m:      aggregate_evaluate: received 5 results and 0 failures
[92mINFO [0m:      
[92mINFO [0m:      [ROUND 10]
[92mINFO [0m:      configure_fit: strategy sampled 5 clients (out of 5)
[36m(ClientAppActor pid=1152750)[0m 
[36m(ClientAppActor pid=1152750)[0m         
[36m(ClientAppActor pid=1152749)[0m 
[36m(ClientAppActor pid=1152749)[0m         
[36m(ClientAppActor pid=1152753)[0m 
[36m(ClientAppActor pid=1152753)[0m         
[36m(ClientAppActor pid=1152752)[0m 
[36m(ClientAppActor pid=1152752)[0m         
[36m(ClientAppActor pid=1152751)[0m 
[36m(ClientAppActor pid=1152751)[0m         
[92mINFO [0m:      aggregate_fit: received 5 results and 0 failures
[92mINFO [0m:      fit progress: (10, 1.2485695295333863, {'accuracy': 0.5851, 'loss': 1.2485695295333863}, 165.98818159400253)
[92mINFO [0m:      configure_evaluate: strategy sampled 5 clients (out of 5)
[36m(ClientAppActor pid=1152750)[0m 
[36m(ClientAppActor pid=1152750)[0m         
[36m(ClientAppActor pid=1152750)[0m [93mWARNING [0m:   DEPRECATED FEATURE: `client_fn` now expects a signature `def client_fn(context: Context)`.The provided `client_fn` has signature: {'cid': <Parameter "cid: str">}. You can import the `Context` like this: `from flwr.app import Context`[32m [repeated 10x across cluster][0m
[36m(ClientAppActor pid=1152750)[0m             This is a deprecated feature. It will be removed[32m [repeated 10x across cluster][0m
[36m(ClientAppActor pid=1152750)[0m             entirely in future versions of Flower.[32m [repeated 10x across cluster][0m
[36m(ClientAppActor pid=1152753)[0m 
[36m(ClientAppActor pid=1152753)[0m         
[36m(ClientAppActor pid=1152749)[0m 
[36m(ClientAppActor pid=1152749)[0m         
[36m(ClientAppActor pid=1152751)[0m 
[36m(ClientAppActor pid=1152751)[0m         
[36m(ClientAppActor pid=1152752)[0m 
[36m(ClientAppActor pid=1152752)[0m         
[92mINFO [0m:      aggregate_evaluate: received 5 results and 0 failures
[92mINFO [0m:      
[92mINFO [0m:      [SUMMARY]
[92mINFO [0m:      Run finished 10 round(s) in 166.77s
[92mINFO [0m:      	History (loss, distributed):
[92mINFO [0m:      		round 1: 2.263826704177948
[92mINFO [0m:      		round 2: 1.9573585020916113
[92mINFO [0m:      		round 3: 1.6868412229140233
[92mINFO [0m:      		round 4: 1.541107768246191
[92mINFO [0m:      		round 5: 1.4251900169165679
[92mINFO [0m:      		round 6: 1.3735670466553767
[92mINFO [0m:      		round 7: 1.2705638658912128
[92mINFO [0m:      		round 8: 1.2615836567465535
[92mINFO [0m:      		round 9: 1.2402443324944628
[92mINFO [0m:      		round 10: 1.2368597766268556
[92mINFO [0m:      	History (loss, centralized):
[92mINFO [0m:      		round 0: 2.302738893890381
[92mINFO [0m:      		round 1: 2.262298104095459
[92mINFO [0m:      		round 2: 1.953722466278076
[92mINFO [0m:      		round 3: 1.6863119848251342
[92mINFO [0m:      		round 4: 1.5507393100738525
[92mINFO [0m:      		round 5: 1.4324846578598023
[92mINFO [0m:      		round 6: 1.3810803657531738
[92mINFO [0m:      		round 7: 1.2825694541931152
[92mINFO [0m:      		round 8: 1.271353762435913
[92mINFO [0m:      		round 9: 1.252722692680359
[92mINFO [0m:      		round 10: 1.2485695295333863
[92mINFO [0m:      	History (metrics, distributed, fit):
[92mINFO [0m:      	{'avg_epochs_weighted': [(1, 3.2946470235317644),
[92mINFO [0m:      	                         (2, 3.2946470235317644),
[92mINFO [0m:      	                         (3, 3.2946470235317644),
[92mINFO [0m:      	                         (4, 3.2946470235317644),
[92mINFO [0m:      	                         (5, 3.2946470235317644),
[92mINFO [0m:      	                         (6, 3.2946470235317644),
[92mINFO [0m:      	                         (7, 3.2946470235317644),
[92mINFO [0m:      	                         (8, 3.2946470235317644),
[92mINFO [0m:      	                         (9, 3.2946470235317644),
[92mINFO [0m:      	                         (10, 3.2946470235317644)],
[92mINFO [0m:      	 'avg_flops_per_client_round': [(1, 5364215847936.0),
[92mINFO [0m:      	                                (2, 5364215847936.0),
[92mINFO [0m:      	                                (3, 5364215847936.0),
[92mINFO [0m:      	                                (4, 5364215847936.0),
[92mINFO [0m:      	                                (5, 5364215847936.0),
[92mINFO [0m:      	                                (6, 5364215847936.0),
[92mINFO [0m:      	                                (7, 5364215847936.0),
[92mINFO [0m:      	                                (8, 5364215847936.0),
[92mINFO [0m:      	                                (9, 5364215847936.0),
[92mINFO [0m:      	                                (10, 5364215847936.0)],
[92mINFO [0m:      	 'avg_lr_weighted': [(1, 0.005484435024455445),
[92mINFO [0m:      	                     (2, 0.005484435024455445),
[92mINFO [0m:      	                     (3, 0.005484435024455445),
[92mINFO [0m:      	                     (4, 0.005484435024455445),
[92mINFO [0m:      	                     (5, 0.005484435024455445),
[92mINFO [0m:      	                     (6, 0.005484435024455445),
[92mINFO [0m:      	                     (7, 0.005484435024455445),
[92mINFO [0m:      	                     (8, 0.005484435024455445),
[92mINFO [0m:      	                     (9, 0.005484435024455445),
[92mINFO [0m:      	                     (10, 0.005484435024455445)],
[92mINFO [0m:      	 'total_flops_round': [(1, 26821079239680),
[92mINFO [0m:      	                       (2, 26821079239680),
[92mINFO [0m:      	                       (3, 26821079239680),
[92mINFO [0m:      	                       (4, 26821079239680),
[92mINFO [0m:      	                       (5, 26821079239680),
[92mINFO [0m:      	                       (6, 26821079239680),
[92mINFO [0m:      	                       (7, 26821079239680),
[92mINFO [0m:      	                       (8, 26821079239680),
[92mINFO [0m:      	                       (9, 26821079239680),
[92mINFO [0m:      	                       (10, 26821079239680)]}
[92mINFO [0m:      	History (metrics, distributed, evaluate):
[92mINFO [0m:      	{'accuracy': [(1, 0.10666399839903942),
[92mINFO [0m:      	              (2, 0.36982189313588154),
[92mINFO [0m:      	              (3, 0.45207124274564736),
[92mINFO [0m:      	              (4, 0.4814888933360016),
[92mINFO [0m:      	              (5, 0.5187112267360416),
[92mINFO [0m:      	              (6, 0.5481288773263958),
[92mINFO [0m:      	              (7, 0.5783470082049229),
[92mINFO [0m:      	              (8, 0.5797478487092256),
[92mINFO [0m:      	              (9, 0.5931558935361216),
[92mINFO [0m:      	              (10, 0.5885531318791275)],
[92mINFO [0m:      	 'loss': [(1, 2.263826704177948),
[92mINFO [0m:      	          (2, 1.9573585020916113),
[92mINFO [0m:      	          (3, 1.6868412229140233),
[92mINFO [0m:      	          (4, 1.541107768246191),
[92mINFO [0m:      	          (5, 1.4251900169165679),
[92mINFO [0m:      	          (6, 1.3735670466553767),
[92mINFO [0m:      	          (7, 1.2705638658912128),
[92mINFO [0m:      	          (8, 1.2615836567465535),
[92mINFO [0m:      	          (9, 1.2402443324944628),
[92mINFO [0m:      	          (10, 1.2368597766268556)]}
[92mINFO [0m:      	History (metrics, centralized):
[92mINFO [0m:      	{'accuracy': [(0, 0.1),
[92mINFO [0m:      	              (1, 0.1078),
[92mINFO [0m:      	              (2, 0.3732),
[92mINFO [0m:      	              (3, 0.4509),
[92mINFO [0m:      	              (4, 0.4744),
[92mINFO [0m:      	              (5, 0.5196),
[92mINFO [0m:      	              (6, 0.5417),
[92mINFO [0m:      	              (7, 0.5741),
[92mINFO [0m:      	              (8, 0.5781),
[92mINFO [0m:      	              (9, 0.5818),
[92mINFO [0m:      	              (10, 0.5851)],
[92mINFO [0m:      	 'loss': [(0, 2.302738893890381),
[92mINFO [0m:      	          (1, 2.262298104095459),
[92mINFO [0m:      	          (2, 1.953722466278076),
[92mINFO [0m:      	          (3, 1.6863119848251342),
[92mINFO [0m:      	          (4, 1.5507393100738525),
[92mINFO [0m:      	          (5, 1.4324846578598023),
[92mINFO [0m:      	          (6, 1.3810803657531738),
[92mINFO [0m:      	          (7, 1.2825694541931152),
[92mINFO [0m:      	          (8, 1.271353762435913),
[92mINFO [0m:      	          (9, 1.252722692680359),
[92mINFO [0m:      	          (10, 1.2485695295333863)]}
[92mINFO [0m:      
Treinando no dispositivo: cuda:0 com o dataset: CIFAR10 | Setup clientes: 5 (num_gpus por cliente=0.2) | SEED=44
FLOPS por amostra (forward): 6.030e+07 | (forward+backward, 3x): 1.809e+08
Files already downloaded and verified
Files already downloaded and verified
Dividindo o dataset usando a distribuição de Dirichlet com alpha=0.01.
Iniciando a simulação de Aprendizado Federado...
=== Diagnóstico de Medição de GPU ===
  pynvml_disponivel: True
  pynvml_versao: 580.173.02
  gpus_detectadas: 1
  leitura_potencia_ok: True
  potencia_atual_W: 65.544

--- Rodada 0 - Avaliação Centralizada (Servidor) ---
Loss (Servidor): 2.3027 | Acurácia (Servidor): 0.1000
[36m(ClientAppActor pid=1152753)[0m Cliente 1: HetRaw=3.0000 | HetNorm=1.0000 | Epochs=2 (dyn=True) | LR=0.004000 (dyn=True) | FedProx=True (mu=0.01)

--- Rodada 1 - Avaliação Centralizada (Servidor) ---
Loss (Servidor): 2.2623 | Acurácia (Servidor): 0.1078
--- Avaliação Agregada (Clientes) ---
Loss Média (Clientes): 2.2638 | Acurácia Média (Clientes): 0.1067
[36m(ClientAppActor pid=1152753)[0m Cliente 2: HetRaw=2.4665 | HetNorm=0.8222 | Epochs=3 (dyn=True) | LR=0.004478 (dyn=True) | FedProx=True (mu=0.01)[32m [repeated 5x across cluster][0m

--- Rodada 2 - Avaliação Centralizada (Servidor) ---
Loss (Servidor): 1.9537 | Acurácia (Servidor): 0.3732
--- Avaliação Agregada (Clientes) ---
Loss Média (Clientes): 1.9574 | Acurácia Média (Clientes): 0.3698
[36m(ClientAppActor pid=1152749)[0m Cliente 2: HetRaw=2.4665 | HetNorm=0.8222 | Epochs=3 (dyn=True) | LR=0.004478 (dyn=True) | FedProx=True (mu=0.01)[32m [repeated 5x across cluster][0m

--- Rodada 3 - Avaliação Centralizada (Servidor) ---
Loss (Servidor): 1.6863 | Acurácia (Servidor): 0.4509
--- Avaliação Agregada (Clientes) ---
Loss Média (Clientes): 1.6868 | Acurácia Média (Clientes): 0.4521
[36m(ClientAppActor pid=1152753)[0m Cliente 0: HetRaw=1.5326 | HetNorm=0.5109 | Epochs=3 (dyn=True) | LR=0.005661 (dyn=True) | FedProx=True (mu=0.01)[32m [repeated 5x across cluster][0m

--- Rodada 4 - Avaliação Centralizada (Servidor) ---
Loss (Servidor): 1.5507 | Acurácia (Servidor): 0.4744
--- Avaliação Agregada (Clientes) ---
Loss Média (Clientes): 1.5411 | Acurácia Média (Clientes): 0.4815
[36m(ClientAppActor pid=1152752)[0m Cliente 0: HetRaw=1.5326 | HetNorm=0.5109 | Epochs=3 (dyn=True) | LR=0.005661 (dyn=True) | FedProx=True (mu=0.01)[32m [repeated 5x across cluster][0m

--- Rodada 5 - Avaliação Centralizada (Servidor) ---
Loss (Servidor): 1.4325 | Acurácia (Servidor): 0.5196
--- Avaliação Agregada (Clientes) ---
Loss Média (Clientes): 1.4252 | Acurácia Média (Clientes): 0.5187
[36m(ClientAppActor pid=1152749)[0m Cliente 2: HetRaw=2.4665 | HetNorm=0.8222 | Epochs=3 (dyn=True) | LR=0.004478 (dyn=True) | FedProx=True (mu=0.01)[32m [repeated 5x across cluster][0m

--- Rodada 6 - Avaliação Centralizada (Servidor) ---
Loss (Servidor): 1.3811 | Acurácia (Servidor): 0.5417
--- Avaliação Agregada (Clientes) ---
Loss Média (Clientes): 1.3736 | Acurácia Média (Clientes): 0.5481
[36m(ClientAppActor pid=1152750)[0m Cliente 4: HetRaw=1.2928 | HetNorm=0.4309 | Epochs=4 (dyn=True) | LR=0.006074 (dyn=True) | FedProx=True (mu=0.01)[32m [repeated 5x across cluster][0m

--- Rodada 7 - Avaliação Centralizada (Servidor) ---
Loss (Servidor): 1.2826 | Acurácia (Servidor): 0.5741
--- Avaliação Agregada (Clientes) ---
Loss Média (Clientes): 1.2706 | Acurácia Média (Clientes): 0.5783
[36m(ClientAppActor pid=1152752)[0m Cliente 0: HetRaw=1.5326 | HetNorm=0.5109 | Epochs=3 (dyn=True) | LR=0.005661 (dyn=True) | FedProx=True (mu=0.01)[32m [repeated 5x across cluster][0m

--- Rodada 8 - Avaliação Centralizada (Servidor) ---
Loss (Servidor): 1.2714 | Acurácia (Servidor): 0.5781
--- Avaliação Agregada (Clientes) ---
Loss Média (Clientes): 1.2616 | Acurácia Média (Clientes): 0.5797
[36m(ClientAppActor pid=1152753)[0m Cliente 3: HetRaw=1.8464 | HetNorm=0.6155 | Epochs=3 (dyn=True) | LR=0.005200 (dyn=True) | FedProx=True (mu=0.01)[32m [repeated 5x across cluster][0m

--- Rodada 9 - Avaliação Centralizada (Servidor) ---
Loss (Servidor): 1.2527 | Acurácia (Servidor): 0.5818
--- Avaliação Agregada (Clientes) ---
Loss Média (Clientes): 1.2402 | Acurácia Média (Clientes): 0.5932
[36m(ClientAppActor pid=1152750)[0m Cliente 4: HetRaw=1.2928 | HetNorm=0.4309 | Epochs=4 (dyn=True) | LR=0.006074 (dyn=True) | FedProx=True (mu=0.01)[32m [repeated 5x across cluster][0m

--- Rodada 10 - Avaliação Centralizada (Servidor) ---
Loss (Servidor): 1.2486 | Acurácia (Servidor): 0.5851
--- Avaliação Agregada (Clientes) ---
Loss Média (Clientes): 1.2369 | Acurácia Média (Clientes): 0.5886

Resultados salvos em: /home/tiago/GitHubProjects/fedhad-thesis-2/FedHAD-results/1.1_diagnostico_drift/CIFAR10-Standard/FedHAD__CIFAR10__Mode-STANDARD__Cfg-E1L1F1__Setup-5__Clients-5__Rounds-10__Delay-0_05__Alpha-0_01__Seed-44.txt
[36m(ClientAppActor pid=1152752)[0m [93mWARNING [0m:   DEPRECATED FEATURE: `client_fn` now expects a signature `def client_fn(context: Context)`.The provided `client_fn` has signature: {'cid': <Parameter "cid: str">}. You can import the `Context` like this: `from flwr.app import Context`[32m [repeated 4x across cluster][0m
[36m(ClientAppActor pid=1152752)[0m             This is a deprecated feature. It will be removed[32m [repeated 4x across cluster][0m
[36m(ClientAppActor pid=1152752)[0m             entirely in future versions of Flower.[32m [repeated 4x across cluster][0m
[36m(ClientAppActor pid=1152751)[0m Cliente 2: HetRaw=2.4665 | HetNorm=0.8222 | Epochs=3 (dyn=True) | LR=0.004478 (dyn=True) | FedProx=True (mu=0.01)[32m [repeated 4x across cluster][0m
