[codecarbon WARNING @ 16:52:50] Multiple instances of codecarbon are allowed to run at the same time.
[93mWARNING [0m:   DEPRECATED FEATURE: flwr.simulation.start_simulation() is deprecated.
	Instead, use the `flwr run` CLI command to start a local simulation in your Flower app, as shown for example below:

		$ flwr new  # Create a new Flower app from a template

		$ flwr run  # Run the Flower app in Simulation Mode

	Using `start_simulation()` is deprecated.

            This is a deprecated feature. It will be removed
            entirely in future versions of Flower.
        
[92mINFO [0m:      Starting Flower simulation, config: num_rounds=10, no round_timeout
2026-09-04 16:52:58,914	INFO worker.py:2012 -- Started a local Ray instance.
/home/tiago/GitHubProjects/fedhad-thesis-2/env_flwr_pt/lib/python3.12/site-packages/ray/_private/worker.py:2051: FutureWarning: Tip: In future versions of Ray, Ray will no longer override accelerator visible devices env var if num_gpus=0 or num_gpus=None (default). To enable this behavior and turn off this error message, set RAY_ACCEL_ENV_VAR_OVERRIDE_ON_ZERO=0
  warnings.warn(
[92mINFO [0m:      Flower VCE: Ray initialized with resources: {'CPU': 64.0, 'accelerator_type:A40': 1.0, 'node:__internal_head__': 1.0, 'node:10.129.64.100': 1.0, 'memory': 180874783130.0, 'object_store_memory': 77517764198.0, 'GPU': 1.0}
[92mINFO [0m:      Optimize your simulation with Flower VCE: https://flower.ai/docs/framework/how-to-run-simulations.html
/home/tiago/GitHubProjects/fedhad-thesis-2/FedHAD_Final_2.0.py:1916: UserWarning: No `num_cpus` specified in `client_resources`. Using `num_cpus=1` for each client.
  history = fl.simulation.start_simulation(
[92mINFO [0m:      Flower VCE: Resources for each Virtual Client: {'num_gpus': 0.2, 'num_cpus': 1}
[92mINFO [0m:      Flower VCE: Creating VirtualClientEngineActorPool with 5 actors
[92mINFO [0m:      [INIT]
[92mINFO [0m:      Requesting initial parameters from one random client
[36m(ClientAppActor pid=1065310)[0m [93mWARNING [0m:   DEPRECATED FEATURE: `client_fn` now expects a signature `def client_fn(context: Context)`.The provided `client_fn` has signature: {'cid': <Parameter "cid: str">}. You can import the `Context` like this: `from flwr.app import Context`
[36m(ClientAppActor pid=1065310)[0m 
[36m(ClientAppActor pid=1065310)[0m             This is a deprecated feature. It will be removed
[36m(ClientAppActor pid=1065310)[0m             entirely in future versions of Flower.
[36m(ClientAppActor pid=1065310)[0m         
[92mINFO [0m:      Received initial parameters from one random client
[92mINFO [0m:      Starting evaluation of initial global parameters
[92mINFO [0m:      initial parameters (loss, other metrics): 2.303504905319214, {'accuracy': 0.1, 'loss': 2.303504905319214}
[92mINFO [0m:      
[92mINFO [0m:      [ROUND 1]
[92mINFO [0m:      configure_fit: strategy sampled 5 clients (out of 5)
[36m(ClientAppActor pid=1065310)[0m [93mWARNING [0m:   DEPRECATED FEATURE: `client_fn` now expects a signature `def client_fn(context: Context)`.The provided `client_fn` has signature: {'cid': <Parameter "cid: str">}. You can import the `Context` like this: `from flwr.app import Context`
[36m(ClientAppActor pid=1065310)[0m 
[36m(ClientAppActor pid=1065310)[0m             This is a deprecated feature. It will be removed
[36m(ClientAppActor pid=1065310)[0m             entirely in future versions of Flower.
[36m(ClientAppActor pid=1065310)[0m         
[36m(ClientAppActor pid=1065311)[0m 
[36m(ClientAppActor pid=1065311)[0m         
[36m(ClientAppActor pid=1065309)[0m 
[36m(ClientAppActor pid=1065309)[0m         
[36m(ClientAppActor pid=1065308)[0m 
[36m(ClientAppActor pid=1065308)[0m         
[36m(ClientAppActor pid=1065307)[0m 
[36m(ClientAppActor pid=1065307)[0m         
[92mINFO [0m:      aggregate_fit: received 5 results and 0 failures
[92mINFO [0m:      fit progress: (1, 2.2453989948272706, {'accuracy': 0.147, 'loss': 2.2453989948272706}, 17.18176805396797)
[92mINFO [0m:      configure_evaluate: strategy sampled 5 clients (out of 5)
[36m(ClientAppActor pid=1065308)[0m 
[36m(ClientAppActor pid=1065308)[0m         
[36m(ClientAppActor pid=1065308)[0m [93mWARNING [0m:   DEPRECATED FEATURE: `client_fn` now expects a signature `def client_fn(context: Context)`.The provided `client_fn` has signature: {'cid': <Parameter "cid: str">}. You can import the `Context` like this: `from flwr.app import Context`[32m [repeated 5x across cluster] (Ray deduplicates logs by default. Set RAY_DEDUP_LOGS=0 to disable log deduplication, or see https://docs.ray.io/en/master/ray-observability/user-guides/configure-logging.html#log-deduplication for more options.)[0m
[36m(ClientAppActor pid=1065308)[0m             This is a deprecated feature. It will be removed[32m [repeated 5x across cluster][0m
[36m(ClientAppActor pid=1065308)[0m             entirely in future versions of Flower.[32m [repeated 5x across cluster][0m
[36m(ClientAppActor pid=1065310)[0m 
[36m(ClientAppActor pid=1065310)[0m         
[36m(ClientAppActor pid=1065309)[0m 
[36m(ClientAppActor pid=1065309)[0m         
[36m(ClientAppActor pid=1065311)[0m 
[36m(ClientAppActor pid=1065311)[0m         
[36m(ClientAppActor pid=1065307)[0m 
[36m(ClientAppActor pid=1065307)[0m         
[92mINFO [0m:      aggregate_evaluate: received 5 results and 0 failures
[92mINFO [0m:      
[92mINFO [0m:      [ROUND 2]
[92mINFO [0m:      configure_fit: strategy sampled 5 clients (out of 5)
[36m(ClientAppActor pid=1065307)[0m 
[36m(ClientAppActor pid=1065307)[0m         
[36m(ClientAppActor pid=1065311)[0m 
[36m(ClientAppActor pid=1065311)[0m         
[36m(ClientAppActor pid=1065309)[0m 
[36m(ClientAppActor pid=1065309)[0m         
[36m(ClientAppActor pid=1065310)[0m 
[36m(ClientAppActor pid=1065310)[0m         
[36m(ClientAppActor pid=1065308)[0m 
[36m(ClientAppActor pid=1065308)[0m         
[92mINFO [0m:      aggregate_fit: received 5 results and 0 failures
[92mINFO [0m:      fit progress: (2, 1.9058557863235475, {'accuracy': 0.3469, 'loss': 1.9058557863235475}, 33.101091484946664)
[92mINFO [0m:      configure_evaluate: strategy sampled 5 clients (out of 5)
[36m(ClientAppActor pid=1065309)[0m 
[36m(ClientAppActor pid=1065309)[0m         
[36m(ClientAppActor pid=1065309)[0m [93mWARNING [0m:   DEPRECATED FEATURE: `client_fn` now expects a signature `def client_fn(context: Context)`.The provided `client_fn` has signature: {'cid': <Parameter "cid: str">}. You can import the `Context` like this: `from flwr.app import Context`[32m [repeated 10x across cluster][0m
[36m(ClientAppActor pid=1065309)[0m             This is a deprecated feature. It will be removed[32m [repeated 10x across cluster][0m
[36m(ClientAppActor pid=1065309)[0m             entirely in future versions of Flower.[32m [repeated 10x across cluster][0m
[36m(ClientAppActor pid=1065308)[0m 
[36m(ClientAppActor pid=1065308)[0m         
[36m(ClientAppActor pid=1065311)[0m 
[36m(ClientAppActor pid=1065311)[0m         
[36m(ClientAppActor pid=1065310)[0m 
[36m(ClientAppActor pid=1065310)[0m         
[36m(ClientAppActor pid=1065307)[0m 
[36m(ClientAppActor pid=1065307)[0m         
[92mINFO [0m:      aggregate_evaluate: received 5 results and 0 failures
[92mINFO [0m:      
[92mINFO [0m:      [ROUND 3]
[92mINFO [0m:      configure_fit: strategy sampled 5 clients (out of 5)
[36m(ClientAppActor pid=1065310)[0m 
[36m(ClientAppActor pid=1065310)[0m         
[36m(ClientAppActor pid=1065307)[0m 
[36m(ClientAppActor pid=1065307)[0m         
[36m(ClientAppActor pid=1065311)[0m 
[36m(ClientAppActor pid=1065311)[0m         
[36m(ClientAppActor pid=1065308)[0m 
[36m(ClientAppActor pid=1065308)[0m         
[36m(ClientAppActor pid=1065309)[0m 
[36m(ClientAppActor pid=1065309)[0m         
[92mINFO [0m:      aggregate_fit: received 5 results and 0 failures
[92mINFO [0m:      fit progress: (3, 1.5859693035125733, {'accuracy': 0.4755, 'loss': 1.5859693035125733}, 48.357682914996985)
[92mINFO [0m:      configure_evaluate: strategy sampled 5 clients (out of 5)
[36m(ClientAppActor pid=1065310)[0m 
[36m(ClientAppActor pid=1065310)[0m         
[36m(ClientAppActor pid=1065310)[0m [93mWARNING [0m:   DEPRECATED FEATURE: `client_fn` now expects a signature `def client_fn(context: Context)`.The provided `client_fn` has signature: {'cid': <Parameter "cid: str">}. You can import the `Context` like this: `from flwr.app import Context`[32m [repeated 10x across cluster][0m
[36m(ClientAppActor pid=1065310)[0m             This is a deprecated feature. It will be removed[32m [repeated 10x across cluster][0m
[36m(ClientAppActor pid=1065310)[0m             entirely in future versions of Flower.[32m [repeated 10x across cluster][0m
[36m(ClientAppActor pid=1065307)[0m 
[36m(ClientAppActor pid=1065307)[0m         
[36m(ClientAppActor pid=1065309)[0m 
[36m(ClientAppActor pid=1065309)[0m         
[36m(ClientAppActor pid=1065308)[0m 
[36m(ClientAppActor pid=1065308)[0m         
[36m(ClientAppActor pid=1065311)[0m 
[36m(ClientAppActor pid=1065311)[0m         
[92mINFO [0m:      aggregate_evaluate: received 5 results and 0 failures
[92mINFO [0m:      
[92mINFO [0m:      [ROUND 4]
[92mINFO [0m:      configure_fit: strategy sampled 5 clients (out of 5)
[36m(ClientAppActor pid=1065311)[0m 
[36m(ClientAppActor pid=1065311)[0m         
[36m(ClientAppActor pid=1065308)[0m 
[36m(ClientAppActor pid=1065308)[0m         
[36m(ClientAppActor pid=1065309)[0m 
[36m(ClientAppActor pid=1065309)[0m         
[36m(ClientAppActor pid=1065307)[0m 
[36m(ClientAppActor pid=1065307)[0m         
[36m(ClientAppActor pid=1065310)[0m 
[36m(ClientAppActor pid=1065310)[0m         
[92mINFO [0m:      aggregate_fit: received 5 results and 0 failures
[92mINFO [0m:      fit progress: (4, 1.3694250507354737, {'accuracy': 0.5416, 'loss': 1.3694250507354737}, 63.95117027399829)
[92mINFO [0m:      configure_evaluate: strategy sampled 5 clients (out of 5)
[36m(ClientAppActor pid=1065308)[0m 
[36m(ClientAppActor pid=1065308)[0m         
[36m(ClientAppActor pid=1065308)[0m [93mWARNING [0m:   DEPRECATED FEATURE: `client_fn` now expects a signature `def client_fn(context: Context)`.The provided `client_fn` has signature: {'cid': <Parameter "cid: str">}. You can import the `Context` like this: `from flwr.app import Context`[32m [repeated 10x across cluster][0m
[36m(ClientAppActor pid=1065308)[0m             This is a deprecated feature. It will be removed[32m [repeated 10x across cluster][0m
[36m(ClientAppActor pid=1065308)[0m             entirely in future versions of Flower.[32m [repeated 10x across cluster][0m
[36m(ClientAppActor pid=1065310)[0m 
[36m(ClientAppActor pid=1065310)[0m         
[36m(ClientAppActor pid=1065311)[0m 
[36m(ClientAppActor pid=1065311)[0m         
[36m(ClientAppActor pid=1065307)[0m 
[36m(ClientAppActor pid=1065307)[0m         
[36m(ClientAppActor pid=1065309)[0m 
[36m(ClientAppActor pid=1065309)[0m         
[92mINFO [0m:      aggregate_evaluate: received 5 results and 0 failures
[92mINFO [0m:      
[92mINFO [0m:      [ROUND 5]
[92mINFO [0m:      configure_fit: strategy sampled 5 clients (out of 5)
[36m(ClientAppActor pid=1065309)[0m 
[36m(ClientAppActor pid=1065309)[0m         
[36m(ClientAppActor pid=1065307)[0m 
[36m(ClientAppActor pid=1065307)[0m         
[36m(ClientAppActor pid=1065311)[0m 
[36m(ClientAppActor pid=1065311)[0m         
[36m(ClientAppActor pid=1065310)[0m 
[36m(ClientAppActor pid=1065310)[0m         
[36m(ClientAppActor pid=1065308)[0m 
[36m(ClientAppActor pid=1065308)[0m         
[92mINFO [0m:      aggregate_fit: received 5 results and 0 failures
[92mINFO [0m:      fit progress: (5, 1.2535755855560302, {'accuracy': 0.5741, 'loss': 1.2535755855560302}, 79.85816243599402)
[92mINFO [0m:      configure_evaluate: strategy sampled 5 clients (out of 5)
[36m(ClientAppActor pid=1065311)[0m 
[36m(ClientAppActor pid=1065311)[0m         
[36m(ClientAppActor pid=1065311)[0m [93mWARNING [0m:   DEPRECATED FEATURE: `client_fn` now expects a signature `def client_fn(context: Context)`.The provided `client_fn` has signature: {'cid': <Parameter "cid: str">}. You can import the `Context` like this: `from flwr.app import Context`[32m [repeated 10x across cluster][0m
[36m(ClientAppActor pid=1065311)[0m             This is a deprecated feature. It will be removed[32m [repeated 10x across cluster][0m
[36m(ClientAppActor pid=1065311)[0m             entirely in future versions of Flower.[32m [repeated 10x across cluster][0m
[36m(ClientAppActor pid=1065307)[0m 
[36m(ClientAppActor pid=1065307)[0m         
[36m(ClientAppActor pid=1065310)[0m 
[36m(ClientAppActor pid=1065310)[0m         
[36m(ClientAppActor pid=1065309)[0m 
[36m(ClientAppActor pid=1065309)[0m         
[36m(ClientAppActor pid=1065308)[0m 
[36m(ClientAppActor pid=1065308)[0m         
[92mINFO [0m:      aggregate_evaluate: received 5 results and 0 failures
[92mINFO [0m:      
[92mINFO [0m:      [ROUND 6]
[92mINFO [0m:      configure_fit: strategy sampled 5 clients (out of 5)
[36m(ClientAppActor pid=1065308)[0m 
[36m(ClientAppActor pid=1065308)[0m         
[36m(ClientAppActor pid=1065310)[0m 
[36m(ClientAppActor pid=1065310)[0m         
[36m(ClientAppActor pid=1065307)[0m 
[36m(ClientAppActor pid=1065307)[0m         
[36m(ClientAppActor pid=1065309)[0m 
[36m(ClientAppActor pid=1065309)[0m         
[36m(ClientAppActor pid=1065311)[0m 
[36m(ClientAppActor pid=1065311)[0m         
[92mINFO [0m:      aggregate_fit: received 5 results and 0 failures
[92mINFO [0m:      fit progress: (6, 1.109131760597229, {'accuracy': 0.6158, 'loss': 1.109131760597229}, 95.53661398094846)
[92mINFO [0m:      configure_evaluate: strategy sampled 5 clients (out of 5)
[36m(ClientAppActor pid=1065309)[0m 
[36m(ClientAppActor pid=1065309)[0m         
[36m(ClientAppActor pid=1065309)[0m [93mWARNING [0m:   DEPRECATED FEATURE: `client_fn` now expects a signature `def client_fn(context: Context)`.The provided `client_fn` has signature: {'cid': <Parameter "cid: str">}. You can import the `Context` like this: `from flwr.app import Context`[32m [repeated 10x across cluster][0m
[36m(ClientAppActor pid=1065309)[0m             This is a deprecated feature. It will be removed[32m [repeated 10x across cluster][0m
[36m(ClientAppActor pid=1065309)[0m             entirely in future versions of Flower.[32m [repeated 10x across cluster][0m
[36m(ClientAppActor pid=1065308)[0m 
[36m(ClientAppActor pid=1065308)[0m         
[36m(ClientAppActor pid=1065307)[0m 
[36m(ClientAppActor pid=1065307)[0m         
[36m(ClientAppActor pid=1065311)[0m 
[36m(ClientAppActor pid=1065311)[0m         
[36m(ClientAppActor pid=1065310)[0m 
[36m(ClientAppActor pid=1065310)[0m         
[92mINFO [0m:      aggregate_evaluate: received 5 results and 0 failures
[92mINFO [0m:      
[92mINFO [0m:      [ROUND 7]
[92mINFO [0m:      configure_fit: strategy sampled 5 clients (out of 5)
[36m(ClientAppActor pid=1065310)[0m 
[36m(ClientAppActor pid=1065310)[0m         
[36m(ClientAppActor pid=1065311)[0m 
[36m(ClientAppActor pid=1065311)[0m         
[36m(ClientAppActor pid=1065308)[0m 
[36m(ClientAppActor pid=1065308)[0m         
[36m(ClientAppActor pid=1065307)[0m 
[36m(ClientAppActor pid=1065307)[0m         
[36m(ClientAppActor pid=1065309)[0m 
[36m(ClientAppActor pid=1065309)[0m         
[92mINFO [0m:      aggregate_fit: received 5 results and 0 failures
[92mINFO [0m:      fit progress: (7, 1.025554704093933, {'accuracy': 0.6525, 'loss': 1.025554704093933}, 111.47608913399745)
[92mINFO [0m:      configure_evaluate: strategy sampled 5 clients (out of 5)
[36m(ClientAppActor pid=1065311)[0m 
[36m(ClientAppActor pid=1065311)[0m         
[36m(ClientAppActor pid=1065311)[0m [93mWARNING [0m:   DEPRECATED FEATURE: `client_fn` now expects a signature `def client_fn(context: Context)`.The provided `client_fn` has signature: {'cid': <Parameter "cid: str">}. You can import the `Context` like this: `from flwr.app import Context`[32m [repeated 10x across cluster][0m
[36m(ClientAppActor pid=1065311)[0m             This is a deprecated feature. It will be removed[32m [repeated 10x across cluster][0m
[36m(ClientAppActor pid=1065311)[0m             entirely in future versions of Flower.[32m [repeated 10x across cluster][0m
[36m(ClientAppActor pid=1065307)[0m 
[36m(ClientAppActor pid=1065307)[0m         
[36m(ClientAppActor pid=1065310)[0m 
[36m(ClientAppActor pid=1065310)[0m         
[36m(ClientAppActor pid=1065308)[0m 
[36m(ClientAppActor pid=1065308)[0m         
[36m(ClientAppActor pid=1065309)[0m 
[36m(ClientAppActor pid=1065309)[0m         
[92mINFO [0m:      aggregate_evaluate: received 5 results and 0 failures
[92mINFO [0m:      
[92mINFO [0m:      [ROUND 8]
[92mINFO [0m:      configure_fit: strategy sampled 5 clients (out of 5)
[36m(ClientAppActor pid=1065309)[0m 
[36m(ClientAppActor pid=1065309)[0m         
[36m(ClientAppActor pid=1065308)[0m 
[36m(ClientAppActor pid=1065308)[0m         
[36m(ClientAppActor pid=1065310)[0m 
[36m(ClientAppActor pid=1065310)[0m         
[36m(ClientAppActor pid=1065307)[0m 
[36m(ClientAppActor pid=1065307)[0m         
[36m(ClientAppActor pid=1065311)[0m 
[36m(ClientAppActor pid=1065311)[0m         
[92mINFO [0m:      aggregate_fit: received 5 results and 0 failures
[92mINFO [0m:      fit progress: (8, 0.9992149425506591, {'accuracy': 0.6667, 'loss': 0.9992149425506591}, 126.87267667899141)
[92mINFO [0m:      configure_evaluate: strategy sampled 5 clients (out of 5)
[36m(ClientAppActor pid=1065307)[0m 
[36m(ClientAppActor pid=1065307)[0m         
[36m(ClientAppActor pid=1065307)[0m [93mWARNING [0m:   DEPRECATED FEATURE: `client_fn` now expects a signature `def client_fn(context: Context)`.The provided `client_fn` has signature: {'cid': <Parameter "cid: str">}. You can import the `Context` like this: `from flwr.app import Context`[32m [repeated 10x across cluster][0m
[36m(ClientAppActor pid=1065307)[0m             This is a deprecated feature. It will be removed[32m [repeated 10x across cluster][0m
[36m(ClientAppActor pid=1065307)[0m             entirely in future versions of Flower.[32m [repeated 10x across cluster][0m
[36m(ClientAppActor pid=1065311)[0m 
[36m(ClientAppActor pid=1065311)[0m         
[36m(ClientAppActor pid=1065308)[0m 
[36m(ClientAppActor pid=1065308)[0m         
[36m(ClientAppActor pid=1065310)[0m 
[36m(ClientAppActor pid=1065310)[0m         
[36m(ClientAppActor pid=1065309)[0m 
[36m(ClientAppActor pid=1065309)[0m         
[92mINFO [0m:      aggregate_evaluate: received 5 results and 0 failures
[92mINFO [0m:      
[92mINFO [0m:      [ROUND 9]
[92mINFO [0m:      configure_fit: strategy sampled 5 clients (out of 5)
[36m(ClientAppActor pid=1065309)[0m 
[36m(ClientAppActor pid=1065309)[0m         
[36m(ClientAppActor pid=1065310)[0m 
[36m(ClientAppActor pid=1065310)[0m         
[36m(ClientAppActor pid=1065308)[0m 
[36m(ClientAppActor pid=1065308)[0m         
[36m(ClientAppActor pid=1065311)[0m 
[36m(ClientAppActor pid=1065311)[0m         
[36m(ClientAppActor pid=1065307)[0m 
[36m(ClientAppActor pid=1065307)[0m         
[92mINFO [0m:      aggregate_fit: received 5 results and 0 failures
[92mINFO [0m:      fit progress: (9, 0.9634505211830139, {'accuracy': 0.6724, 'loss': 0.9634505211830139}, 142.368131606956)
[92mINFO [0m:      configure_evaluate: strategy sampled 5 clients (out of 5)
[36m(ClientAppActor pid=1065308)[0m 
[36m(ClientAppActor pid=1065308)[0m         
[36m(ClientAppActor pid=1065308)[0m [93mWARNING [0m:   DEPRECATED FEATURE: `client_fn` now expects a signature `def client_fn(context: Context)`.The provided `client_fn` has signature: {'cid': <Parameter "cid: str">}. You can import the `Context` like this: `from flwr.app import Context`[32m [repeated 10x across cluster][0m
[36m(ClientAppActor pid=1065308)[0m             This is a deprecated feature. It will be removed[32m [repeated 10x across cluster][0m
[36m(ClientAppActor pid=1065308)[0m             entirely in future versions of Flower.[32m [repeated 10x across cluster][0m
[36m(ClientAppActor pid=1065310)[0m 
[36m(ClientAppActor pid=1065310)[0m         
[36m(ClientAppActor pid=1065311)[0m 
[36m(ClientAppActor pid=1065311)[0m         
[36m(ClientAppActor pid=1065309)[0m 
[36m(ClientAppActor pid=1065309)[0m         
[36m(ClientAppActor pid=1065307)[0m 
[36m(ClientAppActor pid=1065307)[0m         
[92mINFO [0m:      aggregate_evaluate: received 5 results and 0 failures
[92mINFO [0m:      
[92mINFO [0m:      [ROUND 10]
[92mINFO [0m:      configure_fit: strategy sampled 5 clients (out of 5)
[36m(ClientAppActor pid=1065307)[0m 
[36m(ClientAppActor pid=1065307)[0m         
[36m(ClientAppActor pid=1065309)[0m 
[36m(ClientAppActor pid=1065309)[0m         
[36m(ClientAppActor pid=1065311)[0m 
[36m(ClientAppActor pid=1065311)[0m         
[36m(ClientAppActor pid=1065310)[0m 
[36m(ClientAppActor pid=1065310)[0m         
[36m(ClientAppActor pid=1065308)[0m 
[36m(ClientAppActor pid=1065308)[0m         
[92mINFO [0m:      aggregate_fit: received 5 results and 0 failures
[92mINFO [0m:      fit progress: (10, 0.997016794681549, {'accuracy': 0.6771, 'loss': 0.997016794681549}, 158.15391049196478)
[92mINFO [0m:      configure_evaluate: strategy sampled 5 clients (out of 5)
[36m(ClientAppActor pid=1065308)[0m 
[36m(ClientAppActor pid=1065308)[0m         
[36m(ClientAppActor pid=1065308)[0m [93mWARNING [0m:   DEPRECATED FEATURE: `client_fn` now expects a signature `def client_fn(context: Context)`.The provided `client_fn` has signature: {'cid': <Parameter "cid: str">}. You can import the `Context` like this: `from flwr.app import Context`[32m [repeated 10x across cluster][0m
[36m(ClientAppActor pid=1065308)[0m             This is a deprecated feature. It will be removed[32m [repeated 10x across cluster][0m
[36m(ClientAppActor pid=1065308)[0m             entirely in future versions of Flower.[32m [repeated 10x across cluster][0m
[36m(ClientAppActor pid=1065311)[0m 
[36m(ClientAppActor pid=1065311)[0m         
[36m(ClientAppActor pid=1065307)[0m 
[36m(ClientAppActor pid=1065307)[0m         
[36m(ClientAppActor pid=1065309)[0m 
[36m(ClientAppActor pid=1065309)[0m         
[36m(ClientAppActor pid=1065310)[0m 
[36m(ClientAppActor pid=1065310)[0m         
[92mINFO [0m:      aggregate_evaluate: received 5 results and 0 failures
[92mINFO [0m:      
[92mINFO [0m:      [SUMMARY]
[92mINFO [0m:      Run finished 10 round(s) in 159.00s
[92mINFO [0m:      	History (loss, distributed):
[92mINFO [0m:      		round 1: 2.2449144805226626
[92mINFO [0m:      		round 2: 1.8938656405669874
[92mINFO [0m:      		round 3: 1.5624181081314668
[92mINFO [0m:      		round 4: 1.3475704771273134
[92mINFO [0m:      		round 5: 1.2288407472764649
[92mINFO [0m:      		round 6: 1.0806457470206559
[92mINFO [0m:      		round 7: 0.9972298487561757
[92mINFO [0m:      		round 8: 0.9652998414503283
[92mINFO [0m:      		round 9: 0.9392480691965698
[92mINFO [0m:      		round 10: 0.9688378154587488
[92mINFO [0m:      	History (loss, centralized):
[92mINFO [0m:      		round 0: 2.303504905319214
[92mINFO [0m:      		round 1: 2.2453989948272706
[92mINFO [0m:      		round 2: 1.9058557863235475
[92mINFO [0m:      		round 3: 1.5859693035125733
[92mINFO [0m:      		round 4: 1.3694250507354737
[92mINFO [0m:      		round 5: 1.2535755855560302
[92mINFO [0m:      		round 6: 1.109131760597229
[92mINFO [0m:      		round 7: 1.025554704093933
[92mINFO [0m:      		round 8: 0.9992149425506591
[92mINFO [0m:      		round 9: 0.9634505211830139
[92mINFO [0m:      		round 10: 0.997016794681549
[92mINFO [0m:      	History (metrics, distributed, fit):
[92mINFO [0m:      	{'avg_epochs_weighted': [(1, 3.4884671792364785),
[92mINFO [0m:      	                         (2, 3.4884671792364785),
[92mINFO [0m:      	                         (3, 3.4884671792364785),
[92mINFO [0m:      	                         (4, 3.4884671792364785),
[92mINFO [0m:      	                         (5, 3.4884671792364785),
[92mINFO [0m:      	                         (6, 3.4884671792364785),
[92mINFO [0m:      	                         (7, 3.4884671792364785),
[92mINFO [0m:      	                         (8, 3.4884671792364785),
[92mINFO [0m:      	                         (9, 3.4884671792364785),
[92mINFO [0m:      	                         (10, 3.4884671792364785)],
[92mINFO [0m:      	 'avg_flops_per_client_round': [(1, 5679660060672.0),
[92mINFO [0m:      	                                (2, 5679660060672.0),
[92mINFO [0m:      	                                (3, 5679660060672.0),
[92mINFO [0m:      	                                (4, 5679660060672.0),
[92mINFO [0m:      	                                (5, 5679660060672.0),
[92mINFO [0m:      	                                (6, 5679660060672.0),
[92mINFO [0m:      	                                (7, 5679660060672.0),
[92mINFO [0m:      	                                (8, 5679660060672.0),
[92mINFO [0m:      	                                (9, 5679660060672.0),
[92mINFO [0m:      	                                (10, 5679660060672.0)],
[92mINFO [0m:      	 'avg_lr_weighted': [(1, 0.005662416038186514),
[92mINFO [0m:      	                     (2, 0.005662416038186514),
[92mINFO [0m:      	                     (3, 0.005662416038186514),
[92mINFO [0m:      	                     (4, 0.005662416038186514),
[92mINFO [0m:      	                     (5, 0.005662416038186514),
[92mINFO [0m:      	                     (6, 0.005662416038186514),
[92mINFO [0m:      	                     (7, 0.005662416038186514),
[92mINFO [0m:      	                     (8, 0.005662416038186514),
[92mINFO [0m:      	                     (9, 0.005662416038186514),
[92mINFO [0m:      	                     (10, 0.005662416038186514)],
[92mINFO [0m:      	 'total_flops_round': [(1, 28398300303360),
[92mINFO [0m:      	                       (2, 28398300303360),
[92mINFO [0m:      	                       (3, 28398300303360),
[92mINFO [0m:      	                       (4, 28398300303360),
[92mINFO [0m:      	                       (5, 28398300303360),
[92mINFO [0m:      	                       (6, 28398300303360),
[92mINFO [0m:      	                       (7, 28398300303360),
[92mINFO [0m:      	                       (8, 28398300303360),
[92mINFO [0m:      	                       (9, 28398300303360),
[92mINFO [0m:      	                       (10, 28398300303360)]}
[92mINFO [0m:      	History (metrics, distributed, evaluate):
[92mINFO [0m:      	{'accuracy': [(1, 0.14405762304921968),
[92mINFO [0m:      	              (2, 0.3475390156062425),
[92mINFO [0m:      	              (3, 0.4699879951980792),
[92mINFO [0m:      	              (4, 0.5428171268507404),
[92mINFO [0m:      	              (5, 0.5794317727090836),
[92mINFO [0m:      	              (6, 0.6228491396558623),
[92mINFO [0m:      	              (7, 0.6658663465386154),
[92mINFO [0m:      	              (8, 0.6692677070828331),
[92mINFO [0m:      	              (9, 0.6762705082032813),
[92mINFO [0m:      	              (10, 0.6762705082032813)],
[92mINFO [0m:      	 'loss': [(1, 2.2449144805226626),
[92mINFO [0m:      	          (2, 1.8938656405669874),
[92mINFO [0m:      	          (3, 1.5624181081314668),
[92mINFO [0m:      	          (4, 1.3475704771273134),
[92mINFO [0m:      	          (5, 1.2288407472764649),
[92mINFO [0m:      	          (6, 1.0806457470206559),
[92mINFO [0m:      	          (7, 0.9972298487561757),
[92mINFO [0m:      	          (8, 0.9652998414503283),
[92mINFO [0m:      	          (9, 0.9392480691965698),
[92mINFO [0m:      	          (10, 0.9688378154587488)]}
[92mINFO [0m:      	History (metrics, centralized):
[92mINFO [0m:      	{'accuracy': [(0, 0.1),
[92mINFO [0m:      	              (1, 0.147),
[92mINFO [0m:      	              (2, 0.3469),
[92mINFO [0m:      	              (3, 0.4755),
[92mINFO [0m:      	              (4, 0.5416),
[92mINFO [0m:      	              (5, 0.5741),
[92mINFO [0m:      	              (6, 0.6158),
[92mINFO [0m:      	              (7, 0.6525),
[92mINFO [0m:      	              (8, 0.6667),
[92mINFO [0m:      	              (9, 0.6724),
[92mINFO [0m:      	              (10, 0.6771)],
[92mINFO [0m:      	 'loss': [(0, 2.303504905319214),
[92mINFO [0m:      	          (1, 2.2453989948272706),
[92mINFO [0m:      	          (2, 1.9058557863235475),
[92mINFO [0m:      	          (3, 1.5859693035125733),
[92mINFO [0m:      	          (4, 1.3694250507354737),
[92mINFO [0m:      	          (5, 1.2535755855560302),
[92mINFO [0m:      	          (6, 1.109131760597229),
[92mINFO [0m:      	          (7, 1.025554704093933),
[92mINFO [0m:      	          (8, 0.9992149425506591),
[92mINFO [0m:      	          (9, 0.9634505211830139),
[92mINFO [0m:      	          (10, 0.997016794681549)]}
[92mINFO [0m:      
Treinando no dispositivo: cuda:0 com o dataset: CIFAR10 | Setup clientes: 5 (num_gpus por cliente=0.2) | SEED=43
FLOPS por amostra (forward): 6.030e+07 | (forward+backward, 3x): 1.809e+08
Files already downloaded and verified
Files already downloaded and verified
Dividindo o dataset usando a distribuição de Dirichlet com alpha=0.1.
Iniciando a simulação de Aprendizado Federado...
=== Diagnóstico de Medição de GPU ===
  pynvml_disponivel: True
  pynvml_versao: 580.173.02
  gpus_detectadas: 1
  leitura_potencia_ok: True
  potencia_atual_W: 50.562

--- Rodada 0 - Avaliação Centralizada (Servidor) ---
Loss (Servidor): 2.3035 | Acurácia (Servidor): 0.1000
[36m(ClientAppActor pid=1065310)[0m Cliente 0: HetRaw=1.4531 | HetNorm=0.4844 | Epochs=4 (dyn=True) | LR=0.005792 (dyn=True) | FedProx=True (mu=0.01)

--- Rodada 1 - Avaliação Centralizada (Servidor) ---
Loss (Servidor): 2.2454 | Acurácia (Servidor): 0.1470
--- Avaliação Agregada (Clientes) ---
Loss Média (Clientes): 2.2449 | Acurácia Média (Clientes): 0.1441
[36m(ClientAppActor pid=1065307)[0m Cliente 4: HetRaw=2.7183 | HetNorm=0.9061 | Epochs=2 (dyn=True) | LR=0.004239 (dyn=True) | FedProx=True (mu=0.01)[32m [repeated 5x across cluster][0m

--- Rodada 2 - Avaliação Centralizada (Servidor) ---
Loss (Servidor): 1.9059 | Acurácia (Servidor): 0.3469
--- Avaliação Agregada (Clientes) ---
Loss Média (Clientes): 1.8939 | Acurácia Média (Clientes): 0.3475
[36m(ClientAppActor pid=1065310)[0m Cliente 2: HetRaw=1.2258 | HetNorm=0.4086 | Epochs=4 (dyn=True) | LR=0.006200 (dyn=True) | FedProx=True (mu=0.01)[32m [repeated 5x across cluster][0m

--- Rodada 3 - Avaliação Centralizada (Servidor) ---
Loss (Servidor): 1.5860 | Acurácia (Servidor): 0.4755
--- Avaliação Agregada (Clientes) ---
Loss Média (Clientes): 1.5624 | Acurácia Média (Clientes): 0.4700
[36m(ClientAppActor pid=1065311)[0m Cliente 3: HetRaw=1.5907 | HetNorm=0.5302 | Epochs=3 (dyn=True) | LR=0.005570 (dyn=True) | FedProx=True (mu=0.01)[32m [repeated 5x across cluster][0m

--- Rodada 4 - Avaliação Centralizada (Servidor) ---
Loss (Servidor): 1.3694 | Acurácia (Servidor): 0.5416
--- Avaliação Agregada (Clientes) ---
Loss Média (Clientes): 1.3476 | Acurácia Média (Clientes): 0.5428
[36m(ClientAppActor pid=1065309)[0m Cliente 1: HetRaw=1.8454 | HetNorm=0.6151 | Epochs=3 (dyn=True) | LR=0.005201 (dyn=True) | FedProx=True (mu=0.01)[32m [repeated 5x across cluster][0m

--- Rodada 5 - Avaliação Centralizada (Servidor) ---
Loss (Servidor): 1.2536 | Acurácia (Servidor): 0.5741
--- Avaliação Agregada (Clientes) ---
Loss Média (Clientes): 1.2288 | Acurácia Média (Clientes): 0.5794
[36m(ClientAppActor pid=1065308)[0m Cliente 0: HetRaw=1.4531 | HetNorm=0.4844 | Epochs=4 (dyn=True) | LR=0.005792 (dyn=True) | FedProx=True (mu=0.01)[32m [repeated 5x across cluster][0m

--- Rodada 6 - Avaliação Centralizada (Servidor) ---
Loss (Servidor): 1.1091 | Acurácia (Servidor): 0.6158
--- Avaliação Agregada (Clientes) ---
Loss Média (Clientes): 1.0806 | Acurácia Média (Clientes): 0.6228
[36m(ClientAppActor pid=1065310)[0m Cliente 3: HetRaw=1.5907 | HetNorm=0.5302 | Epochs=3 (dyn=True) | LR=0.005570 (dyn=True) | FedProx=True (mu=0.01)[32m [repeated 5x across cluster][0m

--- Rodada 7 - Avaliação Centralizada (Servidor) ---
Loss (Servidor): 1.0256 | Acurácia (Servidor): 0.6525
--- Avaliação Agregada (Clientes) ---
Loss Média (Clientes): 0.9972 | Acurácia Média (Clientes): 0.6659
[36m(ClientAppActor pid=1065309)[0m Cliente 4: HetRaw=2.7183 | HetNorm=0.9061 | Epochs=2 (dyn=True) | LR=0.004239 (dyn=True) | FedProx=True (mu=0.01)[32m [repeated 5x across cluster][0m

--- Rodada 8 - Avaliação Centralizada (Servidor) ---
Loss (Servidor): 0.9992 | Acurácia (Servidor): 0.6667
--- Avaliação Agregada (Clientes) ---
Loss Média (Clientes): 0.9653 | Acurácia Média (Clientes): 0.6693
[36m(ClientAppActor pid=1065309)[0m Cliente 1: HetRaw=1.8454 | HetNorm=0.6151 | Epochs=3 (dyn=True) | LR=0.005201 (dyn=True) | FedProx=True (mu=0.01)[32m [repeated 5x across cluster][0m

--- Rodada 9 - Avaliação Centralizada (Servidor) ---
Loss (Servidor): 0.9635 | Acurácia (Servidor): 0.6724
--- Avaliação Agregada (Clientes) ---
Loss Média (Clientes): 0.9392 | Acurácia Média (Clientes): 0.6763
[36m(ClientAppActor pid=1065307)[0m Cliente 3: HetRaw=1.5907 | HetNorm=0.5302 | Epochs=3 (dyn=True) | LR=0.005570 (dyn=True) | FedProx=True (mu=0.01)[32m [repeated 5x across cluster][0m

--- Rodada 10 - Avaliação Centralizada (Servidor) ---
Loss (Servidor): 0.9970 | Acurácia (Servidor): 0.6771
--- Avaliação Agregada (Clientes) ---
Loss Média (Clientes): 0.9688 | Acurácia Média (Clientes): 0.6763

Resultados salvos em: /home/tiago/GitHubProjects/fedhad-thesis-2/FedHAD-results/1.1_diagnostico_drift/CIFAR10-Standard/FedHAD__CIFAR10__Mode-STANDARD__Cfg-E1L1F1__Setup-5__Clients-5__Rounds-10__Delay-0_05__Alpha-0_1__Seed-43.txt
[36m(ClientAppActor pid=1065310)[0m [93mWARNING [0m:   DEPRECATED FEATURE: `client_fn` now expects a signature `def client_fn(context: Context)`.The provided `client_fn` has signature: {'cid': <Parameter "cid: str">}. You can import the `Context` like this: `from flwr.app import Context`[32m [repeated 4x across cluster][0m
[36m(ClientAppActor pid=1065310)[0m             This is a deprecated feature. It will be removed[32m [repeated 4x across cluster][0m
[36m(ClientAppActor pid=1065310)[0m             entirely in future versions of Flower.[32m [repeated 4x across cluster][0m
[36m(ClientAppActor pid=1065308)[0m Cliente 2: HetRaw=1.2258 | HetNorm=0.4086 | Epochs=4 (dyn=True) | LR=0.006200 (dyn=True) | FedProx=True (mu=0.01)[32m [repeated 4x across cluster][0m
