[codecarbon WARNING @ 16:34:17] Multiple instances of codecarbon are allowed to run at the same time.
[93mWARNING [0m:   DEPRECATED FEATURE: flwr.simulation.start_simulation() is deprecated.
	Instead, use the `flwr run` CLI command to start a local simulation in your Flower app, as shown for example below:

		$ flwr new  # Create a new Flower app from a template

		$ flwr run  # Run the Flower app in Simulation Mode

	Using `start_simulation()` is deprecated.

            This is a deprecated feature. It will be removed
            entirely in future versions of Flower.
        
[92mINFO [0m:      Starting Flower simulation, config: num_rounds=10, no round_timeout
2026-09-04 16:34:25,464	INFO worker.py:2012 -- Started a local Ray instance.
/home/tiago/GitHubProjects/fedhad-thesis-2/env_flwr_pt/lib/python3.12/site-packages/ray/_private/worker.py:2051: FutureWarning: Tip: In future versions of Ray, Ray will no longer override accelerator visible devices env var if num_gpus=0 or num_gpus=None (default). To enable this behavior and turn off this error message, set RAY_ACCEL_ENV_VAR_OVERRIDE_ON_ZERO=0
  warnings.warn(
[92mINFO [0m:      Flower VCE: Ray initialized with resources: {'CPU': 64.0, 'node:10.129.64.100': 1.0, 'memory': 180796737946.0, 'node:__internal_head__': 1.0, 'GPU': 1.0, 'accelerator_type:A40': 1.0, 'object_store_memory': 77484316262.0}
[92mINFO [0m:      Optimize your simulation with Flower VCE: https://flower.ai/docs/framework/how-to-run-simulations.html
/home/tiago/GitHubProjects/fedhad-thesis-2/FedHAD_Final_2.0.py:1916: UserWarning: No `num_cpus` specified in `client_resources`. Using `num_cpus=1` for each client.
  history = fl.simulation.start_simulation(
[92mINFO [0m:      Flower VCE: Resources for each Virtual Client: {'num_gpus': 0.2, 'num_cpus': 1}
[92mINFO [0m:      Flower VCE: Creating VirtualClientEngineActorPool with 5 actors
[92mINFO [0m:      [INIT]
[92mINFO [0m:      Requesting initial parameters from one random client
[36m(ClientAppActor pid=1018681)[0m [93mWARNING [0m:   DEPRECATED FEATURE: `client_fn` now expects a signature `def client_fn(context: Context)`.The provided `client_fn` has signature: {'cid': <Parameter "cid: str">}. You can import the `Context` like this: `from flwr.app import Context`
[36m(ClientAppActor pid=1018681)[0m 
[36m(ClientAppActor pid=1018681)[0m             This is a deprecated feature. It will be removed
[36m(ClientAppActor pid=1018681)[0m             entirely in future versions of Flower.
[36m(ClientAppActor pid=1018681)[0m         
[92mINFO [0m:      Received initial parameters from one random client
[92mINFO [0m:      Starting evaluation of initial global parameters
[92mINFO [0m:      initial parameters (loss, other metrics): 2.30315573425293, {'accuracy': 0.1007, 'loss': 2.30315573425293}
[92mINFO [0m:      
[92mINFO [0m:      [ROUND 1]
[92mINFO [0m:      configure_fit: strategy sampled 5 clients (out of 5)
[36m(ClientAppActor pid=1018681)[0m [93mWARNING [0m:   DEPRECATED FEATURE: `client_fn` now expects a signature `def client_fn(context: Context)`.The provided `client_fn` has signature: {'cid': <Parameter "cid: str">}. You can import the `Context` like this: `from flwr.app import Context`
[36m(ClientAppActor pid=1018681)[0m 
[36m(ClientAppActor pid=1018681)[0m             This is a deprecated feature. It will be removed
[36m(ClientAppActor pid=1018681)[0m             entirely in future versions of Flower.
[36m(ClientAppActor pid=1018681)[0m         
[36m(ClientAppActor pid=1018679)[0m 
[36m(ClientAppActor pid=1018679)[0m         
[36m(ClientAppActor pid=1018680)[0m 
[36m(ClientAppActor pid=1018680)[0m         
[36m(ClientAppActor pid=1018678)[0m 
[36m(ClientAppActor pid=1018678)[0m         
[36m(ClientAppActor pid=1018677)[0m 
[36m(ClientAppActor pid=1018677)[0m         
[92mINFO [0m:      aggregate_fit: received 5 results and 0 failures
[92mINFO [0m:      fit progress: (1, 2.153967481994629, {'accuracy': 0.1801, 'loss': 2.153967481994629}, 16.136841284984257)
[92mINFO [0m:      configure_evaluate: strategy sampled 5 clients (out of 5)
[36m(ClientAppActor pid=1018680)[0m 
[36m(ClientAppActor pid=1018680)[0m         
[36m(ClientAppActor pid=1018680)[0m [93mWARNING [0m:   DEPRECATED FEATURE: `client_fn` now expects a signature `def client_fn(context: Context)`.The provided `client_fn` has signature: {'cid': <Parameter "cid: str">}. You can import the `Context` like this: `from flwr.app import Context`[32m [repeated 5x across cluster] (Ray deduplicates logs by default. Set RAY_DEDUP_LOGS=0 to disable log deduplication, or see https://docs.ray.io/en/master/ray-observability/user-guides/configure-logging.html#log-deduplication for more options.)[0m
[36m(ClientAppActor pid=1018680)[0m             This is a deprecated feature. It will be removed[32m [repeated 5x across cluster][0m
[36m(ClientAppActor pid=1018680)[0m             entirely in future versions of Flower.[32m [repeated 5x across cluster][0m
[36m(ClientAppActor pid=1018679)[0m 
[36m(ClientAppActor pid=1018679)[0m         
[36m(ClientAppActor pid=1018678)[0m 
[36m(ClientAppActor pid=1018678)[0m         
[36m(ClientAppActor pid=1018677)[0m 
[36m(ClientAppActor pid=1018677)[0m         
[36m(ClientAppActor pid=1018681)[0m 
[36m(ClientAppActor pid=1018681)[0m         
[92mINFO [0m:      aggregate_evaluate: received 5 results and 0 failures
[92mINFO [0m:      
[92mINFO [0m:      [ROUND 2]
[92mINFO [0m:      configure_fit: strategy sampled 5 clients (out of 5)
[36m(ClientAppActor pid=1018681)[0m 
[36m(ClientAppActor pid=1018681)[0m         
[36m(ClientAppActor pid=1018677)[0m 
[36m(ClientAppActor pid=1018677)[0m         
[36m(ClientAppActor pid=1018678)[0m 
[36m(ClientAppActor pid=1018678)[0m         
[36m(ClientAppActor pid=1018679)[0m 
[36m(ClientAppActor pid=1018679)[0m         
[36m(ClientAppActor pid=1018680)[0m 
[36m(ClientAppActor pid=1018680)[0m         
[92mINFO [0m:      aggregate_fit: received 5 results and 0 failures
[92mINFO [0m:      fit progress: (2, 1.2420637405395507, {'accuracy': 0.6363, 'loss': 1.2420637405395507}, 31.226790187996812)
[92mINFO [0m:      configure_evaluate: strategy sampled 5 clients (out of 5)
[36m(ClientAppActor pid=1018679)[0m 
[36m(ClientAppActor pid=1018679)[0m         
[36m(ClientAppActor pid=1018679)[0m [93mWARNING [0m:   DEPRECATED FEATURE: `client_fn` now expects a signature `def client_fn(context: Context)`.The provided `client_fn` has signature: {'cid': <Parameter "cid: str">}. You can import the `Context` like this: `from flwr.app import Context`[32m [repeated 10x across cluster][0m
[36m(ClientAppActor pid=1018679)[0m             This is a deprecated feature. It will be removed[32m [repeated 10x across cluster][0m
[36m(ClientAppActor pid=1018679)[0m             entirely in future versions of Flower.[32m [repeated 10x across cluster][0m
[36m(ClientAppActor pid=1018678)[0m 
[36m(ClientAppActor pid=1018678)[0m         
[36m(ClientAppActor pid=1018680)[0m 
[36m(ClientAppActor pid=1018680)[0m         
[36m(ClientAppActor pid=1018677)[0m 
[36m(ClientAppActor pid=1018677)[0m         
[36m(ClientAppActor pid=1018681)[0m 
[36m(ClientAppActor pid=1018681)[0m         
[92mINFO [0m:      aggregate_evaluate: received 5 results and 0 failures
[92mINFO [0m:      
[92mINFO [0m:      [ROUND 3]
[92mINFO [0m:      configure_fit: strategy sampled 5 clients (out of 5)
[36m(ClientAppActor pid=1018681)[0m 
[36m(ClientAppActor pid=1018681)[0m         
[36m(ClientAppActor pid=1018677)[0m 
[36m(ClientAppActor pid=1018677)[0m         
[36m(ClientAppActor pid=1018680)[0m 
[36m(ClientAppActor pid=1018680)[0m         
[36m(ClientAppActor pid=1018678)[0m 
[36m(ClientAppActor pid=1018678)[0m         
[36m(ClientAppActor pid=1018679)[0m 
[36m(ClientAppActor pid=1018679)[0m         
[92mINFO [0m:      aggregate_fit: received 5 results and 0 failures
[92mINFO [0m:      fit progress: (3, 0.894508795261383, {'accuracy': 0.7049, 'loss': 0.894508795261383}, 46.45691537996754)
[92mINFO [0m:      configure_evaluate: strategy sampled 5 clients (out of 5)
[36m(ClientAppActor pid=1018678)[0m 
[36m(ClientAppActor pid=1018678)[0m         
[36m(ClientAppActor pid=1018678)[0m [93mWARNING [0m:   DEPRECATED FEATURE: `client_fn` now expects a signature `def client_fn(context: Context)`.The provided `client_fn` has signature: {'cid': <Parameter "cid: str">}. You can import the `Context` like this: `from flwr.app import Context`[32m [repeated 10x across cluster][0m
[36m(ClientAppActor pid=1018678)[0m             This is a deprecated feature. It will be removed[32m [repeated 10x across cluster][0m
[36m(ClientAppActor pid=1018678)[0m             entirely in future versions of Flower.[32m [repeated 10x across cluster][0m
[36m(ClientAppActor pid=1018677)[0m 
[36m(ClientAppActor pid=1018677)[0m         
[36m(ClientAppActor pid=1018681)[0m 
[36m(ClientAppActor pid=1018681)[0m         
[36m(ClientAppActor pid=1018679)[0m 
[36m(ClientAppActor pid=1018679)[0m         
[36m(ClientAppActor pid=1018680)[0m 
[36m(ClientAppActor pid=1018680)[0m         
[92mINFO [0m:      aggregate_evaluate: received 5 results and 0 failures
[92mINFO [0m:      
[92mINFO [0m:      [ROUND 4]
[92mINFO [0m:      configure_fit: strategy sampled 5 clients (out of 5)
[36m(ClientAppActor pid=1018680)[0m 
[36m(ClientAppActor pid=1018680)[0m         
[36m(ClientAppActor pid=1018679)[0m 
[36m(ClientAppActor pid=1018679)[0m         
[36m(ClientAppActor pid=1018681)[0m 
[36m(ClientAppActor pid=1018681)[0m         
[36m(ClientAppActor pid=1018677)[0m 
[36m(ClientAppActor pid=1018677)[0m         
[36m(ClientAppActor pid=1018678)[0m 
[36m(ClientAppActor pid=1018678)[0m         
[92mINFO [0m:      aggregate_fit: received 5 results and 0 failures
[92mINFO [0m:      fit progress: (4, 0.7347724236488342, {'accuracy': 0.7457, 'loss': 0.7347724236488342}, 61.59288667899091)
[92mINFO [0m:      configure_evaluate: strategy sampled 5 clients (out of 5)
[36m(ClientAppActor pid=1018678)[0m 
[36m(ClientAppActor pid=1018678)[0m         
[36m(ClientAppActor pid=1018678)[0m [93mWARNING [0m:   DEPRECATED FEATURE: `client_fn` now expects a signature `def client_fn(context: Context)`.The provided `client_fn` has signature: {'cid': <Parameter "cid: str">}. You can import the `Context` like this: `from flwr.app import Context`[32m [repeated 10x across cluster][0m
[36m(ClientAppActor pid=1018678)[0m             This is a deprecated feature. It will be removed[32m [repeated 10x across cluster][0m
[36m(ClientAppActor pid=1018678)[0m             entirely in future versions of Flower.[32m [repeated 10x across cluster][0m
[36m(ClientAppActor pid=1018677)[0m 
[36m(ClientAppActor pid=1018677)[0m         
[36m(ClientAppActor pid=1018681)[0m 
[36m(ClientAppActor pid=1018681)[0m         
[36m(ClientAppActor pid=1018679)[0m 
[36m(ClientAppActor pid=1018679)[0m         
[36m(ClientAppActor pid=1018680)[0m 
[36m(ClientAppActor pid=1018680)[0m         
[92mINFO [0m:      aggregate_evaluate: received 5 results and 0 failures
[92mINFO [0m:      
[92mINFO [0m:      [ROUND 5]
[92mINFO [0m:      configure_fit: strategy sampled 5 clients (out of 5)
[36m(ClientAppActor pid=1018680)[0m 
[36m(ClientAppActor pid=1018680)[0m         
[36m(ClientAppActor pid=1018679)[0m 
[36m(ClientAppActor pid=1018679)[0m         
[36m(ClientAppActor pid=1018681)[0m 
[36m(ClientAppActor pid=1018681)[0m         
[36m(ClientAppActor pid=1018677)[0m 
[36m(ClientAppActor pid=1018677)[0m         
[36m(ClientAppActor pid=1018678)[0m 
[36m(ClientAppActor pid=1018678)[0m         
[92mINFO [0m:      aggregate_fit: received 5 results and 0 failures
[92mINFO [0m:      fit progress: (5, 0.644606161403656, {'accuracy': 0.7827, 'loss': 0.644606161403656}, 76.7253205839661)
[92mINFO [0m:      configure_evaluate: strategy sampled 5 clients (out of 5)
[36m(ClientAppActor pid=1018678)[0m 
[36m(ClientAppActor pid=1018678)[0m         
[36m(ClientAppActor pid=1018678)[0m [93mWARNING [0m:   DEPRECATED FEATURE: `client_fn` now expects a signature `def client_fn(context: Context)`.The provided `client_fn` has signature: {'cid': <Parameter "cid: str">}. You can import the `Context` like this: `from flwr.app import Context`[32m [repeated 10x across cluster][0m
[36m(ClientAppActor pid=1018678)[0m             This is a deprecated feature. It will be removed[32m [repeated 10x across cluster][0m
[36m(ClientAppActor pid=1018678)[0m             entirely in future versions of Flower.[32m [repeated 10x across cluster][0m
[36m(ClientAppActor pid=1018680)[0m 
[36m(ClientAppActor pid=1018680)[0m         
[36m(ClientAppActor pid=1018677)[0m 
[36m(ClientAppActor pid=1018677)[0m         
[36m(ClientAppActor pid=1018681)[0m 
[36m(ClientAppActor pid=1018681)[0m         
[36m(ClientAppActor pid=1018679)[0m 
[36m(ClientAppActor pid=1018679)[0m         
[92mINFO [0m:      aggregate_evaluate: received 5 results and 0 failures
[92mINFO [0m:      
[92mINFO [0m:      [ROUND 6]
[92mINFO [0m:      configure_fit: strategy sampled 5 clients (out of 5)
[36m(ClientAppActor pid=1018679)[0m 
[36m(ClientAppActor pid=1018679)[0m         
[36m(ClientAppActor pid=1018681)[0m 
[36m(ClientAppActor pid=1018681)[0m         
[36m(ClientAppActor pid=1018680)[0m 
[36m(ClientAppActor pid=1018680)[0m         
[36m(ClientAppActor pid=1018677)[0m 
[36m(ClientAppActor pid=1018677)[0m         
[36m(ClientAppActor pid=1018678)[0m 
[36m(ClientAppActor pid=1018678)[0m         
[92mINFO [0m:      aggregate_fit: received 5 results and 0 failures
[92mINFO [0m:      fit progress: (6, 0.6152250563621521, {'accuracy': 0.7929, 'loss': 0.6152250563621521}, 92.11645122698974)
[92mINFO [0m:      configure_evaluate: strategy sampled 5 clients (out of 5)
[36m(ClientAppActor pid=1018678)[0m 
[36m(ClientAppActor pid=1018678)[0m         
[36m(ClientAppActor pid=1018678)[0m [93mWARNING [0m:   DEPRECATED FEATURE: `client_fn` now expects a signature `def client_fn(context: Context)`.The provided `client_fn` has signature: {'cid': <Parameter "cid: str">}. You can import the `Context` like this: `from flwr.app import Context`[32m [repeated 10x across cluster][0m
[36m(ClientAppActor pid=1018678)[0m             This is a deprecated feature. It will be removed[32m [repeated 10x across cluster][0m
[36m(ClientAppActor pid=1018678)[0m             entirely in future versions of Flower.[32m [repeated 10x across cluster][0m
[36m(ClientAppActor pid=1018679)[0m 
[36m(ClientAppActor pid=1018679)[0m         
[36m(ClientAppActor pid=1018680)[0m 
[36m(ClientAppActor pid=1018680)[0m         
[36m(ClientAppActor pid=1018677)[0m 
[36m(ClientAppActor pid=1018677)[0m         
[36m(ClientAppActor pid=1018681)[0m 
[36m(ClientAppActor pid=1018681)[0m         
[92mINFO [0m:      aggregate_evaluate: received 5 results and 0 failures
[92mINFO [0m:      
[92mINFO [0m:      [ROUND 7]
[92mINFO [0m:      configure_fit: strategy sampled 5 clients (out of 5)
[36m(ClientAppActor pid=1018681)[0m 
[36m(ClientAppActor pid=1018681)[0m         
[36m(ClientAppActor pid=1018677)[0m 
[36m(ClientAppActor pid=1018677)[0m         
[36m(ClientAppActor pid=1018680)[0m 
[36m(ClientAppActor pid=1018680)[0m         
[36m(ClientAppActor pid=1018679)[0m 
[36m(ClientAppActor pid=1018679)[0m         
[36m(ClientAppActor pid=1018678)[0m 
[36m(ClientAppActor pid=1018678)[0m         
[92mINFO [0m:      aggregate_fit: received 5 results and 0 failures
[92mINFO [0m:      fit progress: (7, 0.5849903438568115, {'accuracy': 0.805, 'loss': 0.5849903438568115}, 107.31933868094347)
[92mINFO [0m:      configure_evaluate: strategy sampled 5 clients (out of 5)
[36m(ClientAppActor pid=1018680)[0m 
[36m(ClientAppActor pid=1018680)[0m         
[36m(ClientAppActor pid=1018680)[0m [93mWARNING [0m:   DEPRECATED FEATURE: `client_fn` now expects a signature `def client_fn(context: Context)`.The provided `client_fn` has signature: {'cid': <Parameter "cid: str">}. You can import the `Context` like this: `from flwr.app import Context`[32m [repeated 10x across cluster][0m
[36m(ClientAppActor pid=1018680)[0m             This is a deprecated feature. It will be removed[32m [repeated 10x across cluster][0m
[36m(ClientAppActor pid=1018680)[0m             entirely in future versions of Flower.[32m [repeated 10x across cluster][0m
[36m(ClientAppActor pid=1018681)[0m 
[36m(ClientAppActor pid=1018681)[0m         
[36m(ClientAppActor pid=1018678)[0m 
[36m(ClientAppActor pid=1018678)[0m         
[36m(ClientAppActor pid=1018679)[0m 
[36m(ClientAppActor pid=1018679)[0m         
[36m(ClientAppActor pid=1018677)[0m 
[36m(ClientAppActor pid=1018677)[0m         
[92mINFO [0m:      aggregate_evaluate: received 5 results and 0 failures
[92mINFO [0m:      
[92mINFO [0m:      [ROUND 8]
[92mINFO [0m:      configure_fit: strategy sampled 5 clients (out of 5)
[36m(ClientAppActor pid=1018677)[0m 
[36m(ClientAppActor pid=1018677)[0m         
[36m(ClientAppActor pid=1018679)[0m 
[36m(ClientAppActor pid=1018679)[0m         
[36m(ClientAppActor pid=1018681)[0m 
[36m(ClientAppActor pid=1018681)[0m         
[36m(ClientAppActor pid=1018678)[0m 
[36m(ClientAppActor pid=1018678)[0m         
[36m(ClientAppActor pid=1018680)[0m 
[36m(ClientAppActor pid=1018680)[0m         
[92mINFO [0m:      aggregate_fit: received 5 results and 0 failures
[92mINFO [0m:      fit progress: (8, 0.5716592272281646, {'accuracy': 0.8127, 'loss': 0.5716592272281646}, 122.58869708696147)
[92mINFO [0m:      configure_evaluate: strategy sampled 5 clients (out of 5)
[36m(ClientAppActor pid=1018680)[0m 
[36m(ClientAppActor pid=1018680)[0m         
[36m(ClientAppActor pid=1018680)[0m [93mWARNING [0m:   DEPRECATED FEATURE: `client_fn` now expects a signature `def client_fn(context: Context)`.The provided `client_fn` has signature: {'cid': <Parameter "cid: str">}. You can import the `Context` like this: `from flwr.app import Context`[32m [repeated 10x across cluster][0m
[36m(ClientAppActor pid=1018680)[0m             This is a deprecated feature. It will be removed[32m [repeated 10x across cluster][0m
[36m(ClientAppActor pid=1018680)[0m             entirely in future versions of Flower.[32m [repeated 10x across cluster][0m
[36m(ClientAppActor pid=1018679)[0m 
[36m(ClientAppActor pid=1018679)[0m         
[36m(ClientAppActor pid=1018678)[0m 
[36m(ClientAppActor pid=1018678)[0m         
[36m(ClientAppActor pid=1018681)[0m 
[36m(ClientAppActor pid=1018681)[0m         
[36m(ClientAppActor pid=1018677)[0m 
[36m(ClientAppActor pid=1018677)[0m         
[92mINFO [0m:      aggregate_evaluate: received 5 results and 0 failures
[92mINFO [0m:      
[92mINFO [0m:      [ROUND 9]
[92mINFO [0m:      configure_fit: strategy sampled 5 clients (out of 5)
[36m(ClientAppActor pid=1018677)[0m 
[36m(ClientAppActor pid=1018677)[0m         
[36m(ClientAppActor pid=1018681)[0m 
[36m(ClientAppActor pid=1018681)[0m         
[36m(ClientAppActor pid=1018678)[0m 
[36m(ClientAppActor pid=1018678)[0m         
[36m(ClientAppActor pid=1018679)[0m 
[36m(ClientAppActor pid=1018679)[0m         
[36m(ClientAppActor pid=1018680)[0m 
[36m(ClientAppActor pid=1018680)[0m         
[92mINFO [0m:      aggregate_fit: received 5 results and 0 failures
[92mINFO [0m:      fit progress: (9, 0.572795593380928, {'accuracy': 0.8143, 'loss': 0.572795593380928}, 137.3950654519722)
[92mINFO [0m:      configure_evaluate: strategy sampled 5 clients (out of 5)
[36m(ClientAppActor pid=1018679)[0m 
[36m(ClientAppActor pid=1018679)[0m         
[36m(ClientAppActor pid=1018679)[0m [93mWARNING [0m:   DEPRECATED FEATURE: `client_fn` now expects a signature `def client_fn(context: Context)`.The provided `client_fn` has signature: {'cid': <Parameter "cid: str">}. You can import the `Context` like this: `from flwr.app import Context`[32m [repeated 10x across cluster][0m
[36m(ClientAppActor pid=1018679)[0m             This is a deprecated feature. It will be removed[32m [repeated 10x across cluster][0m
[36m(ClientAppActor pid=1018679)[0m             entirely in future versions of Flower.[32m [repeated 10x across cluster][0m
[36m(ClientAppActor pid=1018678)[0m 
[36m(ClientAppActor pid=1018678)[0m         
[36m(ClientAppActor pid=1018681)[0m 
[36m(ClientAppActor pid=1018681)[0m         
[36m(ClientAppActor pid=1018680)[0m 
[36m(ClientAppActor pid=1018680)[0m         
[36m(ClientAppActor pid=1018677)[0m 
[36m(ClientAppActor pid=1018677)[0m         
[92mINFO [0m:      aggregate_evaluate: received 5 results and 0 failures
[92mINFO [0m:      
[92mINFO [0m:      [ROUND 10]
[92mINFO [0m:      configure_fit: strategy sampled 5 clients (out of 5)
[36m(ClientAppActor pid=1018677)[0m 
[36m(ClientAppActor pid=1018677)[0m         
[36m(ClientAppActor pid=1018680)[0m 
[36m(ClientAppActor pid=1018680)[0m         
[36m(ClientAppActor pid=1018681)[0m 
[36m(ClientAppActor pid=1018681)[0m         
[36m(ClientAppActor pid=1018678)[0m 
[36m(ClientAppActor pid=1018678)[0m         
[36m(ClientAppActor pid=1018679)[0m 
[36m(ClientAppActor pid=1018679)[0m         
[92mINFO [0m:      aggregate_fit: received 5 results and 0 failures
[92mINFO [0m:      fit progress: (10, 0.5916291903018951, {'accuracy': 0.8172, 'loss': 0.5916291903018951}, 152.66206033498747)
[92mINFO [0m:      configure_evaluate: strategy sampled 5 clients (out of 5)
[36m(ClientAppActor pid=1018678)[0m 
[36m(ClientAppActor pid=1018678)[0m         
[36m(ClientAppActor pid=1018678)[0m [93mWARNING [0m:   DEPRECATED FEATURE: `client_fn` now expects a signature `def client_fn(context: Context)`.The provided `client_fn` has signature: {'cid': <Parameter "cid: str">}. You can import the `Context` like this: `from flwr.app import Context`[32m [repeated 10x across cluster][0m
[36m(ClientAppActor pid=1018678)[0m             This is a deprecated feature. It will be removed[32m [repeated 10x across cluster][0m
[36m(ClientAppActor pid=1018678)[0m             entirely in future versions of Flower.[32m [repeated 10x across cluster][0m
[36m(ClientAppActor pid=1018681)[0m 
[36m(ClientAppActor pid=1018681)[0m         
[36m(ClientAppActor pid=1018677)[0m 
[36m(ClientAppActor pid=1018677)[0m         
[36m(ClientAppActor pid=1018679)[0m 
[36m(ClientAppActor pid=1018679)[0m         
[36m(ClientAppActor pid=1018680)[0m 
[36m(ClientAppActor pid=1018680)[0m         
[92mINFO [0m:      aggregate_evaluate: received 5 results and 0 failures
[92mINFO [0m:      
[92mINFO [0m:      [SUMMARY]
[92mINFO [0m:      Run finished 10 round(s) in 153.51s
[92mINFO [0m:      	History (loss, distributed):
[92mINFO [0m:      		round 1: 2.1565294521962355
[92mINFO [0m:      		round 2: 1.2462547677074263
[92mINFO [0m:      		round 3: 0.883803360935018
[92mINFO [0m:      		round 4: 0.7277198309600293
[92mINFO [0m:      		round 5: 0.6450488930398497
[92mINFO [0m:      		round 6: 0.6206023950805921
[92mINFO [0m:      		round 7: 0.5866098438484838
[92mINFO [0m:      		round 8: 0.5596641547426623
[92mINFO [0m:      		round 9: 0.5692669562995434
[92mINFO [0m:      		round 10: 0.5758833949357586
[92mINFO [0m:      	History (loss, centralized):
[92mINFO [0m:      		round 0: 2.30315573425293
[92mINFO [0m:      		round 1: 2.153967481994629
[92mINFO [0m:      		round 2: 1.2420637405395507
[92mINFO [0m:      		round 3: 0.894508795261383
[92mINFO [0m:      		round 4: 0.7347724236488342
[92mINFO [0m:      		round 5: 0.644606161403656
[92mINFO [0m:      		round 6: 0.6152250563621521
[92mINFO [0m:      		round 7: 0.5849903438568115
[92mINFO [0m:      		round 8: 0.5716592272281646
[92mINFO [0m:      		round 9: 0.572795593380928
[92mINFO [0m:      		round 10: 0.5916291903018951
[92mINFO [0m:      	History (metrics, distributed, fit):
[92mINFO [0m:      	{'avg_epochs_weighted': [(1, 4.0),
[92mINFO [0m:      	                         (2, 4.0),
[92mINFO [0m:      	                         (3, 4.0),
[92mINFO [0m:      	                         (4, 4.0),
[92mINFO [0m:      	                         (5, 4.0),
[92mINFO [0m:      	                         (6, 4.0),
[92mINFO [0m:      	                         (7, 4.0),
[92mINFO [0m:      	                         (8, 4.0),
[92mINFO [0m:      	                         (9, 4.0),
[92mINFO [0m:      	                         (10, 4.0)],
[92mINFO [0m:      	 'avg_flops_per_client_round': [(1, 6512644067328.0),
[92mINFO [0m:      	                                (2, 6512644067328.0),
[92mINFO [0m:      	                                (3, 6512644067328.0),
[92mINFO [0m:      	                                (4, 6512644067328.0),
[92mINFO [0m:      	                                (5, 6512644067328.0),
[92mINFO [0m:      	                                (6, 6512644067328.0),
[92mINFO [0m:      	                                (7, 6512644067328.0),
[92mINFO [0m:      	                                (8, 6512644067328.0),
[92mINFO [0m:      	                                (9, 6512644067328.0),
[92mINFO [0m:      	                                (10, 6512644067328.0)],
[92mINFO [0m:      	 'avg_lr_weighted': [(1, 0.007064887279267229),
[92mINFO [0m:      	                     (2, 0.007064887279267229),
[92mINFO [0m:      	                     (3, 0.007064887279267229),
[92mINFO [0m:      	                     (4, 0.007064887279267229),
[92mINFO [0m:      	                     (5, 0.007064887279267229),
[92mINFO [0m:      	                     (6, 0.007064887279267229),
[92mINFO [0m:      	                     (7, 0.007064887279267229),
[92mINFO [0m:      	                     (8, 0.007064887279267229),
[92mINFO [0m:      	                     (9, 0.007064887279267229),
[92mINFO [0m:      	                     (10, 0.007064887279267229)],
[92mINFO [0m:      	 'total_flops_round': [(1, 32563220336640),
[92mINFO [0m:      	                       (2, 32563220336640),
[92mINFO [0m:      	                       (3, 32563220336640),
[92mINFO [0m:      	                       (4, 32563220336640),
[92mINFO [0m:      	                       (5, 32563220336640),
[92mINFO [0m:      	                       (6, 32563220336640),
[92mINFO [0m:      	                       (7, 32563220336640),
[92mINFO [0m:      	                       (8, 32563220336640),
[92mINFO [0m:      	                       (9, 32563220336640),
[92mINFO [0m:      	                       (10, 32563220336640)]}
[92mINFO [0m:      	History (metrics, distributed, evaluate):
[92mINFO [0m:      	{'accuracy': [(1, 0.18651190714428656),
[92mINFO [0m:      	              (2, 0.6385831498899339),
[92mINFO [0m:      	              (3, 0.7096257754652792),
[92mINFO [0m:      	              (4, 0.7438463077846708),
[92mINFO [0m:      	              (5, 0.7840704422653593),
[92mINFO [0m:      	              (6, 0.7878727236341805),
[92mINFO [0m:      	              (7, 0.8008805283169902),
[92mINFO [0m:      	              (8, 0.8098859315589354),
[92mINFO [0m:      	              (9, 0.8126876125675405),
[92mINFO [0m:      	              (10, 0.8204922953772263)],
[92mINFO [0m:      	 'loss': [(1, 2.1565294521962355),
[92mINFO [0m:      	          (2, 1.2462547677074263),
[92mINFO [0m:      	          (3, 0.883803360935018),
[92mINFO [0m:      	          (4, 0.7277198309600293),
[92mINFO [0m:      	          (5, 0.6450488930398497),
[92mINFO [0m:      	          (6, 0.6206023950805921),
[92mINFO [0m:      	          (7, 0.5866098438484838),
[92mINFO [0m:      	          (8, 0.5596641547426623),
[92mINFO [0m:      	          (9, 0.5692669562995434),
[92mINFO [0m:      	          (10, 0.5758833949357586)]}
[92mINFO [0m:      	History (metrics, centralized):
[92mINFO [0m:      	{'accuracy': [(0, 0.1007),
[92mINFO [0m:      	              (1, 0.1801),
[92mINFO [0m:      	              (2, 0.6363),
[92mINFO [0m:      	              (3, 0.7049),
[92mINFO [0m:      	              (4, 0.7457),
[92mINFO [0m:      	              (5, 0.7827),
[92mINFO [0m:      	              (6, 0.7929),
[92mINFO [0m:      	              (7, 0.805),
[92mINFO [0m:      	              (8, 0.8127),
[92mINFO [0m:      	              (9, 0.8143),
[92mINFO [0m:      	              (10, 0.8172)],
[92mINFO [0m:      	 'loss': [(0, 2.30315573425293),
[92mINFO [0m:      	          (1, 2.153967481994629),
[92mINFO [0m:      	          (2, 1.2420637405395507),
[92mINFO [0m:      	          (3, 0.894508795261383),
[92mINFO [0m:      	          (4, 0.7347724236488342),
[92mINFO [0m:      	          (5, 0.644606161403656),
[92mINFO [0m:      	          (6, 0.6152250563621521),
[92mINFO [0m:      	          (7, 0.5849903438568115),
[92mINFO [0m:      	          (8, 0.5716592272281646),
[92mINFO [0m:      	          (9, 0.572795593380928),
[92mINFO [0m:      	          (10, 0.5916291903018951)]}
[92mINFO [0m:      
Treinando no dispositivo: cuda:0 com o dataset: CIFAR10 | Setup clientes: 5 (num_gpus por cliente=0.2) | SEED=47
FLOPS por amostra (forward): 6.030e+07 | (forward+backward, 3x): 1.809e+08
Files already downloaded and verified
Files already downloaded and verified
Dividindo o dataset usando a distribuição de Dirichlet com alpha=1.0.
Iniciando a simulação de Aprendizado Federado...
=== Diagnóstico de Medição de GPU ===
  pynvml_disponivel: True
  pynvml_versao: 580.173.02
  gpus_detectadas: 1
  leitura_potencia_ok: True
  potencia_atual_W: 65.077

--- Rodada 0 - Avaliação Centralizada (Servidor) ---
Loss (Servidor): 2.3032 | Acurácia (Servidor): 0.1007
[36m(ClientAppActor pid=1018681)[0m Cliente 1: HetRaw=0.9271 | HetNorm=0.3090 | Epochs=4 (dyn=True) | LR=0.006833 (dyn=True) | FedProx=True (mu=0.01)

--- Rodada 1 - Avaliação Centralizada (Servidor) ---
Loss (Servidor): 2.1540 | Acurácia (Servidor): 0.1801
--- Avaliação Agregada (Clientes) ---
Loss Média (Clientes): 2.1565 | Acurácia Média (Clientes): 0.1865
[36m(ClientAppActor pid=1018681)[0m Cliente 1: HetRaw=0.9271 | HetNorm=0.3090 | Epochs=4 (dyn=True) | LR=0.006833 (dyn=True) | FedProx=True (mu=0.01)[32m [repeated 5x across cluster][0m

--- Rodada 2 - Avaliação Centralizada (Servidor) ---
Loss (Servidor): 1.2421 | Acurácia (Servidor): 0.6363
--- Avaliação Agregada (Clientes) ---
Loss Média (Clientes): 1.2463 | Acurácia Média (Clientes): 0.6386
[36m(ClientAppActor pid=1018681)[0m Cliente 4: HetRaw=0.8343 | HetNorm=0.2781 | Epochs=4 (dyn=True) | LR=0.007056 (dyn=True) | FedProx=True (mu=0.01)[32m [repeated 5x across cluster][0m

--- Rodada 3 - Avaliação Centralizada (Servidor) ---
Loss (Servidor): 0.8945 | Acurácia (Servidor): 0.7049
--- Avaliação Agregada (Clientes) ---
Loss Média (Clientes): 0.8838 | Acurácia Média (Clientes): 0.7096
[36m(ClientAppActor pid=1018680)[0m Cliente 1: HetRaw=0.9271 | HetNorm=0.3090 | Epochs=4 (dyn=True) | LR=0.006833 (dyn=True) | FedProx=True (mu=0.01)[32m [repeated 5x across cluster][0m

--- Rodada 4 - Avaliação Centralizada (Servidor) ---
Loss (Servidor): 0.7348 | Acurácia (Servidor): 0.7457
--- Avaliação Agregada (Clientes) ---
Loss Média (Clientes): 0.7277 | Acurácia Média (Clientes): 0.7438
[36m(ClientAppActor pid=1018680)[0m Cliente 2: HetRaw=0.9373 | HetNorm=0.3124 | Epochs=4 (dyn=True) | LR=0.006809 (dyn=True) | FedProx=True (mu=0.01)[32m [repeated 5x across cluster][0m

--- Rodada 5 - Avaliação Centralizada (Servidor) ---
Loss (Servidor): 0.6446 | Acurácia (Servidor): 0.7827
--- Avaliação Agregada (Clientes) ---
Loss Média (Clientes): 0.6450 | Acurácia Média (Clientes): 0.7841
[36m(ClientAppActor pid=1018679)[0m Cliente 0: HetRaw=0.6460 | HetNorm=0.2153 | Epochs=4 (dyn=True) | LR=0.007558 (dyn=True) | FedProx=True (mu=0.01)[32m [repeated 5x across cluster][0m

--- Rodada 6 - Avaliação Centralizada (Servidor) ---
Loss (Servidor): 0.6152 | Acurácia (Servidor): 0.7929
--- Avaliação Agregada (Clientes) ---
Loss Média (Clientes): 0.6206 | Acurácia Média (Clientes): 0.7879
[36m(ClientAppActor pid=1018681)[0m Cliente 0: HetRaw=0.6460 | HetNorm=0.2153 | Epochs=4 (dyn=True) | LR=0.007558 (dyn=True) | FedProx=True (mu=0.01)[32m [repeated 5x across cluster][0m

--- Rodada 7 - Avaliação Centralizada (Servidor) ---
Loss (Servidor): 0.5850 | Acurácia (Servidor): 0.8050
--- Avaliação Agregada (Clientes) ---
Loss Média (Clientes): 0.5866 | Acurácia Média (Clientes): 0.8009
[36m(ClientAppActor pid=1018677)[0m Cliente 3: HetRaw=0.8838 | HetNorm=0.2946 | Epochs=4 (dyn=True) | LR=0.006935 (dyn=True) | FedProx=True (mu=0.01)[32m [repeated 5x across cluster][0m

--- Rodada 8 - Avaliação Centralizada (Servidor) ---
Loss (Servidor): 0.5717 | Acurácia (Servidor): 0.8127
--- Avaliação Agregada (Clientes) ---
Loss Média (Clientes): 0.5597 | Acurácia Média (Clientes): 0.8099
[36m(ClientAppActor pid=1018677)[0m Cliente 3: HetRaw=0.8838 | HetNorm=0.2946 | Epochs=4 (dyn=True) | LR=0.006935 (dyn=True) | FedProx=True (mu=0.01)[32m [repeated 5x across cluster][0m

--- Rodada 9 - Avaliação Centralizada (Servidor) ---
Loss (Servidor): 0.5728 | Acurácia (Servidor): 0.8143
--- Avaliação Agregada (Clientes) ---
Loss Média (Clientes): 0.5693 | Acurácia Média (Clientes): 0.8127
[36m(ClientAppActor pid=1018677)[0m Cliente 4: HetRaw=0.8343 | HetNorm=0.2781 | Epochs=4 (dyn=True) | LR=0.007056 (dyn=True) | FedProx=True (mu=0.01)[32m [repeated 5x across cluster][0m

--- Rodada 10 - Avaliação Centralizada (Servidor) ---
Loss (Servidor): 0.5916 | Acurácia (Servidor): 0.8172
--- Avaliação Agregada (Clientes) ---
Loss Média (Clientes): 0.5759 | Acurácia Média (Clientes): 0.8205

Resultados salvos em: /home/tiago/GitHubProjects/fedhad-thesis-2/FedHAD-results/1.1_diagnostico_drift/CIFAR10-Standard/FedHAD__CIFAR10__Mode-STANDARD__Cfg-E1L1F1__Setup-5__Clients-5__Rounds-10__Delay-0_05__Alpha-1_0__Seed-47.txt
[36m(ClientAppActor pid=1018680)[0m [93mWARNING [0m:   DEPRECATED FEATURE: `client_fn` now expects a signature `def client_fn(context: Context)`.The provided `client_fn` has signature: {'cid': <Parameter "cid: str">}. You can import the `Context` like this: `from flwr.app import Context`[32m [repeated 4x across cluster][0m
[36m(ClientAppActor pid=1018680)[0m             This is a deprecated feature. It will be removed[32m [repeated 4x across cluster][0m
[36m(ClientAppActor pid=1018680)[0m             entirely in future versions of Flower.[32m [repeated 4x across cluster][0m
[36m(ClientAppActor pid=1018679)[0m Cliente 3: HetRaw=0.8838 | HetNorm=0.2946 | Epochs=4 (dyn=True) | LR=0.006935 (dyn=True) | FedProx=True (mu=0.01)[32m [repeated 4x across cluster][0m
