/home/tiago/GitHubProjects/fedhad-thesis-2/env_flwr_pt/lib/python3.12/site-packages/torch/utils/data/dataset.py:473: UserWarning: Length of split at index 0 is 0. This might result in an empty dataset.
  warnings.warn(
[codecarbon WARNING @ 17:43:06] Multiple instances of codecarbon are allowed to run at the same time.
[93mWARNING [0m:   DEPRECATED FEATURE: flwr.simulation.start_simulation() is deprecated.
	Instead, use the `flwr run` CLI command to start a local simulation in your Flower app, as shown for example below:

		$ flwr new  # Create a new Flower app from a template

		$ flwr run  # Run the Flower app in Simulation Mode

	Using `start_simulation()` is deprecated.

            This is a deprecated feature. It will be removed
            entirely in future versions of Flower.
        
[92mINFO [0m:      Starting Flower simulation, config: num_rounds=10, no round_timeout
2026-09-04 17:43:15,072	INFO worker.py:2012 -- Started a local Ray instance.
/home/tiago/GitHubProjects/fedhad-thesis-2/env_flwr_pt/lib/python3.12/site-packages/ray/_private/worker.py:2051: FutureWarning: Tip: In future versions of Ray, Ray will no longer override accelerator visible devices env var if num_gpus=0 or num_gpus=None (default). To enable this behavior and turn off this error message, set RAY_ACCEL_ENV_VAR_OVERRIDE_ON_ZERO=0
  warnings.warn(
[92mINFO [0m:      Flower VCE: Ray initialized with resources: {'object_store_memory': 77515633459.0, 'node:__internal_head__': 1.0, 'CPU': 64.0, 'accelerator_type:A40': 1.0, 'GPU': 1.0, 'node:10.129.64.100': 1.0, 'memory': 180869811405.0}
[92mINFO [0m:      Optimize your simulation with Flower VCE: https://flower.ai/docs/framework/how-to-run-simulations.html
/home/tiago/GitHubProjects/fedhad-thesis-2/FedHAD_Final_2.0.py:1916: UserWarning: No `num_cpus` specified in `client_resources`. Using `num_cpus=1` for each client.
  history = fl.simulation.start_simulation(
[92mINFO [0m:      Flower VCE: Resources for each Virtual Client: {'num_gpus': 0.2, 'num_cpus': 1}
[92mINFO [0m:      Flower VCE: Creating VirtualClientEngineActorPool with 5 actors
[92mINFO [0m:      [INIT]
[92mINFO [0m:      Requesting initial parameters from one random client
[36m(ClientAppActor pid=1185013)[0m [93mWARNING [0m:   DEPRECATED FEATURE: `client_fn` now expects a signature `def client_fn(context: Context)`.The provided `client_fn` has signature: {'cid': <Parameter "cid: str">}. You can import the `Context` like this: `from flwr.app import Context`
[36m(ClientAppActor pid=1185013)[0m 
[36m(ClientAppActor pid=1185013)[0m             This is a deprecated feature. It will be removed
[36m(ClientAppActor pid=1185013)[0m             entirely in future versions of Flower.
[36m(ClientAppActor pid=1185013)[0m         
[92mINFO [0m:      Received initial parameters from one random client
[92mINFO [0m:      Starting evaluation of initial global parameters
[92mINFO [0m:      initial parameters (loss, other metrics): 2.303141367340088, {'accuracy': 0.1, 'loss': 2.303141367340088}
[92mINFO [0m:      
[92mINFO [0m:      [ROUND 1]
[92mINFO [0m:      configure_fit: strategy sampled 5 clients (out of 5)
[36m(ClientAppActor pid=1185013)[0m [93mWARNING [0m:   DEPRECATED FEATURE: `client_fn` now expects a signature `def client_fn(context: Context)`.The provided `client_fn` has signature: {'cid': <Parameter "cid: str">}. You can import the `Context` like this: `from flwr.app import Context`
[36m(ClientAppActor pid=1185013)[0m 
[36m(ClientAppActor pid=1185013)[0m             This is a deprecated feature. It will be removed
[36m(ClientAppActor pid=1185013)[0m             entirely in future versions of Flower.
[36m(ClientAppActor pid=1185013)[0m         
[36m(ClientAppActor pid=1185010)[0m 
[36m(ClientAppActor pid=1185010)[0m         
[36m(ClientAppActor pid=1185011)[0m 
[36m(ClientAppActor pid=1185011)[0m         
[36m(ClientAppActor pid=1185012)[0m 
[36m(ClientAppActor pid=1185012)[0m         
[36m(ClientAppActor pid=1185009)[0m 
[36m(ClientAppActor pid=1185009)[0m         
[92mINFO [0m:      aggregate_fit: received 5 results and 0 failures
[92mINFO [0m:      fit progress: (1, 2.2508780532836914, {'accuracy': 0.1471, 'loss': 2.2508780532836914}, 13.696256023016758)
[92mINFO [0m:      configure_evaluate: strategy sampled 5 clients (out of 5)
[36m(ClientAppActor pid=1185011)[0m 
[36m(ClientAppActor pid=1185011)[0m         
[36m(ClientAppActor pid=1185011)[0m [93mWARNING [0m:   DEPRECATED FEATURE: `client_fn` now expects a signature `def client_fn(context: Context)`.The provided `client_fn` has signature: {'cid': <Parameter "cid: str">}. You can import the `Context` like this: `from flwr.app import Context`[32m [repeated 5x across cluster] (Ray deduplicates logs by default. Set RAY_DEDUP_LOGS=0 to disable log deduplication, or see https://docs.ray.io/en/master/ray-observability/user-guides/configure-logging.html#log-deduplication for more options.)[0m
[36m(ClientAppActor pid=1185011)[0m             This is a deprecated feature. It will be removed[32m [repeated 5x across cluster][0m
[36m(ClientAppActor pid=1185011)[0m             entirely in future versions of Flower.[32m [repeated 5x across cluster][0m
[36m(ClientAppActor pid=1185010)[0m 
[36m(ClientAppActor pid=1185010)[0m         
[36m(ClientAppActor pid=1185009)[0m 
[36m(ClientAppActor pid=1185009)[0m         
[36m(ClientAppActor pid=1185013)[0m 
[36m(ClientAppActor pid=1185013)[0m         
[36m(ClientAppActor pid=1185012)[0m 
[36m(ClientAppActor pid=1185012)[0m         
[92mINFO [0m:      aggregate_evaluate: received 5 results and 0 failures
[92mINFO [0m:      
[92mINFO [0m:      [ROUND 2]
[92mINFO [0m:      configure_fit: strategy sampled 5 clients (out of 5)
[36m(ClientAppActor pid=1185012)[0m 
[36m(ClientAppActor pid=1185012)[0m         
[36m(ClientAppActor pid=1185013)[0m 
[36m(ClientAppActor pid=1185013)[0m         
[36m(ClientAppActor pid=1185009)[0m 
[36m(ClientAppActor pid=1185009)[0m         
[36m(ClientAppActor pid=1185010)[0m 
[36m(ClientAppActor pid=1185010)[0m         
[36m(ClientAppActor pid=1185011)[0m 
[36m(ClientAppActor pid=1185011)[0m         
[92mINFO [0m:      aggregate_fit: received 5 results and 0 failures
[92mINFO [0m:      fit progress: (2, 2.026674146270752, {'accuracy': 0.3036, 'loss': 2.026674146270752}, 26.565190399996936)
[92mINFO [0m:      configure_evaluate: strategy sampled 5 clients (out of 5)
[36m(ClientAppActor pid=1185011)[0m 
[36m(ClientAppActor pid=1185011)[0m         
[36m(ClientAppActor pid=1185011)[0m [93mWARNING [0m:   DEPRECATED FEATURE: `client_fn` now expects a signature `def client_fn(context: Context)`.The provided `client_fn` has signature: {'cid': <Parameter "cid: str">}. You can import the `Context` like this: `from flwr.app import Context`[32m [repeated 10x across cluster][0m
[36m(ClientAppActor pid=1185011)[0m             This is a deprecated feature. It will be removed[32m [repeated 10x across cluster][0m
[36m(ClientAppActor pid=1185011)[0m             entirely in future versions of Flower.[32m [repeated 10x across cluster][0m
[36m(ClientAppActor pid=1185009)[0m 
[36m(ClientAppActor pid=1185009)[0m         
[36m(ClientAppActor pid=1185013)[0m 
[36m(ClientAppActor pid=1185013)[0m         
[36m(ClientAppActor pid=1185012)[0m 
[36m(ClientAppActor pid=1185012)[0m         
[36m(ClientAppActor pid=1185010)[0m 
[36m(ClientAppActor pid=1185010)[0m         
[92mINFO [0m:      aggregate_evaluate: received 5 results and 0 failures
[92mINFO [0m:      
[92mINFO [0m:      [ROUND 3]
[92mINFO [0m:      configure_fit: strategy sampled 5 clients (out of 5)
[36m(ClientAppActor pid=1185010)[0m 
[36m(ClientAppActor pid=1185010)[0m         
[36m(ClientAppActor pid=1185012)[0m 
[36m(ClientAppActor pid=1185012)[0m         
[36m(ClientAppActor pid=1185013)[0m 
[36m(ClientAppActor pid=1185013)[0m         
[36m(ClientAppActor pid=1185009)[0m 
[36m(ClientAppActor pid=1185009)[0m         
[36m(ClientAppActor pid=1185011)[0m 
[36m(ClientAppActor pid=1185011)[0m         
[92mINFO [0m:      aggregate_fit: received 5 results and 0 failures
[92mINFO [0m:      fit progress: (3, 1.8143590103149414, {'accuracy': 0.3732, 'loss': 1.8143590103149414}, 38.99215318902861)
[92mINFO [0m:      configure_evaluate: strategy sampled 5 clients (out of 5)
[36m(ClientAppActor pid=1185013)[0m 
[36m(ClientAppActor pid=1185013)[0m         
[36m(ClientAppActor pid=1185013)[0m [93mWARNING [0m:   DEPRECATED FEATURE: `client_fn` now expects a signature `def client_fn(context: Context)`.The provided `client_fn` has signature: {'cid': <Parameter "cid: str">}. You can import the `Context` like this: `from flwr.app import Context`[32m [repeated 10x across cluster][0m
[36m(ClientAppActor pid=1185013)[0m             This is a deprecated feature. It will be removed[32m [repeated 10x across cluster][0m
[36m(ClientAppActor pid=1185013)[0m             entirely in future versions of Flower.[32m [repeated 10x across cluster][0m
[36m(ClientAppActor pid=1185010)[0m 
[36m(ClientAppActor pid=1185010)[0m         
[36m(ClientAppActor pid=1185009)[0m 
[36m(ClientAppActor pid=1185009)[0m         
[36m(ClientAppActor pid=1185012)[0m 
[36m(ClientAppActor pid=1185012)[0m         
[36m(ClientAppActor pid=1185011)[0m 
[36m(ClientAppActor pid=1185011)[0m         
[92mINFO [0m:      aggregate_evaluate: received 5 results and 0 failures
[92mINFO [0m:      
[92mINFO [0m:      [ROUND 4]
[92mINFO [0m:      configure_fit: strategy sampled 5 clients (out of 5)
[36m(ClientAppActor pid=1185011)[0m 
[36m(ClientAppActor pid=1185011)[0m         
[36m(ClientAppActor pid=1185012)[0m 
[36m(ClientAppActor pid=1185012)[0m         
[36m(ClientAppActor pid=1185010)[0m 
[36m(ClientAppActor pid=1185010)[0m         
[36m(ClientAppActor pid=1185009)[0m 
[36m(ClientAppActor pid=1185009)[0m         
[36m(ClientAppActor pid=1185013)[0m 
[36m(ClientAppActor pid=1185013)[0m         
[92mINFO [0m:      aggregate_fit: received 5 results and 0 failures
[92mINFO [0m:      fit progress: (4, 1.675492420196533, {'accuracy': 0.4131, 'loss': 1.675492420196533}, 51.34990813897457)
[92mINFO [0m:      configure_evaluate: strategy sampled 5 clients (out of 5)
[36m(ClientAppActor pid=1185010)[0m 
[36m(ClientAppActor pid=1185010)[0m         
[36m(ClientAppActor pid=1185010)[0m [93mWARNING [0m:   DEPRECATED FEATURE: `client_fn` now expects a signature `def client_fn(context: Context)`.The provided `client_fn` has signature: {'cid': <Parameter "cid: str">}. You can import the `Context` like this: `from flwr.app import Context`[32m [repeated 10x across cluster][0m
[36m(ClientAppActor pid=1185010)[0m             This is a deprecated feature. It will be removed[32m [repeated 10x across cluster][0m
[36m(ClientAppActor pid=1185010)[0m             entirely in future versions of Flower.[32m [repeated 10x across cluster][0m
[36m(ClientAppActor pid=1185012)[0m 
[36m(ClientAppActor pid=1185012)[0m         
[36m(ClientAppActor pid=1185013)[0m 
[36m(ClientAppActor pid=1185013)[0m         
[36m(ClientAppActor pid=1185009)[0m 
[36m(ClientAppActor pid=1185009)[0m         
[36m(ClientAppActor pid=1185011)[0m 
[36m(ClientAppActor pid=1185011)[0m         
[92mINFO [0m:      aggregate_evaluate: received 5 results and 0 failures
[92mINFO [0m:      
[92mINFO [0m:      [ROUND 5]
[92mINFO [0m:      configure_fit: strategy sampled 5 clients (out of 5)
[36m(ClientAppActor pid=1185011)[0m 
[36m(ClientAppActor pid=1185011)[0m         
[36m(ClientAppActor pid=1185009)[0m 
[36m(ClientAppActor pid=1185009)[0m         
[36m(ClientAppActor pid=1185012)[0m 
[36m(ClientAppActor pid=1185012)[0m         
[36m(ClientAppActor pid=1185013)[0m 
[36m(ClientAppActor pid=1185013)[0m         
[36m(ClientAppActor pid=1185010)[0m 
[36m(ClientAppActor pid=1185010)[0m         
[92mINFO [0m:      aggregate_fit: received 5 results and 0 failures
[92mINFO [0m:      fit progress: (5, 1.5565128576278686, {'accuracy': 0.4218, 'loss': 1.5565128576278686}, 63.81562715501059)
[92mINFO [0m:      configure_evaluate: strategy sampled 5 clients (out of 5)
[36m(ClientAppActor pid=1185010)[0m 
[36m(ClientAppActor pid=1185010)[0m         
[36m(ClientAppActor pid=1185010)[0m [93mWARNING [0m:   DEPRECATED FEATURE: `client_fn` now expects a signature `def client_fn(context: Context)`.The provided `client_fn` has signature: {'cid': <Parameter "cid: str">}. You can import the `Context` like this: `from flwr.app import Context`[32m [repeated 10x across cluster][0m
[36m(ClientAppActor pid=1185010)[0m             This is a deprecated feature. It will be removed[32m [repeated 10x across cluster][0m
[36m(ClientAppActor pid=1185010)[0m             entirely in future versions of Flower.[32m [repeated 10x across cluster][0m
[36m(ClientAppActor pid=1185009)[0m 
[36m(ClientAppActor pid=1185009)[0m         
[36m(ClientAppActor pid=1185013)[0m 
[36m(ClientAppActor pid=1185013)[0m         
[36m(ClientAppActor pid=1185012)[0m 
[36m(ClientAppActor pid=1185012)[0m         
[36m(ClientAppActor pid=1185011)[0m 
[36m(ClientAppActor pid=1185011)[0m         
[92mINFO [0m:      aggregate_evaluate: received 5 results and 0 failures
[92mINFO [0m:      
[92mINFO [0m:      [ROUND 6]
[92mINFO [0m:      configure_fit: strategy sampled 5 clients (out of 5)
[36m(ClientAppActor pid=1185011)[0m 
[36m(ClientAppActor pid=1185011)[0m         
[36m(ClientAppActor pid=1185012)[0m 
[36m(ClientAppActor pid=1185012)[0m         
[36m(ClientAppActor pid=1185009)[0m 
[36m(ClientAppActor pid=1185009)[0m         
[36m(ClientAppActor pid=1185013)[0m 
[36m(ClientAppActor pid=1185013)[0m         
[36m(ClientAppActor pid=1185010)[0m 
[36m(ClientAppActor pid=1185010)[0m         
[92mINFO [0m:      aggregate_fit: received 5 results and 0 failures
[92mINFO [0m:      fit progress: (6, 1.4786313596725464, {'accuracy': 0.4773, 'loss': 1.4786313596725464}, 76.23212043498643)
[92mINFO [0m:      configure_evaluate: strategy sampled 5 clients (out of 5)
[36m(ClientAppActor pid=1185013)[0m 
[36m(ClientAppActor pid=1185013)[0m         
[36m(ClientAppActor pid=1185013)[0m [93mWARNING [0m:   DEPRECATED FEATURE: `client_fn` now expects a signature `def client_fn(context: Context)`.The provided `client_fn` has signature: {'cid': <Parameter "cid: str">}. You can import the `Context` like this: `from flwr.app import Context`[32m [repeated 10x across cluster][0m
[36m(ClientAppActor pid=1185013)[0m             This is a deprecated feature. It will be removed[32m [repeated 10x across cluster][0m
[36m(ClientAppActor pid=1185013)[0m             entirely in future versions of Flower.[32m [repeated 10x across cluster][0m
[36m(ClientAppActor pid=1185012)[0m 
[36m(ClientAppActor pid=1185012)[0m         
[36m(ClientAppActor pid=1185009)[0m 
[36m(ClientAppActor pid=1185009)[0m         
[36m(ClientAppActor pid=1185011)[0m 
[36m(ClientAppActor pid=1185011)[0m         
[36m(ClientAppActor pid=1185010)[0m 
[36m(ClientAppActor pid=1185010)[0m         
[92mINFO [0m:      aggregate_evaluate: received 5 results and 0 failures
[92mINFO [0m:      
[92mINFO [0m:      [ROUND 7]
[92mINFO [0m:      configure_fit: strategy sampled 5 clients (out of 5)
[36m(ClientAppActor pid=1185010)[0m 
[36m(ClientAppActor pid=1185010)[0m         
[36m(ClientAppActor pid=1185011)[0m 
[36m(ClientAppActor pid=1185011)[0m         
[36m(ClientAppActor pid=1185009)[0m 
[36m(ClientAppActor pid=1185009)[0m         
[36m(ClientAppActor pid=1185013)[0m 
[36m(ClientAppActor pid=1185013)[0m         
[36m(ClientAppActor pid=1185012)[0m 
[36m(ClientAppActor pid=1185012)[0m         
[92mINFO [0m:      aggregate_fit: received 5 results and 0 failures
[92mINFO [0m:      fit progress: (7, 1.3577804767608643, {'accuracy': 0.5189, 'loss': 1.3577804767608643}, 88.81918067799415)
[92mINFO [0m:      configure_evaluate: strategy sampled 5 clients (out of 5)
[36m(ClientAppActor pid=1185013)[0m 
[36m(ClientAppActor pid=1185013)[0m         
[36m(ClientAppActor pid=1185013)[0m [93mWARNING [0m:   DEPRECATED FEATURE: `client_fn` now expects a signature `def client_fn(context: Context)`.The provided `client_fn` has signature: {'cid': <Parameter "cid: str">}. You can import the `Context` like this: `from flwr.app import Context`[32m [repeated 10x across cluster][0m
[36m(ClientAppActor pid=1185013)[0m             This is a deprecated feature. It will be removed[32m [repeated 10x across cluster][0m
[36m(ClientAppActor pid=1185013)[0m             entirely in future versions of Flower.[32m [repeated 10x across cluster][0m
[36m(ClientAppActor pid=1185012)[0m 
[36m(ClientAppActor pid=1185012)[0m         
[36m(ClientAppActor pid=1185011)[0m 
[36m(ClientAppActor pid=1185011)[0m         
[36m(ClientAppActor pid=1185010)[0m 
[36m(ClientAppActor pid=1185010)[0m         
[36m(ClientAppActor pid=1185009)[0m 
[36m(ClientAppActor pid=1185009)[0m         
[92mINFO [0m:      aggregate_evaluate: received 5 results and 0 failures
[92mINFO [0m:      
[92mINFO [0m:      [ROUND 8]
[92mINFO [0m:      configure_fit: strategy sampled 5 clients (out of 5)
[36m(ClientAppActor pid=1185009)[0m 
[36m(ClientAppActor pid=1185009)[0m         
[36m(ClientAppActor pid=1185010)[0m 
[36m(ClientAppActor pid=1185010)[0m         
[36m(ClientAppActor pid=1185012)[0m 
[36m(ClientAppActor pid=1185012)[0m         
[36m(ClientAppActor pid=1185011)[0m 
[36m(ClientAppActor pid=1185011)[0m         
[36m(ClientAppActor pid=1185013)[0m 
[36m(ClientAppActor pid=1185013)[0m         
[92mINFO [0m:      aggregate_fit: received 5 results and 0 failures
[92mINFO [0m:      fit progress: (8, 1.2851146450042725, {'accuracy': 0.5369, 'loss': 1.2851146450042725}, 101.49299287999747)
[92mINFO [0m:      configure_evaluate: strategy sampled 5 clients (out of 5)
[36m(ClientAppActor pid=1185013)[0m 
[36m(ClientAppActor pid=1185013)[0m         
[36m(ClientAppActor pid=1185013)[0m [93mWARNING [0m:   DEPRECATED FEATURE: `client_fn` now expects a signature `def client_fn(context: Context)`.The provided `client_fn` has signature: {'cid': <Parameter "cid: str">}. You can import the `Context` like this: `from flwr.app import Context`[32m [repeated 10x across cluster][0m
[36m(ClientAppActor pid=1185013)[0m             This is a deprecated feature. It will be removed[32m [repeated 10x across cluster][0m
[36m(ClientAppActor pid=1185013)[0m             entirely in future versions of Flower.[32m [repeated 10x across cluster][0m
[36m(ClientAppActor pid=1185009)[0m 
[36m(ClientAppActor pid=1185009)[0m         
[36m(ClientAppActor pid=1185011)[0m 
[36m(ClientAppActor pid=1185011)[0m         
[36m(ClientAppActor pid=1185012)[0m 
[36m(ClientAppActor pid=1185012)[0m         
[36m(ClientAppActor pid=1185010)[0m 
[36m(ClientAppActor pid=1185010)[0m         
[92mINFO [0m:      aggregate_evaluate: received 5 results and 0 failures
[92mINFO [0m:      
[92mINFO [0m:      [ROUND 9]
[92mINFO [0m:      configure_fit: strategy sampled 5 clients (out of 5)
[36m(ClientAppActor pid=1185010)[0m 
[36m(ClientAppActor pid=1185010)[0m         
[36m(ClientAppActor pid=1185012)[0m 
[36m(ClientAppActor pid=1185012)[0m         
[36m(ClientAppActor pid=1185011)[0m 
[36m(ClientAppActor pid=1185011)[0m         
[36m(ClientAppActor pid=1185009)[0m 
[36m(ClientAppActor pid=1185009)[0m         
[36m(ClientAppActor pid=1185013)[0m 
[36m(ClientAppActor pid=1185013)[0m         
[92mINFO [0m:      aggregate_fit: received 5 results and 0 failures
[92mINFO [0m:      fit progress: (9, 1.297285259628296, {'accuracy': 0.5337, 'loss': 1.297285259628296}, 114.23514673800673)
[92mINFO [0m:      configure_evaluate: strategy sampled 5 clients (out of 5)
[36m(ClientAppActor pid=1185013)[0m 
[36m(ClientAppActor pid=1185013)[0m         
[36m(ClientAppActor pid=1185013)[0m [93mWARNING [0m:   DEPRECATED FEATURE: `client_fn` now expects a signature `def client_fn(context: Context)`.The provided `client_fn` has signature: {'cid': <Parameter "cid: str">}. You can import the `Context` like this: `from flwr.app import Context`[32m [repeated 10x across cluster][0m
[36m(ClientAppActor pid=1185013)[0m             This is a deprecated feature. It will be removed[32m [repeated 10x across cluster][0m
[36m(ClientAppActor pid=1185013)[0m             entirely in future versions of Flower.[32m [repeated 10x across cluster][0m
[36m(ClientAppActor pid=1185009)[0m 
[36m(ClientAppActor pid=1185009)[0m         
[36m(ClientAppActor pid=1185012)[0m 
[36m(ClientAppActor pid=1185012)[0m         
[36m(ClientAppActor pid=1185010)[0m 
[36m(ClientAppActor pid=1185010)[0m         
[36m(ClientAppActor pid=1185011)[0m 
[36m(ClientAppActor pid=1185011)[0m         
[92mINFO [0m:      aggregate_evaluate: received 5 results and 0 failures
[92mINFO [0m:      
[92mINFO [0m:      [ROUND 10]
[92mINFO [0m:      configure_fit: strategy sampled 5 clients (out of 5)
[36m(ClientAppActor pid=1185011)[0m 
[36m(ClientAppActor pid=1185011)[0m         
[36m(ClientAppActor pid=1185012)[0m 
[36m(ClientAppActor pid=1185012)[0m         
[36m(ClientAppActor pid=1185010)[0m 
[36m(ClientAppActor pid=1185010)[0m         
[36m(ClientAppActor pid=1185009)[0m 
[36m(ClientAppActor pid=1185009)[0m         
[36m(ClientAppActor pid=1185013)[0m 
[36m(ClientAppActor pid=1185013)[0m         
[92mINFO [0m:      aggregate_fit: received 5 results and 0 failures
[92mINFO [0m:      fit progress: (10, 1.3344141119003297, {'accuracy': 0.5301, 'loss': 1.3344141119003297}, 127.17899603198748)
[92mINFO [0m:      configure_evaluate: strategy sampled 5 clients (out of 5)
[36m(ClientAppActor pid=1185013)[0m 
[36m(ClientAppActor pid=1185013)[0m         
[36m(ClientAppActor pid=1185013)[0m [93mWARNING [0m:   DEPRECATED FEATURE: `client_fn` now expects a signature `def client_fn(context: Context)`.The provided `client_fn` has signature: {'cid': <Parameter "cid: str">}. You can import the `Context` like this: `from flwr.app import Context`[32m [repeated 10x across cluster][0m
[36m(ClientAppActor pid=1185013)[0m             This is a deprecated feature. It will be removed[32m [repeated 10x across cluster][0m
[36m(ClientAppActor pid=1185013)[0m             entirely in future versions of Flower.[32m [repeated 10x across cluster][0m
[36m(ClientAppActor pid=1185009)[0m 
[36m(ClientAppActor pid=1185009)[0m         
[36m(ClientAppActor pid=1185012)[0m 
[36m(ClientAppActor pid=1185012)[0m         
[36m(ClientAppActor pid=1185011)[0m 
[36m(ClientAppActor pid=1185011)[0m         
[36m(ClientAppActor pid=1185010)[0m 
[36m(ClientAppActor pid=1185010)[0m         
[92mINFO [0m:      aggregate_evaluate: received 5 results and 0 failures
[92mINFO [0m:      
[92mINFO [0m:      [SUMMARY]
[92mINFO [0m:      Run finished 10 round(s) in 128.04s
[92mINFO [0m:      	History (loss, distributed):
[92mINFO [0m:      		round 1: 2.2535461815244364
[92mINFO [0m:      		round 2: 2.037664068677612
[92mINFO [0m:      		round 3: 1.824969391914386
[92mINFO [0m:      		round 4: 1.6861739204177428
[92mINFO [0m:      		round 5: 1.5577784293554955
[92mINFO [0m:      		round 6: 1.4905240124620232
[92mINFO [0m:      		round 7: 1.3520958930116864
[92mINFO [0m:      		round 8: 1.2738463192087193
[92mINFO [0m:      		round 9: 1.2859142088465605
[92mINFO [0m:      		round 10: 1.3263427019119263
[92mINFO [0m:      	History (loss, centralized):
[92mINFO [0m:      		round 0: 2.303141367340088
[92mINFO [0m:      		round 1: 2.2508780532836914
[92mINFO [0m:      		round 2: 2.026674146270752
[92mINFO [0m:      		round 3: 1.8143590103149414
[92mINFO [0m:      		round 4: 1.675492420196533
[92mINFO [0m:      		round 5: 1.5565128576278686
[92mINFO [0m:      		round 6: 1.4786313596725464
[92mINFO [0m:      		round 7: 1.3577804767608643
[92mINFO [0m:      		round 8: 1.2851146450042725
[92mINFO [0m:      		round 9: 1.297285259628296
[92mINFO [0m:      		round 10: 1.3344141119003297
[92mINFO [0m:      	History (metrics, distributed, fit):
[92mINFO [0m:      	{'avg_epochs_weighted': [(1, 3.0),
[92mINFO [0m:      	                         (2, 3.0),
[92mINFO [0m:      	                         (3, 3.0),
[92mINFO [0m:      	                         (4, 3.0),
[92mINFO [0m:      	                         (5, 3.0),
[92mINFO [0m:      	                         (6, 3.0),
[92mINFO [0m:      	                         (7, 3.0),
[92mINFO [0m:      	                         (8, 3.0),
[92mINFO [0m:      	                         (9, 3.0),
[92mINFO [0m:      	                         (10, 3.0)],
[92mINFO [0m:      	 'avg_flops_per_client_round': [(1, 4884265976832.0),
[92mINFO [0m:      	                                (2, 4884265976832.0),
[92mINFO [0m:      	                                (3, 4884265976832.0),
[92mINFO [0m:      	                                (4, 4884265976832.0),
[92mINFO [0m:      	                                (5, 4884265976832.0),
[92mINFO [0m:      	                                (6, 4884265976832.0),
[92mINFO [0m:      	                                (7, 4884265976832.0),
[92mINFO [0m:      	                                (8, 4884265976832.0),
[92mINFO [0m:      	                                (9, 4884265976832.0),
[92mINFO [0m:      	                                (10, 4884265976832.0)],
[92mINFO [0m:      	 'avg_lr_weighted': [(1, 0.005416484287347252),
[92mINFO [0m:      	                     (2, 0.005416484287347252),
[92mINFO [0m:      	                     (3, 0.005416484287347252),
[92mINFO [0m:      	                     (4, 0.005416484287347252),
[92mINFO [0m:      	                     (5, 0.005416484287347252),
[92mINFO [0m:      	                     (6, 0.005416484287347252),
[92mINFO [0m:      	                     (7, 0.005416484287347252),
[92mINFO [0m:      	                     (8, 0.005416484287347252),
[92mINFO [0m:      	                     (9, 0.005416484287347252),
[92mINFO [0m:      	                     (10, 0.005416484287347252)],
[92mINFO [0m:      	 'total_flops_round': [(1, 24421329884160),
[92mINFO [0m:      	                       (2, 24421329884160),
[92mINFO [0m:      	                       (3, 24421329884160),
[92mINFO [0m:      	                       (4, 24421329884160),
[92mINFO [0m:      	                       (5, 24421329884160),
[92mINFO [0m:      	                       (6, 24421329884160),
[92mINFO [0m:      	                       (7, 24421329884160),
[92mINFO [0m:      	                       (8, 24421329884160),
[92mINFO [0m:      	                       (9, 24421329884160),
[92mINFO [0m:      	                       (10, 24421329884160)]}
[92mINFO [0m:      	History (metrics, distributed, evaluate):
[92mINFO [0m:      	{'accuracy': [(1, 0.13982796559311864),
[92mINFO [0m:      	              (2, 0.2968593718743749),
[92mINFO [0m:      	              (3, 0.3722744548909782),
[92mINFO [0m:      	              (4, 0.4128825765153031),
[92mINFO [0m:      	              (5, 0.42588517703540707),
[92mINFO [0m:      	              (6, 0.4852970594118824),
[92mINFO [0m:      	              (7, 0.5227045409081816),
[92mINFO [0m:      	              (8, 0.5399079815963193),
[92mINFO [0m:      	              (9, 0.533506701340268),
[92mINFO [0m:      	              (10, 0.5297059411882377)],
[92mINFO [0m:      	 'loss': [(1, 2.2535461815244364),
[92mINFO [0m:      	          (2, 2.037664068677612),
[92mINFO [0m:      	          (3, 1.824969391914386),
[92mINFO [0m:      	          (4, 1.6861739204177428),
[92mINFO [0m:      	          (5, 1.5577784293554955),
[92mINFO [0m:      	          (6, 1.4905240124620232),
[92mINFO [0m:      	          (7, 1.3520958930116864),
[92mINFO [0m:      	          (8, 1.2738463192087193),
[92mINFO [0m:      	          (9, 1.2859142088465605),
[92mINFO [0m:      	          (10, 1.3263427019119263)]}
[92mINFO [0m:      	History (metrics, centralized):
[92mINFO [0m:      	{'accuracy': [(0, 0.1),
[92mINFO [0m:      	              (1, 0.1471),
[92mINFO [0m:      	              (2, 0.3036),
[92mINFO [0m:      	              (3, 0.3732),
[92mINFO [0m:      	              (4, 0.4131),
[92mINFO [0m:      	              (5, 0.4218),
[92mINFO [0m:      	              (6, 0.4773),
[92mINFO [0m:      	              (7, 0.5189),
[92mINFO [0m:      	              (8, 0.5369),
[92mINFO [0m:      	              (9, 0.5337),
[92mINFO [0m:      	              (10, 0.5301)],
[92mINFO [0m:      	 'loss': [(0, 2.303141367340088),
[92mINFO [0m:      	          (1, 2.2508780532836914),
[92mINFO [0m:      	          (2, 2.026674146270752),
[92mINFO [0m:      	          (3, 1.8143590103149414),
[92mINFO [0m:      	          (4, 1.675492420196533),
[92mINFO [0m:      	          (5, 1.5565128576278686),
[92mINFO [0m:      	          (6, 1.4786313596725464),
[92mINFO [0m:      	          (7, 1.3577804767608643),
[92mINFO [0m:      	          (8, 1.2851146450042725),
[92mINFO [0m:      	          (9, 1.297285259628296),
[92mINFO [0m:      	          (10, 1.3344141119003297)]}
[92mINFO [0m:      
Treinando no dispositivo: cuda:0 com o dataset: CIFAR10 | Setup clientes: 5 (num_gpus por cliente=0.2) | SEED=48
FLOPS por amostra (forward): 6.030e+07 | (forward+backward, 3x): 1.809e+08
Files already downloaded and verified
Files already downloaded and verified
Dividindo o dataset usando a distribuição de Dirichlet com alpha=0.01.
Aviso: Cliente 4 tem apenas 1 amostra(s), que serão usadas para validação.
Iniciando a simulação de Aprendizado Federado...
=== Diagnóstico de Medição de GPU ===
  pynvml_disponivel: True
  pynvml_versao: 580.173.02
  gpus_detectadas: 1
  leitura_potencia_ok: True
  potencia_atual_W: 35.024

--- Rodada 0 - Avaliação Centralizada (Servidor) ---
Loss (Servidor): 2.3031 | Acurácia (Servidor): 0.1000
[36m(ClientAppActor pid=1185013)[0m Cliente 2: HetRaw=1.9995 | HetNorm=0.6665 | Epochs=3 (dyn=True) | LR=0.005001 (dyn=True) | FedProx=True (mu=0.01)

--- Rodada 1 - Avaliação Centralizada (Servidor) ---
Loss (Servidor): 2.2509 | Acurácia (Servidor): 0.1471
--- Avaliação Agregada (Clientes) ---
Loss Média (Clientes): 2.2535 | Acurácia Média (Clientes): 0.1398
[36m(ClientAppActor pid=1185012)[0m Cliente 2: HetRaw=1.9995 | HetNorm=0.6665 | Epochs=3 (dyn=True) | LR=0.005001 (dyn=True) | FedProx=True (mu=0.01)[32m [repeated 5x across cluster][0m

--- Rodada 2 - Avaliação Centralizada (Servidor) ---
Loss (Servidor): 2.0267 | Acurácia (Servidor): 0.3036
--- Avaliação Agregada (Clientes) ---
Loss Média (Clientes): 2.0377 | Acurácia Média (Clientes): 0.2969
[36m(ClientAppActor pid=1185010)[0m Cliente 3: HetRaw=1.5270 | HetNorm=0.5090 | Epochs=3 (dyn=True) | LR=0.005670 (dyn=True) | FedProx=True (mu=0.01)[32m [repeated 5x across cluster][0m

--- Rodada 3 - Avaliação Centralizada (Servidor) ---
Loss (Servidor): 1.8144 | Acurácia (Servidor): 0.3732
--- Avaliação Agregada (Clientes) ---
Loss Média (Clientes): 1.8250 | Acurácia Média (Clientes): 0.3723
[36m(ClientAppActor pid=1185011)[0m Cliente 4: HetRaw=0.0000 | HetNorm=0.0000 | Epochs=5 (dyn=True) | LR=0.010000 (dyn=True) | FedProx=True (mu=0.01)[32m [repeated 5x across cluster][0m

--- Rodada 4 - Avaliação Centralizada (Servidor) ---
Loss (Servidor): 1.6755 | Acurácia (Servidor): 0.4131
--- Avaliação Agregada (Clientes) ---
Loss Média (Clientes): 1.6862 | Acurácia Média (Clientes): 0.4129
[36m(ClientAppActor pid=1185011)[0m Cliente 4: HetRaw=0.0000 | HetNorm=0.0000 | Epochs=5 (dyn=True) | LR=0.010000 (dyn=True) | FedProx=True (mu=0.01)[32m [repeated 5x across cluster][0m

--- Rodada 5 - Avaliação Centralizada (Servidor) ---
Loss (Servidor): 1.5565 | Acurácia (Servidor): 0.4218
--- Avaliação Agregada (Clientes) ---
Loss Média (Clientes): 1.5578 | Acurácia Média (Clientes): 0.4259
[36m(ClientAppActor pid=1185011)[0m Cliente 0: HetRaw=1.9994 | HetNorm=0.6665 | Epochs=3 (dyn=True) | LR=0.005001 (dyn=True) | FedProx=True (mu=0.01)[32m [repeated 5x across cluster][0m

--- Rodada 6 - Avaliação Centralizada (Servidor) ---
Loss (Servidor): 1.4786 | Acurácia (Servidor): 0.4773
--- Avaliação Agregada (Clientes) ---
Loss Média (Clientes): 1.4905 | Acurácia Média (Clientes): 0.4853
[36m(ClientAppActor pid=1185010)[0m Cliente 2: HetRaw=1.9995 | HetNorm=0.6665 | Epochs=3 (dyn=True) | LR=0.005001 (dyn=True) | FedProx=True (mu=0.01)[32m [repeated 5x across cluster][0m

--- Rodada 7 - Avaliação Centralizada (Servidor) ---
Loss (Servidor): 1.3578 | Acurácia (Servidor): 0.5189
--- Avaliação Agregada (Clientes) ---
Loss Média (Clientes): 1.3521 | Acurácia Média (Clientes): 0.5227
[36m(ClientAppActor pid=1185009)[0m Cliente 1: HetRaw=1.5033 | HetNorm=0.5011 | Epochs=3 (dyn=True) | LR=0.005709 (dyn=True) | FedProx=True (mu=0.01)[32m [repeated 5x across cluster][0m

--- Rodada 8 - Avaliação Centralizada (Servidor) ---
Loss (Servidor): 1.2851 | Acurácia (Servidor): 0.5369
--- Avaliação Agregada (Clientes) ---
Loss Média (Clientes): 1.2738 | Acurácia Média (Clientes): 0.5399
[36m(ClientAppActor pid=1185010)[0m Cliente 2: HetRaw=1.9995 | HetNorm=0.6665 | Epochs=3 (dyn=True) | LR=0.005001 (dyn=True) | FedProx=True (mu=0.01)[32m [repeated 5x across cluster][0m

--- Rodada 9 - Avaliação Centralizada (Servidor) ---
Loss (Servidor): 1.2973 | Acurácia (Servidor): 0.5337
--- Avaliação Agregada (Clientes) ---
Loss Média (Clientes): 1.2859 | Acurácia Média (Clientes): 0.5335
[36m(ClientAppActor pid=1185011)[0m Cliente 2: HetRaw=1.9995 | HetNorm=0.6665 | Epochs=3 (dyn=True) | LR=0.005001 (dyn=True) | FedProx=True (mu=0.01)[32m [repeated 5x across cluster][0m

--- Rodada 10 - Avaliação Centralizada (Servidor) ---
Loss (Servidor): 1.3344 | Acurácia (Servidor): 0.5301
--- Avaliação Agregada (Clientes) ---
Loss Média (Clientes): 1.3263 | Acurácia Média (Clientes): 0.5297

Resultados salvos em: /home/tiago/GitHubProjects/fedhad-thesis-2/FedHAD-results/1.1_diagnostico_drift/CIFAR10-Standard/FedHAD__CIFAR10__Mode-STANDARD__Cfg-E1L1F1__Setup-5__Clients-5__Rounds-10__Delay-0_05__Alpha-0_01__Seed-48.txt
[36m(ClientAppActor pid=1185010)[0m [93mWARNING [0m:   DEPRECATED FEATURE: `client_fn` now expects a signature `def client_fn(context: Context)`.The provided `client_fn` has signature: {'cid': <Parameter "cid: str">}. You can import the `Context` like this: `from flwr.app import Context`[32m [repeated 4x across cluster][0m
[36m(ClientAppActor pid=1185010)[0m             This is a deprecated feature. It will be removed[32m [repeated 4x across cluster][0m
[36m(ClientAppActor pid=1185010)[0m             entirely in future versions of Flower.[32m [repeated 4x across cluster][0m
[36m(ClientAppActor pid=1185013)[0m Cliente 1: HetRaw=1.5033 | HetNorm=0.5011 | Epochs=3 (dyn=True) | LR=0.005709 (dyn=True) | FedProx=True (mu=0.01)[32m [repeated 4x across cluster][0m
