[codecarbon WARNING @ 16:21:45] Multiple instances of codecarbon are allowed to run at the same time.
[93mWARNING [0m:   DEPRECATED FEATURE: flwr.simulation.start_simulation() is deprecated.
	Instead, use the `flwr run` CLI command to start a local simulation in your Flower app, as shown for example below:

		$ flwr new  # Create a new Flower app from a template

		$ flwr run  # Run the Flower app in Simulation Mode

	Using `start_simulation()` is deprecated.

            This is a deprecated feature. It will be removed
            entirely in future versions of Flower.
        
[92mINFO [0m:      Starting Flower simulation, config: num_rounds=10, no round_timeout
2026-09-04 16:21:53,901	INFO worker.py:2012 -- Started a local Ray instance.
/home/tiago/GitHubProjects/fedhad-thesis-2/env_flwr_pt/lib/python3.12/site-packages/ray/_private/worker.py:2051: FutureWarning: Tip: In future versions of Ray, Ray will no longer override accelerator visible devices env var if num_gpus=0 or num_gpus=None (default). To enable this behavior and turn off this error message, set RAY_ACCEL_ENV_VAR_OVERRIDE_ON_ZERO=0
  warnings.warn(
[92mINFO [0m:      Flower VCE: Ray initialized with resources: {'node:10.129.64.100': 1.0, 'memory': 180872480768.0, 'node:__internal_head__': 1.0, 'CPU': 64.0, 'object_store_memory': 77516777472.0, 'GPU': 1.0, 'accelerator_type:A40': 1.0}
[92mINFO [0m:      Optimize your simulation with Flower VCE: https://flower.ai/docs/framework/how-to-run-simulations.html
/home/tiago/GitHubProjects/fedhad-thesis-2/FedHAD_Final_2.0.py:1916: UserWarning: No `num_cpus` specified in `client_resources`. Using `num_cpus=1` for each client.
  history = fl.simulation.start_simulation(
[92mINFO [0m:      Flower VCE: Resources for each Virtual Client: {'num_gpus': 0.2, 'num_cpus': 1}
[92mINFO [0m:      Flower VCE: Creating VirtualClientEngineActorPool with 5 actors
[92mINFO [0m:      [INIT]
[92mINFO [0m:      Requesting initial parameters from one random client
[36m(ClientAppActor pid=987366)[0m [93mWARNING [0m:   DEPRECATED FEATURE: `client_fn` now expects a signature `def client_fn(context: Context)`.The provided `client_fn` has signature: {'cid': <Parameter "cid: str">}. You can import the `Context` like this: `from flwr.app import Context`
[36m(ClientAppActor pid=987366)[0m 
[36m(ClientAppActor pid=987366)[0m             This is a deprecated feature. It will be removed
[36m(ClientAppActor pid=987366)[0m             entirely in future versions of Flower.
[36m(ClientAppActor pid=987366)[0m         
[92mINFO [0m:      Received initial parameters from one random client
[92mINFO [0m:      Starting evaluation of initial global parameters
[92mINFO [0m:      initial parameters (loss, other metrics): 2.302908980178833, {'accuracy': 0.1, 'loss': 2.302908980178833}
[92mINFO [0m:      
[92mINFO [0m:      [ROUND 1]
[92mINFO [0m:      configure_fit: strategy sampled 5 clients (out of 5)
[36m(ClientAppActor pid=987366)[0m [93mWARNING [0m:   DEPRECATED FEATURE: `client_fn` now expects a signature `def client_fn(context: Context)`.The provided `client_fn` has signature: {'cid': <Parameter "cid: str">}. You can import the `Context` like this: `from flwr.app import Context`
[36m(ClientAppActor pid=987366)[0m 
[36m(ClientAppActor pid=987366)[0m             This is a deprecated feature. It will be removed
[36m(ClientAppActor pid=987366)[0m             entirely in future versions of Flower.
[36m(ClientAppActor pid=987366)[0m         
[36m(ClientAppActor pid=987369)[0m 
[36m(ClientAppActor pid=987369)[0m         
[36m(ClientAppActor pid=987368)[0m 
[36m(ClientAppActor pid=987368)[0m         
[36m(ClientAppActor pid=987367)[0m 
[36m(ClientAppActor pid=987367)[0m         
[36m(ClientAppActor pid=987365)[0m 
[36m(ClientAppActor pid=987365)[0m         
[92mINFO [0m:      aggregate_fit: received 5 results and 0 failures
[92mINFO [0m:      fit progress: (1, 2.1680602672576903, {'accuracy': 0.2119, 'loss': 2.1680602672576903}, 17.8826541340095)
[92mINFO [0m:      configure_evaluate: strategy sampled 5 clients (out of 5)
[36m(ClientAppActor pid=987365)[0m 
[36m(ClientAppActor pid=987365)[0m         
[36m(ClientAppActor pid=987365)[0m [93mWARNING [0m:   DEPRECATED FEATURE: `client_fn` now expects a signature `def client_fn(context: Context)`.The provided `client_fn` has signature: {'cid': <Parameter "cid: str">}. You can import the `Context` like this: `from flwr.app import Context`[32m [repeated 5x across cluster] (Ray deduplicates logs by default. Set RAY_DEDUP_LOGS=0 to disable log deduplication, or see https://docs.ray.io/en/master/ray-observability/user-guides/configure-logging.html#log-deduplication for more options.)[0m
[36m(ClientAppActor pid=987365)[0m             This is a deprecated feature. It will be removed[32m [repeated 5x across cluster][0m
[36m(ClientAppActor pid=987365)[0m             entirely in future versions of Flower.[32m [repeated 5x across cluster][0m
[36m(ClientAppActor pid=987369)[0m 
[36m(ClientAppActor pid=987369)[0m         
[36m(ClientAppActor pid=987367)[0m 
[36m(ClientAppActor pid=987367)[0m         
[36m(ClientAppActor pid=987366)[0m 
[36m(ClientAppActor pid=987366)[0m         
[36m(ClientAppActor pid=987368)[0m 
[36m(ClientAppActor pid=987368)[0m         
[92mINFO [0m:      aggregate_evaluate: received 5 results and 0 failures
[92mINFO [0m:      
[92mINFO [0m:      [ROUND 2]
[92mINFO [0m:      configure_fit: strategy sampled 5 clients (out of 5)
[36m(ClientAppActor pid=987368)[0m 
[36m(ClientAppActor pid=987368)[0m         
[36m(ClientAppActor pid=987367)[0m 
[36m(ClientAppActor pid=987367)[0m         
[36m(ClientAppActor pid=987366)[0m 
[36m(ClientAppActor pid=987366)[0m         
[36m(ClientAppActor pid=987369)[0m 
[36m(ClientAppActor pid=987369)[0m         
[36m(ClientAppActor pid=987365)[0m 
[36m(ClientAppActor pid=987365)[0m         
[92mINFO [0m:      aggregate_fit: received 5 results and 0 failures
[92mINFO [0m:      fit progress: (2, 1.181000395011902, {'accuracy': 0.6246, 'loss': 1.181000395011902}, 33.63343350798823)
[92mINFO [0m:      configure_evaluate: strategy sampled 5 clients (out of 5)
[36m(ClientAppActor pid=987368)[0m 
[36m(ClientAppActor pid=987368)[0m         
[36m(ClientAppActor pid=987368)[0m [93mWARNING [0m:   DEPRECATED FEATURE: `client_fn` now expects a signature `def client_fn(context: Context)`.The provided `client_fn` has signature: {'cid': <Parameter "cid: str">}. You can import the `Context` like this: `from flwr.app import Context`[32m [repeated 10x across cluster][0m
[36m(ClientAppActor pid=987368)[0m             This is a deprecated feature. It will be removed[32m [repeated 10x across cluster][0m
[36m(ClientAppActor pid=987368)[0m             entirely in future versions of Flower.[32m [repeated 10x across cluster][0m
[36m(ClientAppActor pid=987369)[0m 
[36m(ClientAppActor pid=987369)[0m         
[36m(ClientAppActor pid=987365)[0m 
[36m(ClientAppActor pid=987365)[0m         
[36m(ClientAppActor pid=987366)[0m 
[36m(ClientAppActor pid=987366)[0m         
[36m(ClientAppActor pid=987367)[0m 
[36m(ClientAppActor pid=987367)[0m         
[92mINFO [0m:      aggregate_evaluate: received 5 results and 0 failures
[92mINFO [0m:      
[92mINFO [0m:      [ROUND 3]
[92mINFO [0m:      configure_fit: strategy sampled 5 clients (out of 5)
[36m(ClientAppActor pid=987367)[0m 
[36m(ClientAppActor pid=987367)[0m         
[36m(ClientAppActor pid=987366)[0m 
[36m(ClientAppActor pid=987366)[0m         
[36m(ClientAppActor pid=987365)[0m 
[36m(ClientAppActor pid=987365)[0m         
[36m(ClientAppActor pid=987369)[0m 
[36m(ClientAppActor pid=987369)[0m         
[36m(ClientAppActor pid=987368)[0m 
[36m(ClientAppActor pid=987368)[0m         
[92mINFO [0m:      aggregate_fit: received 5 results and 0 failures
[92mINFO [0m:      fit progress: (3, 0.8460695685386658, {'accuracy': 0.7138, 'loss': 0.8460695685386658}, 49.85515871201642)
[92mINFO [0m:      configure_evaluate: strategy sampled 5 clients (out of 5)
[36m(ClientAppActor pid=987365)[0m 
[36m(ClientAppActor pid=987365)[0m         
[36m(ClientAppActor pid=987365)[0m [93mWARNING [0m:   DEPRECATED FEATURE: `client_fn` now expects a signature `def client_fn(context: Context)`.The provided `client_fn` has signature: {'cid': <Parameter "cid: str">}. You can import the `Context` like this: `from flwr.app import Context`[32m [repeated 10x across cluster][0m
[36m(ClientAppActor pid=987365)[0m             This is a deprecated feature. It will be removed[32m [repeated 10x across cluster][0m
[36m(ClientAppActor pid=987365)[0m             entirely in future versions of Flower.[32m [repeated 10x across cluster][0m
[36m(ClientAppActor pid=987369)[0m 
[36m(ClientAppActor pid=987369)[0m         
[36m(ClientAppActor pid=987366)[0m 
[36m(ClientAppActor pid=987366)[0m         
[36m(ClientAppActor pid=987367)[0m 
[36m(ClientAppActor pid=987367)[0m         
[36m(ClientAppActor pid=987368)[0m 
[36m(ClientAppActor pid=987368)[0m         
[92mINFO [0m:      aggregate_evaluate: received 5 results and 0 failures
[92mINFO [0m:      
[92mINFO [0m:      [ROUND 4]
[92mINFO [0m:      configure_fit: strategy sampled 5 clients (out of 5)
[36m(ClientAppActor pid=987368)[0m 
[36m(ClientAppActor pid=987368)[0m         
[36m(ClientAppActor pid=987367)[0m 
[36m(ClientAppActor pid=987367)[0m         
[36m(ClientAppActor pid=987369)[0m 
[36m(ClientAppActor pid=987369)[0m         
[36m(ClientAppActor pid=987366)[0m 
[36m(ClientAppActor pid=987366)[0m         
[36m(ClientAppActor pid=987365)[0m 
[36m(ClientAppActor pid=987365)[0m         
[92mINFO [0m:      aggregate_fit: received 5 results and 0 failures
[92mINFO [0m:      fit progress: (4, 0.6968468357086182, {'accuracy': 0.7576, 'loss': 0.6968468357086182}, 65.92266556300456)
[92mINFO [0m:      configure_evaluate: strategy sampled 5 clients (out of 5)
[36m(ClientAppActor pid=987369)[0m 
[36m(ClientAppActor pid=987369)[0m         
[36m(ClientAppActor pid=987369)[0m [93mWARNING [0m:   DEPRECATED FEATURE: `client_fn` now expects a signature `def client_fn(context: Context)`.The provided `client_fn` has signature: {'cid': <Parameter "cid: str">}. You can import the `Context` like this: `from flwr.app import Context`[32m [repeated 10x across cluster][0m
[36m(ClientAppActor pid=987369)[0m             This is a deprecated feature. It will be removed[32m [repeated 10x across cluster][0m
[36m(ClientAppActor pid=987369)[0m             entirely in future versions of Flower.[32m [repeated 10x across cluster][0m
[36m(ClientAppActor pid=987366)[0m 
[36m(ClientAppActor pid=987366)[0m         
[36m(ClientAppActor pid=987365)[0m 
[36m(ClientAppActor pid=987365)[0m         
[36m(ClientAppActor pid=987367)[0m 
[36m(ClientAppActor pid=987367)[0m         
[36m(ClientAppActor pid=987368)[0m 
[36m(ClientAppActor pid=987368)[0m         
[92mINFO [0m:      aggregate_evaluate: received 5 results and 0 failures
[92mINFO [0m:      
[92mINFO [0m:      [ROUND 5]
[92mINFO [0m:      configure_fit: strategy sampled 5 clients (out of 5)
[36m(ClientAppActor pid=987368)[0m 
[36m(ClientAppActor pid=987368)[0m         
[36m(ClientAppActor pid=987367)[0m 
[36m(ClientAppActor pid=987367)[0m         
[36m(ClientAppActor pid=987366)[0m 
[36m(ClientAppActor pid=987366)[0m         
[36m(ClientAppActor pid=987365)[0m 
[36m(ClientAppActor pid=987365)[0m         
[36m(ClientAppActor pid=987369)[0m 
[36m(ClientAppActor pid=987369)[0m         
[92mINFO [0m:      aggregate_fit: received 5 results and 0 failures
[92mINFO [0m:      fit progress: (5, 0.660925663805008, {'accuracy': 0.775, 'loss': 0.660925663805008}, 82.79194814601215)
[92mINFO [0m:      configure_evaluate: strategy sampled 5 clients (out of 5)
[36m(ClientAppActor pid=987369)[0m 
[36m(ClientAppActor pid=987369)[0m         
[36m(ClientAppActor pid=987369)[0m [93mWARNING [0m:   DEPRECATED FEATURE: `client_fn` now expects a signature `def client_fn(context: Context)`.The provided `client_fn` has signature: {'cid': <Parameter "cid: str">}. You can import the `Context` like this: `from flwr.app import Context`[32m [repeated 10x across cluster][0m
[36m(ClientAppActor pid=987369)[0m             This is a deprecated feature. It will be removed[32m [repeated 10x across cluster][0m
[36m(ClientAppActor pid=987369)[0m             entirely in future versions of Flower.[32m [repeated 10x across cluster][0m
[36m(ClientAppActor pid=987368)[0m 
[36m(ClientAppActor pid=987368)[0m         
[36m(ClientAppActor pid=987367)[0m 
[36m(ClientAppActor pid=987367)[0m         
[36m(ClientAppActor pid=987366)[0m 
[36m(ClientAppActor pid=987366)[0m         
[36m(ClientAppActor pid=987365)[0m 
[36m(ClientAppActor pid=987365)[0m         
[92mINFO [0m:      aggregate_evaluate: received 5 results and 0 failures
[92mINFO [0m:      
[92mINFO [0m:      [ROUND 6]
[92mINFO [0m:      configure_fit: strategy sampled 5 clients (out of 5)
[36m(ClientAppActor pid=987365)[0m 
[36m(ClientAppActor pid=987365)[0m         
[36m(ClientAppActor pid=987366)[0m 
[36m(ClientAppActor pid=987366)[0m         
[36m(ClientAppActor pid=987367)[0m 
[36m(ClientAppActor pid=987367)[0m         
[36m(ClientAppActor pid=987368)[0m 
[36m(ClientAppActor pid=987368)[0m         
[36m(ClientAppActor pid=987369)[0m 
[36m(ClientAppActor pid=987369)[0m         
[92mINFO [0m:      aggregate_fit: received 5 results and 0 failures
[92mINFO [0m:      fit progress: (6, 0.6216957683563232, {'accuracy': 0.787, 'loss': 0.6216957683563232}, 98.70571888599079)
[92mINFO [0m:      configure_evaluate: strategy sampled 5 clients (out of 5)
[36m(ClientAppActor pid=987366)[0m 
[36m(ClientAppActor pid=987366)[0m         
[36m(ClientAppActor pid=987366)[0m [93mWARNING [0m:   DEPRECATED FEATURE: `client_fn` now expects a signature `def client_fn(context: Context)`.The provided `client_fn` has signature: {'cid': <Parameter "cid: str">}. You can import the `Context` like this: `from flwr.app import Context`[32m [repeated 10x across cluster][0m
[36m(ClientAppActor pid=987366)[0m             This is a deprecated feature. It will be removed[32m [repeated 10x across cluster][0m
[36m(ClientAppActor pid=987366)[0m             entirely in future versions of Flower.[32m [repeated 10x across cluster][0m
[36m(ClientAppActor pid=987369)[0m 
[36m(ClientAppActor pid=987369)[0m         
[36m(ClientAppActor pid=987365)[0m 
[36m(ClientAppActor pid=987365)[0m         
[36m(ClientAppActor pid=987368)[0m 
[36m(ClientAppActor pid=987368)[0m         
[36m(ClientAppActor pid=987367)[0m 
[36m(ClientAppActor pid=987367)[0m         
[92mINFO [0m:      aggregate_evaluate: received 5 results and 0 failures
[92mINFO [0m:      
[92mINFO [0m:      [ROUND 7]
[92mINFO [0m:      configure_fit: strategy sampled 5 clients (out of 5)
[36m(ClientAppActor pid=987367)[0m 
[36m(ClientAppActor pid=987367)[0m         
[36m(ClientAppActor pid=987368)[0m 
[36m(ClientAppActor pid=987368)[0m         
[36m(ClientAppActor pid=987365)[0m 
[36m(ClientAppActor pid=987365)[0m         
[36m(ClientAppActor pid=987369)[0m 
[36m(ClientAppActor pid=987369)[0m         
[36m(ClientAppActor pid=987366)[0m 
[36m(ClientAppActor pid=987366)[0m         
[92mINFO [0m:      aggregate_fit: received 5 results and 0 failures
[92mINFO [0m:      fit progress: (7, 0.6007189812660217, {'accuracy': 0.7965, 'loss': 0.6007189812660217}, 114.76240976603003)
[92mINFO [0m:      configure_evaluate: strategy sampled 5 clients (out of 5)
[36m(ClientAppActor pid=987366)[0m 
[36m(ClientAppActor pid=987366)[0m         
[36m(ClientAppActor pid=987366)[0m [93mWARNING [0m:   DEPRECATED FEATURE: `client_fn` now expects a signature `def client_fn(context: Context)`.The provided `client_fn` has signature: {'cid': <Parameter "cid: str">}. You can import the `Context` like this: `from flwr.app import Context`[32m [repeated 10x across cluster][0m
[36m(ClientAppActor pid=987366)[0m             This is a deprecated feature. It will be removed[32m [repeated 10x across cluster][0m
[36m(ClientAppActor pid=987366)[0m             entirely in future versions of Flower.[32m [repeated 10x across cluster][0m
[36m(ClientAppActor pid=987365)[0m 
[36m(ClientAppActor pid=987365)[0m         
[36m(ClientAppActor pid=987369)[0m 
[36m(ClientAppActor pid=987369)[0m         
[36m(ClientAppActor pid=987368)[0m 
[36m(ClientAppActor pid=987368)[0m         
[36m(ClientAppActor pid=987367)[0m 
[36m(ClientAppActor pid=987367)[0m         
[92mINFO [0m:      aggregate_evaluate: received 5 results and 0 failures
[92mINFO [0m:      
[92mINFO [0m:      [ROUND 8]
[92mINFO [0m:      configure_fit: strategy sampled 5 clients (out of 5)
[36m(ClientAppActor pid=987367)[0m 
[36m(ClientAppActor pid=987367)[0m         
[36m(ClientAppActor pid=987365)[0m 
[36m(ClientAppActor pid=987365)[0m         
[36m(ClientAppActor pid=987369)[0m 
[36m(ClientAppActor pid=987369)[0m         
[36m(ClientAppActor pid=987368)[0m 
[36m(ClientAppActor pid=987368)[0m         
[36m(ClientAppActor pid=987366)[0m 
[36m(ClientAppActor pid=987366)[0m         
[92mINFO [0m:      aggregate_fit: received 5 results and 0 failures
[92mINFO [0m:      fit progress: (8, 0.5759093190670014, {'accuracy': 0.8095, 'loss': 0.5759093190670014}, 130.6897689520265)
[92mINFO [0m:      configure_evaluate: strategy sampled 5 clients (out of 5)
[36m(ClientAppActor pid=987367)[0m 
[36m(ClientAppActor pid=987367)[0m         
[36m(ClientAppActor pid=987367)[0m [93mWARNING [0m:   DEPRECATED FEATURE: `client_fn` now expects a signature `def client_fn(context: Context)`.The provided `client_fn` has signature: {'cid': <Parameter "cid: str">}. You can import the `Context` like this: `from flwr.app import Context`[32m [repeated 10x across cluster][0m
[36m(ClientAppActor pid=987367)[0m             This is a deprecated feature. It will be removed[32m [repeated 10x across cluster][0m
[36m(ClientAppActor pid=987367)[0m             entirely in future versions of Flower.[32m [repeated 10x across cluster][0m
[36m(ClientAppActor pid=987369)[0m 
[36m(ClientAppActor pid=987369)[0m         
[36m(ClientAppActor pid=987366)[0m 
[36m(ClientAppActor pid=987366)[0m         
[36m(ClientAppActor pid=987368)[0m 
[36m(ClientAppActor pid=987368)[0m         
[36m(ClientAppActor pid=987365)[0m 
[36m(ClientAppActor pid=987365)[0m         
[92mINFO [0m:      aggregate_evaluate: received 5 results and 0 failures
[92mINFO [0m:      
[92mINFO [0m:      [ROUND 9]
[92mINFO [0m:      configure_fit: strategy sampled 5 clients (out of 5)
[36m(ClientAppActor pid=987365)[0m 
[36m(ClientAppActor pid=987365)[0m         
[36m(ClientAppActor pid=987368)[0m 
[36m(ClientAppActor pid=987368)[0m         
[36m(ClientAppActor pid=987369)[0m 
[36m(ClientAppActor pid=987369)[0m         
[36m(ClientAppActor pid=987366)[0m 
[36m(ClientAppActor pid=987366)[0m         
[36m(ClientAppActor pid=987367)[0m 
[36m(ClientAppActor pid=987367)[0m         
[92mINFO [0m:      aggregate_fit: received 5 results and 0 failures
[92mINFO [0m:      fit progress: (9, 0.5725964118003846, {'accuracy': 0.8163, 'loss': 0.5725964118003846}, 147.26768561900826)
[92mINFO [0m:      configure_evaluate: strategy sampled 5 clients (out of 5)
[36m(ClientAppActor pid=987367)[0m 
[36m(ClientAppActor pid=987367)[0m         
[36m(ClientAppActor pid=987367)[0m [93mWARNING [0m:   DEPRECATED FEATURE: `client_fn` now expects a signature `def client_fn(context: Context)`.The provided `client_fn` has signature: {'cid': <Parameter "cid: str">}. You can import the `Context` like this: `from flwr.app import Context`[32m [repeated 10x across cluster][0m
[36m(ClientAppActor pid=987367)[0m             This is a deprecated feature. It will be removed[32m [repeated 10x across cluster][0m
[36m(ClientAppActor pid=987367)[0m             entirely in future versions of Flower.[32m [repeated 10x across cluster][0m
[36m(ClientAppActor pid=987365)[0m 
[36m(ClientAppActor pid=987365)[0m         
[36m(ClientAppActor pid=987368)[0m 
[36m(ClientAppActor pid=987368)[0m         
[36m(ClientAppActor pid=987369)[0m 
[36m(ClientAppActor pid=987369)[0m         
[36m(ClientAppActor pid=987366)[0m 
[36m(ClientAppActor pid=987366)[0m         
[92mINFO [0m:      aggregate_evaluate: received 5 results and 0 failures
[92mINFO [0m:      
[92mINFO [0m:      [ROUND 10]
[92mINFO [0m:      configure_fit: strategy sampled 5 clients (out of 5)
[36m(ClientAppActor pid=987366)[0m 
[36m(ClientAppActor pid=987366)[0m         
[36m(ClientAppActor pid=987369)[0m 
[36m(ClientAppActor pid=987369)[0m         
[36m(ClientAppActor pid=987368)[0m 
[36m(ClientAppActor pid=987368)[0m         
[36m(ClientAppActor pid=987365)[0m 
[36m(ClientAppActor pid=987365)[0m         
[36m(ClientAppActor pid=987367)[0m 
[36m(ClientAppActor pid=987367)[0m         
[92mINFO [0m:      aggregate_fit: received 5 results and 0 failures
[92mINFO [0m:      fit progress: (10, 0.5849102475643158, {'accuracy': 0.817, 'loss': 0.5849102475643158}, 163.68343307700707)
[92mINFO [0m:      configure_evaluate: strategy sampled 5 clients (out of 5)
[36m(ClientAppActor pid=987365)[0m 
[36m(ClientAppActor pid=987365)[0m         
[36m(ClientAppActor pid=987365)[0m [93mWARNING [0m:   DEPRECATED FEATURE: `client_fn` now expects a signature `def client_fn(context: Context)`.The provided `client_fn` has signature: {'cid': <Parameter "cid: str">}. You can import the `Context` like this: `from flwr.app import Context`[32m [repeated 10x across cluster][0m
[36m(ClientAppActor pid=987365)[0m             This is a deprecated feature. It will be removed[32m [repeated 10x across cluster][0m
[36m(ClientAppActor pid=987365)[0m             entirely in future versions of Flower.[32m [repeated 10x across cluster][0m
[36m(ClientAppActor pid=987369)[0m 
[36m(ClientAppActor pid=987369)[0m         
[36m(ClientAppActor pid=987368)[0m 
[36m(ClientAppActor pid=987368)[0m         
[36m(ClientAppActor pid=987367)[0m 
[36m(ClientAppActor pid=987367)[0m         
[36m(ClientAppActor pid=987366)[0m 
[36m(ClientAppActor pid=987366)[0m         
[92mINFO [0m:      aggregate_evaluate: received 5 results and 0 failures
[92mINFO [0m:      
[92mINFO [0m:      [SUMMARY]
[92mINFO [0m:      Run finished 10 round(s) in 164.61s
[92mINFO [0m:      	History (loss, distributed):
[92mINFO [0m:      		round 1: 2.1688055970183178
[92mINFO [0m:      		round 2: 1.1844591059866978
[92mINFO [0m:      		round 3: 0.8420202966664686
[92mINFO [0m:      		round 4: 0.6988940823550414
[92mINFO [0m:      		round 5: 0.645093661330852
[92mINFO [0m:      		round 6: 0.6107337716258779
[92mINFO [0m:      		round 7: 0.5943226278746495
[92mINFO [0m:      		round 8: 0.5620378116730834
[92mINFO [0m:      		round 9: 0.5608794325712968
[92mINFO [0m:      		round 10: 0.5573410119364958
[92mINFO [0m:      	History (loss, centralized):
[92mINFO [0m:      		round 0: 2.302908980178833
[92mINFO [0m:      		round 1: 2.1680602672576903
[92mINFO [0m:      		round 2: 1.181000395011902
[92mINFO [0m:      		round 3: 0.8460695685386658
[92mINFO [0m:      		round 4: 0.6968468357086182
[92mINFO [0m:      		round 5: 0.660925663805008
[92mINFO [0m:      		round 6: 0.6216957683563232
[92mINFO [0m:      		round 7: 0.6007189812660217
[92mINFO [0m:      		round 8: 0.5759093190670014
[92mINFO [0m:      		round 9: 0.5725964118003846
[92mINFO [0m:      		round 10: 0.5849102475643158
[92mINFO [0m:      	History (metrics, distributed, fit):
[92mINFO [0m:      	{'avg_epochs_weighted': [(1, 4.0),
[92mINFO [0m:      	                         (2, 4.0),
[92mINFO [0m:      	                         (3, 4.0),
[92mINFO [0m:      	                         (4, 4.0),
[92mINFO [0m:      	                         (5, 4.0),
[92mINFO [0m:      	                         (6, 4.0),
[92mINFO [0m:      	                         (7, 4.0),
[92mINFO [0m:      	                         (8, 4.0),
[92mINFO [0m:      	                         (9, 4.0),
[92mINFO [0m:      	                         (10, 4.0)],
[92mINFO [0m:      	 'avg_flops_per_client_round': [(1, 6512499351552.0),
[92mINFO [0m:      	                                (2, 6512499351552.0),
[92mINFO [0m:      	                                (3, 6512499351552.0),
[92mINFO [0m:      	                                (4, 6512499351552.0),
[92mINFO [0m:      	                                (5, 6512499351552.0),
[92mINFO [0m:      	                                (6, 6512499351552.0),
[92mINFO [0m:      	                                (7, 6512499351552.0),
[92mINFO [0m:      	                                (8, 6512499351552.0),
[92mINFO [0m:      	                                (9, 6512499351552.0),
[92mINFO [0m:      	                                (10, 6512499351552.0)],
[92mINFO [0m:      	 'avg_lr_weighted': [(1, 0.007252510769307389),
[92mINFO [0m:      	                     (2, 0.007252510769307389),
[92mINFO [0m:      	                     (3, 0.007252510769307389),
[92mINFO [0m:      	                     (4, 0.007252510769307389),
[92mINFO [0m:      	                     (5, 0.007252510769307389),
[92mINFO [0m:      	                     (6, 0.007252510769307389),
[92mINFO [0m:      	                     (7, 0.007252510769307389),
[92mINFO [0m:      	                     (8, 0.007252510769307389),
[92mINFO [0m:      	                     (9, 0.007252510769307389),
[92mINFO [0m:      	                     (10, 0.007252510769307389)],
[92mINFO [0m:      	 'total_flops_round': [(1, 32562496757760),
[92mINFO [0m:      	                       (2, 32562496757760),
[92mINFO [0m:      	                       (3, 32562496757760),
[92mINFO [0m:      	                       (4, 32562496757760),
[92mINFO [0m:      	                       (5, 32562496757760),
[92mINFO [0m:      	                       (6, 32562496757760),
[92mINFO [0m:      	                       (7, 32562496757760),
[92mINFO [0m:      	                       (8, 32562496757760),
[92mINFO [0m:      	                       (9, 32562496757760),
[92mINFO [0m:      	                       (10, 32562496757760)]}
[92mINFO [0m:      	History (metrics, distributed, evaluate):
[92mINFO [0m:      	{'accuracy': [(1, 0.20568227290916366),
[92mINFO [0m:      	              (2, 0.6186474589835934),
[92mINFO [0m:      	              (3, 0.7010804321728692),
[92mINFO [0m:      	              (4, 0.7511004401760705),
[92mINFO [0m:      	              (5, 0.7729091636654661),
[92mINFO [0m:      	              (6, 0.7867146858743498),
[92mINFO [0m:      	              (7, 0.7963185274109644),
[92mINFO [0m:      	              (8, 0.8099239695878351),
[92mINFO [0m:      	              (9, 0.8139255702280912),
[92mINFO [0m:      	              (10, 0.8231292517006803)],
[92mINFO [0m:      	 'loss': [(1, 2.1688055970183178),
[92mINFO [0m:      	          (2, 1.1844591059866978),
[92mINFO [0m:      	          (3, 0.8420202966664686),
[92mINFO [0m:      	          (4, 0.6988940823550414),
[92mINFO [0m:      	          (5, 0.645093661330852),
[92mINFO [0m:      	          (6, 0.6107337716258779),
[92mINFO [0m:      	          (7, 0.5943226278746495),
[92mINFO [0m:      	          (8, 0.5620378116730834),
[92mINFO [0m:      	          (9, 0.5608794325712968),
[92mINFO [0m:      	          (10, 0.5573410119364958)]}
[92mINFO [0m:      	History (metrics, centralized):
[92mINFO [0m:      	{'accuracy': [(0, 0.1),
[92mINFO [0m:      	              (1, 0.2119),
[92mINFO [0m:      	              (2, 0.6246),
[92mINFO [0m:      	              (3, 0.7138),
[92mINFO [0m:      	              (4, 0.7576),
[92mINFO [0m:      	              (5, 0.775),
[92mINFO [0m:      	              (6, 0.787),
[92mINFO [0m:      	              (7, 0.7965),
[92mINFO [0m:      	              (8, 0.8095),
[92mINFO [0m:      	              (9, 0.8163),
[92mINFO [0m:      	              (10, 0.817)],
[92mINFO [0m:      	 'loss': [(0, 2.302908980178833),
[92mINFO [0m:      	          (1, 2.1680602672576903),
[92mINFO [0m:      	          (2, 1.181000395011902),
[92mINFO [0m:      	          (3, 0.8460695685386658),
[92mINFO [0m:      	          (4, 0.6968468357086182),
[92mINFO [0m:      	          (5, 0.660925663805008),
[92mINFO [0m:      	          (6, 0.6216957683563232),
[92mINFO [0m:      	          (7, 0.6007189812660217),
[92mINFO [0m:      	          (8, 0.5759093190670014),
[92mINFO [0m:      	          (9, 0.5725964118003846),
[92mINFO [0m:      	          (10, 0.5849102475643158)]}
[92mINFO [0m:      
Treinando no dispositivo: cuda:0 com o dataset: CIFAR10 | Setup clientes: 5 (num_gpus por cliente=0.2) | SEED=43
FLOPS por amostra (forward): 6.030e+07 | (forward+backward, 3x): 1.809e+08
Files already downloaded and verified
Files already downloaded and verified
Dividindo o dataset usando a distribuição de Dirichlet com alpha=1.0.
Iniciando a simulação de Aprendizado Federado...
=== Diagnóstico de Medição de GPU ===
  pynvml_disponivel: True
  pynvml_versao: 580.173.02
  gpus_detectadas: 1
  leitura_potencia_ok: True
  potencia_atual_W: 35.147

--- Rodada 0 - Avaliação Centralizada (Servidor) ---
Loss (Servidor): 2.3029 | Acurácia (Servidor): 0.1000
[36m(ClientAppActor pid=987366)[0m Cliente 0: HetRaw=0.7664 | HetNorm=0.2555 | Epochs=4 (dyn=True) | LR=0.007230 (dyn=True) | FedProx=True (mu=0.01)

--- Rodada 1 - Avaliação Centralizada (Servidor) ---
Loss (Servidor): 2.1681 | Acurácia (Servidor): 0.2119
--- Avaliação Agregada (Clientes) ---
Loss Média (Clientes): 2.1688 | Acurácia Média (Clientes): 0.2057
[36m(ClientAppActor pid=987368)[0m Cliente 4: HetRaw=0.7544 | HetNorm=0.2515 | Epochs=4 (dyn=True) | LR=0.007261 (dyn=True) | FedProx=True (mu=0.01)[32m [repeated 5x across cluster][0m

--- Rodada 2 - Avaliação Centralizada (Servidor) ---
Loss (Servidor): 1.1810 | Acurácia (Servidor): 0.6246
--- Avaliação Agregada (Clientes) ---
Loss Média (Clientes): 1.1845 | Acurácia Média (Clientes): 0.6186
[36m(ClientAppActor pid=987367)[0m Cliente 2: HetRaw=0.9402 | HetNorm=0.3134 | Epochs=4 (dyn=True) | LR=0.006802 (dyn=True) | FedProx=True (mu=0.01)[32m [repeated 5x across cluster][0m

--- Rodada 3 - Avaliação Centralizada (Servidor) ---
Loss (Servidor): 0.8461 | Acurácia (Servidor): 0.7138
--- Avaliação Agregada (Clientes) ---
Loss Média (Clientes): 0.8420 | Acurácia Média (Clientes): 0.7011
[36m(ClientAppActor pid=987368)[0m Cliente 3: HetRaw=0.9428 | HetNorm=0.3143 | Epochs=4 (dyn=True) | LR=0.006796 (dyn=True) | FedProx=True (mu=0.01)[32m [repeated 5x across cluster][0m

--- Rodada 4 - Avaliação Centralizada (Servidor) ---
Loss (Servidor): 0.6968 | Acurácia (Servidor): 0.7576
--- Avaliação Agregada (Clientes) ---
Loss Média (Clientes): 0.6989 | Acurácia Média (Clientes): 0.7511
[36m(ClientAppActor pid=987368)[0m Cliente 1: HetRaw=0.5925 | HetNorm=0.1975 | Epochs=4 (dyn=True) | LR=0.007715 (dyn=True) | FedProx=True (mu=0.01)[32m [repeated 5x across cluster][0m

--- Rodada 5 - Avaliação Centralizada (Servidor) ---
Loss (Servidor): 0.6609 | Acurácia (Servidor): 0.7750
--- Avaliação Agregada (Clientes) ---
Loss Média (Clientes): 0.6451 | Acurácia Média (Clientes): 0.7729
[36m(ClientAppActor pid=987365)[0m Cliente 0: HetRaw=0.7664 | HetNorm=0.2555 | Epochs=4 (dyn=True) | LR=0.007230 (dyn=True) | FedProx=True (mu=0.01)[32m [repeated 5x across cluster][0m

--- Rodada 6 - Avaliação Centralizada (Servidor) ---
Loss (Servidor): 0.6217 | Acurácia (Servidor): 0.7870
--- Avaliação Agregada (Clientes) ---
Loss Média (Clientes): 0.6107 | Acurácia Média (Clientes): 0.7867
[36m(ClientAppActor pid=987367)[0m Cliente 3: HetRaw=0.9428 | HetNorm=0.3143 | Epochs=4 (dyn=True) | LR=0.006796 (dyn=True) | FedProx=True (mu=0.01)[32m [repeated 5x across cluster][0m

--- Rodada 7 - Avaliação Centralizada (Servidor) ---
Loss (Servidor): 0.6007 | Acurácia (Servidor): 0.7965
--- Avaliação Agregada (Clientes) ---
Loss Média (Clientes): 0.5943 | Acurácia Média (Clientes): 0.7963
[36m(ClientAppActor pid=987367)[0m Cliente 4: HetRaw=0.7544 | HetNorm=0.2515 | Epochs=4 (dyn=True) | LR=0.007261 (dyn=True) | FedProx=True (mu=0.01)[32m [repeated 5x across cluster][0m

--- Rodada 8 - Avaliação Centralizada (Servidor) ---
Loss (Servidor): 0.5759 | Acurácia (Servidor): 0.8095
--- Avaliação Agregada (Clientes) ---
Loss Média (Clientes): 0.5620 | Acurácia Média (Clientes): 0.8099
[36m(ClientAppActor pid=987365)[0m Cliente 1: HetRaw=0.5925 | HetNorm=0.1975 | Epochs=4 (dyn=True) | LR=0.007715 (dyn=True) | FedProx=True (mu=0.01)[32m [repeated 5x across cluster][0m

--- Rodada 9 - Avaliação Centralizada (Servidor) ---
Loss (Servidor): 0.5726 | Acurácia (Servidor): 0.8163
--- Avaliação Agregada (Clientes) ---
Loss Média (Clientes): 0.5609 | Acurácia Média (Clientes): 0.8139
[36m(ClientAppActor pid=987366)[0m Cliente 3: HetRaw=0.9428 | HetNorm=0.3143 | Epochs=4 (dyn=True) | LR=0.006796 (dyn=True) | FedProx=True (mu=0.01)[32m [repeated 5x across cluster][0m

--- Rodada 10 - Avaliação Centralizada (Servidor) ---
Loss (Servidor): 0.5849 | Acurácia (Servidor): 0.8170
--- Avaliação Agregada (Clientes) ---
Loss Média (Clientes): 0.5573 | Acurácia Média (Clientes): 0.8231

Resultados salvos em: /home/tiago/GitHubProjects/fedhad-thesis-2/FedHAD-results/1.1_diagnostico_drift/CIFAR10-Standard/FedHAD__CIFAR10__Mode-STANDARD__Cfg-E1L1F1__Setup-5__Clients-5__Rounds-10__Delay-0_05__Alpha-1_0__Seed-43.txt
[36m(ClientAppActor pid=987366)[0m [93mWARNING [0m:   DEPRECATED FEATURE: `client_fn` now expects a signature `def client_fn(context: Context)`.The provided `client_fn` has signature: {'cid': <Parameter "cid: str">}. You can import the `Context` like this: `from flwr.app import Context`[32m [repeated 4x across cluster][0m
[36m(ClientAppActor pid=987366)[0m             This is a deprecated feature. It will be removed[32m [repeated 4x across cluster][0m
[36m(ClientAppActor pid=987366)[0m             entirely in future versions of Flower.[32m [repeated 4x across cluster][0m
[36m(ClientAppActor pid=987367)[0m Cliente 2: HetRaw=0.9402 | HetNorm=0.3134 | Epochs=4 (dyn=True) | LR=0.006802 (dyn=True) | FedProx=True (mu=0.01)[32m [repeated 4x across cluster][0m
