[codecarbon WARNING @ 16:59:05] Multiple instances of codecarbon are allowed to run at the same time.
[93mWARNING [0m:   DEPRECATED FEATURE: flwr.simulation.start_simulation() is deprecated.
	Instead, use the `flwr run` CLI command to start a local simulation in your Flower app, as shown for example below:

		$ flwr new  # Create a new Flower app from a template

		$ flwr run  # Run the Flower app in Simulation Mode

	Using `start_simulation()` is deprecated.

            This is a deprecated feature. It will be removed
            entirely in future versions of Flower.
        
[92mINFO [0m:      Starting Flower simulation, config: num_rounds=10, no round_timeout
2026-09-04 16:59:13,688	INFO worker.py:2012 -- Started a local Ray instance.
/home/tiago/GitHubProjects/fedhad-thesis-2/env_flwr_pt/lib/python3.12/site-packages/ray/_private/worker.py:2051: FutureWarning: Tip: In future versions of Ray, Ray will no longer override accelerator visible devices env var if num_gpus=0 or num_gpus=None (default). To enable this behavior and turn off this error message, set RAY_ACCEL_ENV_VAR_OVERRIDE_ON_ZERO=0
  warnings.warn(
[92mINFO [0m:      Flower VCE: Ray initialized with resources: {'memory': 180915818496.0, 'node:__internal_head__': 1.0, 'accelerator_type:A40': 1.0, 'node:10.129.64.100': 1.0, 'object_store_memory': 77535350784.0, 'CPU': 64.0, 'GPU': 1.0}
[92mINFO [0m:      Optimize your simulation with Flower VCE: https://flower.ai/docs/framework/how-to-run-simulations.html
/home/tiago/GitHubProjects/fedhad-thesis-2/FedHAD_Final_2.0.py:1916: UserWarning: No `num_cpus` specified in `client_resources`. Using `num_cpus=1` for each client.
  history = fl.simulation.start_simulation(
[92mINFO [0m:      Flower VCE: Resources for each Virtual Client: {'num_gpus': 0.2, 'num_cpus': 1}
[92mINFO [0m:      Flower VCE: Creating VirtualClientEngineActorPool with 5 actors
[92mINFO [0m:      [INIT]
[92mINFO [0m:      Requesting initial parameters from one random client
[36m(ClientAppActor pid=1080821)[0m [93mWARNING [0m:   DEPRECATED FEATURE: `client_fn` now expects a signature `def client_fn(context: Context)`.The provided `client_fn` has signature: {'cid': <Parameter "cid: str">}. You can import the `Context` like this: `from flwr.app import Context`
[36m(ClientAppActor pid=1080821)[0m 
[36m(ClientAppActor pid=1080821)[0m             This is a deprecated feature. It will be removed
[36m(ClientAppActor pid=1080821)[0m             entirely in future versions of Flower.
[36m(ClientAppActor pid=1080821)[0m         
[92mINFO [0m:      Received initial parameters from one random client
[92mINFO [0m:      Starting evaluation of initial global parameters
[92mINFO [0m:      initial parameters (loss, other metrics): 2.303749822998047, {'accuracy': 0.1, 'loss': 2.303749822998047}
[92mINFO [0m:      
[92mINFO [0m:      [ROUND 1]
[92mINFO [0m:      configure_fit: strategy sampled 5 clients (out of 5)
[36m(ClientAppActor pid=1080821)[0m [93mWARNING [0m:   DEPRECATED FEATURE: `client_fn` now expects a signature `def client_fn(context: Context)`.The provided `client_fn` has signature: {'cid': <Parameter "cid: str">}. You can import the `Context` like this: `from flwr.app import Context`
[36m(ClientAppActor pid=1080821)[0m 
[36m(ClientAppActor pid=1080821)[0m             This is a deprecated feature. It will be removed
[36m(ClientAppActor pid=1080821)[0m             entirely in future versions of Flower.
[36m(ClientAppActor pid=1080821)[0m         
[36m(ClientAppActor pid=1080822)[0m 
[36m(ClientAppActor pid=1080822)[0m         
[36m(ClientAppActor pid=1080819)[0m 
[36m(ClientAppActor pid=1080819)[0m         
[36m(ClientAppActor pid=1080820)[0m 
[36m(ClientAppActor pid=1080820)[0m         
[36m(ClientAppActor pid=1080818)[0m 
[36m(ClientAppActor pid=1080818)[0m         
[92mINFO [0m:      aggregate_fit: received 5 results and 0 failures
[92mINFO [0m:      fit progress: (1, 2.1745221801757815, {'accuracy': 0.1909, 'loss': 2.1745221801757815}, 17.994514418998733)
[92mINFO [0m:      configure_evaluate: strategy sampled 5 clients (out of 5)
[36m(ClientAppActor pid=1080822)[0m 
[36m(ClientAppActor pid=1080822)[0m         
[36m(ClientAppActor pid=1080822)[0m [93mWARNING [0m:   DEPRECATED FEATURE: `client_fn` now expects a signature `def client_fn(context: Context)`.The provided `client_fn` has signature: {'cid': <Parameter "cid: str">}. You can import the `Context` like this: `from flwr.app import Context`[32m [repeated 5x across cluster] (Ray deduplicates logs by default. Set RAY_DEDUP_LOGS=0 to disable log deduplication, or see https://docs.ray.io/en/master/ray-observability/user-guides/configure-logging.html#log-deduplication for more options.)[0m
[36m(ClientAppActor pid=1080822)[0m             This is a deprecated feature. It will be removed[32m [repeated 5x across cluster][0m
[36m(ClientAppActor pid=1080822)[0m             entirely in future versions of Flower.[32m [repeated 5x across cluster][0m
[36m(ClientAppActor pid=1080819)[0m 
[36m(ClientAppActor pid=1080819)[0m         
[36m(ClientAppActor pid=1080820)[0m 
[36m(ClientAppActor pid=1080820)[0m         
[36m(ClientAppActor pid=1080821)[0m 
[36m(ClientAppActor pid=1080821)[0m         
[36m(ClientAppActor pid=1080818)[0m 
[36m(ClientAppActor pid=1080818)[0m         
[92mINFO [0m:      aggregate_evaluate: received 5 results and 0 failures
[92mINFO [0m:      
[92mINFO [0m:      [ROUND 2]
[92mINFO [0m:      configure_fit: strategy sampled 5 clients (out of 5)
[36m(ClientAppActor pid=1080818)[0m 
[36m(ClientAppActor pid=1080818)[0m         
[36m(ClientAppActor pid=1080821)[0m 
[36m(ClientAppActor pid=1080821)[0m         
[36m(ClientAppActor pid=1080819)[0m 
[36m(ClientAppActor pid=1080819)[0m         
[36m(ClientAppActor pid=1080820)[0m 
[36m(ClientAppActor pid=1080820)[0m         
[36m(ClientAppActor pid=1080822)[0m 
[36m(ClientAppActor pid=1080822)[0m         
[92mINFO [0m:      aggregate_fit: received 5 results and 0 failures
[92mINFO [0m:      fit progress: (2, 1.949065922164917, {'accuracy': 0.2872, 'loss': 1.949065922164917}, 35.0478237500065)
[92mINFO [0m:      configure_evaluate: strategy sampled 5 clients (out of 5)
[36m(ClientAppActor pid=1080819)[0m 
[36m(ClientAppActor pid=1080819)[0m         
[36m(ClientAppActor pid=1080819)[0m [93mWARNING [0m:   DEPRECATED FEATURE: `client_fn` now expects a signature `def client_fn(context: Context)`.The provided `client_fn` has signature: {'cid': <Parameter "cid: str">}. You can import the `Context` like this: `from flwr.app import Context`[32m [repeated 10x across cluster][0m
[36m(ClientAppActor pid=1080819)[0m             This is a deprecated feature. It will be removed[32m [repeated 10x across cluster][0m
[36m(ClientAppActor pid=1080819)[0m             entirely in future versions of Flower.[32m [repeated 10x across cluster][0m
[36m(ClientAppActor pid=1080822)[0m 
[36m(ClientAppActor pid=1080822)[0m         
[36m(ClientAppActor pid=1080821)[0m 
[36m(ClientAppActor pid=1080821)[0m         
[36m(ClientAppActor pid=1080820)[0m 
[36m(ClientAppActor pid=1080820)[0m         
[36m(ClientAppActor pid=1080818)[0m 
[36m(ClientAppActor pid=1080818)[0m         
[92mINFO [0m:      aggregate_evaluate: received 5 results and 0 failures
[92mINFO [0m:      
[92mINFO [0m:      [ROUND 3]
[92mINFO [0m:      configure_fit: strategy sampled 5 clients (out of 5)
[36m(ClientAppActor pid=1080818)[0m 
[36m(ClientAppActor pid=1080818)[0m         
[36m(ClientAppActor pid=1080820)[0m 
[36m(ClientAppActor pid=1080820)[0m         
[36m(ClientAppActor pid=1080821)[0m 
[36m(ClientAppActor pid=1080821)[0m         
[36m(ClientAppActor pid=1080822)[0m 
[36m(ClientAppActor pid=1080822)[0m         
[36m(ClientAppActor pid=1080819)[0m 
[36m(ClientAppActor pid=1080819)[0m         
[92mINFO [0m:      aggregate_fit: received 5 results and 0 failures
[92mINFO [0m:      fit progress: (3, 1.6827170860290528, {'accuracy': 0.3857, 'loss': 1.6827170860290528}, 52.22281054704217)
[92mINFO [0m:      configure_evaluate: strategy sampled 5 clients (out of 5)
[36m(ClientAppActor pid=1080820)[0m 
[36m(ClientAppActor pid=1080820)[0m         
[36m(ClientAppActor pid=1080820)[0m [93mWARNING [0m:   DEPRECATED FEATURE: `client_fn` now expects a signature `def client_fn(context: Context)`.The provided `client_fn` has signature: {'cid': <Parameter "cid: str">}. You can import the `Context` like this: `from flwr.app import Context`[32m [repeated 10x across cluster][0m
[36m(ClientAppActor pid=1080820)[0m             This is a deprecated feature. It will be removed[32m [repeated 10x across cluster][0m
[36m(ClientAppActor pid=1080820)[0m             entirely in future versions of Flower.[32m [repeated 10x across cluster][0m
[36m(ClientAppActor pid=1080818)[0m 
[36m(ClientAppActor pid=1080818)[0m         
[36m(ClientAppActor pid=1080819)[0m 
[36m(ClientAppActor pid=1080819)[0m         
[36m(ClientAppActor pid=1080821)[0m 
[36m(ClientAppActor pid=1080821)[0m         
[36m(ClientAppActor pid=1080822)[0m 
[36m(ClientAppActor pid=1080822)[0m         
[92mINFO [0m:      aggregate_evaluate: received 5 results and 0 failures
[92mINFO [0m:      
[92mINFO [0m:      [ROUND 4]
[92mINFO [0m:      configure_fit: strategy sampled 5 clients (out of 5)
[36m(ClientAppActor pid=1080822)[0m 
[36m(ClientAppActor pid=1080822)[0m         
[36m(ClientAppActor pid=1080821)[0m 
[36m(ClientAppActor pid=1080821)[0m         
[36m(ClientAppActor pid=1080819)[0m 
[36m(ClientAppActor pid=1080819)[0m         
[36m(ClientAppActor pid=1080818)[0m 
[36m(ClientAppActor pid=1080818)[0m         
[36m(ClientAppActor pid=1080820)[0m 
[36m(ClientAppActor pid=1080820)[0m         
[92mINFO [0m:      aggregate_fit: received 5 results and 0 failures
[92mINFO [0m:      fit progress: (4, 1.4763948516845704, {'accuracy': 0.512, 'loss': 1.4763948516845704}, 70.00733916903846)
[92mINFO [0m:      configure_evaluate: strategy sampled 5 clients (out of 5)
[36m(ClientAppActor pid=1080820)[0m 
[36m(ClientAppActor pid=1080820)[0m         
[36m(ClientAppActor pid=1080820)[0m [93mWARNING [0m:   DEPRECATED FEATURE: `client_fn` now expects a signature `def client_fn(context: Context)`.The provided `client_fn` has signature: {'cid': <Parameter "cid: str">}. You can import the `Context` like this: `from flwr.app import Context`[32m [repeated 10x across cluster][0m
[36m(ClientAppActor pid=1080820)[0m             This is a deprecated feature. It will be removed[32m [repeated 10x across cluster][0m
[36m(ClientAppActor pid=1080820)[0m             entirely in future versions of Flower.[32m [repeated 10x across cluster][0m
[36m(ClientAppActor pid=1080818)[0m 
[36m(ClientAppActor pid=1080818)[0m         
[36m(ClientAppActor pid=1080821)[0m 
[36m(ClientAppActor pid=1080821)[0m         
[36m(ClientAppActor pid=1080822)[0m 
[36m(ClientAppActor pid=1080822)[0m         
[36m(ClientAppActor pid=1080819)[0m 
[36m(ClientAppActor pid=1080819)[0m         
[92mINFO [0m:      aggregate_evaluate: received 5 results and 0 failures
[92mINFO [0m:      
[92mINFO [0m:      [ROUND 5]
[92mINFO [0m:      configure_fit: strategy sampled 5 clients (out of 5)
[36m(ClientAppActor pid=1080819)[0m 
[36m(ClientAppActor pid=1080819)[0m         
[36m(ClientAppActor pid=1080821)[0m 
[36m(ClientAppActor pid=1080821)[0m         
[36m(ClientAppActor pid=1080822)[0m 
[36m(ClientAppActor pid=1080822)[0m         
[36m(ClientAppActor pid=1080818)[0m 
[36m(ClientAppActor pid=1080818)[0m         
[36m(ClientAppActor pid=1080820)[0m 
[36m(ClientAppActor pid=1080820)[0m         
[92mINFO [0m:      aggregate_fit: received 5 results and 0 failures
[92mINFO [0m:      fit progress: (5, 1.3365737854003907, {'accuracy': 0.5288, 'loss': 1.3365737854003907}, 87.33275450201472)
[92mINFO [0m:      configure_evaluate: strategy sampled 5 clients (out of 5)
[36m(ClientAppActor pid=1080818)[0m 
[36m(ClientAppActor pid=1080818)[0m         
[36m(ClientAppActor pid=1080818)[0m [93mWARNING [0m:   DEPRECATED FEATURE: `client_fn` now expects a signature `def client_fn(context: Context)`.The provided `client_fn` has signature: {'cid': <Parameter "cid: str">}. You can import the `Context` like this: `from flwr.app import Context`[32m [repeated 10x across cluster][0m
[36m(ClientAppActor pid=1080818)[0m             This is a deprecated feature. It will be removed[32m [repeated 10x across cluster][0m
[36m(ClientAppActor pid=1080818)[0m             entirely in future versions of Flower.[32m [repeated 10x across cluster][0m
[36m(ClientAppActor pid=1080819)[0m 
[36m(ClientAppActor pid=1080819)[0m         
[36m(ClientAppActor pid=1080822)[0m 
[36m(ClientAppActor pid=1080822)[0m         
[36m(ClientAppActor pid=1080821)[0m 
[36m(ClientAppActor pid=1080821)[0m         
[36m(ClientAppActor pid=1080820)[0m 
[36m(ClientAppActor pid=1080820)[0m         
[92mINFO [0m:      aggregate_evaluate: received 5 results and 0 failures
[92mINFO [0m:      
[92mINFO [0m:      [ROUND 6]
[92mINFO [0m:      configure_fit: strategy sampled 5 clients (out of 5)
[36m(ClientAppActor pid=1080820)[0m 
[36m(ClientAppActor pid=1080820)[0m         
[36m(ClientAppActor pid=1080821)[0m 
[36m(ClientAppActor pid=1080821)[0m         
[36m(ClientAppActor pid=1080822)[0m 
[36m(ClientAppActor pid=1080822)[0m         
[36m(ClientAppActor pid=1080819)[0m 
[36m(ClientAppActor pid=1080819)[0m         
[36m(ClientAppActor pid=1080818)[0m 
[36m(ClientAppActor pid=1080818)[0m         
[92mINFO [0m:      aggregate_fit: received 5 results and 0 failures
[92mINFO [0m:      fit progress: (6, 1.2364777551651, {'accuracy': 0.5717, 'loss': 1.2364777551651}, 104.52485392801464)
[92mINFO [0m:      configure_evaluate: strategy sampled 5 clients (out of 5)
[36m(ClientAppActor pid=1080819)[0m 
[36m(ClientAppActor pid=1080819)[0m         
[36m(ClientAppActor pid=1080819)[0m [93mWARNING [0m:   DEPRECATED FEATURE: `client_fn` now expects a signature `def client_fn(context: Context)`.The provided `client_fn` has signature: {'cid': <Parameter "cid: str">}. You can import the `Context` like this: `from flwr.app import Context`[32m [repeated 10x across cluster][0m
[36m(ClientAppActor pid=1080819)[0m             This is a deprecated feature. It will be removed[32m [repeated 10x across cluster][0m
[36m(ClientAppActor pid=1080819)[0m             entirely in future versions of Flower.[32m [repeated 10x across cluster][0m
[36m(ClientAppActor pid=1080822)[0m 
[36m(ClientAppActor pid=1080822)[0m         
[36m(ClientAppActor pid=1080821)[0m 
[36m(ClientAppActor pid=1080821)[0m         
[36m(ClientAppActor pid=1080818)[0m 
[36m(ClientAppActor pid=1080818)[0m         
[36m(ClientAppActor pid=1080820)[0m 
[36m(ClientAppActor pid=1080820)[0m         
[92mINFO [0m:      aggregate_evaluate: received 5 results and 0 failures
[92mINFO [0m:      
[92mINFO [0m:      [ROUND 7]
[92mINFO [0m:      configure_fit: strategy sampled 5 clients (out of 5)
[36m(ClientAppActor pid=1080820)[0m 
[36m(ClientAppActor pid=1080820)[0m         
[36m(ClientAppActor pid=1080818)[0m 
[36m(ClientAppActor pid=1080818)[0m         
[36m(ClientAppActor pid=1080821)[0m 
[36m(ClientAppActor pid=1080821)[0m         
[36m(ClientAppActor pid=1080822)[0m 
[36m(ClientAppActor pid=1080822)[0m         
[36m(ClientAppActor pid=1080819)[0m 
[36m(ClientAppActor pid=1080819)[0m         
[92mINFO [0m:      aggregate_fit: received 5 results and 0 failures
[92mINFO [0m:      fit progress: (7, 1.2591182651519774, {'accuracy': 0.5933, 'loss': 1.2591182651519774}, 121.80347199103562)
[92mINFO [0m:      configure_evaluate: strategy sampled 5 clients (out of 5)
[36m(ClientAppActor pid=1080822)[0m 
[36m(ClientAppActor pid=1080822)[0m         
[36m(ClientAppActor pid=1080822)[0m [93mWARNING [0m:   DEPRECATED FEATURE: `client_fn` now expects a signature `def client_fn(context: Context)`.The provided `client_fn` has signature: {'cid': <Parameter "cid: str">}. You can import the `Context` like this: `from flwr.app import Context`[32m [repeated 10x across cluster][0m
[36m(ClientAppActor pid=1080822)[0m             This is a deprecated feature. It will be removed[32m [repeated 10x across cluster][0m
[36m(ClientAppActor pid=1080822)[0m             entirely in future versions of Flower.[32m [repeated 10x across cluster][0m
[36m(ClientAppActor pid=1080818)[0m 
[36m(ClientAppActor pid=1080818)[0m         
[36m(ClientAppActor pid=1080819)[0m 
[36m(ClientAppActor pid=1080819)[0m         
[36m(ClientAppActor pid=1080821)[0m 
[36m(ClientAppActor pid=1080821)[0m         
[36m(ClientAppActor pid=1080820)[0m 
[36m(ClientAppActor pid=1080820)[0m         
[92mINFO [0m:      aggregate_evaluate: received 5 results and 0 failures
[92mINFO [0m:      
[92mINFO [0m:      [ROUND 8]
[92mINFO [0m:      configure_fit: strategy sampled 5 clients (out of 5)
[36m(ClientAppActor pid=1080821)[0m 
[36m(ClientAppActor pid=1080821)[0m         
[36m(ClientAppActor pid=1080820)[0m 
[36m(ClientAppActor pid=1080820)[0m         
[36m(ClientAppActor pid=1080819)[0m 
[36m(ClientAppActor pid=1080819)[0m         
[36m(ClientAppActor pid=1080818)[0m 
[36m(ClientAppActor pid=1080818)[0m         
[36m(ClientAppActor pid=1080822)[0m 
[36m(ClientAppActor pid=1080822)[0m         
[92mINFO [0m:      aggregate_fit: received 5 results and 0 failures
[92mINFO [0m:      fit progress: (8, 1.1058567049026489, {'accuracy': 0.6191, 'loss': 1.1058567049026489}, 139.03462932404364)
[92mINFO [0m:      configure_evaluate: strategy sampled 5 clients (out of 5)
[36m(ClientAppActor pid=1080820)[0m 
[36m(ClientAppActor pid=1080820)[0m         
[36m(ClientAppActor pid=1080820)[0m [93mWARNING [0m:   DEPRECATED FEATURE: `client_fn` now expects a signature `def client_fn(context: Context)`.The provided `client_fn` has signature: {'cid': <Parameter "cid: str">}. You can import the `Context` like this: `from flwr.app import Context`[32m [repeated 10x across cluster][0m
[36m(ClientAppActor pid=1080820)[0m             This is a deprecated feature. It will be removed[32m [repeated 10x across cluster][0m
[36m(ClientAppActor pid=1080820)[0m             entirely in future versions of Flower.[32m [repeated 10x across cluster][0m
[36m(ClientAppActor pid=1080818)[0m 
[36m(ClientAppActor pid=1080818)[0m         
[36m(ClientAppActor pid=1080819)[0m 
[36m(ClientAppActor pid=1080819)[0m         
[36m(ClientAppActor pid=1080821)[0m 
[36m(ClientAppActor pid=1080821)[0m         
[36m(ClientAppActor pid=1080822)[0m 
[36m(ClientAppActor pid=1080822)[0m         
[92mINFO [0m:      aggregate_evaluate: received 5 results and 0 failures
[92mINFO [0m:      
[92mINFO [0m:      [ROUND 9]
[92mINFO [0m:      configure_fit: strategy sampled 5 clients (out of 5)
[36m(ClientAppActor pid=1080822)[0m 
[36m(ClientAppActor pid=1080822)[0m         
[36m(ClientAppActor pid=1080821)[0m 
[36m(ClientAppActor pid=1080821)[0m         
[36m(ClientAppActor pid=1080819)[0m 
[36m(ClientAppActor pid=1080819)[0m         
[36m(ClientAppActor pid=1080820)[0m 
[36m(ClientAppActor pid=1080820)[0m         
[36m(ClientAppActor pid=1080818)[0m 
[36m(ClientAppActor pid=1080818)[0m         
[92mINFO [0m:      aggregate_fit: received 5 results and 0 failures
[92mINFO [0m:      fit progress: (9, 1.085812763595581, {'accuracy': 0.6302, 'loss': 1.085812763595581}, 156.3052222620463)
[92mINFO [0m:      configure_evaluate: strategy sampled 5 clients (out of 5)
[36m(ClientAppActor pid=1080820)[0m 
[36m(ClientAppActor pid=1080820)[0m         
[36m(ClientAppActor pid=1080820)[0m [93mWARNING [0m:   DEPRECATED FEATURE: `client_fn` now expects a signature `def client_fn(context: Context)`.The provided `client_fn` has signature: {'cid': <Parameter "cid: str">}. You can import the `Context` like this: `from flwr.app import Context`[32m [repeated 10x across cluster][0m
[36m(ClientAppActor pid=1080820)[0m             This is a deprecated feature. It will be removed[32m [repeated 10x across cluster][0m
[36m(ClientAppActor pid=1080820)[0m             entirely in future versions of Flower.[32m [repeated 10x across cluster][0m
[36m(ClientAppActor pid=1080819)[0m 
[36m(ClientAppActor pid=1080819)[0m         
[36m(ClientAppActor pid=1080822)[0m 
[36m(ClientAppActor pid=1080822)[0m         
[36m(ClientAppActor pid=1080821)[0m 
[36m(ClientAppActor pid=1080821)[0m         
[36m(ClientAppActor pid=1080818)[0m 
[36m(ClientAppActor pid=1080818)[0m         
[92mINFO [0m:      aggregate_evaluate: received 5 results and 0 failures
[92mINFO [0m:      
[92mINFO [0m:      [ROUND 10]
[92mINFO [0m:      configure_fit: strategy sampled 5 clients (out of 5)
[36m(ClientAppActor pid=1080818)[0m 
[36m(ClientAppActor pid=1080818)[0m         
[36m(ClientAppActor pid=1080821)[0m 
[36m(ClientAppActor pid=1080821)[0m         
[36m(ClientAppActor pid=1080822)[0m 
[36m(ClientAppActor pid=1080822)[0m         
[36m(ClientAppActor pid=1080820)[0m 
[36m(ClientAppActor pid=1080820)[0m         
[36m(ClientAppActor pid=1080819)[0m 
[36m(ClientAppActor pid=1080819)[0m         
[92mINFO [0m:      aggregate_fit: received 5 results and 0 failures
[92mINFO [0m:      fit progress: (10, 1.0332746388435363, {'accuracy': 0.6526, 'loss': 1.0332746388435363}, 173.12147105002077)
[92mINFO [0m:      configure_evaluate: strategy sampled 5 clients (out of 5)
[36m(ClientAppActor pid=1080818)[0m 
[36m(ClientAppActor pid=1080818)[0m         
[36m(ClientAppActor pid=1080818)[0m [93mWARNING [0m:   DEPRECATED FEATURE: `client_fn` now expects a signature `def client_fn(context: Context)`.The provided `client_fn` has signature: {'cid': <Parameter "cid: str">}. You can import the `Context` like this: `from flwr.app import Context`[32m [repeated 10x across cluster][0m
[36m(ClientAppActor pid=1080818)[0m             This is a deprecated feature. It will be removed[32m [repeated 10x across cluster][0m
[36m(ClientAppActor pid=1080818)[0m             entirely in future versions of Flower.[32m [repeated 10x across cluster][0m
[36m(ClientAppActor pid=1080822)[0m 
[36m(ClientAppActor pid=1080822)[0m         
[36m(ClientAppActor pid=1080819)[0m 
[36m(ClientAppActor pid=1080819)[0m         
[36m(ClientAppActor pid=1080820)[0m 
[36m(ClientAppActor pid=1080820)[0m         
[36m(ClientAppActor pid=1080821)[0m 
[36m(ClientAppActor pid=1080821)[0m         
[92mINFO [0m:      aggregate_evaluate: received 5 results and 0 failures
[92mINFO [0m:      
[92mINFO [0m:      [SUMMARY]
[92mINFO [0m:      Run finished 10 round(s) in 173.84s
[92mINFO [0m:      	History (loss, distributed):
[92mINFO [0m:      		round 1: 2.171723702517735
[92mINFO [0m:      		round 2: 1.9458436230842282
[92mINFO [0m:      		round 3: 1.673924730009153
[92mINFO [0m:      		round 4: 1.4590921791113105
[92mINFO [0m:      		round 5: 1.3186292178323622
[92mINFO [0m:      		round 6: 1.2224171443336627
[92mINFO [0m:      		round 7: 1.2330905671547108
[92mINFO [0m:      		round 8: 1.0811776705220395
[92mINFO [0m:      		round 9: 1.0635596574151835
[92mINFO [0m:      		round 10: 1.014842156042047
[92mINFO [0m:      	History (loss, centralized):
[92mINFO [0m:      		round 0: 2.303749822998047
[92mINFO [0m:      		round 1: 2.1745221801757815
[92mINFO [0m:      		round 2: 1.949065922164917
[92mINFO [0m:      		round 3: 1.6827170860290528
[92mINFO [0m:      		round 4: 1.4763948516845704
[92mINFO [0m:      		round 5: 1.3365737854003907
[92mINFO [0m:      		round 6: 1.2364777551651
[92mINFO [0m:      		round 7: 1.2591182651519774
[92mINFO [0m:      		round 8: 1.1058567049026489
[92mINFO [0m:      		round 9: 1.085812763595581
[92mINFO [0m:      		round 10: 1.0332746388435363
[92mINFO [0m:      	History (metrics, distributed, fit):
[92mINFO [0m:      	{'avg_epochs_weighted': [(1, 3.6886138393849164),
[92mINFO [0m:      	                         (2, 3.6886138393849164),
[92mINFO [0m:      	                         (3, 3.6886138393849164),
[92mINFO [0m:      	                         (4, 3.6886138393849164),
[92mINFO [0m:      	                         (5, 3.6886138393849164),
[92mINFO [0m:      	                         (6, 3.6886138393849164),
[92mINFO [0m:      	                         (7, 3.6886138393849164),
[92mINFO [0m:      	                         (8, 3.6886138393849164),
[92mINFO [0m:      	                         (9, 3.6886138393849164),
[92mINFO [0m:      	                         (10, 3.6886138393849164)],
[92mINFO [0m:      	 'avg_flops_per_client_round': [(1, 6005523809280.0),
[92mINFO [0m:      	                                (2, 6005523809280.0),
[92mINFO [0m:      	                                (3, 6005523809280.0),
[92mINFO [0m:      	                                (4, 6005523809280.0),
[92mINFO [0m:      	                                (5, 6005523809280.0),
[92mINFO [0m:      	                                (6, 6005523809280.0),
[92mINFO [0m:      	                                (7, 6005523809280.0),
[92mINFO [0m:      	                                (8, 6005523809280.0),
[92mINFO [0m:      	                                (9, 6005523809280.0),
[92mINFO [0m:      	                                (10, 6005523809280.0)],
[92mINFO [0m:      	 'avg_lr_weighted': [(1, 0.005869883441419431),
[92mINFO [0m:      	                     (2, 0.005869883441419431),
[92mINFO [0m:      	                     (3, 0.005869883441419431),
[92mINFO [0m:      	                     (4, 0.005869883441419431),
[92mINFO [0m:      	                     (5, 0.005869883441419431),
[92mINFO [0m:      	                     (6, 0.005869883441419431),
[92mINFO [0m:      	                     (7, 0.005869883441419431),
[92mINFO [0m:      	                     (8, 0.005869883441419431),
[92mINFO [0m:      	                     (9, 0.005869883441419431),
[92mINFO [0m:      	                     (10, 0.005869883441419431)],
[92mINFO [0m:      	 'total_flops_round': [(1, 30027619046400),
[92mINFO [0m:      	                       (2, 30027619046400),
[92mINFO [0m:      	                       (3, 30027619046400),
[92mINFO [0m:      	                       (4, 30027619046400),
[92mINFO [0m:      	                       (5, 30027619046400),
[92mINFO [0m:      	                       (6, 30027619046400),
[92mINFO [0m:      	                       (7, 30027619046400),
[92mINFO [0m:      	                       (8, 30027619046400),
[92mINFO [0m:      	                       (9, 30027619046400),
[92mINFO [0m:      	                       (10, 30027619046400)]}
[92mINFO [0m:      	History (metrics, distributed, evaluate):
[92mINFO [0m:      	{'accuracy': [(1, 0.19387755102040816),
[92mINFO [0m:      	              (2, 0.28691476590636256),
[92mINFO [0m:      	              (3, 0.3793517406962785),
[92mINFO [0m:      	              (4, 0.5136054421768708),
[92mINFO [0m:      	              (5, 0.5262104841936774),
[92mINFO [0m:      	              (6, 0.5690276110444178),
[92mINFO [0m:      	              (7, 0.5950380152060825),
[92mINFO [0m:      	              (8, 0.6258503401360545),
[92mINFO [0m:      	              (9, 0.6382553021208484),
[92mINFO [0m:      	              (10, 0.6614645858343338)],
[92mINFO [0m:      	 'loss': [(1, 2.171723702517735),
[92mINFO [0m:      	          (2, 1.9458436230842282),
[92mINFO [0m:      	          (3, 1.673924730009153),
[92mINFO [0m:      	          (4, 1.4590921791113105),
[92mINFO [0m:      	          (5, 1.3186292178323622),
[92mINFO [0m:      	          (6, 1.2224171443336627),
[92mINFO [0m:      	          (7, 1.2330905671547108),
[92mINFO [0m:      	          (8, 1.0811776705220395),
[92mINFO [0m:      	          (9, 1.0635596574151835),
[92mINFO [0m:      	          (10, 1.014842156042047)]}
[92mINFO [0m:      	History (metrics, centralized):
[92mINFO [0m:      	{'accuracy': [(0, 0.1),
[92mINFO [0m:      	              (1, 0.1909),
[92mINFO [0m:      	              (2, 0.2872),
[92mINFO [0m:      	              (3, 0.3857),
[92mINFO [0m:      	              (4, 0.512),
[92mINFO [0m:      	              (5, 0.5288),
[92mINFO [0m:      	              (6, 0.5717),
[92mINFO [0m:      	              (7, 0.5933),
[92mINFO [0m:      	              (8, 0.6191),
[92mINFO [0m:      	              (9, 0.6302),
[92mINFO [0m:      	              (10, 0.6526)],
[92mINFO [0m:      	 'loss': [(0, 2.303749822998047),
[92mINFO [0m:      	          (1, 2.1745221801757815),
[92mINFO [0m:      	          (2, 1.949065922164917),
[92mINFO [0m:      	          (3, 1.6827170860290528),
[92mINFO [0m:      	          (4, 1.4763948516845704),
[92mINFO [0m:      	          (5, 1.3365737854003907),
[92mINFO [0m:      	          (6, 1.2364777551651),
[92mINFO [0m:      	          (7, 1.2591182651519774),
[92mINFO [0m:      	          (8, 1.1058567049026489),
[92mINFO [0m:      	          (9, 1.085812763595581),
[92mINFO [0m:      	          (10, 1.0332746388435363)]}
[92mINFO [0m:      
Treinando no dispositivo: cuda:0 com o dataset: CIFAR10 | Setup clientes: 5 (num_gpus por cliente=0.2) | SEED=45
FLOPS por amostra (forward): 6.030e+07 | (forward+backward, 3x): 1.809e+08
Files already downloaded and verified
Files already downloaded and verified
Dividindo o dataset usando a distribuição de Dirichlet com alpha=0.1.
Iniciando a simulação de Aprendizado Federado...
=== Diagnóstico de Medição de GPU ===
  pynvml_disponivel: True
  pynvml_versao: 580.173.02
  gpus_detectadas: 1
  leitura_potencia_ok: True
  potencia_atual_W: 35.197

--- Rodada 0 - Avaliação Centralizada (Servidor) ---
Loss (Servidor): 2.3037 | Acurácia (Servidor): 0.1000
[36m(ClientAppActor pid=1080821)[0m Cliente 2: HetRaw=1.9219 | HetNorm=0.6406 | Epochs=3 (dyn=True) | LR=0.005100 (dyn=True) | FedProx=True (mu=0.01)

--- Rodada 1 - Avaliação Centralizada (Servidor) ---
Loss (Servidor): 2.1745 | Acurácia (Servidor): 0.1909
--- Avaliação Agregada (Clientes) ---
Loss Média (Clientes): 2.1717 | Acurácia Média (Clientes): 0.1939
[36m(ClientAppActor pid=1080818)[0m Cliente 0: HetRaw=2.2447 | HetNorm=0.7482 | Epochs=3 (dyn=True) | LR=0.004712 (dyn=True) | FedProx=True (mu=0.01)[32m [repeated 5x across cluster][0m

--- Rodada 2 - Avaliação Centralizada (Servidor) ---
Loss (Servidor): 1.9491 | Acurácia (Servidor): 0.2872
--- Avaliação Agregada (Clientes) ---
Loss Média (Clientes): 1.9458 | Acurácia Média (Clientes): 0.2869
[36m(ClientAppActor pid=1080818)[0m Cliente 4: HetRaw=1.2845 | HetNorm=0.4282 | Epochs=4 (dyn=True) | LR=0.006089 (dyn=True) | FedProx=True (mu=0.01)[32m [repeated 5x across cluster][0m

--- Rodada 3 - Avaliação Centralizada (Servidor) ---
Loss (Servidor): 1.6827 | Acurácia (Servidor): 0.3857
--- Avaliação Agregada (Clientes) ---
Loss Média (Clientes): 1.6739 | Acurácia Média (Clientes): 0.3794
[36m(ClientAppActor pid=1080822)[0m Cliente 2: HetRaw=1.9219 | HetNorm=0.6406 | Epochs=3 (dyn=True) | LR=0.005100 (dyn=True) | FedProx=True (mu=0.01)[32m [repeated 5x across cluster][0m

--- Rodada 4 - Avaliação Centralizada (Servidor) ---
Loss (Servidor): 1.4764 | Acurácia (Servidor): 0.5120
--- Avaliação Agregada (Clientes) ---
Loss Média (Clientes): 1.4591 | Acurácia Média (Clientes): 0.5136
[36m(ClientAppActor pid=1080819)[0m Cliente 4: HetRaw=1.2845 | HetNorm=0.4282 | Epochs=4 (dyn=True) | LR=0.006089 (dyn=True) | FedProx=True (mu=0.01)[32m [repeated 5x across cluster][0m

--- Rodada 5 - Avaliação Centralizada (Servidor) ---
Loss (Servidor): 1.3366 | Acurácia (Servidor): 0.5288
--- Avaliação Agregada (Clientes) ---
Loss Média (Clientes): 1.3186 | Acurácia Média (Clientes): 0.5262
[36m(ClientAppActor pid=1080820)[0m Cliente 0: HetRaw=2.2447 | HetNorm=0.7482 | Epochs=3 (dyn=True) | LR=0.004712 (dyn=True) | FedProx=True (mu=0.01)[32m [repeated 5x across cluster][0m

--- Rodada 6 - Avaliação Centralizada (Servidor) ---
Loss (Servidor): 1.2365 | Acurácia (Servidor): 0.5717
--- Avaliação Agregada (Clientes) ---
Loss Média (Clientes): 1.2224 | Acurácia Média (Clientes): 0.5690
[36m(ClientAppActor pid=1080820)[0m Cliente 0: HetRaw=2.2447 | HetNorm=0.7482 | Epochs=3 (dyn=True) | LR=0.004712 (dyn=True) | FedProx=True (mu=0.01)[32m [repeated 5x across cluster][0m

--- Rodada 7 - Avaliação Centralizada (Servidor) ---
Loss (Servidor): 1.2591 | Acurácia (Servidor): 0.5933
--- Avaliação Agregada (Clientes) ---
Loss Média (Clientes): 1.2331 | Acurácia Média (Clientes): 0.5950
[36m(ClientAppActor pid=1080821)[0m Cliente 2: HetRaw=1.9219 | HetNorm=0.6406 | Epochs=3 (dyn=True) | LR=0.005100 (dyn=True) | FedProx=True (mu=0.01)[32m [repeated 5x across cluster][0m

--- Rodada 8 - Avaliação Centralizada (Servidor) ---
Loss (Servidor): 1.1059 | Acurácia (Servidor): 0.6191
--- Avaliação Agregada (Clientes) ---
Loss Média (Clientes): 1.0812 | Acurácia Média (Clientes): 0.6259
[36m(ClientAppActor pid=1080822)[0m Cliente 1: HetRaw=1.9166 | HetNorm=0.6389 | Epochs=3 (dyn=True) | LR=0.005106 (dyn=True) | FedProx=True (mu=0.01)[32m [repeated 5x across cluster][0m

--- Rodada 9 - Avaliação Centralizada (Servidor) ---
Loss (Servidor): 1.0858 | Acurácia (Servidor): 0.6302
--- Avaliação Agregada (Clientes) ---
Loss Média (Clientes): 1.0636 | Acurácia Média (Clientes): 0.6383
[36m(ClientAppActor pid=1080818)[0m Cliente 3: HetRaw=1.1541 | HetNorm=0.3847 | Epochs=4 (dyn=True) | LR=0.006341 (dyn=True) | FedProx=True (mu=0.01)[32m [repeated 5x across cluster][0m

--- Rodada 10 - Avaliação Centralizada (Servidor) ---
Loss (Servidor): 1.0333 | Acurácia (Servidor): 0.6526
--- Avaliação Agregada (Clientes) ---
Loss Média (Clientes): 1.0148 | Acurácia Média (Clientes): 0.6615

Resultados salvos em: /home/tiago/GitHubProjects/fedhad-thesis-2/FedHAD-results/1.1_diagnostico_drift/CIFAR10-Standard/FedHAD__CIFAR10__Mode-STANDARD__Cfg-E1L1F1__Setup-5__Clients-5__Rounds-10__Delay-0_05__Alpha-0_1__Seed-45.txt
[36m(ClientAppActor pid=1080821)[0m [93mWARNING [0m:   DEPRECATED FEATURE: `client_fn` now expects a signature `def client_fn(context: Context)`.The provided `client_fn` has signature: {'cid': <Parameter "cid: str">}. You can import the `Context` like this: `from flwr.app import Context`[32m [repeated 4x across cluster][0m
[36m(ClientAppActor pid=1080821)[0m             This is a deprecated feature. It will be removed[32m [repeated 4x across cluster][0m
[36m(ClientAppActor pid=1080821)[0m             entirely in future versions of Flower.[32m [repeated 4x across cluster][0m
[36m(ClientAppActor pid=1080819)[0m Cliente 1: HetRaw=1.9166 | HetNorm=0.6389 | Epochs=3 (dyn=True) | LR=0.005106 (dyn=True) | FedProx=True (mu=0.01)[32m [repeated 4x across cluster][0m
