[codecarbon WARNING @ 17:22:51] Multiple instances of codecarbon are allowed to run at the same time.
[93mWARNING [0m:   DEPRECATED FEATURE: flwr.simulation.start_simulation() is deprecated.
	Instead, use the `flwr run` CLI command to start a local simulation in your Flower app, as shown for example below:

		$ flwr new  # Create a new Flower app from a template

		$ flwr run  # Run the Flower app in Simulation Mode

	Using `start_simulation()` is deprecated.

            This is a deprecated feature. It will be removed
            entirely in future versions of Flower.
        
[92mINFO [0m:      Starting Flower simulation, config: num_rounds=10, no round_timeout
2026-09-04 17:22:59,462	INFO worker.py:2012 -- Started a local Ray instance.
/home/tiago/GitHubProjects/fedhad-thesis-2/env_flwr_pt/lib/python3.12/site-packages/ray/_private/worker.py:2051: FutureWarning: Tip: In future versions of Ray, Ray will no longer override accelerator visible devices env var if num_gpus=0 or num_gpus=None (default). To enable this behavior and turn off this error message, set RAY_ACCEL_ENV_VAR_OVERRIDE_ON_ZERO=0
  warnings.warn(
[92mINFO [0m:      Flower VCE: Ray initialized with resources: {'memory': 180815652864.0, 'accelerator_type:A40': 1.0, 'node:10.129.64.100': 1.0, 'node:__internal_head__': 1.0, 'object_store_memory': 77492422656.0, 'CPU': 64.0, 'GPU': 1.0}
[92mINFO [0m:      Optimize your simulation with Flower VCE: https://flower.ai/docs/framework/how-to-run-simulations.html
/home/tiago/GitHubProjects/fedhad-thesis-2/FedHAD_Final_2.0.py:1916: UserWarning: No `num_cpus` specified in `client_resources`. Using `num_cpus=1` for each client.
  history = fl.simulation.start_simulation(
[92mINFO [0m:      Flower VCE: Resources for each Virtual Client: {'num_gpus': 0.2, 'num_cpus': 1}
[92mINFO [0m:      Flower VCE: Creating VirtualClientEngineActorPool with 5 actors
[92mINFO [0m:      [INIT]
[92mINFO [0m:      Requesting initial parameters from one random client
[36m(ClientAppActor pid=1137035)[0m [93mWARNING [0m:   DEPRECATED FEATURE: `client_fn` now expects a signature `def client_fn(context: Context)`.The provided `client_fn` has signature: {'cid': <Parameter "cid: str">}. You can import the `Context` like this: `from flwr.app import Context`
[36m(ClientAppActor pid=1137035)[0m 
[36m(ClientAppActor pid=1137035)[0m             This is a deprecated feature. It will be removed
[36m(ClientAppActor pid=1137035)[0m             entirely in future versions of Flower.
[36m(ClientAppActor pid=1137035)[0m         
[92mINFO [0m:      Received initial parameters from one random client
[92mINFO [0m:      Starting evaluation of initial global parameters
[92mINFO [0m:      initial parameters (loss, other metrics): 2.30315306930542, {'accuracy': 0.1224, 'loss': 2.30315306930542}
[92mINFO [0m:      
[92mINFO [0m:      [ROUND 1]
[92mINFO [0m:      configure_fit: strategy sampled 5 clients (out of 5)
[36m(ClientAppActor pid=1137035)[0m [93mWARNING [0m:   DEPRECATED FEATURE: `client_fn` now expects a signature `def client_fn(context: Context)`.The provided `client_fn` has signature: {'cid': <Parameter "cid: str">}. You can import the `Context` like this: `from flwr.app import Context`
[36m(ClientAppActor pid=1137035)[0m 
[36m(ClientAppActor pid=1137035)[0m             This is a deprecated feature. It will be removed
[36m(ClientAppActor pid=1137035)[0m             entirely in future versions of Flower.
[36m(ClientAppActor pid=1137035)[0m         
[36m(ClientAppActor pid=1137036)[0m 
[36m(ClientAppActor pid=1137036)[0m         
[36m(ClientAppActor pid=1137037)[0m 
[36m(ClientAppActor pid=1137037)[0m         
[36m(ClientAppActor pid=1137034)[0m 
[36m(ClientAppActor pid=1137034)[0m         
[36m(ClientAppActor pid=1137033)[0m 
[36m(ClientAppActor pid=1137033)[0m         
[92mINFO [0m:      aggregate_fit: received 5 results and 0 failures
[92mINFO [0m:      fit progress: (1, 2.21151057472229, {'accuracy': 0.1432, 'loss': 2.21151057472229}, 17.446310090017505)
[92mINFO [0m:      configure_evaluate: strategy sampled 5 clients (out of 5)
[36m(ClientAppActor pid=1137034)[0m 
[36m(ClientAppActor pid=1137034)[0m         
[36m(ClientAppActor pid=1137034)[0m [93mWARNING [0m:   DEPRECATED FEATURE: `client_fn` now expects a signature `def client_fn(context: Context)`.The provided `client_fn` has signature: {'cid': <Parameter "cid: str">}. You can import the `Context` like this: `from flwr.app import Context`[32m [repeated 5x across cluster] (Ray deduplicates logs by default. Set RAY_DEDUP_LOGS=0 to disable log deduplication, or see https://docs.ray.io/en/master/ray-observability/user-guides/configure-logging.html#log-deduplication for more options.)[0m
[36m(ClientAppActor pid=1137034)[0m             This is a deprecated feature. It will be removed[32m [repeated 5x across cluster][0m
[36m(ClientAppActor pid=1137034)[0m             entirely in future versions of Flower.[32m [repeated 5x across cluster][0m
[36m(ClientAppActor pid=1137036)[0m 
[36m(ClientAppActor pid=1137036)[0m         
[36m(ClientAppActor pid=1137037)[0m 
[36m(ClientAppActor pid=1137037)[0m         
[36m(ClientAppActor pid=1137035)[0m 
[36m(ClientAppActor pid=1137035)[0m         
[36m(ClientAppActor pid=1137033)[0m 
[36m(ClientAppActor pid=1137033)[0m         
[92mINFO [0m:      aggregate_evaluate: received 5 results and 0 failures
[92mINFO [0m:      
[92mINFO [0m:      [ROUND 2]
[92mINFO [0m:      configure_fit: strategy sampled 5 clients (out of 5)
[36m(ClientAppActor pid=1137033)[0m 
[36m(ClientAppActor pid=1137033)[0m         
[36m(ClientAppActor pid=1137035)[0m 
[36m(ClientAppActor pid=1137035)[0m         
[36m(ClientAppActor pid=1137036)[0m 
[36m(ClientAppActor pid=1137036)[0m         
[36m(ClientAppActor pid=1137037)[0m 
[36m(ClientAppActor pid=1137037)[0m         
[36m(ClientAppActor pid=1137034)[0m 
[36m(ClientAppActor pid=1137034)[0m         
[92mINFO [0m:      aggregate_fit: received 5 results and 0 failures
[92mINFO [0m:      fit progress: (2, 1.9013198455810547, {'accuracy': 0.3694, 'loss': 1.9013198455810547}, 33.33297504403163)
[92mINFO [0m:      configure_evaluate: strategy sampled 5 clients (out of 5)
[36m(ClientAppActor pid=1137035)[0m 
[36m(ClientAppActor pid=1137035)[0m         
[36m(ClientAppActor pid=1137035)[0m [93mWARNING [0m:   DEPRECATED FEATURE: `client_fn` now expects a signature `def client_fn(context: Context)`.The provided `client_fn` has signature: {'cid': <Parameter "cid: str">}. You can import the `Context` like this: `from flwr.app import Context`[32m [repeated 10x across cluster][0m
[36m(ClientAppActor pid=1137035)[0m             This is a deprecated feature. It will be removed[32m [repeated 10x across cluster][0m
[36m(ClientAppActor pid=1137035)[0m             entirely in future versions of Flower.[32m [repeated 10x across cluster][0m
[36m(ClientAppActor pid=1137037)[0m 
[36m(ClientAppActor pid=1137037)[0m         
[36m(ClientAppActor pid=1137033)[0m 
[36m(ClientAppActor pid=1137033)[0m         
[36m(ClientAppActor pid=1137036)[0m 
[36m(ClientAppActor pid=1137036)[0m         
[36m(ClientAppActor pid=1137034)[0m 
[36m(ClientAppActor pid=1137034)[0m         
[92mINFO [0m:      aggregate_evaluate: received 5 results and 0 failures
[92mINFO [0m:      
[92mINFO [0m:      [ROUND 3]
[92mINFO [0m:      configure_fit: strategy sampled 5 clients (out of 5)
[36m(ClientAppActor pid=1137034)[0m 
[36m(ClientAppActor pid=1137034)[0m         
[36m(ClientAppActor pid=1137037)[0m 
[36m(ClientAppActor pid=1137037)[0m         
[36m(ClientAppActor pid=1137036)[0m 
[36m(ClientAppActor pid=1137036)[0m         
[36m(ClientAppActor pid=1137033)[0m 
[36m(ClientAppActor pid=1137033)[0m         
[36m(ClientAppActor pid=1137035)[0m 
[36m(ClientAppActor pid=1137035)[0m         
[92mINFO [0m:      aggregate_fit: received 5 results and 0 failures
[92mINFO [0m:      fit progress: (3, 1.5773658304214477, {'accuracy': 0.5065, 'loss': 1.5773658304214477}, 49.628194510005414)
[92mINFO [0m:      configure_evaluate: strategy sampled 5 clients (out of 5)
[36m(ClientAppActor pid=1137036)[0m 
[36m(ClientAppActor pid=1137036)[0m         
[36m(ClientAppActor pid=1137036)[0m [93mWARNING [0m:   DEPRECATED FEATURE: `client_fn` now expects a signature `def client_fn(context: Context)`.The provided `client_fn` has signature: {'cid': <Parameter "cid: str">}. You can import the `Context` like this: `from flwr.app import Context`[32m [repeated 10x across cluster][0m
[36m(ClientAppActor pid=1137036)[0m             This is a deprecated feature. It will be removed[32m [repeated 10x across cluster][0m
[36m(ClientAppActor pid=1137036)[0m             entirely in future versions of Flower.[32m [repeated 10x across cluster][0m
[36m(ClientAppActor pid=1137035)[0m 
[36m(ClientAppActor pid=1137035)[0m         
[36m(ClientAppActor pid=1137033)[0m 
[36m(ClientAppActor pid=1137033)[0m         
[36m(ClientAppActor pid=1137037)[0m 
[36m(ClientAppActor pid=1137037)[0m         
[36m(ClientAppActor pid=1137034)[0m 
[36m(ClientAppActor pid=1137034)[0m         
[92mINFO [0m:      aggregate_evaluate: received 5 results and 0 failures
[92mINFO [0m:      
[92mINFO [0m:      [ROUND 4]
[92mINFO [0m:      configure_fit: strategy sampled 5 clients (out of 5)
[36m(ClientAppActor pid=1137037)[0m 
[36m(ClientAppActor pid=1137037)[0m         
[36m(ClientAppActor pid=1137034)[0m 
[36m(ClientAppActor pid=1137034)[0m         
[36m(ClientAppActor pid=1137035)[0m 
[36m(ClientAppActor pid=1137035)[0m         
[36m(ClientAppActor pid=1137033)[0m 
[36m(ClientAppActor pid=1137033)[0m         
[36m(ClientAppActor pid=1137036)[0m 
[36m(ClientAppActor pid=1137036)[0m         
[92mINFO [0m:      aggregate_fit: received 5 results and 0 failures
[92mINFO [0m:      fit progress: (4, 1.426216290664673, {'accuracy': 0.5277, 'loss': 1.426216290664673}, 65.40161921398249)
[92mINFO [0m:      configure_evaluate: strategy sampled 5 clients (out of 5)
[36m(ClientAppActor pid=1137034)[0m 
[36m(ClientAppActor pid=1137034)[0m         
[36m(ClientAppActor pid=1137034)[0m [93mWARNING [0m:   DEPRECATED FEATURE: `client_fn` now expects a signature `def client_fn(context: Context)`.The provided `client_fn` has signature: {'cid': <Parameter "cid: str">}. You can import the `Context` like this: `from flwr.app import Context`[32m [repeated 10x across cluster][0m
[36m(ClientAppActor pid=1137034)[0m             This is a deprecated feature. It will be removed[32m [repeated 10x across cluster][0m
[36m(ClientAppActor pid=1137034)[0m             entirely in future versions of Flower.[32m [repeated 10x across cluster][0m
[36m(ClientAppActor pid=1137033)[0m 
[36m(ClientAppActor pid=1137033)[0m         
[36m(ClientAppActor pid=1137037)[0m 
[36m(ClientAppActor pid=1137037)[0m         
[36m(ClientAppActor pid=1137035)[0m 
[36m(ClientAppActor pid=1137035)[0m         
[36m(ClientAppActor pid=1137036)[0m 
[36m(ClientAppActor pid=1137036)[0m         
[92mINFO [0m:      aggregate_evaluate: received 5 results and 0 failures
[92mINFO [0m:      
[92mINFO [0m:      [ROUND 5]
[92mINFO [0m:      configure_fit: strategy sampled 5 clients (out of 5)
[36m(ClientAppActor pid=1137036)[0m 
[36m(ClientAppActor pid=1137036)[0m         
[36m(ClientAppActor pid=1137035)[0m 
[36m(ClientAppActor pid=1137035)[0m         
[36m(ClientAppActor pid=1137037)[0m 
[36m(ClientAppActor pid=1137037)[0m         
[36m(ClientAppActor pid=1137033)[0m 
[36m(ClientAppActor pid=1137033)[0m         
[36m(ClientAppActor pid=1137034)[0m 
[36m(ClientAppActor pid=1137034)[0m         
[92mINFO [0m:      aggregate_fit: received 5 results and 0 failures
[92mINFO [0m:      fit progress: (5, 1.3059644498825074, {'accuracy': 0.5636, 'loss': 1.3059644498825074}, 81.25151898601325)
[92mINFO [0m:      configure_evaluate: strategy sampled 5 clients (out of 5)
[36m(ClientAppActor pid=1137035)[0m 
[36m(ClientAppActor pid=1137035)[0m         
[36m(ClientAppActor pid=1137035)[0m [93mWARNING [0m:   DEPRECATED FEATURE: `client_fn` now expects a signature `def client_fn(context: Context)`.The provided `client_fn` has signature: {'cid': <Parameter "cid: str">}. You can import the `Context` like this: `from flwr.app import Context`[32m [repeated 10x across cluster][0m
[36m(ClientAppActor pid=1137035)[0m             This is a deprecated feature. It will be removed[32m [repeated 10x across cluster][0m
[36m(ClientAppActor pid=1137035)[0m             entirely in future versions of Flower.[32m [repeated 10x across cluster][0m
[36m(ClientAppActor pid=1137036)[0m 
[36m(ClientAppActor pid=1137036)[0m         
[36m(ClientAppActor pid=1137037)[0m 
[36m(ClientAppActor pid=1137037)[0m         
[36m(ClientAppActor pid=1137034)[0m 
[36m(ClientAppActor pid=1137034)[0m         
[36m(ClientAppActor pid=1137033)[0m 
[36m(ClientAppActor pid=1137033)[0m         
[92mINFO [0m:      aggregate_evaluate: received 5 results and 0 failures
[92mINFO [0m:      
[92mINFO [0m:      [ROUND 6]
[92mINFO [0m:      configure_fit: strategy sampled 5 clients (out of 5)
[36m(ClientAppActor pid=1137033)[0m 
[36m(ClientAppActor pid=1137033)[0m         
[36m(ClientAppActor pid=1137034)[0m 
[36m(ClientAppActor pid=1137034)[0m         
[36m(ClientAppActor pid=1137037)[0m 
[36m(ClientAppActor pid=1137037)[0m         
[36m(ClientAppActor pid=1137036)[0m 
[36m(ClientAppActor pid=1137036)[0m         
[36m(ClientAppActor pid=1137035)[0m 
[36m(ClientAppActor pid=1137035)[0m         
[92mINFO [0m:      aggregate_fit: received 5 results and 0 failures
[92mINFO [0m:      fit progress: (6, 1.2112251173019408, {'accuracy': 0.5905, 'loss': 1.2112251173019408}, 97.27938125497894)
[92mINFO [0m:      configure_evaluate: strategy sampled 5 clients (out of 5)
[36m(ClientAppActor pid=1137036)[0m 
[36m(ClientAppActor pid=1137036)[0m         
[36m(ClientAppActor pid=1137036)[0m [93mWARNING [0m:   DEPRECATED FEATURE: `client_fn` now expects a signature `def client_fn(context: Context)`.The provided `client_fn` has signature: {'cid': <Parameter "cid: str">}. You can import the `Context` like this: `from flwr.app import Context`[32m [repeated 10x across cluster][0m
[36m(ClientAppActor pid=1137036)[0m             This is a deprecated feature. It will be removed[32m [repeated 10x across cluster][0m
[36m(ClientAppActor pid=1137036)[0m             entirely in future versions of Flower.[32m [repeated 10x across cluster][0m
[36m(ClientAppActor pid=1137035)[0m 
[36m(ClientAppActor pid=1137035)[0m         
[36m(ClientAppActor pid=1137034)[0m 
[36m(ClientAppActor pid=1137034)[0m         
[36m(ClientAppActor pid=1137037)[0m 
[36m(ClientAppActor pid=1137037)[0m         
[36m(ClientAppActor pid=1137033)[0m 
[36m(ClientAppActor pid=1137033)[0m         
[92mINFO [0m:      aggregate_evaluate: received 5 results and 0 failures
[92mINFO [0m:      
[92mINFO [0m:      [ROUND 7]
[92mINFO [0m:      configure_fit: strategy sampled 5 clients (out of 5)
[36m(ClientAppActor pid=1137033)[0m 
[36m(ClientAppActor pid=1137033)[0m         
[36m(ClientAppActor pid=1137037)[0m 
[36m(ClientAppActor pid=1137037)[0m         
[36m(ClientAppActor pid=1137034)[0m 
[36m(ClientAppActor pid=1137034)[0m         
[36m(ClientAppActor pid=1137035)[0m 
[36m(ClientAppActor pid=1137035)[0m         
[36m(ClientAppActor pid=1137036)[0m 
[36m(ClientAppActor pid=1137036)[0m         
[92mINFO [0m:      aggregate_fit: received 5 results and 0 failures
[92mINFO [0m:      fit progress: (7, 1.1396175586700439, {'accuracy': 0.6176, 'loss': 1.1396175586700439}, 113.05739814700792)
[92mINFO [0m:      configure_evaluate: strategy sampled 5 clients (out of 5)
[36m(ClientAppActor pid=1137034)[0m 
[36m(ClientAppActor pid=1137034)[0m         
[36m(ClientAppActor pid=1137034)[0m [93mWARNING [0m:   DEPRECATED FEATURE: `client_fn` now expects a signature `def client_fn(context: Context)`.The provided `client_fn` has signature: {'cid': <Parameter "cid: str">}. You can import the `Context` like this: `from flwr.app import Context`[32m [repeated 10x across cluster][0m
[36m(ClientAppActor pid=1137034)[0m             This is a deprecated feature. It will be removed[32m [repeated 10x across cluster][0m
[36m(ClientAppActor pid=1137034)[0m             entirely in future versions of Flower.[32m [repeated 10x across cluster][0m
[36m(ClientAppActor pid=1137035)[0m 
[36m(ClientAppActor pid=1137035)[0m         
[36m(ClientAppActor pid=1137036)[0m 
[36m(ClientAppActor pid=1137036)[0m         
[36m(ClientAppActor pid=1137033)[0m 
[36m(ClientAppActor pid=1137033)[0m         
[36m(ClientAppActor pid=1137037)[0m 
[36m(ClientAppActor pid=1137037)[0m         
[92mINFO [0m:      aggregate_evaluate: received 5 results and 0 failures
[92mINFO [0m:      
[92mINFO [0m:      [ROUND 8]
[92mINFO [0m:      configure_fit: strategy sampled 5 clients (out of 5)
[36m(ClientAppActor pid=1137037)[0m 
[36m(ClientAppActor pid=1137037)[0m         
[36m(ClientAppActor pid=1137033)[0m 
[36m(ClientAppActor pid=1137033)[0m         
[36m(ClientAppActor pid=1137036)[0m 
[36m(ClientAppActor pid=1137036)[0m         
[36m(ClientAppActor pid=1137035)[0m 
[36m(ClientAppActor pid=1137035)[0m         
[36m(ClientAppActor pid=1137034)[0m 
[36m(ClientAppActor pid=1137034)[0m         
[92mINFO [0m:      aggregate_fit: received 5 results and 0 failures
[92mINFO [0m:      fit progress: (8, 1.1245660594940186, {'accuracy': 0.6229, 'loss': 1.1245660594940186}, 128.4117490730132)
[92mINFO [0m:      configure_evaluate: strategy sampled 5 clients (out of 5)
[36m(ClientAppActor pid=1137037)[0m 
[36m(ClientAppActor pid=1137037)[0m         
[36m(ClientAppActor pid=1137037)[0m [93mWARNING [0m:   DEPRECATED FEATURE: `client_fn` now expects a signature `def client_fn(context: Context)`.The provided `client_fn` has signature: {'cid': <Parameter "cid: str">}. You can import the `Context` like this: `from flwr.app import Context`[32m [repeated 10x across cluster][0m
[36m(ClientAppActor pid=1137037)[0m             This is a deprecated feature. It will be removed[32m [repeated 10x across cluster][0m
[36m(ClientAppActor pid=1137037)[0m             entirely in future versions of Flower.[32m [repeated 10x across cluster][0m
[36m(ClientAppActor pid=1137034)[0m 
[36m(ClientAppActor pid=1137034)[0m         
[36m(ClientAppActor pid=1137033)[0m 
[36m(ClientAppActor pid=1137033)[0m         
[36m(ClientAppActor pid=1137036)[0m 
[36m(ClientAppActor pid=1137036)[0m         
[36m(ClientAppActor pid=1137035)[0m 
[36m(ClientAppActor pid=1137035)[0m         
[92mINFO [0m:      aggregate_evaluate: received 5 results and 0 failures
[92mINFO [0m:      
[92mINFO [0m:      [ROUND 9]
[92mINFO [0m:      configure_fit: strategy sampled 5 clients (out of 5)
[36m(ClientAppActor pid=1137035)[0m 
[36m(ClientAppActor pid=1137035)[0m         
[36m(ClientAppActor pid=1137036)[0m 
[36m(ClientAppActor pid=1137036)[0m         
[36m(ClientAppActor pid=1137034)[0m 
[36m(ClientAppActor pid=1137034)[0m         
[36m(ClientAppActor pid=1137033)[0m 
[36m(ClientAppActor pid=1137033)[0m         
[36m(ClientAppActor pid=1137037)[0m 
[36m(ClientAppActor pid=1137037)[0m         
[92mINFO [0m:      aggregate_fit: received 5 results and 0 failures
[92mINFO [0m:      fit progress: (9, 1.088852993774414, {'accuracy': 0.637, 'loss': 1.088852993774414}, 144.9801406530314)
[92mINFO [0m:      configure_evaluate: strategy sampled 5 clients (out of 5)
[36m(ClientAppActor pid=1137037)[0m 
[36m(ClientAppActor pid=1137037)[0m         
[36m(ClientAppActor pid=1137037)[0m [93mWARNING [0m:   DEPRECATED FEATURE: `client_fn` now expects a signature `def client_fn(context: Context)`.The provided `client_fn` has signature: {'cid': <Parameter "cid: str">}. You can import the `Context` like this: `from flwr.app import Context`[32m [repeated 10x across cluster][0m
[36m(ClientAppActor pid=1137037)[0m             This is a deprecated feature. It will be removed[32m [repeated 10x across cluster][0m
[36m(ClientAppActor pid=1137037)[0m             entirely in future versions of Flower.[32m [repeated 10x across cluster][0m
[36m(ClientAppActor pid=1137036)[0m 
[36m(ClientAppActor pid=1137036)[0m         
[36m(ClientAppActor pid=1137035)[0m 
[36m(ClientAppActor pid=1137035)[0m         
[36m(ClientAppActor pid=1137034)[0m 
[36m(ClientAppActor pid=1137034)[0m         
[36m(ClientAppActor pid=1137033)[0m 
[36m(ClientAppActor pid=1137033)[0m         
[92mINFO [0m:      aggregate_evaluate: received 5 results and 0 failures
[92mINFO [0m:      
[92mINFO [0m:      [ROUND 10]
[92mINFO [0m:      configure_fit: strategy sampled 5 clients (out of 5)
[36m(ClientAppActor pid=1137033)[0m 
[36m(ClientAppActor pid=1137033)[0m         
[36m(ClientAppActor pid=1137034)[0m 
[36m(ClientAppActor pid=1137034)[0m         
[36m(ClientAppActor pid=1137035)[0m 
[36m(ClientAppActor pid=1137035)[0m         
[36m(ClientAppActor pid=1137036)[0m 
[36m(ClientAppActor pid=1137036)[0m         
[36m(ClientAppActor pid=1137037)[0m 
[36m(ClientAppActor pid=1137037)[0m         
[92mINFO [0m:      aggregate_fit: received 5 results and 0 failures
[92mINFO [0m:      fit progress: (10, 1.0593480898857117, {'accuracy': 0.6402, 'loss': 1.0593480898857117}, 161.16875006299233)
[92mINFO [0m:      configure_evaluate: strategy sampled 5 clients (out of 5)
[36m(ClientAppActor pid=1137036)[0m 
[36m(ClientAppActor pid=1137036)[0m         
[36m(ClientAppActor pid=1137036)[0m [93mWARNING [0m:   DEPRECATED FEATURE: `client_fn` now expects a signature `def client_fn(context: Context)`.The provided `client_fn` has signature: {'cid': <Parameter "cid: str">}. You can import the `Context` like this: `from flwr.app import Context`[32m [repeated 10x across cluster][0m
[36m(ClientAppActor pid=1137036)[0m             This is a deprecated feature. It will be removed[32m [repeated 10x across cluster][0m
[36m(ClientAppActor pid=1137036)[0m             entirely in future versions of Flower.[32m [repeated 10x across cluster][0m
[36m(ClientAppActor pid=1137034)[0m 
[36m(ClientAppActor pid=1137034)[0m         
[36m(ClientAppActor pid=1137037)[0m 
[36m(ClientAppActor pid=1137037)[0m         
[36m(ClientAppActor pid=1137035)[0m 
[36m(ClientAppActor pid=1137035)[0m         
[36m(ClientAppActor pid=1137033)[0m 
[36m(ClientAppActor pid=1137033)[0m         
[92mINFO [0m:      aggregate_evaluate: received 5 results and 0 failures
[92mINFO [0m:      
[92mINFO [0m:      [SUMMARY]
[92mINFO [0m:      Run finished 10 round(s) in 161.99s
[92mINFO [0m:      	History (loss, distributed):
[92mINFO [0m:      		round 1: 2.216195558447627
[92mINFO [0m:      		round 2: 1.905079402358896
[92mINFO [0m:      		round 3: 1.5731958898693879
[92mINFO [0m:      		round 4: 1.4262406122543783
[92mINFO [0m:      		round 5: 1.298174301822988
[92mINFO [0m:      		round 6: 1.2052532186458578
[92mINFO [0m:      		round 7: 1.1328404885956134
[92mINFO [0m:      		round 8: 1.1132167541854356
[92mINFO [0m:      		round 9: 1.086905655753114
[92mINFO [0m:      		round 10: 1.0533762543195246
[92mINFO [0m:      	History (loss, centralized):
[92mINFO [0m:      		round 0: 2.30315306930542
[92mINFO [0m:      		round 1: 2.21151057472229
[92mINFO [0m:      		round 2: 1.9013198455810547
[92mINFO [0m:      		round 3: 1.5773658304214477
[92mINFO [0m:      		round 4: 1.426216290664673
[92mINFO [0m:      		round 5: 1.3059644498825074
[92mINFO [0m:      		round 6: 1.2112251173019408
[92mINFO [0m:      		round 7: 1.1396175586700439
[92mINFO [0m:      		round 8: 1.1245660594940186
[92mINFO [0m:      		round 9: 1.088852993774414
[92mINFO [0m:      		round 10: 1.0593480898857117
[92mINFO [0m:      	History (metrics, distributed, fit):
[92mINFO [0m:      	{'avg_epochs_weighted': [(1, 3.278149374458345),
[92mINFO [0m:      	                         (2, 3.278149374458345),
[92mINFO [0m:      	                         (3, 3.278149374458345),
[92mINFO [0m:      	                         (4, 3.278149374458345),
[92mINFO [0m:      	                         (5, 3.278149374458345),
[92mINFO [0m:      	                         (6, 3.278149374458345),
[92mINFO [0m:      	                         (7, 3.278149374458345),
[92mINFO [0m:      	                         (8, 3.278149374458345),
[92mINFO [0m:      	                         (9, 3.278149374458345),
[92mINFO [0m:      	                         (10, 3.278149374458345)],
[92mINFO [0m:      	 'avg_flops_per_client_round': [(1, 5337117818880.0),
[92mINFO [0m:      	                                (2, 5337117818880.0),
[92mINFO [0m:      	                                (3, 5337117818880.0),
[92mINFO [0m:      	                                (4, 5337117818880.0),
[92mINFO [0m:      	                                (5, 5337117818880.0),
[92mINFO [0m:      	                                (6, 5337117818880.0),
[92mINFO [0m:      	                                (7, 5337117818880.0),
[92mINFO [0m:      	                                (8, 5337117818880.0),
[92mINFO [0m:      	                                (9, 5337117818880.0),
[92mINFO [0m:      	                                (10, 5337117818880.0)],
[92mINFO [0m:      	 'avg_lr_weighted': [(1, 0.005426840599967675),
[92mINFO [0m:      	                     (2, 0.005426840599967675),
[92mINFO [0m:      	                     (3, 0.005426840599967675),
[92mINFO [0m:      	                     (4, 0.005426840599967675),
[92mINFO [0m:      	                     (5, 0.005426840599967675),
[92mINFO [0m:      	                     (6, 0.005426840599967675),
[92mINFO [0m:      	                     (7, 0.005426840599967675),
[92mINFO [0m:      	                     (8, 0.005426840599967675),
[92mINFO [0m:      	                     (9, 0.005426840599967675),
[92mINFO [0m:      	                     (10, 0.005426840599967675)],
[92mINFO [0m:      	 'total_flops_round': [(1, 26685589094400),
[92mINFO [0m:      	                       (2, 26685589094400),
[92mINFO [0m:      	                       (3, 26685589094400),
[92mINFO [0m:      	                       (4, 26685589094400),
[92mINFO [0m:      	                       (5, 26685589094400),
[92mINFO [0m:      	                       (6, 26685589094400),
[92mINFO [0m:      	                       (7, 26685589094400),
[92mINFO [0m:      	                       (8, 26685589094400),
[92mINFO [0m:      	                       (9, 26685589094400),
[92mINFO [0m:      	                       (10, 26685589094400)]}
[92mINFO [0m:      	History (metrics, distributed, evaluate):
[92mINFO [0m:      	{'accuracy': [(1, 0.14742948589717944),
[92mINFO [0m:      	              (2, 0.3740748149629926),
[92mINFO [0m:      	              (3, 0.5071014202840568),
[92mINFO [0m:      	              (4, 0.5349069813962792),
[92mINFO [0m:      	              (5, 0.5655131026205241),
[92mINFO [0m:      	              (6, 0.5937187437487498),
[92mINFO [0m:      	              (7, 0.6215243048609722),
[92mINFO [0m:      	              (8, 0.6307261452290458),
[92mINFO [0m:      	              (9, 0.636127225445089),
[92mINFO [0m:      	              (10, 0.640128025605121)],
[92mINFO [0m:      	 'loss': [(1, 2.216195558447627),
[92mINFO [0m:      	          (2, 1.905079402358896),
[92mINFO [0m:      	          (3, 1.5731958898693879),
[92mINFO [0m:      	          (4, 1.4262406122543783),
[92mINFO [0m:      	          (5, 1.298174301822988),
[92mINFO [0m:      	          (6, 1.2052532186458578),
[92mINFO [0m:      	          (7, 1.1328404885956134),
[92mINFO [0m:      	          (8, 1.1132167541854356),
[92mINFO [0m:      	          (9, 1.086905655753114),
[92mINFO [0m:      	          (10, 1.0533762543195246)]}
[92mINFO [0m:      	History (metrics, centralized):
[92mINFO [0m:      	{'accuracy': [(0, 0.1224),
[92mINFO [0m:      	              (1, 0.1432),
[92mINFO [0m:      	              (2, 0.3694),
[92mINFO [0m:      	              (3, 0.5065),
[92mINFO [0m:      	              (4, 0.5277),
[92mINFO [0m:      	              (5, 0.5636),
[92mINFO [0m:      	              (6, 0.5905),
[92mINFO [0m:      	              (7, 0.6176),
[92mINFO [0m:      	              (8, 0.6229),
[92mINFO [0m:      	              (9, 0.637),
[92mINFO [0m:      	              (10, 0.6402)],
[92mINFO [0m:      	 'loss': [(0, 2.30315306930542),
[92mINFO [0m:      	          (1, 2.21151057472229),
[92mINFO [0m:      	          (2, 1.9013198455810547),
[92mINFO [0m:      	          (3, 1.5773658304214477),
[92mINFO [0m:      	          (4, 1.426216290664673),
[92mINFO [0m:      	          (5, 1.3059644498825074),
[92mINFO [0m:      	          (6, 1.2112251173019408),
[92mINFO [0m:      	          (7, 1.1396175586700439),
[92mINFO [0m:      	          (8, 1.1245660594940186),
[92mINFO [0m:      	          (9, 1.088852993774414),
[92mINFO [0m:      	          (10, 1.0593480898857117)]}
[92mINFO [0m:      
Treinando no dispositivo: cuda:0 com o dataset: CIFAR10 | Setup clientes: 5 (num_gpus por cliente=0.2) | SEED=42
FLOPS por amostra (forward): 6.030e+07 | (forward+backward, 3x): 1.809e+08
Files already downloaded and verified
Files already downloaded and verified
Dividindo o dataset usando a distribuição de Dirichlet com alpha=0.01.
Iniciando a simulação de Aprendizado Federado...
=== Diagnóstico de Medição de GPU ===
  pynvml_disponivel: True
  pynvml_versao: 580.173.02
  gpus_detectadas: 1
  leitura_potencia_ok: True
  potencia_atual_W: 61.7

--- Rodada 0 - Avaliação Centralizada (Servidor) ---
Loss (Servidor): 2.3032 | Acurácia (Servidor): 0.1224
[36m(ClientAppActor pid=1137035)[0m Cliente 2: HetRaw=2.0158 | HetNorm=0.6719 | Epochs=3 (dyn=True) | LR=0.004980 (dyn=True) | FedProx=True (mu=0.01)

--- Rodada 1 - Avaliação Centralizada (Servidor) ---
Loss (Servidor): 2.2115 | Acurácia (Servidor): 0.1432
--- Avaliação Agregada (Clientes) ---
Loss Média (Clientes): 2.2162 | Acurácia Média (Clientes): 0.1474
[36m(ClientAppActor pid=1137033)[0m Cliente 4: HetRaw=1.9519 | HetNorm=0.6506 | Epochs=3 (dyn=True) | LR=0.005061 (dyn=True) | FedProx=True (mu=0.01)[32m [repeated 5x across cluster][0m

--- Rodada 2 - Avaliação Centralizada (Servidor) ---
Loss (Servidor): 1.9013 | Acurácia (Servidor): 0.3694
--- Avaliação Agregada (Clientes) ---
Loss Média (Clientes): 1.9051 | Acurácia Média (Clientes): 0.3741
[36m(ClientAppActor pid=1137034)[0m Cliente 3: HetRaw=2.9984 | HetNorm=0.9995 | Epochs=2 (dyn=True) | LR=0.004001 (dyn=True) | FedProx=True (mu=0.01)[32m [repeated 5x across cluster][0m

--- Rodada 3 - Avaliação Centralizada (Servidor) ---
Loss (Servidor): 1.5774 | Acurácia (Servidor): 0.5065
--- Avaliação Agregada (Clientes) ---
Loss Média (Clientes): 1.5732 | Acurácia Média (Clientes): 0.5071
[36m(ClientAppActor pid=1137037)[0m Cliente 4: HetRaw=1.9519 | HetNorm=0.6506 | Epochs=3 (dyn=True) | LR=0.005061 (dyn=True) | FedProx=True (mu=0.01)[32m [repeated 5x across cluster][0m

--- Rodada 4 - Avaliação Centralizada (Servidor) ---
Loss (Servidor): 1.4262 | Acurácia (Servidor): 0.5277
--- Avaliação Agregada (Clientes) ---
Loss Média (Clientes): 1.4262 | Acurácia Média (Clientes): 0.5349
[36m(ClientAppActor pid=1137036)[0m Cliente 0: HetRaw=1.5421 | HetNorm=0.5140 | Epochs=3 (dyn=True) | LR=0.005646 (dyn=True) | FedProx=True (mu=0.01)[32m [repeated 5x across cluster][0m

--- Rodada 5 - Avaliação Centralizada (Servidor) ---
Loss (Servidor): 1.3060 | Acurácia (Servidor): 0.5636
--- Avaliação Agregada (Clientes) ---
Loss Média (Clientes): 1.2982 | Acurácia Média (Clientes): 0.5655
[36m(ClientAppActor pid=1137033)[0m Cliente 3: HetRaw=2.9984 | HetNorm=0.9995 | Epochs=2 (dyn=True) | LR=0.004001 (dyn=True) | FedProx=True (mu=0.01)[32m [repeated 5x across cluster][0m

--- Rodada 6 - Avaliação Centralizada (Servidor) ---
Loss (Servidor): 1.2112 | Acurácia (Servidor): 0.5905
--- Avaliação Agregada (Clientes) ---
Loss Média (Clientes): 1.2053 | Acurácia Média (Clientes): 0.5937
[36m(ClientAppActor pid=1137033)[0m Cliente 4: HetRaw=1.9519 | HetNorm=0.6506 | Epochs=3 (dyn=True) | LR=0.005061 (dyn=True) | FedProx=True (mu=0.01)[32m [repeated 5x across cluster][0m

--- Rodada 7 - Avaliação Centralizada (Servidor) ---
Loss (Servidor): 1.1396 | Acurácia (Servidor): 0.6176
--- Avaliação Agregada (Clientes) ---
Loss Média (Clientes): 1.1328 | Acurácia Média (Clientes): 0.6215
[36m(ClientAppActor pid=1137037)[0m Cliente 1: HetRaw=1.3718 | HetNorm=0.4573 | Epochs=4 (dyn=True) | LR=0.005931 (dyn=True) | FedProx=True (mu=0.01)[32m [repeated 5x across cluster][0m

--- Rodada 8 - Avaliação Centralizada (Servidor) ---
Loss (Servidor): 1.1246 | Acurácia (Servidor): 0.6229
--- Avaliação Agregada (Clientes) ---
Loss Média (Clientes): 1.1132 | Acurácia Média (Clientes): 0.6307
[36m(ClientAppActor pid=1137035)[0m Cliente 4: HetRaw=1.9519 | HetNorm=0.6506 | Epochs=3 (dyn=True) | LR=0.005061 (dyn=True) | FedProx=True (mu=0.01)[32m [repeated 5x across cluster][0m

--- Rodada 9 - Avaliação Centralizada (Servidor) ---
Loss (Servidor): 1.0889 | Acurácia (Servidor): 0.6370
--- Avaliação Agregada (Clientes) ---
Loss Média (Clientes): 1.0869 | Acurácia Média (Clientes): 0.6361
[36m(ClientAppActor pid=1137033)[0m Cliente 3: HetRaw=2.9984 | HetNorm=0.9995 | Epochs=2 (dyn=True) | LR=0.004001 (dyn=True) | FedProx=True (mu=0.01)[32m [repeated 5x across cluster][0m

--- Rodada 10 - Avaliação Centralizada (Servidor) ---
Loss (Servidor): 1.0593 | Acurácia (Servidor): 0.6402
--- Avaliação Agregada (Clientes) ---
Loss Média (Clientes): 1.0534 | Acurácia Média (Clientes): 0.6401

Resultados salvos em: /home/tiago/GitHubProjects/fedhad-thesis-2/FedHAD-results/1.1_diagnostico_drift/CIFAR10-Standard/FedHAD__CIFAR10__Mode-STANDARD__Cfg-E1L1F1__Setup-5__Clients-5__Rounds-10__Delay-0_05__Alpha-0_01__Seed-42.txt
[36m(ClientAppActor pid=1137033)[0m [93mWARNING [0m:   DEPRECATED FEATURE: `client_fn` now expects a signature `def client_fn(context: Context)`.The provided `client_fn` has signature: {'cid': <Parameter "cid: str">}. You can import the `Context` like this: `from flwr.app import Context`[32m [repeated 4x across cluster][0m
[36m(ClientAppActor pid=1137033)[0m             This is a deprecated feature. It will be removed[32m [repeated 4x across cluster][0m
[36m(ClientAppActor pid=1137033)[0m             entirely in future versions of Flower.[32m [repeated 4x across cluster][0m
[36m(ClientAppActor pid=1137037)[0m Cliente 4: HetRaw=1.9519 | HetNorm=0.6506 | Epochs=3 (dyn=True) | LR=0.005061 (dyn=True) | FedProx=True (mu=0.01)[32m [repeated 4x across cluster][0m
