[codecarbon WARNING @ 16:37:14] Multiple instances of codecarbon are allowed to run at the same time.
[93mWARNING [0m:   DEPRECATED FEATURE: flwr.simulation.start_simulation() is deprecated.
	Instead, use the `flwr run` CLI command to start a local simulation in your Flower app, as shown for example below:

		$ flwr new  # Create a new Flower app from a template

		$ flwr run  # Run the Flower app in Simulation Mode

	Using `start_simulation()` is deprecated.

            This is a deprecated feature. It will be removed
            entirely in future versions of Flower.
        
[92mINFO [0m:      Starting Flower simulation, config: num_rounds=10, no round_timeout
2026-09-04 16:37:22,664	INFO worker.py:2012 -- Started a local Ray instance.
/home/tiago/GitHubProjects/fedhad-thesis-2/env_flwr_pt/lib/python3.12/site-packages/ray/_private/worker.py:2051: FutureWarning: Tip: In future versions of Ray, Ray will no longer override accelerator visible devices env var if num_gpus=0 or num_gpus=None (default). To enable this behavior and turn off this error message, set RAY_ACCEL_ENV_VAR_OVERRIDE_ON_ZERO=0
  warnings.warn(
[92mINFO [0m:      Flower VCE: Ray initialized with resources: {'object_store_memory': 77509813862.0, 'GPU': 1.0, 'node:__internal_head__': 1.0, 'memory': 180856232346.0, 'accelerator_type:A40': 1.0, 'CPU': 64.0, 'node:10.129.64.100': 1.0}
[92mINFO [0m:      Optimize your simulation with Flower VCE: https://flower.ai/docs/framework/how-to-run-simulations.html
/home/tiago/GitHubProjects/fedhad-thesis-2/FedHAD_Final_2.0.py:1916: UserWarning: No `num_cpus` specified in `client_resources`. Using `num_cpus=1` for each client.
  history = fl.simulation.start_simulation(
[92mINFO [0m:      Flower VCE: Resources for each Virtual Client: {'num_gpus': 0.2, 'num_cpus': 1}
[92mINFO [0m:      Flower VCE: Creating VirtualClientEngineActorPool with 5 actors
[92mINFO [0m:      [INIT]
[92mINFO [0m:      Requesting initial parameters from one random client
[36m(ClientAppActor pid=1026361)[0m [93mWARNING [0m:   DEPRECATED FEATURE: `client_fn` now expects a signature `def client_fn(context: Context)`.The provided `client_fn` has signature: {'cid': <Parameter "cid: str">}. You can import the `Context` like this: `from flwr.app import Context`
[36m(ClientAppActor pid=1026361)[0m 
[36m(ClientAppActor pid=1026361)[0m             This is a deprecated feature. It will be removed
[36m(ClientAppActor pid=1026361)[0m             entirely in future versions of Flower.
[36m(ClientAppActor pid=1026361)[0m         
[92mINFO [0m:      Received initial parameters from one random client
[92mINFO [0m:      Starting evaluation of initial global parameters
[92mINFO [0m:      initial parameters (loss, other metrics): 2.303507472229004, {'accuracy': 0.1108, 'loss': 2.303507472229004}
[92mINFO [0m:      
[92mINFO [0m:      [ROUND 1]
[92mINFO [0m:      configure_fit: strategy sampled 5 clients (out of 5)
[36m(ClientAppActor pid=1026361)[0m [93mWARNING [0m:   DEPRECATED FEATURE: `client_fn` now expects a signature `def client_fn(context: Context)`.The provided `client_fn` has signature: {'cid': <Parameter "cid: str">}. You can import the `Context` like this: `from flwr.app import Context`
[36m(ClientAppActor pid=1026361)[0m 
[36m(ClientAppActor pid=1026361)[0m             This is a deprecated feature. It will be removed
[36m(ClientAppActor pid=1026361)[0m             entirely in future versions of Flower.
[36m(ClientAppActor pid=1026361)[0m         
[36m(ClientAppActor pid=1026358)[0m 
[36m(ClientAppActor pid=1026358)[0m         
[36m(ClientAppActor pid=1026359)[0m 
[36m(ClientAppActor pid=1026359)[0m         
[36m(ClientAppActor pid=1026360)[0m 
[36m(ClientAppActor pid=1026360)[0m         
[36m(ClientAppActor pid=1026357)[0m 
[36m(ClientAppActor pid=1026357)[0m         
[92mINFO [0m:      aggregate_fit: received 5 results and 0 failures
[92mINFO [0m:      fit progress: (1, 2.1945796756744387, {'accuracy': 0.1384, 'loss': 2.1945796756744387}, 16.38578629901167)
[92mINFO [0m:      configure_evaluate: strategy sampled 5 clients (out of 5)
[36m(ClientAppActor pid=1026360)[0m 
[36m(ClientAppActor pid=1026360)[0m         
[36m(ClientAppActor pid=1026360)[0m [93mWARNING [0m:   DEPRECATED FEATURE: `client_fn` now expects a signature `def client_fn(context: Context)`.The provided `client_fn` has signature: {'cid': <Parameter "cid: str">}. You can import the `Context` like this: `from flwr.app import Context`[32m [repeated 5x across cluster] (Ray deduplicates logs by default. Set RAY_DEDUP_LOGS=0 to disable log deduplication, or see https://docs.ray.io/en/master/ray-observability/user-guides/configure-logging.html#log-deduplication for more options.)[0m
[36m(ClientAppActor pid=1026360)[0m             This is a deprecated feature. It will be removed[32m [repeated 5x across cluster][0m
[36m(ClientAppActor pid=1026360)[0m             entirely in future versions of Flower.[32m [repeated 5x across cluster][0m
[36m(ClientAppActor pid=1026359)[0m 
[36m(ClientAppActor pid=1026359)[0m         
[36m(ClientAppActor pid=1026358)[0m 
[36m(ClientAppActor pid=1026358)[0m         
[36m(ClientAppActor pid=1026357)[0m 
[36m(ClientAppActor pid=1026357)[0m         
[36m(ClientAppActor pid=1026361)[0m 
[36m(ClientAppActor pid=1026361)[0m         
[92mINFO [0m:      aggregate_evaluate: received 5 results and 0 failures
[92mINFO [0m:      
[92mINFO [0m:      [ROUND 2]
[92mINFO [0m:      configure_fit: strategy sampled 5 clients (out of 5)
[36m(ClientAppActor pid=1026361)[0m 
[36m(ClientAppActor pid=1026361)[0m         
[36m(ClientAppActor pid=1026357)[0m 
[36m(ClientAppActor pid=1026357)[0m         
[36m(ClientAppActor pid=1026359)[0m 
[36m(ClientAppActor pid=1026359)[0m         
[36m(ClientAppActor pid=1026358)[0m 
[36m(ClientAppActor pid=1026358)[0m         
[36m(ClientAppActor pid=1026360)[0m 
[36m(ClientAppActor pid=1026360)[0m         
[92mINFO [0m:      aggregate_fit: received 5 results and 0 failures
[92mINFO [0m:      fit progress: (2, 1.371009178352356, {'accuracy': 0.5763, 'loss': 1.371009178352356}, 31.418289240973536)
[92mINFO [0m:      configure_evaluate: strategy sampled 5 clients (out of 5)
[36m(ClientAppActor pid=1026358)[0m 
[36m(ClientAppActor pid=1026358)[0m         
[36m(ClientAppActor pid=1026358)[0m [93mWARNING [0m:   DEPRECATED FEATURE: `client_fn` now expects a signature `def client_fn(context: Context)`.The provided `client_fn` has signature: {'cid': <Parameter "cid: str">}. You can import the `Context` like this: `from flwr.app import Context`[32m [repeated 10x across cluster][0m
[36m(ClientAppActor pid=1026358)[0m             This is a deprecated feature. It will be removed[32m [repeated 10x across cluster][0m
[36m(ClientAppActor pid=1026358)[0m             entirely in future versions of Flower.[32m [repeated 10x across cluster][0m
[36m(ClientAppActor pid=1026360)[0m 
[36m(ClientAppActor pid=1026360)[0m         
[36m(ClientAppActor pid=1026359)[0m 
[36m(ClientAppActor pid=1026359)[0m         
[36m(ClientAppActor pid=1026361)[0m 
[36m(ClientAppActor pid=1026361)[0m         
[36m(ClientAppActor pid=1026357)[0m 
[36m(ClientAppActor pid=1026357)[0m         
[92mINFO [0m:      aggregate_evaluate: received 5 results and 0 failures
[92mINFO [0m:      
[92mINFO [0m:      [ROUND 3]
[92mINFO [0m:      configure_fit: strategy sampled 5 clients (out of 5)
[36m(ClientAppActor pid=1026357)[0m 
[36m(ClientAppActor pid=1026357)[0m         
[36m(ClientAppActor pid=1026361)[0m 
[36m(ClientAppActor pid=1026361)[0m         
[36m(ClientAppActor pid=1026360)[0m 
[36m(ClientAppActor pid=1026360)[0m         
[36m(ClientAppActor pid=1026359)[0m 
[36m(ClientAppActor pid=1026359)[0m         
[36m(ClientAppActor pid=1026358)[0m 
[36m(ClientAppActor pid=1026358)[0m         
[92mINFO [0m:      aggregate_fit: received 5 results and 0 failures
[92mINFO [0m:      fit progress: (3, 0.9008187726020813, {'accuracy': 0.6947, 'loss': 0.9008187726020813}, 46.38529139599996)
[92mINFO [0m:      configure_evaluate: strategy sampled 5 clients (out of 5)
[36m(ClientAppActor pid=1026358)[0m 
[36m(ClientAppActor pid=1026358)[0m         
[36m(ClientAppActor pid=1026358)[0m [93mWARNING [0m:   DEPRECATED FEATURE: `client_fn` now expects a signature `def client_fn(context: Context)`.The provided `client_fn` has signature: {'cid': <Parameter "cid: str">}. You can import the `Context` like this: `from flwr.app import Context`[32m [repeated 10x across cluster][0m
[36m(ClientAppActor pid=1026358)[0m             This is a deprecated feature. It will be removed[32m [repeated 10x across cluster][0m
[36m(ClientAppActor pid=1026358)[0m             entirely in future versions of Flower.[32m [repeated 10x across cluster][0m
[36m(ClientAppActor pid=1026357)[0m 
[36m(ClientAppActor pid=1026357)[0m         
[36m(ClientAppActor pid=1026360)[0m 
[36m(ClientAppActor pid=1026360)[0m         
[36m(ClientAppActor pid=1026361)[0m 
[36m(ClientAppActor pid=1026361)[0m         
[36m(ClientAppActor pid=1026359)[0m 
[36m(ClientAppActor pid=1026359)[0m         
[92mINFO [0m:      aggregate_evaluate: received 5 results and 0 failures
[92mINFO [0m:      
[92mINFO [0m:      [ROUND 4]
[92mINFO [0m:      configure_fit: strategy sampled 5 clients (out of 5)
[36m(ClientAppActor pid=1026359)[0m 
[36m(ClientAppActor pid=1026359)[0m         
[36m(ClientAppActor pid=1026361)[0m 
[36m(ClientAppActor pid=1026361)[0m         
[36m(ClientAppActor pid=1026357)[0m 
[36m(ClientAppActor pid=1026357)[0m         
[36m(ClientAppActor pid=1026360)[0m 
[36m(ClientAppActor pid=1026360)[0m         
[36m(ClientAppActor pid=1026358)[0m 
[36m(ClientAppActor pid=1026358)[0m         
[92mINFO [0m:      aggregate_fit: received 5 results and 0 failures
[92mINFO [0m:      fit progress: (4, 0.7522687967300415, {'accuracy': 0.7421, 'loss': 0.7522687967300415}, 60.606596207013354)
[92mINFO [0m:      configure_evaluate: strategy sampled 5 clients (out of 5)
[36m(ClientAppActor pid=1026359)[0m 
[36m(ClientAppActor pid=1026359)[0m         
[36m(ClientAppActor pid=1026359)[0m [93mWARNING [0m:   DEPRECATED FEATURE: `client_fn` now expects a signature `def client_fn(context: Context)`.The provided `client_fn` has signature: {'cid': <Parameter "cid: str">}. You can import the `Context` like this: `from flwr.app import Context`[32m [repeated 10x across cluster][0m
[36m(ClientAppActor pid=1026359)[0m             This is a deprecated feature. It will be removed[32m [repeated 10x across cluster][0m
[36m(ClientAppActor pid=1026359)[0m             entirely in future versions of Flower.[32m [repeated 10x across cluster][0m
[36m(ClientAppActor pid=1026361)[0m 
[36m(ClientAppActor pid=1026361)[0m         
[36m(ClientAppActor pid=1026360)[0m 
[36m(ClientAppActor pid=1026360)[0m         
[36m(ClientAppActor pid=1026357)[0m 
[36m(ClientAppActor pid=1026357)[0m         
[36m(ClientAppActor pid=1026358)[0m 
[36m(ClientAppActor pid=1026358)[0m         
[92mINFO [0m:      aggregate_evaluate: received 5 results and 0 failures
[92mINFO [0m:      
[92mINFO [0m:      [ROUND 5]
[92mINFO [0m:      configure_fit: strategy sampled 5 clients (out of 5)
[36m(ClientAppActor pid=1026358)[0m 
[36m(ClientAppActor pid=1026358)[0m         
[36m(ClientAppActor pid=1026357)[0m 
[36m(ClientAppActor pid=1026357)[0m         
[36m(ClientAppActor pid=1026360)[0m 
[36m(ClientAppActor pid=1026360)[0m         
[36m(ClientAppActor pid=1026361)[0m 
[36m(ClientAppActor pid=1026361)[0m         
[36m(ClientAppActor pid=1026359)[0m 
[36m(ClientAppActor pid=1026359)[0m         
[92mINFO [0m:      aggregate_fit: received 5 results and 0 failures
[92mINFO [0m:      fit progress: (5, 0.6586870874404908, {'accuracy': 0.7829, 'loss': 0.6586870874404908}, 75.14891287201317)
[92mINFO [0m:      configure_evaluate: strategy sampled 5 clients (out of 5)
[36m(ClientAppActor pid=1026358)[0m 
[36m(ClientAppActor pid=1026358)[0m         
[36m(ClientAppActor pid=1026358)[0m [93mWARNING [0m:   DEPRECATED FEATURE: `client_fn` now expects a signature `def client_fn(context: Context)`.The provided `client_fn` has signature: {'cid': <Parameter "cid: str">}. You can import the `Context` like this: `from flwr.app import Context`[32m [repeated 10x across cluster][0m
[36m(ClientAppActor pid=1026358)[0m             This is a deprecated feature. It will be removed[32m [repeated 10x across cluster][0m
[36m(ClientAppActor pid=1026358)[0m             entirely in future versions of Flower.[32m [repeated 10x across cluster][0m
[36m(ClientAppActor pid=1026359)[0m 
[36m(ClientAppActor pid=1026359)[0m         
[36m(ClientAppActor pid=1026361)[0m 
[36m(ClientAppActor pid=1026361)[0m         
[36m(ClientAppActor pid=1026357)[0m 
[36m(ClientAppActor pid=1026357)[0m         
[36m(ClientAppActor pid=1026360)[0m 
[36m(ClientAppActor pid=1026360)[0m         
[92mINFO [0m:      aggregate_evaluate: received 5 results and 0 failures
[92mINFO [0m:      
[92mINFO [0m:      [ROUND 6]
[92mINFO [0m:      configure_fit: strategy sampled 5 clients (out of 5)
[36m(ClientAppActor pid=1026360)[0m 
[36m(ClientAppActor pid=1026360)[0m         
[36m(ClientAppActor pid=1026357)[0m 
[36m(ClientAppActor pid=1026357)[0m         
[36m(ClientAppActor pid=1026361)[0m 
[36m(ClientAppActor pid=1026361)[0m         
[36m(ClientAppActor pid=1026359)[0m 
[36m(ClientAppActor pid=1026359)[0m         
[36m(ClientAppActor pid=1026358)[0m 
[36m(ClientAppActor pid=1026358)[0m         
[92mINFO [0m:      aggregate_fit: received 5 results and 0 failures
[92mINFO [0m:      fit progress: (6, 0.6149611057281494, {'accuracy': 0.7929, 'loss': 0.6149611057281494}, 90.0437057390227)
[92mINFO [0m:      configure_evaluate: strategy sampled 5 clients (out of 5)
[36m(ClientAppActor pid=1026358)[0m 
[36m(ClientAppActor pid=1026358)[0m         
[36m(ClientAppActor pid=1026358)[0m [93mWARNING [0m:   DEPRECATED FEATURE: `client_fn` now expects a signature `def client_fn(context: Context)`.The provided `client_fn` has signature: {'cid': <Parameter "cid: str">}. You can import the `Context` like this: `from flwr.app import Context`[32m [repeated 10x across cluster][0m
[36m(ClientAppActor pid=1026358)[0m             This is a deprecated feature. It will be removed[32m [repeated 10x across cluster][0m
[36m(ClientAppActor pid=1026358)[0m             entirely in future versions of Flower.[32m [repeated 10x across cluster][0m
[36m(ClientAppActor pid=1026357)[0m 
[36m(ClientAppActor pid=1026357)[0m         
[36m(ClientAppActor pid=1026359)[0m 
[36m(ClientAppActor pid=1026359)[0m         
[36m(ClientAppActor pid=1026361)[0m 
[36m(ClientAppActor pid=1026361)[0m         
[36m(ClientAppActor pid=1026360)[0m 
[36m(ClientAppActor pid=1026360)[0m         
[92mINFO [0m:      aggregate_evaluate: received 5 results and 0 failures
[92mINFO [0m:      
[92mINFO [0m:      [ROUND 7]
[92mINFO [0m:      configure_fit: strategy sampled 5 clients (out of 5)
[36m(ClientAppActor pid=1026360)[0m 
[36m(ClientAppActor pid=1026360)[0m         
[36m(ClientAppActor pid=1026361)[0m 
[36m(ClientAppActor pid=1026361)[0m         
[36m(ClientAppActor pid=1026359)[0m 
[36m(ClientAppActor pid=1026359)[0m         
[36m(ClientAppActor pid=1026357)[0m 
[36m(ClientAppActor pid=1026357)[0m         
[36m(ClientAppActor pid=1026358)[0m 
[36m(ClientAppActor pid=1026358)[0m         
[92mINFO [0m:      aggregate_fit: received 5 results and 0 failures
[92mINFO [0m:      fit progress: (7, 0.5947441999912262, {'accuracy': 0.7988, 'loss': 0.5947441999912262}, 104.78425696498016)
[92mINFO [0m:      configure_evaluate: strategy sampled 5 clients (out of 5)
[36m(ClientAppActor pid=1026359)[0m 
[36m(ClientAppActor pid=1026359)[0m         
[36m(ClientAppActor pid=1026359)[0m [93mWARNING [0m:   DEPRECATED FEATURE: `client_fn` now expects a signature `def client_fn(context: Context)`.The provided `client_fn` has signature: {'cid': <Parameter "cid: str">}. You can import the `Context` like this: `from flwr.app import Context`[32m [repeated 10x across cluster][0m
[36m(ClientAppActor pid=1026359)[0m             This is a deprecated feature. It will be removed[32m [repeated 10x across cluster][0m
[36m(ClientAppActor pid=1026359)[0m             entirely in future versions of Flower.[32m [repeated 10x across cluster][0m
[36m(ClientAppActor pid=1026358)[0m 
[36m(ClientAppActor pid=1026358)[0m         
[36m(ClientAppActor pid=1026357)[0m 
[36m(ClientAppActor pid=1026357)[0m         
[36m(ClientAppActor pid=1026360)[0m 
[36m(ClientAppActor pid=1026360)[0m         
[36m(ClientAppActor pid=1026361)[0m 
[36m(ClientAppActor pid=1026361)[0m         
[92mINFO [0m:      aggregate_evaluate: received 5 results and 0 failures
[92mINFO [0m:      
[92mINFO [0m:      [ROUND 8]
[92mINFO [0m:      configure_fit: strategy sampled 5 clients (out of 5)
[36m(ClientAppActor pid=1026361)[0m 
[36m(ClientAppActor pid=1026361)[0m         
[36m(ClientAppActor pid=1026360)[0m 
[36m(ClientAppActor pid=1026360)[0m         
[36m(ClientAppActor pid=1026358)[0m 
[36m(ClientAppActor pid=1026358)[0m         
[36m(ClientAppActor pid=1026357)[0m 
[36m(ClientAppActor pid=1026357)[0m         
[36m(ClientAppActor pid=1026359)[0m 
[36m(ClientAppActor pid=1026359)[0m         
[92mINFO [0m:      aggregate_fit: received 5 results and 0 failures
[92mINFO [0m:      fit progress: (8, 0.5813268244743347, {'accuracy': 0.8137, 'loss': 0.5813268244743347}, 119.32451199600473)
[92mINFO [0m:      configure_evaluate: strategy sampled 5 clients (out of 5)
[36m(ClientAppActor pid=1026360)[0m 
[36m(ClientAppActor pid=1026360)[0m         
[36m(ClientAppActor pid=1026360)[0m [93mWARNING [0m:   DEPRECATED FEATURE: `client_fn` now expects a signature `def client_fn(context: Context)`.The provided `client_fn` has signature: {'cid': <Parameter "cid: str">}. You can import the `Context` like this: `from flwr.app import Context`[32m [repeated 10x across cluster][0m
[36m(ClientAppActor pid=1026360)[0m             This is a deprecated feature. It will be removed[32m [repeated 10x across cluster][0m
[36m(ClientAppActor pid=1026360)[0m             entirely in future versions of Flower.[32m [repeated 10x across cluster][0m
[36m(ClientAppActor pid=1026359)[0m 
[36m(ClientAppActor pid=1026359)[0m         
[36m(ClientAppActor pid=1026357)[0m 
[36m(ClientAppActor pid=1026357)[0m         
[36m(ClientAppActor pid=1026361)[0m 
[36m(ClientAppActor pid=1026361)[0m         
[36m(ClientAppActor pid=1026358)[0m 
[36m(ClientAppActor pid=1026358)[0m         
[92mINFO [0m:      aggregate_evaluate: received 5 results and 0 failures
[92mINFO [0m:      
[92mINFO [0m:      [ROUND 9]
[92mINFO [0m:      configure_fit: strategy sampled 5 clients (out of 5)
[36m(ClientAppActor pid=1026358)[0m 
[36m(ClientAppActor pid=1026358)[0m         
[36m(ClientAppActor pid=1026361)[0m 
[36m(ClientAppActor pid=1026361)[0m         
[36m(ClientAppActor pid=1026357)[0m 
[36m(ClientAppActor pid=1026357)[0m         
[36m(ClientAppActor pid=1026359)[0m 
[36m(ClientAppActor pid=1026359)[0m         
[36m(ClientAppActor pid=1026360)[0m 
[36m(ClientAppActor pid=1026360)[0m         
[92mINFO [0m:      aggregate_fit: received 5 results and 0 failures
[92mINFO [0m:      fit progress: (9, 0.5542629083633422, {'accuracy': 0.8237, 'loss': 0.5542629083633422}, 134.0227989340201)
[92mINFO [0m:      configure_evaluate: strategy sampled 5 clients (out of 5)
[36m(ClientAppActor pid=1026357)[0m 
[36m(ClientAppActor pid=1026357)[0m         
[36m(ClientAppActor pid=1026357)[0m [93mWARNING [0m:   DEPRECATED FEATURE: `client_fn` now expects a signature `def client_fn(context: Context)`.The provided `client_fn` has signature: {'cid': <Parameter "cid: str">}. You can import the `Context` like this: `from flwr.app import Context`[32m [repeated 10x across cluster][0m
[36m(ClientAppActor pid=1026357)[0m             This is a deprecated feature. It will be removed[32m [repeated 10x across cluster][0m
[36m(ClientAppActor pid=1026357)[0m             entirely in future versions of Flower.[32m [repeated 10x across cluster][0m
[36m(ClientAppActor pid=1026360)[0m 
[36m(ClientAppActor pid=1026360)[0m         
[36m(ClientAppActor pid=1026359)[0m 
[36m(ClientAppActor pid=1026359)[0m         
[36m(ClientAppActor pid=1026358)[0m 
[36m(ClientAppActor pid=1026358)[0m         
[36m(ClientAppActor pid=1026361)[0m 
[36m(ClientAppActor pid=1026361)[0m         
[92mINFO [0m:      aggregate_evaluate: received 5 results and 0 failures
[92mINFO [0m:      
[92mINFO [0m:      [ROUND 10]
[92mINFO [0m:      configure_fit: strategy sampled 5 clients (out of 5)
[36m(ClientAppActor pid=1026361)[0m 
[36m(ClientAppActor pid=1026361)[0m         
[36m(ClientAppActor pid=1026358)[0m 
[36m(ClientAppActor pid=1026358)[0m         
[36m(ClientAppActor pid=1026359)[0m 
[36m(ClientAppActor pid=1026359)[0m         
[36m(ClientAppActor pid=1026360)[0m 
[36m(ClientAppActor pid=1026360)[0m         
[36m(ClientAppActor pid=1026357)[0m 
[36m(ClientAppActor pid=1026357)[0m         
[92mINFO [0m:      aggregate_fit: received 5 results and 0 failures
[92mINFO [0m:      fit progress: (10, 0.5543494999170303, {'accuracy': 0.8257, 'loss': 0.5543494999170303}, 148.68277327297255)
[92mINFO [0m:      configure_evaluate: strategy sampled 5 clients (out of 5)
[36m(ClientAppActor pid=1026359)[0m 
[36m(ClientAppActor pid=1026359)[0m         
[36m(ClientAppActor pid=1026359)[0m [93mWARNING [0m:   DEPRECATED FEATURE: `client_fn` now expects a signature `def client_fn(context: Context)`.The provided `client_fn` has signature: {'cid': <Parameter "cid: str">}. You can import the `Context` like this: `from flwr.app import Context`[32m [repeated 10x across cluster][0m
[36m(ClientAppActor pid=1026359)[0m             This is a deprecated feature. It will be removed[32m [repeated 10x across cluster][0m
[36m(ClientAppActor pid=1026359)[0m             entirely in future versions of Flower.[32m [repeated 10x across cluster][0m
[36m(ClientAppActor pid=1026360)[0m 
[36m(ClientAppActor pid=1026360)[0m         
[36m(ClientAppActor pid=1026357)[0m 
[36m(ClientAppActor pid=1026357)[0m         
[36m(ClientAppActor pid=1026361)[0m 
[36m(ClientAppActor pid=1026361)[0m         
[36m(ClientAppActor pid=1026358)[0m 
[36m(ClientAppActor pid=1026358)[0m         
[92mINFO [0m:      aggregate_evaluate: received 5 results and 0 failures
[92mINFO [0m:      
[92mINFO [0m:      [SUMMARY]
[92mINFO [0m:      Run finished 10 round(s) in 149.56s
[92mINFO [0m:      	History (loss, distributed):
[92mINFO [0m:      		round 1: 2.194817139034798
[92mINFO [0m:      		round 2: 1.3605470976957372
[92mINFO [0m:      		round 3: 0.8904230798683723
[92mINFO [0m:      		round 4: 0.743122516011744
[92mINFO [0m:      		round 5: 0.6443287925679191
[92mINFO [0m:      		round 6: 0.5938867196543556
[92mINFO [0m:      		round 7: 0.5824901018459044
[92mINFO [0m:      		round 8: 0.5601685241456567
[92mINFO [0m:      		round 9: 0.5340758792966754
[92mINFO [0m:      		round 10: 0.5418260485454112
[92mINFO [0m:      	History (loss, centralized):
[92mINFO [0m:      		round 0: 2.303507472229004
[92mINFO [0m:      		round 1: 2.1945796756744387
[92mINFO [0m:      		round 2: 1.371009178352356
[92mINFO [0m:      		round 3: 0.9008187726020813
[92mINFO [0m:      		round 4: 0.7522687967300415
[92mINFO [0m:      		round 5: 0.6586870874404908
[92mINFO [0m:      		round 6: 0.6149611057281494
[92mINFO [0m:      		round 7: 0.5947441999912262
[92mINFO [0m:      		round 8: 0.5813268244743347
[92mINFO [0m:      		round 9: 0.5542629083633422
[92mINFO [0m:      		round 10: 0.5543494999170303
[92mINFO [0m:      	History (metrics, distributed, fit):
[92mINFO [0m:      	{'avg_epochs_weighted': [(1, 4.0),
[92mINFO [0m:      	                         (2, 4.0),
[92mINFO [0m:      	                         (3, 4.0),
[92mINFO [0m:      	                         (4, 4.0),
[92mINFO [0m:      	                         (5, 4.0),
[92mINFO [0m:      	                         (6, 4.0),
[92mINFO [0m:      	                         (7, 4.0),
[92mINFO [0m:      	                         (8, 4.0),
[92mINFO [0m:      	                         (9, 4.0),
[92mINFO [0m:      	                         (10, 4.0)],
[92mINFO [0m:      	 'avg_flops_per_client_round': [(1, 6512499351552.0),
[92mINFO [0m:      	                                (2, 6512499351552.0),
[92mINFO [0m:      	                                (3, 6512499351552.0),
[92mINFO [0m:      	                                (4, 6512499351552.0),
[92mINFO [0m:      	                                (5, 6512499351552.0),
[92mINFO [0m:      	                                (6, 6512499351552.0),
[92mINFO [0m:      	                                (7, 6512499351552.0),
[92mINFO [0m:      	                                (8, 6512499351552.0),
[92mINFO [0m:      	                                (9, 6512499351552.0),
[92mINFO [0m:      	                                (10, 6512499351552.0)],
[92mINFO [0m:      	 'avg_lr_weighted': [(1, 0.007359683877548784),
[92mINFO [0m:      	                     (2, 0.007359683877548784),
[92mINFO [0m:      	                     (3, 0.007359683877548784),
[92mINFO [0m:      	                     (4, 0.007359683877548784),
[92mINFO [0m:      	                     (5, 0.007359683877548784),
[92mINFO [0m:      	                     (6, 0.007359683877548784),
[92mINFO [0m:      	                     (7, 0.007359683877548784),
[92mINFO [0m:      	                     (8, 0.007359683877548784),
[92mINFO [0m:      	                     (9, 0.007359683877548784),
[92mINFO [0m:      	                     (10, 0.007359683877548784)],
[92mINFO [0m:      	 'total_flops_round': [(1, 32562496757760),
[92mINFO [0m:      	                       (2, 32562496757760),
[92mINFO [0m:      	                       (3, 32562496757760),
[92mINFO [0m:      	                       (4, 32562496757760),
[92mINFO [0m:      	                       (5, 32562496757760),
[92mINFO [0m:      	                       (6, 32562496757760),
[92mINFO [0m:      	                       (7, 32562496757760),
[92mINFO [0m:      	                       (8, 32562496757760),
[92mINFO [0m:      	                       (9, 32562496757760),
[92mINFO [0m:      	                       (10, 32562496757760)]}
[92mINFO [0m:      	History (metrics, distributed, evaluate):
[92mINFO [0m:      	{'accuracy': [(1, 0.1366546618647459),
[92mINFO [0m:      	              (2, 0.5778311324529812),
[92mINFO [0m:      	              (3, 0.6926770708283313),
[92mINFO [0m:      	              (4, 0.7336934773909564),
[92mINFO [0m:      	              (5, 0.7739095638255302),
[92mINFO [0m:      	              (6, 0.7953181272509003),
[92mINFO [0m:      	              (7, 0.8005202080832333),
[92mINFO [0m:      	              (8, 0.8165266106442577),
[92mINFO [0m:      	              (9, 0.8229291716686674),
[92mINFO [0m:      	              (10, 0.8267306922769108)],
[92mINFO [0m:      	 'loss': [(1, 2.194817139034798),
[92mINFO [0m:      	          (2, 1.3605470976957372),
[92mINFO [0m:      	          (3, 0.8904230798683723),
[92mINFO [0m:      	          (4, 0.743122516011744),
[92mINFO [0m:      	          (5, 0.6443287925679191),
[92mINFO [0m:      	          (6, 0.5938867196543556),
[92mINFO [0m:      	          (7, 0.5824901018459044),
[92mINFO [0m:      	          (8, 0.5601685241456567),
[92mINFO [0m:      	          (9, 0.5340758792966754),
[92mINFO [0m:      	          (10, 0.5418260485454112)]}
[92mINFO [0m:      	History (metrics, centralized):
[92mINFO [0m:      	{'accuracy': [(0, 0.1108),
[92mINFO [0m:      	              (1, 0.1384),
[92mINFO [0m:      	              (2, 0.5763),
[92mINFO [0m:      	              (3, 0.6947),
[92mINFO [0m:      	              (4, 0.7421),
[92mINFO [0m:      	              (5, 0.7829),
[92mINFO [0m:      	              (6, 0.7929),
[92mINFO [0m:      	              (7, 0.7988),
[92mINFO [0m:      	              (8, 0.8137),
[92mINFO [0m:      	              (9, 0.8237),
[92mINFO [0m:      	              (10, 0.8257)],
[92mINFO [0m:      	 'loss': [(0, 2.303507472229004),
[92mINFO [0m:      	          (1, 2.1945796756744387),
[92mINFO [0m:      	          (2, 1.371009178352356),
[92mINFO [0m:      	          (3, 0.9008187726020813),
[92mINFO [0m:      	          (4, 0.7522687967300415),
[92mINFO [0m:      	          (5, 0.6586870874404908),
[92mINFO [0m:      	          (6, 0.6149611057281494),
[92mINFO [0m:      	          (7, 0.5947441999912262),
[92mINFO [0m:      	          (8, 0.5813268244743347),
[92mINFO [0m:      	          (9, 0.5542629083633422),
[92mINFO [0m:      	          (10, 0.5543494999170303)]}
[92mINFO [0m:      
Treinando no dispositivo: cuda:0 com o dataset: CIFAR10 | Setup clientes: 5 (num_gpus por cliente=0.2) | SEED=48
FLOPS por amostra (forward): 6.030e+07 | (forward+backward, 3x): 1.809e+08
Files already downloaded and verified
Files already downloaded and verified
Dividindo o dataset usando a distribuição de Dirichlet com alpha=1.0.
Iniciando a simulação de Aprendizado Federado...
=== Diagnóstico de Medição de GPU ===
  pynvml_disponivel: True
  pynvml_versao: 580.173.02
  gpus_detectadas: 1
  leitura_potencia_ok: True
  potencia_atual_W: 64.581

--- Rodada 0 - Avaliação Centralizada (Servidor) ---
Loss (Servidor): 2.3035 | Acurácia (Servidor): 0.1108
[36m(ClientAppActor pid=1026361)[0m Cliente 2: HetRaw=0.5790 | HetNorm=0.1930 | Epochs=4 (dyn=True) | LR=0.007755 (dyn=True) | FedProx=True (mu=0.01)

--- Rodada 1 - Avaliação Centralizada (Servidor) ---
Loss (Servidor): 2.1946 | Acurácia (Servidor): 0.1384
--- Avaliação Agregada (Clientes) ---
Loss Média (Clientes): 2.1948 | Acurácia Média (Clientes): 0.1367
[36m(ClientAppActor pid=1026361)[0m Cliente 2: HetRaw=0.5790 | HetNorm=0.1930 | Epochs=4 (dyn=True) | LR=0.007755 (dyn=True) | FedProx=True (mu=0.01)[32m [repeated 5x across cluster][0m

--- Rodada 2 - Avaliação Centralizada (Servidor) ---
Loss (Servidor): 1.3710 | Acurácia (Servidor): 0.5763
--- Avaliação Agregada (Clientes) ---
Loss Média (Clientes): 1.3605 | Acurácia Média (Clientes): 0.5778
[36m(ClientAppActor pid=1026357)[0m Cliente 3: HetRaw=0.6607 | HetNorm=0.2202 | Epochs=4 (dyn=True) | LR=0.007517 (dyn=True) | FedProx=True (mu=0.01)[32m [repeated 5x across cluster][0m

--- Rodada 3 - Avaliação Centralizada (Servidor) ---
Loss (Servidor): 0.9008 | Acurácia (Servidor): 0.6947
--- Avaliação Agregada (Clientes) ---
Loss Média (Clientes): 0.8904 | Acurácia Média (Clientes): 0.6927
[36m(ClientAppActor pid=1026359)[0m Cliente 4: HetRaw=0.7510 | HetNorm=0.2503 | Epochs=4 (dyn=True) | LR=0.007270 (dyn=True) | FedProx=True (mu=0.01)[32m [repeated 5x across cluster][0m

--- Rodada 4 - Avaliação Centralizada (Servidor) ---
Loss (Servidor): 0.7523 | Acurácia (Servidor): 0.7421
--- Avaliação Agregada (Clientes) ---
Loss Média (Clientes): 0.7431 | Acurácia Média (Clientes): 0.7337
[36m(ClientAppActor pid=1026358)[0m Cliente 4: HetRaw=0.7510 | HetNorm=0.2503 | Epochs=4 (dyn=True) | LR=0.007270 (dyn=True) | FedProx=True (mu=0.01)[32m [repeated 5x across cluster][0m

--- Rodada 5 - Avaliação Centralizada (Servidor) ---
Loss (Servidor): 0.6587 | Acurácia (Servidor): 0.7829
--- Avaliação Agregada (Clientes) ---
Loss Média (Clientes): 0.6443 | Acurácia Média (Clientes): 0.7739
[36m(ClientAppActor pid=1026360)[0m Cliente 0: HetRaw=0.7668 | HetNorm=0.2556 | Epochs=4 (dyn=True) | LR=0.007228 (dyn=True) | FedProx=True (mu=0.01)[32m [repeated 5x across cluster][0m

--- Rodada 6 - Avaliação Centralizada (Servidor) ---
Loss (Servidor): 0.6150 | Acurácia (Servidor): 0.7929
--- Avaliação Agregada (Clientes) ---
Loss Média (Clientes): 0.5939 | Acurácia Média (Clientes): 0.7953
[36m(ClientAppActor pid=1026360)[0m Cliente 2: HetRaw=0.5790 | HetNorm=0.1930 | Epochs=4 (dyn=True) | LR=0.007755 (dyn=True) | FedProx=True (mu=0.01)[32m [repeated 5x across cluster][0m

--- Rodada 7 - Avaliação Centralizada (Servidor) ---
Loss (Servidor): 0.5947 | Acurácia (Servidor): 0.7988
--- Avaliação Agregada (Clientes) ---
Loss Média (Clientes): 0.5825 | Acurácia Média (Clientes): 0.8005
[36m(ClientAppActor pid=1026361)[0m Cliente 1: HetRaw=0.8612 | HetNorm=0.2871 | Epochs=4 (dyn=True) | LR=0.006990 (dyn=True) | FedProx=True (mu=0.01)[32m [repeated 5x across cluster][0m

--- Rodada 8 - Avaliação Centralizada (Servidor) ---
Loss (Servidor): 0.5813 | Acurácia (Servidor): 0.8137
--- Avaliação Agregada (Clientes) ---
Loss Média (Clientes): 0.5602 | Acurácia Média (Clientes): 0.8165
[36m(ClientAppActor pid=1026358)[0m Cliente 2: HetRaw=0.5790 | HetNorm=0.1930 | Epochs=4 (dyn=True) | LR=0.007755 (dyn=True) | FedProx=True (mu=0.01)[32m [repeated 5x across cluster][0m

--- Rodada 9 - Avaliação Centralizada (Servidor) ---
Loss (Servidor): 0.5543 | Acurácia (Servidor): 0.8237
--- Avaliação Agregada (Clientes) ---
Loss Média (Clientes): 0.5341 | Acurácia Média (Clientes): 0.8229
[36m(ClientAppActor pid=1026361)[0m Cliente 2: HetRaw=0.5790 | HetNorm=0.1930 | Epochs=4 (dyn=True) | LR=0.007755 (dyn=True) | FedProx=True (mu=0.01)[32m [repeated 5x across cluster][0m

--- Rodada 10 - Avaliação Centralizada (Servidor) ---
Loss (Servidor): 0.5543 | Acurácia (Servidor): 0.8257
--- Avaliação Agregada (Clientes) ---
Loss Média (Clientes): 0.5418 | Acurácia Média (Clientes): 0.8267

Resultados salvos em: /home/tiago/GitHubProjects/fedhad-thesis-2/FedHAD-results/1.1_diagnostico_drift/CIFAR10-Standard/FedHAD__CIFAR10__Mode-STANDARD__Cfg-E1L1F1__Setup-5__Clients-5__Rounds-10__Delay-0_05__Alpha-1_0__Seed-48.txt
[36m(ClientAppActor pid=1026358)[0m [93mWARNING [0m:   DEPRECATED FEATURE: `client_fn` now expects a signature `def client_fn(context: Context)`.The provided `client_fn` has signature: {'cid': <Parameter "cid: str">}. You can import the `Context` like this: `from flwr.app import Context`[32m [repeated 4x across cluster][0m
[36m(ClientAppActor pid=1026358)[0m             This is a deprecated feature. It will be removed[32m [repeated 4x across cluster][0m
[36m(ClientAppActor pid=1026358)[0m             entirely in future versions of Flower.[32m [repeated 4x across cluster][0m
[36m(ClientAppActor pid=1026357)[0m Cliente 1: HetRaw=0.8612 | HetNorm=0.2871 | Epochs=4 (dyn=True) | LR=0.006990 (dyn=True) | FedProx=True (mu=0.01)[32m [repeated 4x across cluster][0m
