[codecarbon WARNING @ 16:31:19] Multiple instances of codecarbon are allowed to run at the same time.
[93mWARNING [0m:   DEPRECATED FEATURE: flwr.simulation.start_simulation() is deprecated.
	Instead, use the `flwr run` CLI command to start a local simulation in your Flower app, as shown for example below:

		$ flwr new  # Create a new Flower app from a template

		$ flwr run  # Run the Flower app in Simulation Mode

	Using `start_simulation()` is deprecated.

            This is a deprecated feature. It will be removed
            entirely in future versions of Flower.
        
[92mINFO [0m:      Starting Flower simulation, config: num_rounds=10, no round_timeout
2026-09-04 16:31:27,996	INFO worker.py:2012 -- Started a local Ray instance.
/home/tiago/GitHubProjects/fedhad-thesis-2/env_flwr_pt/lib/python3.12/site-packages/ray/_private/worker.py:2051: FutureWarning: Tip: In future versions of Ray, Ray will no longer override accelerator visible devices env var if num_gpus=0 or num_gpus=None (default). To enable this behavior and turn off this error message, set RAY_ACCEL_ENV_VAR_OVERRIDE_ON_ZERO=0
  warnings.warn(
[92mINFO [0m:      Flower VCE: Ray initialized with resources: {'GPU': 1.0, 'object_store_memory': 77504612352.0, 'node:__internal_head__': 1.0, 'memory': 180844095488.0, 'accelerator_type:A40': 1.0, 'node:10.129.64.100': 1.0, 'CPU': 64.0}
[92mINFO [0m:      Optimize your simulation with Flower VCE: https://flower.ai/docs/framework/how-to-run-simulations.html
/home/tiago/GitHubProjects/fedhad-thesis-2/FedHAD_Final_2.0.py:1916: UserWarning: No `num_cpus` specified in `client_resources`. Using `num_cpus=1` for each client.
  history = fl.simulation.start_simulation(
[92mINFO [0m:      Flower VCE: Resources for each Virtual Client: {'num_gpus': 0.2, 'num_cpus': 1}
[92mINFO [0m:      Flower VCE: Creating VirtualClientEngineActorPool with 5 actors
[92mINFO [0m:      [INIT]
[92mINFO [0m:      Requesting initial parameters from one random client
[36m(ClientAppActor pid=1011047)[0m [93mWARNING [0m:   DEPRECATED FEATURE: `client_fn` now expects a signature `def client_fn(context: Context)`.The provided `client_fn` has signature: {'cid': <Parameter "cid: str">}. You can import the `Context` like this: `from flwr.app import Context`
[36m(ClientAppActor pid=1011047)[0m 
[36m(ClientAppActor pid=1011047)[0m             This is a deprecated feature. It will be removed
[36m(ClientAppActor pid=1011047)[0m             entirely in future versions of Flower.
[36m(ClientAppActor pid=1011047)[0m         
[92mINFO [0m:      Received initial parameters from one random client
[92mINFO [0m:      Starting evaluation of initial global parameters
[92mINFO [0m:      initial parameters (loss, other metrics): 2.303514967727661, {'accuracy': 0.1, 'loss': 2.303514967727661}
[92mINFO [0m:      
[92mINFO [0m:      [ROUND 1]
[92mINFO [0m:      configure_fit: strategy sampled 5 clients (out of 5)
[36m(ClientAppActor pid=1011047)[0m [93mWARNING [0m:   DEPRECATED FEATURE: `client_fn` now expects a signature `def client_fn(context: Context)`.The provided `client_fn` has signature: {'cid': <Parameter "cid: str">}. You can import the `Context` like this: `from flwr.app import Context`
[36m(ClientAppActor pid=1011047)[0m 
[36m(ClientAppActor pid=1011047)[0m             This is a deprecated feature. It will be removed
[36m(ClientAppActor pid=1011047)[0m             entirely in future versions of Flower.
[36m(ClientAppActor pid=1011047)[0m         
[36m(ClientAppActor pid=1011046)[0m 
[36m(ClientAppActor pid=1011046)[0m         
[36m(ClientAppActor pid=1011045)[0m 
[36m(ClientAppActor pid=1011045)[0m         
[36m(ClientAppActor pid=1011044)[0m 
[36m(ClientAppActor pid=1011044)[0m         
[36m(ClientAppActor pid=1011043)[0m 
[36m(ClientAppActor pid=1011043)[0m         
[92mINFO [0m:      aggregate_fit: received 5 results and 0 failures
[92mINFO [0m:      fit progress: (1, 2.1561331272125246, {'accuracy': 0.1949, 'loss': 2.1561331272125246}, 17.120043237984646)
[92mINFO [0m:      configure_evaluate: strategy sampled 5 clients (out of 5)
[36m(ClientAppActor pid=1011043)[0m 
[36m(ClientAppActor pid=1011043)[0m         
[36m(ClientAppActor pid=1011043)[0m [93mWARNING [0m:   DEPRECATED FEATURE: `client_fn` now expects a signature `def client_fn(context: Context)`.The provided `client_fn` has signature: {'cid': <Parameter "cid: str">}. You can import the `Context` like this: `from flwr.app import Context`[32m [repeated 5x across cluster] (Ray deduplicates logs by default. Set RAY_DEDUP_LOGS=0 to disable log deduplication, or see https://docs.ray.io/en/master/ray-observability/user-guides/configure-logging.html#log-deduplication for more options.)[0m
[36m(ClientAppActor pid=1011043)[0m             This is a deprecated feature. It will be removed[32m [repeated 5x across cluster][0m
[36m(ClientAppActor pid=1011043)[0m             entirely in future versions of Flower.[32m [repeated 5x across cluster][0m
[36m(ClientAppActor pid=1011044)[0m 
[36m(ClientAppActor pid=1011044)[0m         
[36m(ClientAppActor pid=1011046)[0m 
[36m(ClientAppActor pid=1011046)[0m         
[36m(ClientAppActor pid=1011045)[0m 
[36m(ClientAppActor pid=1011045)[0m         
[36m(ClientAppActor pid=1011047)[0m 
[36m(ClientAppActor pid=1011047)[0m         
[92mINFO [0m:      aggregate_evaluate: received 5 results and 0 failures
[92mINFO [0m:      
[92mINFO [0m:      [ROUND 2]
[92mINFO [0m:      configure_fit: strategy sampled 5 clients (out of 5)
[36m(ClientAppActor pid=1011047)[0m 
[36m(ClientAppActor pid=1011047)[0m         
[36m(ClientAppActor pid=1011045)[0m 
[36m(ClientAppActor pid=1011045)[0m         
[36m(ClientAppActor pid=1011046)[0m 
[36m(ClientAppActor pid=1011046)[0m         
[36m(ClientAppActor pid=1011044)[0m 
[36m(ClientAppActor pid=1011044)[0m         
[36m(ClientAppActor pid=1011043)[0m 
[36m(ClientAppActor pid=1011043)[0m         
[92mINFO [0m:      aggregate_fit: received 5 results and 0 failures
[92mINFO [0m:      fit progress: (2, 1.2019115087509156, {'accuracy': 0.6221, 'loss': 1.2019115087509156}, 32.33870108501287)
[92mINFO [0m:      configure_evaluate: strategy sampled 5 clients (out of 5)
[36m(ClientAppActor pid=1011047)[0m 
[36m(ClientAppActor pid=1011047)[0m         
[36m(ClientAppActor pid=1011047)[0m [93mWARNING [0m:   DEPRECATED FEATURE: `client_fn` now expects a signature `def client_fn(context: Context)`.The provided `client_fn` has signature: {'cid': <Parameter "cid: str">}. You can import the `Context` like this: `from flwr.app import Context`[32m [repeated 10x across cluster][0m
[36m(ClientAppActor pid=1011047)[0m             This is a deprecated feature. It will be removed[32m [repeated 10x across cluster][0m
[36m(ClientAppActor pid=1011047)[0m             entirely in future versions of Flower.[32m [repeated 10x across cluster][0m
[36m(ClientAppActor pid=1011043)[0m 
[36m(ClientAppActor pid=1011043)[0m         
[36m(ClientAppActor pid=1011044)[0m 
[36m(ClientAppActor pid=1011044)[0m         
[36m(ClientAppActor pid=1011046)[0m 
[36m(ClientAppActor pid=1011046)[0m         
[36m(ClientAppActor pid=1011045)[0m 
[36m(ClientAppActor pid=1011045)[0m         
[92mINFO [0m:      aggregate_evaluate: received 5 results and 0 failures
[92mINFO [0m:      
[92mINFO [0m:      [ROUND 3]
[92mINFO [0m:      configure_fit: strategy sampled 5 clients (out of 5)
[36m(ClientAppActor pid=1011045)[0m 
[36m(ClientAppActor pid=1011045)[0m         
[36m(ClientAppActor pid=1011046)[0m 
[36m(ClientAppActor pid=1011046)[0m         
[36m(ClientAppActor pid=1011043)[0m 
[36m(ClientAppActor pid=1011043)[0m         
[36m(ClientAppActor pid=1011044)[0m 
[36m(ClientAppActor pid=1011044)[0m         
[36m(ClientAppActor pid=1011047)[0m 
[36m(ClientAppActor pid=1011047)[0m         
[92mINFO [0m:      aggregate_fit: received 5 results and 0 failures
[92mINFO [0m:      fit progress: (3, 0.826431671333313, {'accuracy': 0.7252, 'loss': 0.826431671333313}, 47.96909077599412)
[92mINFO [0m:      configure_evaluate: strategy sampled 5 clients (out of 5)
[36m(ClientAppActor pid=1011044)[0m 
[36m(ClientAppActor pid=1011044)[0m         
[36m(ClientAppActor pid=1011044)[0m [93mWARNING [0m:   DEPRECATED FEATURE: `client_fn` now expects a signature `def client_fn(context: Context)`.The provided `client_fn` has signature: {'cid': <Parameter "cid: str">}. You can import the `Context` like this: `from flwr.app import Context`[32m [repeated 10x across cluster][0m
[36m(ClientAppActor pid=1011044)[0m             This is a deprecated feature. It will be removed[32m [repeated 10x across cluster][0m
[36m(ClientAppActor pid=1011044)[0m             entirely in future versions of Flower.[32m [repeated 10x across cluster][0m
[36m(ClientAppActor pid=1011047)[0m 
[36m(ClientAppActor pid=1011047)[0m         
[36m(ClientAppActor pid=1011046)[0m 
[36m(ClientAppActor pid=1011046)[0m         
[36m(ClientAppActor pid=1011043)[0m 
[36m(ClientAppActor pid=1011043)[0m         
[36m(ClientAppActor pid=1011045)[0m 
[36m(ClientAppActor pid=1011045)[0m         
[92mINFO [0m:      aggregate_evaluate: received 5 results and 0 failures
[92mINFO [0m:      
[92mINFO [0m:      [ROUND 4]
[92mINFO [0m:      configure_fit: strategy sampled 5 clients (out of 5)
[36m(ClientAppActor pid=1011045)[0m 
[36m(ClientAppActor pid=1011045)[0m         
[36m(ClientAppActor pid=1011043)[0m 
[36m(ClientAppActor pid=1011043)[0m         
[36m(ClientAppActor pid=1011046)[0m 
[36m(ClientAppActor pid=1011046)[0m         
[36m(ClientAppActor pid=1011047)[0m 
[36m(ClientAppActor pid=1011047)[0m         
[36m(ClientAppActor pid=1011044)[0m 
[36m(ClientAppActor pid=1011044)[0m         
[92mINFO [0m:      aggregate_fit: received 5 results and 0 failures
[92mINFO [0m:      fit progress: (4, 0.7219302039146424, {'accuracy': 0.7549, 'loss': 0.7219302039146424}, 63.223069448024035)
[92mINFO [0m:      configure_evaluate: strategy sampled 5 clients (out of 5)
[36m(ClientAppActor pid=1011045)[0m 
[36m(ClientAppActor pid=1011045)[0m         
[36m(ClientAppActor pid=1011045)[0m [93mWARNING [0m:   DEPRECATED FEATURE: `client_fn` now expects a signature `def client_fn(context: Context)`.The provided `client_fn` has signature: {'cid': <Parameter "cid: str">}. You can import the `Context` like this: `from flwr.app import Context`[32m [repeated 10x across cluster][0m
[36m(ClientAppActor pid=1011045)[0m             This is a deprecated feature. It will be removed[32m [repeated 10x across cluster][0m
[36m(ClientAppActor pid=1011045)[0m             entirely in future versions of Flower.[32m [repeated 10x across cluster][0m
[36m(ClientAppActor pid=1011044)[0m 
[36m(ClientAppActor pid=1011044)[0m         
[36m(ClientAppActor pid=1011043)[0m 
[36m(ClientAppActor pid=1011043)[0m         
[36m(ClientAppActor pid=1011047)[0m 
[36m(ClientAppActor pid=1011047)[0m         
[36m(ClientAppActor pid=1011046)[0m 
[36m(ClientAppActor pid=1011046)[0m         
[92mINFO [0m:      aggregate_evaluate: received 5 results and 0 failures
[92mINFO [0m:      
[92mINFO [0m:      [ROUND 5]
[92mINFO [0m:      configure_fit: strategy sampled 5 clients (out of 5)
[36m(ClientAppActor pid=1011046)[0m 
[36m(ClientAppActor pid=1011046)[0m         
[36m(ClientAppActor pid=1011047)[0m 
[36m(ClientAppActor pid=1011047)[0m         
[36m(ClientAppActor pid=1011044)[0m 
[36m(ClientAppActor pid=1011044)[0m         
[36m(ClientAppActor pid=1011043)[0m 
[36m(ClientAppActor pid=1011043)[0m         
[36m(ClientAppActor pid=1011045)[0m 
[36m(ClientAppActor pid=1011045)[0m         
[92mINFO [0m:      aggregate_fit: received 5 results and 0 failures
[92mINFO [0m:      fit progress: (5, 0.6450950254917145, {'accuracy': 0.7777, 'loss': 0.6450950254917145}, 78.22860815300373)
[92mINFO [0m:      configure_evaluate: strategy sampled 5 clients (out of 5)
[36m(ClientAppActor pid=1011046)[0m 
[36m(ClientAppActor pid=1011046)[0m         
[36m(ClientAppActor pid=1011046)[0m [93mWARNING [0m:   DEPRECATED FEATURE: `client_fn` now expects a signature `def client_fn(context: Context)`.The provided `client_fn` has signature: {'cid': <Parameter "cid: str">}. You can import the `Context` like this: `from flwr.app import Context`[32m [repeated 10x across cluster][0m
[36m(ClientAppActor pid=1011046)[0m             This is a deprecated feature. It will be removed[32m [repeated 10x across cluster][0m
[36m(ClientAppActor pid=1011046)[0m             entirely in future versions of Flower.[32m [repeated 10x across cluster][0m
[36m(ClientAppActor pid=1011043)[0m 
[36m(ClientAppActor pid=1011043)[0m         
[36m(ClientAppActor pid=1011047)[0m 
[36m(ClientAppActor pid=1011047)[0m         
[36m(ClientAppActor pid=1011045)[0m 
[36m(ClientAppActor pid=1011045)[0m         
[36m(ClientAppActor pid=1011044)[0m 
[36m(ClientAppActor pid=1011044)[0m         
[92mINFO [0m:      aggregate_evaluate: received 5 results and 0 failures
[92mINFO [0m:      
[92mINFO [0m:      [ROUND 6]
[92mINFO [0m:      configure_fit: strategy sampled 5 clients (out of 5)
[36m(ClientAppActor pid=1011044)[0m 
[36m(ClientAppActor pid=1011044)[0m         
[36m(ClientAppActor pid=1011045)[0m 
[36m(ClientAppActor pid=1011045)[0m         
[36m(ClientAppActor pid=1011047)[0m 
[36m(ClientAppActor pid=1011047)[0m         
[36m(ClientAppActor pid=1011043)[0m 
[36m(ClientAppActor pid=1011043)[0m         
[36m(ClientAppActor pid=1011046)[0m 
[36m(ClientAppActor pid=1011046)[0m         
[92mINFO [0m:      aggregate_fit: received 5 results and 0 failures
[92mINFO [0m:      fit progress: (6, 0.6038646032810211, {'accuracy': 0.7952, 'loss': 0.6038646032810211}, 93.36086278501898)
[92mINFO [0m:      configure_evaluate: strategy sampled 5 clients (out of 5)
[36m(ClientAppActor pid=1011044)[0m 
[36m(ClientAppActor pid=1011044)[0m         
[36m(ClientAppActor pid=1011044)[0m [93mWARNING [0m:   DEPRECATED FEATURE: `client_fn` now expects a signature `def client_fn(context: Context)`.The provided `client_fn` has signature: {'cid': <Parameter "cid: str">}. You can import the `Context` like this: `from flwr.app import Context`[32m [repeated 10x across cluster][0m
[36m(ClientAppActor pid=1011044)[0m             This is a deprecated feature. It will be removed[32m [repeated 10x across cluster][0m
[36m(ClientAppActor pid=1011044)[0m             entirely in future versions of Flower.[32m [repeated 10x across cluster][0m
[36m(ClientAppActor pid=1011043)[0m 
[36m(ClientAppActor pid=1011043)[0m         
[36m(ClientAppActor pid=1011047)[0m 
[36m(ClientAppActor pid=1011047)[0m         
[36m(ClientAppActor pid=1011045)[0m 
[36m(ClientAppActor pid=1011045)[0m         
[36m(ClientAppActor pid=1011046)[0m 
[36m(ClientAppActor pid=1011046)[0m         
[92mINFO [0m:      aggregate_evaluate: received 5 results and 0 failures
[92mINFO [0m:      
[92mINFO [0m:      [ROUND 7]
[92mINFO [0m:      configure_fit: strategy sampled 5 clients (out of 5)
[36m(ClientAppActor pid=1011046)[0m 
[36m(ClientAppActor pid=1011046)[0m         
[36m(ClientAppActor pid=1011045)[0m 
[36m(ClientAppActor pid=1011045)[0m         
[36m(ClientAppActor pid=1011047)[0m 
[36m(ClientAppActor pid=1011047)[0m         
[36m(ClientAppActor pid=1011043)[0m 
[36m(ClientAppActor pid=1011043)[0m         
[36m(ClientAppActor pid=1011044)[0m 
[36m(ClientAppActor pid=1011044)[0m         
[92mINFO [0m:      aggregate_fit: received 5 results and 0 failures
[92mINFO [0m:      fit progress: (7, 0.5966218743801117, {'accuracy': 0.8034, 'loss': 0.5966218743801117}, 108.5082690109848)
[92mINFO [0m:      configure_evaluate: strategy sampled 5 clients (out of 5)
[36m(ClientAppActor pid=1011045)[0m 
[36m(ClientAppActor pid=1011045)[0m         
[36m(ClientAppActor pid=1011045)[0m [93mWARNING [0m:   DEPRECATED FEATURE: `client_fn` now expects a signature `def client_fn(context: Context)`.The provided `client_fn` has signature: {'cid': <Parameter "cid: str">}. You can import the `Context` like this: `from flwr.app import Context`[32m [repeated 10x across cluster][0m
[36m(ClientAppActor pid=1011045)[0m             This is a deprecated feature. It will be removed[32m [repeated 10x across cluster][0m
[36m(ClientAppActor pid=1011045)[0m             entirely in future versions of Flower.[32m [repeated 10x across cluster][0m
[36m(ClientAppActor pid=1011044)[0m 
[36m(ClientAppActor pid=1011044)[0m         
[36m(ClientAppActor pid=1011047)[0m 
[36m(ClientAppActor pid=1011047)[0m         
[36m(ClientAppActor pid=1011043)[0m 
[36m(ClientAppActor pid=1011043)[0m         
[36m(ClientAppActor pid=1011046)[0m 
[36m(ClientAppActor pid=1011046)[0m         
[92mINFO [0m:      aggregate_evaluate: received 5 results and 0 failures
[92mINFO [0m:      
[92mINFO [0m:      [ROUND 8]
[92mINFO [0m:      configure_fit: strategy sampled 5 clients (out of 5)
[36m(ClientAppActor pid=1011046)[0m 
[36m(ClientAppActor pid=1011046)[0m         
[36m(ClientAppActor pid=1011044)[0m 
[36m(ClientAppActor pid=1011044)[0m         
[36m(ClientAppActor pid=1011047)[0m 
[36m(ClientAppActor pid=1011047)[0m         
[36m(ClientAppActor pid=1011043)[0m 
[36m(ClientAppActor pid=1011043)[0m         
[36m(ClientAppActor pid=1011045)[0m 
[36m(ClientAppActor pid=1011045)[0m         
[92mINFO [0m:      aggregate_fit: received 5 results and 0 failures
[92mINFO [0m:      fit progress: (8, 0.5777993000984192, {'accuracy': 0.8103, 'loss': 0.5777993000984192}, 123.64642859797459)
[92mINFO [0m:      configure_evaluate: strategy sampled 5 clients (out of 5)
[36m(ClientAppActor pid=1011047)[0m 
[36m(ClientAppActor pid=1011047)[0m         
[36m(ClientAppActor pid=1011047)[0m [93mWARNING [0m:   DEPRECATED FEATURE: `client_fn` now expects a signature `def client_fn(context: Context)`.The provided `client_fn` has signature: {'cid': <Parameter "cid: str">}. You can import the `Context` like this: `from flwr.app import Context`[32m [repeated 10x across cluster][0m
[36m(ClientAppActor pid=1011047)[0m             This is a deprecated feature. It will be removed[32m [repeated 10x across cluster][0m
[36m(ClientAppActor pid=1011047)[0m             entirely in future versions of Flower.[32m [repeated 10x across cluster][0m
[36m(ClientAppActor pid=1011045)[0m 
[36m(ClientAppActor pid=1011045)[0m         
[36m(ClientAppActor pid=1011044)[0m 
[36m(ClientAppActor pid=1011044)[0m         
[36m(ClientAppActor pid=1011043)[0m 
[36m(ClientAppActor pid=1011043)[0m         
[36m(ClientAppActor pid=1011046)[0m 
[36m(ClientAppActor pid=1011046)[0m         
[92mINFO [0m:      aggregate_evaluate: received 5 results and 0 failures
[92mINFO [0m:      
[92mINFO [0m:      [ROUND 9]
[92mINFO [0m:      configure_fit: strategy sampled 5 clients (out of 5)
[36m(ClientAppActor pid=1011046)[0m 
[36m(ClientAppActor pid=1011046)[0m         
[36m(ClientAppActor pid=1011044)[0m 
[36m(ClientAppActor pid=1011044)[0m         
[36m(ClientAppActor pid=1011045)[0m 
[36m(ClientAppActor pid=1011045)[0m         
[36m(ClientAppActor pid=1011043)[0m 
[36m(ClientAppActor pid=1011043)[0m         
[36m(ClientAppActor pid=1011047)[0m 
[36m(ClientAppActor pid=1011047)[0m         
[92mINFO [0m:      aggregate_fit: received 5 results and 0 failures
[92mINFO [0m:      fit progress: (9, 0.5587127265453339, {'accuracy': 0.8158, 'loss': 0.5587127265453339}, 139.26807853602804)
[92mINFO [0m:      configure_evaluate: strategy sampled 5 clients (out of 5)
[36m(ClientAppActor pid=1011045)[0m 
[36m(ClientAppActor pid=1011045)[0m         
[36m(ClientAppActor pid=1011045)[0m [93mWARNING [0m:   DEPRECATED FEATURE: `client_fn` now expects a signature `def client_fn(context: Context)`.The provided `client_fn` has signature: {'cid': <Parameter "cid: str">}. You can import the `Context` like this: `from flwr.app import Context`[32m [repeated 10x across cluster][0m
[36m(ClientAppActor pid=1011045)[0m             This is a deprecated feature. It will be removed[32m [repeated 10x across cluster][0m
[36m(ClientAppActor pid=1011045)[0m             entirely in future versions of Flower.[32m [repeated 10x across cluster][0m
[36m(ClientAppActor pid=1011044)[0m 
[36m(ClientAppActor pid=1011044)[0m         
[36m(ClientAppActor pid=1011043)[0m 
[36m(ClientAppActor pid=1011043)[0m         
[36m(ClientAppActor pid=1011047)[0m 
[36m(ClientAppActor pid=1011047)[0m         
[36m(ClientAppActor pid=1011046)[0m 
[36m(ClientAppActor pid=1011046)[0m         
[92mINFO [0m:      aggregate_evaluate: received 5 results and 0 failures
[92mINFO [0m:      
[92mINFO [0m:      [ROUND 10]
[92mINFO [0m:      configure_fit: strategy sampled 5 clients (out of 5)
[36m(ClientAppActor pid=1011046)[0m 
[36m(ClientAppActor pid=1011046)[0m         
[36m(ClientAppActor pid=1011047)[0m 
[36m(ClientAppActor pid=1011047)[0m         
[36m(ClientAppActor pid=1011044)[0m 
[36m(ClientAppActor pid=1011044)[0m         
[36m(ClientAppActor pid=1011043)[0m 
[36m(ClientAppActor pid=1011043)[0m         
[36m(ClientAppActor pid=1011045)[0m 
[36m(ClientAppActor pid=1011045)[0m         
[92mINFO [0m:      aggregate_fit: received 5 results and 0 failures
[92mINFO [0m:      fit progress: (10, 0.5608018625259399, {'accuracy': 0.8224, 'loss': 0.5608018625259399}, 154.56127090001246)
[92mINFO [0m:      configure_evaluate: strategy sampled 5 clients (out of 5)
[36m(ClientAppActor pid=1011047)[0m 
[36m(ClientAppActor pid=1011047)[0m         
[36m(ClientAppActor pid=1011047)[0m [93mWARNING [0m:   DEPRECATED FEATURE: `client_fn` now expects a signature `def client_fn(context: Context)`.The provided `client_fn` has signature: {'cid': <Parameter "cid: str">}. You can import the `Context` like this: `from flwr.app import Context`[32m [repeated 10x across cluster][0m
[36m(ClientAppActor pid=1011047)[0m             This is a deprecated feature. It will be removed[32m [repeated 10x across cluster][0m
[36m(ClientAppActor pid=1011047)[0m             entirely in future versions of Flower.[32m [repeated 10x across cluster][0m
[36m(ClientAppActor pid=1011044)[0m 
[36m(ClientAppActor pid=1011044)[0m         
[36m(ClientAppActor pid=1011046)[0m 
[36m(ClientAppActor pid=1011046)[0m         
[36m(ClientAppActor pid=1011043)[0m 
[36m(ClientAppActor pid=1011043)[0m         
[36m(ClientAppActor pid=1011045)[0m 
[36m(ClientAppActor pid=1011045)[0m         
[92mINFO [0m:      aggregate_evaluate: received 5 results and 0 failures
[92mINFO [0m:      
[92mINFO [0m:      [SUMMARY]
[92mINFO [0m:      Run finished 10 round(s) in 155.35s
[92mINFO [0m:      	History (loss, distributed):
[92mINFO [0m:      		round 1: 2.154658446745092
[92mINFO [0m:      		round 2: 1.2136353632959187
[92mINFO [0m:      		round 3: 0.8414672652140958
[92mINFO [0m:      		round 4: 0.7349361743198103
[92mINFO [0m:      		round 5: 0.6600536076473493
[92mINFO [0m:      		round 6: 0.6194928839427083
[92mINFO [0m:      		round 7: 0.6131268736718892
[92mINFO [0m:      		round 8: 0.5934662922960418
[92mINFO [0m:      		round 9: 0.5713708606325373
[92mINFO [0m:      		round 10: 0.5796959648529688
[92mINFO [0m:      	History (loss, centralized):
[92mINFO [0m:      		round 0: 2.303514967727661
[92mINFO [0m:      		round 1: 2.1561331272125246
[92mINFO [0m:      		round 2: 1.2019115087509156
[92mINFO [0m:      		round 3: 0.826431671333313
[92mINFO [0m:      		round 4: 0.7219302039146424
[92mINFO [0m:      		round 5: 0.6450950254917145
[92mINFO [0m:      		round 6: 0.6038646032810211
[92mINFO [0m:      		round 7: 0.5966218743801117
[92mINFO [0m:      		round 8: 0.5777993000984192
[92mINFO [0m:      		round 9: 0.5587127265453339
[92mINFO [0m:      		round 10: 0.5608018625259399
[92mINFO [0m:      	History (metrics, distributed, fit):
[92mINFO [0m:      	{'avg_epochs_weighted': [(1, 4.0),
[92mINFO [0m:      	                         (2, 4.0),
[92mINFO [0m:      	                         (3, 4.0),
[92mINFO [0m:      	                         (4, 4.0),
[92mINFO [0m:      	                         (5, 4.0),
[92mINFO [0m:      	                         (6, 4.0),
[92mINFO [0m:      	                         (7, 4.0),
[92mINFO [0m:      	                         (8, 4.0),
[92mINFO [0m:      	                         (9, 4.0),
[92mINFO [0m:      	                         (10, 4.0)],
[92mINFO [0m:      	 'avg_flops_per_client_round': [(1, 6512499351552.0),
[92mINFO [0m:      	                                (2, 6512499351552.0),
[92mINFO [0m:      	                                (3, 6512499351552.0),
[92mINFO [0m:      	                                (4, 6512499351552.0),
[92mINFO [0m:      	                                (5, 6512499351552.0),
[92mINFO [0m:      	                                (6, 6512499351552.0),
[92mINFO [0m:      	                                (7, 6512499351552.0),
[92mINFO [0m:      	                                (8, 6512499351552.0),
[92mINFO [0m:      	                                (9, 6512499351552.0),
[92mINFO [0m:      	                                (10, 6512499351552.0)],
[92mINFO [0m:      	 'avg_lr_weighted': [(1, 0.007028954684540715),
[92mINFO [0m:      	                     (2, 0.007028954684540715),
[92mINFO [0m:      	                     (3, 0.007028954684540715),
[92mINFO [0m:      	                     (4, 0.007028954684540715),
[92mINFO [0m:      	                     (5, 0.007028954684540715),
[92mINFO [0m:      	                     (6, 0.007028954684540715),
[92mINFO [0m:      	                     (7, 0.007028954684540715),
[92mINFO [0m:      	                     (8, 0.007028954684540715),
[92mINFO [0m:      	                     (9, 0.007028954684540715),
[92mINFO [0m:      	                     (10, 0.007028954684540715)],
[92mINFO [0m:      	 'total_flops_round': [(1, 32562496757760),
[92mINFO [0m:      	                       (2, 32562496757760),
[92mINFO [0m:      	                       (3, 32562496757760),
[92mINFO [0m:      	                       (4, 32562496757760),
[92mINFO [0m:      	                       (5, 32562496757760),
[92mINFO [0m:      	                       (6, 32562496757760),
[92mINFO [0m:      	                       (7, 32562496757760),
[92mINFO [0m:      	                       (8, 32562496757760),
[92mINFO [0m:      	                       (9, 32562496757760),
[92mINFO [0m:      	                       (10, 32562496757760)]}
[92mINFO [0m:      	History (metrics, distributed, evaluate):
[92mINFO [0m:      	{'accuracy': [(1, 0.19367747098839536),
[92mINFO [0m:      	              (2, 0.6090436174469788),
[92mINFO [0m:      	              (3, 0.7180872348939575),
[92mINFO [0m:      	              (4, 0.743297318927571),
[92mINFO [0m:      	              (5, 0.7717086834733894),
[92mINFO [0m:      	              (6, 0.7859143657462985),
[92mINFO [0m:      	              (7, 0.7927170868347339),
[92mINFO [0m:      	              (8, 0.8057222889155662),
[92mINFO [0m:      	              (9, 0.812124849939976),
[92mINFO [0m:      	              (10, 0.8205282112845138)],
[92mINFO [0m:      	 'loss': [(1, 2.154658446745092),
[92mINFO [0m:      	          (2, 1.2136353632959187),
[92mINFO [0m:      	          (3, 0.8414672652140958),
[92mINFO [0m:      	          (4, 0.7349361743198103),
[92mINFO [0m:      	          (5, 0.6600536076473493),
[92mINFO [0m:      	          (6, 0.6194928839427083),
[92mINFO [0m:      	          (7, 0.6131268736718892),
[92mINFO [0m:      	          (8, 0.5934662922960418),
[92mINFO [0m:      	          (9, 0.5713708606325373),
[92mINFO [0m:      	          (10, 0.5796959648529688)]}
[92mINFO [0m:      	History (metrics, centralized):
[92mINFO [0m:      	{'accuracy': [(0, 0.1),
[92mINFO [0m:      	              (1, 0.1949),
[92mINFO [0m:      	              (2, 0.6221),
[92mINFO [0m:      	              (3, 0.7252),
[92mINFO [0m:      	              (4, 0.7549),
[92mINFO [0m:      	              (5, 0.7777),
[92mINFO [0m:      	              (6, 0.7952),
[92mINFO [0m:      	              (7, 0.8034),
[92mINFO [0m:      	              (8, 0.8103),
[92mINFO [0m:      	              (9, 0.8158),
[92mINFO [0m:      	              (10, 0.8224)],
[92mINFO [0m:      	 'loss': [(0, 2.303514967727661),
[92mINFO [0m:      	          (1, 2.1561331272125246),
[92mINFO [0m:      	          (2, 1.2019115087509156),
[92mINFO [0m:      	          (3, 0.826431671333313),
[92mINFO [0m:      	          (4, 0.7219302039146424),
[92mINFO [0m:      	          (5, 0.6450950254917145),
[92mINFO [0m:      	          (6, 0.6038646032810211),
[92mINFO [0m:      	          (7, 0.5966218743801117),
[92mINFO [0m:      	          (8, 0.5777993000984192),
[92mINFO [0m:      	          (9, 0.5587127265453339),
[92mINFO [0m:      	          (10, 0.5608018625259399)]}
[92mINFO [0m:      
Treinando no dispositivo: cuda:0 com o dataset: CIFAR10 | Setup clientes: 5 (num_gpus por cliente=0.2) | SEED=46
FLOPS por amostra (forward): 6.030e+07 | (forward+backward, 3x): 1.809e+08
Files already downloaded and verified
Files already downloaded and verified
Dividindo o dataset usando a distribuição de Dirichlet com alpha=1.0.
Iniciando a simulação de Aprendizado Federado...
=== Diagnóstico de Medição de GPU ===
  pynvml_disponivel: True
  pynvml_versao: 580.173.02
  gpus_detectadas: 1
  leitura_potencia_ok: True
  potencia_atual_W: 61.649

--- Rodada 0 - Avaliação Centralizada (Servidor) ---
Loss (Servidor): 2.3035 | Acurácia (Servidor): 0.1000
[36m(ClientAppActor pid=1011047)[0m Cliente 1: HetRaw=1.2317 | HetNorm=0.4106 | Epochs=4 (dyn=True) | LR=0.006189 (dyn=True) | FedProx=True (mu=0.01)

--- Rodada 1 - Avaliação Centralizada (Servidor) ---
Loss (Servidor): 2.1561 | Acurácia (Servidor): 0.1949
--- Avaliação Agregada (Clientes) ---
Loss Média (Clientes): 2.1547 | Acurácia Média (Clientes): 0.1937
[36m(ClientAppActor pid=1011047)[0m Cliente 3: HetRaw=0.6398 | HetNorm=0.2133 | Epochs=4 (dyn=True) | LR=0.007576 (dyn=True) | FedProx=True (mu=0.01)[32m [repeated 5x across cluster][0m

--- Rodada 2 - Avaliação Centralizada (Servidor) ---
Loss (Servidor): 1.2019 | Acurácia (Servidor): 0.6221
--- Avaliação Agregada (Clientes) ---
Loss Média (Clientes): 1.2136 | Acurácia Média (Clientes): 0.6090
[36m(ClientAppActor pid=1011045)[0m Cliente 2: HetRaw=1.1491 | HetNorm=0.3830 | Epochs=4 (dyn=True) | LR=0.006351 (dyn=True) | FedProx=True (mu=0.01)[32m [repeated 5x across cluster][0m

--- Rodada 3 - Avaliação Centralizada (Servidor) ---
Loss (Servidor): 0.8264 | Acurácia (Servidor): 0.7252
--- Avaliação Agregada (Clientes) ---
Loss Média (Clientes): 0.8415 | Acurácia Média (Clientes): 0.7181
[36m(ClientAppActor pid=1011045)[0m Cliente 3: HetRaw=0.6398 | HetNorm=0.2133 | Epochs=4 (dyn=True) | LR=0.007576 (dyn=True) | FedProx=True (mu=0.01)[32m [repeated 5x across cluster][0m

--- Rodada 4 - Avaliação Centralizada (Servidor) ---
Loss (Servidor): 0.7219 | Acurácia (Servidor): 0.7549
--- Avaliação Agregada (Clientes) ---
Loss Média (Clientes): 0.7349 | Acurácia Média (Clientes): 0.7433
[36m(ClientAppActor pid=1011046)[0m Cliente 3: HetRaw=0.6398 | HetNorm=0.2133 | Epochs=4 (dyn=True) | LR=0.007576 (dyn=True) | FedProx=True (mu=0.01)[32m [repeated 5x across cluster][0m

--- Rodada 5 - Avaliação Centralizada (Servidor) ---
Loss (Servidor): 0.6451 | Acurácia (Servidor): 0.7777
--- Avaliação Agregada (Clientes) ---
Loss Média (Clientes): 0.6601 | Acurácia Média (Clientes): 0.7717
[36m(ClientAppActor pid=1011044)[0m Cliente 3: HetRaw=0.6398 | HetNorm=0.2133 | Epochs=4 (dyn=True) | LR=0.007576 (dyn=True) | FedProx=True (mu=0.01)[32m [repeated 5x across cluster][0m

--- Rodada 6 - Avaliação Centralizada (Servidor) ---
Loss (Servidor): 0.6039 | Acurácia (Servidor): 0.7952
--- Avaliação Agregada (Clientes) ---
Loss Média (Clientes): 0.6195 | Acurácia Média (Clientes): 0.7859
[36m(ClientAppActor pid=1011046)[0m Cliente 2: HetRaw=1.1491 | HetNorm=0.3830 | Epochs=4 (dyn=True) | LR=0.006351 (dyn=True) | FedProx=True (mu=0.01)[32m [repeated 5x across cluster][0m

--- Rodada 7 - Avaliação Centralizada (Servidor) ---
Loss (Servidor): 0.5966 | Acurácia (Servidor): 0.8034
--- Avaliação Agregada (Clientes) ---
Loss Média (Clientes): 0.6131 | Acurácia Média (Clientes): 0.7927
[36m(ClientAppActor pid=1011046)[0m Cliente 2: HetRaw=1.1491 | HetNorm=0.3830 | Epochs=4 (dyn=True) | LR=0.006351 (dyn=True) | FedProx=True (mu=0.01)[32m [repeated 5x across cluster][0m

--- Rodada 8 - Avaliação Centralizada (Servidor) ---
Loss (Servidor): 0.5778 | Acurácia (Servidor): 0.8103
--- Avaliação Agregada (Clientes) ---
Loss Média (Clientes): 0.5935 | Acurácia Média (Clientes): 0.8057
[36m(ClientAppActor pid=1011046)[0m Cliente 2: HetRaw=1.1491 | HetNorm=0.3830 | Epochs=4 (dyn=True) | LR=0.006351 (dyn=True) | FedProx=True (mu=0.01)[32m [repeated 5x across cluster][0m

--- Rodada 9 - Avaliação Centralizada (Servidor) ---
Loss (Servidor): 0.5587 | Acurácia (Servidor): 0.8158
--- Avaliação Agregada (Clientes) ---
Loss Média (Clientes): 0.5714 | Acurácia Média (Clientes): 0.8121
[36m(ClientAppActor pid=1011046)[0m Cliente 0: HetRaw=0.9429 | HetNorm=0.3143 | Epochs=4 (dyn=True) | LR=0.006796 (dyn=True) | FedProx=True (mu=0.01)[32m [repeated 5x across cluster][0m

--- Rodada 10 - Avaliação Centralizada (Servidor) ---
Loss (Servidor): 0.5608 | Acurácia (Servidor): 0.8224
--- Avaliação Agregada (Clientes) ---
Loss Média (Clientes): 0.5797 | Acurácia Média (Clientes): 0.8205

Resultados salvos em: /home/tiago/GitHubProjects/fedhad-thesis-2/FedHAD-results/1.1_diagnostico_drift/CIFAR10-Standard/FedHAD__CIFAR10__Mode-STANDARD__Cfg-E1L1F1__Setup-5__Clients-5__Rounds-10__Delay-0_05__Alpha-1_0__Seed-46.txt
[36m(ClientAppActor pid=1011045)[0m [93mWARNING [0m:   DEPRECATED FEATURE: `client_fn` now expects a signature `def client_fn(context: Context)`.The provided `client_fn` has signature: {'cid': <Parameter "cid: str">}. You can import the `Context` like this: `from flwr.app import Context`[32m [repeated 4x across cluster][0m
[36m(ClientAppActor pid=1011045)[0m             This is a deprecated feature. It will be removed[32m [repeated 4x across cluster][0m
[36m(ClientAppActor pid=1011045)[0m             entirely in future versions of Flower.[32m [repeated 4x across cluster][0m
[36m(ClientAppActor pid=1011045)[0m Cliente 2: HetRaw=1.1491 | HetNorm=0.3830 | Epochs=4 (dyn=True) | LR=0.006351 (dyn=True) | FedProx=True (mu=0.01)[32m [repeated 4x across cluster][0m
