[codecarbon WARNING @ 17:02:24] Multiple instances of codecarbon are allowed to run at the same time.
[93mWARNING [0m:   DEPRECATED FEATURE: flwr.simulation.start_simulation() is deprecated.
	Instead, use the `flwr run` CLI command to start a local simulation in your Flower app, as shown for example below:

		$ flwr new  # Create a new Flower app from a template

		$ flwr run  # Run the Flower app in Simulation Mode

	Using `start_simulation()` is deprecated.

            This is a deprecated feature. It will be removed
            entirely in future versions of Flower.
        
[92mINFO [0m:      Starting Flower simulation, config: num_rounds=10, no round_timeout
2026-09-04 17:02:32,604	INFO worker.py:2012 -- Started a local Ray instance.
/home/tiago/GitHubProjects/fedhad-thesis-2/env_flwr_pt/lib/python3.12/site-packages/ray/_private/worker.py:2051: FutureWarning: Tip: In future versions of Ray, Ray will no longer override accelerator visible devices env var if num_gpus=0 or num_gpus=None (default). To enable this behavior and turn off this error message, set RAY_ACCEL_ENV_VAR_OVERRIDE_ON_ZERO=0
  warnings.warn(
[92mINFO [0m:      Flower VCE: Ray initialized with resources: {'accelerator_type:A40': 1.0, 'GPU': 1.0, 'memory': 180862350951.0, 'node:__internal_head__': 1.0, 'node:10.129.64.100': 1.0, 'object_store_memory': 77512436121.0, 'CPU': 64.0}
[92mINFO [0m:      Optimize your simulation with Flower VCE: https://flower.ai/docs/framework/how-to-run-simulations.html
/home/tiago/GitHubProjects/fedhad-thesis-2/FedHAD_Final_2.0.py:1916: UserWarning: No `num_cpus` specified in `client_resources`. Using `num_cpus=1` for each client.
  history = fl.simulation.start_simulation(
[92mINFO [0m:      Flower VCE: Resources for each Virtual Client: {'num_gpus': 0.2, 'num_cpus': 1}
[92mINFO [0m:      Flower VCE: Creating VirtualClientEngineActorPool with 5 actors
[92mINFO [0m:      [INIT]
[92mINFO [0m:      Requesting initial parameters from one random client
[36m(ClientAppActor pid=1088818)[0m [93mWARNING [0m:   DEPRECATED FEATURE: `client_fn` now expects a signature `def client_fn(context: Context)`.The provided `client_fn` has signature: {'cid': <Parameter "cid: str">}. You can import the `Context` like this: `from flwr.app import Context`
[36m(ClientAppActor pid=1088818)[0m 
[36m(ClientAppActor pid=1088818)[0m             This is a deprecated feature. It will be removed
[36m(ClientAppActor pid=1088818)[0m             entirely in future versions of Flower.
[36m(ClientAppActor pid=1088818)[0m         
[92mINFO [0m:      Received initial parameters from one random client
[92mINFO [0m:      Starting evaluation of initial global parameters
[92mINFO [0m:      initial parameters (loss, other metrics): 2.3031658508300783, {'accuracy': 0.0999, 'loss': 2.3031658508300783}
[92mINFO [0m:      
[92mINFO [0m:      [ROUND 1]
[92mINFO [0m:      configure_fit: strategy sampled 5 clients (out of 5)
[36m(ClientAppActor pid=1088818)[0m [93mWARNING [0m:   DEPRECATED FEATURE: `client_fn` now expects a signature `def client_fn(context: Context)`.The provided `client_fn` has signature: {'cid': <Parameter "cid: str">}. You can import the `Context` like this: `from flwr.app import Context`
[36m(ClientAppActor pid=1088818)[0m 
[36m(ClientAppActor pid=1088818)[0m             This is a deprecated feature. It will be removed
[36m(ClientAppActor pid=1088818)[0m             entirely in future versions of Flower.
[36m(ClientAppActor pid=1088818)[0m         
[36m(ClientAppActor pid=1088816)[0m 
[36m(ClientAppActor pid=1088816)[0m         
[36m(ClientAppActor pid=1088817)[0m 
[36m(ClientAppActor pid=1088817)[0m         
[36m(ClientAppActor pid=1088814)[0m 
[36m(ClientAppActor pid=1088814)[0m         
[36m(ClientAppActor pid=1088815)[0m 
[36m(ClientAppActor pid=1088815)[0m         
[92mINFO [0m:      aggregate_fit: received 5 results and 0 failures
[92mINFO [0m:      fit progress: (1, 2.2312774909973143, {'accuracy': 0.1493, 'loss': 2.2312774909973143}, 18.560065641009714)
[92mINFO [0m:      configure_evaluate: strategy sampled 5 clients (out of 5)
[36m(ClientAppActor pid=1088817)[0m 
[36m(ClientAppActor pid=1088817)[0m         
[36m(ClientAppActor pid=1088817)[0m [93mWARNING [0m:   DEPRECATED FEATURE: `client_fn` now expects a signature `def client_fn(context: Context)`.The provided `client_fn` has signature: {'cid': <Parameter "cid: str">}. You can import the `Context` like this: `from flwr.app import Context`[32m [repeated 5x across cluster] (Ray deduplicates logs by default. Set RAY_DEDUP_LOGS=0 to disable log deduplication, or see https://docs.ray.io/en/master/ray-observability/user-guides/configure-logging.html#log-deduplication for more options.)[0m
[36m(ClientAppActor pid=1088817)[0m             This is a deprecated feature. It will be removed[32m [repeated 5x across cluster][0m
[36m(ClientAppActor pid=1088817)[0m             entirely in future versions of Flower.[32m [repeated 5x across cluster][0m
[36m(ClientAppActor pid=1088815)[0m 
[36m(ClientAppActor pid=1088815)[0m         
[36m(ClientAppActor pid=1088814)[0m 
[36m(ClientAppActor pid=1088814)[0m         
[36m(ClientAppActor pid=1088816)[0m 
[36m(ClientAppActor pid=1088816)[0m         
[36m(ClientAppActor pid=1088818)[0m 
[36m(ClientAppActor pid=1088818)[0m         
[92mINFO [0m:      aggregate_evaluate: received 5 results and 0 failures
[92mINFO [0m:      
[92mINFO [0m:      [ROUND 2]
[92mINFO [0m:      configure_fit: strategy sampled 5 clients (out of 5)
[36m(ClientAppActor pid=1088818)[0m 
[36m(ClientAppActor pid=1088818)[0m         
[36m(ClientAppActor pid=1088816)[0m 
[36m(ClientAppActor pid=1088816)[0m         
[36m(ClientAppActor pid=1088815)[0m 
[36m(ClientAppActor pid=1088815)[0m         
[36m(ClientAppActor pid=1088814)[0m 
[36m(ClientAppActor pid=1088814)[0m         
[36m(ClientAppActor pid=1088817)[0m 
[36m(ClientAppActor pid=1088817)[0m         
[92mINFO [0m:      aggregate_fit: received 5 results and 0 failures
[92mINFO [0m:      fit progress: (2, 1.7149481008529663, {'accuracy': 0.4469, 'loss': 1.7149481008529663}, 36.03576979303034)
[92mINFO [0m:      configure_evaluate: strategy sampled 5 clients (out of 5)
[36m(ClientAppActor pid=1088816)[0m 
[36m(ClientAppActor pid=1088816)[0m         
[36m(ClientAppActor pid=1088816)[0m [93mWARNING [0m:   DEPRECATED FEATURE: `client_fn` now expects a signature `def client_fn(context: Context)`.The provided `client_fn` has signature: {'cid': <Parameter "cid: str">}. You can import the `Context` like this: `from flwr.app import Context`[32m [repeated 10x across cluster][0m
[36m(ClientAppActor pid=1088816)[0m             This is a deprecated feature. It will be removed[32m [repeated 10x across cluster][0m
[36m(ClientAppActor pid=1088816)[0m             entirely in future versions of Flower.[32m [repeated 10x across cluster][0m
[36m(ClientAppActor pid=1088818)[0m 
[36m(ClientAppActor pid=1088818)[0m         
[36m(ClientAppActor pid=1088817)[0m 
[36m(ClientAppActor pid=1088817)[0m         
[36m(ClientAppActor pid=1088814)[0m 
[36m(ClientAppActor pid=1088814)[0m         
[36m(ClientAppActor pid=1088815)[0m 
[36m(ClientAppActor pid=1088815)[0m         
[92mINFO [0m:      aggregate_evaluate: received 5 results and 0 failures
[92mINFO [0m:      
[92mINFO [0m:      [ROUND 3]
[92mINFO [0m:      configure_fit: strategy sampled 5 clients (out of 5)
[36m(ClientAppActor pid=1088815)[0m 
[36m(ClientAppActor pid=1088815)[0m         
[36m(ClientAppActor pid=1088814)[0m 
[36m(ClientAppActor pid=1088814)[0m         
[36m(ClientAppActor pid=1088817)[0m 
[36m(ClientAppActor pid=1088817)[0m         
[36m(ClientAppActor pid=1088818)[0m 
[36m(ClientAppActor pid=1088818)[0m         
[36m(ClientAppActor pid=1088816)[0m 
[36m(ClientAppActor pid=1088816)[0m         
[92mINFO [0m:      aggregate_fit: received 5 results and 0 failures
[92mINFO [0m:      fit progress: (3, 1.3835212005615234, {'accuracy': 0.5362, 'loss': 1.3835212005615234}, 53.159100169024896)
[92mINFO [0m:      configure_evaluate: strategy sampled 5 clients (out of 5)
[36m(ClientAppActor pid=1088815)[0m 
[36m(ClientAppActor pid=1088815)[0m         
[36m(ClientAppActor pid=1088815)[0m [93mWARNING [0m:   DEPRECATED FEATURE: `client_fn` now expects a signature `def client_fn(context: Context)`.The provided `client_fn` has signature: {'cid': <Parameter "cid: str">}. You can import the `Context` like this: `from flwr.app import Context`[32m [repeated 10x across cluster][0m
[36m(ClientAppActor pid=1088815)[0m             This is a deprecated feature. It will be removed[32m [repeated 10x across cluster][0m
[36m(ClientAppActor pid=1088815)[0m             entirely in future versions of Flower.[32m [repeated 10x across cluster][0m
[36m(ClientAppActor pid=1088818)[0m 
[36m(ClientAppActor pid=1088818)[0m         
[36m(ClientAppActor pid=1088816)[0m 
[36m(ClientAppActor pid=1088816)[0m         
[36m(ClientAppActor pid=1088814)[0m 
[36m(ClientAppActor pid=1088814)[0m         
[36m(ClientAppActor pid=1088817)[0m 
[36m(ClientAppActor pid=1088817)[0m         
[92mINFO [0m:      aggregate_evaluate: received 5 results and 0 failures
[92mINFO [0m:      
[92mINFO [0m:      [ROUND 4]
[92mINFO [0m:      configure_fit: strategy sampled 5 clients (out of 5)
[36m(ClientAppActor pid=1088817)[0m 
[36m(ClientAppActor pid=1088817)[0m         
[36m(ClientAppActor pid=1088816)[0m 
[36m(ClientAppActor pid=1088816)[0m         
[36m(ClientAppActor pid=1088814)[0m 
[36m(ClientAppActor pid=1088814)[0m         
[36m(ClientAppActor pid=1088818)[0m 
[36m(ClientAppActor pid=1088818)[0m         
[36m(ClientAppActor pid=1088815)[0m 
[36m(ClientAppActor pid=1088815)[0m         
[92mINFO [0m:      aggregate_fit: received 5 results and 0 failures
[92mINFO [0m:      fit progress: (4, 1.1919208595275879, {'accuracy': 0.6092, 'loss': 1.1919208595275879}, 70.57858600601321)
[92mINFO [0m:      configure_evaluate: strategy sampled 5 clients (out of 5)
[36m(ClientAppActor pid=1088814)[0m 
[36m(ClientAppActor pid=1088814)[0m         
[36m(ClientAppActor pid=1088814)[0m [93mWARNING [0m:   DEPRECATED FEATURE: `client_fn` now expects a signature `def client_fn(context: Context)`.The provided `client_fn` has signature: {'cid': <Parameter "cid: str">}. You can import the `Context` like this: `from flwr.app import Context`[32m [repeated 10x across cluster][0m
[36m(ClientAppActor pid=1088814)[0m             This is a deprecated feature. It will be removed[32m [repeated 10x across cluster][0m
[36m(ClientAppActor pid=1088814)[0m             entirely in future versions of Flower.[32m [repeated 10x across cluster][0m
[36m(ClientAppActor pid=1088817)[0m 
[36m(ClientAppActor pid=1088817)[0m         
[36m(ClientAppActor pid=1088815)[0m 
[36m(ClientAppActor pid=1088815)[0m         
[36m(ClientAppActor pid=1088818)[0m 
[36m(ClientAppActor pid=1088818)[0m         
[36m(ClientAppActor pid=1088816)[0m 
[36m(ClientAppActor pid=1088816)[0m         
[92mINFO [0m:      aggregate_evaluate: received 5 results and 0 failures
[92mINFO [0m:      
[92mINFO [0m:      [ROUND 5]
[92mINFO [0m:      configure_fit: strategy sampled 5 clients (out of 5)
[36m(ClientAppActor pid=1088816)[0m 
[36m(ClientAppActor pid=1088816)[0m         
[36m(ClientAppActor pid=1088818)[0m 
[36m(ClientAppActor pid=1088818)[0m         
[36m(ClientAppActor pid=1088815)[0m 
[36m(ClientAppActor pid=1088815)[0m         
[36m(ClientAppActor pid=1088817)[0m 
[36m(ClientAppActor pid=1088817)[0m         
[36m(ClientAppActor pid=1088814)[0m 
[36m(ClientAppActor pid=1088814)[0m         
[92mINFO [0m:      aggregate_fit: received 5 results and 0 failures
[92mINFO [0m:      fit progress: (5, 1.1008718324661255, {'accuracy': 0.6325, 'loss': 1.1008718324661255}, 88.1162500330247)
[92mINFO [0m:      configure_evaluate: strategy sampled 5 clients (out of 5)
[36m(ClientAppActor pid=1088815)[0m 
[36m(ClientAppActor pid=1088815)[0m         
[36m(ClientAppActor pid=1088815)[0m [93mWARNING [0m:   DEPRECATED FEATURE: `client_fn` now expects a signature `def client_fn(context: Context)`.The provided `client_fn` has signature: {'cid': <Parameter "cid: str">}. You can import the `Context` like this: `from flwr.app import Context`[32m [repeated 10x across cluster][0m
[36m(ClientAppActor pid=1088815)[0m             This is a deprecated feature. It will be removed[32m [repeated 10x across cluster][0m
[36m(ClientAppActor pid=1088815)[0m             entirely in future versions of Flower.[32m [repeated 10x across cluster][0m
[36m(ClientAppActor pid=1088816)[0m 
[36m(ClientAppActor pid=1088816)[0m         
[36m(ClientAppActor pid=1088817)[0m 
[36m(ClientAppActor pid=1088817)[0m         
[36m(ClientAppActor pid=1088814)[0m 
[36m(ClientAppActor pid=1088814)[0m         
[36m(ClientAppActor pid=1088818)[0m 
[36m(ClientAppActor pid=1088818)[0m         
[92mINFO [0m:      aggregate_evaluate: received 5 results and 0 failures
[92mINFO [0m:      
[92mINFO [0m:      [ROUND 6]
[92mINFO [0m:      configure_fit: strategy sampled 5 clients (out of 5)
[36m(ClientAppActor pid=1088818)[0m 
[36m(ClientAppActor pid=1088818)[0m         
[36m(ClientAppActor pid=1088814)[0m 
[36m(ClientAppActor pid=1088814)[0m         
[36m(ClientAppActor pid=1088816)[0m 
[36m(ClientAppActor pid=1088816)[0m         
[36m(ClientAppActor pid=1088817)[0m 
[36m(ClientAppActor pid=1088817)[0m         
[36m(ClientAppActor pid=1088815)[0m 
[36m(ClientAppActor pid=1088815)[0m         
[92mINFO [0m:      aggregate_fit: received 5 results and 0 failures
[92mINFO [0m:      fit progress: (6, 1.0179281742095947, {'accuracy': 0.658, 'loss': 1.0179281742095947}, 106.05668279202655)
[92mINFO [0m:      configure_evaluate: strategy sampled 5 clients (out of 5)
[36m(ClientAppActor pid=1088815)[0m 
[36m(ClientAppActor pid=1088815)[0m         
[36m(ClientAppActor pid=1088815)[0m [93mWARNING [0m:   DEPRECATED FEATURE: `client_fn` now expects a signature `def client_fn(context: Context)`.The provided `client_fn` has signature: {'cid': <Parameter "cid: str">}. You can import the `Context` like this: `from flwr.app import Context`[32m [repeated 10x across cluster][0m
[36m(ClientAppActor pid=1088815)[0m             This is a deprecated feature. It will be removed[32m [repeated 10x across cluster][0m
[36m(ClientAppActor pid=1088815)[0m             entirely in future versions of Flower.[32m [repeated 10x across cluster][0m
[36m(ClientAppActor pid=1088818)[0m 
[36m(ClientAppActor pid=1088818)[0m         
[36m(ClientAppActor pid=1088817)[0m 
[36m(ClientAppActor pid=1088817)[0m         
[36m(ClientAppActor pid=1088816)[0m 
[36m(ClientAppActor pid=1088816)[0m         
[36m(ClientAppActor pid=1088814)[0m 
[36m(ClientAppActor pid=1088814)[0m         
[92mINFO [0m:      aggregate_evaluate: received 5 results and 0 failures
[92mINFO [0m:      
[92mINFO [0m:      [ROUND 7]
[92mINFO [0m:      configure_fit: strategy sampled 5 clients (out of 5)
[36m(ClientAppActor pid=1088814)[0m 
[36m(ClientAppActor pid=1088814)[0m         
[36m(ClientAppActor pid=1088817)[0m 
[36m(ClientAppActor pid=1088817)[0m         
[36m(ClientAppActor pid=1088816)[0m 
[36m(ClientAppActor pid=1088816)[0m         
[36m(ClientAppActor pid=1088818)[0m 
[36m(ClientAppActor pid=1088818)[0m         
[36m(ClientAppActor pid=1088815)[0m 
[36m(ClientAppActor pid=1088815)[0m         
[92mINFO [0m:      aggregate_fit: received 5 results and 0 failures
[92mINFO [0m:      fit progress: (7, 0.9415015798568726, {'accuracy': 0.6811, 'loss': 0.9415015798568726}, 123.42408887698548)
[92mINFO [0m:      configure_evaluate: strategy sampled 5 clients (out of 5)
[36m(ClientAppActor pid=1088814)[0m 
[36m(ClientAppActor pid=1088814)[0m         
[36m(ClientAppActor pid=1088814)[0m [93mWARNING [0m:   DEPRECATED FEATURE: `client_fn` now expects a signature `def client_fn(context: Context)`.The provided `client_fn` has signature: {'cid': <Parameter "cid: str">}. You can import the `Context` like this: `from flwr.app import Context`[32m [repeated 10x across cluster][0m
[36m(ClientAppActor pid=1088814)[0m             This is a deprecated feature. It will be removed[32m [repeated 10x across cluster][0m
[36m(ClientAppActor pid=1088814)[0m             entirely in future versions of Flower.[32m [repeated 10x across cluster][0m
[36m(ClientAppActor pid=1088817)[0m 
[36m(ClientAppActor pid=1088817)[0m         
[36m(ClientAppActor pid=1088815)[0m 
[36m(ClientAppActor pid=1088815)[0m         
[36m(ClientAppActor pid=1088818)[0m 
[36m(ClientAppActor pid=1088818)[0m         
[36m(ClientAppActor pid=1088816)[0m 
[36m(ClientAppActor pid=1088816)[0m         
[92mINFO [0m:      aggregate_evaluate: received 5 results and 0 failures
[92mINFO [0m:      
[92mINFO [0m:      [ROUND 8]
[92mINFO [0m:      configure_fit: strategy sampled 5 clients (out of 5)
[36m(ClientAppActor pid=1088818)[0m 
[36m(ClientAppActor pid=1088818)[0m         
[36m(ClientAppActor pid=1088816)[0m 
[36m(ClientAppActor pid=1088816)[0m         
[36m(ClientAppActor pid=1088815)[0m 
[36m(ClientAppActor pid=1088815)[0m         
[36m(ClientAppActor pid=1088817)[0m 
[36m(ClientAppActor pid=1088817)[0m         
[36m(ClientAppActor pid=1088814)[0m 
[36m(ClientAppActor pid=1088814)[0m         
[92mINFO [0m:      aggregate_fit: received 5 results and 0 failures
[92mINFO [0m:      fit progress: (8, 0.9408918975830078, {'accuracy': 0.6811, 'loss': 0.9408918975830078}, 140.58119283500127)
[92mINFO [0m:      configure_evaluate: strategy sampled 5 clients (out of 5)
[36m(ClientAppActor pid=1088818)[0m 
[36m(ClientAppActor pid=1088818)[0m         
[36m(ClientAppActor pid=1088818)[0m [93mWARNING [0m:   DEPRECATED FEATURE: `client_fn` now expects a signature `def client_fn(context: Context)`.The provided `client_fn` has signature: {'cid': <Parameter "cid: str">}. You can import the `Context` like this: `from flwr.app import Context`[32m [repeated 10x across cluster][0m
[36m(ClientAppActor pid=1088818)[0m             This is a deprecated feature. It will be removed[32m [repeated 10x across cluster][0m
[36m(ClientAppActor pid=1088818)[0m             entirely in future versions of Flower.[32m [repeated 10x across cluster][0m
[36m(ClientAppActor pid=1088815)[0m 
[36m(ClientAppActor pid=1088815)[0m         
[36m(ClientAppActor pid=1088816)[0m 
[36m(ClientAppActor pid=1088816)[0m         
[36m(ClientAppActor pid=1088814)[0m 
[36m(ClientAppActor pid=1088814)[0m         
[36m(ClientAppActor pid=1088817)[0m 
[36m(ClientAppActor pid=1088817)[0m         
[92mINFO [0m:      aggregate_evaluate: received 5 results and 0 failures
[92mINFO [0m:      
[92mINFO [0m:      [ROUND 9]
[92mINFO [0m:      configure_fit: strategy sampled 5 clients (out of 5)
[36m(ClientAppActor pid=1088814)[0m 
[36m(ClientAppActor pid=1088814)[0m         
[36m(ClientAppActor pid=1088817)[0m 
[36m(ClientAppActor pid=1088817)[0m         
[36m(ClientAppActor pid=1088815)[0m 
[36m(ClientAppActor pid=1088815)[0m         
[36m(ClientAppActor pid=1088816)[0m 
[36m(ClientAppActor pid=1088816)[0m         
[36m(ClientAppActor pid=1088818)[0m 
[36m(ClientAppActor pid=1088818)[0m         
[92mINFO [0m:      aggregate_fit: received 5 results and 0 failures
[92mINFO [0m:      fit progress: (9, 0.9025169164657593, {'accuracy': 0.698, 'loss': 0.9025169164657593}, 158.05063071200857)
[92mINFO [0m:      configure_evaluate: strategy sampled 5 clients (out of 5)
[36m(ClientAppActor pid=1088814)[0m 
[36m(ClientAppActor pid=1088814)[0m         
[36m(ClientAppActor pid=1088814)[0m [93mWARNING [0m:   DEPRECATED FEATURE: `client_fn` now expects a signature `def client_fn(context: Context)`.The provided `client_fn` has signature: {'cid': <Parameter "cid: str">}. You can import the `Context` like this: `from flwr.app import Context`[32m [repeated 10x across cluster][0m
[36m(ClientAppActor pid=1088814)[0m             This is a deprecated feature. It will be removed[32m [repeated 10x across cluster][0m
[36m(ClientAppActor pid=1088814)[0m             entirely in future versions of Flower.[32m [repeated 10x across cluster][0m
[36m(ClientAppActor pid=1088815)[0m 
[36m(ClientAppActor pid=1088815)[0m         
[36m(ClientAppActor pid=1088817)[0m 
[36m(ClientAppActor pid=1088817)[0m         
[36m(ClientAppActor pid=1088818)[0m 
[36m(ClientAppActor pid=1088818)[0m         
[36m(ClientAppActor pid=1088816)[0m 
[36m(ClientAppActor pid=1088816)[0m         
[92mINFO [0m:      aggregate_evaluate: received 5 results and 0 failures
[92mINFO [0m:      
[92mINFO [0m:      [ROUND 10]
[92mINFO [0m:      configure_fit: strategy sampled 5 clients (out of 5)
[36m(ClientAppActor pid=1088816)[0m 
[36m(ClientAppActor pid=1088816)[0m         
[36m(ClientAppActor pid=1088815)[0m 
[36m(ClientAppActor pid=1088815)[0m         
[36m(ClientAppActor pid=1088817)[0m 
[36m(ClientAppActor pid=1088817)[0m         
[36m(ClientAppActor pid=1088818)[0m 
[36m(ClientAppActor pid=1088818)[0m         
[36m(ClientAppActor pid=1088814)[0m 
[36m(ClientAppActor pid=1088814)[0m         
[92mINFO [0m:      aggregate_fit: received 5 results and 0 failures
[92mINFO [0m:      fit progress: (10, 0.8809755518913269, {'accuracy': 0.7035, 'loss': 0.8809755518913269}, 175.88635117502417)
[92mINFO [0m:      configure_evaluate: strategy sampled 5 clients (out of 5)
[36m(ClientAppActor pid=1088814)[0m 
[36m(ClientAppActor pid=1088814)[0m         
[36m(ClientAppActor pid=1088814)[0m [93mWARNING [0m:   DEPRECATED FEATURE: `client_fn` now expects a signature `def client_fn(context: Context)`.The provided `client_fn` has signature: {'cid': <Parameter "cid: str">}. You can import the `Context` like this: `from flwr.app import Context`[32m [repeated 10x across cluster][0m
[36m(ClientAppActor pid=1088814)[0m             This is a deprecated feature. It will be removed[32m [repeated 10x across cluster][0m
[36m(ClientAppActor pid=1088814)[0m             entirely in future versions of Flower.[32m [repeated 10x across cluster][0m
[36m(ClientAppActor pid=1088815)[0m 
[36m(ClientAppActor pid=1088815)[0m         
[36m(ClientAppActor pid=1088817)[0m 
[36m(ClientAppActor pid=1088817)[0m         
[36m(ClientAppActor pid=1088818)[0m 
[36m(ClientAppActor pid=1088818)[0m         
[36m(ClientAppActor pid=1088816)[0m 
[36m(ClientAppActor pid=1088816)[0m         
[92mINFO [0m:      aggregate_evaluate: received 5 results and 0 failures
[92mINFO [0m:      
[92mINFO [0m:      [SUMMARY]
[92mINFO [0m:      Run finished 10 round(s) in 176.74s
[92mINFO [0m:      	History (loss, distributed):
[92mINFO [0m:      		round 1: 2.2240254466763156
[92mINFO [0m:      		round 2: 1.7020589913610031
[92mINFO [0m:      		round 3: 1.3678644281734293
[92mINFO [0m:      		round 4: 1.1640563689519674
[92mINFO [0m:      		round 5: 1.0651734408460094
[92mINFO [0m:      		round 6: 0.9793274888449343
[92mINFO [0m:      		round 7: 0.910212955929075
[92mINFO [0m:      		round 8: 0.9087819501456438
[92mINFO [0m:      		round 9: 0.8648690671468224
[92mINFO [0m:      		round 10: 0.8378567856288992
[92mINFO [0m:      	History (loss, centralized):
[92mINFO [0m:      		round 0: 2.3031658508300783
[92mINFO [0m:      		round 1: 2.2312774909973143
[92mINFO [0m:      		round 2: 1.7149481008529663
[92mINFO [0m:      		round 3: 1.3835212005615234
[92mINFO [0m:      		round 4: 1.1919208595275879
[92mINFO [0m:      		round 5: 1.1008718324661255
[92mINFO [0m:      		round 6: 1.0179281742095947
[92mINFO [0m:      		round 7: 0.9415015798568726
[92mINFO [0m:      		round 8: 0.9408918975830078
[92mINFO [0m:      		round 9: 0.9025169164657593
[92mINFO [0m:      		round 10: 0.8809755518913269
[92mINFO [0m:      	History (metrics, distributed, fit):
[92mINFO [0m:      	{'avg_epochs_weighted': [(1, 3.3713308001688778),
[92mINFO [0m:      	                         (2, 3.3713308001688778),
[92mINFO [0m:      	                         (3, 3.3713308001688778),
[92mINFO [0m:      	                         (4, 3.3713308001688778),
[92mINFO [0m:      	                         (5, 3.3713308001688778),
[92mINFO [0m:      	                         (6, 3.3713308001688778),
[92mINFO [0m:      	                         (7, 3.3713308001688778),
[92mINFO [0m:      	                         (8, 3.3713308001688778),
[92mINFO [0m:      	                         (9, 3.3713308001688778),
[92mINFO [0m:      	                         (10, 3.3713308001688778)],
[92mINFO [0m:      	 'avg_flops_per_client_round': [(1, 5489069383680.0),
[92mINFO [0m:      	                                (2, 5489069383680.0),
[92mINFO [0m:      	                                (3, 5489069383680.0),
[92mINFO [0m:      	                                (4, 5489069383680.0),
[92mINFO [0m:      	                                (5, 5489069383680.0),
[92mINFO [0m:      	                                (6, 5489069383680.0),
[92mINFO [0m:      	                                (7, 5489069383680.0),
[92mINFO [0m:      	                                (8, 5489069383680.0),
[92mINFO [0m:      	                                (9, 5489069383680.0),
[92mINFO [0m:      	                                (10, 5489069383680.0)],
[92mINFO [0m:      	 'avg_lr_weighted': [(1, 0.005659579438284923),
[92mINFO [0m:      	                     (2, 0.005659579438284923),
[92mINFO [0m:      	                     (3, 0.005659579438284923),
[92mINFO [0m:      	                     (4, 0.005659579438284923),
[92mINFO [0m:      	                     (5, 0.005659579438284923),
[92mINFO [0m:      	                     (6, 0.005659579438284923),
[92mINFO [0m:      	                     (7, 0.005659579438284923),
[92mINFO [0m:      	                     (8, 0.005659579438284923),
[92mINFO [0m:      	                     (9, 0.005659579438284923),
[92mINFO [0m:      	                     (10, 0.005659579438284923)],
[92mINFO [0m:      	 'total_flops_round': [(1, 27445346918400),
[92mINFO [0m:      	                       (2, 27445346918400),
[92mINFO [0m:      	                       (3, 27445346918400),
[92mINFO [0m:      	                       (4, 27445346918400),
[92mINFO [0m:      	                       (5, 27445346918400),
[92mINFO [0m:      	                       (6, 27445346918400),
[92mINFO [0m:      	                       (7, 27445346918400),
[92mINFO [0m:      	                       (8, 27445346918400),
[92mINFO [0m:      	                       (9, 27445346918400),
[92mINFO [0m:      	                       (10, 27445346918400)]}
[92mINFO [0m:      	History (metrics, distributed, evaluate):
[92mINFO [0m:      	{'accuracy': [(1, 0.15689413648188913),
[92mINFO [0m:      	              (2, 0.4554732839703822),
[92mINFO [0m:      	              (3, 0.5493295977586552),
[92mINFO [0m:      	              (4, 0.6177706623974385),
[92mINFO [0m:      	              (5, 0.6457874724834901),
[92mINFO [0m:      	              (6, 0.6686011606964178),
[92mINFO [0m:      	              (7, 0.705023013808285),
[92mINFO [0m:      	              (8, 0.694416649989994),
[92mINFO [0m:      	              (9, 0.7178306984190514),
[92mINFO [0m:      	              (10, 0.7200320192115269)],
[92mINFO [0m:      	 'loss': [(1, 2.2240254466763156),
[92mINFO [0m:      	          (2, 1.7020589913610031),
[92mINFO [0m:      	          (3, 1.3678644281734293),
[92mINFO [0m:      	          (4, 1.1640563689519674),
[92mINFO [0m:      	          (5, 1.0651734408460094),
[92mINFO [0m:      	          (6, 0.9793274888449343),
[92mINFO [0m:      	          (7, 0.910212955929075),
[92mINFO [0m:      	          (8, 0.9087819501456438),
[92mINFO [0m:      	          (9, 0.8648690671468224),
[92mINFO [0m:      	          (10, 0.8378567856288992)]}
[92mINFO [0m:      	History (metrics, centralized):
[92mINFO [0m:      	{'accuracy': [(0, 0.0999),
[92mINFO [0m:      	              (1, 0.1493),
[92mINFO [0m:      	              (2, 0.4469),
[92mINFO [0m:      	              (3, 0.5362),
[92mINFO [0m:      	              (4, 0.6092),
[92mINFO [0m:      	              (5, 0.6325),
[92mINFO [0m:      	              (6, 0.658),
[92mINFO [0m:      	              (7, 0.6811),
[92mINFO [0m:      	              (8, 0.6811),
[92mINFO [0m:      	              (9, 0.698),
[92mINFO [0m:      	              (10, 0.7035)],
[92mINFO [0m:      	 'loss': [(0, 2.3031658508300783),
[92mINFO [0m:      	          (1, 2.2312774909973143),
[92mINFO [0m:      	          (2, 1.7149481008529663),
[92mINFO [0m:      	          (3, 1.3835212005615234),
[92mINFO [0m:      	          (4, 1.1919208595275879),
[92mINFO [0m:      	          (5, 1.1008718324661255),
[92mINFO [0m:      	          (6, 1.0179281742095947),
[92mINFO [0m:      	          (7, 0.9415015798568726),
[92mINFO [0m:      	          (8, 0.9408918975830078),
[92mINFO [0m:      	          (9, 0.9025169164657593),
[92mINFO [0m:      	          (10, 0.8809755518913269)]}
[92mINFO [0m:      
Treinando no dispositivo: cuda:0 com o dataset: CIFAR10 | Setup clientes: 5 (num_gpus por cliente=0.2) | SEED=46
FLOPS por amostra (forward): 6.030e+07 | (forward+backward, 3x): 1.809e+08
Files already downloaded and verified
Files already downloaded and verified
Dividindo o dataset usando a distribuição de Dirichlet com alpha=0.1.
Iniciando a simulação de Aprendizado Federado...
=== Diagnóstico de Medição de GPU ===
  pynvml_disponivel: True
  pynvml_versao: 580.173.02
  gpus_detectadas: 1
  leitura_potencia_ok: True
  potencia_atual_W: 53.926

--- Rodada 0 - Avaliação Centralizada (Servidor) ---
Loss (Servidor): 2.3032 | Acurácia (Servidor): 0.0999
[36m(ClientAppActor pid=1088818)[0m Cliente 1: HetRaw=2.2111 | HetNorm=0.7370 | Epochs=3 (dyn=True) | LR=0.004749 (dyn=True) | FedProx=True (mu=0.01)

--- Rodada 1 - Avaliação Centralizada (Servidor) ---
Loss (Servidor): 2.2313 | Acurácia (Servidor): 0.1493
--- Avaliação Agregada (Clientes) ---
Loss Média (Clientes): 2.2240 | Acurácia Média (Clientes): 0.1569
[36m(ClientAppActor pid=1088818)[0m Cliente 3: HetRaw=1.5671 | HetNorm=0.5224 | Epochs=3 (dyn=True) | LR=0.005607 (dyn=True) | FedProx=True (mu=0.01)[32m [repeated 5x across cluster][0m

--- Rodada 2 - Avaliação Centralizada (Servidor) ---
Loss (Servidor): 1.7149 | Acurácia (Servidor): 0.4469
--- Avaliação Agregada (Clientes) ---
Loss Média (Clientes): 1.7021 | Acurácia Média (Clientes): 0.4555
[36m(ClientAppActor pid=1088815)[0m Cliente 2: HetRaw=1.1132 | HetNorm=0.3711 | Epochs=4 (dyn=True) | LR=0.006424 (dyn=True) | FedProx=True (mu=0.01)[32m [repeated 5x across cluster][0m

--- Rodada 3 - Avaliação Centralizada (Servidor) ---
Loss (Servidor): 1.3835 | Acurácia (Servidor): 0.5362
--- Avaliação Agregada (Clientes) ---
Loss Média (Clientes): 1.3679 | Acurácia Média (Clientes): 0.5493
[36m(ClientAppActor pid=1088817)[0m Cliente 3: HetRaw=1.5671 | HetNorm=0.5224 | Epochs=3 (dyn=True) | LR=0.005607 (dyn=True) | FedProx=True (mu=0.01)[32m [repeated 5x across cluster][0m

--- Rodada 4 - Avaliação Centralizada (Servidor) ---
Loss (Servidor): 1.1919 | Acurácia (Servidor): 0.6092
--- Avaliação Agregada (Clientes) ---
Loss Média (Clientes): 1.1641 | Acurácia Média (Clientes): 0.6178
[36m(ClientAppActor pid=1088816)[0m Cliente 3: HetRaw=1.5671 | HetNorm=0.5224 | Epochs=3 (dyn=True) | LR=0.005607 (dyn=True) | FedProx=True (mu=0.01)[32m [repeated 5x across cluster][0m

--- Rodada 5 - Avaliação Centralizada (Servidor) ---
Loss (Servidor): 1.1009 | Acurácia (Servidor): 0.6325
--- Avaliação Agregada (Clientes) ---
Loss Média (Clientes): 1.0652 | Acurácia Média (Clientes): 0.6458
[36m(ClientAppActor pid=1088818)[0m Cliente 3: HetRaw=1.5671 | HetNorm=0.5224 | Epochs=3 (dyn=True) | LR=0.005607 (dyn=True) | FedProx=True (mu=0.01)[32m [repeated 5x across cluster][0m

--- Rodada 6 - Avaliação Centralizada (Servidor) ---
Loss (Servidor): 1.0179 | Acurácia (Servidor): 0.6580
--- Avaliação Agregada (Clientes) ---
Loss Média (Clientes): 0.9793 | Acurácia Média (Clientes): 0.6686
[36m(ClientAppActor pid=1088814)[0m Cliente 2: HetRaw=1.1132 | HetNorm=0.3711 | Epochs=4 (dyn=True) | LR=0.006424 (dyn=True) | FedProx=True (mu=0.01)[32m [repeated 5x across cluster][0m

--- Rodada 7 - Avaliação Centralizada (Servidor) ---
Loss (Servidor): 0.9415 | Acurácia (Servidor): 0.6811
--- Avaliação Agregada (Clientes) ---
Loss Média (Clientes): 0.9102 | Acurácia Média (Clientes): 0.7050
[36m(ClientAppActor pid=1088818)[0m Cliente 2: HetRaw=1.1132 | HetNorm=0.3711 | Epochs=4 (dyn=True) | LR=0.006424 (dyn=True) | FedProx=True (mu=0.01)[32m [repeated 5x across cluster][0m

--- Rodada 8 - Avaliação Centralizada (Servidor) ---
Loss (Servidor): 0.9409 | Acurácia (Servidor): 0.6811
--- Avaliação Agregada (Clientes) ---
Loss Média (Clientes): 0.9088 | Acurácia Média (Clientes): 0.6944
[36m(ClientAppActor pid=1088814)[0m Cliente 2: HetRaw=1.1132 | HetNorm=0.3711 | Epochs=4 (dyn=True) | LR=0.006424 (dyn=True) | FedProx=True (mu=0.01)[32m [repeated 5x across cluster][0m

--- Rodada 9 - Avaliação Centralizada (Servidor) ---
Loss (Servidor): 0.9025 | Acurácia (Servidor): 0.6980
--- Avaliação Agregada (Clientes) ---
Loss Média (Clientes): 0.8649 | Acurácia Média (Clientes): 0.7178
[36m(ClientAppActor pid=1088816)[0m Cliente 0: HetRaw=2.4597 | HetNorm=0.8199 | Epochs=3 (dyn=True) | LR=0.004485 (dyn=True) | FedProx=True (mu=0.01)[32m [repeated 5x across cluster][0m

--- Rodada 10 - Avaliação Centralizada (Servidor) ---
Loss (Servidor): 0.8810 | Acurácia (Servidor): 0.7035
--- Avaliação Agregada (Clientes) ---
Loss Média (Clientes): 0.8379 | Acurácia Média (Clientes): 0.7200

Resultados salvos em: /home/tiago/GitHubProjects/fedhad-thesis-2/FedHAD-results/1.1_diagnostico_drift/CIFAR10-Standard/FedHAD__CIFAR10__Mode-STANDARD__Cfg-E1L1F1__Setup-5__Clients-5__Rounds-10__Delay-0_05__Alpha-0_1__Seed-46.txt
[36m(ClientAppActor pid=1088816)[0m [93mWARNING [0m:   DEPRECATED FEATURE: `client_fn` now expects a signature `def client_fn(context: Context)`.The provided `client_fn` has signature: {'cid': <Parameter "cid: str">}. You can import the `Context` like this: `from flwr.app import Context`[32m [repeated 4x across cluster][0m
[36m(ClientAppActor pid=1088816)[0m             This is a deprecated feature. It will be removed[32m [repeated 4x across cluster][0m
[36m(ClientAppActor pid=1088816)[0m             entirely in future versions of Flower.[32m [repeated 4x across cluster][0m
[36m(ClientAppActor pid=1088814)[0m Cliente 2: HetRaw=1.1132 | HetNorm=0.3711 | Epochs=4 (dyn=True) | LR=0.006424 (dyn=True) | FedProx=True (mu=0.01)[32m [repeated 4x across cluster][0m
