[codecarbon WARNING @ 16:49:23] Multiple instances of codecarbon are allowed to run at the same time.
[93mWARNING [0m:   DEPRECATED FEATURE: flwr.simulation.start_simulation() is deprecated.
	Instead, use the `flwr run` CLI command to start a local simulation in your Flower app, as shown for example below:

		$ flwr new  # Create a new Flower app from a template

		$ flwr run  # Run the Flower app in Simulation Mode

	Using `start_simulation()` is deprecated.

            This is a deprecated feature. It will be removed
            entirely in future versions of Flower.
        
[92mINFO [0m:      Starting Flower simulation, config: num_rounds=10, no round_timeout
2026-09-04 16:49:31,651	INFO worker.py:2012 -- Started a local Ray instance.
/home/tiago/GitHubProjects/fedhad-thesis-2/env_flwr_pt/lib/python3.12/site-packages/ray/_private/worker.py:2051: FutureWarning: Tip: In future versions of Ray, Ray will no longer override accelerator visible devices env var if num_gpus=0 or num_gpus=None (default). To enable this behavior and turn off this error message, set RAY_ACCEL_ENV_VAR_OVERRIDE_ON_ZERO=0
  warnings.warn(
[92mINFO [0m:      Flower VCE: Ray initialized with resources: {'accelerator_type:A40': 1.0, 'CPU': 64.0, 'node:__internal_head__': 1.0, 'memory': 180969934029.0, 'object_store_memory': 77558543155.0, 'node:10.129.64.100': 1.0, 'GPU': 1.0}
[92mINFO [0m:      Optimize your simulation with Flower VCE: https://flower.ai/docs/framework/how-to-run-simulations.html
/home/tiago/GitHubProjects/fedhad-thesis-2/FedHAD_Final_2.0.py:1916: UserWarning: No `num_cpus` specified in `client_resources`. Using `num_cpus=1` for each client.
  history = fl.simulation.start_simulation(
[92mINFO [0m:      Flower VCE: Resources for each Virtual Client: {'num_gpus': 0.2, 'num_cpus': 1}
[92mINFO [0m:      Flower VCE: Creating VirtualClientEngineActorPool with 5 actors
[92mINFO [0m:      [INIT]
[92mINFO [0m:      Requesting initial parameters from one random client
[36m(ClientAppActor pid=1057217)[0m [93mWARNING [0m:   DEPRECATED FEATURE: `client_fn` now expects a signature `def client_fn(context: Context)`.The provided `client_fn` has signature: {'cid': <Parameter "cid: str">}. You can import the `Context` like this: `from flwr.app import Context`
[36m(ClientAppActor pid=1057217)[0m 
[36m(ClientAppActor pid=1057217)[0m             This is a deprecated feature. It will be removed
[36m(ClientAppActor pid=1057217)[0m             entirely in future versions of Flower.
[36m(ClientAppActor pid=1057217)[0m         
[92mINFO [0m:      Received initial parameters from one random client
[92mINFO [0m:      Starting evaluation of initial global parameters
[92mINFO [0m:      initial parameters (loss, other metrics): 2.303544886779785, {'accuracy': 0.1, 'loss': 2.303544886779785}
[92mINFO [0m:      
[92mINFO [0m:      [ROUND 1]
[92mINFO [0m:      configure_fit: strategy sampled 5 clients (out of 5)
[36m(ClientAppActor pid=1057217)[0m [93mWARNING [0m:   DEPRECATED FEATURE: `client_fn` now expects a signature `def client_fn(context: Context)`.The provided `client_fn` has signature: {'cid': <Parameter "cid: str">}. You can import the `Context` like this: `from flwr.app import Context`
[36m(ClientAppActor pid=1057217)[0m 
[36m(ClientAppActor pid=1057217)[0m             This is a deprecated feature. It will be removed
[36m(ClientAppActor pid=1057217)[0m             entirely in future versions of Flower.
[36m(ClientAppActor pid=1057217)[0m         
[36m(ClientAppActor pid=1057218)[0m 
[36m(ClientAppActor pid=1057218)[0m         
[36m(ClientAppActor pid=1057216)[0m 
[36m(ClientAppActor pid=1057216)[0m         
[36m(ClientAppActor pid=1057215)[0m 
[36m(ClientAppActor pid=1057215)[0m         
[36m(ClientAppActor pid=1057214)[0m 
[36m(ClientAppActor pid=1057214)[0m         
[92mINFO [0m:      aggregate_fit: received 5 results and 0 failures
[92mINFO [0m:      fit progress: (1, 2.1824489624023435, {'accuracy': 0.2383, 'loss': 2.1824489624023435}, 19.15282208600547)
[92mINFO [0m:      configure_evaluate: strategy sampled 5 clients (out of 5)
[36m(ClientAppActor pid=1057215)[0m 
[36m(ClientAppActor pid=1057215)[0m         
[36m(ClientAppActor pid=1057215)[0m [93mWARNING [0m:   DEPRECATED FEATURE: `client_fn` now expects a signature `def client_fn(context: Context)`.The provided `client_fn` has signature: {'cid': <Parameter "cid: str">}. You can import the `Context` like this: `from flwr.app import Context`[32m [repeated 5x across cluster] (Ray deduplicates logs by default. Set RAY_DEDUP_LOGS=0 to disable log deduplication, or see https://docs.ray.io/en/master/ray-observability/user-guides/configure-logging.html#log-deduplication for more options.)[0m
[36m(ClientAppActor pid=1057215)[0m             This is a deprecated feature. It will be removed[32m [repeated 5x across cluster][0m
[36m(ClientAppActor pid=1057215)[0m             entirely in future versions of Flower.[32m [repeated 5x across cluster][0m
[36m(ClientAppActor pid=1057218)[0m 
[36m(ClientAppActor pid=1057218)[0m         
[36m(ClientAppActor pid=1057216)[0m 
[36m(ClientAppActor pid=1057216)[0m         
[36m(ClientAppActor pid=1057217)[0m 
[36m(ClientAppActor pid=1057217)[0m         
[36m(ClientAppActor pid=1057214)[0m 
[36m(ClientAppActor pid=1057214)[0m         
[92mINFO [0m:      aggregate_evaluate: received 5 results and 0 failures
[92mINFO [0m:      
[92mINFO [0m:      [ROUND 2]
[92mINFO [0m:      configure_fit: strategy sampled 5 clients (out of 5)
[36m(ClientAppActor pid=1057214)[0m 
[36m(ClientAppActor pid=1057214)[0m         
[36m(ClientAppActor pid=1057217)[0m 
[36m(ClientAppActor pid=1057217)[0m         
[36m(ClientAppActor pid=1057216)[0m 
[36m(ClientAppActor pid=1057216)[0m         
[36m(ClientAppActor pid=1057218)[0m 
[36m(ClientAppActor pid=1057218)[0m         
[36m(ClientAppActor pid=1057215)[0m 
[36m(ClientAppActor pid=1057215)[0m         
[92mINFO [0m:      aggregate_fit: received 5 results and 0 failures
[92mINFO [0m:      fit progress: (2, 1.6276594537734985, {'accuracy': 0.5256, 'loss': 1.6276594537734985}, 36.72343042999273)
[92mINFO [0m:      configure_evaluate: strategy sampled 5 clients (out of 5)
[36m(ClientAppActor pid=1057217)[0m 
[36m(ClientAppActor pid=1057217)[0m         
[36m(ClientAppActor pid=1057217)[0m [93mWARNING [0m:   DEPRECATED FEATURE: `client_fn` now expects a signature `def client_fn(context: Context)`.The provided `client_fn` has signature: {'cid': <Parameter "cid: str">}. You can import the `Context` like this: `from flwr.app import Context`[32m [repeated 10x across cluster][0m
[36m(ClientAppActor pid=1057217)[0m             This is a deprecated feature. It will be removed[32m [repeated 10x across cluster][0m
[36m(ClientAppActor pid=1057217)[0m             entirely in future versions of Flower.[32m [repeated 10x across cluster][0m
[36m(ClientAppActor pid=1057218)[0m 
[36m(ClientAppActor pid=1057218)[0m         
[36m(ClientAppActor pid=1057214)[0m 
[36m(ClientAppActor pid=1057214)[0m         
[36m(ClientAppActor pid=1057216)[0m 
[36m(ClientAppActor pid=1057216)[0m         
[36m(ClientAppActor pid=1057215)[0m 
[36m(ClientAppActor pid=1057215)[0m         
[92mINFO [0m:      aggregate_evaluate: received 5 results and 0 failures
[92mINFO [0m:      
[92mINFO [0m:      [ROUND 3]
[92mINFO [0m:      configure_fit: strategy sampled 5 clients (out of 5)
[36m(ClientAppActor pid=1057215)[0m 
[36m(ClientAppActor pid=1057215)[0m         
[36m(ClientAppActor pid=1057214)[0m 
[36m(ClientAppActor pid=1057214)[0m         
[36m(ClientAppActor pid=1057216)[0m 
[36m(ClientAppActor pid=1057216)[0m         
[36m(ClientAppActor pid=1057218)[0m 
[36m(ClientAppActor pid=1057218)[0m         
[36m(ClientAppActor pid=1057217)[0m 
[36m(ClientAppActor pid=1057217)[0m         
[92mINFO [0m:      aggregate_fit: received 5 results and 0 failures
[92mINFO [0m:      fit progress: (3, 1.2986159896850586, {'accuracy': 0.569, 'loss': 1.2986159896850586}, 54.17014942999231)
[92mINFO [0m:      configure_evaluate: strategy sampled 5 clients (out of 5)
[36m(ClientAppActor pid=1057216)[0m 
[36m(ClientAppActor pid=1057216)[0m         
[36m(ClientAppActor pid=1057216)[0m [93mWARNING [0m:   DEPRECATED FEATURE: `client_fn` now expects a signature `def client_fn(context: Context)`.The provided `client_fn` has signature: {'cid': <Parameter "cid: str">}. You can import the `Context` like this: `from flwr.app import Context`[32m [repeated 10x across cluster][0m
[36m(ClientAppActor pid=1057216)[0m             This is a deprecated feature. It will be removed[32m [repeated 10x across cluster][0m
[36m(ClientAppActor pid=1057216)[0m             entirely in future versions of Flower.[32m [repeated 10x across cluster][0m
[36m(ClientAppActor pid=1057217)[0m 
[36m(ClientAppActor pid=1057217)[0m         
[36m(ClientAppActor pid=1057218)[0m 
[36m(ClientAppActor pid=1057218)[0m         
[36m(ClientAppActor pid=1057214)[0m 
[36m(ClientAppActor pid=1057214)[0m         
[36m(ClientAppActor pid=1057215)[0m 
[36m(ClientAppActor pid=1057215)[0m         
[92mINFO [0m:      aggregate_evaluate: received 5 results and 0 failures
[92mINFO [0m:      
[92mINFO [0m:      [ROUND 4]
[92mINFO [0m:      configure_fit: strategy sampled 5 clients (out of 5)
[36m(ClientAppActor pid=1057214)[0m 
[36m(ClientAppActor pid=1057214)[0m         
[36m(ClientAppActor pid=1057215)[0m 
[36m(ClientAppActor pid=1057215)[0m         
[36m(ClientAppActor pid=1057217)[0m 
[36m(ClientAppActor pid=1057217)[0m         
[36m(ClientAppActor pid=1057218)[0m 
[36m(ClientAppActor pid=1057218)[0m         
[36m(ClientAppActor pid=1057216)[0m 
[36m(ClientAppActor pid=1057216)[0m         
[92mINFO [0m:      aggregate_fit: received 5 results and 0 failures
[92mINFO [0m:      fit progress: (4, 1.189142092704773, {'accuracy': 0.589, 'loss': 1.189142092704773}, 71.62332487403182)
[92mINFO [0m:      configure_evaluate: strategy sampled 5 clients (out of 5)
[36m(ClientAppActor pid=1057215)[0m 
[36m(ClientAppActor pid=1057215)[0m         
[36m(ClientAppActor pid=1057215)[0m [93mWARNING [0m:   DEPRECATED FEATURE: `client_fn` now expects a signature `def client_fn(context: Context)`.The provided `client_fn` has signature: {'cid': <Parameter "cid: str">}. You can import the `Context` like this: `from flwr.app import Context`[32m [repeated 10x across cluster][0m
[36m(ClientAppActor pid=1057215)[0m             This is a deprecated feature. It will be removed[32m [repeated 10x across cluster][0m
[36m(ClientAppActor pid=1057215)[0m             entirely in future versions of Flower.[32m [repeated 10x across cluster][0m
[36m(ClientAppActor pid=1057218)[0m 
[36m(ClientAppActor pid=1057218)[0m         
[36m(ClientAppActor pid=1057214)[0m 
[36m(ClientAppActor pid=1057214)[0m         
[36m(ClientAppActor pid=1057217)[0m 
[36m(ClientAppActor pid=1057217)[0m         
[36m(ClientAppActor pid=1057216)[0m 
[36m(ClientAppActor pid=1057216)[0m         
[92mINFO [0m:      aggregate_evaluate: received 5 results and 0 failures
[92mINFO [0m:      
[92mINFO [0m:      [ROUND 5]
[92mINFO [0m:      configure_fit: strategy sampled 5 clients (out of 5)
[36m(ClientAppActor pid=1057216)[0m 
[36m(ClientAppActor pid=1057216)[0m         
[36m(ClientAppActor pid=1057217)[0m 
[36m(ClientAppActor pid=1057217)[0m         
[36m(ClientAppActor pid=1057214)[0m 
[36m(ClientAppActor pid=1057214)[0m         
[36m(ClientAppActor pid=1057218)[0m 
[36m(ClientAppActor pid=1057218)[0m         
[36m(ClientAppActor pid=1057215)[0m 
[36m(ClientAppActor pid=1057215)[0m         
[92mINFO [0m:      aggregate_fit: received 5 results and 0 failures
[92mINFO [0m:      fit progress: (5, 1.0440885986328126, {'accuracy': 0.6422, 'loss': 1.0440885986328126}, 89.3200280010351)
[92mINFO [0m:      configure_evaluate: strategy sampled 5 clients (out of 5)
[36m(ClientAppActor pid=1057217)[0m 
[36m(ClientAppActor pid=1057217)[0m         
[36m(ClientAppActor pid=1057217)[0m [93mWARNING [0m:   DEPRECATED FEATURE: `client_fn` now expects a signature `def client_fn(context: Context)`.The provided `client_fn` has signature: {'cid': <Parameter "cid: str">}. You can import the `Context` like this: `from flwr.app import Context`[32m [repeated 10x across cluster][0m
[36m(ClientAppActor pid=1057217)[0m             This is a deprecated feature. It will be removed[32m [repeated 10x across cluster][0m
[36m(ClientAppActor pid=1057217)[0m             entirely in future versions of Flower.[32m [repeated 10x across cluster][0m
[36m(ClientAppActor pid=1057216)[0m 
[36m(ClientAppActor pid=1057216)[0m         
[36m(ClientAppActor pid=1057214)[0m 
[36m(ClientAppActor pid=1057214)[0m         
[36m(ClientAppActor pid=1057215)[0m 
[36m(ClientAppActor pid=1057215)[0m         
[36m(ClientAppActor pid=1057218)[0m 
[36m(ClientAppActor pid=1057218)[0m         
[92mINFO [0m:      aggregate_evaluate: received 5 results and 0 failures
[92mINFO [0m:      
[92mINFO [0m:      [ROUND 6]
[92mINFO [0m:      configure_fit: strategy sampled 5 clients (out of 5)
[36m(ClientAppActor pid=1057218)[0m 
[36m(ClientAppActor pid=1057218)[0m         
[36m(ClientAppActor pid=1057215)[0m 
[36m(ClientAppActor pid=1057215)[0m         
[36m(ClientAppActor pid=1057216)[0m 
[36m(ClientAppActor pid=1057216)[0m         
[36m(ClientAppActor pid=1057214)[0m 
[36m(ClientAppActor pid=1057214)[0m         
[36m(ClientAppActor pid=1057217)[0m 
[36m(ClientAppActor pid=1057217)[0m         
[92mINFO [0m:      aggregate_fit: received 5 results and 0 failures
[92mINFO [0m:      fit progress: (6, 1.0003160453796387, {'accuracy': 0.6501, 'loss': 1.0003160453796387}, 106.76041992002865)
[92mINFO [0m:      configure_evaluate: strategy sampled 5 clients (out of 5)
[36m(ClientAppActor pid=1057214)[0m 
[36m(ClientAppActor pid=1057214)[0m         
[36m(ClientAppActor pid=1057214)[0m [93mWARNING [0m:   DEPRECATED FEATURE: `client_fn` now expects a signature `def client_fn(context: Context)`.The provided `client_fn` has signature: {'cid': <Parameter "cid: str">}. You can import the `Context` like this: `from flwr.app import Context`[32m [repeated 10x across cluster][0m
[36m(ClientAppActor pid=1057214)[0m             This is a deprecated feature. It will be removed[32m [repeated 10x across cluster][0m
[36m(ClientAppActor pid=1057214)[0m             entirely in future versions of Flower.[32m [repeated 10x across cluster][0m
[36m(ClientAppActor pid=1057217)[0m 
[36m(ClientAppActor pid=1057217)[0m         
[36m(ClientAppActor pid=1057215)[0m 
[36m(ClientAppActor pid=1057215)[0m         
[36m(ClientAppActor pid=1057216)[0m 
[36m(ClientAppActor pid=1057216)[0m         
[36m(ClientAppActor pid=1057218)[0m 
[36m(ClientAppActor pid=1057218)[0m         
[92mINFO [0m:      aggregate_evaluate: received 5 results and 0 failures
[92mINFO [0m:      
[92mINFO [0m:      [ROUND 7]
[92mINFO [0m:      configure_fit: strategy sampled 5 clients (out of 5)
[36m(ClientAppActor pid=1057218)[0m 
[36m(ClientAppActor pid=1057218)[0m         
[36m(ClientAppActor pid=1057216)[0m 
[36m(ClientAppActor pid=1057216)[0m         
[36m(ClientAppActor pid=1057215)[0m 
[36m(ClientAppActor pid=1057215)[0m         
[36m(ClientAppActor pid=1057217)[0m 
[36m(ClientAppActor pid=1057217)[0m         
[36m(ClientAppActor pid=1057214)[0m 
[36m(ClientAppActor pid=1057214)[0m         
[92mINFO [0m:      aggregate_fit: received 5 results and 0 failures
[92mINFO [0m:      fit progress: (7, 0.9222951342582703, {'accuracy': 0.6783, 'loss': 0.9222951342582703}, 124.25400354800513)
[92mINFO [0m:      configure_evaluate: strategy sampled 5 clients (out of 5)
[36m(ClientAppActor pid=1057215)[0m 
[36m(ClientAppActor pid=1057215)[0m         
[36m(ClientAppActor pid=1057215)[0m [93mWARNING [0m:   DEPRECATED FEATURE: `client_fn` now expects a signature `def client_fn(context: Context)`.The provided `client_fn` has signature: {'cid': <Parameter "cid: str">}. You can import the `Context` like this: `from flwr.app import Context`[32m [repeated 10x across cluster][0m
[36m(ClientAppActor pid=1057215)[0m             This is a deprecated feature. It will be removed[32m [repeated 10x across cluster][0m
[36m(ClientAppActor pid=1057215)[0m             entirely in future versions of Flower.[32m [repeated 10x across cluster][0m
[36m(ClientAppActor pid=1057217)[0m 
[36m(ClientAppActor pid=1057217)[0m         
[36m(ClientAppActor pid=1057218)[0m 
[36m(ClientAppActor pid=1057218)[0m         
[36m(ClientAppActor pid=1057214)[0m 
[36m(ClientAppActor pid=1057214)[0m         
[36m(ClientAppActor pid=1057216)[0m 
[36m(ClientAppActor pid=1057216)[0m         
[92mINFO [0m:      aggregate_evaluate: received 5 results and 0 failures
[92mINFO [0m:      
[92mINFO [0m:      [ROUND 8]
[92mINFO [0m:      configure_fit: strategy sampled 5 clients (out of 5)
[36m(ClientAppActor pid=1057216)[0m 
[36m(ClientAppActor pid=1057216)[0m         
[36m(ClientAppActor pid=1057214)[0m 
[36m(ClientAppActor pid=1057214)[0m         
[36m(ClientAppActor pid=1057218)[0m 
[36m(ClientAppActor pid=1057218)[0m         
[36m(ClientAppActor pid=1057217)[0m 
[36m(ClientAppActor pid=1057217)[0m         
[36m(ClientAppActor pid=1057215)[0m 
[36m(ClientAppActor pid=1057215)[0m         
[92mINFO [0m:      aggregate_fit: received 5 results and 0 failures
[92mINFO [0m:      fit progress: (8, 0.9375977505683899, {'accuracy': 0.6769, 'loss': 0.9375977505683899}, 141.56862677203026)
[92mINFO [0m:      configure_evaluate: strategy sampled 5 clients (out of 5)
[36m(ClientAppActor pid=1057216)[0m 
[36m(ClientAppActor pid=1057216)[0m         
[36m(ClientAppActor pid=1057216)[0m [93mWARNING [0m:   DEPRECATED FEATURE: `client_fn` now expects a signature `def client_fn(context: Context)`.The provided `client_fn` has signature: {'cid': <Parameter "cid: str">}. You can import the `Context` like this: `from flwr.app import Context`[32m [repeated 10x across cluster][0m
[36m(ClientAppActor pid=1057216)[0m             This is a deprecated feature. It will be removed[32m [repeated 10x across cluster][0m
[36m(ClientAppActor pid=1057216)[0m             entirely in future versions of Flower.[32m [repeated 10x across cluster][0m
[36m(ClientAppActor pid=1057215)[0m 
[36m(ClientAppActor pid=1057215)[0m         
[36m(ClientAppActor pid=1057214)[0m 
[36m(ClientAppActor pid=1057214)[0m         
[36m(ClientAppActor pid=1057218)[0m 
[36m(ClientAppActor pid=1057218)[0m         
[36m(ClientAppActor pid=1057217)[0m 
[36m(ClientAppActor pid=1057217)[0m         
[92mINFO [0m:      aggregate_evaluate: received 5 results and 0 failures
[92mINFO [0m:      
[92mINFO [0m:      [ROUND 9]
[92mINFO [0m:      configure_fit: strategy sampled 5 clients (out of 5)
[36m(ClientAppActor pid=1057217)[0m 
[36m(ClientAppActor pid=1057217)[0m         
[36m(ClientAppActor pid=1057218)[0m 
[36m(ClientAppActor pid=1057218)[0m         
[36m(ClientAppActor pid=1057214)[0m 
[36m(ClientAppActor pid=1057214)[0m         
[36m(ClientAppActor pid=1057215)[0m 
[36m(ClientAppActor pid=1057215)[0m         
[36m(ClientAppActor pid=1057216)[0m 
[36m(ClientAppActor pid=1057216)[0m         
[92mINFO [0m:      aggregate_fit: received 5 results and 0 failures
[92mINFO [0m:      fit progress: (9, 0.8735198541641236, {'accuracy': 0.6948, 'loss': 0.8735198541641236}, 159.46941615804099)
[92mINFO [0m:      configure_evaluate: strategy sampled 5 clients (out of 5)
[36m(ClientAppActor pid=1057216)[0m 
[36m(ClientAppActor pid=1057216)[0m         
[36m(ClientAppActor pid=1057216)[0m [93mWARNING [0m:   DEPRECATED FEATURE: `client_fn` now expects a signature `def client_fn(context: Context)`.The provided `client_fn` has signature: {'cid': <Parameter "cid: str">}. You can import the `Context` like this: `from flwr.app import Context`[32m [repeated 10x across cluster][0m
[36m(ClientAppActor pid=1057216)[0m             This is a deprecated feature. It will be removed[32m [repeated 10x across cluster][0m
[36m(ClientAppActor pid=1057216)[0m             entirely in future versions of Flower.[32m [repeated 10x across cluster][0m
[36m(ClientAppActor pid=1057218)[0m 
[36m(ClientAppActor pid=1057218)[0m         
[36m(ClientAppActor pid=1057217)[0m 
[36m(ClientAppActor pid=1057217)[0m         
[36m(ClientAppActor pid=1057214)[0m 
[36m(ClientAppActor pid=1057214)[0m         
[36m(ClientAppActor pid=1057215)[0m 
[36m(ClientAppActor pid=1057215)[0m         
[92mINFO [0m:      aggregate_evaluate: received 5 results and 0 failures
[92mINFO [0m:      
[92mINFO [0m:      [ROUND 10]
[92mINFO [0m:      configure_fit: strategy sampled 5 clients (out of 5)
[36m(ClientAppActor pid=1057215)[0m 
[36m(ClientAppActor pid=1057215)[0m         
[36m(ClientAppActor pid=1057214)[0m 
[36m(ClientAppActor pid=1057214)[0m         
[36m(ClientAppActor pid=1057217)[0m 
[36m(ClientAppActor pid=1057217)[0m         
[36m(ClientAppActor pid=1057218)[0m 
[36m(ClientAppActor pid=1057218)[0m         
[36m(ClientAppActor pid=1057216)[0m 
[36m(ClientAppActor pid=1057216)[0m         
[92mINFO [0m:      aggregate_fit: received 5 results and 0 failures
[92mINFO [0m:      fit progress: (10, 0.9113751663208007, {'accuracy': 0.691, 'loss': 0.9113751663208007}, 176.8723100310308)
[92mINFO [0m:      configure_evaluate: strategy sampled 5 clients (out of 5)
[36m(ClientAppActor pid=1057218)[0m 
[36m(ClientAppActor pid=1057218)[0m         
[36m(ClientAppActor pid=1057218)[0m [93mWARNING [0m:   DEPRECATED FEATURE: `client_fn` now expects a signature `def client_fn(context: Context)`.The provided `client_fn` has signature: {'cid': <Parameter "cid: str">}. You can import the `Context` like this: `from flwr.app import Context`[32m [repeated 10x across cluster][0m
[36m(ClientAppActor pid=1057218)[0m             This is a deprecated feature. It will be removed[32m [repeated 10x across cluster][0m
[36m(ClientAppActor pid=1057218)[0m             entirely in future versions of Flower.[32m [repeated 10x across cluster][0m
[36m(ClientAppActor pid=1057214)[0m 
[36m(ClientAppActor pid=1057214)[0m         
[36m(ClientAppActor pid=1057216)[0m 
[36m(ClientAppActor pid=1057216)[0m         
[36m(ClientAppActor pid=1057217)[0m 
[36m(ClientAppActor pid=1057217)[0m         
[36m(ClientAppActor pid=1057215)[0m 
[36m(ClientAppActor pid=1057215)[0m         
[92mINFO [0m:      aggregate_evaluate: received 5 results and 0 failures
[92mINFO [0m:      
[92mINFO [0m:      [SUMMARY]
[92mINFO [0m:      Run finished 10 round(s) in 177.72s
[92mINFO [0m:      	History (loss, distributed):
[92mINFO [0m:      		round 1: 2.1877267690379547
[92mINFO [0m:      		round 2: 1.6306564561696155
[92mINFO [0m:      		round 3: 1.3031068327714617
[92mINFO [0m:      		round 4: 1.1882144442576992
[92mINFO [0m:      		round 5: 1.041576503413139
[92mINFO [0m:      		round 6: 0.9865252143422532
[92mINFO [0m:      		round 7: 0.9016961456537962
[92mINFO [0m:      		round 8: 0.9165397429969613
[92mINFO [0m:      		round 9: 0.8551732746092873
[92mINFO [0m:      		round 10: 0.8951557785457483
[92mINFO [0m:      	History (loss, centralized):
[92mINFO [0m:      		round 0: 2.303544886779785
[92mINFO [0m:      		round 1: 2.1824489624023435
[92mINFO [0m:      		round 2: 1.6276594537734985
[92mINFO [0m:      		round 3: 1.2986159896850586
[92mINFO [0m:      		round 4: 1.189142092704773
[92mINFO [0m:      		round 5: 1.0440885986328126
[92mINFO [0m:      		round 6: 1.0003160453796387
[92mINFO [0m:      		round 7: 0.9222951342582703
[92mINFO [0m:      		round 8: 0.9375977505683899
[92mINFO [0m:      		round 9: 0.8735198541641236
[92mINFO [0m:      		round 10: 0.9113751663208007
[92mINFO [0m:      	History (metrics, distributed, fit):
[92mINFO [0m:      	{'avg_epochs_weighted': [(1, 3.5719174277270405),
[92mINFO [0m:      	                         (2, 3.5719174277270405),
[92mINFO [0m:      	                         (3, 3.5719174277270405),
[92mINFO [0m:      	                         (4, 3.5719174277270405),
[92mINFO [0m:      	                         (5, 3.5719174277270405),
[92mINFO [0m:      	                         (6, 3.5719174277270405),
[92mINFO [0m:      	                         (7, 3.5719174277270405),
[92mINFO [0m:      	                         (8, 3.5719174277270405),
[92mINFO [0m:      	                         (9, 3.5719174277270405),
[92mINFO [0m:      	                         (10, 3.5719174277270405)],
[92mINFO [0m:      	 'avg_flops_per_client_round': [(1, 5815656711168.0),
[92mINFO [0m:      	                                (2, 5815656711168.0),
[92mINFO [0m:      	                                (3, 5815656711168.0),
[92mINFO [0m:      	                                (4, 5815656711168.0),
[92mINFO [0m:      	                                (5, 5815656711168.0),
[92mINFO [0m:      	                                (6, 5815656711168.0),
[92mINFO [0m:      	                                (7, 5815656711168.0),
[92mINFO [0m:      	                                (8, 5815656711168.0),
[92mINFO [0m:      	                                (9, 5815656711168.0),
[92mINFO [0m:      	                                (10, 5815656711168.0)],
[92mINFO [0m:      	 'avg_lr_weighted': [(1, 0.005887198195350915),
[92mINFO [0m:      	                     (2, 0.005887198195350915),
[92mINFO [0m:      	                     (3, 0.005887198195350915),
[92mINFO [0m:      	                     (4, 0.005887198195350915),
[92mINFO [0m:      	                     (5, 0.005887198195350915),
[92mINFO [0m:      	                     (6, 0.005887198195350915),
[92mINFO [0m:      	                     (7, 0.005887198195350915),
[92mINFO [0m:      	                     (8, 0.005887198195350915),
[92mINFO [0m:      	                     (9, 0.005887198195350915),
[92mINFO [0m:      	                     (10, 0.005887198195350915)],
[92mINFO [0m:      	 'total_flops_round': [(1, 29078283555840),
[92mINFO [0m:      	                       (2, 29078283555840),
[92mINFO [0m:      	                       (3, 29078283555840),
[92mINFO [0m:      	                       (4, 29078283555840),
[92mINFO [0m:      	                       (5, 29078283555840),
[92mINFO [0m:      	                       (6, 29078283555840),
[92mINFO [0m:      	                       (7, 29078283555840),
[92mINFO [0m:      	                       (8, 29078283555840),
[92mINFO [0m:      	                       (9, 29078283555840),
[92mINFO [0m:      	                       (10, 29078283555840)]}
[92mINFO [0m:      	History (metrics, distributed, evaluate):
[92mINFO [0m:      	{'accuracy': [(1, 0.22473484090454274),
[92mINFO [0m:      	              (2, 0.5221132679607765),
[92mINFO [0m:      	              (3, 0.5653392035221133),
[92mINFO [0m:      	              (4, 0.5885531318791275),
[92mINFO [0m:      	              (5, 0.6461877126275766),
[92mINFO [0m:      	              (6, 0.6599959975985591),
[92mINFO [0m:      	              (7, 0.6890134080448269),
[92mINFO [0m:      	              (8, 0.6884130478286972),
[92mINFO [0m:      	              (9, 0.7072243346007605),
[92mINFO [0m:      	              (10, 0.700620372223334)],
[92mINFO [0m:      	 'loss': [(1, 2.1877267690379547),
[92mINFO [0m:      	          (2, 1.6306564561696155),
[92mINFO [0m:      	          (3, 1.3031068327714617),
[92mINFO [0m:      	          (4, 1.1882144442576992),
[92mINFO [0m:      	          (5, 1.041576503413139),
[92mINFO [0m:      	          (6, 0.9865252143422532),
[92mINFO [0m:      	          (7, 0.9016961456537962),
[92mINFO [0m:      	          (8, 0.9165397429969613),
[92mINFO [0m:      	          (9, 0.8551732746092873),
[92mINFO [0m:      	          (10, 0.8951557785457483)]}
[92mINFO [0m:      	History (metrics, centralized):
[92mINFO [0m:      	{'accuracy': [(0, 0.1),
[92mINFO [0m:      	              (1, 0.2383),
[92mINFO [0m:      	              (2, 0.5256),
[92mINFO [0m:      	              (3, 0.569),
[92mINFO [0m:      	              (4, 0.589),
[92mINFO [0m:      	              (5, 0.6422),
[92mINFO [0m:      	              (6, 0.6501),
[92mINFO [0m:      	              (7, 0.6783),
[92mINFO [0m:      	              (8, 0.6769),
[92mINFO [0m:      	              (9, 0.6948),
[92mINFO [0m:      	              (10, 0.691)],
[92mINFO [0m:      	 'loss': [(0, 2.303544886779785),
[92mINFO [0m:      	          (1, 2.1824489624023435),
[92mINFO [0m:      	          (2, 1.6276594537734985),
[92mINFO [0m:      	          (3, 1.2986159896850586),
[92mINFO [0m:      	          (4, 1.189142092704773),
[92mINFO [0m:      	          (5, 1.0440885986328126),
[92mINFO [0m:      	          (6, 1.0003160453796387),
[92mINFO [0m:      	          (7, 0.9222951342582703),
[92mINFO [0m:      	          (8, 0.9375977505683899),
[92mINFO [0m:      	          (9, 0.8735198541641236),
[92mINFO [0m:      	          (10, 0.9113751663208007)]}
[92mINFO [0m:      
Treinando no dispositivo: cuda:0 com o dataset: CIFAR10 | Setup clientes: 5 (num_gpus por cliente=0.2) | SEED=42
FLOPS por amostra (forward): 6.030e+07 | (forward+backward, 3x): 1.809e+08
Files already downloaded and verified
Files already downloaded and verified
Dividindo o dataset usando a distribuição de Dirichlet com alpha=0.1.
Iniciando a simulação de Aprendizado Federado...
=== Diagnóstico de Medição de GPU ===
  pynvml_disponivel: True
  pynvml_versao: 580.173.02
  gpus_detectadas: 1
  leitura_potencia_ok: True
  potencia_atual_W: 35.575

--- Rodada 0 - Avaliação Centralizada (Servidor) ---
Loss (Servidor): 2.3035 | Acurácia (Servidor): 0.1000
[36m(ClientAppActor pid=1057217)[0m Cliente 2: HetRaw=1.8184 | HetNorm=0.6061 | Epochs=3 (dyn=True) | LR=0.005238 (dyn=True) | FedProx=True (mu=0.01)

--- Rodada 1 - Avaliação Centralizada (Servidor) ---
Loss (Servidor): 2.1824 | Acurácia (Servidor): 0.2383
--- Avaliação Agregada (Clientes) ---
Loss Média (Clientes): 2.1877 | Acurácia Média (Clientes): 0.2247
[36m(ClientAppActor pid=1057214)[0m Cliente 4: HetRaw=1.5377 | HetNorm=0.5126 | Epochs=3 (dyn=True) | LR=0.005653 (dyn=True) | FedProx=True (mu=0.01)[32m [repeated 5x across cluster][0m

--- Rodada 2 - Avaliação Centralizada (Servidor) ---
Loss (Servidor): 1.6277 | Acurácia (Servidor): 0.5256
--- Avaliação Agregada (Clientes) ---
Loss Média (Clientes): 1.6307 | Acurácia Média (Clientes): 0.5221
[36m(ClientAppActor pid=1057215)[0m Cliente 3: HetRaw=2.4456 | HetNorm=0.8152 | Epochs=3 (dyn=True) | LR=0.004499 (dyn=True) | FedProx=True (mu=0.01)[32m [repeated 5x across cluster][0m

--- Rodada 3 - Avaliação Centralizada (Servidor) ---
Loss (Servidor): 1.2986 | Acurácia (Servidor): 0.5690
--- Avaliação Agregada (Clientes) ---
Loss Média (Clientes): 1.3031 | Acurácia Média (Clientes): 0.5653
[36m(ClientAppActor pid=1057214)[0m Cliente 4: HetRaw=1.5377 | HetNorm=0.5126 | Epochs=3 (dyn=True) | LR=0.005653 (dyn=True) | FedProx=True (mu=0.01)[32m [repeated 5x across cluster][0m

--- Rodada 4 - Avaliação Centralizada (Servidor) ---
Loss (Servidor): 1.1891 | Acurácia (Servidor): 0.5890
--- Avaliação Agregada (Clientes) ---
Loss Média (Clientes): 1.1882 | Acurácia Média (Clientes): 0.5886
[36m(ClientAppActor pid=1057216)[0m Cliente 0: HetRaw=1.2631 | HetNorm=0.4210 | Epochs=4 (dyn=True) | LR=0.006129 (dyn=True) | FedProx=True (mu=0.01)[32m [repeated 5x across cluster][0m

--- Rodada 5 - Avaliação Centralizada (Servidor) ---
Loss (Servidor): 1.0441 | Acurácia (Servidor): 0.6422
--- Avaliação Agregada (Clientes) ---
Loss Média (Clientes): 1.0416 | Acurácia Média (Clientes): 0.6462
[36m(ClientAppActor pid=1057218)[0m Cliente 3: HetRaw=2.4456 | HetNorm=0.8152 | Epochs=3 (dyn=True) | LR=0.004499 (dyn=True) | FedProx=True (mu=0.01)[32m [repeated 5x across cluster][0m

--- Rodada 6 - Avaliação Centralizada (Servidor) ---
Loss (Servidor): 1.0003 | Acurácia (Servidor): 0.6501
--- Avaliação Agregada (Clientes) ---
Loss Média (Clientes): 0.9865 | Acurácia Média (Clientes): 0.6600
[36m(ClientAppActor pid=1057218)[0m Cliente 4: HetRaw=1.5377 | HetNorm=0.5126 | Epochs=3 (dyn=True) | LR=0.005653 (dyn=True) | FedProx=True (mu=0.01)[32m [repeated 5x across cluster][0m

--- Rodada 7 - Avaliação Centralizada (Servidor) ---
Loss (Servidor): 0.9223 | Acurácia (Servidor): 0.6783
--- Avaliação Agregada (Clientes) ---
Loss Média (Clientes): 0.9017 | Acurácia Média (Clientes): 0.6890
[36m(ClientAppActor pid=1057216)[0m Cliente 1: HetRaw=1.1370 | HetNorm=0.3790 | Epochs=4 (dyn=True) | LR=0.006376 (dyn=True) | FedProx=True (mu=0.01)[32m [repeated 5x across cluster][0m

--- Rodada 8 - Avaliação Centralizada (Servidor) ---
Loss (Servidor): 0.9376 | Acurácia (Servidor): 0.6769
--- Avaliação Agregada (Clientes) ---
Loss Média (Clientes): 0.9165 | Acurácia Média (Clientes): 0.6884
[36m(ClientAppActor pid=1057217)[0m Cliente 4: HetRaw=1.5377 | HetNorm=0.5126 | Epochs=3 (dyn=True) | LR=0.005653 (dyn=True) | FedProx=True (mu=0.01)[32m [repeated 5x across cluster][0m

--- Rodada 9 - Avaliação Centralizada (Servidor) ---
Loss (Servidor): 0.8735 | Acurácia (Servidor): 0.6948
--- Avaliação Agregada (Clientes) ---
Loss Média (Clientes): 0.8552 | Acurácia Média (Clientes): 0.7072
[36m(ClientAppActor pid=1057215)[0m Cliente 3: HetRaw=2.4456 | HetNorm=0.8152 | Epochs=3 (dyn=True) | LR=0.004499 (dyn=True) | FedProx=True (mu=0.01)[32m [repeated 5x across cluster][0m

--- Rodada 10 - Avaliação Centralizada (Servidor) ---
Loss (Servidor): 0.9114 | Acurácia (Servidor): 0.6910
--- Avaliação Agregada (Clientes) ---
Loss Média (Clientes): 0.8952 | Acurácia Média (Clientes): 0.7006

Resultados salvos em: /home/tiago/GitHubProjects/fedhad-thesis-2/FedHAD-results/1.1_diagnostico_drift/CIFAR10-Standard/FedHAD__CIFAR10__Mode-STANDARD__Cfg-E1L1F1__Setup-5__Clients-5__Rounds-10__Delay-0_05__Alpha-0_1__Seed-42.txt
[36m(ClientAppActor pid=1057215)[0m [93mWARNING [0m:   DEPRECATED FEATURE: `client_fn` now expects a signature `def client_fn(context: Context)`.The provided `client_fn` has signature: {'cid': <Parameter "cid: str">}. You can import the `Context` like this: `from flwr.app import Context`[32m [repeated 4x across cluster][0m
[36m(ClientAppActor pid=1057215)[0m             This is a deprecated feature. It will be removed[32m [repeated 4x across cluster][0m
[36m(ClientAppActor pid=1057215)[0m             entirely in future versions of Flower.[32m [repeated 4x across cluster][0m
[36m(ClientAppActor pid=1057216)[0m Cliente 4: HetRaw=1.5377 | HetNorm=0.5126 | Epochs=3 (dyn=True) | LR=0.005653 (dyn=True) | FedProx=True (mu=0.01)[32m [repeated 4x across cluster][0m
