[codecarbon WARNING @ 16:18:36] Multiple instances of codecarbon are allowed to run at the same time.
[93mWARNING [0m:   DEPRECATED FEATURE: flwr.simulation.start_simulation() is deprecated.
	Instead, use the `flwr run` CLI command to start a local simulation in your Flower app, as shown for example below:

		$ flwr new  # Create a new Flower app from a template

		$ flwr run  # Run the Flower app in Simulation Mode

	Using `start_simulation()` is deprecated.

            This is a deprecated feature. It will be removed
            entirely in future versions of Flower.
        
[92mINFO [0m:      Starting Flower simulation, config: num_rounds=10, no round_timeout
2026-09-04 16:18:44,767	INFO worker.py:2012 -- Started a local Ray instance.
/home/tiago/GitHubProjects/fedhad-thesis-2/env_flwr_pt/lib/python3.12/site-packages/ray/_private/worker.py:2051: FutureWarning: Tip: In future versions of Ray, Ray will no longer override accelerator visible devices env var if num_gpus=0 or num_gpus=None (default). To enable this behavior and turn off this error message, set RAY_ACCEL_ENV_VAR_OVERRIDE_ON_ZERO=0
  warnings.warn(
[92mINFO [0m:      Flower VCE: Ray initialized with resources: {'object_store_memory': 77568181862.0, 'GPU': 1.0, 'memory': 180992424346.0, 'accelerator_type:A40': 1.0, 'CPU': 64.0, 'node:__internal_head__': 1.0, 'node:10.129.64.100': 1.0}
[92mINFO [0m:      Optimize your simulation with Flower VCE: https://flower.ai/docs/framework/how-to-run-simulations.html
/home/tiago/GitHubProjects/fedhad-thesis-2/FedHAD_Final_2.0.py:1916: UserWarning: No `num_cpus` specified in `client_resources`. Using `num_cpus=1` for each client.
  history = fl.simulation.start_simulation(
[92mINFO [0m:      Flower VCE: Resources for each Virtual Client: {'num_gpus': 0.2, 'num_cpus': 1}
[92mINFO [0m:      Flower VCE: Creating VirtualClientEngineActorPool with 5 actors
[92mINFO [0m:      [INIT]
[92mINFO [0m:      Requesting initial parameters from one random client
[36m(ClientAppActor pid=979532)[0m [93mWARNING [0m:   DEPRECATED FEATURE: `client_fn` now expects a signature `def client_fn(context: Context)`.The provided `client_fn` has signature: {'cid': <Parameter "cid: str">}. You can import the `Context` like this: `from flwr.app import Context`
[36m(ClientAppActor pid=979532)[0m 
[36m(ClientAppActor pid=979532)[0m             This is a deprecated feature. It will be removed
[36m(ClientAppActor pid=979532)[0m             entirely in future versions of Flower.
[36m(ClientAppActor pid=979532)[0m         
[92mINFO [0m:      Received initial parameters from one random client
[92mINFO [0m:      Starting evaluation of initial global parameters
[92mINFO [0m:      initial parameters (loss, other metrics): 2.303505786514282, {'accuracy': 0.1001, 'loss': 2.303505786514282}
[92mINFO [0m:      
[92mINFO [0m:      [ROUND 1]
[92mINFO [0m:      configure_fit: strategy sampled 5 clients (out of 5)
[36m(ClientAppActor pid=979532)[0m [93mWARNING [0m:   DEPRECATED FEATURE: `client_fn` now expects a signature `def client_fn(context: Context)`.The provided `client_fn` has signature: {'cid': <Parameter "cid: str">}. You can import the `Context` like this: `from flwr.app import Context`
[36m(ClientAppActor pid=979532)[0m 
[36m(ClientAppActor pid=979532)[0m             This is a deprecated feature. It will be removed
[36m(ClientAppActor pid=979532)[0m             entirely in future versions of Flower.
[36m(ClientAppActor pid=979532)[0m         
[36m(ClientAppActor pid=979531)[0m 
[36m(ClientAppActor pid=979531)[0m         
[36m(ClientAppActor pid=979533)[0m 
[36m(ClientAppActor pid=979533)[0m         
[36m(ClientAppActor pid=979530)[0m 
[36m(ClientAppActor pid=979530)[0m         
[36m(ClientAppActor pid=979529)[0m 
[36m(ClientAppActor pid=979529)[0m         
[92mINFO [0m:      aggregate_fit: received 5 results and 0 failures
[92mINFO [0m:      fit progress: (1, 2.1648505111694334, {'accuracy': 0.2209, 'loss': 2.1648505111694334}, 17.078060949977953)
[92mINFO [0m:      configure_evaluate: strategy sampled 5 clients (out of 5)
[36m(ClientAppActor pid=979529)[0m 
[36m(ClientAppActor pid=979529)[0m         
[36m(ClientAppActor pid=979529)[0m [93mWARNING [0m:   DEPRECATED FEATURE: `client_fn` now expects a signature `def client_fn(context: Context)`.The provided `client_fn` has signature: {'cid': <Parameter "cid: str">}. You can import the `Context` like this: `from flwr.app import Context`[32m [repeated 5x across cluster] (Ray deduplicates logs by default. Set RAY_DEDUP_LOGS=0 to disable log deduplication, or see https://docs.ray.io/en/master/ray-observability/user-guides/configure-logging.html#log-deduplication for more options.)[0m
[36m(ClientAppActor pid=979529)[0m             This is a deprecated feature. It will be removed[32m [repeated 5x across cluster][0m
[36m(ClientAppActor pid=979529)[0m             entirely in future versions of Flower.[32m [repeated 5x across cluster][0m
[36m(ClientAppActor pid=979531)[0m 
[36m(ClientAppActor pid=979531)[0m         
[36m(ClientAppActor pid=979530)[0m 
[36m(ClientAppActor pid=979530)[0m         
[36m(ClientAppActor pid=979533)[0m 
[36m(ClientAppActor pid=979533)[0m         
[36m(ClientAppActor pid=979532)[0m 
[36m(ClientAppActor pid=979532)[0m         
[92mINFO [0m:      aggregate_evaluate: received 5 results and 0 failures
[92mINFO [0m:      
[92mINFO [0m:      [ROUND 2]
[92mINFO [0m:      configure_fit: strategy sampled 5 clients (out of 5)
[36m(ClientAppActor pid=979532)[0m 
[36m(ClientAppActor pid=979532)[0m         
[36m(ClientAppActor pid=979533)[0m 
[36m(ClientAppActor pid=979533)[0m         
[36m(ClientAppActor pid=979530)[0m 
[36m(ClientAppActor pid=979530)[0m         
[36m(ClientAppActor pid=979531)[0m 
[36m(ClientAppActor pid=979531)[0m         
[36m(ClientAppActor pid=979529)[0m 
[36m(ClientAppActor pid=979529)[0m         
[92mINFO [0m:      aggregate_fit: received 5 results and 0 failures
[92mINFO [0m:      fit progress: (2, 1.2075686786651612, {'accuracy': 0.6242, 'loss': 1.2075686786651612}, 33.2585855560028)
[92mINFO [0m:      configure_evaluate: strategy sampled 5 clients (out of 5)
[36m(ClientAppActor pid=979529)[0m 
[36m(ClientAppActor pid=979529)[0m         
[36m(ClientAppActor pid=979529)[0m [93mWARNING [0m:   DEPRECATED FEATURE: `client_fn` now expects a signature `def client_fn(context: Context)`.The provided `client_fn` has signature: {'cid': <Parameter "cid: str">}. You can import the `Context` like this: `from flwr.app import Context`[32m [repeated 10x across cluster][0m
[36m(ClientAppActor pid=979529)[0m             This is a deprecated feature. It will be removed[32m [repeated 10x across cluster][0m
[36m(ClientAppActor pid=979529)[0m             entirely in future versions of Flower.[32m [repeated 10x across cluster][0m
[36m(ClientAppActor pid=979531)[0m 
[36m(ClientAppActor pid=979531)[0m         
[36m(ClientAppActor pid=979530)[0m 
[36m(ClientAppActor pid=979530)[0m         
[36m(ClientAppActor pid=979533)[0m 
[36m(ClientAppActor pid=979533)[0m         
[36m(ClientAppActor pid=979532)[0m 
[36m(ClientAppActor pid=979532)[0m         
[92mINFO [0m:      aggregate_evaluate: received 5 results and 0 failures
[92mINFO [0m:      
[92mINFO [0m:      [ROUND 3]
[92mINFO [0m:      configure_fit: strategy sampled 5 clients (out of 5)
[36m(ClientAppActor pid=979532)[0m 
[36m(ClientAppActor pid=979532)[0m         
[36m(ClientAppActor pid=979533)[0m 
[36m(ClientAppActor pid=979533)[0m         
[36m(ClientAppActor pid=979530)[0m 
[36m(ClientAppActor pid=979530)[0m         
[36m(ClientAppActor pid=979531)[0m 
[36m(ClientAppActor pid=979531)[0m         
[36m(ClientAppActor pid=979529)[0m 
[36m(ClientAppActor pid=979529)[0m         
[92mINFO [0m:      aggregate_fit: received 5 results and 0 failures
[92mINFO [0m:      fit progress: (3, 0.8599353908538818, {'accuracy': 0.7003, 'loss': 0.8599353908538818}, 48.99755266302964)
[92mINFO [0m:      configure_evaluate: strategy sampled 5 clients (out of 5)
[36m(ClientAppActor pid=979532)[0m 
[36m(ClientAppActor pid=979532)[0m         
[36m(ClientAppActor pid=979532)[0m [93mWARNING [0m:   DEPRECATED FEATURE: `client_fn` now expects a signature `def client_fn(context: Context)`.The provided `client_fn` has signature: {'cid': <Parameter "cid: str">}. You can import the `Context` like this: `from flwr.app import Context`[32m [repeated 10x across cluster][0m
[36m(ClientAppActor pid=979532)[0m             This is a deprecated feature. It will be removed[32m [repeated 10x across cluster][0m
[36m(ClientAppActor pid=979532)[0m             entirely in future versions of Flower.[32m [repeated 10x across cluster][0m
[36m(ClientAppActor pid=979529)[0m 
[36m(ClientAppActor pid=979529)[0m         
[36m(ClientAppActor pid=979533)[0m 
[36m(ClientAppActor pid=979533)[0m         
[36m(ClientAppActor pid=979530)[0m 
[36m(ClientAppActor pid=979530)[0m         
[36m(ClientAppActor pid=979531)[0m 
[36m(ClientAppActor pid=979531)[0m         
[92mINFO [0m:      aggregate_evaluate: received 5 results and 0 failures
[92mINFO [0m:      
[92mINFO [0m:      [ROUND 4]
[92mINFO [0m:      configure_fit: strategy sampled 5 clients (out of 5)
[36m(ClientAppActor pid=979531)[0m 
[36m(ClientAppActor pid=979531)[0m         
[36m(ClientAppActor pid=979530)[0m 
[36m(ClientAppActor pid=979530)[0m         
[36m(ClientAppActor pid=979533)[0m 
[36m(ClientAppActor pid=979533)[0m         
[36m(ClientAppActor pid=979529)[0m 
[36m(ClientAppActor pid=979529)[0m         
[36m(ClientAppActor pid=979532)[0m 
[36m(ClientAppActor pid=979532)[0m         
[92mINFO [0m:      aggregate_fit: received 5 results and 0 failures
[92mINFO [0m:      fit progress: (4, 0.748423628616333, {'accuracy': 0.7414, 'loss': 0.748423628616333}, 65.19391909602564)
[92mINFO [0m:      configure_evaluate: strategy sampled 5 clients (out of 5)
[36m(ClientAppActor pid=979532)[0m 
[36m(ClientAppActor pid=979532)[0m         
[36m(ClientAppActor pid=979532)[0m [93mWARNING [0m:   DEPRECATED FEATURE: `client_fn` now expects a signature `def client_fn(context: Context)`.The provided `client_fn` has signature: {'cid': <Parameter "cid: str">}. You can import the `Context` like this: `from flwr.app import Context`[32m [repeated 10x across cluster][0m
[36m(ClientAppActor pid=979532)[0m             This is a deprecated feature. It will be removed[32m [repeated 10x across cluster][0m
[36m(ClientAppActor pid=979532)[0m             entirely in future versions of Flower.[32m [repeated 10x across cluster][0m
[36m(ClientAppActor pid=979529)[0m 
[36m(ClientAppActor pid=979529)[0m         
[36m(ClientAppActor pid=979533)[0m 
[36m(ClientAppActor pid=979533)[0m         
[36m(ClientAppActor pid=979530)[0m 
[36m(ClientAppActor pid=979530)[0m         
[36m(ClientAppActor pid=979531)[0m 
[36m(ClientAppActor pid=979531)[0m         
[92mINFO [0m:      aggregate_evaluate: received 5 results and 0 failures
[92mINFO [0m:      
[92mINFO [0m:      [ROUND 5]
[92mINFO [0m:      configure_fit: strategy sampled 5 clients (out of 5)
[36m(ClientAppActor pid=979531)[0m 
[36m(ClientAppActor pid=979531)[0m         
[36m(ClientAppActor pid=979530)[0m 
[36m(ClientAppActor pid=979530)[0m         
[36m(ClientAppActor pid=979533)[0m 
[36m(ClientAppActor pid=979533)[0m         
[36m(ClientAppActor pid=979529)[0m 
[36m(ClientAppActor pid=979529)[0m         
[36m(ClientAppActor pid=979532)[0m 
[36m(ClientAppActor pid=979532)[0m         
[92mINFO [0m:      aggregate_fit: received 5 results and 0 failures
[92mINFO [0m:      fit progress: (5, 0.687000782775879, {'accuracy': 0.7641, 'loss': 0.687000782775879}, 80.8720546499826)
[92mINFO [0m:      configure_evaluate: strategy sampled 5 clients (out of 5)
[36m(ClientAppActor pid=979529)[0m 
[36m(ClientAppActor pid=979529)[0m         
[36m(ClientAppActor pid=979529)[0m [93mWARNING [0m:   DEPRECATED FEATURE: `client_fn` now expects a signature `def client_fn(context: Context)`.The provided `client_fn` has signature: {'cid': <Parameter "cid: str">}. You can import the `Context` like this: `from flwr.app import Context`[32m [repeated 10x across cluster][0m
[36m(ClientAppActor pid=979529)[0m             This is a deprecated feature. It will be removed[32m [repeated 10x across cluster][0m
[36m(ClientAppActor pid=979529)[0m             entirely in future versions of Flower.[32m [repeated 10x across cluster][0m
[36m(ClientAppActor pid=979532)[0m 
[36m(ClientAppActor pid=979532)[0m         
[36m(ClientAppActor pid=979531)[0m 
[36m(ClientAppActor pid=979531)[0m         
[36m(ClientAppActor pid=979530)[0m 
[36m(ClientAppActor pid=979530)[0m         
[36m(ClientAppActor pid=979533)[0m 
[36m(ClientAppActor pid=979533)[0m         
[92mINFO [0m:      aggregate_evaluate: received 5 results and 0 failures
[92mINFO [0m:      
[92mINFO [0m:      [ROUND 6]
[92mINFO [0m:      configure_fit: strategy sampled 5 clients (out of 5)
[36m(ClientAppActor pid=979533)[0m 
[36m(ClientAppActor pid=979533)[0m         
[36m(ClientAppActor pid=979530)[0m 
[36m(ClientAppActor pid=979530)[0m         
[36m(ClientAppActor pid=979531)[0m 
[36m(ClientAppActor pid=979531)[0m         
[36m(ClientAppActor pid=979532)[0m 
[36m(ClientAppActor pid=979532)[0m         
[36m(ClientAppActor pid=979529)[0m 
[36m(ClientAppActor pid=979529)[0m         
[92mINFO [0m:      aggregate_fit: received 5 results and 0 failures
[92mINFO [0m:      fit progress: (6, 0.6403801023006439, {'accuracy': 0.7893, 'loss': 0.6403801023006439}, 96.30013008601964)
[92mINFO [0m:      configure_evaluate: strategy sampled 5 clients (out of 5)
[36m(ClientAppActor pid=979533)[0m 
[36m(ClientAppActor pid=979533)[0m         
[36m(ClientAppActor pid=979533)[0m [93mWARNING [0m:   DEPRECATED FEATURE: `client_fn` now expects a signature `def client_fn(context: Context)`.The provided `client_fn` has signature: {'cid': <Parameter "cid: str">}. You can import the `Context` like this: `from flwr.app import Context`[32m [repeated 10x across cluster][0m
[36m(ClientAppActor pid=979533)[0m             This is a deprecated feature. It will be removed[32m [repeated 10x across cluster][0m
[36m(ClientAppActor pid=979533)[0m             entirely in future versions of Flower.[32m [repeated 10x across cluster][0m
[36m(ClientAppActor pid=979529)[0m 
[36m(ClientAppActor pid=979529)[0m         
[36m(ClientAppActor pid=979531)[0m 
[36m(ClientAppActor pid=979531)[0m         
[36m(ClientAppActor pid=979532)[0m 
[36m(ClientAppActor pid=979532)[0m         
[36m(ClientAppActor pid=979530)[0m 
[36m(ClientAppActor pid=979530)[0m         
[92mINFO [0m:      aggregate_evaluate: received 5 results and 0 failures
[92mINFO [0m:      
[92mINFO [0m:      [ROUND 7]
[92mINFO [0m:      configure_fit: strategy sampled 5 clients (out of 5)
[36m(ClientAppActor pid=979530)[0m 
[36m(ClientAppActor pid=979530)[0m         
[36m(ClientAppActor pid=979532)[0m 
[36m(ClientAppActor pid=979532)[0m         
[36m(ClientAppActor pid=979531)[0m 
[36m(ClientAppActor pid=979531)[0m         
[36m(ClientAppActor pid=979529)[0m 
[36m(ClientAppActor pid=979529)[0m         
[36m(ClientAppActor pid=979533)[0m 
[36m(ClientAppActor pid=979533)[0m         
[92mINFO [0m:      aggregate_fit: received 5 results and 0 failures
[92mINFO [0m:      fit progress: (7, 0.6087023819446564, {'accuracy': 0.8001, 'loss': 0.6087023819446564}, 111.8382382580312)
[92mINFO [0m:      configure_evaluate: strategy sampled 5 clients (out of 5)
[36m(ClientAppActor pid=979532)[0m 
[36m(ClientAppActor pid=979532)[0m         
[36m(ClientAppActor pid=979532)[0m [93mWARNING [0m:   DEPRECATED FEATURE: `client_fn` now expects a signature `def client_fn(context: Context)`.The provided `client_fn` has signature: {'cid': <Parameter "cid: str">}. You can import the `Context` like this: `from flwr.app import Context`[32m [repeated 10x across cluster][0m
[36m(ClientAppActor pid=979532)[0m             This is a deprecated feature. It will be removed[32m [repeated 10x across cluster][0m
[36m(ClientAppActor pid=979532)[0m             entirely in future versions of Flower.[32m [repeated 10x across cluster][0m
[36m(ClientAppActor pid=979533)[0m 
[36m(ClientAppActor pid=979533)[0m         
[36m(ClientAppActor pid=979529)[0m 
[36m(ClientAppActor pid=979529)[0m         
[36m(ClientAppActor pid=979531)[0m 
[36m(ClientAppActor pid=979531)[0m         
[36m(ClientAppActor pid=979530)[0m 
[36m(ClientAppActor pid=979530)[0m         
[92mINFO [0m:      aggregate_evaluate: received 5 results and 0 failures
[92mINFO [0m:      
[92mINFO [0m:      [ROUND 8]
[92mINFO [0m:      configure_fit: strategy sampled 5 clients (out of 5)
[36m(ClientAppActor pid=979530)[0m 
[36m(ClientAppActor pid=979530)[0m         
[36m(ClientAppActor pid=979531)[0m 
[36m(ClientAppActor pid=979531)[0m         
[36m(ClientAppActor pid=979529)[0m 
[36m(ClientAppActor pid=979529)[0m         
[36m(ClientAppActor pid=979533)[0m 
[36m(ClientAppActor pid=979533)[0m         
[36m(ClientAppActor pid=979532)[0m 
[36m(ClientAppActor pid=979532)[0m         
[92mINFO [0m:      aggregate_fit: received 5 results and 0 failures
[92mINFO [0m:      fit progress: (8, 0.593886208486557, {'accuracy': 0.8066, 'loss': 0.593886208486557}, 127.78883541602409)
[92mINFO [0m:      configure_evaluate: strategy sampled 5 clients (out of 5)
[36m(ClientAppActor pid=979533)[0m 
[36m(ClientAppActor pid=979533)[0m         
[36m(ClientAppActor pid=979533)[0m [93mWARNING [0m:   DEPRECATED FEATURE: `client_fn` now expects a signature `def client_fn(context: Context)`.The provided `client_fn` has signature: {'cid': <Parameter "cid: str">}. You can import the `Context` like this: `from flwr.app import Context`[32m [repeated 10x across cluster][0m
[36m(ClientAppActor pid=979533)[0m             This is a deprecated feature. It will be removed[32m [repeated 10x across cluster][0m
[36m(ClientAppActor pid=979533)[0m             entirely in future versions of Flower.[32m [repeated 10x across cluster][0m
[36m(ClientAppActor pid=979532)[0m 
[36m(ClientAppActor pid=979532)[0m         
[36m(ClientAppActor pid=979529)[0m 
[36m(ClientAppActor pid=979529)[0m         
[36m(ClientAppActor pid=979530)[0m 
[36m(ClientAppActor pid=979530)[0m         
[36m(ClientAppActor pid=979531)[0m 
[36m(ClientAppActor pid=979531)[0m         
[92mINFO [0m:      aggregate_evaluate: received 5 results and 0 failures
[92mINFO [0m:      
[92mINFO [0m:      [ROUND 9]
[92mINFO [0m:      configure_fit: strategy sampled 5 clients (out of 5)
[36m(ClientAppActor pid=979531)[0m 
[36m(ClientAppActor pid=979531)[0m         
[36m(ClientAppActor pid=979530)[0m 
[36m(ClientAppActor pid=979530)[0m         
[36m(ClientAppActor pid=979529)[0m 
[36m(ClientAppActor pid=979529)[0m         
[36m(ClientAppActor pid=979532)[0m 
[36m(ClientAppActor pid=979532)[0m         
[36m(ClientAppActor pid=979533)[0m 
[36m(ClientAppActor pid=979533)[0m         
[92mINFO [0m:      aggregate_fit: received 5 results and 0 failures
[92mINFO [0m:      fit progress: (9, 0.6085472757816315, {'accuracy': 0.8056, 'loss': 0.6085472757816315}, 143.816710382991)
[92mINFO [0m:      configure_evaluate: strategy sampled 5 clients (out of 5)
[36m(ClientAppActor pid=979532)[0m 
[36m(ClientAppActor pid=979532)[0m         
[36m(ClientAppActor pid=979532)[0m [93mWARNING [0m:   DEPRECATED FEATURE: `client_fn` now expects a signature `def client_fn(context: Context)`.The provided `client_fn` has signature: {'cid': <Parameter "cid: str">}. You can import the `Context` like this: `from flwr.app import Context`[32m [repeated 10x across cluster][0m
[36m(ClientAppActor pid=979532)[0m             This is a deprecated feature. It will be removed[32m [repeated 10x across cluster][0m
[36m(ClientAppActor pid=979532)[0m             entirely in future versions of Flower.[32m [repeated 10x across cluster][0m
[36m(ClientAppActor pid=979529)[0m 
[36m(ClientAppActor pid=979529)[0m         
[36m(ClientAppActor pid=979533)[0m 
[36m(ClientAppActor pid=979533)[0m         
[36m(ClientAppActor pid=979530)[0m 
[36m(ClientAppActor pid=979530)[0m         
[36m(ClientAppActor pid=979531)[0m 
[36m(ClientAppActor pid=979531)[0m         
[92mINFO [0m:      aggregate_evaluate: received 5 results and 0 failures
[92mINFO [0m:      
[92mINFO [0m:      [ROUND 10]
[92mINFO [0m:      configure_fit: strategy sampled 5 clients (out of 5)
[36m(ClientAppActor pid=979531)[0m 
[36m(ClientAppActor pid=979531)[0m         
[36m(ClientAppActor pid=979530)[0m 
[36m(ClientAppActor pid=979530)[0m         
[36m(ClientAppActor pid=979533)[0m 
[36m(ClientAppActor pid=979533)[0m         
[36m(ClientAppActor pid=979529)[0m 
[36m(ClientAppActor pid=979529)[0m         
[36m(ClientAppActor pid=979532)[0m 
[36m(ClientAppActor pid=979532)[0m         
[92mINFO [0m:      aggregate_fit: received 5 results and 0 failures
[92mINFO [0m:      fit progress: (10, 0.6307687769889831, {'accuracy': 0.8102, 'loss': 0.6307687769889831}, 159.25333746598335)
[92mINFO [0m:      configure_evaluate: strategy sampled 5 clients (out of 5)
[36m(ClientAppActor pid=979531)[0m 
[36m(ClientAppActor pid=979531)[0m         
[36m(ClientAppActor pid=979531)[0m [93mWARNING [0m:   DEPRECATED FEATURE: `client_fn` now expects a signature `def client_fn(context: Context)`.The provided `client_fn` has signature: {'cid': <Parameter "cid: str">}. You can import the `Context` like this: `from flwr.app import Context`[32m [repeated 10x across cluster][0m
[36m(ClientAppActor pid=979531)[0m             This is a deprecated feature. It will be removed[32m [repeated 10x across cluster][0m
[36m(ClientAppActor pid=979531)[0m             entirely in future versions of Flower.[32m [repeated 10x across cluster][0m
[36m(ClientAppActor pid=979533)[0m 
[36m(ClientAppActor pid=979533)[0m         
[36m(ClientAppActor pid=979530)[0m 
[36m(ClientAppActor pid=979530)[0m         
[36m(ClientAppActor pid=979529)[0m 
[36m(ClientAppActor pid=979529)[0m         
[36m(ClientAppActor pid=979532)[0m 
[36m(ClientAppActor pid=979532)[0m         
[92mINFO [0m:      aggregate_evaluate: received 5 results and 0 failures
[92mINFO [0m:      
[92mINFO [0m:      [SUMMARY]
[92mINFO [0m:      Run finished 10 round(s) in 160.21s
[92mINFO [0m:      	History (loss, distributed):
[92mINFO [0m:      		round 1: 2.1607633927384584
[92mINFO [0m:      		round 2: 1.2257016382965387
[92mINFO [0m:      		round 3: 0.8760124156180741
[92mINFO [0m:      		round 4: 0.7514939992999783
[92mINFO [0m:      		round 5: 0.6940360651517353
[92mINFO [0m:      		round 6: 0.640093758319165
[92mINFO [0m:      		round 7: 0.6091130357243124
[92mINFO [0m:      		round 8: 0.5881209894001078
[92mINFO [0m:      		round 9: 0.6038504695999068
[92mINFO [0m:      		round 10: 0.6397811222915389
[92mINFO [0m:      	History (loss, centralized):
[92mINFO [0m:      		round 0: 2.303505786514282
[92mINFO [0m:      		round 1: 2.1648505111694334
[92mINFO [0m:      		round 2: 1.2075686786651612
[92mINFO [0m:      		round 3: 0.8599353908538818
[92mINFO [0m:      		round 4: 0.748423628616333
[92mINFO [0m:      		round 5: 0.687000782775879
[92mINFO [0m:      		round 6: 0.6403801023006439
[92mINFO [0m:      		round 7: 0.6087023819446564
[92mINFO [0m:      		round 8: 0.593886208486557
[92mINFO [0m:      		round 9: 0.6085472757816315
[92mINFO [0m:      		round 10: 0.6307687769889831
[92mINFO [0m:      	History (metrics, distributed, fit):
[92mINFO [0m:      	{'avg_epochs_weighted': [(1, 4.0),
[92mINFO [0m:      	                         (2, 4.0),
[92mINFO [0m:      	                         (3, 4.0),
[92mINFO [0m:      	                         (4, 4.0),
[92mINFO [0m:      	                         (5, 4.0),
[92mINFO [0m:      	                         (6, 4.0),
[92mINFO [0m:      	                         (7, 4.0),
[92mINFO [0m:      	                         (8, 4.0),
[92mINFO [0m:      	                         (9, 4.0),
[92mINFO [0m:      	                         (10, 4.0)],
[92mINFO [0m:      	 'avg_flops_per_client_round': [(1, 6512499351552.0),
[92mINFO [0m:      	                                (2, 6512499351552.0),
[92mINFO [0m:      	                                (3, 6512499351552.0),
[92mINFO [0m:      	                                (4, 6512499351552.0),
[92mINFO [0m:      	                                (5, 6512499351552.0),
[92mINFO [0m:      	                                (6, 6512499351552.0),
[92mINFO [0m:      	                                (7, 6512499351552.0),
[92mINFO [0m:      	                                (8, 6512499351552.0),
[92mINFO [0m:      	                                (9, 6512499351552.0),
[92mINFO [0m:      	                                (10, 6512499351552.0)],
[92mINFO [0m:      	 'avg_lr_weighted': [(1, 0.0071594044641580526),
[92mINFO [0m:      	                     (2, 0.0071594044641580526),
[92mINFO [0m:      	                     (3, 0.0071594044641580526),
[92mINFO [0m:      	                     (4, 0.0071594044641580526),
[92mINFO [0m:      	                     (5, 0.0071594044641580526),
[92mINFO [0m:      	                     (6, 0.0071594044641580526),
[92mINFO [0m:      	                     (7, 0.0071594044641580526),
[92mINFO [0m:      	                     (8, 0.0071594044641580526),
[92mINFO [0m:      	                     (9, 0.0071594044641580526),
[92mINFO [0m:      	                     (10, 0.0071594044641580526)],
[92mINFO [0m:      	 'total_flops_round': [(1, 32562496757760),
[92mINFO [0m:      	                       (2, 32562496757760),
[92mINFO [0m:      	                       (3, 32562496757760),
[92mINFO [0m:      	                       (4, 32562496757760),
[92mINFO [0m:      	                       (5, 32562496757760),
[92mINFO [0m:      	                       (6, 32562496757760),
[92mINFO [0m:      	                       (7, 32562496757760),
[92mINFO [0m:      	                       (8, 32562496757760),
[92mINFO [0m:      	                       (9, 32562496757760),
[92mINFO [0m:      	                       (10, 32562496757760)]}
[92mINFO [0m:      	History (metrics, distributed, evaluate):
[92mINFO [0m:      	{'accuracy': [(1, 0.22769107643057224),
[92mINFO [0m:      	              (2, 0.6120448179271709),
[92mINFO [0m:      	              (3, 0.6848739495798319),
[92mINFO [0m:      	              (4, 0.7364945978391356),
[92mINFO [0m:      	              (5, 0.7571028411364545),
[92mINFO [0m:      	              (6, 0.7817126850740296),
[92mINFO [0m:      	              (7, 0.7981192476990796),
[92mINFO [0m:      	              (8, 0.8021208483393357),
[92mINFO [0m:      	              (9, 0.8075230092036815),
[92mINFO [0m:      	              (10, 0.7985194077631053)],
[92mINFO [0m:      	 'loss': [(1, 2.1607633927384584),
[92mINFO [0m:      	          (2, 1.2257016382965387),
[92mINFO [0m:      	          (3, 0.8760124156180741),
[92mINFO [0m:      	          (4, 0.7514939992999783),
[92mINFO [0m:      	          (5, 0.6940360651517353),
[92mINFO [0m:      	          (6, 0.640093758319165),
[92mINFO [0m:      	          (7, 0.6091130357243124),
[92mINFO [0m:      	          (8, 0.5881209894001078),
[92mINFO [0m:      	          (9, 0.6038504695999068),
[92mINFO [0m:      	          (10, 0.6397811222915389)]}
[92mINFO [0m:      	History (metrics, centralized):
[92mINFO [0m:      	{'accuracy': [(0, 0.1001),
[92mINFO [0m:      	              (1, 0.2209),
[92mINFO [0m:      	              (2, 0.6242),
[92mINFO [0m:      	              (3, 0.7003),
[92mINFO [0m:      	              (4, 0.7414),
[92mINFO [0m:      	              (5, 0.7641),
[92mINFO [0m:      	              (6, 0.7893),
[92mINFO [0m:      	              (7, 0.8001),
[92mINFO [0m:      	              (8, 0.8066),
[92mINFO [0m:      	              (9, 0.8056),
[92mINFO [0m:      	              (10, 0.8102)],
[92mINFO [0m:      	 'loss': [(0, 2.303505786514282),
[92mINFO [0m:      	          (1, 2.1648505111694334),
[92mINFO [0m:      	          (2, 1.2075686786651612),
[92mINFO [0m:      	          (3, 0.8599353908538818),
[92mINFO [0m:      	          (4, 0.748423628616333),
[92mINFO [0m:      	          (5, 0.687000782775879),
[92mINFO [0m:      	          (6, 0.6403801023006439),
[92mINFO [0m:      	          (7, 0.6087023819446564),
[92mINFO [0m:      	          (8, 0.593886208486557),
[92mINFO [0m:      	          (9, 0.6085472757816315),
[92mINFO [0m:      	          (10, 0.6307687769889831)]}
[92mINFO [0m:      
Treinando no dispositivo: cuda:0 com o dataset: CIFAR10 | Setup clientes: 5 (num_gpus por cliente=0.2) | SEED=42
FLOPS por amostra (forward): 6.030e+07 | (forward+backward, 3x): 1.809e+08
Files already downloaded and verified
Files already downloaded and verified
Dividindo o dataset usando a distribuição de Dirichlet com alpha=1.0.
Iniciando a simulação de Aprendizado Federado...
=== Diagnóstico de Medição de GPU ===
  pynvml_disponivel: True
  pynvml_versao: 580.173.02
  gpus_detectadas: 1
  leitura_potencia_ok: True
  potencia_atual_W: 63.618

--- Rodada 0 - Avaliação Centralizada (Servidor) ---
Loss (Servidor): 2.3035 | Acurácia (Servidor): 0.1001
[36m(ClientAppActor pid=979532)[0m Cliente 2: HetRaw=0.7363 | HetNorm=0.2454 | Epochs=4 (dyn=True) | LR=0.007309 (dyn=True) | FedProx=True (mu=0.01)

--- Rodada 1 - Avaliação Centralizada (Servidor) ---
Loss (Servidor): 2.1649 | Acurácia (Servidor): 0.2209
--- Avaliação Agregada (Clientes) ---
Loss Média (Clientes): 2.1608 | Acurácia Média (Clientes): 0.2277
[36m(ClientAppActor pid=979532)[0m Cliente 4: HetRaw=0.8722 | HetNorm=0.2907 | Epochs=4 (dyn=True) | LR=0.006963 (dyn=True) | FedProx=True (mu=0.01)[32m [repeated 5x across cluster][0m

--- Rodada 2 - Avaliação Centralizada (Servidor) ---
Loss (Servidor): 1.2076 | Acurácia (Servidor): 0.6242
--- Avaliação Agregada (Clientes) ---
Loss Média (Clientes): 1.2257 | Acurácia Média (Clientes): 0.6120
[36m(ClientAppActor pid=979532)[0m Cliente 3: HetRaw=0.5949 | HetNorm=0.1983 | Epochs=4 (dyn=True) | LR=0.007707 (dyn=True) | FedProx=True (mu=0.01)[32m [repeated 5x across cluster][0m

--- Rodada 3 - Avaliação Centralizada (Servidor) ---
Loss (Servidor): 0.8599 | Acurácia (Servidor): 0.7003
--- Avaliação Agregada (Clientes) ---
Loss Média (Clientes): 0.8760 | Acurácia Média (Clientes): 0.6849
[36m(ClientAppActor pid=979531)[0m Cliente 4: HetRaw=0.8722 | HetNorm=0.2907 | Epochs=4 (dyn=True) | LR=0.006963 (dyn=True) | FedProx=True (mu=0.01)[32m [repeated 5x across cluster][0m

--- Rodada 4 - Avaliação Centralizada (Servidor) ---
Loss (Servidor): 0.7484 | Acurácia (Servidor): 0.7414
--- Avaliação Agregada (Clientes) ---
Loss Média (Clientes): 0.7515 | Acurácia Média (Clientes): 0.7365
[36m(ClientAppActor pid=979531)[0m Cliente 0: HetRaw=0.8656 | HetNorm=0.2885 | Epochs=4 (dyn=True) | LR=0.006979 (dyn=True) | FedProx=True (mu=0.01)[32m [repeated 5x across cluster][0m

--- Rodada 5 - Avaliação Centralizada (Servidor) ---
Loss (Servidor): 0.6870 | Acurácia (Servidor): 0.7641
--- Avaliação Agregada (Clientes) ---
Loss Média (Clientes): 0.6940 | Acurácia Média (Clientes): 0.7571
[36m(ClientAppActor pid=979533)[0m Cliente 3: HetRaw=0.5949 | HetNorm=0.1983 | Epochs=4 (dyn=True) | LR=0.007707 (dyn=True) | FedProx=True (mu=0.01)[32m [repeated 5x across cluster][0m

--- Rodada 6 - Avaliação Centralizada (Servidor) ---
Loss (Servidor): 0.6404 | Acurácia (Servidor): 0.7893
--- Avaliação Agregada (Clientes) ---
Loss Média (Clientes): 0.6401 | Acurácia Média (Clientes): 0.7817
[36m(ClientAppActor pid=979530)[0m Cliente 4: HetRaw=0.8722 | HetNorm=0.2907 | Epochs=4 (dyn=True) | LR=0.006963 (dyn=True) | FedProx=True (mu=0.01)[32m [repeated 5x across cluster][0m

--- Rodada 7 - Avaliação Centralizada (Servidor) ---
Loss (Servidor): 0.6087 | Acurácia (Servidor): 0.8001
--- Avaliação Agregada (Clientes) ---
Loss Média (Clientes): 0.6091 | Acurácia Média (Clientes): 0.7981
[36m(ClientAppActor pid=979530)[0m Cliente 1: HetRaw=1.0550 | HetNorm=0.3517 | Epochs=4 (dyn=True) | LR=0.006547 (dyn=True) | FedProx=True (mu=0.01)[32m [repeated 5x across cluster][0m

--- Rodada 8 - Avaliação Centralizada (Servidor) ---
Loss (Servidor): 0.5939 | Acurácia (Servidor): 0.8066
--- Avaliação Agregada (Clientes) ---
Loss Média (Clientes): 0.5881 | Acurácia Média (Clientes): 0.8021
[36m(ClientAppActor pid=979531)[0m Cliente 4: HetRaw=0.8722 | HetNorm=0.2907 | Epochs=4 (dyn=True) | LR=0.006963 (dyn=True) | FedProx=True (mu=0.01)[32m [repeated 5x across cluster][0m

--- Rodada 9 - Avaliação Centralizada (Servidor) ---
Loss (Servidor): 0.6085 | Acurácia (Servidor): 0.8056
--- Avaliação Agregada (Clientes) ---
Loss Média (Clientes): 0.6039 | Acurácia Média (Clientes): 0.8075
[36m(ClientAppActor pid=979531)[0m Cliente 3: HetRaw=0.5949 | HetNorm=0.1983 | Epochs=4 (dyn=True) | LR=0.007707 (dyn=True) | FedProx=True (mu=0.01)[32m [repeated 5x across cluster][0m

--- Rodada 10 - Avaliação Centralizada (Servidor) ---
Loss (Servidor): 0.6308 | Acurácia (Servidor): 0.8102
--- Avaliação Agregada (Clientes) ---
Loss Média (Clientes): 0.6398 | Acurácia Média (Clientes): 0.7985

Resultados salvos em: /home/tiago/GitHubProjects/fedhad-thesis-2/FedHAD-results/1.1_diagnostico_drift/CIFAR10-Standard/FedHAD__CIFAR10__Mode-STANDARD__Cfg-E1L1F1__Setup-5__Clients-5__Rounds-10__Delay-0_05__Alpha-1_0__Seed-42.txt
[36m(ClientAppActor pid=979532)[0m [93mWARNING [0m:   DEPRECATED FEATURE: `client_fn` now expects a signature `def client_fn(context: Context)`.The provided `client_fn` has signature: {'cid': <Parameter "cid: str">}. You can import the `Context` like this: `from flwr.app import Context`[32m [repeated 4x across cluster][0m
[36m(ClientAppActor pid=979532)[0m             This is a deprecated feature. It will be removed[32m [repeated 4x across cluster][0m
[36m(ClientAppActor pid=979532)[0m             entirely in future versions of Flower.[32m [repeated 4x across cluster][0m
[36m(ClientAppActor pid=979532)[0m Cliente 4: HetRaw=0.8722 | HetNorm=0.2907 | Epochs=4 (dyn=True) | LR=0.006963 (dyn=True) | FedProx=True (mu=0.01)[32m [repeated 4x across cluster][0m
