[codecarbon WARNING @ 17:08:48] Multiple instances of codecarbon are allowed to run at the same time.
[93mWARNING [0m:   DEPRECATED FEATURE: flwr.simulation.start_simulation() is deprecated.
	Instead, use the `flwr run` CLI command to start a local simulation in your Flower app, as shown for example below:

		$ flwr new  # Create a new Flower app from a template

		$ flwr run  # Run the Flower app in Simulation Mode

	Using `start_simulation()` is deprecated.

            This is a deprecated feature. It will be removed
            entirely in future versions of Flower.
        
[92mINFO [0m:      Starting Flower simulation, config: num_rounds=10, no round_timeout
2026-09-04 17:08:56,860	INFO worker.py:2012 -- Started a local Ray instance.
/home/tiago/GitHubProjects/fedhad-thesis-2/env_flwr_pt/lib/python3.12/site-packages/ray/_private/worker.py:2051: FutureWarning: Tip: In future versions of Ray, Ray will no longer override accelerator visible devices env var if num_gpus=0 or num_gpus=None (default). To enable this behavior and turn off this error message, set RAY_ACCEL_ENV_VAR_OVERRIDE_ON_ZERO=0
  warnings.warn(
[92mINFO [0m:      Flower VCE: Ray initialized with resources: {'node:10.129.64.100': 1.0, 'accelerator_type:A40': 1.0, 'CPU': 64.0, 'object_store_memory': 77508618240.0, 'node:__internal_head__': 1.0, 'GPU': 1.0, 'memory': 180853442560.0}
[92mINFO [0m:      Optimize your simulation with Flower VCE: https://flower.ai/docs/framework/how-to-run-simulations.html
/home/tiago/GitHubProjects/fedhad-thesis-2/FedHAD_Final_2.0.py:1916: UserWarning: No `num_cpus` specified in `client_resources`. Using `num_cpus=1` for each client.
  history = fl.simulation.start_simulation(
[92mINFO [0m:      Flower VCE: Resources for each Virtual Client: {'num_gpus': 0.2, 'num_cpus': 1}
[92mINFO [0m:      Flower VCE: Creating VirtualClientEngineActorPool with 5 actors
[92mINFO [0m:      [INIT]
[92mINFO [0m:      Requesting initial parameters from one random client
[36m(ClientAppActor pid=1104575)[0m [93mWARNING [0m:   DEPRECATED FEATURE: `client_fn` now expects a signature `def client_fn(context: Context)`.The provided `client_fn` has signature: {'cid': <Parameter "cid: str">}. You can import the `Context` like this: `from flwr.app import Context`
[36m(ClientAppActor pid=1104575)[0m 
[36m(ClientAppActor pid=1104575)[0m             This is a deprecated feature. It will be removed
[36m(ClientAppActor pid=1104575)[0m             entirely in future versions of Flower.
[36m(ClientAppActor pid=1104575)[0m         
[92mINFO [0m:      Received initial parameters from one random client
[92mINFO [0m:      Starting evaluation of initial global parameters
[92mINFO [0m:      initial parameters (loss, other metrics): 2.3031883583068846, {'accuracy': 0.1096, 'loss': 2.3031883583068846}
[92mINFO [0m:      
[92mINFO [0m:      [ROUND 1]
[92mINFO [0m:      configure_fit: strategy sampled 5 clients (out of 5)
[36m(ClientAppActor pid=1104575)[0m [93mWARNING [0m:   DEPRECATED FEATURE: `client_fn` now expects a signature `def client_fn(context: Context)`.The provided `client_fn` has signature: {'cid': <Parameter "cid: str">}. You can import the `Context` like this: `from flwr.app import Context`
[36m(ClientAppActor pid=1104575)[0m 
[36m(ClientAppActor pid=1104575)[0m             This is a deprecated feature. It will be removed
[36m(ClientAppActor pid=1104575)[0m             entirely in future versions of Flower.
[36m(ClientAppActor pid=1104575)[0m         
[36m(ClientAppActor pid=1104573)[0m 
[36m(ClientAppActor pid=1104573)[0m         
[36m(ClientAppActor pid=1104574)[0m 
[36m(ClientAppActor pid=1104574)[0m         
[36m(ClientAppActor pid=1104572)[0m 
[36m(ClientAppActor pid=1104572)[0m         
[36m(ClientAppActor pid=1104571)[0m 
[36m(ClientAppActor pid=1104571)[0m         
[92mINFO [0m:      aggregate_fit: received 5 results and 0 failures
[92mINFO [0m:      fit progress: (1, 2.142150029373169, {'accuracy': 0.2648, 'loss': 2.142150029373169}, 20.090803071972914)
[92mINFO [0m:      configure_evaluate: strategy sampled 5 clients (out of 5)
[36m(ClientAppActor pid=1104574)[0m 
[36m(ClientAppActor pid=1104574)[0m         
[36m(ClientAppActor pid=1104574)[0m [93mWARNING [0m:   DEPRECATED FEATURE: `client_fn` now expects a signature `def client_fn(context: Context)`.The provided `client_fn` has signature: {'cid': <Parameter "cid: str">}. You can import the `Context` like this: `from flwr.app import Context`[32m [repeated 5x across cluster] (Ray deduplicates logs by default. Set RAY_DEDUP_LOGS=0 to disable log deduplication, or see https://docs.ray.io/en/master/ray-observability/user-guides/configure-logging.html#log-deduplication for more options.)[0m
[36m(ClientAppActor pid=1104574)[0m             This is a deprecated feature. It will be removed[32m [repeated 5x across cluster][0m
[36m(ClientAppActor pid=1104574)[0m             entirely in future versions of Flower.[32m [repeated 5x across cluster][0m
[36m(ClientAppActor pid=1104573)[0m 
[36m(ClientAppActor pid=1104573)[0m         
[36m(ClientAppActor pid=1104575)[0m 
[36m(ClientAppActor pid=1104575)[0m         
[36m(ClientAppActor pid=1104571)[0m 
[36m(ClientAppActor pid=1104571)[0m         
[36m(ClientAppActor pid=1104572)[0m 
[36m(ClientAppActor pid=1104572)[0m         
[92mINFO [0m:      aggregate_evaluate: received 5 results and 0 failures
[92mINFO [0m:      
[92mINFO [0m:      [ROUND 2]
[92mINFO [0m:      configure_fit: strategy sampled 5 clients (out of 5)
[36m(ClientAppActor pid=1104572)[0m 
[36m(ClientAppActor pid=1104572)[0m         
[36m(ClientAppActor pid=1104573)[0m 
[36m(ClientAppActor pid=1104573)[0m         
[36m(ClientAppActor pid=1104575)[0m 
[36m(ClientAppActor pid=1104575)[0m         
[36m(ClientAppActor pid=1104571)[0m 
[36m(ClientAppActor pid=1104571)[0m         
[36m(ClientAppActor pid=1104574)[0m 
[36m(ClientAppActor pid=1104574)[0m         
[92mINFO [0m:      aggregate_fit: received 5 results and 0 failures
[92mINFO [0m:      fit progress: (2, 1.6250195217132568, {'accuracy': 0.5196, 'loss': 1.6250195217132568}, 38.214364513987675)
[92mINFO [0m:      configure_evaluate: strategy sampled 5 clients (out of 5)
[36m(ClientAppActor pid=1104574)[0m 
[36m(ClientAppActor pid=1104574)[0m         
[36m(ClientAppActor pid=1104574)[0m [93mWARNING [0m:   DEPRECATED FEATURE: `client_fn` now expects a signature `def client_fn(context: Context)`.The provided `client_fn` has signature: {'cid': <Parameter "cid: str">}. You can import the `Context` like this: `from flwr.app import Context`[32m [repeated 10x across cluster][0m
[36m(ClientAppActor pid=1104574)[0m             This is a deprecated feature. It will be removed[32m [repeated 10x across cluster][0m
[36m(ClientAppActor pid=1104574)[0m             entirely in future versions of Flower.[32m [repeated 10x across cluster][0m
[36m(ClientAppActor pid=1104572)[0m 
[36m(ClientAppActor pid=1104572)[0m         
[36m(ClientAppActor pid=1104575)[0m 
[36m(ClientAppActor pid=1104575)[0m         
[36m(ClientAppActor pid=1104571)[0m 
[36m(ClientAppActor pid=1104571)[0m         
[36m(ClientAppActor pid=1104573)[0m 
[36m(ClientAppActor pid=1104573)[0m         
[92mINFO [0m:      aggregate_evaluate: received 5 results and 0 failures
[92mINFO [0m:      
[92mINFO [0m:      [ROUND 3]
[92mINFO [0m:      configure_fit: strategy sampled 5 clients (out of 5)
[36m(ClientAppActor pid=1104573)[0m 
[36m(ClientAppActor pid=1104573)[0m         
[36m(ClientAppActor pid=1104571)[0m 
[36m(ClientAppActor pid=1104571)[0m         
[36m(ClientAppActor pid=1104575)[0m 
[36m(ClientAppActor pid=1104575)[0m         
[36m(ClientAppActor pid=1104572)[0m 
[36m(ClientAppActor pid=1104572)[0m         
[36m(ClientAppActor pid=1104574)[0m 
[36m(ClientAppActor pid=1104574)[0m         
[92mINFO [0m:      aggregate_fit: received 5 results and 0 failures
[92mINFO [0m:      fit progress: (3, 1.424656845664978, {'accuracy': 0.5606, 'loss': 1.424656845664978}, 56.0401598479948)
[92mINFO [0m:      configure_evaluate: strategy sampled 5 clients (out of 5)
[36m(ClientAppActor pid=1104573)[0m 
[36m(ClientAppActor pid=1104573)[0m         
[36m(ClientAppActor pid=1104573)[0m [93mWARNING [0m:   DEPRECATED FEATURE: `client_fn` now expects a signature `def client_fn(context: Context)`.The provided `client_fn` has signature: {'cid': <Parameter "cid: str">}. You can import the `Context` like this: `from flwr.app import Context`[32m [repeated 10x across cluster][0m
[36m(ClientAppActor pid=1104573)[0m             This is a deprecated feature. It will be removed[32m [repeated 10x across cluster][0m
[36m(ClientAppActor pid=1104573)[0m             entirely in future versions of Flower.[32m [repeated 10x across cluster][0m
[36m(ClientAppActor pid=1104571)[0m 
[36m(ClientAppActor pid=1104571)[0m         
[36m(ClientAppActor pid=1104575)[0m 
[36m(ClientAppActor pid=1104575)[0m         
[36m(ClientAppActor pid=1104574)[0m 
[36m(ClientAppActor pid=1104574)[0m         
[36m(ClientAppActor pid=1104572)[0m 
[36m(ClientAppActor pid=1104572)[0m         
[92mINFO [0m:      aggregate_evaluate: received 5 results and 0 failures
[92mINFO [0m:      
[92mINFO [0m:      [ROUND 4]
[92mINFO [0m:      configure_fit: strategy sampled 5 clients (out of 5)
[36m(ClientAppActor pid=1104572)[0m 
[36m(ClientAppActor pid=1104572)[0m         
[36m(ClientAppActor pid=1104571)[0m 
[36m(ClientAppActor pid=1104571)[0m         
[36m(ClientAppActor pid=1104574)[0m 
[36m(ClientAppActor pid=1104574)[0m         
[36m(ClientAppActor pid=1104575)[0m 
[36m(ClientAppActor pid=1104575)[0m         
[36m(ClientAppActor pid=1104573)[0m 
[36m(ClientAppActor pid=1104573)[0m         
[92mINFO [0m:      aggregate_fit: received 5 results and 0 failures
[92mINFO [0m:      fit progress: (4, 1.3325908325195313, {'accuracy': 0.5858, 'loss': 1.3325908325195313}, 73.51222484296886)
[92mINFO [0m:      configure_evaluate: strategy sampled 5 clients (out of 5)
[36m(ClientAppActor pid=1104571)[0m 
[36m(ClientAppActor pid=1104571)[0m         
[36m(ClientAppActor pid=1104571)[0m [93mWARNING [0m:   DEPRECATED FEATURE: `client_fn` now expects a signature `def client_fn(context: Context)`.The provided `client_fn` has signature: {'cid': <Parameter "cid: str">}. You can import the `Context` like this: `from flwr.app import Context`[32m [repeated 10x across cluster][0m
[36m(ClientAppActor pid=1104571)[0m             This is a deprecated feature. It will be removed[32m [repeated 10x across cluster][0m
[36m(ClientAppActor pid=1104571)[0m             entirely in future versions of Flower.[32m [repeated 10x across cluster][0m
[36m(ClientAppActor pid=1104575)[0m 
[36m(ClientAppActor pid=1104575)[0m         
[36m(ClientAppActor pid=1104574)[0m 
[36m(ClientAppActor pid=1104574)[0m         
[36m(ClientAppActor pid=1104573)[0m 
[36m(ClientAppActor pid=1104573)[0m         
[36m(ClientAppActor pid=1104572)[0m 
[36m(ClientAppActor pid=1104572)[0m         
[92mINFO [0m:      aggregate_evaluate: received 5 results and 0 failures
[92mINFO [0m:      
[92mINFO [0m:      [ROUND 5]
[92mINFO [0m:      configure_fit: strategy sampled 5 clients (out of 5)
[36m(ClientAppActor pid=1104572)[0m 
[36m(ClientAppActor pid=1104572)[0m         
[36m(ClientAppActor pid=1104573)[0m 
[36m(ClientAppActor pid=1104573)[0m         
[36m(ClientAppActor pid=1104575)[0m 
[36m(ClientAppActor pid=1104575)[0m         
[36m(ClientAppActor pid=1104574)[0m 
[36m(ClientAppActor pid=1104574)[0m         
[36m(ClientAppActor pid=1104571)[0m 
[36m(ClientAppActor pid=1104571)[0m         
[92mINFO [0m:      aggregate_fit: received 5 results and 0 failures
[92mINFO [0m:      fit progress: (5, 1.1899392129898072, {'accuracy': 0.6162, 'loss': 1.1899392129898072}, 91.65783103497233)
[92mINFO [0m:      configure_evaluate: strategy sampled 5 clients (out of 5)
[36m(ClientAppActor pid=1104571)[0m 
[36m(ClientAppActor pid=1104571)[0m         
[36m(ClientAppActor pid=1104571)[0m [93mWARNING [0m:   DEPRECATED FEATURE: `client_fn` now expects a signature `def client_fn(context: Context)`.The provided `client_fn` has signature: {'cid': <Parameter "cid: str">}. You can import the `Context` like this: `from flwr.app import Context`[32m [repeated 10x across cluster][0m
[36m(ClientAppActor pid=1104571)[0m             This is a deprecated feature. It will be removed[32m [repeated 10x across cluster][0m
[36m(ClientAppActor pid=1104571)[0m             entirely in future versions of Flower.[32m [repeated 10x across cluster][0m
[36m(ClientAppActor pid=1104574)[0m 
[36m(ClientAppActor pid=1104574)[0m         
[36m(ClientAppActor pid=1104573)[0m 
[36m(ClientAppActor pid=1104573)[0m         
[36m(ClientAppActor pid=1104575)[0m 
[36m(ClientAppActor pid=1104575)[0m         
[36m(ClientAppActor pid=1104572)[0m 
[36m(ClientAppActor pid=1104572)[0m         
[92mINFO [0m:      aggregate_evaluate: received 5 results and 0 failures
[92mINFO [0m:      
[92mINFO [0m:      [ROUND 6]
[92mINFO [0m:      configure_fit: strategy sampled 5 clients (out of 5)
[36m(ClientAppActor pid=1104572)[0m 
[36m(ClientAppActor pid=1104572)[0m         
[36m(ClientAppActor pid=1104575)[0m 
[36m(ClientAppActor pid=1104575)[0m         
[36m(ClientAppActor pid=1104574)[0m 
[36m(ClientAppActor pid=1104574)[0m         
[36m(ClientAppActor pid=1104573)[0m 
[36m(ClientAppActor pid=1104573)[0m         
[36m(ClientAppActor pid=1104571)[0m 
[36m(ClientAppActor pid=1104571)[0m         
[92mINFO [0m:      aggregate_fit: received 5 results and 0 failures
[92mINFO [0m:      fit progress: (6, 1.243119323348999, {'accuracy': 0.624, 'loss': 1.243119323348999}, 109.0844992819475)
[92mINFO [0m:      configure_evaluate: strategy sampled 5 clients (out of 5)
[36m(ClientAppActor pid=1104575)[0m 
[36m(ClientAppActor pid=1104575)[0m         
[36m(ClientAppActor pid=1104575)[0m [93mWARNING [0m:   DEPRECATED FEATURE: `client_fn` now expects a signature `def client_fn(context: Context)`.The provided `client_fn` has signature: {'cid': <Parameter "cid: str">}. You can import the `Context` like this: `from flwr.app import Context`[32m [repeated 10x across cluster][0m
[36m(ClientAppActor pid=1104575)[0m             This is a deprecated feature. It will be removed[32m [repeated 10x across cluster][0m
[36m(ClientAppActor pid=1104575)[0m             entirely in future versions of Flower.[32m [repeated 10x across cluster][0m
[36m(ClientAppActor pid=1104574)[0m 
[36m(ClientAppActor pid=1104574)[0m         
[36m(ClientAppActor pid=1104573)[0m 
[36m(ClientAppActor pid=1104573)[0m         
[36m(ClientAppActor pid=1104571)[0m 
[36m(ClientAppActor pid=1104571)[0m         
[36m(ClientAppActor pid=1104572)[0m 
[36m(ClientAppActor pid=1104572)[0m         
[92mINFO [0m:      aggregate_evaluate: received 5 results and 0 failures
[92mINFO [0m:      
[92mINFO [0m:      [ROUND 7]
[92mINFO [0m:      configure_fit: strategy sampled 5 clients (out of 5)
[36m(ClientAppActor pid=1104572)[0m 
[36m(ClientAppActor pid=1104572)[0m         
[36m(ClientAppActor pid=1104571)[0m 
[36m(ClientAppActor pid=1104571)[0m         
[36m(ClientAppActor pid=1104573)[0m 
[36m(ClientAppActor pid=1104573)[0m         
[36m(ClientAppActor pid=1104574)[0m 
[36m(ClientAppActor pid=1104574)[0m         
[36m(ClientAppActor pid=1104575)[0m 
[36m(ClientAppActor pid=1104575)[0m         
[92mINFO [0m:      aggregate_fit: received 5 results and 0 failures
[92mINFO [0m:      fit progress: (7, 1.1850252698898316, {'accuracy': 0.6328, 'loss': 1.1850252698898316}, 126.98826743499376)
[92mINFO [0m:      configure_evaluate: strategy sampled 5 clients (out of 5)
[36m(ClientAppActor pid=1104575)[0m 
[36m(ClientAppActor pid=1104575)[0m         
[36m(ClientAppActor pid=1104575)[0m [93mWARNING [0m:   DEPRECATED FEATURE: `client_fn` now expects a signature `def client_fn(context: Context)`.The provided `client_fn` has signature: {'cid': <Parameter "cid: str">}. You can import the `Context` like this: `from flwr.app import Context`[32m [repeated 10x across cluster][0m
[36m(ClientAppActor pid=1104575)[0m             This is a deprecated feature. It will be removed[32m [repeated 10x across cluster][0m
[36m(ClientAppActor pid=1104575)[0m             entirely in future versions of Flower.[32m [repeated 10x across cluster][0m
[36m(ClientAppActor pid=1104572)[0m 
[36m(ClientAppActor pid=1104572)[0m         
[36m(ClientAppActor pid=1104574)[0m 
[36m(ClientAppActor pid=1104574)[0m         
[36m(ClientAppActor pid=1104571)[0m 
[36m(ClientAppActor pid=1104571)[0m         
[36m(ClientAppActor pid=1104573)[0m 
[36m(ClientAppActor pid=1104573)[0m         
[92mINFO [0m:      aggregate_evaluate: received 5 results and 0 failures
[92mINFO [0m:      
[92mINFO [0m:      [ROUND 8]
[92mINFO [0m:      configure_fit: strategy sampled 5 clients (out of 5)
[36m(ClientAppActor pid=1104573)[0m 
[36m(ClientAppActor pid=1104573)[0m         
[36m(ClientAppActor pid=1104571)[0m 
[36m(ClientAppActor pid=1104571)[0m         
[36m(ClientAppActor pid=1104574)[0m 
[36m(ClientAppActor pid=1104574)[0m         
[36m(ClientAppActor pid=1104572)[0m 
[36m(ClientAppActor pid=1104572)[0m         
[36m(ClientAppActor pid=1104575)[0m 
[36m(ClientAppActor pid=1104575)[0m         
[92mINFO [0m:      aggregate_fit: received 5 results and 0 failures
[92mINFO [0m:      fit progress: (8, 1.122975291442871, {'accuracy': 0.6498, 'loss': 1.122975291442871}, 144.83374728198396)
[92mINFO [0m:      configure_evaluate: strategy sampled 5 clients (out of 5)
[36m(ClientAppActor pid=1104575)[0m 
[36m(ClientAppActor pid=1104575)[0m         
[36m(ClientAppActor pid=1104575)[0m [93mWARNING [0m:   DEPRECATED FEATURE: `client_fn` now expects a signature `def client_fn(context: Context)`.The provided `client_fn` has signature: {'cid': <Parameter "cid: str">}. You can import the `Context` like this: `from flwr.app import Context`[32m [repeated 10x across cluster][0m
[36m(ClientAppActor pid=1104575)[0m             This is a deprecated feature. It will be removed[32m [repeated 10x across cluster][0m
[36m(ClientAppActor pid=1104575)[0m             entirely in future versions of Flower.[32m [repeated 10x across cluster][0m
[36m(ClientAppActor pid=1104572)[0m 
[36m(ClientAppActor pid=1104572)[0m         
[36m(ClientAppActor pid=1104573)[0m 
[36m(ClientAppActor pid=1104573)[0m         
[36m(ClientAppActor pid=1104574)[0m 
[36m(ClientAppActor pid=1104574)[0m         
[36m(ClientAppActor pid=1104571)[0m 
[36m(ClientAppActor pid=1104571)[0m         
[92mINFO [0m:      aggregate_evaluate: received 5 results and 0 failures
[92mINFO [0m:      
[92mINFO [0m:      [ROUND 9]
[92mINFO [0m:      configure_fit: strategy sampled 5 clients (out of 5)
[36m(ClientAppActor pid=1104571)[0m 
[36m(ClientAppActor pid=1104571)[0m         
[36m(ClientAppActor pid=1104573)[0m 
[36m(ClientAppActor pid=1104573)[0m         
[36m(ClientAppActor pid=1104574)[0m 
[36m(ClientAppActor pid=1104574)[0m         
[36m(ClientAppActor pid=1104572)[0m 
[36m(ClientAppActor pid=1104572)[0m         
[36m(ClientAppActor pid=1104575)[0m 
[36m(ClientAppActor pid=1104575)[0m         
[92mINFO [0m:      aggregate_fit: received 5 results and 0 failures
[92mINFO [0m:      fit progress: (9, 1.1349919111251832, {'accuracy': 0.6554, 'loss': 1.1349919111251832}, 162.9573829479632)
[92mINFO [0m:      configure_evaluate: strategy sampled 5 clients (out of 5)
[36m(ClientAppActor pid=1104575)[0m 
[36m(ClientAppActor pid=1104575)[0m         
[36m(ClientAppActor pid=1104575)[0m [93mWARNING [0m:   DEPRECATED FEATURE: `client_fn` now expects a signature `def client_fn(context: Context)`.The provided `client_fn` has signature: {'cid': <Parameter "cid: str">}. You can import the `Context` like this: `from flwr.app import Context`[32m [repeated 10x across cluster][0m
[36m(ClientAppActor pid=1104575)[0m             This is a deprecated feature. It will be removed[32m [repeated 10x across cluster][0m
[36m(ClientAppActor pid=1104575)[0m             entirely in future versions of Flower.[32m [repeated 10x across cluster][0m
[36m(ClientAppActor pid=1104571)[0m 
[36m(ClientAppActor pid=1104571)[0m         
[36m(ClientAppActor pid=1104572)[0m 
[36m(ClientAppActor pid=1104572)[0m         
[36m(ClientAppActor pid=1104573)[0m 
[36m(ClientAppActor pid=1104573)[0m         
[36m(ClientAppActor pid=1104574)[0m 
[36m(ClientAppActor pid=1104574)[0m         
[92mINFO [0m:      aggregate_evaluate: received 5 results and 0 failures
[92mINFO [0m:      
[92mINFO [0m:      [ROUND 10]
[92mINFO [0m:      configure_fit: strategy sampled 5 clients (out of 5)
[36m(ClientAppActor pid=1104574)[0m 
[36m(ClientAppActor pid=1104574)[0m         
[36m(ClientAppActor pid=1104573)[0m 
[36m(ClientAppActor pid=1104573)[0m         
[36m(ClientAppActor pid=1104572)[0m 
[36m(ClientAppActor pid=1104572)[0m         
[36m(ClientAppActor pid=1104575)[0m 
[36m(ClientAppActor pid=1104575)[0m         
[36m(ClientAppActor pid=1104571)[0m 
[36m(ClientAppActor pid=1104571)[0m         
[92mINFO [0m:      aggregate_fit: received 5 results and 0 failures
[92mINFO [0m:      fit progress: (10, 1.0855561954498292, {'accuracy': 0.6702, 'loss': 1.0855561954498292}, 180.78757858998142)
[92mINFO [0m:      configure_evaluate: strategy sampled 5 clients (out of 5)
[36m(ClientAppActor pid=1104575)[0m 
[36m(ClientAppActor pid=1104575)[0m         
[36m(ClientAppActor pid=1104575)[0m [93mWARNING [0m:   DEPRECATED FEATURE: `client_fn` now expects a signature `def client_fn(context: Context)`.The provided `client_fn` has signature: {'cid': <Parameter "cid: str">}. You can import the `Context` like this: `from flwr.app import Context`[32m [repeated 10x across cluster][0m
[36m(ClientAppActor pid=1104575)[0m             This is a deprecated feature. It will be removed[32m [repeated 10x across cluster][0m
[36m(ClientAppActor pid=1104575)[0m             entirely in future versions of Flower.[32m [repeated 10x across cluster][0m
[36m(ClientAppActor pid=1104574)[0m 
[36m(ClientAppActor pid=1104574)[0m         
[36m(ClientAppActor pid=1104571)[0m 
[36m(ClientAppActor pid=1104571)[0m         
[36m(ClientAppActor pid=1104573)[0m 
[36m(ClientAppActor pid=1104573)[0m         
[36m(ClientAppActor pid=1104572)[0m 
[36m(ClientAppActor pid=1104572)[0m         
[92mINFO [0m:      aggregate_evaluate: received 5 results and 0 failures
[92mINFO [0m:      
[92mINFO [0m:      [SUMMARY]
[92mINFO [0m:      Run finished 10 round(s) in 181.71s
[92mINFO [0m:      	History (loss, distributed):
[92mINFO [0m:      		round 1: 2.143137572955589
[92mINFO [0m:      		round 2: 1.6076306801955669
[92mINFO [0m:      		round 3: 1.4019557186135916
[92mINFO [0m:      		round 4: 1.3152769640738031
[92mINFO [0m:      		round 5: 1.1716299797771643
[92mINFO [0m:      		round 6: 1.2237180429412013
[92mINFO [0m:      		round 7: 1.1590082282278718
[92mINFO [0m:      		round 8: 1.0903988212031
[92mINFO [0m:      		round 9: 1.1064676865786254
[92mINFO [0m:      		round 10: 1.0692015515477145
[92mINFO [0m:      	History (loss, centralized):
[92mINFO [0m:      		round 0: 2.3031883583068846
[92mINFO [0m:      		round 1: 2.142150029373169
[92mINFO [0m:      		round 2: 1.6250195217132568
[92mINFO [0m:      		round 3: 1.424656845664978
[92mINFO [0m:      		round 4: 1.3325908325195313
[92mINFO [0m:      		round 5: 1.1899392129898072
[92mINFO [0m:      		round 6: 1.243119323348999
[92mINFO [0m:      		round 7: 1.1850252698898316
[92mINFO [0m:      		round 8: 1.122975291442871
[92mINFO [0m:      		round 9: 1.1349919111251832
[92mINFO [0m:      		round 10: 1.0855561954498292
[92mINFO [0m:      	History (metrics, distributed, fit):
[92mINFO [0m:      	{'avg_epochs_weighted': [(1, 3.4716457046353497),
[92mINFO [0m:      	                         (2, 3.4716457046353497),
[92mINFO [0m:      	                         (3, 3.4716457046353497),
[92mINFO [0m:      	                         (4, 3.4716457046353497),
[92mINFO [0m:      	                         (5, 3.4716457046353497),
[92mINFO [0m:      	                         (6, 3.4716457046353497),
[92mINFO [0m:      	                         (7, 3.4716457046353497),
[92mINFO [0m:      	                         (8, 3.4716457046353497),
[92mINFO [0m:      	                         (9, 3.4716457046353497),
[92mINFO [0m:      	                         (10, 3.4716457046353497)],
[92mINFO [0m:      	 'avg_flops_per_client_round': [(1, 5652272600064.0),
[92mINFO [0m:      	                                (2, 5652272600064.0),
[92mINFO [0m:      	                                (3, 5652272600064.0),
[92mINFO [0m:      	                                (4, 5652272600064.0),
[92mINFO [0m:      	                                (5, 5652272600064.0),
[92mINFO [0m:      	                                (6, 5652272600064.0),
[92mINFO [0m:      	                                (7, 5652272600064.0),
[92mINFO [0m:      	                                (8, 5652272600064.0),
[92mINFO [0m:      	                                (9, 5652272600064.0),
[92mINFO [0m:      	                                (10, 5652272600064.0)],
[92mINFO [0m:      	 'avg_lr_weighted': [(1, 0.005910594212510914),
[92mINFO [0m:      	                     (2, 0.005910594212510914),
[92mINFO [0m:      	                     (3, 0.005910594212510914),
[92mINFO [0m:      	                     (4, 0.005910594212510914),
[92mINFO [0m:      	                     (5, 0.005910594212510914),
[92mINFO [0m:      	                     (6, 0.005910594212510914),
[92mINFO [0m:      	                     (7, 0.005910594212510914),
[92mINFO [0m:      	                     (8, 0.005910594212510914),
[92mINFO [0m:      	                     (9, 0.005910594212510914),
[92mINFO [0m:      	                     (10, 0.005910594212510914)],
[92mINFO [0m:      	 'total_flops_round': [(1, 28261363000320),
[92mINFO [0m:      	                       (2, 28261363000320),
[92mINFO [0m:      	                       (3, 28261363000320),
[92mINFO [0m:      	                       (4, 28261363000320),
[92mINFO [0m:      	                       (5, 28261363000320),
[92mINFO [0m:      	                       (6, 28261363000320),
[92mINFO [0m:      	                       (7, 28261363000320),
[92mINFO [0m:      	                       (8, 28261363000320),
[92mINFO [0m:      	                       (9, 28261363000320),
[92mINFO [0m:      	                       (10, 28261363000320)]}
[92mINFO [0m:      	History (metrics, distributed, evaluate):
[92mINFO [0m:      	{'accuracy': [(1, 0.2635054021608643),
[92mINFO [0m:      	              (2, 0.5202080832332934),
[92mINFO [0m:      	              (3, 0.5682272909163666),
[92mINFO [0m:      	              (4, 0.5886354541816726),
[92mINFO [0m:      	              (5, 0.6184473789515806),
[92mINFO [0m:      	              (6, 0.6268507402961184),
[92mINFO [0m:      	              (7, 0.6410564225690276),
[92mINFO [0m:      	              (8, 0.6584633853541416),
[92mINFO [0m:      	              (9, 0.6638655462184874),
[92mINFO [0m:      	              (10, 0.6760704281712685)],
[92mINFO [0m:      	 'loss': [(1, 2.143137572955589),
[92mINFO [0m:      	          (2, 1.6076306801955669),
[92mINFO [0m:      	          (3, 1.4019557186135916),
[92mINFO [0m:      	          (4, 1.3152769640738031),
[92mINFO [0m:      	          (5, 1.1716299797771643),
[92mINFO [0m:      	          (6, 1.2237180429412013),
[92mINFO [0m:      	          (7, 1.1590082282278718),
[92mINFO [0m:      	          (8, 1.0903988212031),
[92mINFO [0m:      	          (9, 1.1064676865786254),
[92mINFO [0m:      	          (10, 1.0692015515477145)]}
[92mINFO [0m:      	History (metrics, centralized):
[92mINFO [0m:      	{'accuracy': [(0, 0.1096),
[92mINFO [0m:      	              (1, 0.2648),
[92mINFO [0m:      	              (2, 0.5196),
[92mINFO [0m:      	              (3, 0.5606),
[92mINFO [0m:      	              (4, 0.5858),
[92mINFO [0m:      	              (5, 0.6162),
[92mINFO [0m:      	              (6, 0.624),
[92mINFO [0m:      	              (7, 0.6328),
[92mINFO [0m:      	              (8, 0.6498),
[92mINFO [0m:      	              (9, 0.6554),
[92mINFO [0m:      	              (10, 0.6702)],
[92mINFO [0m:      	 'loss': [(0, 2.3031883583068846),
[92mINFO [0m:      	          (1, 2.142150029373169),
[92mINFO [0m:      	          (2, 1.6250195217132568),
[92mINFO [0m:      	          (3, 1.424656845664978),
[92mINFO [0m:      	          (4, 1.3325908325195313),
[92mINFO [0m:      	          (5, 1.1899392129898072),
[92mINFO [0m:      	          (6, 1.243119323348999),
[92mINFO [0m:      	          (7, 1.1850252698898316),
[92mINFO [0m:      	          (8, 1.122975291442871),
[92mINFO [0m:      	          (9, 1.1349919111251832),
[92mINFO [0m:      	          (10, 1.0855561954498292)]}
[92mINFO [0m:      
Treinando no dispositivo: cuda:0 com o dataset: CIFAR10 | Setup clientes: 5 (num_gpus por cliente=0.2) | SEED=48
FLOPS por amostra (forward): 6.030e+07 | (forward+backward, 3x): 1.809e+08
Files already downloaded and verified
Files already downloaded and verified
Dividindo o dataset usando a distribuição de Dirichlet com alpha=0.1.
Iniciando a simulação de Aprendizado Federado...
=== Diagnóstico de Medição de GPU ===
  pynvml_disponivel: True
  pynvml_versao: 580.173.02
  gpus_detectadas: 1
  leitura_potencia_ok: True
  potencia_atual_W: 65.654

--- Rodada 0 - Avaliação Centralizada (Servidor) ---
Loss (Servidor): 2.3032 | Acurácia (Servidor): 0.1096
[36m(ClientAppActor pid=1104575)[0m Cliente 2: HetRaw=1.2978 | HetNorm=0.4326 | Epochs=4 (dyn=True) | LR=0.006065 (dyn=True) | FedProx=True (mu=0.01)

--- Rodada 1 - Avaliação Centralizada (Servidor) ---
Loss (Servidor): 2.1422 | Acurácia (Servidor): 0.2648
--- Avaliação Agregada (Clientes) ---
Loss Média (Clientes): 2.1431 | Acurácia Média (Clientes): 0.2635
[36m(ClientAppActor pid=1104572)[0m Cliente 2: HetRaw=1.2978 | HetNorm=0.4326 | Epochs=4 (dyn=True) | LR=0.006065 (dyn=True) | FedProx=True (mu=0.01)[32m [repeated 5x across cluster][0m

--- Rodada 2 - Avaliação Centralizada (Servidor) ---
Loss (Servidor): 1.6250 | Acurácia (Servidor): 0.5196
--- Avaliação Agregada (Clientes) ---
Loss Média (Clientes): 1.6076 | Acurácia Média (Clientes): 0.5202
[36m(ClientAppActor pid=1104573)[0m Cliente 3: HetRaw=0.9421 | HetNorm=0.3140 | Epochs=4 (dyn=True) | LR=0.006798 (dyn=True) | FedProx=True (mu=0.01)[32m [repeated 5x across cluster][0m

--- Rodada 3 - Avaliação Centralizada (Servidor) ---
Loss (Servidor): 1.4247 | Acurácia (Servidor): 0.5606
--- Avaliação Agregada (Clientes) ---
Loss Média (Clientes): 1.4020 | Acurácia Média (Clientes): 0.5682
[36m(ClientAppActor pid=1104572)[0m Cliente 4: HetRaw=2.3539 | HetNorm=0.7846 | Epochs=3 (dyn=True) | LR=0.004594 (dyn=True) | FedProx=True (mu=0.01)[32m [repeated 5x across cluster][0m

--- Rodada 4 - Avaliação Centralizada (Servidor) ---
Loss (Servidor): 1.3326 | Acurácia (Servidor): 0.5858
--- Avaliação Agregada (Clientes) ---
Loss Média (Clientes): 1.3153 | Acurácia Média (Clientes): 0.5886
[36m(ClientAppActor pid=1104572)[0m Cliente 4: HetRaw=2.3539 | HetNorm=0.7846 | Epochs=3 (dyn=True) | LR=0.004594 (dyn=True) | FedProx=True (mu=0.01)[32m [repeated 5x across cluster][0m

--- Rodada 5 - Avaliação Centralizada (Servidor) ---
Loss (Servidor): 1.1899 | Acurácia (Servidor): 0.6162
--- Avaliação Agregada (Clientes) ---
Loss Média (Clientes): 1.1716 | Acurácia Média (Clientes): 0.6184
[36m(ClientAppActor pid=1104572)[0m Cliente 0: HetRaw=2.6345 | HetNorm=0.8782 | Epochs=2 (dyn=True) | LR=0.004315 (dyn=True) | FedProx=True (mu=0.01)[32m [repeated 5x across cluster][0m

--- Rodada 6 - Avaliação Centralizada (Servidor) ---
Loss (Servidor): 1.2431 | Acurácia (Servidor): 0.6240
--- Avaliação Agregada (Clientes) ---
Loss Média (Clientes): 1.2237 | Acurácia Média (Clientes): 0.6269
[36m(ClientAppActor pid=1104572)[0m Cliente 2: HetRaw=1.2978 | HetNorm=0.4326 | Epochs=4 (dyn=True) | LR=0.006065 (dyn=True) | FedProx=True (mu=0.01)[32m [repeated 5x across cluster][0m

--- Rodada 7 - Avaliação Centralizada (Servidor) ---
Loss (Servidor): 1.1850 | Acurácia (Servidor): 0.6328
--- Avaliação Agregada (Clientes) ---
Loss Média (Clientes): 1.1590 | Acurácia Média (Clientes): 0.6411
[36m(ClientAppActor pid=1104573)[0m Cliente 1: HetRaw=1.6470 | HetNorm=0.5490 | Epochs=3 (dyn=True) | LR=0.005484 (dyn=True) | FedProx=True (mu=0.01)[32m [repeated 5x across cluster][0m

--- Rodada 8 - Avaliação Centralizada (Servidor) ---
Loss (Servidor): 1.1230 | Acurácia (Servidor): 0.6498
--- Avaliação Agregada (Clientes) ---
Loss Média (Clientes): 1.0904 | Acurácia Média (Clientes): 0.6585
[36m(ClientAppActor pid=1104571)[0m Cliente 2: HetRaw=1.2978 | HetNorm=0.4326 | Epochs=4 (dyn=True) | LR=0.006065 (dyn=True) | FedProx=True (mu=0.01)[32m [repeated 5x across cluster][0m

--- Rodada 9 - Avaliação Centralizada (Servidor) ---
Loss (Servidor): 1.1350 | Acurácia (Servidor): 0.6554
--- Avaliação Agregada (Clientes) ---
Loss Média (Clientes): 1.1065 | Acurácia Média (Clientes): 0.6639
[36m(ClientAppActor pid=1104574)[0m Cliente 2: HetRaw=1.2978 | HetNorm=0.4326 | Epochs=4 (dyn=True) | LR=0.006065 (dyn=True) | FedProx=True (mu=0.01)[32m [repeated 5x across cluster][0m

--- Rodada 10 - Avaliação Centralizada (Servidor) ---
Loss (Servidor): 1.0856 | Acurácia (Servidor): 0.6702
--- Avaliação Agregada (Clientes) ---
Loss Média (Clientes): 1.0692 | Acurácia Média (Clientes): 0.6761

Resultados salvos em: /home/tiago/GitHubProjects/fedhad-thesis-2/FedHAD-results/1.1_diagnostico_drift/CIFAR10-Standard/FedHAD__CIFAR10__Mode-STANDARD__Cfg-E1L1F1__Setup-5__Clients-5__Rounds-10__Delay-0_05__Alpha-0_1__Seed-48.txt
[36m(ClientAppActor pid=1104572)[0m [93mWARNING [0m:   DEPRECATED FEATURE: `client_fn` now expects a signature `def client_fn(context: Context)`.The provided `client_fn` has signature: {'cid': <Parameter "cid: str">}. You can import the `Context` like this: `from flwr.app import Context`[32m [repeated 4x across cluster][0m
[36m(ClientAppActor pid=1104572)[0m             This is a deprecated feature. It will be removed[32m [repeated 4x across cluster][0m
[36m(ClientAppActor pid=1104572)[0m             entirely in future versions of Flower.[32m [repeated 4x across cluster][0m
[36m(ClientAppActor pid=1104571)[0m Cliente 1: HetRaw=1.6470 | HetNorm=0.5490 | Epochs=3 (dyn=True) | LR=0.005484 (dyn=True) | FedProx=True (mu=0.01)[32m [repeated 4x across cluster][0m
