[codecarbon WARNING @ 17:32:33] Multiple instances of codecarbon are allowed to run at the same time.
[93mWARNING [0m:   DEPRECATED FEATURE: flwr.simulation.start_simulation() is deprecated.
	Instead, use the `flwr run` CLI command to start a local simulation in your Flower app, as shown for example below:

		$ flwr new  # Create a new Flower app from a template

		$ flwr run  # Run the Flower app in Simulation Mode

	Using `start_simulation()` is deprecated.

            This is a deprecated feature. It will be removed
            entirely in future versions of Flower.
        
[92mINFO [0m:      Starting Flower simulation, config: num_rounds=10, no round_timeout
2026-09-04 17:32:41,585	INFO worker.py:2012 -- Started a local Ray instance.
/home/tiago/GitHubProjects/fedhad-thesis-2/env_flwr_pt/lib/python3.12/site-packages/ray/_private/worker.py:2051: FutureWarning: Tip: In future versions of Ray, Ray will no longer override accelerator visible devices env var if num_gpus=0 or num_gpus=None (default). To enable this behavior and turn off this error message, set RAY_ACCEL_ENV_VAR_OVERRIDE_ON_ZERO=0
  warnings.warn(
[92mINFO [0m:      Flower VCE: Ray initialized with resources: {'CPU': 64.0, 'accelerator_type:A40': 1.0, 'memory': 180862210458.0, 'node:__internal_head__': 1.0, 'node:10.129.64.100': 1.0, 'GPU': 1.0, 'object_store_memory': 77512375910.0}
[92mINFO [0m:      Optimize your simulation with Flower VCE: https://flower.ai/docs/framework/how-to-run-simulations.html
/home/tiago/GitHubProjects/fedhad-thesis-2/FedHAD_Final_2.0.py:1916: UserWarning: No `num_cpus` specified in `client_resources`. Using `num_cpus=1` for each client.
  history = fl.simulation.start_simulation(
[92mINFO [0m:      Flower VCE: Resources for each Virtual Client: {'num_gpus': 0.2, 'num_cpus': 1}
[92mINFO [0m:      Flower VCE: Creating VirtualClientEngineActorPool with 5 actors
[92mINFO [0m:      [INIT]
[92mINFO [0m:      Requesting initial parameters from one random client
[36m(ClientAppActor pid=1160654)[0m [93mWARNING [0m:   DEPRECATED FEATURE: `client_fn` now expects a signature `def client_fn(context: Context)`.The provided `client_fn` has signature: {'cid': <Parameter "cid: str">}. You can import the `Context` like this: `from flwr.app import Context`
[36m(ClientAppActor pid=1160654)[0m 
[36m(ClientAppActor pid=1160654)[0m             This is a deprecated feature. It will be removed
[36m(ClientAppActor pid=1160654)[0m             entirely in future versions of Flower.
[36m(ClientAppActor pid=1160654)[0m         
[92mINFO [0m:      Received initial parameters from one random client
[92mINFO [0m:      Starting evaluation of initial global parameters
[92mINFO [0m:      initial parameters (loss, other metrics): 2.303232678222656, {'accuracy': 0.1001, 'loss': 2.303232678222656}
[92mINFO [0m:      
[92mINFO [0m:      [ROUND 1]
[92mINFO [0m:      configure_fit: strategy sampled 5 clients (out of 5)
[36m(ClientAppActor pid=1160654)[0m [93mWARNING [0m:   DEPRECATED FEATURE: `client_fn` now expects a signature `def client_fn(context: Context)`.The provided `client_fn` has signature: {'cid': <Parameter "cid: str">}. You can import the `Context` like this: `from flwr.app import Context`
[36m(ClientAppActor pid=1160654)[0m 
[36m(ClientAppActor pid=1160654)[0m             This is a deprecated feature. It will be removed
[36m(ClientAppActor pid=1160654)[0m             entirely in future versions of Flower.
[36m(ClientAppActor pid=1160654)[0m         
[36m(ClientAppActor pid=1160653)[0m 
[36m(ClientAppActor pid=1160653)[0m         
[36m(ClientAppActor pid=1160652)[0m 
[36m(ClientAppActor pid=1160652)[0m         
[36m(ClientAppActor pid=1160651)[0m 
[36m(ClientAppActor pid=1160651)[0m         
[36m(ClientAppActor pid=1160650)[0m 
[36m(ClientAppActor pid=1160650)[0m         
[92mINFO [0m:      aggregate_fit: received 5 results and 0 failures
[92mINFO [0m:      fit progress: (1, 2.2505540313720704, {'accuracy': 0.2158, 'loss': 2.2505540313720704}, 16.683373008971103)
[92mINFO [0m:      configure_evaluate: strategy sampled 5 clients (out of 5)
[36m(ClientAppActor pid=1160653)[0m 
[36m(ClientAppActor pid=1160653)[0m         
[36m(ClientAppActor pid=1160653)[0m [93mWARNING [0m:   DEPRECATED FEATURE: `client_fn` now expects a signature `def client_fn(context: Context)`.The provided `client_fn` has signature: {'cid': <Parameter "cid: str">}. You can import the `Context` like this: `from flwr.app import Context`[32m [repeated 5x across cluster] (Ray deduplicates logs by default. Set RAY_DEDUP_LOGS=0 to disable log deduplication, or see https://docs.ray.io/en/master/ray-observability/user-guides/configure-logging.html#log-deduplication for more options.)[0m
[36m(ClientAppActor pid=1160653)[0m             This is a deprecated feature. It will be removed[32m [repeated 5x across cluster][0m
[36m(ClientAppActor pid=1160653)[0m             entirely in future versions of Flower.[32m [repeated 5x across cluster][0m
[36m(ClientAppActor pid=1160654)[0m 
[36m(ClientAppActor pid=1160654)[0m         
[36m(ClientAppActor pid=1160652)[0m 
[36m(ClientAppActor pid=1160652)[0m         
[36m(ClientAppActor pid=1160650)[0m 
[36m(ClientAppActor pid=1160650)[0m         
[36m(ClientAppActor pid=1160651)[0m 
[36m(ClientAppActor pid=1160651)[0m         
[92mINFO [0m:      aggregate_evaluate: received 5 results and 0 failures
[92mINFO [0m:      
[92mINFO [0m:      [ROUND 2]
[92mINFO [0m:      configure_fit: strategy sampled 5 clients (out of 5)
[36m(ClientAppActor pid=1160651)[0m 
[36m(ClientAppActor pid=1160651)[0m         
[36m(ClientAppActor pid=1160652)[0m 
[36m(ClientAppActor pid=1160652)[0m         
[36m(ClientAppActor pid=1160654)[0m 
[36m(ClientAppActor pid=1160654)[0m         
[36m(ClientAppActor pid=1160650)[0m 
[36m(ClientAppActor pid=1160650)[0m         
[36m(ClientAppActor pid=1160653)[0m 
[36m(ClientAppActor pid=1160653)[0m         
[92mINFO [0m:      aggregate_fit: received 5 results and 0 failures
[92mINFO [0m:      fit progress: (2, 2.012573998451233, {'accuracy': 0.3822, 'loss': 2.012573998451233}, 31.8777568609803)
[92mINFO [0m:      configure_evaluate: strategy sampled 5 clients (out of 5)
[36m(ClientAppActor pid=1160654)[0m 
[36m(ClientAppActor pid=1160654)[0m         
[36m(ClientAppActor pid=1160654)[0m [93mWARNING [0m:   DEPRECATED FEATURE: `client_fn` now expects a signature `def client_fn(context: Context)`.The provided `client_fn` has signature: {'cid': <Parameter "cid: str">}. You can import the `Context` like this: `from flwr.app import Context`[32m [repeated 10x across cluster][0m
[36m(ClientAppActor pid=1160654)[0m             This is a deprecated feature. It will be removed[32m [repeated 10x across cluster][0m
[36m(ClientAppActor pid=1160654)[0m             entirely in future versions of Flower.[32m [repeated 10x across cluster][0m
[36m(ClientAppActor pid=1160650)[0m 
[36m(ClientAppActor pid=1160650)[0m         
[36m(ClientAppActor pid=1160653)[0m 
[36m(ClientAppActor pid=1160653)[0m         
[36m(ClientAppActor pid=1160651)[0m 
[36m(ClientAppActor pid=1160651)[0m         
[36m(ClientAppActor pid=1160652)[0m 
[36m(ClientAppActor pid=1160652)[0m         
[92mINFO [0m:      aggregate_evaluate: received 5 results and 0 failures
[92mINFO [0m:      
[92mINFO [0m:      [ROUND 3]
[92mINFO [0m:      configure_fit: strategy sampled 5 clients (out of 5)
[36m(ClientAppActor pid=1160652)[0m 
[36m(ClientAppActor pid=1160652)[0m         
[36m(ClientAppActor pid=1160651)[0m 
[36m(ClientAppActor pid=1160651)[0m         
[36m(ClientAppActor pid=1160653)[0m 
[36m(ClientAppActor pid=1160653)[0m         
[36m(ClientAppActor pid=1160650)[0m 
[36m(ClientAppActor pid=1160650)[0m         
[36m(ClientAppActor pid=1160654)[0m 
[36m(ClientAppActor pid=1160654)[0m         
[92mINFO [0m:      aggregate_fit: received 5 results and 0 failures
[92mINFO [0m:      fit progress: (3, 1.7346714559555054, {'accuracy': 0.4935, 'loss': 1.7346714559555054}, 47.0107437580009)
[92mINFO [0m:      configure_evaluate: strategy sampled 5 clients (out of 5)
[36m(ClientAppActor pid=1160651)[0m 
[36m(ClientAppActor pid=1160651)[0m         
[36m(ClientAppActor pid=1160651)[0m [93mWARNING [0m:   DEPRECATED FEATURE: `client_fn` now expects a signature `def client_fn(context: Context)`.The provided `client_fn` has signature: {'cid': <Parameter "cid: str">}. You can import the `Context` like this: `from flwr.app import Context`[32m [repeated 10x across cluster][0m
[36m(ClientAppActor pid=1160651)[0m             This is a deprecated feature. It will be removed[32m [repeated 10x across cluster][0m
[36m(ClientAppActor pid=1160651)[0m             entirely in future versions of Flower.[32m [repeated 10x across cluster][0m
[36m(ClientAppActor pid=1160653)[0m 
[36m(ClientAppActor pid=1160653)[0m         
[36m(ClientAppActor pid=1160652)[0m 
[36m(ClientAppActor pid=1160652)[0m         
[36m(ClientAppActor pid=1160650)[0m 
[36m(ClientAppActor pid=1160650)[0m         
[36m(ClientAppActor pid=1160654)[0m 
[36m(ClientAppActor pid=1160654)[0m         
[92mINFO [0m:      aggregate_evaluate: received 5 results and 0 failures
[92mINFO [0m:      
[92mINFO [0m:      [ROUND 4]
[92mINFO [0m:      configure_fit: strategy sampled 5 clients (out of 5)
[36m(ClientAppActor pid=1160654)[0m 
[36m(ClientAppActor pid=1160654)[0m         
[36m(ClientAppActor pid=1160652)[0m 
[36m(ClientAppActor pid=1160652)[0m         
[36m(ClientAppActor pid=1160650)[0m 
[36m(ClientAppActor pid=1160650)[0m         
[36m(ClientAppActor pid=1160653)[0m 
[36m(ClientAppActor pid=1160653)[0m         
[36m(ClientAppActor pid=1160651)[0m 
[36m(ClientAppActor pid=1160651)[0m         
[92mINFO [0m:      aggregate_fit: received 5 results and 0 failures
[92mINFO [0m:      fit progress: (4, 1.5555390419006347, {'accuracy': 0.5059, 'loss': 1.5555390419006347}, 62.98754843801726)
[92mINFO [0m:      configure_evaluate: strategy sampled 5 clients (out of 5)
[36m(ClientAppActor pid=1160651)[0m 
[36m(ClientAppActor pid=1160651)[0m         
[36m(ClientAppActor pid=1160651)[0m [93mWARNING [0m:   DEPRECATED FEATURE: `client_fn` now expects a signature `def client_fn(context: Context)`.The provided `client_fn` has signature: {'cid': <Parameter "cid: str">}. You can import the `Context` like this: `from flwr.app import Context`[32m [repeated 10x across cluster][0m
[36m(ClientAppActor pid=1160651)[0m             This is a deprecated feature. It will be removed[32m [repeated 10x across cluster][0m
[36m(ClientAppActor pid=1160651)[0m             entirely in future versions of Flower.[32m [repeated 10x across cluster][0m
[36m(ClientAppActor pid=1160654)[0m 
[36m(ClientAppActor pid=1160654)[0m         
[36m(ClientAppActor pid=1160653)[0m 
[36m(ClientAppActor pid=1160653)[0m         
[36m(ClientAppActor pid=1160650)[0m 
[36m(ClientAppActor pid=1160650)[0m         
[36m(ClientAppActor pid=1160652)[0m 
[36m(ClientAppActor pid=1160652)[0m         
[92mINFO [0m:      aggregate_evaluate: received 5 results and 0 failures
[92mINFO [0m:      
[92mINFO [0m:      [ROUND 5]
[92mINFO [0m:      configure_fit: strategy sampled 5 clients (out of 5)
[36m(ClientAppActor pid=1160650)[0m 
[36m(ClientAppActor pid=1160650)[0m         
[36m(ClientAppActor pid=1160652)[0m 
[36m(ClientAppActor pid=1160652)[0m         
[36m(ClientAppActor pid=1160653)[0m 
[36m(ClientAppActor pid=1160653)[0m         
[36m(ClientAppActor pid=1160654)[0m 
[36m(ClientAppActor pid=1160654)[0m         
[36m(ClientAppActor pid=1160651)[0m 
[36m(ClientAppActor pid=1160651)[0m         
[92mINFO [0m:      aggregate_fit: received 5 results and 0 failures
[92mINFO [0m:      fit progress: (5, 1.44012155418396, {'accuracy': 0.5452, 'loss': 1.44012155418396}, 78.26484899298521)
[92mINFO [0m:      configure_evaluate: strategy sampled 5 clients (out of 5)
[36m(ClientAppActor pid=1160654)[0m 
[36m(ClientAppActor pid=1160654)[0m         
[36m(ClientAppActor pid=1160654)[0m [93mWARNING [0m:   DEPRECATED FEATURE: `client_fn` now expects a signature `def client_fn(context: Context)`.The provided `client_fn` has signature: {'cid': <Parameter "cid: str">}. You can import the `Context` like this: `from flwr.app import Context`[32m [repeated 10x across cluster][0m
[36m(ClientAppActor pid=1160654)[0m             This is a deprecated feature. It will be removed[32m [repeated 10x across cluster][0m
[36m(ClientAppActor pid=1160654)[0m             entirely in future versions of Flower.[32m [repeated 10x across cluster][0m
[36m(ClientAppActor pid=1160652)[0m 
[36m(ClientAppActor pid=1160652)[0m         
[36m(ClientAppActor pid=1160650)[0m 
[36m(ClientAppActor pid=1160650)[0m         
[36m(ClientAppActor pid=1160651)[0m 
[36m(ClientAppActor pid=1160651)[0m         
[36m(ClientAppActor pid=1160653)[0m 
[36m(ClientAppActor pid=1160653)[0m         
[92mINFO [0m:      aggregate_evaluate: received 5 results and 0 failures
[92mINFO [0m:      
[92mINFO [0m:      [ROUND 6]
[92mINFO [0m:      configure_fit: strategy sampled 5 clients (out of 5)
[36m(ClientAppActor pid=1160653)[0m 
[36m(ClientAppActor pid=1160653)[0m         
[36m(ClientAppActor pid=1160651)[0m 
[36m(ClientAppActor pid=1160651)[0m         
[36m(ClientAppActor pid=1160650)[0m 
[36m(ClientAppActor pid=1160650)[0m         
[36m(ClientAppActor pid=1160652)[0m 
[36m(ClientAppActor pid=1160652)[0m         
[36m(ClientAppActor pid=1160654)[0m 
[36m(ClientAppActor pid=1160654)[0m         
[92mINFO [0m:      aggregate_fit: received 5 results and 0 failures
[92mINFO [0m:      fit progress: (6, 1.4219958755493165, {'accuracy': 0.5291, 'loss': 1.4219958755493165}, 93.32184490002692)
[92mINFO [0m:      configure_evaluate: strategy sampled 5 clients (out of 5)
[36m(ClientAppActor pid=1160652)[0m 
[36m(ClientAppActor pid=1160652)[0m         
[36m(ClientAppActor pid=1160652)[0m [93mWARNING [0m:   DEPRECATED FEATURE: `client_fn` now expects a signature `def client_fn(context: Context)`.The provided `client_fn` has signature: {'cid': <Parameter "cid: str">}. You can import the `Context` like this: `from flwr.app import Context`[32m [repeated 10x across cluster][0m
[36m(ClientAppActor pid=1160652)[0m             This is a deprecated feature. It will be removed[32m [repeated 10x across cluster][0m
[36m(ClientAppActor pid=1160652)[0m             entirely in future versions of Flower.[32m [repeated 10x across cluster][0m
[36m(ClientAppActor pid=1160654)[0m 
[36m(ClientAppActor pid=1160654)[0m         
[36m(ClientAppActor pid=1160650)[0m 
[36m(ClientAppActor pid=1160650)[0m         
[36m(ClientAppActor pid=1160653)[0m 
[36m(ClientAppActor pid=1160653)[0m         
[36m(ClientAppActor pid=1160651)[0m 
[36m(ClientAppActor pid=1160651)[0m         
[92mINFO [0m:      aggregate_evaluate: received 5 results and 0 failures
[92mINFO [0m:      
[92mINFO [0m:      [ROUND 7]
[92mINFO [0m:      configure_fit: strategy sampled 5 clients (out of 5)
[36m(ClientAppActor pid=1160651)[0m 
[36m(ClientAppActor pid=1160651)[0m         
[36m(ClientAppActor pid=1160653)[0m 
[36m(ClientAppActor pid=1160653)[0m         
[36m(ClientAppActor pid=1160650)[0m 
[36m(ClientAppActor pid=1160650)[0m         
[36m(ClientAppActor pid=1160654)[0m 
[36m(ClientAppActor pid=1160654)[0m         
[36m(ClientAppActor pid=1160652)[0m 
[36m(ClientAppActor pid=1160652)[0m         
[92mINFO [0m:      aggregate_fit: received 5 results and 0 failures
[92mINFO [0m:      fit progress: (7, 1.4295588775634767, {'accuracy': 0.5506, 'loss': 1.4295588775634767}, 108.6681339039933)
[92mINFO [0m:      configure_evaluate: strategy sampled 5 clients (out of 5)
[36m(ClientAppActor pid=1160654)[0m 
[36m(ClientAppActor pid=1160654)[0m         
[36m(ClientAppActor pid=1160654)[0m [93mWARNING [0m:   DEPRECATED FEATURE: `client_fn` now expects a signature `def client_fn(context: Context)`.The provided `client_fn` has signature: {'cid': <Parameter "cid: str">}. You can import the `Context` like this: `from flwr.app import Context`[32m [repeated 10x across cluster][0m
[36m(ClientAppActor pid=1160654)[0m             This is a deprecated feature. It will be removed[32m [repeated 10x across cluster][0m
[36m(ClientAppActor pid=1160654)[0m             entirely in future versions of Flower.[32m [repeated 10x across cluster][0m
[36m(ClientAppActor pid=1160650)[0m 
[36m(ClientAppActor pid=1160650)[0m         
[36m(ClientAppActor pid=1160653)[0m 
[36m(ClientAppActor pid=1160653)[0m         
[36m(ClientAppActor pid=1160652)[0m 
[36m(ClientAppActor pid=1160652)[0m         
[36m(ClientAppActor pid=1160651)[0m 
[36m(ClientAppActor pid=1160651)[0m         
[92mINFO [0m:      aggregate_evaluate: received 5 results and 0 failures
[92mINFO [0m:      
[92mINFO [0m:      [ROUND 8]
[92mINFO [0m:      configure_fit: strategy sampled 5 clients (out of 5)
[36m(ClientAppActor pid=1160651)[0m 
[36m(ClientAppActor pid=1160651)[0m         
[36m(ClientAppActor pid=1160652)[0m 
[36m(ClientAppActor pid=1160652)[0m         
[36m(ClientAppActor pid=1160653)[0m 
[36m(ClientAppActor pid=1160653)[0m         
[36m(ClientAppActor pid=1160650)[0m 
[36m(ClientAppActor pid=1160650)[0m         
[36m(ClientAppActor pid=1160654)[0m 
[36m(ClientAppActor pid=1160654)[0m         
[92mINFO [0m:      aggregate_fit: received 5 results and 0 failures
[92mINFO [0m:      fit progress: (8, 1.2658972734451295, {'accuracy': 0.5803, 'loss': 1.2658972734451295}, 123.94242169201607)
[92mINFO [0m:      configure_evaluate: strategy sampled 5 clients (out of 5)
[36m(ClientAppActor pid=1160652)[0m 
[36m(ClientAppActor pid=1160652)[0m         
[36m(ClientAppActor pid=1160652)[0m [93mWARNING [0m:   DEPRECATED FEATURE: `client_fn` now expects a signature `def client_fn(context: Context)`.The provided `client_fn` has signature: {'cid': <Parameter "cid: str">}. You can import the `Context` like this: `from flwr.app import Context`[32m [repeated 10x across cluster][0m
[36m(ClientAppActor pid=1160652)[0m             This is a deprecated feature. It will be removed[32m [repeated 10x across cluster][0m
[36m(ClientAppActor pid=1160652)[0m             entirely in future versions of Flower.[32m [repeated 10x across cluster][0m
[36m(ClientAppActor pid=1160651)[0m 
[36m(ClientAppActor pid=1160651)[0m         
[36m(ClientAppActor pid=1160650)[0m 
[36m(ClientAppActor pid=1160650)[0m         
[36m(ClientAppActor pid=1160654)[0m 
[36m(ClientAppActor pid=1160654)[0m         
[36m(ClientAppActor pid=1160653)[0m 
[36m(ClientAppActor pid=1160653)[0m         
[92mINFO [0m:      aggregate_evaluate: received 5 results and 0 failures
[92mINFO [0m:      
[92mINFO [0m:      [ROUND 9]
[92mINFO [0m:      configure_fit: strategy sampled 5 clients (out of 5)
[36m(ClientAppActor pid=1160653)[0m 
[36m(ClientAppActor pid=1160653)[0m         
[36m(ClientAppActor pid=1160654)[0m 
[36m(ClientAppActor pid=1160654)[0m         
[36m(ClientAppActor pid=1160650)[0m 
[36m(ClientAppActor pid=1160650)[0m         
[36m(ClientAppActor pid=1160651)[0m 
[36m(ClientAppActor pid=1160651)[0m         
[36m(ClientAppActor pid=1160652)[0m 
[36m(ClientAppActor pid=1160652)[0m         
[92mINFO [0m:      aggregate_fit: received 5 results and 0 failures
[92mINFO [0m:      fit progress: (9, 1.2649455228805542, {'accuracy': 0.573, 'loss': 1.2649455228805542}, 139.6685169839766)
[92mINFO [0m:      configure_evaluate: strategy sampled 5 clients (out of 5)
[36m(ClientAppActor pid=1160651)[0m 
[36m(ClientAppActor pid=1160651)[0m         
[36m(ClientAppActor pid=1160651)[0m [93mWARNING [0m:   DEPRECATED FEATURE: `client_fn` now expects a signature `def client_fn(context: Context)`.The provided `client_fn` has signature: {'cid': <Parameter "cid: str">}. You can import the `Context` like this: `from flwr.app import Context`[32m [repeated 10x across cluster][0m
[36m(ClientAppActor pid=1160651)[0m             This is a deprecated feature. It will be removed[32m [repeated 10x across cluster][0m
[36m(ClientAppActor pid=1160651)[0m             entirely in future versions of Flower.[32m [repeated 10x across cluster][0m
[36m(ClientAppActor pid=1160654)[0m 
[36m(ClientAppActor pid=1160654)[0m         
[36m(ClientAppActor pid=1160650)[0m 
[36m(ClientAppActor pid=1160650)[0m         
[36m(ClientAppActor pid=1160652)[0m 
[36m(ClientAppActor pid=1160652)[0m         
[36m(ClientAppActor pid=1160653)[0m 
[36m(ClientAppActor pid=1160653)[0m         
[92mINFO [0m:      aggregate_evaluate: received 5 results and 0 failures
[92mINFO [0m:      
[92mINFO [0m:      [ROUND 10]
[92mINFO [0m:      configure_fit: strategy sampled 5 clients (out of 5)
[36m(ClientAppActor pid=1160653)[0m 
[36m(ClientAppActor pid=1160653)[0m         
[36m(ClientAppActor pid=1160650)[0m 
[36m(ClientAppActor pid=1160650)[0m         
[36m(ClientAppActor pid=1160652)[0m 
[36m(ClientAppActor pid=1160652)[0m         
[36m(ClientAppActor pid=1160651)[0m 
[36m(ClientAppActor pid=1160651)[0m         
[36m(ClientAppActor pid=1160654)[0m 
[36m(ClientAppActor pid=1160654)[0m         
[92mINFO [0m:      aggregate_fit: received 5 results and 0 failures
[92mINFO [0m:      fit progress: (10, 1.2651519689559936, {'accuracy': 0.5687, 'loss': 1.2651519689559936}, 154.63012631598394)
[92mINFO [0m:      configure_evaluate: strategy sampled 5 clients (out of 5)
[36m(ClientAppActor pid=1160653)[0m 
[36m(ClientAppActor pid=1160653)[0m         
[36m(ClientAppActor pid=1160653)[0m [93mWARNING [0m:   DEPRECATED FEATURE: `client_fn` now expects a signature `def client_fn(context: Context)`.The provided `client_fn` has signature: {'cid': <Parameter "cid: str">}. You can import the `Context` like this: `from flwr.app import Context`[32m [repeated 10x across cluster][0m
[36m(ClientAppActor pid=1160653)[0m             This is a deprecated feature. It will be removed[32m [repeated 10x across cluster][0m
[36m(ClientAppActor pid=1160653)[0m             entirely in future versions of Flower.[32m [repeated 10x across cluster][0m
[36m(ClientAppActor pid=1160651)[0m 
[36m(ClientAppActor pid=1160651)[0m         
[36m(ClientAppActor pid=1160652)[0m 
[36m(ClientAppActor pid=1160652)[0m         
[36m(ClientAppActor pid=1160654)[0m 
[36m(ClientAppActor pid=1160654)[0m         
[36m(ClientAppActor pid=1160650)[0m 
[36m(ClientAppActor pid=1160650)[0m         
[92mINFO [0m:      aggregate_evaluate: received 5 results and 0 failures
[92mINFO [0m:      
[92mINFO [0m:      [SUMMARY]
[92mINFO [0m:      Run finished 10 round(s) in 155.55s
[92mINFO [0m:      	History (loss, distributed):
[92mINFO [0m:      		round 1: 2.2499295231245573
[92mINFO [0m:      		round 2: 2.0209506522087444
[92mINFO [0m:      		round 3: 1.7471384922949587
[92mINFO [0m:      		round 4: 1.5651119176914043
[92mINFO [0m:      		round 5: 1.452511963056249
[92mINFO [0m:      		round 6: 1.429704283000756
[92mINFO [0m:      		round 7: 1.4252153164899053
[92mINFO [0m:      		round 8: 1.2657756725264315
[92mINFO [0m:      		round 9: 1.257081975147468
[92mINFO [0m:      		round 10: 1.2508774638323545
[92mINFO [0m:      	History (loss, centralized):
[92mINFO [0m:      		round 0: 2.303232678222656
[92mINFO [0m:      		round 1: 2.2505540313720704
[92mINFO [0m:      		round 2: 2.012573998451233
[92mINFO [0m:      		round 3: 1.7346714559555054
[92mINFO [0m:      		round 4: 1.5555390419006347
[92mINFO [0m:      		round 5: 1.44012155418396
[92mINFO [0m:      		round 6: 1.4219958755493165
[92mINFO [0m:      		round 7: 1.4295588775634767
[92mINFO [0m:      		round 8: 1.2658972734451295
[92mINFO [0m:      		round 9: 1.2649455228805542
[92mINFO [0m:      		round 10: 1.2651519689559936
[92mINFO [0m:      	History (metrics, distributed, fit):
[92mINFO [0m:      	{'avg_epochs_weighted': [(1, 3.1339718234745124),
[92mINFO [0m:      	                         (2, 3.1339718234745124),
[92mINFO [0m:      	                         (3, 3.1339718234745124),
[92mINFO [0m:      	                         (4, 3.1339718234745124),
[92mINFO [0m:      	                         (5, 3.1339718234745124),
[92mINFO [0m:      	                         (6, 3.1339718234745124),
[92mINFO [0m:      	                         (7, 3.1339718234745124),
[92mINFO [0m:      	                         (8, 3.1339718234745124),
[92mINFO [0m:      	                         (9, 3.1339718234745124),
[92mINFO [0m:      	                         (10, 3.1339718234745124)],
[92mINFO [0m:      	 'avg_flops_per_client_round': [(1, 5102497367040.0),
[92mINFO [0m:      	                                (2, 5102497367040.0),
[92mINFO [0m:      	                                (3, 5102497367040.0),
[92mINFO [0m:      	                                (4, 5102497367040.0),
[92mINFO [0m:      	                                (5, 5102497367040.0),
[92mINFO [0m:      	                                (6, 5102497367040.0),
[92mINFO [0m:      	                                (7, 5102497367040.0),
[92mINFO [0m:      	                                (8, 5102497367040.0),
[92mINFO [0m:      	                                (9, 5102497367040.0),
[92mINFO [0m:      	                                (10, 5102497367040.0)],
[92mINFO [0m:      	 'avg_lr_weighted': [(1, 0.005301836829751447),
[92mINFO [0m:      	                     (2, 0.005301836829751447),
[92mINFO [0m:      	                     (3, 0.005301836829751447),
[92mINFO [0m:      	                     (4, 0.005301836829751447),
[92mINFO [0m:      	                     (5, 0.005301836829751447),
[92mINFO [0m:      	                     (6, 0.005301836829751447),
[92mINFO [0m:      	                     (7, 0.005301836829751447),
[92mINFO [0m:      	                     (8, 0.005301836829751447),
[92mINFO [0m:      	                     (9, 0.005301836829751447),
[92mINFO [0m:      	                     (10, 0.005301836829751447)],
[92mINFO [0m:      	 'total_flops_round': [(1, 25512486835200),
[92mINFO [0m:      	                       (2, 25512486835200),
[92mINFO [0m:      	                       (3, 25512486835200),
[92mINFO [0m:      	                       (4, 25512486835200),
[92mINFO [0m:      	                       (5, 25512486835200),
[92mINFO [0m:      	                       (6, 25512486835200),
[92mINFO [0m:      	                       (7, 25512486835200),
[92mINFO [0m:      	                       (8, 25512486835200),
[92mINFO [0m:      	                       (9, 25512486835200),
[92mINFO [0m:      	                       (10, 25512486835200)]}
[92mINFO [0m:      	History (metrics, distributed, evaluate):
[92mINFO [0m:      	{'accuracy': [(1, 0.2110844337735094),
[92mINFO [0m:      	              (2, 0.3709483793517407),
[92mINFO [0m:      	              (3, 0.4809923969587835),
[92mINFO [0m:      	              (4, 0.5004001600640257),
[92mINFO [0m:      	              (5, 0.5378151260504201),
[92mINFO [0m:      	              (6, 0.5228091236494598),
[92mINFO [0m:      	              (7, 0.5506202480992397),
[92mINFO [0m:      	              (8, 0.5742296918767507),
[92mINFO [0m:      	              (9, 0.5768307322929171),
[92mINFO [0m:      	              (10, 0.5712284913965586)],
[92mINFO [0m:      	 'loss': [(1, 2.2499295231245573),
[92mINFO [0m:      	          (2, 2.0209506522087444),
[92mINFO [0m:      	          (3, 1.7471384922949587),
[92mINFO [0m:      	          (4, 1.5651119176914043),
[92mINFO [0m:      	          (5, 1.452511963056249),
[92mINFO [0m:      	          (6, 1.429704283000756),
[92mINFO [0m:      	          (7, 1.4252153164899053),
[92mINFO [0m:      	          (8, 1.2657756725264315),
[92mINFO [0m:      	          (9, 1.257081975147468),
[92mINFO [0m:      	          (10, 1.2508774638323545)]}
[92mINFO [0m:      	History (metrics, centralized):
[92mINFO [0m:      	{'accuracy': [(0, 0.1001),
[92mINFO [0m:      	              (1, 0.2158),
[92mINFO [0m:      	              (2, 0.3822),
[92mINFO [0m:      	              (3, 0.4935),
[92mINFO [0m:      	              (4, 0.5059),
[92mINFO [0m:      	              (5, 0.5452),
[92mINFO [0m:      	              (6, 0.5291),
[92mINFO [0m:      	              (7, 0.5506),
[92mINFO [0m:      	              (8, 0.5803),
[92mINFO [0m:      	              (9, 0.573),
[92mINFO [0m:      	              (10, 0.5687)],
[92mINFO [0m:      	 'loss': [(0, 2.303232678222656),
[92mINFO [0m:      	          (1, 2.2505540313720704),
[92mINFO [0m:      	          (2, 2.012573998451233),
[92mINFO [0m:      	          (3, 1.7346714559555054),
[92mINFO [0m:      	          (4, 1.5555390419006347),
[92mINFO [0m:      	          (5, 1.44012155418396),
[92mINFO [0m:      	          (6, 1.4219958755493165),
[92mINFO [0m:      	          (7, 1.4295588775634767),
[92mINFO [0m:      	          (8, 1.2658972734451295),
[92mINFO [0m:      	          (9, 1.2649455228805542),
[92mINFO [0m:      	          (10, 1.2651519689559936)]}
[92mINFO [0m:      
Treinando no dispositivo: cuda:0 com o dataset: CIFAR10 | Setup clientes: 5 (num_gpus por cliente=0.2) | SEED=45
FLOPS por amostra (forward): 6.030e+07 | (forward+backward, 3x): 1.809e+08
Files already downloaded and verified
Files already downloaded and verified
Dividindo o dataset usando a distribuição de Dirichlet com alpha=0.01.
Iniciando a simulação de Aprendizado Federado...
=== Diagnóstico de Medição de GPU ===
  pynvml_disponivel: True
  pynvml_versao: 580.173.02
  gpus_detectadas: 1
  leitura_potencia_ok: True
  potencia_atual_W: 35.049

--- Rodada 0 - Avaliação Centralizada (Servidor) ---
Loss (Servidor): 2.3032 | Acurácia (Servidor): 0.1001
[36m(ClientAppActor pid=1160654)[0m Cliente 2: HetRaw=1.5271 | HetNorm=0.5090 | Epochs=3 (dyn=True) | LR=0.005670 (dyn=True) | FedProx=True (mu=0.01)

--- Rodada 1 - Avaliação Centralizada (Servidor) ---
Loss (Servidor): 2.2506 | Acurácia (Servidor): 0.2158
--- Avaliação Agregada (Clientes) ---
Loss Média (Clientes): 2.2499 | Acurácia Média (Clientes): 0.2111
[36m(ClientAppActor pid=1160651)[0m Cliente 0: HetRaw=3.0000 | HetNorm=1.0000 | Epochs=2 (dyn=True) | LR=0.004000 (dyn=True) | FedProx=True (mu=0.01)[32m [repeated 5x across cluster][0m

--- Rodada 2 - Avaliação Centralizada (Servidor) ---
Loss (Servidor): 2.0126 | Acurácia (Servidor): 0.3822
--- Avaliação Agregada (Clientes) ---
Loss Média (Clientes): 2.0210 | Acurácia Média (Clientes): 0.3709
[36m(ClientAppActor pid=1160652)[0m Cliente 4: HetRaw=2.0000 | HetNorm=0.6667 | Epochs=3 (dyn=True) | LR=0.005000 (dyn=True) | FedProx=True (mu=0.01)[32m [repeated 5x across cluster][0m

--- Rodada 3 - Avaliação Centralizada (Servidor) ---
Loss (Servidor): 1.7347 | Acurácia (Servidor): 0.4935
--- Avaliação Agregada (Clientes) ---
Loss Média (Clientes): 1.7471 | Acurácia Média (Clientes): 0.4810
[36m(ClientAppActor pid=1160654)[0m Cliente 2: HetRaw=1.5271 | HetNorm=0.5090 | Epochs=3 (dyn=True) | LR=0.005670 (dyn=True) | FedProx=True (mu=0.01)[32m [repeated 5x across cluster][0m

--- Rodada 4 - Avaliação Centralizada (Servidor) ---
Loss (Servidor): 1.5555 | Acurácia (Servidor): 0.5059
--- Avaliação Agregada (Clientes) ---
Loss Média (Clientes): 1.5651 | Acurácia Média (Clientes): 0.5004
[36m(ClientAppActor pid=1160650)[0m Cliente 4: HetRaw=2.0000 | HetNorm=0.6667 | Epochs=3 (dyn=True) | LR=0.005000 (dyn=True) | FedProx=True (mu=0.01)[32m [repeated 5x across cluster][0m

--- Rodada 5 - Avaliação Centralizada (Servidor) ---
Loss (Servidor): 1.4401 | Acurácia (Servidor): 0.5452
--- Avaliação Agregada (Clientes) ---
Loss Média (Clientes): 1.4525 | Acurácia Média (Clientes): 0.5378
[36m(ClientAppActor pid=1160653)[0m Cliente 0: HetRaw=3.0000 | HetNorm=1.0000 | Epochs=2 (dyn=True) | LR=0.004000 (dyn=True) | FedProx=True (mu=0.01)[32m [repeated 5x across cluster][0m

--- Rodada 6 - Avaliação Centralizada (Servidor) ---
Loss (Servidor): 1.4220 | Acurácia (Servidor): 0.5291
--- Avaliação Agregada (Clientes) ---
Loss Média (Clientes): 1.4297 | Acurácia Média (Clientes): 0.5228
[36m(ClientAppActor pid=1160651)[0m Cliente 0: HetRaw=3.0000 | HetNorm=1.0000 | Epochs=2 (dyn=True) | LR=0.004000 (dyn=True) | FedProx=True (mu=0.01)[32m [repeated 5x across cluster][0m

--- Rodada 7 - Avaliação Centralizada (Servidor) ---
Loss (Servidor): 1.4296 | Acurácia (Servidor): 0.5506
--- Avaliação Agregada (Clientes) ---
Loss Média (Clientes): 1.4252 | Acurácia Média (Clientes): 0.5506
[36m(ClientAppActor pid=1160651)[0m Cliente 2: HetRaw=1.5271 | HetNorm=0.5090 | Epochs=3 (dyn=True) | LR=0.005670 (dyn=True) | FedProx=True (mu=0.01)[32m [repeated 5x across cluster][0m

--- Rodada 8 - Avaliação Centralizada (Servidor) ---
Loss (Servidor): 1.2659 | Acurácia (Servidor): 0.5803
--- Avaliação Agregada (Clientes) ---
Loss Média (Clientes): 1.2658 | Acurácia Média (Clientes): 0.5742
[36m(ClientAppActor pid=1160653)[0m Cliente 1: HetRaw=2.8836 | HetNorm=0.9612 | Epochs=2 (dyn=True) | LR=0.004095 (dyn=True) | FedProx=True (mu=0.01)[32m [repeated 5x across cluster][0m

--- Rodada 9 - Avaliação Centralizada (Servidor) ---
Loss (Servidor): 1.2649 | Acurácia (Servidor): 0.5730
--- Avaliação Agregada (Clientes) ---
Loss Média (Clientes): 1.2571 | Acurácia Média (Clientes): 0.5768
[36m(ClientAppActor pid=1160653)[0m Cliente 3: HetRaw=1.4061 | HetNorm=0.4687 | Epochs=4 (dyn=True) | LR=0.005872 (dyn=True) | FedProx=True (mu=0.01)[32m [repeated 5x across cluster][0m

--- Rodada 10 - Avaliação Centralizada (Servidor) ---
Loss (Servidor): 1.2652 | Acurácia (Servidor): 0.5687
--- Avaliação Agregada (Clientes) ---
Loss Média (Clientes): 1.2509 | Acurácia Média (Clientes): 0.5712

Resultados salvos em: /home/tiago/GitHubProjects/fedhad-thesis-2/FedHAD-results/1.1_diagnostico_drift/CIFAR10-Standard/FedHAD__CIFAR10__Mode-STANDARD__Cfg-E1L1F1__Setup-5__Clients-5__Rounds-10__Delay-0_05__Alpha-0_01__Seed-45.txt
[36m(ClientAppActor pid=1160650)[0m [93mWARNING [0m:   DEPRECATED FEATURE: `client_fn` now expects a signature `def client_fn(context: Context)`.The provided `client_fn` has signature: {'cid': <Parameter "cid: str">}. You can import the `Context` like this: `from flwr.app import Context`[32m [repeated 4x across cluster][0m
[36m(ClientAppActor pid=1160650)[0m             This is a deprecated feature. It will be removed[32m [repeated 4x across cluster][0m
[36m(ClientAppActor pid=1160650)[0m             entirely in future versions of Flower.[32m [repeated 4x across cluster][0m
[36m(ClientAppActor pid=1160654)[0m Cliente 1: HetRaw=2.8836 | HetNorm=0.9612 | Epochs=2 (dyn=True) | LR=0.004095 (dyn=True) | FedProx=True (mu=0.01)[32m [repeated 4x across cluster][0m
