[codecarbon WARNING @ 17:25:58] Multiple instances of codecarbon are allowed to run at the same time.
[93mWARNING [0m:   DEPRECATED FEATURE: flwr.simulation.start_simulation() is deprecated.
	Instead, use the `flwr run` CLI command to start a local simulation in your Flower app, as shown for example below:

		$ flwr new  # Create a new Flower app from a template

		$ flwr run  # Run the Flower app in Simulation Mode

	Using `start_simulation()` is deprecated.

            This is a deprecated feature. It will be removed
            entirely in future versions of Flower.
        
[92mINFO [0m:      Starting Flower simulation, config: num_rounds=10, no round_timeout
2026-09-04 17:26:06,729	INFO worker.py:2012 -- Started a local Ray instance.
/home/tiago/GitHubProjects/fedhad-thesis-2/env_flwr_pt/lib/python3.12/site-packages/ray/_private/worker.py:2051: FutureWarning: Tip: In future versions of Ray, Ray will no longer override accelerator visible devices env var if num_gpus=0 or num_gpus=None (default). To enable this behavior and turn off this error message, set RAY_ACCEL_ENV_VAR_OVERRIDE_ON_ZERO=0
  warnings.warn(
[92mINFO [0m:      Flower VCE: Ray initialized with resources: {'GPU': 1.0, 'node:__internal_head__': 1.0, 'accelerator_type:A40': 1.0, 'CPU': 64.0, 'node:10.129.64.100': 1.0, 'object_store_memory': 77520886579.0, 'memory': 180882068685.0}
[92mINFO [0m:      Optimize your simulation with Flower VCE: https://flower.ai/docs/framework/how-to-run-simulations.html
/home/tiago/GitHubProjects/fedhad-thesis-2/FedHAD_Final_2.0.py:1916: UserWarning: No `num_cpus` specified in `client_resources`. Using `num_cpus=1` for each client.
  history = fl.simulation.start_simulation(
[92mINFO [0m:      Flower VCE: Resources for each Virtual Client: {'num_gpus': 0.2, 'num_cpus': 1}
[92mINFO [0m:      Flower VCE: Creating VirtualClientEngineActorPool with 5 actors
[92mINFO [0m:      [INIT]
[92mINFO [0m:      Requesting initial parameters from one random client
[36m(ClientAppActor pid=1144820)[0m [93mWARNING [0m:   DEPRECATED FEATURE: `client_fn` now expects a signature `def client_fn(context: Context)`.The provided `client_fn` has signature: {'cid': <Parameter "cid: str">}. You can import the `Context` like this: `from flwr.app import Context`
[36m(ClientAppActor pid=1144820)[0m 
[36m(ClientAppActor pid=1144820)[0m             This is a deprecated feature. It will be removed
[36m(ClientAppActor pid=1144820)[0m             entirely in future versions of Flower.
[36m(ClientAppActor pid=1144820)[0m         
[92mINFO [0m:      Received initial parameters from one random client
[92mINFO [0m:      Starting evaluation of initial global parameters
[92mINFO [0m:      initial parameters (loss, other metrics): 2.3033873455047607, {'accuracy': 0.1, 'loss': 2.3033873455047607}
[92mINFO [0m:      
[92mINFO [0m:      [ROUND 1]
[92mINFO [0m:      configure_fit: strategy sampled 5 clients (out of 5)
[36m(ClientAppActor pid=1144820)[0m [93mWARNING [0m:   DEPRECATED FEATURE: `client_fn` now expects a signature `def client_fn(context: Context)`.The provided `client_fn` has signature: {'cid': <Parameter "cid: str">}. You can import the `Context` like this: `from flwr.app import Context`
[36m(ClientAppActor pid=1144820)[0m 
[36m(ClientAppActor pid=1144820)[0m             This is a deprecated feature. It will be removed
[36m(ClientAppActor pid=1144820)[0m             entirely in future versions of Flower.
[36m(ClientAppActor pid=1144820)[0m         
[36m(ClientAppActor pid=1144823)[0m 
[36m(ClientAppActor pid=1144823)[0m         
[36m(ClientAppActor pid=1144821)[0m 
[36m(ClientAppActor pid=1144821)[0m         
[36m(ClientAppActor pid=1144822)[0m 
[36m(ClientAppActor pid=1144822)[0m         
[36m(ClientAppActor pid=1144819)[0m 
[36m(ClientAppActor pid=1144819)[0m         
[92mINFO [0m:      aggregate_fit: received 5 results and 0 failures
[92mINFO [0m:      fit progress: (1, 2.2863115436553954, {'accuracy': 0.11, 'loss': 2.2863115436553954}, 16.657606885011774)
[92mINFO [0m:      configure_evaluate: strategy sampled 5 clients (out of 5)
[36m(ClientAppActor pid=1144820)[0m 
[36m(ClientAppActor pid=1144820)[0m         
[36m(ClientAppActor pid=1144820)[0m [93mWARNING [0m:   DEPRECATED FEATURE: `client_fn` now expects a signature `def client_fn(context: Context)`.The provided `client_fn` has signature: {'cid': <Parameter "cid: str">}. You can import the `Context` like this: `from flwr.app import Context`[32m [repeated 5x across cluster] (Ray deduplicates logs by default. Set RAY_DEDUP_LOGS=0 to disable log deduplication, or see https://docs.ray.io/en/master/ray-observability/user-guides/configure-logging.html#log-deduplication for more options.)[0m
[36m(ClientAppActor pid=1144820)[0m             This is a deprecated feature. It will be removed[32m [repeated 5x across cluster][0m
[36m(ClientAppActor pid=1144820)[0m             entirely in future versions of Flower.[32m [repeated 5x across cluster][0m
[36m(ClientAppActor pid=1144822)[0m 
[36m(ClientAppActor pid=1144822)[0m         
[36m(ClientAppActor pid=1144821)[0m 
[36m(ClientAppActor pid=1144821)[0m         
[36m(ClientAppActor pid=1144819)[0m 
[36m(ClientAppActor pid=1144819)[0m         
[36m(ClientAppActor pid=1144823)[0m 
[36m(ClientAppActor pid=1144823)[0m         
[92mINFO [0m:      aggregate_evaluate: received 5 results and 0 failures
[92mINFO [0m:      
[92mINFO [0m:      [ROUND 2]
[92mINFO [0m:      configure_fit: strategy sampled 5 clients (out of 5)
[36m(ClientAppActor pid=1144823)[0m 
[36m(ClientAppActor pid=1144823)[0m         
[36m(ClientAppActor pid=1144819)[0m 
[36m(ClientAppActor pid=1144819)[0m         
[36m(ClientAppActor pid=1144822)[0m 
[36m(ClientAppActor pid=1144822)[0m         
[36m(ClientAppActor pid=1144821)[0m 
[36m(ClientAppActor pid=1144821)[0m         
[36m(ClientAppActor pid=1144820)[0m 
[36m(ClientAppActor pid=1144820)[0m         
[92mINFO [0m:      aggregate_fit: received 5 results and 0 failures
[92mINFO [0m:      fit progress: (2, 1.9576232135772704, {'accuracy': 0.3145, 'loss': 1.9576232135772704}, 34.24155926203821)
[92mINFO [0m:      configure_evaluate: strategy sampled 5 clients (out of 5)
[36m(ClientAppActor pid=1144820)[0m 
[36m(ClientAppActor pid=1144820)[0m         
[36m(ClientAppActor pid=1144820)[0m [93mWARNING [0m:   DEPRECATED FEATURE: `client_fn` now expects a signature `def client_fn(context: Context)`.The provided `client_fn` has signature: {'cid': <Parameter "cid: str">}. You can import the `Context` like this: `from flwr.app import Context`[32m [repeated 10x across cluster][0m
[36m(ClientAppActor pid=1144820)[0m             This is a deprecated feature. It will be removed[32m [repeated 10x across cluster][0m
[36m(ClientAppActor pid=1144820)[0m             entirely in future versions of Flower.[32m [repeated 10x across cluster][0m
[36m(ClientAppActor pid=1144822)[0m 
[36m(ClientAppActor pid=1144822)[0m         
[36m(ClientAppActor pid=1144819)[0m 
[36m(ClientAppActor pid=1144819)[0m         
[36m(ClientAppActor pid=1144821)[0m 
[36m(ClientAppActor pid=1144821)[0m         
[36m(ClientAppActor pid=1144823)[0m 
[36m(ClientAppActor pid=1144823)[0m         
[92mINFO [0m:      aggregate_evaluate: received 5 results and 0 failures
[92mINFO [0m:      
[92mINFO [0m:      [ROUND 3]
[92mINFO [0m:      configure_fit: strategy sampled 5 clients (out of 5)
[36m(ClientAppActor pid=1144823)[0m 
[36m(ClientAppActor pid=1144823)[0m         
[36m(ClientAppActor pid=1144821)[0m 
[36m(ClientAppActor pid=1144821)[0m         
[36m(ClientAppActor pid=1144819)[0m 
[36m(ClientAppActor pid=1144819)[0m         
[36m(ClientAppActor pid=1144822)[0m 
[36m(ClientAppActor pid=1144822)[0m         
[36m(ClientAppActor pid=1144820)[0m 
[36m(ClientAppActor pid=1144820)[0m         
[92mINFO [0m:      aggregate_fit: received 5 results and 0 failures
[92mINFO [0m:      fit progress: (3, 1.8210061336517334, {'accuracy': 0.3646, 'loss': 1.8210061336517334}, 51.97078309603967)
[92mINFO [0m:      configure_evaluate: strategy sampled 5 clients (out of 5)
[36m(ClientAppActor pid=1144821)[0m 
[36m(ClientAppActor pid=1144821)[0m         
[36m(ClientAppActor pid=1144821)[0m [93mWARNING [0m:   DEPRECATED FEATURE: `client_fn` now expects a signature `def client_fn(context: Context)`.The provided `client_fn` has signature: {'cid': <Parameter "cid: str">}. You can import the `Context` like this: `from flwr.app import Context`[32m [repeated 10x across cluster][0m
[36m(ClientAppActor pid=1144821)[0m             This is a deprecated feature. It will be removed[32m [repeated 10x across cluster][0m
[36m(ClientAppActor pid=1144821)[0m             entirely in future versions of Flower.[32m [repeated 10x across cluster][0m
[36m(ClientAppActor pid=1144823)[0m 
[36m(ClientAppActor pid=1144823)[0m         
[36m(ClientAppActor pid=1144820)[0m 
[36m(ClientAppActor pid=1144820)[0m         
[36m(ClientAppActor pid=1144822)[0m 
[36m(ClientAppActor pid=1144822)[0m         
[36m(ClientAppActor pid=1144819)[0m 
[36m(ClientAppActor pid=1144819)[0m         
[92mINFO [0m:      aggregate_evaluate: received 5 results and 0 failures
[92mINFO [0m:      
[92mINFO [0m:      [ROUND 4]
[92mINFO [0m:      configure_fit: strategy sampled 5 clients (out of 5)
[36m(ClientAppActor pid=1144819)[0m 
[36m(ClientAppActor pid=1144819)[0m         
[36m(ClientAppActor pid=1144822)[0m 
[36m(ClientAppActor pid=1144822)[0m         
[36m(ClientAppActor pid=1144823)[0m 
[36m(ClientAppActor pid=1144823)[0m         
[36m(ClientAppActor pid=1144820)[0m 
[36m(ClientAppActor pid=1144820)[0m         
[36m(ClientAppActor pid=1144821)[0m 
[36m(ClientAppActor pid=1144821)[0m         
[92mINFO [0m:      aggregate_fit: received 5 results and 0 failures
[92mINFO [0m:      fit progress: (4, 1.746950652694702, {'accuracy': 0.382, 'loss': 1.746950652694702}, 70.08519066905137)
[92mINFO [0m:      configure_evaluate: strategy sampled 5 clients (out of 5)
[36m(ClientAppActor pid=1144821)[0m 
[36m(ClientAppActor pid=1144821)[0m         
[36m(ClientAppActor pid=1144821)[0m [93mWARNING [0m:   DEPRECATED FEATURE: `client_fn` now expects a signature `def client_fn(context: Context)`.The provided `client_fn` has signature: {'cid': <Parameter "cid: str">}. You can import the `Context` like this: `from flwr.app import Context`[32m [repeated 10x across cluster][0m
[36m(ClientAppActor pid=1144821)[0m             This is a deprecated feature. It will be removed[32m [repeated 10x across cluster][0m
[36m(ClientAppActor pid=1144821)[0m             entirely in future versions of Flower.[32m [repeated 10x across cluster][0m
[36m(ClientAppActor pid=1144822)[0m 
[36m(ClientAppActor pid=1144822)[0m         
[36m(ClientAppActor pid=1144819)[0m 
[36m(ClientAppActor pid=1144819)[0m         
[36m(ClientAppActor pid=1144820)[0m 
[36m(ClientAppActor pid=1144820)[0m         
[36m(ClientAppActor pid=1144823)[0m 
[36m(ClientAppActor pid=1144823)[0m         
[92mINFO [0m:      aggregate_evaluate: received 5 results and 0 failures
[92mINFO [0m:      
[92mINFO [0m:      [ROUND 5]
[92mINFO [0m:      configure_fit: strategy sampled 5 clients (out of 5)
[36m(ClientAppActor pid=1144820)[0m 
[36m(ClientAppActor pid=1144820)[0m         
[36m(ClientAppActor pid=1144823)[0m 
[36m(ClientAppActor pid=1144823)[0m         
[36m(ClientAppActor pid=1144819)[0m 
[36m(ClientAppActor pid=1144819)[0m         
[36m(ClientAppActor pid=1144822)[0m 
[36m(ClientAppActor pid=1144822)[0m         
[36m(ClientAppActor pid=1144821)[0m 
[36m(ClientAppActor pid=1144821)[0m         
[92mINFO [0m:      aggregate_fit: received 5 results and 0 failures
[92mINFO [0m:      fit progress: (5, 1.7284838993072509, {'accuracy': 0.4112, 'loss': 1.7284838993072509}, 87.66849507804727)
[92mINFO [0m:      configure_evaluate: strategy sampled 5 clients (out of 5)
[36m(ClientAppActor pid=1144823)[0m 
[36m(ClientAppActor pid=1144823)[0m         
[36m(ClientAppActor pid=1144823)[0m [93mWARNING [0m:   DEPRECATED FEATURE: `client_fn` now expects a signature `def client_fn(context: Context)`.The provided `client_fn` has signature: {'cid': <Parameter "cid: str">}. You can import the `Context` like this: `from flwr.app import Context`[32m [repeated 10x across cluster][0m
[36m(ClientAppActor pid=1144823)[0m             This is a deprecated feature. It will be removed[32m [repeated 10x across cluster][0m
[36m(ClientAppActor pid=1144823)[0m             entirely in future versions of Flower.[32m [repeated 10x across cluster][0m
[36m(ClientAppActor pid=1144819)[0m 
[36m(ClientAppActor pid=1144819)[0m         
[36m(ClientAppActor pid=1144822)[0m 
[36m(ClientAppActor pid=1144822)[0m         
[36m(ClientAppActor pid=1144821)[0m 
[36m(ClientAppActor pid=1144821)[0m         
[36m(ClientAppActor pid=1144820)[0m 
[36m(ClientAppActor pid=1144820)[0m         
[92mINFO [0m:      aggregate_evaluate: received 5 results and 0 failures
[92mINFO [0m:      
[92mINFO [0m:      [ROUND 6]
[92mINFO [0m:      configure_fit: strategy sampled 5 clients (out of 5)
[36m(ClientAppActor pid=1144820)[0m 
[36m(ClientAppActor pid=1144820)[0m         
[36m(ClientAppActor pid=1144821)[0m 
[36m(ClientAppActor pid=1144821)[0m         
[36m(ClientAppActor pid=1144819)[0m 
[36m(ClientAppActor pid=1144819)[0m         
[36m(ClientAppActor pid=1144822)[0m 
[36m(ClientAppActor pid=1144822)[0m         
[36m(ClientAppActor pid=1144823)[0m 
[36m(ClientAppActor pid=1144823)[0m         
[92mINFO [0m:      aggregate_fit: received 5 results and 0 failures
[92mINFO [0m:      fit progress: (6, 1.6152628789901733, {'accuracy': 0.4418, 'loss': 1.6152628789901733}, 104.87208172003739)
[92mINFO [0m:      configure_evaluate: strategy sampled 5 clients (out of 5)
[36m(ClientAppActor pid=1144820)[0m 
[36m(ClientAppActor pid=1144820)[0m         
[36m(ClientAppActor pid=1144820)[0m [93mWARNING [0m:   DEPRECATED FEATURE: `client_fn` now expects a signature `def client_fn(context: Context)`.The provided `client_fn` has signature: {'cid': <Parameter "cid: str">}. You can import the `Context` like this: `from flwr.app import Context`[32m [repeated 10x across cluster][0m
[36m(ClientAppActor pid=1144820)[0m             This is a deprecated feature. It will be removed[32m [repeated 10x across cluster][0m
[36m(ClientAppActor pid=1144820)[0m             entirely in future versions of Flower.[32m [repeated 10x across cluster][0m
[36m(ClientAppActor pid=1144822)[0m 
[36m(ClientAppActor pid=1144822)[0m         
[36m(ClientAppActor pid=1144819)[0m 
[36m(ClientAppActor pid=1144819)[0m         
[36m(ClientAppActor pid=1144823)[0m 
[36m(ClientAppActor pid=1144823)[0m         
[36m(ClientAppActor pid=1144821)[0m 
[36m(ClientAppActor pid=1144821)[0m         
[92mINFO [0m:      aggregate_evaluate: received 5 results and 0 failures
[92mINFO [0m:      
[92mINFO [0m:      [ROUND 7]
[92mINFO [0m:      configure_fit: strategy sampled 5 clients (out of 5)
[36m(ClientAppActor pid=1144821)[0m 
[36m(ClientAppActor pid=1144821)[0m         
[36m(ClientAppActor pid=1144822)[0m 
[36m(ClientAppActor pid=1144822)[0m         
[36m(ClientAppActor pid=1144819)[0m 
[36m(ClientAppActor pid=1144819)[0m         
[36m(ClientAppActor pid=1144823)[0m 
[36m(ClientAppActor pid=1144823)[0m         
[36m(ClientAppActor pid=1144820)[0m 
[36m(ClientAppActor pid=1144820)[0m         
[92mINFO [0m:      aggregate_fit: received 5 results and 0 failures
[92mINFO [0m:      fit progress: (7, 1.5293440292358398, {'accuracy': 0.4599, 'loss': 1.5293440292358398}, 122.56707029603422)
[92mINFO [0m:      configure_evaluate: strategy sampled 5 clients (out of 5)
[36m(ClientAppActor pid=1144823)[0m 
[36m(ClientAppActor pid=1144823)[0m         
[36m(ClientAppActor pid=1144823)[0m [93mWARNING [0m:   DEPRECATED FEATURE: `client_fn` now expects a signature `def client_fn(context: Context)`.The provided `client_fn` has signature: {'cid': <Parameter "cid: str">}. You can import the `Context` like this: `from flwr.app import Context`[32m [repeated 10x across cluster][0m
[36m(ClientAppActor pid=1144823)[0m             This is a deprecated feature. It will be removed[32m [repeated 10x across cluster][0m
[36m(ClientAppActor pid=1144823)[0m             entirely in future versions of Flower.[32m [repeated 10x across cluster][0m
[36m(ClientAppActor pid=1144822)[0m 
[36m(ClientAppActor pid=1144822)[0m         
[36m(ClientAppActor pid=1144821)[0m 
[36m(ClientAppActor pid=1144821)[0m         
[36m(ClientAppActor pid=1144820)[0m 
[36m(ClientAppActor pid=1144820)[0m         
[36m(ClientAppActor pid=1144819)[0m 
[36m(ClientAppActor pid=1144819)[0m         
[92mINFO [0m:      aggregate_evaluate: received 5 results and 0 failures
[92mINFO [0m:      
[92mINFO [0m:      [ROUND 8]
[92mINFO [0m:      configure_fit: strategy sampled 5 clients (out of 5)
[36m(ClientAppActor pid=1144819)[0m 
[36m(ClientAppActor pid=1144819)[0m         
[36m(ClientAppActor pid=1144820)[0m 
[36m(ClientAppActor pid=1144820)[0m         
[36m(ClientAppActor pid=1144821)[0m 
[36m(ClientAppActor pid=1144821)[0m         
[36m(ClientAppActor pid=1144823)[0m 
[36m(ClientAppActor pid=1144823)[0m         
[36m(ClientAppActor pid=1144822)[0m 
[36m(ClientAppActor pid=1144822)[0m         
[92mINFO [0m:      aggregate_fit: received 5 results and 0 failures
[92mINFO [0m:      fit progress: (8, 1.5204792106628418, {'accuracy': 0.4738, 'loss': 1.5204792106628418}, 139.97698311402928)
[92mINFO [0m:      configure_evaluate: strategy sampled 5 clients (out of 5)
[36m(ClientAppActor pid=1144822)[0m 
[36m(ClientAppActor pid=1144822)[0m         
[36m(ClientAppActor pid=1144822)[0m [93mWARNING [0m:   DEPRECATED FEATURE: `client_fn` now expects a signature `def client_fn(context: Context)`.The provided `client_fn` has signature: {'cid': <Parameter "cid: str">}. You can import the `Context` like this: `from flwr.app import Context`[32m [repeated 10x across cluster][0m
[36m(ClientAppActor pid=1144822)[0m             This is a deprecated feature. It will be removed[32m [repeated 10x across cluster][0m
[36m(ClientAppActor pid=1144822)[0m             entirely in future versions of Flower.[32m [repeated 10x across cluster][0m
[36m(ClientAppActor pid=1144823)[0m 
[36m(ClientAppActor pid=1144823)[0m         
[36m(ClientAppActor pid=1144820)[0m 
[36m(ClientAppActor pid=1144820)[0m         
[36m(ClientAppActor pid=1144821)[0m 
[36m(ClientAppActor pid=1144821)[0m         
[36m(ClientAppActor pid=1144819)[0m 
[36m(ClientAppActor pid=1144819)[0m         
[92mINFO [0m:      aggregate_evaluate: received 5 results and 0 failures
[92mINFO [0m:      
[92mINFO [0m:      [ROUND 9]
[92mINFO [0m:      configure_fit: strategy sampled 5 clients (out of 5)
[36m(ClientAppActor pid=1144819)[0m 
[36m(ClientAppActor pid=1144819)[0m         
[36m(ClientAppActor pid=1144820)[0m 
[36m(ClientAppActor pid=1144820)[0m         
[36m(ClientAppActor pid=1144821)[0m 
[36m(ClientAppActor pid=1144821)[0m         
[36m(ClientAppActor pid=1144823)[0m 
[36m(ClientAppActor pid=1144823)[0m         
[36m(ClientAppActor pid=1144822)[0m 
[36m(ClientAppActor pid=1144822)[0m         
[92mINFO [0m:      aggregate_fit: received 5 results and 0 failures
[92mINFO [0m:      fit progress: (9, 1.6007935562133788, {'accuracy': 0.4704, 'loss': 1.6007935562133788}, 157.575787349022)
[92mINFO [0m:      configure_evaluate: strategy sampled 5 clients (out of 5)
[36m(ClientAppActor pid=1144820)[0m 
[36m(ClientAppActor pid=1144820)[0m         
[36m(ClientAppActor pid=1144820)[0m [93mWARNING [0m:   DEPRECATED FEATURE: `client_fn` now expects a signature `def client_fn(context: Context)`.The provided `client_fn` has signature: {'cid': <Parameter "cid: str">}. You can import the `Context` like this: `from flwr.app import Context`[32m [repeated 10x across cluster][0m
[36m(ClientAppActor pid=1144820)[0m             This is a deprecated feature. It will be removed[32m [repeated 10x across cluster][0m
[36m(ClientAppActor pid=1144820)[0m             entirely in future versions of Flower.[32m [repeated 10x across cluster][0m
[36m(ClientAppActor pid=1144821)[0m 
[36m(ClientAppActor pid=1144821)[0m         
[36m(ClientAppActor pid=1144823)[0m 
[36m(ClientAppActor pid=1144823)[0m         
[36m(ClientAppActor pid=1144822)[0m 
[36m(ClientAppActor pid=1144822)[0m         
[36m(ClientAppActor pid=1144819)[0m 
[36m(ClientAppActor pid=1144819)[0m         
[92mINFO [0m:      aggregate_evaluate: received 5 results and 0 failures
[92mINFO [0m:      
[92mINFO [0m:      [ROUND 10]
[92mINFO [0m:      configure_fit: strategy sampled 5 clients (out of 5)
[36m(ClientAppActor pid=1144819)[0m 
[36m(ClientAppActor pid=1144819)[0m         
[36m(ClientAppActor pid=1144822)[0m 
[36m(ClientAppActor pid=1144822)[0m         
[36m(ClientAppActor pid=1144823)[0m 
[36m(ClientAppActor pid=1144823)[0m         
[36m(ClientAppActor pid=1144821)[0m 
[36m(ClientAppActor pid=1144821)[0m         
[36m(ClientAppActor pid=1144820)[0m 
[36m(ClientAppActor pid=1144820)[0m         
[92mINFO [0m:      aggregate_fit: received 5 results and 0 failures
[92mINFO [0m:      fit progress: (10, 1.4506319843292237, {'accuracy': 0.4982, 'loss': 1.4506319843292237}, 174.89479069504887)
[92mINFO [0m:      configure_evaluate: strategy sampled 5 clients (out of 5)
[36m(ClientAppActor pid=1144823)[0m 
[36m(ClientAppActor pid=1144823)[0m         
[36m(ClientAppActor pid=1144823)[0m [93mWARNING [0m:   DEPRECATED FEATURE: `client_fn` now expects a signature `def client_fn(context: Context)`.The provided `client_fn` has signature: {'cid': <Parameter "cid: str">}. You can import the `Context` like this: `from flwr.app import Context`[32m [repeated 10x across cluster][0m
[36m(ClientAppActor pid=1144823)[0m             This is a deprecated feature. It will be removed[32m [repeated 10x across cluster][0m
[36m(ClientAppActor pid=1144823)[0m             entirely in future versions of Flower.[32m [repeated 10x across cluster][0m
[36m(ClientAppActor pid=1144820)[0m 
[36m(ClientAppActor pid=1144820)[0m         
[36m(ClientAppActor pid=1144819)[0m 
[36m(ClientAppActor pid=1144819)[0m         
[36m(ClientAppActor pid=1144821)[0m 
[36m(ClientAppActor pid=1144821)[0m         
[36m(ClientAppActor pid=1144822)[0m 
[36m(ClientAppActor pid=1144822)[0m         
[92mINFO [0m:      aggregate_evaluate: received 5 results and 0 failures
[92mINFO [0m:      
[92mINFO [0m:      [SUMMARY]
[92mINFO [0m:      Run finished 10 round(s) in 175.66s
[92mINFO [0m:      	History (loss, distributed):
[92mINFO [0m:      		round 1: 2.286219015672794
[92mINFO [0m:      		round 2: 1.9625778771515106
[92mINFO [0m:      		round 3: 1.8427155099885182
[92mINFO [0m:      		round 4: 1.7705529475359947
[92mINFO [0m:      		round 5: 1.7680196148988174
[92mINFO [0m:      		round 6: 1.6331081508898597
[92mINFO [0m:      		round 7: 1.5495389517270748
[92mINFO [0m:      		round 8: 1.5454773862115334
[92mINFO [0m:      		round 9: 1.6161685264165413
[92mINFO [0m:      		round 10: 1.4715258813328829
[92mINFO [0m:      	History (loss, centralized):
[92mINFO [0m:      		round 0: 2.3033873455047607
[92mINFO [0m:      		round 1: 2.2863115436553954
[92mINFO [0m:      		round 2: 1.9576232135772704
[92mINFO [0m:      		round 3: 1.8210061336517334
[92mINFO [0m:      		round 4: 1.746950652694702
[92mINFO [0m:      		round 5: 1.7284838993072509
[92mINFO [0m:      		round 6: 1.6152628789901733
[92mINFO [0m:      		round 7: 1.5293440292358398
[92mINFO [0m:      		round 8: 1.5204792106628418
[92mINFO [0m:      		round 9: 1.6007935562133788
[92mINFO [0m:      		round 10: 1.4506319843292237
[92mINFO [0m:      	History (metrics, distributed, fit):
[92mINFO [0m:      	{'avg_epochs_weighted': [(1, 3.175573876136086),
[92mINFO [0m:      	                         (2, 3.175573876136086),
[92mINFO [0m:      	                         (3, 3.175573876136086),
[92mINFO [0m:      	                         (4, 3.175573876136086),
[92mINFO [0m:      	                         (5, 3.175573876136086),
[92mINFO [0m:      	                         (6, 3.175573876136086),
[92mINFO [0m:      	                         (7, 3.175573876136086),
[92mINFO [0m:      	                         (8, 3.175573876136086),
[92mINFO [0m:      	                         (9, 3.175573876136086),
[92mINFO [0m:      	                         (10, 3.175573876136086)],
[92mINFO [0m:      	 'avg_flops_per_client_round': [(1, 5170115813376.0),
[92mINFO [0m:      	                                (2, 5170115813376.0),
[92mINFO [0m:      	                                (3, 5170115813376.0),
[92mINFO [0m:      	                                (4, 5170115813376.0),
[92mINFO [0m:      	                                (5, 5170115813376.0),
[92mINFO [0m:      	                                (6, 5170115813376.0),
[92mINFO [0m:      	                                (7, 5170115813376.0),
[92mINFO [0m:      	                                (8, 5170115813376.0),
[92mINFO [0m:      	                                (9, 5170115813376.0),
[92mINFO [0m:      	                                (10, 5170115813376.0)],
[92mINFO [0m:      	 'avg_lr_weighted': [(1, 0.0053162334708135115),
[92mINFO [0m:      	                     (2, 0.0053162334708135115),
[92mINFO [0m:      	                     (3, 0.0053162334708135115),
[92mINFO [0m:      	                     (4, 0.0053162334708135115),
[92mINFO [0m:      	                     (5, 0.0053162334708135115),
[92mINFO [0m:      	                     (6, 0.0053162334708135115),
[92mINFO [0m:      	                     (7, 0.0053162334708135115),
[92mINFO [0m:      	                     (8, 0.0053162334708135115),
[92mINFO [0m:      	                     (9, 0.0053162334708135115),
[92mINFO [0m:      	                     (10, 0.0053162334708135115)],
[92mINFO [0m:      	 'total_flops_round': [(1, 25850579066880),
[92mINFO [0m:      	                       (2, 25850579066880),
[92mINFO [0m:      	                       (3, 25850579066880),
[92mINFO [0m:      	                       (4, 25850579066880),
[92mINFO [0m:      	                       (5, 25850579066880),
[92mINFO [0m:      	                       (6, 25850579066880),
[92mINFO [0m:      	                       (7, 25850579066880),
[92mINFO [0m:      	                       (8, 25850579066880),
[92mINFO [0m:      	                       (9, 25850579066880),
[92mINFO [0m:      	                       (10, 25850579066880)]}
[92mINFO [0m:      	History (metrics, distributed, evaluate):
[92mINFO [0m:      	{'accuracy': [(1, 0.10782156431286258),
[92mINFO [0m:      	              (2, 0.3126625325065013),
[92mINFO [0m:      	              (3, 0.36307261452290457),
[92mINFO [0m:      	              (4, 0.3776755351070214),
[92mINFO [0m:      	              (5, 0.40928185637127423),
[92mINFO [0m:      	              (6, 0.4376875375075015),
[92mINFO [0m:      	              (7, 0.46089217843568714),
[92mINFO [0m:      	              (8, 0.47489497899579913),
[92mINFO [0m:      	              (9, 0.47269453890778157),
[92mINFO [0m:      	              (10, 0.5043008601720345)],
[92mINFO [0m:      	 'loss': [(1, 2.286219015672794),
[92mINFO [0m:      	          (2, 1.9625778771515106),
[92mINFO [0m:      	          (3, 1.8427155099885182),
[92mINFO [0m:      	          (4, 1.7705529475359947),
[92mINFO [0m:      	          (5, 1.7680196148988174),
[92mINFO [0m:      	          (6, 1.6331081508898597),
[92mINFO [0m:      	          (7, 1.5495389517270748),
[92mINFO [0m:      	          (8, 1.5454773862115334),
[92mINFO [0m:      	          (9, 1.6161685264165413),
[92mINFO [0m:      	          (10, 1.4715258813328829)]}
[92mINFO [0m:      	History (metrics, centralized):
[92mINFO [0m:      	{'accuracy': [(0, 0.1),
[92mINFO [0m:      	              (1, 0.11),
[92mINFO [0m:      	              (2, 0.3145),
[92mINFO [0m:      	              (3, 0.3646),
[92mINFO [0m:      	              (4, 0.382),
[92mINFO [0m:      	              (5, 0.4112),
[92mINFO [0m:      	              (6, 0.4418),
[92mINFO [0m:      	              (7, 0.4599),
[92mINFO [0m:      	              (8, 0.4738),
[92mINFO [0m:      	              (9, 0.4704),
[92mINFO [0m:      	              (10, 0.4982)],
[92mINFO [0m:      	 'loss': [(0, 2.3033873455047607),
[92mINFO [0m:      	          (1, 2.2863115436553954),
[92mINFO [0m:      	          (2, 1.9576232135772704),
[92mINFO [0m:      	          (3, 1.8210061336517334),
[92mINFO [0m:      	          (4, 1.746950652694702),
[92mINFO [0m:      	          (5, 1.7284838993072509),
[92mINFO [0m:      	          (6, 1.6152628789901733),
[92mINFO [0m:      	          (7, 1.5293440292358398),
[92mINFO [0m:      	          (8, 1.5204792106628418),
[92mINFO [0m:      	          (9, 1.6007935562133788),
[92mINFO [0m:      	          (10, 1.4506319843292237)]}
[92mINFO [0m:      
Treinando no dispositivo: cuda:0 com o dataset: CIFAR10 | Setup clientes: 5 (num_gpus por cliente=0.2) | SEED=43
FLOPS por amostra (forward): 6.030e+07 | (forward+backward, 3x): 1.809e+08
Files already downloaded and verified
Files already downloaded and verified
Dividindo o dataset usando a distribuição de Dirichlet com alpha=0.01.
Iniciando a simulação de Aprendizado Federado...
=== Diagnóstico de Medição de GPU ===
  pynvml_disponivel: True
  pynvml_versao: 580.173.02
  gpus_detectadas: 1
  leitura_potencia_ok: True
  potencia_atual_W: 60.294

--- Rodada 0 - Avaliação Centralizada (Servidor) ---
Loss (Servidor): 2.3034 | Acurácia (Servidor): 0.1000
[36m(ClientAppActor pid=1144820)[0m Cliente 0: HetRaw=1.2369 | HetNorm=0.4123 | Epochs=4 (dyn=True) | LR=0.006179 (dyn=True) | FedProx=True (mu=0.01)

--- Rodada 1 - Avaliação Centralizada (Servidor) ---
Loss (Servidor): 2.2863 | Acurácia (Servidor): 0.1100
--- Avaliação Agregada (Clientes) ---
Loss Média (Clientes): 2.2862 | Acurácia Média (Clientes): 0.1078
[36m(ClientAppActor pid=1144823)[0m Cliente 4: HetRaw=2.9722 | HetNorm=0.9907 | Epochs=2 (dyn=True) | LR=0.004022 (dyn=True) | FedProx=True (mu=0.01)[32m [repeated 5x across cluster][0m

--- Rodada 2 - Avaliação Centralizada (Servidor) ---
Loss (Servidor): 1.9576 | Acurácia (Servidor): 0.3145
--- Avaliação Agregada (Clientes) ---
Loss Média (Clientes): 1.9626 | Acurácia Média (Clientes): 0.3127
[36m(ClientAppActor pid=1144823)[0m Cliente 2: HetRaw=1.7634 | HetNorm=0.5878 | Epochs=3 (dyn=True) | LR=0.005314 (dyn=True) | FedProx=True (mu=0.01)[32m [repeated 5x across cluster][0m

--- Rodada 3 - Avaliação Centralizada (Servidor) ---
Loss (Servidor): 1.8210 | Acurácia (Servidor): 0.3646
--- Avaliação Agregada (Clientes) ---
Loss Média (Clientes): 1.8427 | Acurácia Média (Clientes): 0.3631
[36m(ClientAppActor pid=1144819)[0m Cliente 3: HetRaw=1.9969 | HetNorm=0.6656 | Epochs=3 (dyn=True) | LR=0.005004 (dyn=True) | FedProx=True (mu=0.01)[32m [repeated 5x across cluster][0m

--- Rodada 4 - Avaliação Centralizada (Servidor) ---
Loss (Servidor): 1.7470 | Acurácia (Servidor): 0.3820
--- Avaliação Agregada (Clientes) ---
Loss Média (Clientes): 1.7706 | Acurácia Média (Clientes): 0.3777
[36m(ClientAppActor pid=1144820)[0m Cliente 1: HetRaw=2.9978 | HetNorm=0.9993 | Epochs=2 (dyn=True) | LR=0.004002 (dyn=True) | FedProx=True (mu=0.01)[32m [repeated 5x across cluster][0m

--- Rodada 5 - Avaliação Centralizada (Servidor) ---
Loss (Servidor): 1.7285 | Acurácia (Servidor): 0.4112
--- Avaliação Agregada (Clientes) ---
Loss Média (Clientes): 1.7680 | Acurácia Média (Clientes): 0.4093
[36m(ClientAppActor pid=1144820)[0m Cliente 0: HetRaw=1.2369 | HetNorm=0.4123 | Epochs=4 (dyn=True) | LR=0.006179 (dyn=True) | FedProx=True (mu=0.01)[32m [repeated 5x across cluster][0m

--- Rodada 6 - Avaliação Centralizada (Servidor) ---
Loss (Servidor): 1.6153 | Acurácia (Servidor): 0.4418
--- Avaliação Agregada (Clientes) ---
Loss Média (Clientes): 1.6331 | Acurácia Média (Clientes): 0.4377
[36m(ClientAppActor pid=1144821)[0m Cliente 3: HetRaw=1.9969 | HetNorm=0.6656 | Epochs=3 (dyn=True) | LR=0.005004 (dyn=True) | FedProx=True (mu=0.01)[32m [repeated 5x across cluster][0m

--- Rodada 7 - Avaliação Centralizada (Servidor) ---
Loss (Servidor): 1.5293 | Acurácia (Servidor): 0.4599
--- Avaliação Agregada (Clientes) ---
Loss Média (Clientes): 1.5495 | Acurácia Média (Clientes): 0.4609
[36m(ClientAppActor pid=1144819)[0m Cliente 4: HetRaw=2.9722 | HetNorm=0.9907 | Epochs=2 (dyn=True) | LR=0.004022 (dyn=True) | FedProx=True (mu=0.01)[32m [repeated 5x across cluster][0m

--- Rodada 8 - Avaliação Centralizada (Servidor) ---
Loss (Servidor): 1.5205 | Acurácia (Servidor): 0.4738
--- Avaliação Agregada (Clientes) ---
Loss Média (Clientes): 1.5455 | Acurácia Média (Clientes): 0.4749
[36m(ClientAppActor pid=1144819)[0m Cliente 1: HetRaw=2.9978 | HetNorm=0.9993 | Epochs=2 (dyn=True) | LR=0.004002 (dyn=True) | FedProx=True (mu=0.01)[32m [repeated 5x across cluster][0m

--- Rodada 9 - Avaliação Centralizada (Servidor) ---
Loss (Servidor): 1.6008 | Acurácia (Servidor): 0.4704
--- Avaliação Agregada (Clientes) ---
Loss Média (Clientes): 1.6162 | Acurácia Média (Clientes): 0.4727
[36m(ClientAppActor pid=1144819)[0m Cliente 3: HetRaw=1.9969 | HetNorm=0.6656 | Epochs=3 (dyn=True) | LR=0.005004 (dyn=True) | FedProx=True (mu=0.01)[32m [repeated 5x across cluster][0m

--- Rodada 10 - Avaliação Centralizada (Servidor) ---
Loss (Servidor): 1.4506 | Acurácia (Servidor): 0.4982
--- Avaliação Agregada (Clientes) ---
Loss Média (Clientes): 1.4715 | Acurácia Média (Clientes): 0.5043

Resultados salvos em: /home/tiago/GitHubProjects/fedhad-thesis-2/FedHAD-results/1.1_diagnostico_drift/CIFAR10-Standard/FedHAD__CIFAR10__Mode-STANDARD__Cfg-E1L1F1__Setup-5__Clients-5__Rounds-10__Delay-0_05__Alpha-0_01__Seed-43.txt
[36m(ClientAppActor pid=1144822)[0m [93mWARNING [0m:   DEPRECATED FEATURE: `client_fn` now expects a signature `def client_fn(context: Context)`.The provided `client_fn` has signature: {'cid': <Parameter "cid: str">}. You can import the `Context` like this: `from flwr.app import Context`[32m [repeated 4x across cluster][0m
[36m(ClientAppActor pid=1144822)[0m             This is a deprecated feature. It will be removed[32m [repeated 4x across cluster][0m
[36m(ClientAppActor pid=1144822)[0m             entirely in future versions of Flower.[32m [repeated 4x across cluster][0m
[36m(ClientAppActor pid=1144820)[0m Cliente 2: HetRaw=1.7634 | HetNorm=0.5878 | Epochs=3 (dyn=True) | LR=0.005314 (dyn=True) | FedProx=True (mu=0.01)[32m [repeated 4x across cluster][0m
