[codecarbon WARNING @ 16:40:11] Multiple instances of codecarbon are allowed to run at the same time.
[93mWARNING [0m:   DEPRECATED FEATURE: flwr.simulation.start_simulation() is deprecated.
	Instead, use the `flwr run` CLI command to start a local simulation in your Flower app, as shown for example below:

		$ flwr new  # Create a new Flower app from a template

		$ flwr run  # Run the Flower app in Simulation Mode

	Using `start_simulation()` is deprecated.

            This is a deprecated feature. It will be removed
            entirely in future versions of Flower.
        
[92mINFO [0m:      Starting Flower simulation, config: num_rounds=10, no round_timeout
2026-09-04 16:40:19,815	INFO worker.py:2012 -- Started a local Ray instance.
/home/tiago/GitHubProjects/fedhad-thesis-2/env_flwr_pt/lib/python3.12/site-packages/ray/_private/worker.py:2051: FutureWarning: Tip: In future versions of Ray, Ray will no longer override accelerator visible devices env var if num_gpus=0 or num_gpus=None (default). To enable this behavior and turn off this error message, set RAY_ACCEL_ENV_VAR_OVERRIDE_ON_ZERO=0
  warnings.warn(
[92mINFO [0m:      Flower VCE: Ray initialized with resources: {'accelerator_type:A40': 1.0, 'memory': 180881142580.0, 'node:10.129.64.100': 1.0, 'object_store_memory': 77520489676.0, 'GPU': 1.0, 'node:__internal_head__': 1.0, 'CPU': 64.0}
[92mINFO [0m:      Optimize your simulation with Flower VCE: https://flower.ai/docs/framework/how-to-run-simulations.html
/home/tiago/GitHubProjects/fedhad-thesis-2/FedHAD_Final_2.0.py:1916: UserWarning: No `num_cpus` specified in `client_resources`. Using `num_cpus=1` for each client.
  history = fl.simulation.start_simulation(
[92mINFO [0m:      Flower VCE: Resources for each Virtual Client: {'num_gpus': 0.2, 'num_cpus': 1}
[92mINFO [0m:      Flower VCE: Creating VirtualClientEngineActorPool with 5 actors
[92mINFO [0m:      [INIT]
[92mINFO [0m:      Requesting initial parameters from one random client
[36m(ClientAppActor pid=1034100)[0m [93mWARNING [0m:   DEPRECATED FEATURE: `client_fn` now expects a signature `def client_fn(context: Context)`.The provided `client_fn` has signature: {'cid': <Parameter "cid: str">}. You can import the `Context` like this: `from flwr.app import Context`
[36m(ClientAppActor pid=1034100)[0m 
[36m(ClientAppActor pid=1034100)[0m             This is a deprecated feature. It will be removed
[36m(ClientAppActor pid=1034100)[0m             entirely in future versions of Flower.
[36m(ClientAppActor pid=1034100)[0m         
[92mINFO [0m:      Received initial parameters from one random client
[92mINFO [0m:      Starting evaluation of initial global parameters
[92mINFO [0m:      initial parameters (loss, other metrics): 2.303082201385498, {'accuracy': 0.1, 'loss': 2.303082201385498}
[92mINFO [0m:      
[92mINFO [0m:      [ROUND 1]
[92mINFO [0m:      configure_fit: strategy sampled 5 clients (out of 5)
[36m(ClientAppActor pid=1034100)[0m [93mWARNING [0m:   DEPRECATED FEATURE: `client_fn` now expects a signature `def client_fn(context: Context)`.The provided `client_fn` has signature: {'cid': <Parameter "cid: str">}. You can import the `Context` like this: `from flwr.app import Context`
[36m(ClientAppActor pid=1034100)[0m 
[36m(ClientAppActor pid=1034100)[0m             This is a deprecated feature. It will be removed
[36m(ClientAppActor pid=1034100)[0m             entirely in future versions of Flower.
[36m(ClientAppActor pid=1034100)[0m         
[36m(ClientAppActor pid=1034099)[0m 
[36m(ClientAppActor pid=1034099)[0m         
[36m(ClientAppActor pid=1034097)[0m 
[36m(ClientAppActor pid=1034097)[0m         
[36m(ClientAppActor pid=1034098)[0m 
[36m(ClientAppActor pid=1034098)[0m         
[36m(ClientAppActor pid=1034096)[0m 
[36m(ClientAppActor pid=1034096)[0m         
[92mINFO [0m:      aggregate_fit: received 5 results and 0 failures
[92mINFO [0m:      fit progress: (1, 2.1558962669372557, {'accuracy': 0.2264, 'loss': 2.1558962669372557}, 17.078449909982737)
[92mINFO [0m:      configure_evaluate: strategy sampled 5 clients (out of 5)
[36m(ClientAppActor pid=1034098)[0m 
[36m(ClientAppActor pid=1034098)[0m         
[36m(ClientAppActor pid=1034098)[0m [93mWARNING [0m:   DEPRECATED FEATURE: `client_fn` now expects a signature `def client_fn(context: Context)`.The provided `client_fn` has signature: {'cid': <Parameter "cid: str">}. You can import the `Context` like this: `from flwr.app import Context`[32m [repeated 5x across cluster] (Ray deduplicates logs by default. Set RAY_DEDUP_LOGS=0 to disable log deduplication, or see https://docs.ray.io/en/master/ray-observability/user-guides/configure-logging.html#log-deduplication for more options.)[0m
[36m(ClientAppActor pid=1034098)[0m             This is a deprecated feature. It will be removed[32m [repeated 5x across cluster][0m
[36m(ClientAppActor pid=1034098)[0m             entirely in future versions of Flower.[32m [repeated 5x across cluster][0m
[36m(ClientAppActor pid=1034097)[0m 
[36m(ClientAppActor pid=1034097)[0m         
[36m(ClientAppActor pid=1034099)[0m 
[36m(ClientAppActor pid=1034099)[0m         
[36m(ClientAppActor pid=1034096)[0m 
[36m(ClientAppActor pid=1034096)[0m         
[36m(ClientAppActor pid=1034100)[0m 
[36m(ClientAppActor pid=1034100)[0m         
[92mINFO [0m:      aggregate_evaluate: received 5 results and 0 failures
[92mINFO [0m:      
[92mINFO [0m:      [ROUND 2]
[92mINFO [0m:      configure_fit: strategy sampled 5 clients (out of 5)
[36m(ClientAppActor pid=1034100)[0m 
[36m(ClientAppActor pid=1034100)[0m         
[36m(ClientAppActor pid=1034096)[0m 
[36m(ClientAppActor pid=1034096)[0m         
[36m(ClientAppActor pid=1034099)[0m 
[36m(ClientAppActor pid=1034099)[0m         
[36m(ClientAppActor pid=1034097)[0m 
[36m(ClientAppActor pid=1034097)[0m         
[36m(ClientAppActor pid=1034098)[0m 
[36m(ClientAppActor pid=1034098)[0m         
[92mINFO [0m:      aggregate_fit: received 5 results and 0 failures
[92mINFO [0m:      fit progress: (2, 1.2135282487869263, {'accuracy': 0.6337, 'loss': 1.2135282487869263}, 33.18145011301385)
[92mINFO [0m:      configure_evaluate: strategy sampled 5 clients (out of 5)
[36m(ClientAppActor pid=1034097)[0m 
[36m(ClientAppActor pid=1034097)[0m         
[36m(ClientAppActor pid=1034097)[0m [93mWARNING [0m:   DEPRECATED FEATURE: `client_fn` now expects a signature `def client_fn(context: Context)`.The provided `client_fn` has signature: {'cid': <Parameter "cid: str">}. You can import the `Context` like this: `from flwr.app import Context`[32m [repeated 10x across cluster][0m
[36m(ClientAppActor pid=1034097)[0m             This is a deprecated feature. It will be removed[32m [repeated 10x across cluster][0m
[36m(ClientAppActor pid=1034097)[0m             entirely in future versions of Flower.[32m [repeated 10x across cluster][0m
[36m(ClientAppActor pid=1034096)[0m 
[36m(ClientAppActor pid=1034096)[0m         
[36m(ClientAppActor pid=1034099)[0m 
[36m(ClientAppActor pid=1034099)[0m         
[36m(ClientAppActor pid=1034098)[0m 
[36m(ClientAppActor pid=1034098)[0m         
[36m(ClientAppActor pid=1034100)[0m 
[36m(ClientAppActor pid=1034100)[0m         
[92mINFO [0m:      aggregate_evaluate: received 5 results and 0 failures
[92mINFO [0m:      
[92mINFO [0m:      [ROUND 3]
[92mINFO [0m:      configure_fit: strategy sampled 5 clients (out of 5)
[36m(ClientAppActor pid=1034100)[0m 
[36m(ClientAppActor pid=1034100)[0m         
[36m(ClientAppActor pid=1034098)[0m 
[36m(ClientAppActor pid=1034098)[0m         
[36m(ClientAppActor pid=1034099)[0m 
[36m(ClientAppActor pid=1034099)[0m         
[36m(ClientAppActor pid=1034096)[0m 
[36m(ClientAppActor pid=1034096)[0m         
[36m(ClientAppActor pid=1034097)[0m 
[36m(ClientAppActor pid=1034097)[0m         
[92mINFO [0m:      aggregate_fit: received 5 results and 0 failures
[92mINFO [0m:      fit progress: (3, 0.8200095929145813, {'accuracy': 0.724, 'loss': 0.8200095929145813}, 48.88378717197338)
[92mINFO [0m:      configure_evaluate: strategy sampled 5 clients (out of 5)
[36m(ClientAppActor pid=1034100)[0m 
[36m(ClientAppActor pid=1034100)[0m         
[36m(ClientAppActor pid=1034100)[0m [93mWARNING [0m:   DEPRECATED FEATURE: `client_fn` now expects a signature `def client_fn(context: Context)`.The provided `client_fn` has signature: {'cid': <Parameter "cid: str">}. You can import the `Context` like this: `from flwr.app import Context`[32m [repeated 10x across cluster][0m
[36m(ClientAppActor pid=1034100)[0m             This is a deprecated feature. It will be removed[32m [repeated 10x across cluster][0m
[36m(ClientAppActor pid=1034100)[0m             entirely in future versions of Flower.[32m [repeated 10x across cluster][0m
[36m(ClientAppActor pid=1034096)[0m 
[36m(ClientAppActor pid=1034096)[0m         
[36m(ClientAppActor pid=1034097)[0m 
[36m(ClientAppActor pid=1034097)[0m         
[36m(ClientAppActor pid=1034098)[0m 
[36m(ClientAppActor pid=1034098)[0m         
[36m(ClientAppActor pid=1034099)[0m 
[36m(ClientAppActor pid=1034099)[0m         
[92mINFO [0m:      aggregate_evaluate: received 5 results and 0 failures
[92mINFO [0m:      
[92mINFO [0m:      [ROUND 4]
[92mINFO [0m:      configure_fit: strategy sampled 5 clients (out of 5)
[36m(ClientAppActor pid=1034099)[0m 
[36m(ClientAppActor pid=1034099)[0m         
[36m(ClientAppActor pid=1034098)[0m 
[36m(ClientAppActor pid=1034098)[0m         
[36m(ClientAppActor pid=1034097)[0m 
[36m(ClientAppActor pid=1034097)[0m         
[36m(ClientAppActor pid=1034096)[0m 
[36m(ClientAppActor pid=1034096)[0m         
[36m(ClientAppActor pid=1034100)[0m 
[36m(ClientAppActor pid=1034100)[0m         
[92mINFO [0m:      aggregate_fit: received 5 results and 0 failures
[92mINFO [0m:      fit progress: (4, 0.7471540454864501, {'accuracy': 0.7487, 'loss': 0.7471540454864501}, 64.59415929397801)
[92mINFO [0m:      configure_evaluate: strategy sampled 5 clients (out of 5)
[36m(ClientAppActor pid=1034098)[0m 
[36m(ClientAppActor pid=1034098)[0m         
[36m(ClientAppActor pid=1034098)[0m [93mWARNING [0m:   DEPRECATED FEATURE: `client_fn` now expects a signature `def client_fn(context: Context)`.The provided `client_fn` has signature: {'cid': <Parameter "cid: str">}. You can import the `Context` like this: `from flwr.app import Context`[32m [repeated 10x across cluster][0m
[36m(ClientAppActor pid=1034098)[0m             This is a deprecated feature. It will be removed[32m [repeated 10x across cluster][0m
[36m(ClientAppActor pid=1034098)[0m             entirely in future versions of Flower.[32m [repeated 10x across cluster][0m
[36m(ClientAppActor pid=1034096)[0m 
[36m(ClientAppActor pid=1034096)[0m         
[36m(ClientAppActor pid=1034099)[0m 
[36m(ClientAppActor pid=1034099)[0m         
[36m(ClientAppActor pid=1034100)[0m 
[36m(ClientAppActor pid=1034100)[0m         
[36m(ClientAppActor pid=1034097)[0m 
[36m(ClientAppActor pid=1034097)[0m         
[92mINFO [0m:      aggregate_evaluate: received 5 results and 0 failures
[92mINFO [0m:      
[92mINFO [0m:      [ROUND 5]
[92mINFO [0m:      configure_fit: strategy sampled 5 clients (out of 5)
[36m(ClientAppActor pid=1034097)[0m 
[36m(ClientAppActor pid=1034097)[0m         
[36m(ClientAppActor pid=1034100)[0m 
[36m(ClientAppActor pid=1034100)[0m         
[36m(ClientAppActor pid=1034096)[0m 
[36m(ClientAppActor pid=1034096)[0m         
[36m(ClientAppActor pid=1034099)[0m 
[36m(ClientAppActor pid=1034099)[0m         
[36m(ClientAppActor pid=1034098)[0m 
[36m(ClientAppActor pid=1034098)[0m         
[92mINFO [0m:      aggregate_fit: received 5 results and 0 failures
[92mINFO [0m:      fit progress: (5, 0.6751634922981262, {'accuracy': 0.7763, 'loss': 0.6751634922981262}, 80.22541130398167)
[92mINFO [0m:      configure_evaluate: strategy sampled 5 clients (out of 5)
[36m(ClientAppActor pid=1034096)[0m 
[36m(ClientAppActor pid=1034096)[0m         
[36m(ClientAppActor pid=1034096)[0m [93mWARNING [0m:   DEPRECATED FEATURE: `client_fn` now expects a signature `def client_fn(context: Context)`.The provided `client_fn` has signature: {'cid': <Parameter "cid: str">}. You can import the `Context` like this: `from flwr.app import Context`[32m [repeated 10x across cluster][0m
[36m(ClientAppActor pid=1034096)[0m             This is a deprecated feature. It will be removed[32m [repeated 10x across cluster][0m
[36m(ClientAppActor pid=1034096)[0m             entirely in future versions of Flower.[32m [repeated 10x across cluster][0m
[36m(ClientAppActor pid=1034099)[0m 
[36m(ClientAppActor pid=1034099)[0m         
[36m(ClientAppActor pid=1034100)[0m 
[36m(ClientAppActor pid=1034100)[0m         
[36m(ClientAppActor pid=1034097)[0m 
[36m(ClientAppActor pid=1034097)[0m         
[36m(ClientAppActor pid=1034098)[0m 
[36m(ClientAppActor pid=1034098)[0m         
[92mINFO [0m:      aggregate_evaluate: received 5 results and 0 failures
[92mINFO [0m:      
[92mINFO [0m:      [ROUND 6]
[92mINFO [0m:      configure_fit: strategy sampled 5 clients (out of 5)
[36m(ClientAppActor pid=1034098)[0m 
[36m(ClientAppActor pid=1034098)[0m         
[36m(ClientAppActor pid=1034097)[0m 
[36m(ClientAppActor pid=1034097)[0m         
[36m(ClientAppActor pid=1034100)[0m 
[36m(ClientAppActor pid=1034100)[0m         
[36m(ClientAppActor pid=1034099)[0m 
[36m(ClientAppActor pid=1034099)[0m         
[36m(ClientAppActor pid=1034096)[0m 
[36m(ClientAppActor pid=1034096)[0m         
[92mINFO [0m:      aggregate_fit: received 5 results and 0 failures
[92mINFO [0m:      fit progress: (6, 0.5918920836448669, {'accuracy': 0.8024, 'loss': 0.5918920836448669}, 96.5039638489834)
[92mINFO [0m:      configure_evaluate: strategy sampled 5 clients (out of 5)
[36m(ClientAppActor pid=1034096)[0m 
[36m(ClientAppActor pid=1034096)[0m         
[36m(ClientAppActor pid=1034096)[0m [93mWARNING [0m:   DEPRECATED FEATURE: `client_fn` now expects a signature `def client_fn(context: Context)`.The provided `client_fn` has signature: {'cid': <Parameter "cid: str">}. You can import the `Context` like this: `from flwr.app import Context`[32m [repeated 10x across cluster][0m
[36m(ClientAppActor pid=1034096)[0m             This is a deprecated feature. It will be removed[32m [repeated 10x across cluster][0m
[36m(ClientAppActor pid=1034096)[0m             entirely in future versions of Flower.[32m [repeated 10x across cluster][0m
[36m(ClientAppActor pid=1034098)[0m 
[36m(ClientAppActor pid=1034098)[0m         
[36m(ClientAppActor pid=1034097)[0m 
[36m(ClientAppActor pid=1034097)[0m         
[36m(ClientAppActor pid=1034099)[0m 
[36m(ClientAppActor pid=1034099)[0m         
[36m(ClientAppActor pid=1034100)[0m 
[36m(ClientAppActor pid=1034100)[0m         
[92mINFO [0m:      aggregate_evaluate: received 5 results and 0 failures
[92mINFO [0m:      
[92mINFO [0m:      [ROUND 7]
[92mINFO [0m:      configure_fit: strategy sampled 5 clients (out of 5)
[36m(ClientAppActor pid=1034100)[0m 
[36m(ClientAppActor pid=1034100)[0m         
[36m(ClientAppActor pid=1034099)[0m 
[36m(ClientAppActor pid=1034099)[0m         
[36m(ClientAppActor pid=1034097)[0m 
[36m(ClientAppActor pid=1034097)[0m         
[36m(ClientAppActor pid=1034098)[0m 
[36m(ClientAppActor pid=1034098)[0m         
[36m(ClientAppActor pid=1034096)[0m 
[36m(ClientAppActor pid=1034096)[0m         
[92mINFO [0m:      aggregate_fit: received 5 results and 0 failures
[92mINFO [0m:      fit progress: (7, 0.6029582022190094, {'accuracy': 0.8082, 'loss': 0.6029582022190094}, 112.69560269499198)
[92mINFO [0m:      configure_evaluate: strategy sampled 5 clients (out of 5)
[36m(ClientAppActor pid=1034098)[0m 
[36m(ClientAppActor pid=1034098)[0m         
[36m(ClientAppActor pid=1034098)[0m [93mWARNING [0m:   DEPRECATED FEATURE: `client_fn` now expects a signature `def client_fn(context: Context)`.The provided `client_fn` has signature: {'cid': <Parameter "cid: str">}. You can import the `Context` like this: `from flwr.app import Context`[32m [repeated 10x across cluster][0m
[36m(ClientAppActor pid=1034098)[0m             This is a deprecated feature. It will be removed[32m [repeated 10x across cluster][0m
[36m(ClientAppActor pid=1034098)[0m             entirely in future versions of Flower.[32m [repeated 10x across cluster][0m
[36m(ClientAppActor pid=1034097)[0m 
[36m(ClientAppActor pid=1034097)[0m         
[36m(ClientAppActor pid=1034099)[0m 
[36m(ClientAppActor pid=1034099)[0m         
[36m(ClientAppActor pid=1034096)[0m 
[36m(ClientAppActor pid=1034096)[0m         
[36m(ClientAppActor pid=1034100)[0m 
[36m(ClientAppActor pid=1034100)[0m         
[92mINFO [0m:      aggregate_evaluate: received 5 results and 0 failures
[92mINFO [0m:      
[92mINFO [0m:      [ROUND 8]
[92mINFO [0m:      configure_fit: strategy sampled 5 clients (out of 5)
[36m(ClientAppActor pid=1034100)[0m 
[36m(ClientAppActor pid=1034100)[0m         
[36m(ClientAppActor pid=1034096)[0m 
[36m(ClientAppActor pid=1034096)[0m         
[36m(ClientAppActor pid=1034099)[0m 
[36m(ClientAppActor pid=1034099)[0m         
[36m(ClientAppActor pid=1034097)[0m 
[36m(ClientAppActor pid=1034097)[0m         
[36m(ClientAppActor pid=1034098)[0m 
[36m(ClientAppActor pid=1034098)[0m         
[92mINFO [0m:      aggregate_fit: received 5 results and 0 failures
[92mINFO [0m:      fit progress: (8, 0.5758134821414947, {'accuracy': 0.814, 'loss': 0.5758134821414947}, 128.79769208596554)
[92mINFO [0m:      configure_evaluate: strategy sampled 5 clients (out of 5)
[36m(ClientAppActor pid=1034098)[0m 
[36m(ClientAppActor pid=1034098)[0m         
[36m(ClientAppActor pid=1034098)[0m [93mWARNING [0m:   DEPRECATED FEATURE: `client_fn` now expects a signature `def client_fn(context: Context)`.The provided `client_fn` has signature: {'cid': <Parameter "cid: str">}. You can import the `Context` like this: `from flwr.app import Context`[32m [repeated 10x across cluster][0m
[36m(ClientAppActor pid=1034098)[0m             This is a deprecated feature. It will be removed[32m [repeated 10x across cluster][0m
[36m(ClientAppActor pid=1034098)[0m             entirely in future versions of Flower.[32m [repeated 10x across cluster][0m
[36m(ClientAppActor pid=1034096)[0m 
[36m(ClientAppActor pid=1034096)[0m         
[36m(ClientAppActor pid=1034099)[0m 
[36m(ClientAppActor pid=1034099)[0m         
[36m(ClientAppActor pid=1034100)[0m 
[36m(ClientAppActor pid=1034100)[0m         
[36m(ClientAppActor pid=1034097)[0m 
[36m(ClientAppActor pid=1034097)[0m         
[92mINFO [0m:      aggregate_evaluate: received 5 results and 0 failures
[92mINFO [0m:      
[92mINFO [0m:      [ROUND 9]
[92mINFO [0m:      configure_fit: strategy sampled 5 clients (out of 5)
[36m(ClientAppActor pid=1034097)[0m 
[36m(ClientAppActor pid=1034097)[0m         
[36m(ClientAppActor pid=1034100)[0m 
[36m(ClientAppActor pid=1034100)[0m         
[36m(ClientAppActor pid=1034099)[0m 
[36m(ClientAppActor pid=1034099)[0m         
[36m(ClientAppActor pid=1034096)[0m 
[36m(ClientAppActor pid=1034096)[0m         
[36m(ClientAppActor pid=1034098)[0m 
[36m(ClientAppActor pid=1034098)[0m         
[92mINFO [0m:      aggregate_fit: received 5 results and 0 failures
[92mINFO [0m:      fit progress: (9, 0.5710017750263214, {'accuracy': 0.8239, 'loss': 0.5710017750263214}, 144.55556104896823)
[92mINFO [0m:      configure_evaluate: strategy sampled 5 clients (out of 5)
[36m(ClientAppActor pid=1034099)[0m 
[36m(ClientAppActor pid=1034099)[0m         
[36m(ClientAppActor pid=1034099)[0m [93mWARNING [0m:   DEPRECATED FEATURE: `client_fn` now expects a signature `def client_fn(context: Context)`.The provided `client_fn` has signature: {'cid': <Parameter "cid: str">}. You can import the `Context` like this: `from flwr.app import Context`[32m [repeated 10x across cluster][0m
[36m(ClientAppActor pid=1034099)[0m             This is a deprecated feature. It will be removed[32m [repeated 10x across cluster][0m
[36m(ClientAppActor pid=1034099)[0m             entirely in future versions of Flower.[32m [repeated 10x across cluster][0m
[36m(ClientAppActor pid=1034098)[0m 
[36m(ClientAppActor pid=1034098)[0m         
[36m(ClientAppActor pid=1034100)[0m 
[36m(ClientAppActor pid=1034100)[0m         
[36m(ClientAppActor pid=1034096)[0m 
[36m(ClientAppActor pid=1034096)[0m         
[36m(ClientAppActor pid=1034097)[0m 
[36m(ClientAppActor pid=1034097)[0m         
[92mINFO [0m:      aggregate_evaluate: received 5 results and 0 failures
[92mINFO [0m:      
[92mINFO [0m:      [ROUND 10]
[92mINFO [0m:      configure_fit: strategy sampled 5 clients (out of 5)
[36m(ClientAppActor pid=1034097)[0m 
[36m(ClientAppActor pid=1034097)[0m         
[36m(ClientAppActor pid=1034096)[0m 
[36m(ClientAppActor pid=1034096)[0m         
[36m(ClientAppActor pid=1034100)[0m 
[36m(ClientAppActor pid=1034100)[0m         
[36m(ClientAppActor pid=1034098)[0m 
[36m(ClientAppActor pid=1034098)[0m         
[36m(ClientAppActor pid=1034099)[0m 
[36m(ClientAppActor pid=1034099)[0m         
[92mINFO [0m:      aggregate_fit: received 5 results and 0 failures
[92mINFO [0m:      fit progress: (10, 0.5815506240367889, {'accuracy': 0.8226, 'loss': 0.5815506240367889}, 160.43216058396501)
[92mINFO [0m:      configure_evaluate: strategy sampled 5 clients (out of 5)
[36m(ClientAppActor pid=1034099)[0m 
[36m(ClientAppActor pid=1034099)[0m         
[36m(ClientAppActor pid=1034099)[0m [93mWARNING [0m:   DEPRECATED FEATURE: `client_fn` now expects a signature `def client_fn(context: Context)`.The provided `client_fn` has signature: {'cid': <Parameter "cid: str">}. You can import the `Context` like this: `from flwr.app import Context`[32m [repeated 10x across cluster][0m
[36m(ClientAppActor pid=1034099)[0m             This is a deprecated feature. It will be removed[32m [repeated 10x across cluster][0m
[36m(ClientAppActor pid=1034099)[0m             entirely in future versions of Flower.[32m [repeated 10x across cluster][0m
[36m(ClientAppActor pid=1034097)[0m 
[36m(ClientAppActor pid=1034097)[0m         
[36m(ClientAppActor pid=1034096)[0m 
[36m(ClientAppActor pid=1034096)[0m         
[36m(ClientAppActor pid=1034098)[0m 
[36m(ClientAppActor pid=1034098)[0m         
[36m(ClientAppActor pid=1034100)[0m 
[36m(ClientAppActor pid=1034100)[0m         
[92mINFO [0m:      aggregate_evaluate: received 5 results and 0 failures
[92mINFO [0m:      
[92mINFO [0m:      [SUMMARY]
[92mINFO [0m:      Run finished 10 round(s) in 161.32s
[92mINFO [0m:      	History (loss, distributed):
[92mINFO [0m:      		round 1: 2.1642813043338673
[92mINFO [0m:      		round 2: 1.2123229738567867
[92mINFO [0m:      		round 3: 0.8191231981474383
[92mINFO [0m:      		round 4: 0.7496032307342607
[92mINFO [0m:      		round 5: 0.6760128532089487
[92mINFO [0m:      		round 6: 0.5937710635039081
[92mINFO [0m:      		round 7: 0.5979348863420987
[92mINFO [0m:      		round 8: 0.5764109555627404
[92mINFO [0m:      		round 9: 0.5728210648234818
[92mINFO [0m:      		round 10: 0.5835438779189664
[92mINFO [0m:      	History (loss, centralized):
[92mINFO [0m:      		round 0: 2.303082201385498
[92mINFO [0m:      		round 1: 2.1558962669372557
[92mINFO [0m:      		round 2: 1.2135282487869263
[92mINFO [0m:      		round 3: 0.8200095929145813
[92mINFO [0m:      		round 4: 0.7471540454864501
[92mINFO [0m:      		round 5: 0.6751634922981262
[92mINFO [0m:      		round 6: 0.5918920836448669
[92mINFO [0m:      		round 7: 0.6029582022190094
[92mINFO [0m:      		round 8: 0.5758134821414947
[92mINFO [0m:      		round 9: 0.5710017750263214
[92mINFO [0m:      		round 10: 0.5815506240367889
[92mINFO [0m:      	History (metrics, distributed, fit):
[92mINFO [0m:      	{'avg_epochs_weighted': [(1, 4.172747877872094),
[92mINFO [0m:      	                         (2, 4.172747877872094),
[92mINFO [0m:      	                         (3, 4.172747877872094),
[92mINFO [0m:      	                         (4, 4.172747877872094),
[92mINFO [0m:      	                         (5, 4.172747877872094),
[92mINFO [0m:      	                         (6, 4.172747877872094),
[92mINFO [0m:      	                         (7, 4.172747877872094),
[92mINFO [0m:      	                         (8, 4.172747877872094),
[92mINFO [0m:      	                         (9, 4.172747877872094),
[92mINFO [0m:      	                         (10, 4.172747877872094)],
[92mINFO [0m:      	 'avg_flops_per_client_round': [(1, 6793754462208.0),
[92mINFO [0m:      	                                (2, 6793754462208.0),
[92mINFO [0m:      	                                (3, 6793754462208.0),
[92mINFO [0m:      	                                (4, 6793754462208.0),
[92mINFO [0m:      	                                (5, 6793754462208.0),
[92mINFO [0m:      	                                (6, 6793754462208.0),
[92mINFO [0m:      	                                (7, 6793754462208.0),
[92mINFO [0m:      	                                (8, 6793754462208.0),
[92mINFO [0m:      	                                (9, 6793754462208.0),
[92mINFO [0m:      	                                (10, 6793754462208.0)],
[92mINFO [0m:      	 'avg_lr_weighted': [(1, 0.00736300931913385),
[92mINFO [0m:      	                     (2, 0.00736300931913385),
[92mINFO [0m:      	                     (3, 0.00736300931913385),
[92mINFO [0m:      	                     (4, 0.00736300931913385),
[92mINFO [0m:      	                     (5, 0.00736300931913385),
[92mINFO [0m:      	                     (6, 0.00736300931913385),
[92mINFO [0m:      	                     (7, 0.00736300931913385),
[92mINFO [0m:      	                     (8, 0.00736300931913385),
[92mINFO [0m:      	                     (9, 0.00736300931913385),
[92mINFO [0m:      	                     (10, 0.00736300931913385)],
[92mINFO [0m:      	 'total_flops_round': [(1, 33968772311040),
[92mINFO [0m:      	                       (2, 33968772311040),
[92mINFO [0m:      	                       (3, 33968772311040),
[92mINFO [0m:      	                       (4, 33968772311040),
[92mINFO [0m:      	                       (5, 33968772311040),
[92mINFO [0m:      	                       (6, 33968772311040),
[92mINFO [0m:      	                       (7, 33968772311040),
[92mINFO [0m:      	                       (8, 33968772311040),
[92mINFO [0m:      	                       (9, 33968772311040),
[92mINFO [0m:      	                       (10, 33968772311040)]}
[92mINFO [0m:      	History (metrics, distributed, evaluate):
[92mINFO [0m:      	{'accuracy': [(1, 0.21968787515006002),
[92mINFO [0m:      	              (2, 0.633453381352541),
[92mINFO [0m:      	              (3, 0.7194877951180472),
[92mINFO [0m:      	              (4, 0.7438975590236094),
[92mINFO [0m:      	              (5, 0.7719087635054022),
[92mINFO [0m:      	              (6, 0.7947178871548619),
[92mINFO [0m:      	              (7, 0.8043217286914766),
[92mINFO [0m:      	              (8, 0.8155262104841937),
[92mINFO [0m:      	              (9, 0.820328131252501),
[92mINFO [0m:      	              (10, 0.8205282112845138)],
[92mINFO [0m:      	 'loss': [(1, 2.1642813043338673),
[92mINFO [0m:      	          (2, 1.2123229738567867),
[92mINFO [0m:      	          (3, 0.8191231981474383),
[92mINFO [0m:      	          (4, 0.7496032307342607),
[92mINFO [0m:      	          (5, 0.6760128532089487),
[92mINFO [0m:      	          (6, 0.5937710635039081),
[92mINFO [0m:      	          (7, 0.5979348863420987),
[92mINFO [0m:      	          (8, 0.5764109555627404),
[92mINFO [0m:      	          (9, 0.5728210648234818),
[92mINFO [0m:      	          (10, 0.5835438779189664)]}
[92mINFO [0m:      	History (metrics, centralized):
[92mINFO [0m:      	{'accuracy': [(0, 0.1),
[92mINFO [0m:      	              (1, 0.2264),
[92mINFO [0m:      	              (2, 0.6337),
[92mINFO [0m:      	              (3, 0.724),
[92mINFO [0m:      	              (4, 0.7487),
[92mINFO [0m:      	              (5, 0.7763),
[92mINFO [0m:      	              (6, 0.8024),
[92mINFO [0m:      	              (7, 0.8082),
[92mINFO [0m:      	              (8, 0.814),
[92mINFO [0m:      	              (9, 0.8239),
[92mINFO [0m:      	              (10, 0.8226)],
[92mINFO [0m:      	 'loss': [(0, 2.303082201385498),
[92mINFO [0m:      	          (1, 2.1558962669372557),
[92mINFO [0m:      	          (2, 1.2135282487869263),
[92mINFO [0m:      	          (3, 0.8200095929145813),
[92mINFO [0m:      	          (4, 0.7471540454864501),
[92mINFO [0m:      	          (5, 0.6751634922981262),
[92mINFO [0m:      	          (6, 0.5918920836448669),
[92mINFO [0m:      	          (7, 0.6029582022190094),
[92mINFO [0m:      	          (8, 0.5758134821414947),
[92mINFO [0m:      	          (9, 0.5710017750263214),
[92mINFO [0m:      	          (10, 0.5815506240367889)]}
[92mINFO [0m:      
Treinando no dispositivo: cuda:0 com o dataset: CIFAR10 | Setup clientes: 5 (num_gpus por cliente=0.2) | SEED=49
FLOPS por amostra (forward): 6.030e+07 | (forward+backward, 3x): 1.809e+08
Files already downloaded and verified
Files already downloaded and verified
Dividindo o dataset usando a distribuição de Dirichlet com alpha=1.0.
Iniciando a simulação de Aprendizado Federado...
=== Diagnóstico de Medição de GPU ===
  pynvml_disponivel: True
  pynvml_versao: 580.173.02
  gpus_detectadas: 1
  leitura_potencia_ok: True
  potencia_atual_W: 55.648

--- Rodada 0 - Avaliação Centralizada (Servidor) ---
Loss (Servidor): 2.3031 | Acurácia (Servidor): 0.1000
[36m(ClientAppActor pid=1034100)[0m Cliente 4: HetRaw=0.9562 | HetNorm=0.3187 | Epochs=4 (dyn=True) | LR=0.006765 (dyn=True) | FedProx=True (mu=0.01)

--- Rodada 1 - Avaliação Centralizada (Servidor) ---
Loss (Servidor): 2.1559 | Acurácia (Servidor): 0.2264
--- Avaliação Agregada (Clientes) ---
Loss Média (Clientes): 2.1643 | Acurácia Média (Clientes): 0.2197
[36m(ClientAppActor pid=1034100)[0m Cliente 4: HetRaw=0.9562 | HetNorm=0.3187 | Epochs=4 (dyn=True) | LR=0.006765 (dyn=True) | FedProx=True (mu=0.01)[32m [repeated 5x across cluster][0m

--- Rodada 2 - Avaliação Centralizada (Servidor) ---
Loss (Servidor): 1.2135 | Acurácia (Servidor): 0.6337
--- Avaliação Agregada (Clientes) ---
Loss Média (Clientes): 1.2123 | Acurácia Média (Clientes): 0.6335
[36m(ClientAppActor pid=1034100)[0m Cliente 1: HetRaw=0.8450 | HetNorm=0.2817 | Epochs=4 (dyn=True) | LR=0.007030 (dyn=True) | FedProx=True (mu=0.01)[32m [repeated 5x across cluster][0m

--- Rodada 3 - Avaliação Centralizada (Servidor) ---
Loss (Servidor): 0.8200 | Acurácia (Servidor): 0.7240
--- Avaliação Agregada (Clientes) ---
Loss Média (Clientes): 0.8191 | Acurácia Média (Clientes): 0.7195
[36m(ClientAppActor pid=1034099)[0m Cliente 3: HetRaw=0.4723 | HetNorm=0.1574 | Epochs=5 (dyn=True) | LR=0.008090 (dyn=True) | FedProx=True (mu=0.01)[32m [repeated 5x across cluster][0m

--- Rodada 4 - Avaliação Centralizada (Servidor) ---
Loss (Servidor): 0.7472 | Acurácia (Servidor): 0.7487
--- Avaliação Agregada (Clientes) ---
Loss Média (Clientes): 0.7496 | Acurácia Média (Clientes): 0.7439
[36m(ClientAppActor pid=1034097)[0m Cliente 0: HetRaw=0.6394 | HetNorm=0.2131 | Epochs=4 (dyn=True) | LR=0.007578 (dyn=True) | FedProx=True (mu=0.01)[32m [repeated 5x across cluster][0m

--- Rodada 5 - Avaliação Centralizada (Servidor) ---
Loss (Servidor): 0.6752 | Acurácia (Servidor): 0.7763
--- Avaliação Agregada (Clientes) ---
Loss Média (Clientes): 0.6760 | Acurácia Média (Clientes): 0.7719
[36m(ClientAppActor pid=1034098)[0m Cliente 3: HetRaw=0.4723 | HetNorm=0.1574 | Epochs=5 (dyn=True) | LR=0.008090 (dyn=True) | FedProx=True (mu=0.01)[32m [repeated 5x across cluster][0m

--- Rodada 6 - Avaliação Centralizada (Servidor) ---
Loss (Servidor): 0.5919 | Acurácia (Servidor): 0.8024
--- Avaliação Agregada (Clientes) ---
Loss Média (Clientes): 0.5938 | Acurácia Média (Clientes): 0.7947
[36m(ClientAppActor pid=1034100)[0m Cliente 4: HetRaw=0.9562 | HetNorm=0.3187 | Epochs=4 (dyn=True) | LR=0.006765 (dyn=True) | FedProx=True (mu=0.01)[32m [repeated 5x across cluster][0m

--- Rodada 7 - Avaliação Centralizada (Servidor) ---
Loss (Servidor): 0.6030 | Acurácia (Servidor): 0.8082
--- Avaliação Agregada (Clientes) ---
Loss Média (Clientes): 0.5979 | Acurácia Média (Clientes): 0.8043
[36m(ClientAppActor pid=1034100)[0m Cliente 0: HetRaw=0.6394 | HetNorm=0.2131 | Epochs=4 (dyn=True) | LR=0.007578 (dyn=True) | FedProx=True (mu=0.01)[32m [repeated 5x across cluster][0m

--- Rodada 8 - Avaliação Centralizada (Servidor) ---
Loss (Servidor): 0.5758 | Acurácia (Servidor): 0.8140
--- Avaliação Agregada (Clientes) ---
Loss Média (Clientes): 0.5764 | Acurácia Média (Clientes): 0.8155
[36m(ClientAppActor pid=1034097)[0m Cliente 4: HetRaw=0.9562 | HetNorm=0.3187 | Epochs=4 (dyn=True) | LR=0.006765 (dyn=True) | FedProx=True (mu=0.01)[32m [repeated 5x across cluster][0m

--- Rodada 9 - Avaliação Centralizada (Servidor) ---
Loss (Servidor): 0.5710 | Acurácia (Servidor): 0.8239
--- Avaliação Agregada (Clientes) ---
Loss Média (Clientes): 0.5728 | Acurácia Média (Clientes): 0.8203
[36m(ClientAppActor pid=1034097)[0m Cliente 3: HetRaw=0.4723 | HetNorm=0.1574 | Epochs=5 (dyn=True) | LR=0.008090 (dyn=True) | FedProx=True (mu=0.01)[32m [repeated 5x across cluster][0m

--- Rodada 10 - Avaliação Centralizada (Servidor) ---
Loss (Servidor): 0.5816 | Acurácia (Servidor): 0.8226
--- Avaliação Agregada (Clientes) ---
Loss Média (Clientes): 0.5835 | Acurácia Média (Clientes): 0.8205

Resultados salvos em: /home/tiago/GitHubProjects/fedhad-thesis-2/FedHAD-results/1.1_diagnostico_drift/CIFAR10-Standard/FedHAD__CIFAR10__Mode-STANDARD__Cfg-E1L1F1__Setup-5__Clients-5__Rounds-10__Delay-0_05__Alpha-1_0__Seed-49.txt
[36m(ClientAppActor pid=1034100)[0m [93mWARNING [0m:   DEPRECATED FEATURE: `client_fn` now expects a signature `def client_fn(context: Context)`.The provided `client_fn` has signature: {'cid': <Parameter "cid: str">}. You can import the `Context` like this: `from flwr.app import Context`[32m [repeated 4x across cluster][0m
[36m(ClientAppActor pid=1034100)[0m             This is a deprecated feature. It will be removed[32m [repeated 4x across cluster][0m
[36m(ClientAppActor pid=1034100)[0m             entirely in future versions of Flower.[32m [repeated 4x across cluster][0m
[36m(ClientAppActor pid=1034099)[0m Cliente 1: HetRaw=0.8450 | HetNorm=0.2817 | Epochs=4 (dyn=True) | LR=0.007030 (dyn=True) | FedProx=True (mu=0.01)[32m [repeated 4x across cluster][0m
