[codecarbon WARNING @ 17:39:29] Multiple instances of codecarbon are allowed to run at the same time.
[93mWARNING [0m:   DEPRECATED FEATURE: flwr.simulation.start_simulation() is deprecated.
	Instead, use the `flwr run` CLI command to start a local simulation in your Flower app, as shown for example below:

		$ flwr new  # Create a new Flower app from a template

		$ flwr run  # Run the Flower app in Simulation Mode

	Using `start_simulation()` is deprecated.

            This is a deprecated feature. It will be removed
            entirely in future versions of Flower.
        
[92mINFO [0m:      Starting Flower simulation, config: num_rounds=10, no round_timeout
2026-09-04 17:39:37,798	INFO worker.py:2012 -- Started a local Ray instance.
/home/tiago/GitHubProjects/fedhad-thesis-2/env_flwr_pt/lib/python3.12/site-packages/ray/_private/worker.py:2051: FutureWarning: Tip: In future versions of Ray, Ray will no longer override accelerator visible devices env var if num_gpus=0 or num_gpus=None (default). To enable this behavior and turn off this error message, set RAY_ACCEL_ENV_VAR_OVERRIDE_ON_ZERO=0
  warnings.warn(
[92mINFO [0m:      Flower VCE: Ray initialized with resources: {'memory': 180917834138.0, 'accelerator_type:A40': 1.0, 'node:10.129.64.100': 1.0, 'node:__internal_head__': 1.0, 'CPU': 64.0, 'GPU': 1.0, 'object_store_memory': 77536214630.0}
[92mINFO [0m:      Optimize your simulation with Flower VCE: https://flower.ai/docs/framework/how-to-run-simulations.html
/home/tiago/GitHubProjects/fedhad-thesis-2/FedHAD_Final_2.0.py:1916: UserWarning: No `num_cpus` specified in `client_resources`. Using `num_cpus=1` for each client.
  history = fl.simulation.start_simulation(
[92mINFO [0m:      Flower VCE: Resources for each Virtual Client: {'num_gpus': 0.2, 'num_cpus': 1}
[92mINFO [0m:      Flower VCE: Creating VirtualClientEngineActorPool with 5 actors
[92mINFO [0m:      [INIT]
[92mINFO [0m:      Requesting initial parameters from one random client
[36m(ClientAppActor pid=1176898)[0m [93mWARNING [0m:   DEPRECATED FEATURE: `client_fn` now expects a signature `def client_fn(context: Context)`.The provided `client_fn` has signature: {'cid': <Parameter "cid: str">}. You can import the `Context` like this: `from flwr.app import Context`
[36m(ClientAppActor pid=1176898)[0m 
[36m(ClientAppActor pid=1176898)[0m             This is a deprecated feature. It will be removed
[36m(ClientAppActor pid=1176898)[0m             entirely in future versions of Flower.
[36m(ClientAppActor pid=1176898)[0m         
[92mINFO [0m:      Received initial parameters from one random client
[92mINFO [0m:      Starting evaluation of initial global parameters
[92mINFO [0m:      initial parameters (loss, other metrics): 2.3030153213500975, {'accuracy': 0.1, 'loss': 2.3030153213500975}
[92mINFO [0m:      
[92mINFO [0m:      [ROUND 1]
[92mINFO [0m:      configure_fit: strategy sampled 5 clients (out of 5)
[36m(ClientAppActor pid=1176898)[0m [93mWARNING [0m:   DEPRECATED FEATURE: `client_fn` now expects a signature `def client_fn(context: Context)`.The provided `client_fn` has signature: {'cid': <Parameter "cid: str">}. You can import the `Context` like this: `from flwr.app import Context`
[36m(ClientAppActor pid=1176898)[0m 
[36m(ClientAppActor pid=1176898)[0m             This is a deprecated feature. It will be removed
[36m(ClientAppActor pid=1176898)[0m             entirely in future versions of Flower.
[36m(ClientAppActor pid=1176898)[0m         
[36m(ClientAppActor pid=1176897)[0m 
[36m(ClientAppActor pid=1176897)[0m         
[36m(ClientAppActor pid=1176896)[0m 
[36m(ClientAppActor pid=1176896)[0m         
[36m(ClientAppActor pid=1176895)[0m 
[36m(ClientAppActor pid=1176895)[0m         
[36m(ClientAppActor pid=1176894)[0m 
[36m(ClientAppActor pid=1176894)[0m         
[92mINFO [0m:      aggregate_fit: received 5 results and 0 failures
[92mINFO [0m:      fit progress: (1, 2.2256639408111574, {'accuracy': 0.1996, 'loss': 2.2256639408111574}, 20.141199875972234)
[92mINFO [0m:      configure_evaluate: strategy sampled 5 clients (out of 5)
[36m(ClientAppActor pid=1176896)[0m 
[36m(ClientAppActor pid=1176896)[0m         
[36m(ClientAppActor pid=1176896)[0m [93mWARNING [0m:   DEPRECATED FEATURE: `client_fn` now expects a signature `def client_fn(context: Context)`.The provided `client_fn` has signature: {'cid': <Parameter "cid: str">}. You can import the `Context` like this: `from flwr.app import Context`[32m [repeated 5x across cluster] (Ray deduplicates logs by default. Set RAY_DEDUP_LOGS=0 to disable log deduplication, or see https://docs.ray.io/en/master/ray-observability/user-guides/configure-logging.html#log-deduplication for more options.)[0m
[36m(ClientAppActor pid=1176896)[0m             This is a deprecated feature. It will be removed[32m [repeated 5x across cluster][0m
[36m(ClientAppActor pid=1176896)[0m             entirely in future versions of Flower.[32m [repeated 5x across cluster][0m
[36m(ClientAppActor pid=1176895)[0m 
[36m(ClientAppActor pid=1176895)[0m         
[36m(ClientAppActor pid=1176894)[0m 
[36m(ClientAppActor pid=1176894)[0m         
[36m(ClientAppActor pid=1176898)[0m 
[36m(ClientAppActor pid=1176898)[0m         
[36m(ClientAppActor pid=1176897)[0m 
[36m(ClientAppActor pid=1176897)[0m         
[92mINFO [0m:      aggregate_evaluate: received 5 results and 0 failures
[92mINFO [0m:      
[92mINFO [0m:      [ROUND 2]
[92mINFO [0m:      configure_fit: strategy sampled 5 clients (out of 5)
[36m(ClientAppActor pid=1176897)[0m 
[36m(ClientAppActor pid=1176897)[0m         
[36m(ClientAppActor pid=1176894)[0m 
[36m(ClientAppActor pid=1176894)[0m         
[36m(ClientAppActor pid=1176898)[0m 
[36m(ClientAppActor pid=1176898)[0m         
[36m(ClientAppActor pid=1176895)[0m 
[36m(ClientAppActor pid=1176895)[0m         
[36m(ClientAppActor pid=1176896)[0m 
[36m(ClientAppActor pid=1176896)[0m         
[92mINFO [0m:      aggregate_fit: received 5 results and 0 failures
[92mINFO [0m:      fit progress: (2, 1.9543313079833984, {'accuracy': 0.3258, 'loss': 1.9543313079833984}, 39.2749912290019)
[92mINFO [0m:      configure_evaluate: strategy sampled 5 clients (out of 5)
[36m(ClientAppActor pid=1176895)[0m 
[36m(ClientAppActor pid=1176895)[0m         
[36m(ClientAppActor pid=1176895)[0m [93mWARNING [0m:   DEPRECATED FEATURE: `client_fn` now expects a signature `def client_fn(context: Context)`.The provided `client_fn` has signature: {'cid': <Parameter "cid: str">}. You can import the `Context` like this: `from flwr.app import Context`[32m [repeated 10x across cluster][0m
[36m(ClientAppActor pid=1176895)[0m             This is a deprecated feature. It will be removed[32m [repeated 10x across cluster][0m
[36m(ClientAppActor pid=1176895)[0m             entirely in future versions of Flower.[32m [repeated 10x across cluster][0m
[36m(ClientAppActor pid=1176896)[0m 
[36m(ClientAppActor pid=1176896)[0m         
[36m(ClientAppActor pid=1176897)[0m 
[36m(ClientAppActor pid=1176897)[0m         
[36m(ClientAppActor pid=1176894)[0m 
[36m(ClientAppActor pid=1176894)[0m         
[36m(ClientAppActor pid=1176898)[0m 
[36m(ClientAppActor pid=1176898)[0m         
[92mINFO [0m:      aggregate_evaluate: received 5 results and 0 failures
[92mINFO [0m:      
[92mINFO [0m:      [ROUND 3]
[92mINFO [0m:      configure_fit: strategy sampled 5 clients (out of 5)
[36m(ClientAppActor pid=1176898)[0m 
[36m(ClientAppActor pid=1176898)[0m         
[36m(ClientAppActor pid=1176894)[0m 
[36m(ClientAppActor pid=1176894)[0m         
[36m(ClientAppActor pid=1176897)[0m 
[36m(ClientAppActor pid=1176897)[0m         
[36m(ClientAppActor pid=1176896)[0m 
[36m(ClientAppActor pid=1176896)[0m         
[36m(ClientAppActor pid=1176895)[0m 
[36m(ClientAppActor pid=1176895)[0m         
[92mINFO [0m:      aggregate_fit: received 5 results and 0 failures
[92mINFO [0m:      fit progress: (3, 1.702336845588684, {'accuracy': 0.4237, 'loss': 1.702336845588684}, 57.99626247002743)
[92mINFO [0m:      configure_evaluate: strategy sampled 5 clients (out of 5)
[36m(ClientAppActor pid=1176896)[0m 
[36m(ClientAppActor pid=1176896)[0m         
[36m(ClientAppActor pid=1176896)[0m [93mWARNING [0m:   DEPRECATED FEATURE: `client_fn` now expects a signature `def client_fn(context: Context)`.The provided `client_fn` has signature: {'cid': <Parameter "cid: str">}. You can import the `Context` like this: `from flwr.app import Context`[32m [repeated 10x across cluster][0m
[36m(ClientAppActor pid=1176896)[0m             This is a deprecated feature. It will be removed[32m [repeated 10x across cluster][0m
[36m(ClientAppActor pid=1176896)[0m             entirely in future versions of Flower.[32m [repeated 10x across cluster][0m
[36m(ClientAppActor pid=1176897)[0m 
[36m(ClientAppActor pid=1176897)[0m         
[36m(ClientAppActor pid=1176898)[0m 
[36m(ClientAppActor pid=1176898)[0m         
[36m(ClientAppActor pid=1176895)[0m 
[36m(ClientAppActor pid=1176895)[0m         
[36m(ClientAppActor pid=1176894)[0m 
[36m(ClientAppActor pid=1176894)[0m         
[92mINFO [0m:      aggregate_evaluate: received 5 results and 0 failures
[92mINFO [0m:      
[92mINFO [0m:      [ROUND 4]
[92mINFO [0m:      configure_fit: strategy sampled 5 clients (out of 5)
[36m(ClientAppActor pid=1176894)[0m 
[36m(ClientAppActor pid=1176894)[0m         
[36m(ClientAppActor pid=1176895)[0m 
[36m(ClientAppActor pid=1176895)[0m         
[36m(ClientAppActor pid=1176897)[0m 
[36m(ClientAppActor pid=1176897)[0m         
[36m(ClientAppActor pid=1176898)[0m 
[36m(ClientAppActor pid=1176898)[0m         
[36m(ClientAppActor pid=1176896)[0m 
[36m(ClientAppActor pid=1176896)[0m         
[92mINFO [0m:      aggregate_fit: received 5 results and 0 failures
[92mINFO [0m:      fit progress: (4, 1.5930926721572876, {'accuracy': 0.4745, 'loss': 1.5930926721572876}, 76.90292320901062)
[92mINFO [0m:      configure_evaluate: strategy sampled 5 clients (out of 5)
[36m(ClientAppActor pid=1176896)[0m 
[36m(ClientAppActor pid=1176896)[0m         
[36m(ClientAppActor pid=1176896)[0m [93mWARNING [0m:   DEPRECATED FEATURE: `client_fn` now expects a signature `def client_fn(context: Context)`.The provided `client_fn` has signature: {'cid': <Parameter "cid: str">}. You can import the `Context` like this: `from flwr.app import Context`[32m [repeated 10x across cluster][0m
[36m(ClientAppActor pid=1176896)[0m             This is a deprecated feature. It will be removed[32m [repeated 10x across cluster][0m
[36m(ClientAppActor pid=1176896)[0m             entirely in future versions of Flower.[32m [repeated 10x across cluster][0m
[36m(ClientAppActor pid=1176894)[0m 
[36m(ClientAppActor pid=1176894)[0m         
[36m(ClientAppActor pid=1176897)[0m 
[36m(ClientAppActor pid=1176897)[0m         
[36m(ClientAppActor pid=1176895)[0m 
[36m(ClientAppActor pid=1176895)[0m         
[36m(ClientAppActor pid=1176898)[0m 
[36m(ClientAppActor pid=1176898)[0m         
[92mINFO [0m:      aggregate_evaluate: received 5 results and 0 failures
[92mINFO [0m:      
[92mINFO [0m:      [ROUND 5]
[92mINFO [0m:      configure_fit: strategy sampled 5 clients (out of 5)
[36m(ClientAppActor pid=1176898)[0m 
[36m(ClientAppActor pid=1176898)[0m         
[36m(ClientAppActor pid=1176897)[0m 
[36m(ClientAppActor pid=1176897)[0m         
[36m(ClientAppActor pid=1176895)[0m 
[36m(ClientAppActor pid=1176895)[0m         
[36m(ClientAppActor pid=1176894)[0m 
[36m(ClientAppActor pid=1176894)[0m         
[36m(ClientAppActor pid=1176896)[0m 
[36m(ClientAppActor pid=1176896)[0m         
[92mINFO [0m:      aggregate_fit: received 5 results and 0 failures
[92mINFO [0m:      fit progress: (5, 1.4957629074096679, {'accuracy': 0.508, 'loss': 1.4957629074096679}, 95.70562947902363)
[92mINFO [0m:      configure_evaluate: strategy sampled 5 clients (out of 5)
[36m(ClientAppActor pid=1176896)[0m 
[36m(ClientAppActor pid=1176896)[0m         
[36m(ClientAppActor pid=1176896)[0m [93mWARNING [0m:   DEPRECATED FEATURE: `client_fn` now expects a signature `def client_fn(context: Context)`.The provided `client_fn` has signature: {'cid': <Parameter "cid: str">}. You can import the `Context` like this: `from flwr.app import Context`[32m [repeated 10x across cluster][0m
[36m(ClientAppActor pid=1176896)[0m             This is a deprecated feature. It will be removed[32m [repeated 10x across cluster][0m
[36m(ClientAppActor pid=1176896)[0m             entirely in future versions of Flower.[32m [repeated 10x across cluster][0m
[36m(ClientAppActor pid=1176895)[0m 
[36m(ClientAppActor pid=1176895)[0m         
[36m(ClientAppActor pid=1176894)[0m 
[36m(ClientAppActor pid=1176894)[0m         
[36m(ClientAppActor pid=1176897)[0m 
[36m(ClientAppActor pid=1176897)[0m         
[36m(ClientAppActor pid=1176898)[0m 
[36m(ClientAppActor pid=1176898)[0m         
[92mINFO [0m:      aggregate_evaluate: received 5 results and 0 failures
[92mINFO [0m:      
[92mINFO [0m:      [ROUND 6]
[92mINFO [0m:      configure_fit: strategy sampled 5 clients (out of 5)
[36m(ClientAppActor pid=1176898)[0m 
[36m(ClientAppActor pid=1176898)[0m         
[36m(ClientAppActor pid=1176897)[0m 
[36m(ClientAppActor pid=1176897)[0m         
[36m(ClientAppActor pid=1176894)[0m 
[36m(ClientAppActor pid=1176894)[0m         
[36m(ClientAppActor pid=1176895)[0m 
[36m(ClientAppActor pid=1176895)[0m         
[36m(ClientAppActor pid=1176896)[0m 
[36m(ClientAppActor pid=1176896)[0m         
[92mINFO [0m:      aggregate_fit: received 5 results and 0 failures
[92mINFO [0m:      fit progress: (6, 1.5050089708328247, {'accuracy': 0.502, 'loss': 1.5050089708328247}, 114.00459479901474)
[92mINFO [0m:      configure_evaluate: strategy sampled 5 clients (out of 5)
[36m(ClientAppActor pid=1176898)[0m 
[36m(ClientAppActor pid=1176898)[0m         
[36m(ClientAppActor pid=1176898)[0m [93mWARNING [0m:   DEPRECATED FEATURE: `client_fn` now expects a signature `def client_fn(context: Context)`.The provided `client_fn` has signature: {'cid': <Parameter "cid: str">}. You can import the `Context` like this: `from flwr.app import Context`[32m [repeated 10x across cluster][0m
[36m(ClientAppActor pid=1176898)[0m             This is a deprecated feature. It will be removed[32m [repeated 10x across cluster][0m
[36m(ClientAppActor pid=1176898)[0m             entirely in future versions of Flower.[32m [repeated 10x across cluster][0m
[36m(ClientAppActor pid=1176897)[0m 
[36m(ClientAppActor pid=1176897)[0m         
[36m(ClientAppActor pid=1176894)[0m 
[36m(ClientAppActor pid=1176894)[0m         
[36m(ClientAppActor pid=1176895)[0m 
[36m(ClientAppActor pid=1176895)[0m         
[36m(ClientAppActor pid=1176896)[0m 
[36m(ClientAppActor pid=1176896)[0m         
[92mINFO [0m:      aggregate_evaluate: received 5 results and 0 failures
[92mINFO [0m:      
[92mINFO [0m:      [ROUND 7]
[92mINFO [0m:      configure_fit: strategy sampled 5 clients (out of 5)
[36m(ClientAppActor pid=1176895)[0m 
[36m(ClientAppActor pid=1176895)[0m         
[36m(ClientAppActor pid=1176896)[0m 
[36m(ClientAppActor pid=1176896)[0m         
[36m(ClientAppActor pid=1176894)[0m 
[36m(ClientAppActor pid=1176894)[0m         
[36m(ClientAppActor pid=1176897)[0m 
[36m(ClientAppActor pid=1176897)[0m         
[36m(ClientAppActor pid=1176898)[0m 
[36m(ClientAppActor pid=1176898)[0m         
[92mINFO [0m:      aggregate_fit: received 5 results and 0 failures
[92mINFO [0m:      fit progress: (7, 1.322852297782898, {'accuracy': 0.5454, 'loss': 1.322852297782898}, 132.89500680897618)
[92mINFO [0m:      configure_evaluate: strategy sampled 5 clients (out of 5)
[36m(ClientAppActor pid=1176895)[0m 
[36m(ClientAppActor pid=1176895)[0m         
[36m(ClientAppActor pid=1176895)[0m [93mWARNING [0m:   DEPRECATED FEATURE: `client_fn` now expects a signature `def client_fn(context: Context)`.The provided `client_fn` has signature: {'cid': <Parameter "cid: str">}. You can import the `Context` like this: `from flwr.app import Context`[32m [repeated 10x across cluster][0m
[36m(ClientAppActor pid=1176895)[0m             This is a deprecated feature. It will be removed[32m [repeated 10x across cluster][0m
[36m(ClientAppActor pid=1176895)[0m             entirely in future versions of Flower.[32m [repeated 10x across cluster][0m
[36m(ClientAppActor pid=1176896)[0m 
[36m(ClientAppActor pid=1176896)[0m         
[36m(ClientAppActor pid=1176898)[0m 
[36m(ClientAppActor pid=1176898)[0m         
[36m(ClientAppActor pid=1176897)[0m 
[36m(ClientAppActor pid=1176897)[0m         
[36m(ClientAppActor pid=1176894)[0m 
[36m(ClientAppActor pid=1176894)[0m         
[92mINFO [0m:      aggregate_evaluate: received 5 results and 0 failures
[92mINFO [0m:      
[92mINFO [0m:      [ROUND 8]
[92mINFO [0m:      configure_fit: strategy sampled 5 clients (out of 5)
[36m(ClientAppActor pid=1176894)[0m 
[36m(ClientAppActor pid=1176894)[0m         
[36m(ClientAppActor pid=1176897)[0m 
[36m(ClientAppActor pid=1176897)[0m         
[36m(ClientAppActor pid=1176898)[0m 
[36m(ClientAppActor pid=1176898)[0m         
[36m(ClientAppActor pid=1176895)[0m 
[36m(ClientAppActor pid=1176895)[0m         
[36m(ClientAppActor pid=1176896)[0m 
[36m(ClientAppActor pid=1176896)[0m         
[92mINFO [0m:      aggregate_fit: received 5 results and 0 failures
[92mINFO [0m:      fit progress: (8, 1.3885183122634888, {'accuracy': 0.5459, 'loss': 1.3885183122634888}, 151.57973033899907)
[92mINFO [0m:      configure_evaluate: strategy sampled 5 clients (out of 5)
[36m(ClientAppActor pid=1176897)[0m 
[36m(ClientAppActor pid=1176897)[0m         
[36m(ClientAppActor pid=1176897)[0m [93mWARNING [0m:   DEPRECATED FEATURE: `client_fn` now expects a signature `def client_fn(context: Context)`.The provided `client_fn` has signature: {'cid': <Parameter "cid: str">}. You can import the `Context` like this: `from flwr.app import Context`[32m [repeated 10x across cluster][0m
[36m(ClientAppActor pid=1176897)[0m             This is a deprecated feature. It will be removed[32m [repeated 10x across cluster][0m
[36m(ClientAppActor pid=1176897)[0m             entirely in future versions of Flower.[32m [repeated 10x across cluster][0m
[36m(ClientAppActor pid=1176898)[0m 
[36m(ClientAppActor pid=1176898)[0m         
[36m(ClientAppActor pid=1176895)[0m 
[36m(ClientAppActor pid=1176895)[0m         
[36m(ClientAppActor pid=1176894)[0m 
[36m(ClientAppActor pid=1176894)[0m         
[36m(ClientAppActor pid=1176896)[0m 
[36m(ClientAppActor pid=1176896)[0m         
[92mINFO [0m:      aggregate_evaluate: received 5 results and 0 failures
[92mINFO [0m:      
[92mINFO [0m:      [ROUND 9]
[92mINFO [0m:      configure_fit: strategy sampled 5 clients (out of 5)
[36m(ClientAppActor pid=1176896)[0m 
[36m(ClientAppActor pid=1176896)[0m         
[36m(ClientAppActor pid=1176894)[0m 
[36m(ClientAppActor pid=1176894)[0m         
[36m(ClientAppActor pid=1176898)[0m 
[36m(ClientAppActor pid=1176898)[0m         
[36m(ClientAppActor pid=1176895)[0m 
[36m(ClientAppActor pid=1176895)[0m         
[36m(ClientAppActor pid=1176897)[0m 
[36m(ClientAppActor pid=1176897)[0m         
[92mINFO [0m:      aggregate_fit: received 5 results and 0 failures
[92mINFO [0m:      fit progress: (9, 1.237319757270813, {'accuracy': 0.5742, 'loss': 1.237319757270813}, 170.77538508700673)
[92mINFO [0m:      configure_evaluate: strategy sampled 5 clients (out of 5)
[36m(ClientAppActor pid=1176895)[0m 
[36m(ClientAppActor pid=1176895)[0m         
[36m(ClientAppActor pid=1176895)[0m [93mWARNING [0m:   DEPRECATED FEATURE: `client_fn` now expects a signature `def client_fn(context: Context)`.The provided `client_fn` has signature: {'cid': <Parameter "cid: str">}. You can import the `Context` like this: `from flwr.app import Context`[32m [repeated 10x across cluster][0m
[36m(ClientAppActor pid=1176895)[0m             This is a deprecated feature. It will be removed[32m [repeated 10x across cluster][0m
[36m(ClientAppActor pid=1176895)[0m             entirely in future versions of Flower.[32m [repeated 10x across cluster][0m
[36m(ClientAppActor pid=1176897)[0m 
[36m(ClientAppActor pid=1176897)[0m         
[36m(ClientAppActor pid=1176894)[0m 
[36m(ClientAppActor pid=1176894)[0m         
[36m(ClientAppActor pid=1176896)[0m 
[36m(ClientAppActor pid=1176896)[0m         
[36m(ClientAppActor pid=1176898)[0m 
[36m(ClientAppActor pid=1176898)[0m         
[92mINFO [0m:      aggregate_evaluate: received 5 results and 0 failures
[92mINFO [0m:      
[92mINFO [0m:      [ROUND 10]
[92mINFO [0m:      configure_fit: strategy sampled 5 clients (out of 5)
[36m(ClientAppActor pid=1176898)[0m 
[36m(ClientAppActor pid=1176898)[0m         
[36m(ClientAppActor pid=1176896)[0m 
[36m(ClientAppActor pid=1176896)[0m         
[36m(ClientAppActor pid=1176894)[0m 
[36m(ClientAppActor pid=1176894)[0m         
[36m(ClientAppActor pid=1176897)[0m 
[36m(ClientAppActor pid=1176897)[0m         
[36m(ClientAppActor pid=1176895)[0m 
[36m(ClientAppActor pid=1176895)[0m         
[92mINFO [0m:      aggregate_fit: received 5 results and 0 failures
[92mINFO [0m:      fit progress: (10, 1.255536393737793, {'accuracy': 0.5637, 'loss': 1.255536393737793}, 189.5938037650194)
[92mINFO [0m:      configure_evaluate: strategy sampled 5 clients (out of 5)
[36m(ClientAppActor pid=1176897)[0m 
[36m(ClientAppActor pid=1176897)[0m         
[36m(ClientAppActor pid=1176897)[0m [93mWARNING [0m:   DEPRECATED FEATURE: `client_fn` now expects a signature `def client_fn(context: Context)`.The provided `client_fn` has signature: {'cid': <Parameter "cid: str">}. You can import the `Context` like this: `from flwr.app import Context`[32m [repeated 10x across cluster][0m
[36m(ClientAppActor pid=1176897)[0m             This is a deprecated feature. It will be removed[32m [repeated 10x across cluster][0m
[36m(ClientAppActor pid=1176897)[0m             entirely in future versions of Flower.[32m [repeated 10x across cluster][0m
[36m(ClientAppActor pid=1176896)[0m 
[36m(ClientAppActor pid=1176896)[0m         
[36m(ClientAppActor pid=1176898)[0m 
[36m(ClientAppActor pid=1176898)[0m         
[36m(ClientAppActor pid=1176895)[0m 
[36m(ClientAppActor pid=1176895)[0m         
[36m(ClientAppActor pid=1176894)[0m 
[36m(ClientAppActor pid=1176894)[0m         
[92mINFO [0m:      aggregate_evaluate: received 5 results and 0 failures
[92mINFO [0m:      
[92mINFO [0m:      [SUMMARY]
[92mINFO [0m:      Run finished 10 round(s) in 190.39s
[92mINFO [0m:      	History (loss, distributed):
[92mINFO [0m:      		round 1: 2.2262843112743256
[92mINFO [0m:      		round 2: 1.9486806002144148
[92mINFO [0m:      		round 3: 1.68447794111724
[92mINFO [0m:      		round 4: 1.5703647512542216
[92mINFO [0m:      		round 5: 1.470325688487271
[92mINFO [0m:      		round 6: 1.4650790933873716
[92mINFO [0m:      		round 7: 1.286827831029033
[92mINFO [0m:      		round 8: 1.3475308117865086
[92mINFO [0m:      		round 9: 1.1985146069684123
[92mINFO [0m:      		round 10: 1.202534813140902
[92mINFO [0m:      	History (loss, centralized):
[92mINFO [0m:      		round 0: 2.3030153213500975
[92mINFO [0m:      		round 1: 2.2256639408111574
[92mINFO [0m:      		round 2: 1.9543313079833984
[92mINFO [0m:      		round 3: 1.702336845588684
[92mINFO [0m:      		round 4: 1.5930926721572876
[92mINFO [0m:      		round 5: 1.4957629074096679
[92mINFO [0m:      		round 6: 1.5050089708328247
[92mINFO [0m:      		round 7: 1.322852297782898
[92mINFO [0m:      		round 8: 1.3885183122634888
[92mINFO [0m:      		round 9: 1.237319757270813
[92mINFO [0m:      		round 10: 1.255536393737793
[92mINFO [0m:      	History (metrics, distributed, fit):
[92mINFO [0m:      	{'avg_epochs_weighted': [(1, 3.295024776126036),
[92mINFO [0m:      	                         (2, 3.295024776126036),
[92mINFO [0m:      	                         (3, 3.295024776126036),
[92mINFO [0m:      	                         (4, 3.295024776126036),
[92mINFO [0m:      	                         (5, 3.295024776126036),
[92mINFO [0m:      	                         (6, 3.295024776126036),
[92mINFO [0m:      	                         (7, 3.295024776126036),
[92mINFO [0m:      	                         (8, 3.295024776126036),
[92mINFO [0m:      	                         (9, 3.295024776126036),
[92mINFO [0m:      	                         (10, 3.295024776126036)],
[92mINFO [0m:      	 'avg_flops_per_client_round': [(1, 5364830889984.0),
[92mINFO [0m:      	                                (2, 5364830889984.0),
[92mINFO [0m:      	                                (3, 5364830889984.0),
[92mINFO [0m:      	                                (4, 5364830889984.0),
[92mINFO [0m:      	                                (5, 5364830889984.0),
[92mINFO [0m:      	                                (6, 5364830889984.0),
[92mINFO [0m:      	                                (7, 5364830889984.0),
[92mINFO [0m:      	                                (8, 5364830889984.0),
[92mINFO [0m:      	                                (9, 5364830889984.0),
[92mINFO [0m:      	                                (10, 5364830889984.0)],
[92mINFO [0m:      	 'avg_lr_weighted': [(1, 0.005346821906255928),
[92mINFO [0m:      	                     (2, 0.005346821906255928),
[92mINFO [0m:      	                     (3, 0.005346821906255928),
[92mINFO [0m:      	                     (4, 0.005346821906255928),
[92mINFO [0m:      	                     (5, 0.005346821906255928),
[92mINFO [0m:      	                     (6, 0.005346821906255928),
[92mINFO [0m:      	                     (7, 0.005346821906255928),
[92mINFO [0m:      	                     (8, 0.005346821906255928),
[92mINFO [0m:      	                     (9, 0.005346821906255928),
[92mINFO [0m:      	                     (10, 0.005346821906255928)],
[92mINFO [0m:      	 'total_flops_round': [(1, 26824154449920),
[92mINFO [0m:      	                       (2, 26824154449920),
[92mINFO [0m:      	                       (3, 26824154449920),
[92mINFO [0m:      	                       (4, 26824154449920),
[92mINFO [0m:      	                       (5, 26824154449920),
[92mINFO [0m:      	                       (6, 26824154449920),
[92mINFO [0m:      	                       (7, 26824154449920),
[92mINFO [0m:      	                       (8, 26824154449920),
[92mINFO [0m:      	                       (9, 26824154449920),
[92mINFO [0m:      	                       (10, 26824154449920)]}
[92mINFO [0m:      	History (metrics, distributed, evaluate):
[92mINFO [0m:      	{'accuracy': [(1, 0.20052031218731242),
[92mINFO [0m:      	              (2, 0.3247948769261557),
[92mINFO [0m:      	              (3, 0.42585551330798477),
[92mINFO [0m:      	              (4, 0.4762857714628777),
[92mINFO [0m:      	              (5, 0.5039023414048429),
[92mINFO [0m:      	              (6, 0.5087052231338803),
[92mINFO [0m:      	              (7, 0.5513307984790875),
[92mINFO [0m:      	              (8, 0.5567340404242546),
[92mINFO [0m:      	              (9, 0.5769461677006203),
[92mINFO [0m:      	              (10, 0.5711426856113668)],
[92mINFO [0m:      	 'loss': [(1, 2.2262843112743256),
[92mINFO [0m:      	          (2, 1.9486806002144148),
[92mINFO [0m:      	          (3, 1.68447794111724),
[92mINFO [0m:      	          (4, 1.5703647512542216),
[92mINFO [0m:      	          (5, 1.470325688487271),
[92mINFO [0m:      	          (6, 1.4650790933873716),
[92mINFO [0m:      	          (7, 1.286827831029033),
[92mINFO [0m:      	          (8, 1.3475308117865086),
[92mINFO [0m:      	          (9, 1.1985146069684123),
[92mINFO [0m:      	          (10, 1.202534813140902)]}
[92mINFO [0m:      	History (metrics, centralized):
[92mINFO [0m:      	{'accuracy': [(0, 0.1),
[92mINFO [0m:      	              (1, 0.1996),
[92mINFO [0m:      	              (2, 0.3258),
[92mINFO [0m:      	              (3, 0.4237),
[92mINFO [0m:      	              (4, 0.4745),
[92mINFO [0m:      	              (5, 0.508),
[92mINFO [0m:      	              (6, 0.502),
[92mINFO [0m:      	              (7, 0.5454),
[92mINFO [0m:      	              (8, 0.5459),
[92mINFO [0m:      	              (9, 0.5742),
[92mINFO [0m:      	              (10, 0.5637)],
[92mINFO [0m:      	 'loss': [(0, 2.3030153213500975),
[92mINFO [0m:      	          (1, 2.2256639408111574),
[92mINFO [0m:      	          (2, 1.9543313079833984),
[92mINFO [0m:      	          (3, 1.702336845588684),
[92mINFO [0m:      	          (4, 1.5930926721572876),
[92mINFO [0m:      	          (5, 1.4957629074096679),
[92mINFO [0m:      	          (6, 1.5050089708328247),
[92mINFO [0m:      	          (7, 1.322852297782898),
[92mINFO [0m:      	          (8, 1.3885183122634888),
[92mINFO [0m:      	          (9, 1.237319757270813),
[92mINFO [0m:      	          (10, 1.255536393737793)]}
[92mINFO [0m:      
Treinando no dispositivo: cuda:0 com o dataset: CIFAR10 | Setup clientes: 5 (num_gpus por cliente=0.2) | SEED=47
FLOPS por amostra (forward): 6.030e+07 | (forward+backward, 3x): 1.809e+08
Files already downloaded and verified
Files already downloaded and verified
Dividindo o dataset usando a distribuição de Dirichlet com alpha=0.01.
Iniciando a simulação de Aprendizado Federado...
=== Diagnóstico de Medição de GPU ===
  pynvml_disponivel: True
  pynvml_versao: 580.173.02
  gpus_detectadas: 1
  leitura_potencia_ok: True
  potencia_atual_W: 65.536

--- Rodada 0 - Avaliação Centralizada (Servidor) ---
Loss (Servidor): 2.3030 | Acurácia (Servidor): 0.1000
[36m(ClientAppActor pid=1176898)[0m Cliente 1: HetRaw=2.0022 | HetNorm=0.6674 | Epochs=3 (dyn=True) | LR=0.004997 (dyn=True) | FedProx=True (mu=0.01)

--- Rodada 1 - Avaliação Centralizada (Servidor) ---
Loss (Servidor): 2.2257 | Acurácia (Servidor): 0.1996
--- Avaliação Agregada (Clientes) ---
Loss Média (Clientes): 2.2263 | Acurácia Média (Clientes): 0.2005
[36m(ClientAppActor pid=1176897)[0m Cliente 1: HetRaw=2.0022 | HetNorm=0.6674 | Epochs=3 (dyn=True) | LR=0.004997 (dyn=True) | FedProx=True (mu=0.01)[32m [repeated 5x across cluster][0m

--- Rodada 2 - Avaliação Centralizada (Servidor) ---
Loss (Servidor): 1.9543 | Acurácia (Servidor): 0.3258
--- Avaliação Agregada (Clientes) ---
Loss Média (Clientes): 1.9487 | Acurácia Média (Clientes): 0.3248
[36m(ClientAppActor pid=1176898)[0m Cliente 4: HetRaw=1.9923 | HetNorm=0.6641 | Epochs=3 (dyn=True) | LR=0.005010 (dyn=True) | FedProx=True (mu=0.01)[32m [repeated 5x across cluster][0m

--- Rodada 3 - Avaliação Centralizada (Servidor) ---
Loss (Servidor): 1.7023 | Acurácia (Servidor): 0.4237
--- Avaliação Agregada (Clientes) ---
Loss Média (Clientes): 1.6845 | Acurácia Média (Clientes): 0.4259
[36m(ClientAppActor pid=1176894)[0m Cliente 1: HetRaw=2.0022 | HetNorm=0.6674 | Epochs=3 (dyn=True) | LR=0.004997 (dyn=True) | FedProx=True (mu=0.01)[32m [repeated 5x across cluster][0m

--- Rodada 4 - Avaliação Centralizada (Servidor) ---
Loss (Servidor): 1.5931 | Acurácia (Servidor): 0.4745
--- Avaliação Agregada (Clientes) ---
Loss Média (Clientes): 1.5704 | Acurácia Média (Clientes): 0.4763
[36m(ClientAppActor pid=1176898)[0m Cliente 2: HetRaw=2.8459 | HetNorm=0.9486 | Epochs=2 (dyn=True) | LR=0.004127 (dyn=True) | FedProx=True (mu=0.01)[32m [repeated 5x across cluster][0m

--- Rodada 5 - Avaliação Centralizada (Servidor) ---
Loss (Servidor): 1.4958 | Acurácia (Servidor): 0.5080
--- Avaliação Agregada (Clientes) ---
Loss Média (Clientes): 1.4703 | Acurácia Média (Clientes): 0.5039
[36m(ClientAppActor pid=1176898)[0m Cliente 0: HetRaw=1.2237 | HetNorm=0.4079 | Epochs=4 (dyn=True) | LR=0.006204 (dyn=True) | FedProx=True (mu=0.01)[32m [repeated 5x across cluster][0m

--- Rodada 6 - Avaliação Centralizada (Servidor) ---
Loss (Servidor): 1.5050 | Acurácia (Servidor): 0.5020
--- Avaliação Agregada (Clientes) ---
Loss Média (Clientes): 1.4651 | Acurácia Média (Clientes): 0.5087
[36m(ClientAppActor pid=1176895)[0m Cliente 0: HetRaw=1.2237 | HetNorm=0.4079 | Epochs=4 (dyn=True) | LR=0.006204 (dyn=True) | FedProx=True (mu=0.01)[32m [repeated 5x across cluster][0m

--- Rodada 7 - Avaliação Centralizada (Servidor) ---
Loss (Servidor): 1.3229 | Acurácia (Servidor): 0.5454
--- Avaliação Agregada (Clientes) ---
Loss Média (Clientes): 1.2868 | Acurácia Média (Clientes): 0.5513
[36m(ClientAppActor pid=1176894)[0m Cliente 3: HetRaw=2.2839 | HetNorm=0.7613 | Epochs=3 (dyn=True) | LR=0.004669 (dyn=True) | FedProx=True (mu=0.01)[32m [repeated 5x across cluster][0m

--- Rodada 8 - Avaliação Centralizada (Servidor) ---
Loss (Servidor): 1.3885 | Acurácia (Servidor): 0.5459
--- Avaliação Agregada (Clientes) ---
Loss Média (Clientes): 1.3475 | Acurácia Média (Clientes): 0.5567
[36m(ClientAppActor pid=1176896)[0m Cliente 3: HetRaw=2.2839 | HetNorm=0.7613 | Epochs=3 (dyn=True) | LR=0.004669 (dyn=True) | FedProx=True (mu=0.01)[32m [repeated 5x across cluster][0m

--- Rodada 9 - Avaliação Centralizada (Servidor) ---
Loss (Servidor): 1.2373 | Acurácia (Servidor): 0.5742
--- Avaliação Agregada (Clientes) ---
Loss Média (Clientes): 1.1985 | Acurácia Média (Clientes): 0.5769
[36m(ClientAppActor pid=1176898)[0m Cliente 4: HetRaw=1.9923 | HetNorm=0.6641 | Epochs=3 (dyn=True) | LR=0.005010 (dyn=True) | FedProx=True (mu=0.01)[32m [repeated 5x across cluster][0m

--- Rodada 10 - Avaliação Centralizada (Servidor) ---
Loss (Servidor): 1.2555 | Acurácia (Servidor): 0.5637
--- Avaliação Agregada (Clientes) ---
Loss Média (Clientes): 1.2025 | Acurácia Média (Clientes): 0.5711

Resultados salvos em: /home/tiago/GitHubProjects/fedhad-thesis-2/FedHAD-results/1.1_diagnostico_drift/CIFAR10-Standard/FedHAD__CIFAR10__Mode-STANDARD__Cfg-E1L1F1__Setup-5__Clients-5__Rounds-10__Delay-0_05__Alpha-0_01__Seed-47.txt
[36m(ClientAppActor pid=1176894)[0m [93mWARNING [0m:   DEPRECATED FEATURE: `client_fn` now expects a signature `def client_fn(context: Context)`.The provided `client_fn` has signature: {'cid': <Parameter "cid: str">}. You can import the `Context` like this: `from flwr.app import Context`[32m [repeated 4x across cluster][0m
[36m(ClientAppActor pid=1176894)[0m             This is a deprecated feature. It will be removed[32m [repeated 4x across cluster][0m
[36m(ClientAppActor pid=1176894)[0m             entirely in future versions of Flower.[32m [repeated 4x across cluster][0m
[36m(ClientAppActor pid=1176895)[0m Cliente 3: HetRaw=2.2839 | HetNorm=0.7613 | Epochs=3 (dyn=True) | LR=0.004669 (dyn=True) | FedProx=True (mu=0.01)[32m [repeated 4x across cluster][0m
