[codecarbon WARNING @ 15:16:33] Multiple instances of codecarbon are allowed to run at the same time.
[93mWARNING [0m:   DEPRECATED FEATURE: flwr.simulation.start_simulation() is deprecated.
	Instead, use the `flwr run` CLI command to start a local simulation in your Flower app, as shown for example below:

		$ flwr new  # Create a new Flower app from a template

		$ flwr run  # Run the Flower app in Simulation Mode

	Using `start_simulation()` is deprecated.

            This is a deprecated feature. It will be removed
            entirely in future versions of Flower.
        
[92mINFO [0m:      Starting Flower simulation, config: num_rounds=10, no round_timeout
2026-09-04 15:16:41,514	INFO worker.py:2012 -- Started a local Ray instance.
/home/tiago/GitHubProjects/fedhad-thesis-2/env_flwr_pt/lib/python3.12/site-packages/ray/_private/worker.py:2051: FutureWarning: Tip: In future versions of Ray, Ray will no longer override accelerator visible devices env var if num_gpus=0 or num_gpus=None (default). To enable this behavior and turn off this error message, set RAY_ACCEL_ENV_VAR_OVERRIDE_ON_ZERO=0
  warnings.warn(
[92mINFO [0m:      Flower VCE: Ray initialized with resources: {'CPU': 64.0, 'accelerator_type:A40': 1.0, 'memory': 180943739290.0, 'object_store_memory': 77547316838.0, 'node:10.129.64.100': 1.0, 'GPU': 1.0, 'node:__internal_head__': 1.0}
[92mINFO [0m:      Optimize your simulation with Flower VCE: https://flower.ai/docs/framework/how-to-run-simulations.html
/home/tiago/GitHubProjects/fedhad-thesis-2/FedProx_Final.py:1601: UserWarning: No `num_cpus` specified in `client_resources`. Using `num_cpus=1` for each client.
  history = fl.simulation.start_simulation(
[92mINFO [0m:      Flower VCE: Resources for each Virtual Client: {'num_gpus': 0.2, 'num_cpus': 1}
[92mINFO [0m:      Flower VCE: Creating VirtualClientEngineActorPool with 5 actors
[92mINFO [0m:      [INIT]
[92mINFO [0m:      Requesting initial parameters from one random client
[36m(ClientAppActor pid=848586)[0m [93mWARNING [0m:   DEPRECATED FEATURE: `client_fn` now expects a signature `def client_fn(context: Context)`.The provided `client_fn` has signature: {'cid': <Parameter "cid: str">}. You can import the `Context` like this: `from flwr.app import Context`
[36m(ClientAppActor pid=848586)[0m 
[36m(ClientAppActor pid=848586)[0m             This is a deprecated feature. It will be removed
[36m(ClientAppActor pid=848586)[0m             entirely in future versions of Flower.
[36m(ClientAppActor pid=848586)[0m         
[92mINFO [0m:      Received initial parameters from one random client
[92mINFO [0m:      Starting evaluation of initial global parameters
[92mINFO [0m:      initial parameters (loss, other metrics): 2.302767166900635, {'accuracy': 0.0999, 'loss': 2.302767166900635}
[92mINFO [0m:      
[92mINFO [0m:      [ROUND 1]
[92mINFO [0m:      configure_fit: strategy sampled 5 clients (out of 5)
[36m(ClientAppActor pid=848586)[0m [93mWARNING [0m:   DEPRECATED FEATURE: `client_fn` now expects a signature `def client_fn(context: Context)`.The provided `client_fn` has signature: {'cid': <Parameter "cid: str">}. You can import the `Context` like this: `from flwr.app import Context`
[36m(ClientAppActor pid=848586)[0m 
[36m(ClientAppActor pid=848586)[0m             This is a deprecated feature. It will be removed
[36m(ClientAppActor pid=848586)[0m             entirely in future versions of Flower.
[36m(ClientAppActor pid=848586)[0m         
[36m(ClientAppActor pid=848585)[0m 
[36m(ClientAppActor pid=848585)[0m         
[36m(ClientAppActor pid=848587)[0m 
[36m(ClientAppActor pid=848587)[0m         
[36m(ClientAppActor pid=848584)[0m 
[36m(ClientAppActor pid=848584)[0m         
[36m(ClientAppActor pid=848583)[0m 
[36m(ClientAppActor pid=848583)[0m         
[92mINFO [0m:      aggregate_fit: received 5 results and 0 failures
[92mINFO [0m:      fit progress: (1, 2.2934545433044433, {'accuracy': 0.1, 'loss': 2.2934545433044433}, 20.460711780993734)
[92mINFO [0m:      configure_evaluate: strategy sampled 5 clients (out of 5)
[36m(ClientAppActor pid=848584)[0m 
[36m(ClientAppActor pid=848584)[0m         
[36m(ClientAppActor pid=848584)[0m [93mWARNING [0m:   DEPRECATED FEATURE: `client_fn` now expects a signature `def client_fn(context: Context)`.The provided `client_fn` has signature: {'cid': <Parameter "cid: str">}. You can import the `Context` like this: `from flwr.app import Context`[32m [repeated 5x across cluster] (Ray deduplicates logs by default. Set RAY_DEDUP_LOGS=0 to disable log deduplication, or see https://docs.ray.io/en/master/ray-observability/user-guides/configure-logging.html#log-deduplication for more options.)[0m
[36m(ClientAppActor pid=848584)[0m             This is a deprecated feature. It will be removed[32m [repeated 5x across cluster][0m
[36m(ClientAppActor pid=848584)[0m             entirely in future versions of Flower.[32m [repeated 5x across cluster][0m
[36m(ClientAppActor pid=848585)[0m 
[36m(ClientAppActor pid=848585)[0m         
[36m(ClientAppActor pid=848586)[0m 
[36m(ClientAppActor pid=848586)[0m         
[36m(ClientAppActor pid=848587)[0m 
[36m(ClientAppActor pid=848587)[0m         
[36m(ClientAppActor pid=848583)[0m 
[36m(ClientAppActor pid=848583)[0m         
[92mINFO [0m:      aggregate_evaluate: received 5 results and 0 failures
[92mINFO [0m:      
[92mINFO [0m:      [ROUND 2]
[92mINFO [0m:      configure_fit: strategy sampled 5 clients (out of 5)
[36m(ClientAppActor pid=848583)[0m 
[36m(ClientAppActor pid=848583)[0m         
[36m(ClientAppActor pid=848586)[0m 
[36m(ClientAppActor pid=848586)[0m         
[36m(ClientAppActor pid=848587)[0m 
[36m(ClientAppActor pid=848587)[0m         
[36m(ClientAppActor pid=848585)[0m 
[36m(ClientAppActor pid=848585)[0m         
[36m(ClientAppActor pid=848584)[0m 
[36m(ClientAppActor pid=848584)[0m         
[92mINFO [0m:      aggregate_fit: received 5 results and 0 failures
[92mINFO [0m:      fit progress: (2, 1.9993181621551515, {'accuracy': 0.301, 'loss': 1.9993181621551515}, 39.804647030017804)
[92mINFO [0m:      configure_evaluate: strategy sampled 5 clients (out of 5)
[36m(ClientAppActor pid=848584)[0m 
[36m(ClientAppActor pid=848584)[0m         
[36m(ClientAppActor pid=848584)[0m [93mWARNING [0m:   DEPRECATED FEATURE: `client_fn` now expects a signature `def client_fn(context: Context)`.The provided `client_fn` has signature: {'cid': <Parameter "cid: str">}. You can import the `Context` like this: `from flwr.app import Context`[32m [repeated 10x across cluster][0m
[36m(ClientAppActor pid=848584)[0m             This is a deprecated feature. It will be removed[32m [repeated 10x across cluster][0m
[36m(ClientAppActor pid=848584)[0m             entirely in future versions of Flower.[32m [repeated 10x across cluster][0m
[36m(ClientAppActor pid=848587)[0m 
[36m(ClientAppActor pid=848587)[0m         
[36m(ClientAppActor pid=848583)[0m 
[36m(ClientAppActor pid=848583)[0m         
[36m(ClientAppActor pid=848585)[0m 
[36m(ClientAppActor pid=848585)[0m         
[36m(ClientAppActor pid=848586)[0m 
[36m(ClientAppActor pid=848586)[0m         
[92mINFO [0m:      aggregate_evaluate: received 5 results and 0 failures
[92mINFO [0m:      
[92mINFO [0m:      [ROUND 3]
[92mINFO [0m:      configure_fit: strategy sampled 5 clients (out of 5)
[36m(ClientAppActor pid=848586)[0m 
[36m(ClientAppActor pid=848586)[0m         
[36m(ClientAppActor pid=848585)[0m 
[36m(ClientAppActor pid=848585)[0m         
[36m(ClientAppActor pid=848583)[0m 
[36m(ClientAppActor pid=848583)[0m         
[36m(ClientAppActor pid=848587)[0m 
[36m(ClientAppActor pid=848587)[0m         
[36m(ClientAppActor pid=848584)[0m 
[36m(ClientAppActor pid=848584)[0m         
[92mINFO [0m:      aggregate_fit: received 5 results and 0 failures
[92mINFO [0m:      fit progress: (3, 1.5491486429214478, {'accuracy': 0.4707, 'loss': 1.5491486429214478}, 58.45558012201218)
[92mINFO [0m:      configure_evaluate: strategy sampled 5 clients (out of 5)
[36m(ClientAppActor pid=848586)[0m 
[36m(ClientAppActor pid=848586)[0m         
[36m(ClientAppActor pid=848586)[0m [93mWARNING [0m:   DEPRECATED FEATURE: `client_fn` now expects a signature `def client_fn(context: Context)`.The provided `client_fn` has signature: {'cid': <Parameter "cid: str">}. You can import the `Context` like this: `from flwr.app import Context`[32m [repeated 10x across cluster][0m
[36m(ClientAppActor pid=848586)[0m             This is a deprecated feature. It will be removed[32m [repeated 10x across cluster][0m
[36m(ClientAppActor pid=848586)[0m             entirely in future versions of Flower.[32m [repeated 10x across cluster][0m
[36m(ClientAppActor pid=848585)[0m 
[36m(ClientAppActor pid=848585)[0m         
[36m(ClientAppActor pid=848583)[0m 
[36m(ClientAppActor pid=848583)[0m         
[36m(ClientAppActor pid=848587)[0m 
[36m(ClientAppActor pid=848587)[0m         
[36m(ClientAppActor pid=848584)[0m 
[36m(ClientAppActor pid=848584)[0m         
[92mINFO [0m:      aggregate_evaluate: received 5 results and 0 failures
[92mINFO [0m:      
[92mINFO [0m:      [ROUND 4]
[92mINFO [0m:      configure_fit: strategy sampled 5 clients (out of 5)
[36m(ClientAppActor pid=848584)[0m 
[36m(ClientAppActor pid=848584)[0m         
[36m(ClientAppActor pid=848587)[0m 
[36m(ClientAppActor pid=848587)[0m         
[36m(ClientAppActor pid=848583)[0m 
[36m(ClientAppActor pid=848583)[0m         
[36m(ClientAppActor pid=848586)[0m 
[36m(ClientAppActor pid=848586)[0m         
[36m(ClientAppActor pid=848585)[0m 
[36m(ClientAppActor pid=848585)[0m         
[92mINFO [0m:      aggregate_fit: received 5 results and 0 failures
[92mINFO [0m:      fit progress: (4, 1.3955692193984985, {'accuracy': 0.4914, 'loss': 1.3955692193984985}, 77.28909148200182)
[92mINFO [0m:      configure_evaluate: strategy sampled 5 clients (out of 5)
[36m(ClientAppActor pid=848583)[0m 
[36m(ClientAppActor pid=848583)[0m         
[36m(ClientAppActor pid=848583)[0m [93mWARNING [0m:   DEPRECATED FEATURE: `client_fn` now expects a signature `def client_fn(context: Context)`.The provided `client_fn` has signature: {'cid': <Parameter "cid: str">}. You can import the `Context` like this: `from flwr.app import Context`[32m [repeated 10x across cluster][0m
[36m(ClientAppActor pid=848583)[0m             This is a deprecated feature. It will be removed[32m [repeated 10x across cluster][0m
[36m(ClientAppActor pid=848583)[0m             entirely in future versions of Flower.[32m [repeated 10x across cluster][0m
[36m(ClientAppActor pid=848586)[0m 
[36m(ClientAppActor pid=848586)[0m         
[36m(ClientAppActor pid=848584)[0m 
[36m(ClientAppActor pid=848584)[0m         
[36m(ClientAppActor pid=848585)[0m 
[36m(ClientAppActor pid=848585)[0m         
[36m(ClientAppActor pid=848587)[0m 
[36m(ClientAppActor pid=848587)[0m         
[92mINFO [0m:      aggregate_evaluate: received 5 results and 0 failures
[92mINFO [0m:      
[92mINFO [0m:      [ROUND 5]
[92mINFO [0m:      configure_fit: strategy sampled 5 clients (out of 5)
[36m(ClientAppActor pid=848587)[0m 
[36m(ClientAppActor pid=848587)[0m         
[36m(ClientAppActor pid=848585)[0m 
[36m(ClientAppActor pid=848585)[0m         
[36m(ClientAppActor pid=848584)[0m 
[36m(ClientAppActor pid=848584)[0m         
[36m(ClientAppActor pid=848586)[0m 
[36m(ClientAppActor pid=848586)[0m         
[36m(ClientAppActor pid=848583)[0m 
[36m(ClientAppActor pid=848583)[0m         
[92mINFO [0m:      aggregate_fit: received 5 results and 0 failures
[92mINFO [0m:      fit progress: (5, 1.184514051246643, {'accuracy': 0.5665, 'loss': 1.184514051246643}, 96.45941768900957)
[92mINFO [0m:      configure_evaluate: strategy sampled 5 clients (out of 5)
[36m(ClientAppActor pid=848586)[0m 
[36m(ClientAppActor pid=848586)[0m         
[36m(ClientAppActor pid=848586)[0m [93mWARNING [0m:   DEPRECATED FEATURE: `client_fn` now expects a signature `def client_fn(context: Context)`.The provided `client_fn` has signature: {'cid': <Parameter "cid: str">}. You can import the `Context` like this: `from flwr.app import Context`[32m [repeated 10x across cluster][0m
[36m(ClientAppActor pid=848586)[0m             This is a deprecated feature. It will be removed[32m [repeated 10x across cluster][0m
[36m(ClientAppActor pid=848586)[0m             entirely in future versions of Flower.[32m [repeated 10x across cluster][0m
[36m(ClientAppActor pid=848587)[0m 
[36m(ClientAppActor pid=848587)[0m         
[36m(ClientAppActor pid=848584)[0m 
[36m(ClientAppActor pid=848584)[0m         
[36m(ClientAppActor pid=848583)[0m 
[36m(ClientAppActor pid=848583)[0m         
[36m(ClientAppActor pid=848585)[0m 
[36m(ClientAppActor pid=848585)[0m         
[92mINFO [0m:      aggregate_evaluate: received 5 results and 0 failures
[92mINFO [0m:      
[92mINFO [0m:      [ROUND 6]
[92mINFO [0m:      configure_fit: strategy sampled 5 clients (out of 5)
[36m(ClientAppActor pid=848585)[0m 
[36m(ClientAppActor pid=848585)[0m         
[36m(ClientAppActor pid=848583)[0m 
[36m(ClientAppActor pid=848583)[0m         
[36m(ClientAppActor pid=848587)[0m 
[36m(ClientAppActor pid=848587)[0m         
[36m(ClientAppActor pid=848584)[0m 
[36m(ClientAppActor pid=848584)[0m         
[36m(ClientAppActor pid=848586)[0m 
[36m(ClientAppActor pid=848586)[0m         
[92mINFO [0m:      aggregate_fit: received 5 results and 0 failures
[92mINFO [0m:      fit progress: (6, 1.0638484809875488, {'accuracy': 0.6178, 'loss': 1.0638484809875488}, 115.50015933898976)
[92mINFO [0m:      configure_evaluate: strategy sampled 5 clients (out of 5)
[36m(ClientAppActor pid=848587)[0m 
[36m(ClientAppActor pid=848587)[0m         
[36m(ClientAppActor pid=848587)[0m [93mWARNING [0m:   DEPRECATED FEATURE: `client_fn` now expects a signature `def client_fn(context: Context)`.The provided `client_fn` has signature: {'cid': <Parameter "cid: str">}. You can import the `Context` like this: `from flwr.app import Context`[32m [repeated 10x across cluster][0m
[36m(ClientAppActor pid=848587)[0m             This is a deprecated feature. It will be removed[32m [repeated 10x across cluster][0m
[36m(ClientAppActor pid=848587)[0m             entirely in future versions of Flower.[32m [repeated 10x across cluster][0m
[36m(ClientAppActor pid=848586)[0m 
[36m(ClientAppActor pid=848586)[0m         
[36m(ClientAppActor pid=848583)[0m 
[36m(ClientAppActor pid=848583)[0m         
[36m(ClientAppActor pid=848585)[0m 
[36m(ClientAppActor pid=848585)[0m         
[36m(ClientAppActor pid=848584)[0m 
[36m(ClientAppActor pid=848584)[0m         
[92mINFO [0m:      aggregate_evaluate: received 5 results and 0 failures
[92mINFO [0m:      
[92mINFO [0m:      [ROUND 7]
[92mINFO [0m:      configure_fit: strategy sampled 5 clients (out of 5)
[36m(ClientAppActor pid=848584)[0m 
[36m(ClientAppActor pid=848584)[0m         
[36m(ClientAppActor pid=848585)[0m 
[36m(ClientAppActor pid=848585)[0m         
[36m(ClientAppActor pid=848586)[0m 
[36m(ClientAppActor pid=848586)[0m         
[36m(ClientAppActor pid=848583)[0m 
[36m(ClientAppActor pid=848583)[0m         
[36m(ClientAppActor pid=848587)[0m 
[36m(ClientAppActor pid=848587)[0m         
[92mINFO [0m:      aggregate_fit: received 5 results and 0 failures
[92mINFO [0m:      fit progress: (7, 0.9878531924247742, {'accuracy': 0.6467, 'loss': 0.9878531924247742}, 134.51012063899543)
[92mINFO [0m:      configure_evaluate: strategy sampled 5 clients (out of 5)
[36m(ClientAppActor pid=848587)[0m 
[36m(ClientAppActor pid=848587)[0m         
[36m(ClientAppActor pid=848587)[0m [93mWARNING [0m:   DEPRECATED FEATURE: `client_fn` now expects a signature `def client_fn(context: Context)`.The provided `client_fn` has signature: {'cid': <Parameter "cid: str">}. You can import the `Context` like this: `from flwr.app import Context`[32m [repeated 10x across cluster][0m
[36m(ClientAppActor pid=848587)[0m             This is a deprecated feature. It will be removed[32m [repeated 10x across cluster][0m
[36m(ClientAppActor pid=848587)[0m             entirely in future versions of Flower.[32m [repeated 10x across cluster][0m
[36m(ClientAppActor pid=848586)[0m 
[36m(ClientAppActor pid=848586)[0m         
[36m(ClientAppActor pid=848585)[0m 
[36m(ClientAppActor pid=848585)[0m         
[36m(ClientAppActor pid=848584)[0m 
[36m(ClientAppActor pid=848584)[0m         
[36m(ClientAppActor pid=848583)[0m 
[36m(ClientAppActor pid=848583)[0m         
[92mINFO [0m:      aggregate_evaluate: received 5 results and 0 failures
[92mINFO [0m:      
[92mINFO [0m:      [ROUND 8]
[92mINFO [0m:      configure_fit: strategy sampled 5 clients (out of 5)
[36m(ClientAppActor pid=848584)[0m 
[36m(ClientAppActor pid=848584)[0m         
[36m(ClientAppActor pid=848583)[0m 
[36m(ClientAppActor pid=848583)[0m         
[36m(ClientAppActor pid=848585)[0m 
[36m(ClientAppActor pid=848585)[0m         
[36m(ClientAppActor pid=848586)[0m 
[36m(ClientAppActor pid=848586)[0m         
[36m(ClientAppActor pid=848587)[0m 
[36m(ClientAppActor pid=848587)[0m         
[92mINFO [0m:      aggregate_fit: received 5 results and 0 failures
[92mINFO [0m:      fit progress: (8, 0.9073240190505981, {'accuracy': 0.6771, 'loss': 0.9073240190505981}, 153.1592842459795)
[92mINFO [0m:      configure_evaluate: strategy sampled 5 clients (out of 5)
[36m(ClientAppActor pid=848586)[0m 
[36m(ClientAppActor pid=848586)[0m         
[36m(ClientAppActor pid=848586)[0m [93mWARNING [0m:   DEPRECATED FEATURE: `client_fn` now expects a signature `def client_fn(context: Context)`.The provided `client_fn` has signature: {'cid': <Parameter "cid: str">}. You can import the `Context` like this: `from flwr.app import Context`[32m [repeated 10x across cluster][0m
[36m(ClientAppActor pid=848586)[0m             This is a deprecated feature. It will be removed[32m [repeated 10x across cluster][0m
[36m(ClientAppActor pid=848586)[0m             entirely in future versions of Flower.[32m [repeated 10x across cluster][0m
[36m(ClientAppActor pid=848587)[0m 
[36m(ClientAppActor pid=848587)[0m         
[36m(ClientAppActor pid=848585)[0m 
[36m(ClientAppActor pid=848585)[0m         
[36m(ClientAppActor pid=848583)[0m 
[36m(ClientAppActor pid=848583)[0m         
[36m(ClientAppActor pid=848584)[0m 
[36m(ClientAppActor pid=848584)[0m         
[92mINFO [0m:      aggregate_evaluate: received 5 results and 0 failures
[92mINFO [0m:      
[92mINFO [0m:      [ROUND 9]
[92mINFO [0m:      configure_fit: strategy sampled 5 clients (out of 5)
[36m(ClientAppActor pid=848584)[0m 
[36m(ClientAppActor pid=848584)[0m         
[36m(ClientAppActor pid=848583)[0m 
[36m(ClientAppActor pid=848583)[0m         
[36m(ClientAppActor pid=848585)[0m 
[36m(ClientAppActor pid=848585)[0m         
[36m(ClientAppActor pid=848587)[0m 
[36m(ClientAppActor pid=848587)[0m         
[36m(ClientAppActor pid=848586)[0m 
[36m(ClientAppActor pid=848586)[0m         
[92mINFO [0m:      aggregate_fit: received 5 results and 0 failures
[92mINFO [0m:      fit progress: (9, 0.830720754146576, {'accuracy': 0.7081, 'loss': 0.830720754146576}, 171.77673303399934)
[92mINFO [0m:      configure_evaluate: strategy sampled 5 clients (out of 5)
[36m(ClientAppActor pid=848583)[0m 
[36m(ClientAppActor pid=848583)[0m         
[36m(ClientAppActor pid=848583)[0m [93mWARNING [0m:   DEPRECATED FEATURE: `client_fn` now expects a signature `def client_fn(context: Context)`.The provided `client_fn` has signature: {'cid': <Parameter "cid: str">}. You can import the `Context` like this: `from flwr.app import Context`[32m [repeated 10x across cluster][0m
[36m(ClientAppActor pid=848583)[0m             This is a deprecated feature. It will be removed[32m [repeated 10x across cluster][0m
[36m(ClientAppActor pid=848583)[0m             entirely in future versions of Flower.[32m [repeated 10x across cluster][0m
[36m(ClientAppActor pid=848585)[0m 
[36m(ClientAppActor pid=848585)[0m         
[36m(ClientAppActor pid=848586)[0m 
[36m(ClientAppActor pid=848586)[0m         
[36m(ClientAppActor pid=848587)[0m 
[36m(ClientAppActor pid=848587)[0m         
[36m(ClientAppActor pid=848584)[0m 
[36m(ClientAppActor pid=848584)[0m         
[92mINFO [0m:      aggregate_evaluate: received 5 results and 0 failures
[92mINFO [0m:      
[92mINFO [0m:      [ROUND 10]
[92mINFO [0m:      configure_fit: strategy sampled 5 clients (out of 5)
[36m(ClientAppActor pid=848584)[0m 
[36m(ClientAppActor pid=848584)[0m         
[36m(ClientAppActor pid=848587)[0m 
[36m(ClientAppActor pid=848587)[0m         
[36m(ClientAppActor pid=848585)[0m 
[36m(ClientAppActor pid=848585)[0m         
[36m(ClientAppActor pid=848586)[0m 
[36m(ClientAppActor pid=848586)[0m         
[36m(ClientAppActor pid=848583)[0m 
[36m(ClientAppActor pid=848583)[0m         
[92mINFO [0m:      aggregate_fit: received 5 results and 0 failures
[92mINFO [0m:      fit progress: (10, 0.8663469175815582, {'accuracy': 0.7057, 'loss': 0.8663469175815582}, 190.23286280198954)
[92mINFO [0m:      configure_evaluate: strategy sampled 5 clients (out of 5)
[36m(ClientAppActor pid=848584)[0m 
[36m(ClientAppActor pid=848584)[0m         
[36m(ClientAppActor pid=848584)[0m [93mWARNING [0m:   DEPRECATED FEATURE: `client_fn` now expects a signature `def client_fn(context: Context)`.The provided `client_fn` has signature: {'cid': <Parameter "cid: str">}. You can import the `Context` like this: `from flwr.app import Context`[32m [repeated 10x across cluster][0m
[36m(ClientAppActor pid=848584)[0m             This is a deprecated feature. It will be removed[32m [repeated 10x across cluster][0m
[36m(ClientAppActor pid=848584)[0m             entirely in future versions of Flower.[32m [repeated 10x across cluster][0m
[36m(ClientAppActor pid=848585)[0m 
[36m(ClientAppActor pid=848585)[0m         
[36m(ClientAppActor pid=848587)[0m 
[36m(ClientAppActor pid=848587)[0m         
[36m(ClientAppActor pid=848586)[0m 
[36m(ClientAppActor pid=848586)[0m         
[36m(ClientAppActor pid=848583)[0m 
[36m(ClientAppActor pid=848583)[0m         
[92mINFO [0m:      aggregate_evaluate: received 5 results and 0 failures
[92mINFO [0m:      
[92mINFO [0m:      [SUMMARY]
[92mINFO [0m:      Run finished 10 round(s) in 191.16s
[92mINFO [0m:      	History (loss, distributed):
[92mINFO [0m:      		round 1: 2.2932989296255673
[92mINFO [0m:      		round 2: 2.0064179039917542
[92mINFO [0m:      		round 3: 1.560154639174038
[92mINFO [0m:      		round 4: 1.397569999137544
[92mINFO [0m:      		round 5: 1.1828930871425114
[92mINFO [0m:      		round 6: 1.0535890411944158
[92mINFO [0m:      		round 7: 0.9809206588902377
[92mINFO [0m:      		round 8: 0.8908875026487221
[92mINFO [0m:      		round 9: 0.81758788287079
[92mINFO [0m:      		round 10: 0.8575034166172024
[92mINFO [0m:      	History (loss, centralized):
[92mINFO [0m:      		round 0: 2.302767166900635
[92mINFO [0m:      		round 1: 2.2934545433044433
[92mINFO [0m:      		round 2: 1.9993181621551515
[92mINFO [0m:      		round 3: 1.5491486429214478
[92mINFO [0m:      		round 4: 1.3955692193984985
[92mINFO [0m:      		round 5: 1.184514051246643
[92mINFO [0m:      		round 6: 1.0638484809875488
[92mINFO [0m:      		round 7: 0.9878531924247742
[92mINFO [0m:      		round 8: 0.9073240190505981
[92mINFO [0m:      		round 9: 0.830720754146576
[92mINFO [0m:      		round 10: 0.8663469175815582
[92mINFO [0m:      	History (metrics, distributed, fit):
[92mINFO [0m:      	{'avg_flops_per_client_round': [(1, 8140805084160.0),
[92mINFO [0m:      	                                (2, 8140805084160.0),
[92mINFO [0m:      	                                (3, 8140805084160.0),
[92mINFO [0m:      	                                (4, 8140805084160.0),
[92mINFO [0m:      	                                (5, 8140805084160.0),
[92mINFO [0m:      	                                (6, 8140805084160.0),
[92mINFO [0m:      	                                (7, 8140805084160.0),
[92mINFO [0m:      	                                (8, 8140805084160.0),
[92mINFO [0m:      	                                (9, 8140805084160.0),
[92mINFO [0m:      	                                (10, 8140805084160.0)],
[92mINFO [0m:      	 'total_flops_round': [(1, 40704025420800),
[92mINFO [0m:      	                       (2, 40704025420800),
[92mINFO [0m:      	                       (3, 40704025420800),
[92mINFO [0m:      	                       (4, 40704025420800),
[92mINFO [0m:      	                       (5, 40704025420800),
[92mINFO [0m:      	                       (6, 40704025420800),
[92mINFO [0m:      	                       (7, 40704025420800),
[92mINFO [0m:      	                       (8, 40704025420800),
[92mINFO [0m:      	                       (9, 40704025420800),
[92mINFO [0m:      	                       (10, 40704025420800)]}
[92mINFO [0m:      	History (metrics, distributed, evaluate):
[92mINFO [0m:      	{'accuracy': [(1, 0.09985991594956974),
[92mINFO [0m:      	              (2, 0.3007804682809686),
[92mINFO [0m:      	              (3, 0.4640784470682409),
[92mINFO [0m:      	              (4, 0.49029417650590357),
[92mINFO [0m:      	              (5, 0.563338002801681),
[92mINFO [0m:      	              (6, 0.6135681408845307),
[92mINFO [0m:      	              (7, 0.650990594356614),
[92mINFO [0m:      	              (8, 0.6794076445867521),
[92mINFO [0m:      	              (9, 0.7070242145287172),
[92mINFO [0m:      	              (10, 0.6954172503502102)],
[92mINFO [0m:      	 'loss': [(1, 2.2932989296255673),
[92mINFO [0m:      	          (2, 2.0064179039917542),
[92mINFO [0m:      	          (3, 1.560154639174038),
[92mINFO [0m:      	          (4, 1.397569999137544),
[92mINFO [0m:      	          (5, 1.1828930871425114),
[92mINFO [0m:      	          (6, 1.0535890411944158),
[92mINFO [0m:      	          (7, 0.9809206588902377),
[92mINFO [0m:      	          (8, 0.8908875026487221),
[92mINFO [0m:      	          (9, 0.81758788287079),
[92mINFO [0m:      	          (10, 0.8575034166172024)]}
[92mINFO [0m:      	History (metrics, centralized):
[92mINFO [0m:      	{'accuracy': [(0, 0.0999),
[92mINFO [0m:      	              (1, 0.1),
[92mINFO [0m:      	              (2, 0.301),
[92mINFO [0m:      	              (3, 0.4707),
[92mINFO [0m:      	              (4, 0.4914),
[92mINFO [0m:      	              (5, 0.5665),
[92mINFO [0m:      	              (6, 0.6178),
[92mINFO [0m:      	              (7, 0.6467),
[92mINFO [0m:      	              (8, 0.6771),
[92mINFO [0m:      	              (9, 0.7081),
[92mINFO [0m:      	              (10, 0.7057)],
[92mINFO [0m:      	 'loss': [(0, 2.302767166900635),
[92mINFO [0m:      	          (1, 2.2934545433044433),
[92mINFO [0m:      	          (2, 1.9993181621551515),
[92mINFO [0m:      	          (3, 1.5491486429214478),
[92mINFO [0m:      	          (4, 1.3955692193984985),
[92mINFO [0m:      	          (5, 1.184514051246643),
[92mINFO [0m:      	          (6, 1.0638484809875488),
[92mINFO [0m:      	          (7, 0.9878531924247742),
[92mINFO [0m:      	          (8, 0.9073240190505981),
[92mINFO [0m:      	          (9, 0.830720754146576),
[92mINFO [0m:      	          (10, 0.8663469175815582)]}
[92mINFO [0m:      
Treinando no dispositivo: cuda:0 com o dataset: CIFAR10 | Setup clientes: 5 (num_gpus por cliente=0.2) | SEED=47 | Método: FedProx (mu=0.01)
FLOPS por amostra (forward): 6.030e+07 | (forward+backward, 3x): 1.809e+08
Files already downloaded and verified
Files already downloaded and verified
Dividindo o dataset usando a distribuição de Dirichlet com alpha=0.1.
Iniciando a simulação de Aprendizado Federado...
=== Diagnóstico de Medição de GPU ===
  pynvml_disponivel: True
  pynvml_versao: 580.173.02
  gpus_detectadas: 1
  leitura_potencia_ok: True
  potencia_atual_W: 113.824

--- Rodada 0 - Avaliação Centralizada (Servidor) ---
Loss (Servidor): 2.3028 | Acurácia (Servidor): 0.0999

--- Rodada 1 - Avaliação Centralizada (Servidor) ---
Loss (Servidor): 2.2935 | Acurácia (Servidor): 0.1000
--- Avaliação Agregada (Clientes) ---
Loss Média (Clientes): 2.2933 | Acurácia Média (Clientes): 0.0999

--- Rodada 2 - Avaliação Centralizada (Servidor) ---
Loss (Servidor): 1.9993 | Acurácia (Servidor): 0.3010
--- Avaliação Agregada (Clientes) ---
Loss Média (Clientes): 2.0064 | Acurácia Média (Clientes): 0.3008

--- Rodada 3 - Avaliação Centralizada (Servidor) ---
Loss (Servidor): 1.5491 | Acurácia (Servidor): 0.4707
--- Avaliação Agregada (Clientes) ---
Loss Média (Clientes): 1.5602 | Acurácia Média (Clientes): 0.4641

--- Rodada 4 - Avaliação Centralizada (Servidor) ---
Loss (Servidor): 1.3956 | Acurácia (Servidor): 0.4914
--- Avaliação Agregada (Clientes) ---
Loss Média (Clientes): 1.3976 | Acurácia Média (Clientes): 0.4903

--- Rodada 5 - Avaliação Centralizada (Servidor) ---
Loss (Servidor): 1.1845 | Acurácia (Servidor): 0.5665
--- Avaliação Agregada (Clientes) ---
Loss Média (Clientes): 1.1829 | Acurácia Média (Clientes): 0.5633

--- Rodada 6 - Avaliação Centralizada (Servidor) ---
Loss (Servidor): 1.0638 | Acurácia (Servidor): 0.6178
--- Avaliação Agregada (Clientes) ---
Loss Média (Clientes): 1.0536 | Acurácia Média (Clientes): 0.6136

--- Rodada 7 - Avaliação Centralizada (Servidor) ---
Loss (Servidor): 0.9879 | Acurácia (Servidor): 0.6467
--- Avaliação Agregada (Clientes) ---
Loss Média (Clientes): 0.9809 | Acurácia Média (Clientes): 0.6510

--- Rodada 8 - Avaliação Centralizada (Servidor) ---
Loss (Servidor): 0.9073 | Acurácia (Servidor): 0.6771
--- Avaliação Agregada (Clientes) ---
Loss Média (Clientes): 0.8909 | Acurácia Média (Clientes): 0.6794

--- Rodada 9 - Avaliação Centralizada (Servidor) ---
Loss (Servidor): 0.8307 | Acurácia (Servidor): 0.7081
--- Avaliação Agregada (Clientes) ---
Loss Média (Clientes): 0.8176 | Acurácia Média (Clientes): 0.7070

--- Rodada 10 - Avaliação Centralizada (Servidor) ---
Loss (Servidor): 0.8663 | Acurácia (Servidor): 0.7057
--- Avaliação Agregada (Clientes) ---
Loss Média (Clientes): 0.8575 | Acurácia Média (Clientes): 0.6954

Resultados salvos em: /home/tiago/GitHubProjects/fedhad-thesis-2/FedProx-results/1.1_diagnostico_drift/CIFAR10/FedProx__CIFAR10__Setup-5__Clients-5__Rounds-10__Delay-0_05__Alpha-0_1__Seed-47.txt
[36m(ClientAppActor pid=848583)[0m [93mWARNING [0m:   DEPRECATED FEATURE: `client_fn` now expects a signature `def client_fn(context: Context)`.The provided `client_fn` has signature: {'cid': <Parameter "cid: str">}. You can import the `Context` like this: `from flwr.app import Context`[32m [repeated 4x across cluster][0m
[36m(ClientAppActor pid=848583)[0m             This is a deprecated feature. It will be removed[32m [repeated 4x across cluster][0m
[36m(ClientAppActor pid=848583)[0m             entirely in future versions of Flower.[32m [repeated 4x across cluster][0m
