[codecarbon WARNING @ 15:24:28] Multiple instances of codecarbon are allowed to run at the same time.
[93mWARNING [0m:   DEPRECATED FEATURE: flwr.simulation.start_simulation() is deprecated.
	Instead, use the `flwr run` CLI command to start a local simulation in your Flower app, as shown for example below:

		$ flwr new  # Create a new Flower app from a template

		$ flwr run  # Run the Flower app in Simulation Mode

	Using `start_simulation()` is deprecated.

            This is a deprecated feature. It will be removed
            entirely in future versions of Flower.
        
[92mINFO [0m:      Starting Flower simulation, config: num_rounds=10, no round_timeout
2026-09-04 15:24:36,637	INFO worker.py:2012 -- Started a local Ray instance.
/home/tiago/GitHubProjects/fedhad-thesis-2/env_flwr_pt/lib/python3.12/site-packages/ray/_private/worker.py:2051: FutureWarning: Tip: In future versions of Ray, Ray will no longer override accelerator visible devices env var if num_gpus=0 or num_gpus=None (default). To enable this behavior and turn off this error message, set RAY_ACCEL_ENV_VAR_OVERRIDE_ON_ZERO=0
  warnings.warn(
[92mINFO [0m:      Flower VCE: Ray initialized with resources: {'GPU': 1.0, 'accelerator_type:A40': 1.0, 'node:__internal_head__': 1.0, 'memory': 180876024628.0, 'node:10.129.64.100': 1.0, 'CPU': 64.0, 'object_store_memory': 77518296268.0}
[92mINFO [0m:      Optimize your simulation with Flower VCE: https://flower.ai/docs/framework/how-to-run-simulations.html
/home/tiago/GitHubProjects/fedhad-thesis-2/FedProx_Final.py:1601: UserWarning: No `num_cpus` specified in `client_resources`. Using `num_cpus=1` for each client.
  history = fl.simulation.start_simulation(
[92mINFO [0m:      Flower VCE: Resources for each Virtual Client: {'num_gpus': 0.2, 'num_cpus': 1}
[92mINFO [0m:      Flower VCE: Creating VirtualClientEngineActorPool with 5 actors
[92mINFO [0m:      [INIT]
[92mINFO [0m:      Requesting initial parameters from one random client
[36m(ClientAppActor pid=865770)[0m [93mWARNING [0m:   DEPRECATED FEATURE: `client_fn` now expects a signature `def client_fn(context: Context)`.The provided `client_fn` has signature: {'cid': <Parameter "cid: str">}. You can import the `Context` like this: `from flwr.app import Context`
[36m(ClientAppActor pid=865770)[0m 
[36m(ClientAppActor pid=865770)[0m             This is a deprecated feature. It will be removed
[36m(ClientAppActor pid=865770)[0m             entirely in future versions of Flower.
[36m(ClientAppActor pid=865770)[0m         
[92mINFO [0m:      Received initial parameters from one random client
[92mINFO [0m:      Starting evaluation of initial global parameters
[92mINFO [0m:      initial parameters (loss, other metrics): 2.3028035552978516, {'accuracy': 0.1, 'loss': 2.3028035552978516}
[92mINFO [0m:      
[92mINFO [0m:      [ROUND 1]
[92mINFO [0m:      configure_fit: strategy sampled 5 clients (out of 5)
[36m(ClientAppActor pid=865770)[0m [93mWARNING [0m:   DEPRECATED FEATURE: `client_fn` now expects a signature `def client_fn(context: Context)`.The provided `client_fn` has signature: {'cid': <Parameter "cid: str">}. You can import the `Context` like this: `from flwr.app import Context`
[36m(ClientAppActor pid=865770)[0m 
[36m(ClientAppActor pid=865770)[0m             This is a deprecated feature. It will be removed
[36m(ClientAppActor pid=865770)[0m             entirely in future versions of Flower.
[36m(ClientAppActor pid=865770)[0m         
[36m(ClientAppActor pid=865769)[0m 
[36m(ClientAppActor pid=865769)[0m         
[36m(ClientAppActor pid=865768)[0m 
[36m(ClientAppActor pid=865768)[0m         
[36m(ClientAppActor pid=865767)[0m 
[36m(ClientAppActor pid=865767)[0m         
[36m(ClientAppActor pid=865766)[0m 
[36m(ClientAppActor pid=865766)[0m         
[92mINFO [0m:      aggregate_fit: received 5 results and 0 failures
[92mINFO [0m:      fit progress: (1, 2.2565877998352053, {'accuracy': 0.1032, 'loss': 2.2565877998352053}, 19.84507236396894)
[92mINFO [0m:      configure_evaluate: strategy sampled 5 clients (out of 5)
[36m(ClientAppActor pid=865767)[0m 
[36m(ClientAppActor pid=865767)[0m         
[36m(ClientAppActor pid=865767)[0m [93mWARNING [0m:   DEPRECATED FEATURE: `client_fn` now expects a signature `def client_fn(context: Context)`.The provided `client_fn` has signature: {'cid': <Parameter "cid: str">}. You can import the `Context` like this: `from flwr.app import Context`[32m [repeated 5x across cluster] (Ray deduplicates logs by default. Set RAY_DEDUP_LOGS=0 to disable log deduplication, or see https://docs.ray.io/en/master/ray-observability/user-guides/configure-logging.html#log-deduplication for more options.)[0m
[36m(ClientAppActor pid=865767)[0m             This is a deprecated feature. It will be removed[32m [repeated 5x across cluster][0m
[36m(ClientAppActor pid=865767)[0m             entirely in future versions of Flower.[32m [repeated 5x across cluster][0m
[36m(ClientAppActor pid=865770)[0m 
[36m(ClientAppActor pid=865770)[0m         
[36m(ClientAppActor pid=865768)[0m 
[36m(ClientAppActor pid=865768)[0m         
[36m(ClientAppActor pid=865769)[0m 
[36m(ClientAppActor pid=865769)[0m         
[36m(ClientAppActor pid=865766)[0m 
[36m(ClientAppActor pid=865766)[0m         
[92mINFO [0m:      aggregate_evaluate: received 5 results and 0 failures
[92mINFO [0m:      
[92mINFO [0m:      [ROUND 2]
[92mINFO [0m:      configure_fit: strategy sampled 5 clients (out of 5)
[36m(ClientAppActor pid=865766)[0m 
[36m(ClientAppActor pid=865766)[0m         
[36m(ClientAppActor pid=865769)[0m 
[36m(ClientAppActor pid=865769)[0m         
[36m(ClientAppActor pid=865768)[0m 
[36m(ClientAppActor pid=865768)[0m         
[36m(ClientAppActor pid=865770)[0m 
[36m(ClientAppActor pid=865770)[0m         
[36m(ClientAppActor pid=865767)[0m 
[36m(ClientAppActor pid=865767)[0m         
[92mINFO [0m:      aggregate_fit: received 5 results and 0 failures
[92mINFO [0m:      fit progress: (2, 1.990383139038086, {'accuracy': 0.2521, 'loss': 1.990383139038086}, 38.78572726197308)
[92mINFO [0m:      configure_evaluate: strategy sampled 5 clients (out of 5)
[36m(ClientAppActor pid=865766)[0m 
[36m(ClientAppActor pid=865766)[0m         
[36m(ClientAppActor pid=865766)[0m [93mWARNING [0m:   DEPRECATED FEATURE: `client_fn` now expects a signature `def client_fn(context: Context)`.The provided `client_fn` has signature: {'cid': <Parameter "cid: str">}. You can import the `Context` like this: `from flwr.app import Context`[32m [repeated 10x across cluster][0m
[36m(ClientAppActor pid=865766)[0m             This is a deprecated feature. It will be removed[32m [repeated 10x across cluster][0m
[36m(ClientAppActor pid=865766)[0m             entirely in future versions of Flower.[32m [repeated 10x across cluster][0m
[36m(ClientAppActor pid=865770)[0m 
[36m(ClientAppActor pid=865770)[0m         
[36m(ClientAppActor pid=865769)[0m 
[36m(ClientAppActor pid=865769)[0m         
[36m(ClientAppActor pid=865768)[0m 
[36m(ClientAppActor pid=865768)[0m         
[36m(ClientAppActor pid=865767)[0m 
[36m(ClientAppActor pid=865767)[0m         
[92mINFO [0m:      aggregate_evaluate: received 5 results and 0 failures
[92mINFO [0m:      
[92mINFO [0m:      [ROUND 3]
[92mINFO [0m:      configure_fit: strategy sampled 5 clients (out of 5)
[36m(ClientAppActor pid=865767)[0m 
[36m(ClientAppActor pid=865767)[0m         
[36m(ClientAppActor pid=865768)[0m 
[36m(ClientAppActor pid=865768)[0m         
[36m(ClientAppActor pid=865769)[0m 
[36m(ClientAppActor pid=865769)[0m         
[36m(ClientAppActor pid=865770)[0m 
[36m(ClientAppActor pid=865770)[0m         
[36m(ClientAppActor pid=865766)[0m 
[36m(ClientAppActor pid=865766)[0m         
[92mINFO [0m:      aggregate_fit: received 5 results and 0 failures
[92mINFO [0m:      fit progress: (3, 1.5846912855148316, {'accuracy': 0.4736, 'loss': 1.5846912855148316}, 58.37894587399205)
[92mINFO [0m:      configure_evaluate: strategy sampled 5 clients (out of 5)
[36m(ClientAppActor pid=865769)[0m 
[36m(ClientAppActor pid=865769)[0m         
[36m(ClientAppActor pid=865769)[0m [93mWARNING [0m:   DEPRECATED FEATURE: `client_fn` now expects a signature `def client_fn(context: Context)`.The provided `client_fn` has signature: {'cid': <Parameter "cid: str">}. You can import the `Context` like this: `from flwr.app import Context`[32m [repeated 10x across cluster][0m
[36m(ClientAppActor pid=865769)[0m             This is a deprecated feature. It will be removed[32m [repeated 10x across cluster][0m
[36m(ClientAppActor pid=865769)[0m             entirely in future versions of Flower.[32m [repeated 10x across cluster][0m
[36m(ClientAppActor pid=865767)[0m 
[36m(ClientAppActor pid=865767)[0m         
[36m(ClientAppActor pid=865770)[0m 
[36m(ClientAppActor pid=865770)[0m         
[36m(ClientAppActor pid=865766)[0m 
[36m(ClientAppActor pid=865766)[0m         
[36m(ClientAppActor pid=865768)[0m 
[36m(ClientAppActor pid=865768)[0m         
[92mINFO [0m:      aggregate_evaluate: received 5 results and 0 failures
[92mINFO [0m:      
[92mINFO [0m:      [ROUND 4]
[92mINFO [0m:      configure_fit: strategy sampled 5 clients (out of 5)
[36m(ClientAppActor pid=865768)[0m 
[36m(ClientAppActor pid=865768)[0m         
[36m(ClientAppActor pid=865766)[0m 
[36m(ClientAppActor pid=865766)[0m         
[36m(ClientAppActor pid=865767)[0m 
[36m(ClientAppActor pid=865767)[0m         
[36m(ClientAppActor pid=865770)[0m 
[36m(ClientAppActor pid=865770)[0m         
[36m(ClientAppActor pid=865769)[0m 
[36m(ClientAppActor pid=865769)[0m         
[92mINFO [0m:      aggregate_fit: received 5 results and 0 failures
[92mINFO [0m:      fit progress: (4, 1.3084975336074829, {'accuracy': 0.5881, 'loss': 1.3084975336074829}, 77.78501573496033)
[92mINFO [0m:      configure_evaluate: strategy sampled 5 clients (out of 5)
[36m(ClientAppActor pid=865767)[0m 
[36m(ClientAppActor pid=865767)[0m         
[36m(ClientAppActor pid=865767)[0m [93mWARNING [0m:   DEPRECATED FEATURE: `client_fn` now expects a signature `def client_fn(context: Context)`.The provided `client_fn` has signature: {'cid': <Parameter "cid: str">}. You can import the `Context` like this: `from flwr.app import Context`[32m [repeated 10x across cluster][0m
[36m(ClientAppActor pid=865767)[0m             This is a deprecated feature. It will be removed[32m [repeated 10x across cluster][0m
[36m(ClientAppActor pid=865767)[0m             entirely in future versions of Flower.[32m [repeated 10x across cluster][0m
[36m(ClientAppActor pid=865766)[0m 
[36m(ClientAppActor pid=865766)[0m         
[36m(ClientAppActor pid=865768)[0m 
[36m(ClientAppActor pid=865768)[0m         
[36m(ClientAppActor pid=865770)[0m 
[36m(ClientAppActor pid=865770)[0m         
[36m(ClientAppActor pid=865769)[0m 
[36m(ClientAppActor pid=865769)[0m         
[92mINFO [0m:      aggregate_evaluate: received 5 results and 0 failures
[92mINFO [0m:      
[92mINFO [0m:      [ROUND 5]
[92mINFO [0m:      configure_fit: strategy sampled 5 clients (out of 5)
[36m(ClientAppActor pid=865769)[0m 
[36m(ClientAppActor pid=865769)[0m         
[36m(ClientAppActor pid=865770)[0m 
[36m(ClientAppActor pid=865770)[0m         
[36m(ClientAppActor pid=865768)[0m 
[36m(ClientAppActor pid=865768)[0m         
[36m(ClientAppActor pid=865766)[0m 
[36m(ClientAppActor pid=865766)[0m         
[36m(ClientAppActor pid=865767)[0m 
[36m(ClientAppActor pid=865767)[0m         
[92mINFO [0m:      aggregate_fit: received 5 results and 0 failures
[92mINFO [0m:      fit progress: (5, 1.2085013736724854, {'accuracy': 0.6174, 'loss': 1.2085013736724854}, 97.52467053197324)
[92mINFO [0m:      configure_evaluate: strategy sampled 5 clients (out of 5)
[36m(ClientAppActor pid=865767)[0m 
[36m(ClientAppActor pid=865767)[0m         
[36m(ClientAppActor pid=865767)[0m [93mWARNING [0m:   DEPRECATED FEATURE: `client_fn` now expects a signature `def client_fn(context: Context)`.The provided `client_fn` has signature: {'cid': <Parameter "cid: str">}. You can import the `Context` like this: `from flwr.app import Context`[32m [repeated 10x across cluster][0m
[36m(ClientAppActor pid=865767)[0m             This is a deprecated feature. It will be removed[32m [repeated 10x across cluster][0m
[36m(ClientAppActor pid=865767)[0m             entirely in future versions of Flower.[32m [repeated 10x across cluster][0m
[36m(ClientAppActor pid=865768)[0m 
[36m(ClientAppActor pid=865768)[0m         
[36m(ClientAppActor pid=865770)[0m 
[36m(ClientAppActor pid=865770)[0m         
[36m(ClientAppActor pid=865766)[0m 
[36m(ClientAppActor pid=865766)[0m         
[36m(ClientAppActor pid=865769)[0m 
[36m(ClientAppActor pid=865769)[0m         
[92mINFO [0m:      aggregate_evaluate: received 5 results and 0 failures
[92mINFO [0m:      
[92mINFO [0m:      [ROUND 6]
[92mINFO [0m:      configure_fit: strategy sampled 5 clients (out of 5)
[36m(ClientAppActor pid=865769)[0m 
[36m(ClientAppActor pid=865769)[0m         
[36m(ClientAppActor pid=865766)[0m 
[36m(ClientAppActor pid=865766)[0m         
[36m(ClientAppActor pid=865770)[0m 
[36m(ClientAppActor pid=865770)[0m         
[36m(ClientAppActor pid=865767)[0m 
[36m(ClientAppActor pid=865767)[0m         
[36m(ClientAppActor pid=865768)[0m 
[36m(ClientAppActor pid=865768)[0m         
[92mINFO [0m:      aggregate_fit: received 5 results and 0 failures
[92mINFO [0m:      fit progress: (6, 1.107703421020508, {'accuracy': 0.6446, 'loss': 1.107703421020508}, 117.18151047598803)
[92mINFO [0m:      configure_evaluate: strategy sampled 5 clients (out of 5)
[36m(ClientAppActor pid=865770)[0m 
[36m(ClientAppActor pid=865770)[0m         
[36m(ClientAppActor pid=865770)[0m [93mWARNING [0m:   DEPRECATED FEATURE: `client_fn` now expects a signature `def client_fn(context: Context)`.The provided `client_fn` has signature: {'cid': <Parameter "cid: str">}. You can import the `Context` like this: `from flwr.app import Context`[32m [repeated 10x across cluster][0m
[36m(ClientAppActor pid=865770)[0m             This is a deprecated feature. It will be removed[32m [repeated 10x across cluster][0m
[36m(ClientAppActor pid=865770)[0m             entirely in future versions of Flower.[32m [repeated 10x across cluster][0m
[36m(ClientAppActor pid=865768)[0m 
[36m(ClientAppActor pid=865768)[0m         
[36m(ClientAppActor pid=865769)[0m 
[36m(ClientAppActor pid=865769)[0m         
[36m(ClientAppActor pid=865766)[0m 
[36m(ClientAppActor pid=865766)[0m         
[36m(ClientAppActor pid=865767)[0m 
[36m(ClientAppActor pid=865767)[0m         
[92mINFO [0m:      aggregate_evaluate: received 5 results and 0 failures
[92mINFO [0m:      
[92mINFO [0m:      [ROUND 7]
[92mINFO [0m:      configure_fit: strategy sampled 5 clients (out of 5)
[36m(ClientAppActor pid=865767)[0m 
[36m(ClientAppActor pid=865767)[0m         
[36m(ClientAppActor pid=865766)[0m 
[36m(ClientAppActor pid=865766)[0m         
[36m(ClientAppActor pid=865768)[0m 
[36m(ClientAppActor pid=865768)[0m         
[36m(ClientAppActor pid=865769)[0m 
[36m(ClientAppActor pid=865769)[0m         
[36m(ClientAppActor pid=865770)[0m 
[36m(ClientAppActor pid=865770)[0m         
[92mINFO [0m:      aggregate_fit: received 5 results and 0 failures
[92mINFO [0m:      fit progress: (7, 1.0569602087020875, {'accuracy': 0.6707, 'loss': 1.0569602087020875}, 136.31406153697753)
[92mINFO [0m:      configure_evaluate: strategy sampled 5 clients (out of 5)
[36m(ClientAppActor pid=865767)[0m 
[36m(ClientAppActor pid=865767)[0m         
[36m(ClientAppActor pid=865767)[0m [93mWARNING [0m:   DEPRECATED FEATURE: `client_fn` now expects a signature `def client_fn(context: Context)`.The provided `client_fn` has signature: {'cid': <Parameter "cid: str">}. You can import the `Context` like this: `from flwr.app import Context`[32m [repeated 10x across cluster][0m
[36m(ClientAppActor pid=865767)[0m             This is a deprecated feature. It will be removed[32m [repeated 10x across cluster][0m
[36m(ClientAppActor pid=865767)[0m             entirely in future versions of Flower.[32m [repeated 10x across cluster][0m
[36m(ClientAppActor pid=865769)[0m 
[36m(ClientAppActor pid=865769)[0m         
[36m(ClientAppActor pid=865768)[0m 
[36m(ClientAppActor pid=865768)[0m         
[36m(ClientAppActor pid=865766)[0m 
[36m(ClientAppActor pid=865766)[0m         
[36m(ClientAppActor pid=865770)[0m 
[36m(ClientAppActor pid=865770)[0m         
[92mINFO [0m:      aggregate_evaluate: received 5 results and 0 failures
[92mINFO [0m:      
[92mINFO [0m:      [ROUND 8]
[92mINFO [0m:      configure_fit: strategy sampled 5 clients (out of 5)
[36m(ClientAppActor pid=865770)[0m 
[36m(ClientAppActor pid=865770)[0m         
[36m(ClientAppActor pid=865769)[0m 
[36m(ClientAppActor pid=865769)[0m         
[36m(ClientAppActor pid=865766)[0m 
[36m(ClientAppActor pid=865766)[0m         
[36m(ClientAppActor pid=865768)[0m 
[36m(ClientAppActor pid=865768)[0m         
[36m(ClientAppActor pid=865767)[0m 
[36m(ClientAppActor pid=865767)[0m         
[92mINFO [0m:      aggregate_fit: received 5 results and 0 failures
[92mINFO [0m:      fit progress: (8, 0.9376849865913391, {'accuracy': 0.7016, 'loss': 0.9376849865913391}, 155.72376577398973)
[92mINFO [0m:      configure_evaluate: strategy sampled 5 clients (out of 5)
[36m(ClientAppActor pid=865768)[0m 
[36m(ClientAppActor pid=865768)[0m         
[36m(ClientAppActor pid=865768)[0m [93mWARNING [0m:   DEPRECATED FEATURE: `client_fn` now expects a signature `def client_fn(context: Context)`.The provided `client_fn` has signature: {'cid': <Parameter "cid: str">}. You can import the `Context` like this: `from flwr.app import Context`[32m [repeated 10x across cluster][0m
[36m(ClientAppActor pid=865768)[0m             This is a deprecated feature. It will be removed[32m [repeated 10x across cluster][0m
[36m(ClientAppActor pid=865768)[0m             entirely in future versions of Flower.[32m [repeated 10x across cluster][0m
[36m(ClientAppActor pid=865767)[0m 
[36m(ClientAppActor pid=865767)[0m         
[36m(ClientAppActor pid=865769)[0m 
[36m(ClientAppActor pid=865769)[0m         
[36m(ClientAppActor pid=865766)[0m 
[36m(ClientAppActor pid=865766)[0m         
[36m(ClientAppActor pid=865770)[0m 
[36m(ClientAppActor pid=865770)[0m         
[92mINFO [0m:      aggregate_evaluate: received 5 results and 0 failures
[92mINFO [0m:      
[92mINFO [0m:      [ROUND 9]
[92mINFO [0m:      configure_fit: strategy sampled 5 clients (out of 5)
[36m(ClientAppActor pid=865770)[0m 
[36m(ClientAppActor pid=865770)[0m         
[36m(ClientAppActor pid=865766)[0m 
[36m(ClientAppActor pid=865766)[0m         
[36m(ClientAppActor pid=865769)[0m 
[36m(ClientAppActor pid=865769)[0m         
[36m(ClientAppActor pid=865767)[0m 
[36m(ClientAppActor pid=865767)[0m         
[36m(ClientAppActor pid=865768)[0m 
[36m(ClientAppActor pid=865768)[0m         
[92mINFO [0m:      aggregate_fit: received 5 results and 0 failures
[92mINFO [0m:      fit progress: (9, 0.9124300888061524, {'accuracy': 0.7066, 'loss': 0.9124300888061524}, 175.0627648619702)
[92mINFO [0m:      configure_evaluate: strategy sampled 5 clients (out of 5)
[36m(ClientAppActor pid=865770)[0m 
[36m(ClientAppActor pid=865770)[0m         
[36m(ClientAppActor pid=865770)[0m [93mWARNING [0m:   DEPRECATED FEATURE: `client_fn` now expects a signature `def client_fn(context: Context)`.The provided `client_fn` has signature: {'cid': <Parameter "cid: str">}. You can import the `Context` like this: `from flwr.app import Context`[32m [repeated 10x across cluster][0m
[36m(ClientAppActor pid=865770)[0m             This is a deprecated feature. It will be removed[32m [repeated 10x across cluster][0m
[36m(ClientAppActor pid=865770)[0m             entirely in future versions of Flower.[32m [repeated 10x across cluster][0m
[36m(ClientAppActor pid=865769)[0m 
[36m(ClientAppActor pid=865769)[0m         
[36m(ClientAppActor pid=865768)[0m 
[36m(ClientAppActor pid=865768)[0m         
[36m(ClientAppActor pid=865766)[0m 
[36m(ClientAppActor pid=865766)[0m         
[36m(ClientAppActor pid=865767)[0m 
[36m(ClientAppActor pid=865767)[0m         
[92mINFO [0m:      aggregate_evaluate: received 5 results and 0 failures
[92mINFO [0m:      
[92mINFO [0m:      [ROUND 10]
[92mINFO [0m:      configure_fit: strategy sampled 5 clients (out of 5)
[36m(ClientAppActor pid=865767)[0m 
[36m(ClientAppActor pid=865767)[0m         
[36m(ClientAppActor pid=865766)[0m 
[36m(ClientAppActor pid=865766)[0m         
[36m(ClientAppActor pid=865768)[0m 
[36m(ClientAppActor pid=865768)[0m         
[36m(ClientAppActor pid=865770)[0m 
[36m(ClientAppActor pid=865770)[0m         
[36m(ClientAppActor pid=865769)[0m 
[36m(ClientAppActor pid=865769)[0m         
[92mINFO [0m:      aggregate_fit: received 5 results and 0 failures
[92mINFO [0m:      fit progress: (10, 0.9376501800537109, {'accuracy': 0.7044, 'loss': 0.9376501800537109}, 194.75901016796706)
[92mINFO [0m:      configure_evaluate: strategy sampled 5 clients (out of 5)
[36m(ClientAppActor pid=865768)[0m 
[36m(ClientAppActor pid=865768)[0m         
[36m(ClientAppActor pid=865768)[0m [93mWARNING [0m:   DEPRECATED FEATURE: `client_fn` now expects a signature `def client_fn(context: Context)`.The provided `client_fn` has signature: {'cid': <Parameter "cid: str">}. You can import the `Context` like this: `from flwr.app import Context`[32m [repeated 10x across cluster][0m
[36m(ClientAppActor pid=865768)[0m             This is a deprecated feature. It will be removed[32m [repeated 10x across cluster][0m
[36m(ClientAppActor pid=865768)[0m             entirely in future versions of Flower.[32m [repeated 10x across cluster][0m
[36m(ClientAppActor pid=865769)[0m 
[36m(ClientAppActor pid=865769)[0m         
[36m(ClientAppActor pid=865767)[0m 
[36m(ClientAppActor pid=865767)[0m         
[36m(ClientAppActor pid=865766)[0m 
[36m(ClientAppActor pid=865766)[0m         
[36m(ClientAppActor pid=865770)[0m 
[36m(ClientAppActor pid=865770)[0m         
[92mINFO [0m:      aggregate_evaluate: received 5 results and 0 failures
[92mINFO [0m:      
[92mINFO [0m:      [SUMMARY]
[92mINFO [0m:      Run finished 10 round(s) in 195.66s
[92mINFO [0m:      	History (loss, distributed):
[92mINFO [0m:      		round 1: 2.255373018131939
[92mINFO [0m:      		round 2: 1.9935787633010715
[92mINFO [0m:      		round 3: 1.6013199604342454
[92mINFO [0m:      		round 4: 1.3259200257302666
[92mINFO [0m:      		round 5: 1.2226583933458104
[92mINFO [0m:      		round 6: 1.117950657677455
[92mINFO [0m:      		round 7: 1.063741054956212
[92mINFO [0m:      		round 8: 0.9466528094051025
[92mINFO [0m:      		round 9: 0.9317187988235637
[92mINFO [0m:      		round 10: 0.9585745634616603
[92mINFO [0m:      	History (loss, centralized):
[92mINFO [0m:      		round 0: 2.3028035552978516
[92mINFO [0m:      		round 1: 2.2565877998352053
[92mINFO [0m:      		round 2: 1.990383139038086
[92mINFO [0m:      		round 3: 1.5846912855148316
[92mINFO [0m:      		round 4: 1.3084975336074829
[92mINFO [0m:      		round 5: 1.2085013736724854
[92mINFO [0m:      		round 6: 1.107703421020508
[92mINFO [0m:      		round 7: 1.0569602087020875
[92mINFO [0m:      		round 8: 0.9376849865913391
[92mINFO [0m:      		round 9: 0.9124300888061524
[92mINFO [0m:      		round 10: 0.9376501800537109
[92mINFO [0m:      	History (metrics, distributed, fit):
[92mINFO [0m:      	{'avg_flops_per_client_round': [(1, 8140805084160.0),
[92mINFO [0m:      	                                (2, 8140805084160.0),
[92mINFO [0m:      	                                (3, 8140805084160.0),
[92mINFO [0m:      	                                (4, 8140805084160.0),
[92mINFO [0m:      	                                (5, 8140805084160.0),
[92mINFO [0m:      	                                (6, 8140805084160.0),
[92mINFO [0m:      	                                (7, 8140805084160.0),
[92mINFO [0m:      	                                (8, 8140805084160.0),
[92mINFO [0m:      	                                (9, 8140805084160.0),
[92mINFO [0m:      	                                (10, 8140805084160.0)],
[92mINFO [0m:      	 'total_flops_round': [(1, 40704025420800),
[92mINFO [0m:      	                       (2, 40704025420800),
[92mINFO [0m:      	                       (3, 40704025420800),
[92mINFO [0m:      	                       (4, 40704025420800),
[92mINFO [0m:      	                       (5, 40704025420800),
[92mINFO [0m:      	                       (6, 40704025420800),
[92mINFO [0m:      	                       (7, 40704025420800),
[92mINFO [0m:      	                       (8, 40704025420800),
[92mINFO [0m:      	                       (9, 40704025420800),
[92mINFO [0m:      	                       (10, 40704025420800)]}
[92mINFO [0m:      	History (metrics, distributed, evaluate):
[92mINFO [0m:      	{'accuracy': [(1, 0.10486291775065039),
[92mINFO [0m:      	              (2, 0.24734840904542726),
[92mINFO [0m:      	              (3, 0.46207724634780867),
[92mINFO [0m:      	              (4, 0.5855513307984791),
[92mINFO [0m:      	              (5, 0.623574144486692),
[92mINFO [0m:      	              (6, 0.6467880728437062),
[92mINFO [0m:      	              (7, 0.6674004402641585),
[92mINFO [0m:      	              (8, 0.6970182109265559),
[92mINFO [0m:      	              (9, 0.7074244546728037),
[92mINFO [0m:      	              (10, 0.6988192915749449)],
[92mINFO [0m:      	 'loss': [(1, 2.255373018131939),
[92mINFO [0m:      	          (2, 1.9935787633010715),
[92mINFO [0m:      	          (3, 1.6013199604342454),
[92mINFO [0m:      	          (4, 1.3259200257302666),
[92mINFO [0m:      	          (5, 1.2226583933458104),
[92mINFO [0m:      	          (6, 1.117950657677455),
[92mINFO [0m:      	          (7, 1.063741054956212),
[92mINFO [0m:      	          (8, 0.9466528094051025),
[92mINFO [0m:      	          (9, 0.9317187988235637),
[92mINFO [0m:      	          (10, 0.9585745634616603)]}
[92mINFO [0m:      	History (metrics, centralized):
[92mINFO [0m:      	{'accuracy': [(0, 0.1),
[92mINFO [0m:      	              (1, 0.1032),
[92mINFO [0m:      	              (2, 0.2521),
[92mINFO [0m:      	              (3, 0.4736),
[92mINFO [0m:      	              (4, 0.5881),
[92mINFO [0m:      	              (5, 0.6174),
[92mINFO [0m:      	              (6, 0.6446),
[92mINFO [0m:      	              (7, 0.6707),
[92mINFO [0m:      	              (8, 0.7016),
[92mINFO [0m:      	              (9, 0.7066),
[92mINFO [0m:      	              (10, 0.7044)],
[92mINFO [0m:      	 'loss': [(0, 2.3028035552978516),
[92mINFO [0m:      	          (1, 2.2565877998352053),
[92mINFO [0m:      	          (2, 1.990383139038086),
[92mINFO [0m:      	          (3, 1.5846912855148316),
[92mINFO [0m:      	          (4, 1.3084975336074829),
[92mINFO [0m:      	          (5, 1.2085013736724854),
[92mINFO [0m:      	          (6, 1.107703421020508),
[92mINFO [0m:      	          (7, 1.0569602087020875),
[92mINFO [0m:      	          (8, 0.9376849865913391),
[92mINFO [0m:      	          (9, 0.9124300888061524),
[92mINFO [0m:      	          (10, 0.9376501800537109)]}
[92mINFO [0m:      
Treinando no dispositivo: cuda:0 com o dataset: CIFAR10 | Setup clientes: 5 (num_gpus por cliente=0.2) | SEED=49 | Método: FedProx (mu=0.01)
FLOPS por amostra (forward): 6.030e+07 | (forward+backward, 3x): 1.809e+08
Files already downloaded and verified
Files already downloaded and verified
Dividindo o dataset usando a distribuição de Dirichlet com alpha=0.1.
Iniciando a simulação de Aprendizado Federado...
=== Diagnóstico de Medição de GPU ===
  pynvml_disponivel: True
  pynvml_versao: 580.173.02
  gpus_detectadas: 1
  leitura_potencia_ok: True
  potencia_atual_W: 113.523

--- Rodada 0 - Avaliação Centralizada (Servidor) ---
Loss (Servidor): 2.3028 | Acurácia (Servidor): 0.1000

--- Rodada 1 - Avaliação Centralizada (Servidor) ---
Loss (Servidor): 2.2566 | Acurácia (Servidor): 0.1032
--- Avaliação Agregada (Clientes) ---
Loss Média (Clientes): 2.2554 | Acurácia Média (Clientes): 0.1049

--- Rodada 2 - Avaliação Centralizada (Servidor) ---
Loss (Servidor): 1.9904 | Acurácia (Servidor): 0.2521
--- Avaliação Agregada (Clientes) ---
Loss Média (Clientes): 1.9936 | Acurácia Média (Clientes): 0.2473

--- Rodada 3 - Avaliação Centralizada (Servidor) ---
Loss (Servidor): 1.5847 | Acurácia (Servidor): 0.4736
--- Avaliação Agregada (Clientes) ---
Loss Média (Clientes): 1.6013 | Acurácia Média (Clientes): 0.4621

--- Rodada 4 - Avaliação Centralizada (Servidor) ---
Loss (Servidor): 1.3085 | Acurácia (Servidor): 0.5881
--- Avaliação Agregada (Clientes) ---
Loss Média (Clientes): 1.3259 | Acurácia Média (Clientes): 0.5856

--- Rodada 5 - Avaliação Centralizada (Servidor) ---
Loss (Servidor): 1.2085 | Acurácia (Servidor): 0.6174
--- Avaliação Agregada (Clientes) ---
Loss Média (Clientes): 1.2227 | Acurácia Média (Clientes): 0.6236

--- Rodada 6 - Avaliação Centralizada (Servidor) ---
Loss (Servidor): 1.1077 | Acurácia (Servidor): 0.6446
--- Avaliação Agregada (Clientes) ---
Loss Média (Clientes): 1.1180 | Acurácia Média (Clientes): 0.6468

--- Rodada 7 - Avaliação Centralizada (Servidor) ---
Loss (Servidor): 1.0570 | Acurácia (Servidor): 0.6707
--- Avaliação Agregada (Clientes) ---
Loss Média (Clientes): 1.0637 | Acurácia Média (Clientes): 0.6674

--- Rodada 8 - Avaliação Centralizada (Servidor) ---
Loss (Servidor): 0.9377 | Acurácia (Servidor): 0.7016
--- Avaliação Agregada (Clientes) ---
Loss Média (Clientes): 0.9467 | Acurácia Média (Clientes): 0.6970

--- Rodada 9 - Avaliação Centralizada (Servidor) ---
Loss (Servidor): 0.9124 | Acurácia (Servidor): 0.7066
--- Avaliação Agregada (Clientes) ---
Loss Média (Clientes): 0.9317 | Acurácia Média (Clientes): 0.7074

--- Rodada 10 - Avaliação Centralizada (Servidor) ---
Loss (Servidor): 0.9377 | Acurácia (Servidor): 0.7044
--- Avaliação Agregada (Clientes) ---
Loss Média (Clientes): 0.9586 | Acurácia Média (Clientes): 0.6988

Resultados salvos em: /home/tiago/GitHubProjects/fedhad-thesis-2/FedProx-results/1.1_diagnostico_drift/CIFAR10/FedProx__CIFAR10__Setup-5__Clients-5__Rounds-10__Delay-0_05__Alpha-0_1__Seed-49.txt
[36m(ClientAppActor pid=865770)[0m [93mWARNING [0m:   DEPRECATED FEATURE: `client_fn` now expects a signature `def client_fn(context: Context)`.The provided `client_fn` has signature: {'cid': <Parameter "cid: str">}. You can import the `Context` like this: `from flwr.app import Context`[32m [repeated 4x across cluster][0m
[36m(ClientAppActor pid=865770)[0m             This is a deprecated feature. It will be removed[32m [repeated 4x across cluster][0m
[36m(ClientAppActor pid=865770)[0m             entirely in future versions of Flower.[32m [repeated 4x across cluster][0m
