[codecarbon WARNING @ 16:05:42] Multiple instances of codecarbon are allowed to run at the same time.
[93mWARNING [0m:   DEPRECATED FEATURE: flwr.simulation.start_simulation() is deprecated.
	Instead, use the `flwr run` CLI command to start a local simulation in your Flower app, as shown for example below:

		$ flwr new  # Create a new Flower app from a template

		$ flwr run  # Run the Flower app in Simulation Mode

	Using `start_simulation()` is deprecated.

            This is a deprecated feature. It will be removed
            entirely in future versions of Flower.
        
[92mINFO [0m:      Starting Flower simulation, config: num_rounds=10, no round_timeout
2026-09-04 16:05:50,632	INFO worker.py:2012 -- Started a local Ray instance.
/home/tiago/GitHubProjects/fedhad-thesis-2/env_flwr_pt/lib/python3.12/site-packages/ray/_private/worker.py:2051: FutureWarning: Tip: In future versions of Ray, Ray will no longer override accelerator visible devices env var if num_gpus=0 or num_gpus=None (default). To enable this behavior and turn off this error message, set RAY_ACCEL_ENV_VAR_OVERRIDE_ON_ZERO=0
  warnings.warn(
[92mINFO [0m:      Flower VCE: Ray initialized with resources: {'GPU': 1.0, 'memory': 180741828199.0, 'object_store_memory': 77460783513.0, 'CPU': 64.0, 'node:__internal_head__': 1.0, 'node:10.129.64.100': 1.0, 'accelerator_type:A40': 1.0}
[92mINFO [0m:      Optimize your simulation with Flower VCE: https://flower.ai/docs/framework/how-to-run-simulations.html
/home/tiago/GitHubProjects/fedhad-thesis-2/FedProx_Final.py:1601: UserWarning: No `num_cpus` specified in `client_resources`. Using `num_cpus=1` for each client.
  history = fl.simulation.start_simulation(
[92mINFO [0m:      Flower VCE: Resources for each Virtual Client: {'num_gpus': 0.2, 'num_cpus': 1}
[92mINFO [0m:      Flower VCE: Creating VirtualClientEngineActorPool with 5 actors
[92mINFO [0m:      [INIT]
[92mINFO [0m:      Requesting initial parameters from one random client
[36m(ClientAppActor pid=953236)[0m [93mWARNING [0m:   DEPRECATED FEATURE: `client_fn` now expects a signature `def client_fn(context: Context)`.The provided `client_fn` has signature: {'cid': <Parameter "cid: str">}. You can import the `Context` like this: `from flwr.app import Context`
[36m(ClientAppActor pid=953236)[0m 
[36m(ClientAppActor pid=953236)[0m             This is a deprecated feature. It will be removed
[36m(ClientAppActor pid=953236)[0m             entirely in future versions of Flower.
[36m(ClientAppActor pid=953236)[0m         
[92mINFO [0m:      Received initial parameters from one random client
[92mINFO [0m:      Starting evaluation of initial global parameters
[92mINFO [0m:      initial parameters (loss, other metrics): 2.303898740386963, {'accuracy': 0.1, 'loss': 2.303898740386963}
[92mINFO [0m:      
[92mINFO [0m:      [ROUND 1]
[92mINFO [0m:      configure_fit: strategy sampled 5 clients (out of 5)
[36m(ClientAppActor pid=953236)[0m [93mWARNING [0m:   DEPRECATED FEATURE: `client_fn` now expects a signature `def client_fn(context: Context)`.The provided `client_fn` has signature: {'cid': <Parameter "cid: str">}. You can import the `Context` like this: `from flwr.app import Context`
[36m(ClientAppActor pid=953236)[0m 
[36m(ClientAppActor pid=953236)[0m             This is a deprecated feature. It will be removed
[36m(ClientAppActor pid=953236)[0m             entirely in future versions of Flower.
[36m(ClientAppActor pid=953236)[0m         
[36m(ClientAppActor pid=953235)[0m 
[36m(ClientAppActor pid=953235)[0m         
[36m(ClientAppActor pid=953237)[0m 
[36m(ClientAppActor pid=953237)[0m         
[36m(ClientAppActor pid=953234)[0m 
[36m(ClientAppActor pid=953234)[0m         
[36m(ClientAppActor pid=953233)[0m 
[36m(ClientAppActor pid=953233)[0m         
[92mINFO [0m:      aggregate_fit: received 5 results and 0 failures
[92mINFO [0m:      fit progress: (1, 2.2856950233459474, {'accuracy': 0.1566, 'loss': 2.2856950233459474}, 20.921782549994532)
[92mINFO [0m:      configure_evaluate: strategy sampled 5 clients (out of 5)
[36m(ClientAppActor pid=953234)[0m 
[36m(ClientAppActor pid=953234)[0m         
[36m(ClientAppActor pid=953234)[0m [93mWARNING [0m:   DEPRECATED FEATURE: `client_fn` now expects a signature `def client_fn(context: Context)`.The provided `client_fn` has signature: {'cid': <Parameter "cid: str">}. You can import the `Context` like this: `from flwr.app import Context`[32m [repeated 5x across cluster] (Ray deduplicates logs by default. Set RAY_DEDUP_LOGS=0 to disable log deduplication, or see https://docs.ray.io/en/master/ray-observability/user-guides/configure-logging.html#log-deduplication for more options.)[0m
[36m(ClientAppActor pid=953234)[0m             This is a deprecated feature. It will be removed[32m [repeated 5x across cluster][0m
[36m(ClientAppActor pid=953234)[0m             entirely in future versions of Flower.[32m [repeated 5x across cluster][0m
[36m(ClientAppActor pid=953233)[0m 
[36m(ClientAppActor pid=953233)[0m         
[36m(ClientAppActor pid=953235)[0m 
[36m(ClientAppActor pid=953235)[0m         
[36m(ClientAppActor pid=953237)[0m 
[36m(ClientAppActor pid=953237)[0m         
[36m(ClientAppActor pid=953236)[0m 
[36m(ClientAppActor pid=953236)[0m         
[92mINFO [0m:      aggregate_evaluate: received 5 results and 0 failures
[92mINFO [0m:      
[92mINFO [0m:      [ROUND 2]
[92mINFO [0m:      configure_fit: strategy sampled 5 clients (out of 5)
[36m(ClientAppActor pid=953236)[0m 
[36m(ClientAppActor pid=953236)[0m         
[36m(ClientAppActor pid=953237)[0m 
[36m(ClientAppActor pid=953237)[0m         
[36m(ClientAppActor pid=953235)[0m 
[36m(ClientAppActor pid=953235)[0m         
[36m(ClientAppActor pid=953233)[0m 
[36m(ClientAppActor pid=953233)[0m         
[36m(ClientAppActor pid=953234)[0m 
[36m(ClientAppActor pid=953234)[0m         
[92mINFO [0m:      aggregate_fit: received 5 results and 0 failures
[92mINFO [0m:      fit progress: (2, 2.1663681716918943, {'accuracy': 0.2421, 'loss': 2.1663681716918943}, 40.92101907898905)
[92mINFO [0m:      configure_evaluate: strategy sampled 5 clients (out of 5)
[36m(ClientAppActor pid=953233)[0m 
[36m(ClientAppActor pid=953233)[0m         
[36m(ClientAppActor pid=953233)[0m [93mWARNING [0m:   DEPRECATED FEATURE: `client_fn` now expects a signature `def client_fn(context: Context)`.The provided `client_fn` has signature: {'cid': <Parameter "cid: str">}. You can import the `Context` like this: `from flwr.app import Context`[32m [repeated 10x across cluster][0m
[36m(ClientAppActor pid=953233)[0m             This is a deprecated feature. It will be removed[32m [repeated 10x across cluster][0m
[36m(ClientAppActor pid=953233)[0m             entirely in future versions of Flower.[32m [repeated 10x across cluster][0m
[36m(ClientAppActor pid=953234)[0m 
[36m(ClientAppActor pid=953234)[0m         
[36m(ClientAppActor pid=953235)[0m 
[36m(ClientAppActor pid=953235)[0m         
[36m(ClientAppActor pid=953237)[0m 
[36m(ClientAppActor pid=953237)[0m         
[36m(ClientAppActor pid=953236)[0m 
[36m(ClientAppActor pid=953236)[0m         
[92mINFO [0m:      aggregate_evaluate: received 5 results and 0 failures
[92mINFO [0m:      
[92mINFO [0m:      [ROUND 3]
[92mINFO [0m:      configure_fit: strategy sampled 5 clients (out of 5)
[36m(ClientAppActor pid=953236)[0m 
[36m(ClientAppActor pid=953236)[0m         
[36m(ClientAppActor pid=953237)[0m 
[36m(ClientAppActor pid=953237)[0m         
[36m(ClientAppActor pid=953234)[0m 
[36m(ClientAppActor pid=953234)[0m         
[36m(ClientAppActor pid=953235)[0m 
[36m(ClientAppActor pid=953235)[0m         
[36m(ClientAppActor pid=953233)[0m 
[36m(ClientAppActor pid=953233)[0m         
[92mINFO [0m:      aggregate_fit: received 5 results and 0 failures
[92mINFO [0m:      fit progress: (3, 1.9512012470245361, {'accuracy': 0.3517, 'loss': 1.9512012470245361}, 60.60233831201913)
[92mINFO [0m:      configure_evaluate: strategy sampled 5 clients (out of 5)
[36m(ClientAppActor pid=953236)[0m 
[36m(ClientAppActor pid=953236)[0m         
[36m(ClientAppActor pid=953236)[0m [93mWARNING [0m:   DEPRECATED FEATURE: `client_fn` now expects a signature `def client_fn(context: Context)`.The provided `client_fn` has signature: {'cid': <Parameter "cid: str">}. You can import the `Context` like this: `from flwr.app import Context`[32m [repeated 10x across cluster][0m
[36m(ClientAppActor pid=953236)[0m             This is a deprecated feature. It will be removed[32m [repeated 10x across cluster][0m
[36m(ClientAppActor pid=953236)[0m             entirely in future versions of Flower.[32m [repeated 10x across cluster][0m
[36m(ClientAppActor pid=953237)[0m 
[36m(ClientAppActor pid=953237)[0m         
[36m(ClientAppActor pid=953233)[0m 
[36m(ClientAppActor pid=953233)[0m         
[36m(ClientAppActor pid=953235)[0m 
[36m(ClientAppActor pid=953235)[0m         
[36m(ClientAppActor pid=953234)[0m 
[36m(ClientAppActor pid=953234)[0m         
[92mINFO [0m:      aggregate_evaluate: received 5 results and 0 failures
[92mINFO [0m:      
[92mINFO [0m:      [ROUND 4]
[92mINFO [0m:      configure_fit: strategy sampled 5 clients (out of 5)
[36m(ClientAppActor pid=953234)[0m 
[36m(ClientAppActor pid=953234)[0m         
[36m(ClientAppActor pid=953233)[0m 
[36m(ClientAppActor pid=953233)[0m         
[36m(ClientAppActor pid=953235)[0m 
[36m(ClientAppActor pid=953235)[0m         
[36m(ClientAppActor pid=953237)[0m 
[36m(ClientAppActor pid=953237)[0m         
[36m(ClientAppActor pid=953236)[0m 
[36m(ClientAppActor pid=953236)[0m         
[92mINFO [0m:      aggregate_fit: received 5 results and 0 failures
[92mINFO [0m:      fit progress: (4, 1.7960136589050293, {'accuracy': 0.3986, 'loss': 1.7960136589050293}, 80.37857090798207)
[92mINFO [0m:      configure_evaluate: strategy sampled 5 clients (out of 5)
[36m(ClientAppActor pid=953233)[0m 
[36m(ClientAppActor pid=953233)[0m         
[36m(ClientAppActor pid=953233)[0m [93mWARNING [0m:   DEPRECATED FEATURE: `client_fn` now expects a signature `def client_fn(context: Context)`.The provided `client_fn` has signature: {'cid': <Parameter "cid: str">}. You can import the `Context` like this: `from flwr.app import Context`[32m [repeated 10x across cluster][0m
[36m(ClientAppActor pid=953233)[0m             This is a deprecated feature. It will be removed[32m [repeated 10x across cluster][0m
[36m(ClientAppActor pid=953233)[0m             entirely in future versions of Flower.[32m [repeated 10x across cluster][0m
[36m(ClientAppActor pid=953236)[0m 
[36m(ClientAppActor pid=953236)[0m         
[36m(ClientAppActor pid=953237)[0m 
[36m(ClientAppActor pid=953237)[0m         
[36m(ClientAppActor pid=953234)[0m 
[36m(ClientAppActor pid=953234)[0m         
[36m(ClientAppActor pid=953235)[0m 
[36m(ClientAppActor pid=953235)[0m         
[92mINFO [0m:      aggregate_evaluate: received 5 results and 0 failures
[92mINFO [0m:      
[92mINFO [0m:      [ROUND 5]
[92mINFO [0m:      configure_fit: strategy sampled 5 clients (out of 5)
[36m(ClientAppActor pid=953235)[0m 
[36m(ClientAppActor pid=953235)[0m         
[36m(ClientAppActor pid=953234)[0m 
[36m(ClientAppActor pid=953234)[0m         
[36m(ClientAppActor pid=953237)[0m 
[36m(ClientAppActor pid=953237)[0m         
[36m(ClientAppActor pid=953236)[0m 
[36m(ClientAppActor pid=953236)[0m         
[36m(ClientAppActor pid=953233)[0m 
[36m(ClientAppActor pid=953233)[0m         
[92mINFO [0m:      aggregate_fit: received 5 results and 0 failures
[92mINFO [0m:      fit progress: (5, 1.7255778633117675, {'accuracy': 0.4082, 'loss': 1.7255778633117675}, 100.39265616500052)
[92mINFO [0m:      configure_evaluate: strategy sampled 5 clients (out of 5)
[36m(ClientAppActor pid=953237)[0m 
[36m(ClientAppActor pid=953237)[0m         
[36m(ClientAppActor pid=953237)[0m [93mWARNING [0m:   DEPRECATED FEATURE: `client_fn` now expects a signature `def client_fn(context: Context)`.The provided `client_fn` has signature: {'cid': <Parameter "cid: str">}. You can import the `Context` like this: `from flwr.app import Context`[32m [repeated 10x across cluster][0m
[36m(ClientAppActor pid=953237)[0m             This is a deprecated feature. It will be removed[32m [repeated 10x across cluster][0m
[36m(ClientAppActor pid=953237)[0m             entirely in future versions of Flower.[32m [repeated 10x across cluster][0m
[36m(ClientAppActor pid=953235)[0m 
[36m(ClientAppActor pid=953235)[0m         
[36m(ClientAppActor pid=953236)[0m 
[36m(ClientAppActor pid=953236)[0m         
[36m(ClientAppActor pid=953234)[0m 
[36m(ClientAppActor pid=953234)[0m         
[36m(ClientAppActor pid=953233)[0m 
[36m(ClientAppActor pid=953233)[0m         
[92mINFO [0m:      aggregate_evaluate: received 5 results and 0 failures
[92mINFO [0m:      
[92mINFO [0m:      [ROUND 6]
[92mINFO [0m:      configure_fit: strategy sampled 5 clients (out of 5)
[36m(ClientAppActor pid=953233)[0m 
[36m(ClientAppActor pid=953233)[0m         
[36m(ClientAppActor pid=953234)[0m 
[36m(ClientAppActor pid=953234)[0m         
[36m(ClientAppActor pid=953236)[0m 
[36m(ClientAppActor pid=953236)[0m         
[36m(ClientAppActor pid=953235)[0m 
[36m(ClientAppActor pid=953235)[0m         
[36m(ClientAppActor pid=953237)[0m 
[36m(ClientAppActor pid=953237)[0m         
[92mINFO [0m:      aggregate_fit: received 5 results and 0 failures
[92mINFO [0m:      fit progress: (6, 1.64778631439209, {'accuracy': 0.4345, 'loss': 1.64778631439209}, 120.30977170198457)
[92mINFO [0m:      configure_evaluate: strategy sampled 5 clients (out of 5)
[36m(ClientAppActor pid=953237)[0m 
[36m(ClientAppActor pid=953237)[0m         
[36m(ClientAppActor pid=953237)[0m [93mWARNING [0m:   DEPRECATED FEATURE: `client_fn` now expects a signature `def client_fn(context: Context)`.The provided `client_fn` has signature: {'cid': <Parameter "cid: str">}. You can import the `Context` like this: `from flwr.app import Context`[32m [repeated 10x across cluster][0m
[36m(ClientAppActor pid=953237)[0m             This is a deprecated feature. It will be removed[32m [repeated 10x across cluster][0m
[36m(ClientAppActor pid=953237)[0m             entirely in future versions of Flower.[32m [repeated 10x across cluster][0m
[36m(ClientAppActor pid=953235)[0m 
[36m(ClientAppActor pid=953235)[0m         
[36m(ClientAppActor pid=953234)[0m 
[36m(ClientAppActor pid=953234)[0m         
[36m(ClientAppActor pid=953233)[0m 
[36m(ClientAppActor pid=953233)[0m         
[36m(ClientAppActor pid=953236)[0m 
[36m(ClientAppActor pid=953236)[0m         
[92mINFO [0m:      aggregate_evaluate: received 5 results and 0 failures
[92mINFO [0m:      
[92mINFO [0m:      [ROUND 7]
[92mINFO [0m:      configure_fit: strategy sampled 5 clients (out of 5)
[36m(ClientAppActor pid=953236)[0m 
[36m(ClientAppActor pid=953236)[0m         
[36m(ClientAppActor pid=953233)[0m 
[36m(ClientAppActor pid=953233)[0m         
[36m(ClientAppActor pid=953234)[0m 
[36m(ClientAppActor pid=953234)[0m         
[36m(ClientAppActor pid=953235)[0m 
[36m(ClientAppActor pid=953235)[0m         
[36m(ClientAppActor pid=953237)[0m 
[36m(ClientAppActor pid=953237)[0m         
[92mINFO [0m:      aggregate_fit: received 5 results and 0 failures
[92mINFO [0m:      fit progress: (7, 1.626846704864502, {'accuracy': 0.4552, 'loss': 1.626846704864502}, 140.39864098199178)
[92mINFO [0m:      configure_evaluate: strategy sampled 5 clients (out of 5)
[36m(ClientAppActor pid=953235)[0m 
[36m(ClientAppActor pid=953235)[0m         
[36m(ClientAppActor pid=953235)[0m [93mWARNING [0m:   DEPRECATED FEATURE: `client_fn` now expects a signature `def client_fn(context: Context)`.The provided `client_fn` has signature: {'cid': <Parameter "cid: str">}. You can import the `Context` like this: `from flwr.app import Context`[32m [repeated 10x across cluster][0m
[36m(ClientAppActor pid=953235)[0m             This is a deprecated feature. It will be removed[32m [repeated 10x across cluster][0m
[36m(ClientAppActor pid=953235)[0m             entirely in future versions of Flower.[32m [repeated 10x across cluster][0m
[36m(ClientAppActor pid=953237)[0m 
[36m(ClientAppActor pid=953237)[0m         
[36m(ClientAppActor pid=953233)[0m 
[36m(ClientAppActor pid=953233)[0m         
[36m(ClientAppActor pid=953234)[0m 
[36m(ClientAppActor pid=953234)[0m         
[36m(ClientAppActor pid=953236)[0m 
[36m(ClientAppActor pid=953236)[0m         
[92mINFO [0m:      aggregate_evaluate: received 5 results and 0 failures
[92mINFO [0m:      
[92mINFO [0m:      [ROUND 8]
[92mINFO [0m:      configure_fit: strategy sampled 5 clients (out of 5)
[36m(ClientAppActor pid=953236)[0m 
[36m(ClientAppActor pid=953236)[0m         
[36m(ClientAppActor pid=953234)[0m 
[36m(ClientAppActor pid=953234)[0m         
[36m(ClientAppActor pid=953233)[0m 
[36m(ClientAppActor pid=953233)[0m         
[36m(ClientAppActor pid=953237)[0m 
[36m(ClientAppActor pid=953237)[0m         
[36m(ClientAppActor pid=953235)[0m 
[36m(ClientAppActor pid=953235)[0m         
[92mINFO [0m:      aggregate_fit: received 5 results and 0 failures
[92mINFO [0m:      fit progress: (8, 1.621535453414917, {'accuracy': 0.454, 'loss': 1.621535453414917}, 161.03943837800762)
[92mINFO [0m:      configure_evaluate: strategy sampled 5 clients (out of 5)
[36m(ClientAppActor pid=953235)[0m 
[36m(ClientAppActor pid=953235)[0m         
[36m(ClientAppActor pid=953235)[0m [93mWARNING [0m:   DEPRECATED FEATURE: `client_fn` now expects a signature `def client_fn(context: Context)`.The provided `client_fn` has signature: {'cid': <Parameter "cid: str">}. You can import the `Context` like this: `from flwr.app import Context`[32m [repeated 10x across cluster][0m
[36m(ClientAppActor pid=953235)[0m             This is a deprecated feature. It will be removed[32m [repeated 10x across cluster][0m
[36m(ClientAppActor pid=953235)[0m             entirely in future versions of Flower.[32m [repeated 10x across cluster][0m
[36m(ClientAppActor pid=953236)[0m 
[36m(ClientAppActor pid=953236)[0m         
[36m(ClientAppActor pid=953233)[0m 
[36m(ClientAppActor pid=953233)[0m         
[36m(ClientAppActor pid=953234)[0m 
[36m(ClientAppActor pid=953234)[0m         
[36m(ClientAppActor pid=953237)[0m 
[36m(ClientAppActor pid=953237)[0m         
[92mINFO [0m:      aggregate_evaluate: received 5 results and 0 failures
[92mINFO [0m:      
[92mINFO [0m:      [ROUND 9]
[92mINFO [0m:      configure_fit: strategy sampled 5 clients (out of 5)
[36m(ClientAppActor pid=953237)[0m 
[36m(ClientAppActor pid=953237)[0m         
[36m(ClientAppActor pid=953233)[0m 
[36m(ClientAppActor pid=953233)[0m         
[36m(ClientAppActor pid=953234)[0m 
[36m(ClientAppActor pid=953234)[0m         
[36m(ClientAppActor pid=953236)[0m 
[36m(ClientAppActor pid=953236)[0m         
[36m(ClientAppActor pid=953235)[0m 
[36m(ClientAppActor pid=953235)[0m         
[92mINFO [0m:      aggregate_fit: received 5 results and 0 failures
[92mINFO [0m:      fit progress: (9, 1.492794276046753, {'accuracy': 0.4956, 'loss': 1.492794276046753}, 180.95668856002158)
[92mINFO [0m:      configure_evaluate: strategy sampled 5 clients (out of 5)
[36m(ClientAppActor pid=953234)[0m 
[36m(ClientAppActor pid=953234)[0m         
[36m(ClientAppActor pid=953234)[0m [93mWARNING [0m:   DEPRECATED FEATURE: `client_fn` now expects a signature `def client_fn(context: Context)`.The provided `client_fn` has signature: {'cid': <Parameter "cid: str">}. You can import the `Context` like this: `from flwr.app import Context`[32m [repeated 10x across cluster][0m
[36m(ClientAppActor pid=953234)[0m             This is a deprecated feature. It will be removed[32m [repeated 10x across cluster][0m
[36m(ClientAppActor pid=953234)[0m             entirely in future versions of Flower.[32m [repeated 10x across cluster][0m
[36m(ClientAppActor pid=953236)[0m 
[36m(ClientAppActor pid=953236)[0m         
[36m(ClientAppActor pid=953233)[0m 
[36m(ClientAppActor pid=953233)[0m         
[36m(ClientAppActor pid=953235)[0m 
[36m(ClientAppActor pid=953235)[0m         
[36m(ClientAppActor pid=953237)[0m 
[36m(ClientAppActor pid=953237)[0m         
[92mINFO [0m:      aggregate_evaluate: received 5 results and 0 failures
[92mINFO [0m:      
[92mINFO [0m:      [ROUND 10]
[92mINFO [0m:      configure_fit: strategy sampled 5 clients (out of 5)
[36m(ClientAppActor pid=953237)[0m 
[36m(ClientAppActor pid=953237)[0m         
[36m(ClientAppActor pid=953235)[0m 
[36m(ClientAppActor pid=953235)[0m         
[36m(ClientAppActor pid=953233)[0m 
[36m(ClientAppActor pid=953233)[0m         
[36m(ClientAppActor pid=953236)[0m 
[36m(ClientAppActor pid=953236)[0m         
[36m(ClientAppActor pid=953234)[0m 
[36m(ClientAppActor pid=953234)[0m         
[92mINFO [0m:      aggregate_fit: received 5 results and 0 failures
[92mINFO [0m:      fit progress: (10, 1.507068341445923, {'accuracy': 0.4954, 'loss': 1.507068341445923}, 201.6642626079847)
[92mINFO [0m:      configure_evaluate: strategy sampled 5 clients (out of 5)
[36m(ClientAppActor pid=953234)[0m 
[36m(ClientAppActor pid=953234)[0m         
[36m(ClientAppActor pid=953234)[0m [93mWARNING [0m:   DEPRECATED FEATURE: `client_fn` now expects a signature `def client_fn(context: Context)`.The provided `client_fn` has signature: {'cid': <Parameter "cid: str">}. You can import the `Context` like this: `from flwr.app import Context`[32m [repeated 10x across cluster][0m
[36m(ClientAppActor pid=953234)[0m             This is a deprecated feature. It will be removed[32m [repeated 10x across cluster][0m
[36m(ClientAppActor pid=953234)[0m             entirely in future versions of Flower.[32m [repeated 10x across cluster][0m
[36m(ClientAppActor pid=953236)[0m 
[36m(ClientAppActor pid=953236)[0m         
[36m(ClientAppActor pid=953235)[0m 
[36m(ClientAppActor pid=953235)[0m         
[36m(ClientAppActor pid=953237)[0m 
[36m(ClientAppActor pid=953237)[0m         
[36m(ClientAppActor pid=953233)[0m 
[36m(ClientAppActor pid=953233)[0m         
[92mINFO [0m:      aggregate_evaluate: received 5 results and 0 failures
[92mINFO [0m:      
[92mINFO [0m:      [SUMMARY]
[92mINFO [0m:      Run finished 10 round(s) in 202.45s
[92mINFO [0m:      	History (loss, distributed):
[92mINFO [0m:      		round 1: 2.2846837637303756
[92mINFO [0m:      		round 2: 2.16771921847662
[92mINFO [0m:      		round 3: 1.952004463858239
[92mINFO [0m:      		round 4: 1.7939781420751406
[92mINFO [0m:      		round 5: 1.7149123536698312
[92mINFO [0m:      		round 6: 1.6461251217924835
[92mINFO [0m:      		round 7: 1.6311636844145576
[92mINFO [0m:      		round 8: 1.619991203737612
[92mINFO [0m:      		round 9: 1.495376797575986
[92mINFO [0m:      		round 10: 1.5007812896561141
[92mINFO [0m:      	History (loss, centralized):
[92mINFO [0m:      		round 0: 2.303898740386963
[92mINFO [0m:      		round 1: 2.2856950233459474
[92mINFO [0m:      		round 2: 2.1663681716918943
[92mINFO [0m:      		round 3: 1.9512012470245361
[92mINFO [0m:      		round 4: 1.7960136589050293
[92mINFO [0m:      		round 5: 1.7255778633117675
[92mINFO [0m:      		round 6: 1.64778631439209
[92mINFO [0m:      		round 7: 1.626846704864502
[92mINFO [0m:      		round 8: 1.621535453414917
[92mINFO [0m:      		round 9: 1.492794276046753
[92mINFO [0m:      		round 10: 1.507068341445923
[92mINFO [0m:      	History (metrics, distributed, fit):
[92mINFO [0m:      	{'avg_flops_per_client_round': [(1, 8140805084160.0),
[92mINFO [0m:      	                                (2, 8140805084160.0),
[92mINFO [0m:      	                                (3, 8140805084160.0),
[92mINFO [0m:      	                                (4, 8140805084160.0),
[92mINFO [0m:      	                                (5, 8140805084160.0),
[92mINFO [0m:      	                                (6, 8140805084160.0),
[92mINFO [0m:      	                                (7, 8140805084160.0),
[92mINFO [0m:      	                                (8, 8140805084160.0),
[92mINFO [0m:      	                                (9, 8140805084160.0),
[92mINFO [0m:      	                                (10, 8140805084160.0)],
[92mINFO [0m:      	 'total_flops_round': [(1, 40704025420800),
[92mINFO [0m:      	                       (2, 40704025420800),
[92mINFO [0m:      	                       (3, 40704025420800),
[92mINFO [0m:      	                       (4, 40704025420800),
[92mINFO [0m:      	                       (5, 40704025420800),
[92mINFO [0m:      	                       (6, 40704025420800),
[92mINFO [0m:      	                       (7, 40704025420800),
[92mINFO [0m:      	                       (8, 40704025420800),
[92mINFO [0m:      	                       (9, 40704025420800),
[92mINFO [0m:      	                       (10, 40704025420800)]}
[92mINFO [0m:      	History (metrics, distributed, evaluate):
[92mINFO [0m:      	{'accuracy': [(1, 0.1566940164098459),
[92mINFO [0m:      	              (2, 0.239143486091655),
[92mINFO [0m:      	              (3, 0.3548128877326396),
[92mINFO [0m:      	              (4, 0.40004002401440864),
[92mINFO [0m:      	              (5, 0.419851911146688),
[92mINFO [0m:      	              (6, 0.43866319791875125),
[92mINFO [0m:      	              (7, 0.4630778467080248),
[92mINFO [0m:      	              (8, 0.4554732839703822),
[92mINFO [0m:      	              (9, 0.49869921953171903),
[92mINFO [0m:      	              (10, 0.5019011406844106)],
[92mINFO [0m:      	 'loss': [(1, 2.2846837637303756),
[92mINFO [0m:      	          (2, 2.16771921847662),
[92mINFO [0m:      	          (3, 1.952004463858239),
[92mINFO [0m:      	          (4, 1.7939781420751406),
[92mINFO [0m:      	          (5, 1.7149123536698312),
[92mINFO [0m:      	          (6, 1.6461251217924835),
[92mINFO [0m:      	          (7, 1.6311636844145576),
[92mINFO [0m:      	          (8, 1.619991203737612),
[92mINFO [0m:      	          (9, 1.495376797575986),
[92mINFO [0m:      	          (10, 1.5007812896561141)]}
[92mINFO [0m:      	History (metrics, centralized):
[92mINFO [0m:      	{'accuracy': [(0, 0.1),
[92mINFO [0m:      	              (1, 0.1566),
[92mINFO [0m:      	              (2, 0.2421),
[92mINFO [0m:      	              (3, 0.3517),
[92mINFO [0m:      	              (4, 0.3986),
[92mINFO [0m:      	              (5, 0.4082),
[92mINFO [0m:      	              (6, 0.4345),
[92mINFO [0m:      	              (7, 0.4552),
[92mINFO [0m:      	              (8, 0.454),
[92mINFO [0m:      	              (9, 0.4956),
[92mINFO [0m:      	              (10, 0.4954)],
[92mINFO [0m:      	 'loss': [(0, 2.303898740386963),
[92mINFO [0m:      	          (1, 2.2856950233459474),
[92mINFO [0m:      	          (2, 2.1663681716918943),
[92mINFO [0m:      	          (3, 1.9512012470245361),
[92mINFO [0m:      	          (4, 1.7960136589050293),
[92mINFO [0m:      	          (5, 1.7255778633117675),
[92mINFO [0m:      	          (6, 1.64778631439209),
[92mINFO [0m:      	          (7, 1.626846704864502),
[92mINFO [0m:      	          (8, 1.621535453414917),
[92mINFO [0m:      	          (9, 1.492794276046753),
[92mINFO [0m:      	          (10, 1.507068341445923)]}
[92mINFO [0m:      
Treinando no dispositivo: cuda:0 com o dataset: CIFAR10 | Setup clientes: 5 (num_gpus por cliente=0.2) | SEED=49 | Método: FedProx (mu=0.01)
FLOPS por amostra (forward): 6.030e+07 | (forward+backward, 3x): 1.809e+08
Files already downloaded and verified
Files already downloaded and verified
Dividindo o dataset usando a distribuição de Dirichlet com alpha=0.01.
Iniciando a simulação de Aprendizado Federado...
=== Diagnóstico de Medição de GPU ===
  pynvml_disponivel: True
  pynvml_versao: 580.173.02
  gpus_detectadas: 1
  leitura_potencia_ok: True
  potencia_atual_W: 113.857

--- Rodada 0 - Avaliação Centralizada (Servidor) ---
Loss (Servidor): 2.3039 | Acurácia (Servidor): 0.1000

--- Rodada 1 - Avaliação Centralizada (Servidor) ---
Loss (Servidor): 2.2857 | Acurácia (Servidor): 0.1566
--- Avaliação Agregada (Clientes) ---
Loss Média (Clientes): 2.2847 | Acurácia Média (Clientes): 0.1567

--- Rodada 2 - Avaliação Centralizada (Servidor) ---
Loss (Servidor): 2.1664 | Acurácia (Servidor): 0.2421
--- Avaliação Agregada (Clientes) ---
Loss Média (Clientes): 2.1677 | Acurácia Média (Clientes): 0.2391

--- Rodada 3 - Avaliação Centralizada (Servidor) ---
Loss (Servidor): 1.9512 | Acurácia (Servidor): 0.3517
--- Avaliação Agregada (Clientes) ---
Loss Média (Clientes): 1.9520 | Acurácia Média (Clientes): 0.3548

--- Rodada 4 - Avaliação Centralizada (Servidor) ---
Loss (Servidor): 1.7960 | Acurácia (Servidor): 0.3986
--- Avaliação Agregada (Clientes) ---
Loss Média (Clientes): 1.7940 | Acurácia Média (Clientes): 0.4000

--- Rodada 5 - Avaliação Centralizada (Servidor) ---
Loss (Servidor): 1.7256 | Acurácia (Servidor): 0.4082
--- Avaliação Agregada (Clientes) ---
Loss Média (Clientes): 1.7149 | Acurácia Média (Clientes): 0.4199

--- Rodada 6 - Avaliação Centralizada (Servidor) ---
Loss (Servidor): 1.6478 | Acurácia (Servidor): 0.4345
--- Avaliação Agregada (Clientes) ---
Loss Média (Clientes): 1.6461 | Acurácia Média (Clientes): 0.4387

--- Rodada 7 - Avaliação Centralizada (Servidor) ---
Loss (Servidor): 1.6268 | Acurácia (Servidor): 0.4552
--- Avaliação Agregada (Clientes) ---
Loss Média (Clientes): 1.6312 | Acurácia Média (Clientes): 0.4631

--- Rodada 8 - Avaliação Centralizada (Servidor) ---
Loss (Servidor): 1.6215 | Acurácia (Servidor): 0.4540
--- Avaliação Agregada (Clientes) ---
Loss Média (Clientes): 1.6200 | Acurácia Média (Clientes): 0.4555

--- Rodada 9 - Avaliação Centralizada (Servidor) ---
Loss (Servidor): 1.4928 | Acurácia (Servidor): 0.4956
--- Avaliação Agregada (Clientes) ---
Loss Média (Clientes): 1.4954 | Acurácia Média (Clientes): 0.4987

--- Rodada 10 - Avaliação Centralizada (Servidor) ---
Loss (Servidor): 1.5071 | Acurácia (Servidor): 0.4954
--- Avaliação Agregada (Clientes) ---
Loss Média (Clientes): 1.5008 | Acurácia Média (Clientes): 0.5019

Resultados salvos em: /home/tiago/GitHubProjects/fedhad-thesis-2/FedProx-results/1.1_diagnostico_drift/CIFAR10/FedProx__CIFAR10__Setup-5__Clients-5__Rounds-10__Delay-0_05__Alpha-0_01__Seed-49.txt
[36m(ClientAppActor pid=953233)[0m [93mWARNING [0m:   DEPRECATED FEATURE: `client_fn` now expects a signature `def client_fn(context: Context)`.The provided `client_fn` has signature: {'cid': <Parameter "cid: str">}. You can import the `Context` like this: `from flwr.app import Context`[32m [repeated 4x across cluster][0m
[36m(ClientAppActor pid=953233)[0m             This is a deprecated feature. It will be removed[32m [repeated 4x across cluster][0m
[36m(ClientAppActor pid=953233)[0m             entirely in future versions of Flower.[32m [repeated 4x across cluster][0m
