[codecarbon WARNING @ 14:42:31] Multiple instances of codecarbon are allowed to run at the same time.
[93mWARNING [0m:   DEPRECATED FEATURE: flwr.simulation.start_simulation() is deprecated.
	Instead, use the `flwr run` CLI command to start a local simulation in your Flower app, as shown for example below:

		$ flwr new  # Create a new Flower app from a template

		$ flwr run  # Run the Flower app in Simulation Mode

	Using `start_simulation()` is deprecated.

            This is a deprecated feature. It will be removed
            entirely in future versions of Flower.
        
[92mINFO [0m:      Starting Flower simulation, config: num_rounds=10, no round_timeout
2026-09-04 14:42:39,561	INFO worker.py:2012 -- Started a local Ray instance.
/home/tiago/GitHubProjects/fedhad-thesis-2/env_flwr_pt/lib/python3.12/site-packages/ray/_private/worker.py:2051: FutureWarning: Tip: In future versions of Ray, Ray will no longer override accelerator visible devices env var if num_gpus=0 or num_gpus=None (default). To enable this behavior and turn off this error message, set RAY_ACCEL_ENV_VAR_OVERRIDE_ON_ZERO=0
  warnings.warn(
[92mINFO [0m:      Flower VCE: Ray initialized with resources: {'node:10.129.64.100': 1.0, 'accelerator_type:A40': 1.0, 'memory': 180912395060.0, 'node:__internal_head__': 1.0, 'CPU': 64.0, 'object_store_memory': 77533883596.0, 'GPU': 1.0}
[92mINFO [0m:      Optimize your simulation with Flower VCE: https://flower.ai/docs/framework/how-to-run-simulations.html
/home/tiago/GitHubProjects/fedhad-thesis-2/FedProx_Final.py:1601: UserWarning: No `num_cpus` specified in `client_resources`. Using `num_cpus=1` for each client.
  history = fl.simulation.start_simulation(
[92mINFO [0m:      Flower VCE: Resources for each Virtual Client: {'num_gpus': 0.2, 'num_cpus': 1}
[92mINFO [0m:      Flower VCE: Creating VirtualClientEngineActorPool with 5 actors
[92mINFO [0m:      [INIT]
[92mINFO [0m:      Requesting initial parameters from one random client
[36m(ClientAppActor pid=772062)[0m [93mWARNING [0m:   DEPRECATED FEATURE: `client_fn` now expects a signature `def client_fn(context: Context)`.The provided `client_fn` has signature: {'cid': <Parameter "cid: str">}. You can import the `Context` like this: `from flwr.app import Context`
[36m(ClientAppActor pid=772062)[0m 
[36m(ClientAppActor pid=772062)[0m             This is a deprecated feature. It will be removed
[36m(ClientAppActor pid=772062)[0m             entirely in future versions of Flower.
[36m(ClientAppActor pid=772062)[0m         
[92mINFO [0m:      Received initial parameters from one random client
[92mINFO [0m:      Starting evaluation of initial global parameters
[92mINFO [0m:      initial parameters (loss, other metrics): 2.3030542747497558, {'accuracy': 0.1, 'loss': 2.3030542747497558}
[92mINFO [0m:      
[92mINFO [0m:      [ROUND 1]
[92mINFO [0m:      configure_fit: strategy sampled 5 clients (out of 5)
[36m(ClientAppActor pid=772062)[0m [93mWARNING [0m:   DEPRECATED FEATURE: `client_fn` now expects a signature `def client_fn(context: Context)`.The provided `client_fn` has signature: {'cid': <Parameter "cid: str">}. You can import the `Context` like this: `from flwr.app import Context`
[36m(ClientAppActor pid=772062)[0m 
[36m(ClientAppActor pid=772062)[0m             This is a deprecated feature. It will be removed
[36m(ClientAppActor pid=772062)[0m             entirely in future versions of Flower.
[36m(ClientAppActor pid=772062)[0m         
[36m(ClientAppActor pid=772059)[0m 
[36m(ClientAppActor pid=772059)[0m         
[36m(ClientAppActor pid=772060)[0m 
[36m(ClientAppActor pid=772060)[0m         
[36m(ClientAppActor pid=772061)[0m 
[36m(ClientAppActor pid=772061)[0m         
[36m(ClientAppActor pid=772058)[0m 
[36m(ClientAppActor pid=772058)[0m         
[92mINFO [0m:      aggregate_fit: received 5 results and 0 failures
[92mINFO [0m:      fit progress: (1, 2.256975931930542, {'accuracy': 0.1069, 'loss': 2.256975931930542}, 19.20288127794629)
[92mINFO [0m:      configure_evaluate: strategy sampled 5 clients (out of 5)
[36m(ClientAppActor pid=772061)[0m 
[36m(ClientAppActor pid=772061)[0m         
[36m(ClientAppActor pid=772061)[0m [93mWARNING [0m:   DEPRECATED FEATURE: `client_fn` now expects a signature `def client_fn(context: Context)`.The provided `client_fn` has signature: {'cid': <Parameter "cid: str">}. You can import the `Context` like this: `from flwr.app import Context`[32m [repeated 5x across cluster] (Ray deduplicates logs by default. Set RAY_DEDUP_LOGS=0 to disable log deduplication, or see https://docs.ray.io/en/master/ray-observability/user-guides/configure-logging.html#log-deduplication for more options.)[0m
[36m(ClientAppActor pid=772061)[0m             This is a deprecated feature. It will be removed[32m [repeated 5x across cluster][0m
[36m(ClientAppActor pid=772061)[0m             entirely in future versions of Flower.[32m [repeated 5x across cluster][0m
[36m(ClientAppActor pid=772060)[0m 
[36m(ClientAppActor pid=772060)[0m         
[36m(ClientAppActor pid=772059)[0m 
[36m(ClientAppActor pid=772059)[0m         
[36m(ClientAppActor pid=772062)[0m 
[36m(ClientAppActor pid=772062)[0m         
[36m(ClientAppActor pid=772058)[0m 
[36m(ClientAppActor pid=772058)[0m         
[92mINFO [0m:      aggregate_evaluate: received 5 results and 0 failures
[92mINFO [0m:      
[92mINFO [0m:      [ROUND 2]
[92mINFO [0m:      configure_fit: strategy sampled 5 clients (out of 5)
[36m(ClientAppActor pid=772058)[0m 
[36m(ClientAppActor pid=772058)[0m         
[36m(ClientAppActor pid=772062)[0m 
[36m(ClientAppActor pid=772062)[0m         
[36m(ClientAppActor pid=772059)[0m 
[36m(ClientAppActor pid=772059)[0m         
[36m(ClientAppActor pid=772060)[0m 
[36m(ClientAppActor pid=772060)[0m         
[36m(ClientAppActor pid=772061)[0m 
[36m(ClientAppActor pid=772061)[0m         
[92mINFO [0m:      aggregate_fit: received 5 results and 0 failures
[92mINFO [0m:      fit progress: (2, 1.4717034847259522, {'accuracy': 0.5532, 'loss': 1.4717034847259522}, 37.31092543597333)
[92mINFO [0m:      configure_evaluate: strategy sampled 5 clients (out of 5)
[36m(ClientAppActor pid=772060)[0m 
[36m(ClientAppActor pid=772060)[0m         
[36m(ClientAppActor pid=772060)[0m [93mWARNING [0m:   DEPRECATED FEATURE: `client_fn` now expects a signature `def client_fn(context: Context)`.The provided `client_fn` has signature: {'cid': <Parameter "cid: str">}. You can import the `Context` like this: `from flwr.app import Context`[32m [repeated 10x across cluster][0m
[36m(ClientAppActor pid=772060)[0m             This is a deprecated feature. It will be removed[32m [repeated 10x across cluster][0m
[36m(ClientAppActor pid=772060)[0m             entirely in future versions of Flower.[32m [repeated 10x across cluster][0m
[36m(ClientAppActor pid=772061)[0m 
[36m(ClientAppActor pid=772061)[0m         
[36m(ClientAppActor pid=772059)[0m 
[36m(ClientAppActor pid=772059)[0m         
[36m(ClientAppActor pid=772058)[0m 
[36m(ClientAppActor pid=772058)[0m         
[36m(ClientAppActor pid=772062)[0m 
[36m(ClientAppActor pid=772062)[0m         
[92mINFO [0m:      aggregate_evaluate: received 5 results and 0 failures
[92mINFO [0m:      
[92mINFO [0m:      [ROUND 3]
[92mINFO [0m:      configure_fit: strategy sampled 5 clients (out of 5)
[36m(ClientAppActor pid=772062)[0m 
[36m(ClientAppActor pid=772062)[0m         
[36m(ClientAppActor pid=772058)[0m 
[36m(ClientAppActor pid=772058)[0m         
[36m(ClientAppActor pid=772059)[0m 
[36m(ClientAppActor pid=772059)[0m         
[36m(ClientAppActor pid=772061)[0m 
[36m(ClientAppActor pid=772061)[0m         
[36m(ClientAppActor pid=772060)[0m 
[36m(ClientAppActor pid=772060)[0m         
[92mINFO [0m:      aggregate_fit: received 5 results and 0 failures
[92mINFO [0m:      fit progress: (3, 0.8740520536422729, {'accuracy': 0.7054, 'loss': 0.8740520536422729}, 55.57019910396775)
[92mINFO [0m:      configure_evaluate: strategy sampled 5 clients (out of 5)
[36m(ClientAppActor pid=772060)[0m 
[36m(ClientAppActor pid=772060)[0m         
[36m(ClientAppActor pid=772060)[0m [93mWARNING [0m:   DEPRECATED FEATURE: `client_fn` now expects a signature `def client_fn(context: Context)`.The provided `client_fn` has signature: {'cid': <Parameter "cid: str">}. You can import the `Context` like this: `from flwr.app import Context`[32m [repeated 10x across cluster][0m
[36m(ClientAppActor pid=772060)[0m             This is a deprecated feature. It will be removed[32m [repeated 10x across cluster][0m
[36m(ClientAppActor pid=772060)[0m             entirely in future versions of Flower.[32m [repeated 10x across cluster][0m
[36m(ClientAppActor pid=772062)[0m 
[36m(ClientAppActor pid=772062)[0m         
[36m(ClientAppActor pid=772059)[0m 
[36m(ClientAppActor pid=772059)[0m         
[36m(ClientAppActor pid=772058)[0m 
[36m(ClientAppActor pid=772058)[0m         
[36m(ClientAppActor pid=772061)[0m 
[36m(ClientAppActor pid=772061)[0m         
[92mINFO [0m:      aggregate_evaluate: received 5 results and 0 failures
[92mINFO [0m:      
[92mINFO [0m:      [ROUND 4]
[92mINFO [0m:      configure_fit: strategy sampled 5 clients (out of 5)
[36m(ClientAppActor pid=772061)[0m 
[36m(ClientAppActor pid=772061)[0m         
[36m(ClientAppActor pid=772058)[0m 
[36m(ClientAppActor pid=772058)[0m         
[36m(ClientAppActor pid=772059)[0m 
[36m(ClientAppActor pid=772059)[0m         
[36m(ClientAppActor pid=772062)[0m 
[36m(ClientAppActor pid=772062)[0m         
[36m(ClientAppActor pid=772060)[0m 
[36m(ClientAppActor pid=772060)[0m         
[92mINFO [0m:      aggregate_fit: received 5 results and 0 failures
[92mINFO [0m:      fit progress: (4, 0.709949645614624, {'accuracy': 0.7568, 'loss': 0.709949645614624}, 73.13181070395513)
[92mINFO [0m:      configure_evaluate: strategy sampled 5 clients (out of 5)
[36m(ClientAppActor pid=772061)[0m 
[36m(ClientAppActor pid=772061)[0m         
[36m(ClientAppActor pid=772061)[0m [93mWARNING [0m:   DEPRECATED FEATURE: `client_fn` now expects a signature `def client_fn(context: Context)`.The provided `client_fn` has signature: {'cid': <Parameter "cid: str">}. You can import the `Context` like this: `from flwr.app import Context`[32m [repeated 10x across cluster][0m
[36m(ClientAppActor pid=772061)[0m             This is a deprecated feature. It will be removed[32m [repeated 10x across cluster][0m
[36m(ClientAppActor pid=772061)[0m             entirely in future versions of Flower.[32m [repeated 10x across cluster][0m
[36m(ClientAppActor pid=772058)[0m 
[36m(ClientAppActor pid=772058)[0m         
[36m(ClientAppActor pid=772062)[0m 
[36m(ClientAppActor pid=772062)[0m         
[36m(ClientAppActor pid=772059)[0m 
[36m(ClientAppActor pid=772059)[0m         
[36m(ClientAppActor pid=772060)[0m 
[36m(ClientAppActor pid=772060)[0m         
[92mINFO [0m:      aggregate_evaluate: received 5 results and 0 failures
[92mINFO [0m:      
[92mINFO [0m:      [ROUND 5]
[92mINFO [0m:      configure_fit: strategy sampled 5 clients (out of 5)
[36m(ClientAppActor pid=772060)[0m 
[36m(ClientAppActor pid=772060)[0m         
[36m(ClientAppActor pid=772059)[0m 
[36m(ClientAppActor pid=772059)[0m         
[36m(ClientAppActor pid=772062)[0m 
[36m(ClientAppActor pid=772062)[0m         
[36m(ClientAppActor pid=772058)[0m 
[36m(ClientAppActor pid=772058)[0m         
[36m(ClientAppActor pid=772061)[0m 
[36m(ClientAppActor pid=772061)[0m         
[92mINFO [0m:      aggregate_fit: received 5 results and 0 failures
[92mINFO [0m:      fit progress: (5, 0.6522982208251953, {'accuracy': 0.778, 'loss': 0.6522982208251953}, 90.75640017399564)
[92mINFO [0m:      configure_evaluate: strategy sampled 5 clients (out of 5)
[36m(ClientAppActor pid=772060)[0m 
[36m(ClientAppActor pid=772060)[0m         
[36m(ClientAppActor pid=772060)[0m [93mWARNING [0m:   DEPRECATED FEATURE: `client_fn` now expects a signature `def client_fn(context: Context)`.The provided `client_fn` has signature: {'cid': <Parameter "cid: str">}. You can import the `Context` like this: `from flwr.app import Context`[32m [repeated 10x across cluster][0m
[36m(ClientAppActor pid=772060)[0m             This is a deprecated feature. It will be removed[32m [repeated 10x across cluster][0m
[36m(ClientAppActor pid=772060)[0m             entirely in future versions of Flower.[32m [repeated 10x across cluster][0m
[36m(ClientAppActor pid=772061)[0m 
[36m(ClientAppActor pid=772061)[0m         
[36m(ClientAppActor pid=772058)[0m 
[36m(ClientAppActor pid=772058)[0m         
[36m(ClientAppActor pid=772059)[0m 
[36m(ClientAppActor pid=772059)[0m         
[36m(ClientAppActor pid=772062)[0m 
[36m(ClientAppActor pid=772062)[0m         
[92mINFO [0m:      aggregate_evaluate: received 5 results and 0 failures
[92mINFO [0m:      
[92mINFO [0m:      [ROUND 6]
[92mINFO [0m:      configure_fit: strategy sampled 5 clients (out of 5)
[36m(ClientAppActor pid=772062)[0m 
[36m(ClientAppActor pid=772062)[0m         
[36m(ClientAppActor pid=772059)[0m 
[36m(ClientAppActor pid=772059)[0m         
[36m(ClientAppActor pid=772061)[0m 
[36m(ClientAppActor pid=772061)[0m         
[36m(ClientAppActor pid=772058)[0m 
[36m(ClientAppActor pid=772058)[0m         
[36m(ClientAppActor pid=772060)[0m 
[36m(ClientAppActor pid=772060)[0m         
[92mINFO [0m:      aggregate_fit: received 5 results and 0 failures
[92mINFO [0m:      fit progress: (6, 0.6116050042152404, {'accuracy': 0.793, 'loss': 0.6116050042152404}, 109.02916229999391)
[92mINFO [0m:      configure_evaluate: strategy sampled 5 clients (out of 5)
[36m(ClientAppActor pid=772060)[0m 
[36m(ClientAppActor pid=772060)[0m         
[36m(ClientAppActor pid=772060)[0m [93mWARNING [0m:   DEPRECATED FEATURE: `client_fn` now expects a signature `def client_fn(context: Context)`.The provided `client_fn` has signature: {'cid': <Parameter "cid: str">}. You can import the `Context` like this: `from flwr.app import Context`[32m [repeated 10x across cluster][0m
[36m(ClientAppActor pid=772060)[0m             This is a deprecated feature. It will be removed[32m [repeated 10x across cluster][0m
[36m(ClientAppActor pid=772060)[0m             entirely in future versions of Flower.[32m [repeated 10x across cluster][0m
[36m(ClientAppActor pid=772059)[0m 
[36m(ClientAppActor pid=772059)[0m         
[36m(ClientAppActor pid=772058)[0m 
[36m(ClientAppActor pid=772058)[0m         
[36m(ClientAppActor pid=772061)[0m 
[36m(ClientAppActor pid=772061)[0m         
[36m(ClientAppActor pid=772062)[0m 
[36m(ClientAppActor pid=772062)[0m         
[92mINFO [0m:      aggregate_evaluate: received 5 results and 0 failures
[92mINFO [0m:      
[92mINFO [0m:      [ROUND 7]
[92mINFO [0m:      configure_fit: strategy sampled 5 clients (out of 5)
[36m(ClientAppActor pid=772062)[0m 
[36m(ClientAppActor pid=772062)[0m         
[36m(ClientAppActor pid=772061)[0m 
[36m(ClientAppActor pid=772061)[0m         
[36m(ClientAppActor pid=772059)[0m 
[36m(ClientAppActor pid=772059)[0m         
[36m(ClientAppActor pid=772058)[0m 
[36m(ClientAppActor pid=772058)[0m         
[36m(ClientAppActor pid=772060)[0m 
[36m(ClientAppActor pid=772060)[0m         
[92mINFO [0m:      aggregate_fit: received 5 results and 0 failures
[92mINFO [0m:      fit progress: (7, 0.5713220252513885, {'accuracy': 0.813, 'loss': 0.5713220252513885}, 126.68405772995902)
[92mINFO [0m:      configure_evaluate: strategy sampled 5 clients (out of 5)
[36m(ClientAppActor pid=772059)[0m 
[36m(ClientAppActor pid=772059)[0m         
[36m(ClientAppActor pid=772059)[0m [93mWARNING [0m:   DEPRECATED FEATURE: `client_fn` now expects a signature `def client_fn(context: Context)`.The provided `client_fn` has signature: {'cid': <Parameter "cid: str">}. You can import the `Context` like this: `from flwr.app import Context`[32m [repeated 10x across cluster][0m
[36m(ClientAppActor pid=772059)[0m             This is a deprecated feature. It will be removed[32m [repeated 10x across cluster][0m
[36m(ClientAppActor pid=772059)[0m             entirely in future versions of Flower.[32m [repeated 10x across cluster][0m
[36m(ClientAppActor pid=772060)[0m 
[36m(ClientAppActor pid=772060)[0m         
[36m(ClientAppActor pid=772058)[0m 
[36m(ClientAppActor pid=772058)[0m         
[36m(ClientAppActor pid=772062)[0m 
[36m(ClientAppActor pid=772062)[0m         
[36m(ClientAppActor pid=772061)[0m 
[36m(ClientAppActor pid=772061)[0m         
[92mINFO [0m:      aggregate_evaluate: received 5 results and 0 failures
[92mINFO [0m:      
[92mINFO [0m:      [ROUND 8]
[92mINFO [0m:      configure_fit: strategy sampled 5 clients (out of 5)
[36m(ClientAppActor pid=772061)[0m 
[36m(ClientAppActor pid=772061)[0m         
[36m(ClientAppActor pid=772062)[0m 
[36m(ClientAppActor pid=772062)[0m         
[36m(ClientAppActor pid=772060)[0m 
[36m(ClientAppActor pid=772060)[0m         
[36m(ClientAppActor pid=772058)[0m 
[36m(ClientAppActor pid=772058)[0m         
[36m(ClientAppActor pid=772059)[0m 
[36m(ClientAppActor pid=772059)[0m         
[92mINFO [0m:      aggregate_fit: received 5 results and 0 failures
[92mINFO [0m:      fit progress: (8, 0.5751016591072082, {'accuracy': 0.815, 'loss': 0.5751016591072082}, 143.93349064298673)
[92mINFO [0m:      configure_evaluate: strategy sampled 5 clients (out of 5)
[36m(ClientAppActor pid=772062)[0m 
[36m(ClientAppActor pid=772062)[0m         
[36m(ClientAppActor pid=772062)[0m [93mWARNING [0m:   DEPRECATED FEATURE: `client_fn` now expects a signature `def client_fn(context: Context)`.The provided `client_fn` has signature: {'cid': <Parameter "cid: str">}. You can import the `Context` like this: `from flwr.app import Context`[32m [repeated 10x across cluster][0m
[36m(ClientAppActor pid=772062)[0m             This is a deprecated feature. It will be removed[32m [repeated 10x across cluster][0m
[36m(ClientAppActor pid=772062)[0m             entirely in future versions of Flower.[32m [repeated 10x across cluster][0m
[36m(ClientAppActor pid=772059)[0m 
[36m(ClientAppActor pid=772059)[0m         
[36m(ClientAppActor pid=772058)[0m 
[36m(ClientAppActor pid=772058)[0m         
[36m(ClientAppActor pid=772061)[0m 
[36m(ClientAppActor pid=772061)[0m         
[36m(ClientAppActor pid=772060)[0m 
[36m(ClientAppActor pid=772060)[0m         
[92mINFO [0m:      aggregate_evaluate: received 5 results and 0 failures
[92mINFO [0m:      
[92mINFO [0m:      [ROUND 9]
[92mINFO [0m:      configure_fit: strategy sampled 5 clients (out of 5)
[36m(ClientAppActor pid=772060)[0m 
[36m(ClientAppActor pid=772060)[0m         
[36m(ClientAppActor pid=772061)[0m 
[36m(ClientAppActor pid=772061)[0m         
[36m(ClientAppActor pid=772059)[0m 
[36m(ClientAppActor pid=772059)[0m         
[36m(ClientAppActor pid=772058)[0m 
[36m(ClientAppActor pid=772058)[0m         
[36m(ClientAppActor pid=772062)[0m 
[36m(ClientAppActor pid=772062)[0m         
[92mINFO [0m:      aggregate_fit: received 5 results and 0 failures
[92mINFO [0m:      fit progress: (9, 0.5752744446277619, {'accuracy': 0.8151, 'loss': 0.5752744446277619}, 161.70949121995363)
[92mINFO [0m:      configure_evaluate: strategy sampled 5 clients (out of 5)
[36m(ClientAppActor pid=772059)[0m 
[36m(ClientAppActor pid=772059)[0m         
[36m(ClientAppActor pid=772059)[0m [93mWARNING [0m:   DEPRECATED FEATURE: `client_fn` now expects a signature `def client_fn(context: Context)`.The provided `client_fn` has signature: {'cid': <Parameter "cid: str">}. You can import the `Context` like this: `from flwr.app import Context`[32m [repeated 10x across cluster][0m
[36m(ClientAppActor pid=772059)[0m             This is a deprecated feature. It will be removed[32m [repeated 10x across cluster][0m
[36m(ClientAppActor pid=772059)[0m             entirely in future versions of Flower.[32m [repeated 10x across cluster][0m
[36m(ClientAppActor pid=772062)[0m 
[36m(ClientAppActor pid=772062)[0m         
[36m(ClientAppActor pid=772058)[0m 
[36m(ClientAppActor pid=772058)[0m         
[36m(ClientAppActor pid=772060)[0m 
[36m(ClientAppActor pid=772060)[0m         
[36m(ClientAppActor pid=772061)[0m 
[36m(ClientAppActor pid=772061)[0m         
[92mINFO [0m:      aggregate_evaluate: received 5 results and 0 failures
[92mINFO [0m:      
[92mINFO [0m:      [ROUND 10]
[92mINFO [0m:      configure_fit: strategy sampled 5 clients (out of 5)
[36m(ClientAppActor pid=772061)[0m 
[36m(ClientAppActor pid=772061)[0m         
[36m(ClientAppActor pid=772060)[0m 
[36m(ClientAppActor pid=772060)[0m         
[36m(ClientAppActor pid=772062)[0m 
[36m(ClientAppActor pid=772062)[0m         
[36m(ClientAppActor pid=772058)[0m 
[36m(ClientAppActor pid=772058)[0m         
[36m(ClientAppActor pid=772059)[0m 
[36m(ClientAppActor pid=772059)[0m         
[92mINFO [0m:      aggregate_fit: received 5 results and 0 failures
[92mINFO [0m:      fit progress: (10, 0.5825245741128922, {'accuracy': 0.8207, 'loss': 0.5825245741128922}, 179.4688263119897)
[92mINFO [0m:      configure_evaluate: strategy sampled 5 clients (out of 5)
[36m(ClientAppActor pid=772062)[0m 
[36m(ClientAppActor pid=772062)[0m         
[36m(ClientAppActor pid=772062)[0m [93mWARNING [0m:   DEPRECATED FEATURE: `client_fn` now expects a signature `def client_fn(context: Context)`.The provided `client_fn` has signature: {'cid': <Parameter "cid: str">}. You can import the `Context` like this: `from flwr.app import Context`[32m [repeated 10x across cluster][0m
[36m(ClientAppActor pid=772062)[0m             This is a deprecated feature. It will be removed[32m [repeated 10x across cluster][0m
[36m(ClientAppActor pid=772062)[0m             entirely in future versions of Flower.[32m [repeated 10x across cluster][0m
[36m(ClientAppActor pid=772058)[0m 
[36m(ClientAppActor pid=772058)[0m         
[36m(ClientAppActor pid=772059)[0m 
[36m(ClientAppActor pid=772059)[0m         
[36m(ClientAppActor pid=772061)[0m 
[36m(ClientAppActor pid=772061)[0m         
[36m(ClientAppActor pid=772060)[0m 
[36m(ClientAppActor pid=772060)[0m         
[92mINFO [0m:      aggregate_evaluate: received 5 results and 0 failures
[92mINFO [0m:      
[92mINFO [0m:      [SUMMARY]
[92mINFO [0m:      Run finished 10 round(s) in 180.29s
[92mINFO [0m:      	History (loss, distributed):
[92mINFO [0m:      		round 1: 2.25665596987353
[92mINFO [0m:      		round 2: 1.4696221802534224
[92mINFO [0m:      		round 3: 0.8647757282211523
[92mINFO [0m:      		round 4: 0.6957913993232819
[92mINFO [0m:      		round 5: 0.6325330531247715
[92mINFO [0m:      		round 6: 0.6009585903446917
[92mINFO [0m:      		round 7: 0.562309618840287
[92mINFO [0m:      		round 8: 0.5541834097479333
[92mINFO [0m:      		round 9: 0.5545863764179425
[92mINFO [0m:      		round 10: 0.5652663436665738
[92mINFO [0m:      	History (loss, centralized):
[92mINFO [0m:      		round 0: 2.3030542747497558
[92mINFO [0m:      		round 1: 2.256975931930542
[92mINFO [0m:      		round 2: 1.4717034847259522
[92mINFO [0m:      		round 3: 0.8740520536422729
[92mINFO [0m:      		round 4: 0.709949645614624
[92mINFO [0m:      		round 5: 0.6522982208251953
[92mINFO [0m:      		round 6: 0.6116050042152404
[92mINFO [0m:      		round 7: 0.5713220252513885
[92mINFO [0m:      		round 8: 0.5751016591072082
[92mINFO [0m:      		round 9: 0.5752744446277619
[92mINFO [0m:      		round 10: 0.5825245741128922
[92mINFO [0m:      	History (metrics, distributed, fit):
[92mINFO [0m:      	{'avg_flops_per_client_round': [(1, 8140624189440.0),
[92mINFO [0m:      	                                (2, 8140624189440.0),
[92mINFO [0m:      	                                (3, 8140624189440.0),
[92mINFO [0m:      	                                (4, 8140624189440.0),
[92mINFO [0m:      	                                (5, 8140624189440.0),
[92mINFO [0m:      	                                (6, 8140624189440.0),
[92mINFO [0m:      	                                (7, 8140624189440.0),
[92mINFO [0m:      	                                (8, 8140624189440.0),
[92mINFO [0m:      	                                (9, 8140624189440.0),
[92mINFO [0m:      	                                (10, 8140624189440.0)],
[92mINFO [0m:      	 'total_flops_round': [(1, 40703120947200),
[92mINFO [0m:      	                       (2, 40703120947200),
[92mINFO [0m:      	                       (3, 40703120947200),
[92mINFO [0m:      	                       (4, 40703120947200),
[92mINFO [0m:      	                       (5, 40703120947200),
[92mINFO [0m:      	                       (6, 40703120947200),
[92mINFO [0m:      	                       (7, 40703120947200),
[92mINFO [0m:      	                       (8, 40703120947200),
[92mINFO [0m:      	                       (9, 40703120947200),
[92mINFO [0m:      	                       (10, 40703120947200)]}
[92mINFO [0m:      	History (metrics, distributed, evaluate):
[92mINFO [0m:      	{'accuracy': [(1, 0.11064425770308123),
[92mINFO [0m:      	              (2, 0.5444177671068428),
[92mINFO [0m:      	              (3, 0.7102841136454582),
[92mINFO [0m:      	              (4, 0.7619047619047619),
[92mINFO [0m:      	              (5, 0.7825130052020808),
[92mINFO [0m:      	              (6, 0.7933173269307723),
[92mINFO [0m:      	              (7, 0.8111244497799119),
[92mINFO [0m:      	              (8, 0.8195278111244498),
[92mINFO [0m:      	              (9, 0.818327330932373),
[92mINFO [0m:      	              (10, 0.8227290916366546)],
[92mINFO [0m:      	 'loss': [(1, 2.25665596987353),
[92mINFO [0m:      	          (2, 1.4696221802534224),
[92mINFO [0m:      	          (3, 0.8647757282211523),
[92mINFO [0m:      	          (4, 0.6957913993232819),
[92mINFO [0m:      	          (5, 0.6325330531247715),
[92mINFO [0m:      	          (6, 0.6009585903446917),
[92mINFO [0m:      	          (7, 0.562309618840287),
[92mINFO [0m:      	          (8, 0.5541834097479333),
[92mINFO [0m:      	          (9, 0.5545863764179425),
[92mINFO [0m:      	          (10, 0.5652663436665738)]}
[92mINFO [0m:      	History (metrics, centralized):
[92mINFO [0m:      	{'accuracy': [(0, 0.1),
[92mINFO [0m:      	              (1, 0.1069),
[92mINFO [0m:      	              (2, 0.5532),
[92mINFO [0m:      	              (3, 0.7054),
[92mINFO [0m:      	              (4, 0.7568),
[92mINFO [0m:      	              (5, 0.778),
[92mINFO [0m:      	              (6, 0.793),
[92mINFO [0m:      	              (7, 0.813),
[92mINFO [0m:      	              (8, 0.815),
[92mINFO [0m:      	              (9, 0.8151),
[92mINFO [0m:      	              (10, 0.8207)],
[92mINFO [0m:      	 'loss': [(0, 2.3030542747497558),
[92mINFO [0m:      	          (1, 2.256975931930542),
[92mINFO [0m:      	          (2, 1.4717034847259522),
[92mINFO [0m:      	          (3, 0.8740520536422729),
[92mINFO [0m:      	          (4, 0.709949645614624),
[92mINFO [0m:      	          (5, 0.6522982208251953),
[92mINFO [0m:      	          (6, 0.6116050042152404),
[92mINFO [0m:      	          (7, 0.5713220252513885),
[92mINFO [0m:      	          (8, 0.5751016591072082),
[92mINFO [0m:      	          (9, 0.5752744446277619),
[92mINFO [0m:      	          (10, 0.5825245741128922)]}
[92mINFO [0m:      
Treinando no dispositivo: cuda:0 com o dataset: CIFAR10 | Setup clientes: 5 (num_gpus por cliente=0.2) | SEED=48 | Método: FedProx (mu=0.01)
FLOPS por amostra (forward): 6.030e+07 | (forward+backward, 3x): 1.809e+08
Files already downloaded and verified
Files already downloaded and verified
Dividindo o dataset usando a distribuição de Dirichlet com alpha=1.0.
Iniciando a simulação de Aprendizado Federado...
=== Diagnóstico de Medição de GPU ===
  pynvml_disponivel: True
  pynvml_versao: 580.173.02
  gpus_detectadas: 1
  leitura_potencia_ok: True
  potencia_atual_W: 115.285

--- Rodada 0 - Avaliação Centralizada (Servidor) ---
Loss (Servidor): 2.3031 | Acurácia (Servidor): 0.1000

--- Rodada 1 - Avaliação Centralizada (Servidor) ---
Loss (Servidor): 2.2570 | Acurácia (Servidor): 0.1069
--- Avaliação Agregada (Clientes) ---
Loss Média (Clientes): 2.2567 | Acurácia Média (Clientes): 0.1106

--- Rodada 2 - Avaliação Centralizada (Servidor) ---
Loss (Servidor): 1.4717 | Acurácia (Servidor): 0.5532
--- Avaliação Agregada (Clientes) ---
Loss Média (Clientes): 1.4696 | Acurácia Média (Clientes): 0.5444

--- Rodada 3 - Avaliação Centralizada (Servidor) ---
Loss (Servidor): 0.8741 | Acurácia (Servidor): 0.7054
--- Avaliação Agregada (Clientes) ---
Loss Média (Clientes): 0.8648 | Acurácia Média (Clientes): 0.7103

--- Rodada 4 - Avaliação Centralizada (Servidor) ---
Loss (Servidor): 0.7099 | Acurácia (Servidor): 0.7568
--- Avaliação Agregada (Clientes) ---
Loss Média (Clientes): 0.6958 | Acurácia Média (Clientes): 0.7619

--- Rodada 5 - Avaliação Centralizada (Servidor) ---
Loss (Servidor): 0.6523 | Acurácia (Servidor): 0.7780
--- Avaliação Agregada (Clientes) ---
Loss Média (Clientes): 0.6325 | Acurácia Média (Clientes): 0.7825

--- Rodada 6 - Avaliação Centralizada (Servidor) ---
Loss (Servidor): 0.6116 | Acurácia (Servidor): 0.7930
--- Avaliação Agregada (Clientes) ---
Loss Média (Clientes): 0.6010 | Acurácia Média (Clientes): 0.7933

--- Rodada 7 - Avaliação Centralizada (Servidor) ---
Loss (Servidor): 0.5713 | Acurácia (Servidor): 0.8130
--- Avaliação Agregada (Clientes) ---
Loss Média (Clientes): 0.5623 | Acurácia Média (Clientes): 0.8111

--- Rodada 8 - Avaliação Centralizada (Servidor) ---
Loss (Servidor): 0.5751 | Acurácia (Servidor): 0.8150
--- Avaliação Agregada (Clientes) ---
Loss Média (Clientes): 0.5542 | Acurácia Média (Clientes): 0.8195

--- Rodada 9 - Avaliação Centralizada (Servidor) ---
Loss (Servidor): 0.5753 | Acurácia (Servidor): 0.8151
--- Avaliação Agregada (Clientes) ---
Loss Média (Clientes): 0.5546 | Acurácia Média (Clientes): 0.8183

--- Rodada 10 - Avaliação Centralizada (Servidor) ---
Loss (Servidor): 0.5825 | Acurácia (Servidor): 0.8207
--- Avaliação Agregada (Clientes) ---
Loss Média (Clientes): 0.5653 | Acurácia Média (Clientes): 0.8227

Resultados salvos em: /home/tiago/GitHubProjects/fedhad-thesis-2/FedProx-results/1.1_diagnostico_drift/CIFAR10/FedProx__CIFAR10__Setup-5__Clients-5__Rounds-10__Delay-0_05__Alpha-1_0__Seed-48.txt
[36m(ClientAppActor pid=772060)[0m [93mWARNING [0m:   DEPRECATED FEATURE: `client_fn` now expects a signature `def client_fn(context: Context)`.The provided `client_fn` has signature: {'cid': <Parameter "cid: str">}. You can import the `Context` like this: `from flwr.app import Context`[32m [repeated 4x across cluster][0m
[36m(ClientAppActor pid=772060)[0m             This is a deprecated feature. It will be removed[32m [repeated 4x across cluster][0m
[36m(ClientAppActor pid=772060)[0m             entirely in future versions of Flower.[32m [repeated 4x across cluster][0m
