[codecarbon WARNING @ 14:35:25] Multiple instances of codecarbon are allowed to run at the same time.
[93mWARNING [0m:   DEPRECATED FEATURE: flwr.simulation.start_simulation() is deprecated.
	Instead, use the `flwr run` CLI command to start a local simulation in your Flower app, as shown for example below:

		$ flwr new  # Create a new Flower app from a template

		$ flwr run  # Run the Flower app in Simulation Mode

	Using `start_simulation()` is deprecated.

            This is a deprecated feature. It will be removed
            entirely in future versions of Flower.
        
[92mINFO [0m:      Starting Flower simulation, config: num_rounds=10, no round_timeout
2026-09-04 14:35:34,353	INFO worker.py:2012 -- Started a local Ray instance.
/home/tiago/GitHubProjects/fedhad-thesis-2/env_flwr_pt/lib/python3.12/site-packages/ray/_private/worker.py:2051: FutureWarning: Tip: In future versions of Ray, Ray will no longer override accelerator visible devices env var if num_gpus=0 or num_gpus=None (default). To enable this behavior and turn off this error message, set RAY_ACCEL_ENV_VAR_OVERRIDE_ON_ZERO=0
  warnings.warn(
[92mINFO [0m:      Flower VCE: Ray initialized with resources: {'accelerator_type:A40': 1.0, 'CPU': 64.0, 'object_store_memory': 77547174297.0, 'GPU': 1.0, 'node:10.129.64.100': 1.0, 'memory': 180943406695.0, 'node:__internal_head__': 1.0}
[92mINFO [0m:      Optimize your simulation with Flower VCE: https://flower.ai/docs/framework/how-to-run-simulations.html
/home/tiago/GitHubProjects/fedhad-thesis-2/FedProx_Final.py:1601: UserWarning: No `num_cpus` specified in `client_resources`. Using `num_cpus=1` for each client.
  history = fl.simulation.start_simulation(
[92mINFO [0m:      Flower VCE: Resources for each Virtual Client: {'num_gpus': 0.2, 'num_cpus': 1}
[92mINFO [0m:      Flower VCE: Creating VirtualClientEngineActorPool with 5 actors
[92mINFO [0m:      [INIT]
[92mINFO [0m:      Requesting initial parameters from one random client
[36m(ClientAppActor pid=755776)[0m [93mWARNING [0m:   DEPRECATED FEATURE: `client_fn` now expects a signature `def client_fn(context: Context)`.The provided `client_fn` has signature: {'cid': <Parameter "cid: str">}. You can import the `Context` like this: `from flwr.app import Context`
[36m(ClientAppActor pid=755776)[0m 
[36m(ClientAppActor pid=755776)[0m             This is a deprecated feature. It will be removed
[36m(ClientAppActor pid=755776)[0m             entirely in future versions of Flower.
[36m(ClientAppActor pid=755776)[0m         
[92mINFO [0m:      Received initial parameters from one random client
[92mINFO [0m:      Starting evaluation of initial global parameters
[92mINFO [0m:      initial parameters (loss, other metrics): 2.303143212890625, {'accuracy': 0.1, 'loss': 2.303143212890625}
[92mINFO [0m:      
[92mINFO [0m:      [ROUND 1]
[92mINFO [0m:      configure_fit: strategy sampled 5 clients (out of 5)
[36m(ClientAppActor pid=755776)[0m [93mWARNING [0m:   DEPRECATED FEATURE: `client_fn` now expects a signature `def client_fn(context: Context)`.The provided `client_fn` has signature: {'cid': <Parameter "cid: str">}. You can import the `Context` like this: `from flwr.app import Context`
[36m(ClientAppActor pid=755776)[0m 
[36m(ClientAppActor pid=755776)[0m             This is a deprecated feature. It will be removed
[36m(ClientAppActor pid=755776)[0m             entirely in future versions of Flower.
[36m(ClientAppActor pid=755776)[0m         
[36m(ClientAppActor pid=755774)[0m 
[36m(ClientAppActor pid=755774)[0m         
[36m(ClientAppActor pid=755775)[0m 
[36m(ClientAppActor pid=755775)[0m         
[36m(ClientAppActor pid=755772)[0m 
[36m(ClientAppActor pid=755772)[0m         
[36m(ClientAppActor pid=755773)[0m 
[36m(ClientAppActor pid=755773)[0m         
[92mINFO [0m:      aggregate_fit: received 5 results and 0 failures
[92mINFO [0m:      fit progress: (1, 2.285054494857788, {'accuracy': 0.1005, 'loss': 2.285054494857788}, 19.790708307991736)
[92mINFO [0m:      configure_evaluate: strategy sampled 5 clients (out of 5)
[36m(ClientAppActor pid=755773)[0m 
[36m(ClientAppActor pid=755773)[0m         
[36m(ClientAppActor pid=755773)[0m [93mWARNING [0m:   DEPRECATED FEATURE: `client_fn` now expects a signature `def client_fn(context: Context)`.The provided `client_fn` has signature: {'cid': <Parameter "cid: str">}. You can import the `Context` like this: `from flwr.app import Context`[32m [repeated 5x across cluster] (Ray deduplicates logs by default. Set RAY_DEDUP_LOGS=0 to disable log deduplication, or see https://docs.ray.io/en/master/ray-observability/user-guides/configure-logging.html#log-deduplication for more options.)[0m
[36m(ClientAppActor pid=755773)[0m             This is a deprecated feature. It will be removed[32m [repeated 5x across cluster][0m
[36m(ClientAppActor pid=755773)[0m             entirely in future versions of Flower.[32m [repeated 5x across cluster][0m
[36m(ClientAppActor pid=755772)[0m 
[36m(ClientAppActor pid=755772)[0m         
[36m(ClientAppActor pid=755774)[0m 
[36m(ClientAppActor pid=755774)[0m         
[36m(ClientAppActor pid=755775)[0m 
[36m(ClientAppActor pid=755775)[0m         
[36m(ClientAppActor pid=755776)[0m 
[36m(ClientAppActor pid=755776)[0m         
[92mINFO [0m:      aggregate_evaluate: received 5 results and 0 failures
[92mINFO [0m:      
[92mINFO [0m:      [ROUND 2]
[92mINFO [0m:      configure_fit: strategy sampled 5 clients (out of 5)
[36m(ClientAppActor pid=755776)[0m 
[36m(ClientAppActor pid=755776)[0m         
[36m(ClientAppActor pid=755775)[0m 
[36m(ClientAppActor pid=755775)[0m         
[36m(ClientAppActor pid=755774)[0m 
[36m(ClientAppActor pid=755774)[0m         
[36m(ClientAppActor pid=755772)[0m 
[36m(ClientAppActor pid=755772)[0m         
[36m(ClientAppActor pid=755773)[0m 
[36m(ClientAppActor pid=755773)[0m         
[92mINFO [0m:      aggregate_fit: received 5 results and 0 failures
[92mINFO [0m:      fit progress: (2, 1.457297960281372, {'accuracy': 0.5749, 'loss': 1.457297960281372}, 38.27987224998651)
[92mINFO [0m:      configure_evaluate: strategy sampled 5 clients (out of 5)
[36m(ClientAppActor pid=755776)[0m 
[36m(ClientAppActor pid=755776)[0m         
[36m(ClientAppActor pid=755776)[0m [93mWARNING [0m:   DEPRECATED FEATURE: `client_fn` now expects a signature `def client_fn(context: Context)`.The provided `client_fn` has signature: {'cid': <Parameter "cid: str">}. You can import the `Context` like this: `from flwr.app import Context`[32m [repeated 10x across cluster][0m
[36m(ClientAppActor pid=755776)[0m             This is a deprecated feature. It will be removed[32m [repeated 10x across cluster][0m
[36m(ClientAppActor pid=755776)[0m             entirely in future versions of Flower.[32m [repeated 10x across cluster][0m
[36m(ClientAppActor pid=755773)[0m 
[36m(ClientAppActor pid=755773)[0m         
[36m(ClientAppActor pid=755772)[0m 
[36m(ClientAppActor pid=755772)[0m         
[36m(ClientAppActor pid=755774)[0m 
[36m(ClientAppActor pid=755774)[0m         
[36m(ClientAppActor pid=755775)[0m 
[36m(ClientAppActor pid=755775)[0m         
[92mINFO [0m:      aggregate_evaluate: received 5 results and 0 failures
[92mINFO [0m:      
[92mINFO [0m:      [ROUND 3]
[92mINFO [0m:      configure_fit: strategy sampled 5 clients (out of 5)
[36m(ClientAppActor pid=755775)[0m 
[36m(ClientAppActor pid=755775)[0m         
[36m(ClientAppActor pid=755774)[0m 
[36m(ClientAppActor pid=755774)[0m         
[36m(ClientAppActor pid=755772)[0m 
[36m(ClientAppActor pid=755772)[0m         
[36m(ClientAppActor pid=755773)[0m 
[36m(ClientAppActor pid=755773)[0m         
[36m(ClientAppActor pid=755776)[0m 
[36m(ClientAppActor pid=755776)[0m         
[92mINFO [0m:      aggregate_fit: received 5 results and 0 failures
[92mINFO [0m:      fit progress: (3, 0.8628031257629395, {'accuracy': 0.7046, 'loss': 0.8628031257629395}, 56.981937130971346)
[92mINFO [0m:      configure_evaluate: strategy sampled 5 clients (out of 5)
[36m(ClientAppActor pid=755773)[0m 
[36m(ClientAppActor pid=755773)[0m         
[36m(ClientAppActor pid=755773)[0m [93mWARNING [0m:   DEPRECATED FEATURE: `client_fn` now expects a signature `def client_fn(context: Context)`.The provided `client_fn` has signature: {'cid': <Parameter "cid: str">}. You can import the `Context` like this: `from flwr.app import Context`[32m [repeated 10x across cluster][0m
[36m(ClientAppActor pid=755773)[0m             This is a deprecated feature. It will be removed[32m [repeated 10x across cluster][0m
[36m(ClientAppActor pid=755773)[0m             entirely in future versions of Flower.[32m [repeated 10x across cluster][0m
[36m(ClientAppActor pid=755776)[0m 
[36m(ClientAppActor pid=755776)[0m         
[36m(ClientAppActor pid=755774)[0m 
[36m(ClientAppActor pid=755774)[0m         
[36m(ClientAppActor pid=755772)[0m 
[36m(ClientAppActor pid=755772)[0m         
[36m(ClientAppActor pid=755775)[0m 
[36m(ClientAppActor pid=755775)[0m         
[92mINFO [0m:      aggregate_evaluate: received 5 results and 0 failures
[92mINFO [0m:      
[92mINFO [0m:      [ROUND 4]
[92mINFO [0m:      configure_fit: strategy sampled 5 clients (out of 5)
[36m(ClientAppActor pid=755775)[0m 
[36m(ClientAppActor pid=755775)[0m         
[36m(ClientAppActor pid=755772)[0m 
[36m(ClientAppActor pid=755772)[0m         
[36m(ClientAppActor pid=755776)[0m 
[36m(ClientAppActor pid=755776)[0m         
[36m(ClientAppActor pid=755774)[0m 
[36m(ClientAppActor pid=755774)[0m         
[36m(ClientAppActor pid=755773)[0m 
[36m(ClientAppActor pid=755773)[0m         
[92mINFO [0m:      aggregate_fit: received 5 results and 0 failures
[92mINFO [0m:      fit progress: (4, 0.7035900647163391, {'accuracy': 0.7613, 'loss': 0.7035900647163391}, 75.17415907396935)
[92mINFO [0m:      configure_evaluate: strategy sampled 5 clients (out of 5)
[36m(ClientAppActor pid=755775)[0m 
[36m(ClientAppActor pid=755775)[0m         
[36m(ClientAppActor pid=755775)[0m [93mWARNING [0m:   DEPRECATED FEATURE: `client_fn` now expects a signature `def client_fn(context: Context)`.The provided `client_fn` has signature: {'cid': <Parameter "cid: str">}. You can import the `Context` like this: `from flwr.app import Context`[32m [repeated 10x across cluster][0m
[36m(ClientAppActor pid=755775)[0m             This is a deprecated feature. It will be removed[32m [repeated 10x across cluster][0m
[36m(ClientAppActor pid=755775)[0m             entirely in future versions of Flower.[32m [repeated 10x across cluster][0m
[36m(ClientAppActor pid=755773)[0m 
[36m(ClientAppActor pid=755773)[0m         
[36m(ClientAppActor pid=755772)[0m 
[36m(ClientAppActor pid=755772)[0m         
[36m(ClientAppActor pid=755774)[0m 
[36m(ClientAppActor pid=755774)[0m         
[36m(ClientAppActor pid=755776)[0m 
[36m(ClientAppActor pid=755776)[0m         
[92mINFO [0m:      aggregate_evaluate: received 5 results and 0 failures
[92mINFO [0m:      
[92mINFO [0m:      [ROUND 5]
[92mINFO [0m:      configure_fit: strategy sampled 5 clients (out of 5)
[36m(ClientAppActor pid=755776)[0m 
[36m(ClientAppActor pid=755776)[0m         
[36m(ClientAppActor pid=755774)[0m 
[36m(ClientAppActor pid=755774)[0m         
[36m(ClientAppActor pid=755772)[0m 
[36m(ClientAppActor pid=755772)[0m         
[36m(ClientAppActor pid=755773)[0m 
[36m(ClientAppActor pid=755773)[0m         
[36m(ClientAppActor pid=755775)[0m 
[36m(ClientAppActor pid=755775)[0m         
[92mINFO [0m:      aggregate_fit: received 5 results and 0 failures
[92mINFO [0m:      fit progress: (5, 0.6382546468734741, {'accuracy': 0.7807, 'loss': 0.6382546468734741}, 93.5334491370013)
[92mINFO [0m:      configure_evaluate: strategy sampled 5 clients (out of 5)
[36m(ClientAppActor pid=755776)[0m 
[36m(ClientAppActor pid=755776)[0m         
[36m(ClientAppActor pid=755776)[0m [93mWARNING [0m:   DEPRECATED FEATURE: `client_fn` now expects a signature `def client_fn(context: Context)`.The provided `client_fn` has signature: {'cid': <Parameter "cid: str">}. You can import the `Context` like this: `from flwr.app import Context`[32m [repeated 10x across cluster][0m
[36m(ClientAppActor pid=755776)[0m             This is a deprecated feature. It will be removed[32m [repeated 10x across cluster][0m
[36m(ClientAppActor pid=755776)[0m             entirely in future versions of Flower.[32m [repeated 10x across cluster][0m
[36m(ClientAppActor pid=755773)[0m 
[36m(ClientAppActor pid=755773)[0m         
[36m(ClientAppActor pid=755774)[0m 
[36m(ClientAppActor pid=755774)[0m         
[36m(ClientAppActor pid=755775)[0m 
[36m(ClientAppActor pid=755775)[0m         
[36m(ClientAppActor pid=755772)[0m 
[36m(ClientAppActor pid=755772)[0m         
[92mINFO [0m:      aggregate_evaluate: received 5 results and 0 failures
[92mINFO [0m:      
[92mINFO [0m:      [ROUND 6]
[92mINFO [0m:      configure_fit: strategy sampled 5 clients (out of 5)
[36m(ClientAppActor pid=755772)[0m 
[36m(ClientAppActor pid=755772)[0m         
[36m(ClientAppActor pid=755775)[0m 
[36m(ClientAppActor pid=755775)[0m         
[36m(ClientAppActor pid=755774)[0m 
[36m(ClientAppActor pid=755774)[0m         
[36m(ClientAppActor pid=755773)[0m 
[36m(ClientAppActor pid=755773)[0m         
[36m(ClientAppActor pid=755776)[0m 
[36m(ClientAppActor pid=755776)[0m         
[92mINFO [0m:      aggregate_fit: received 5 results and 0 failures
[92mINFO [0m:      fit progress: (6, 0.6105742899894714, {'accuracy': 0.7966, 'loss': 0.6105742899894714}, 111.71431382396258)
[92mINFO [0m:      configure_evaluate: strategy sampled 5 clients (out of 5)
[36m(ClientAppActor pid=755772)[0m 
[36m(ClientAppActor pid=755772)[0m         
[36m(ClientAppActor pid=755772)[0m [93mWARNING [0m:   DEPRECATED FEATURE: `client_fn` now expects a signature `def client_fn(context: Context)`.The provided `client_fn` has signature: {'cid': <Parameter "cid: str">}. You can import the `Context` like this: `from flwr.app import Context`[32m [repeated 10x across cluster][0m
[36m(ClientAppActor pid=755772)[0m             This is a deprecated feature. It will be removed[32m [repeated 10x across cluster][0m
[36m(ClientAppActor pid=755772)[0m             entirely in future versions of Flower.[32m [repeated 10x across cluster][0m
[36m(ClientAppActor pid=755773)[0m 
[36m(ClientAppActor pid=755773)[0m         
[36m(ClientAppActor pid=755774)[0m 
[36m(ClientAppActor pid=755774)[0m         
[36m(ClientAppActor pid=755775)[0m 
[36m(ClientAppActor pid=755775)[0m         
[36m(ClientAppActor pid=755776)[0m 
[36m(ClientAppActor pid=755776)[0m         
[92mINFO [0m:      aggregate_evaluate: received 5 results and 0 failures
[92mINFO [0m:      
[92mINFO [0m:      [ROUND 7]
[92mINFO [0m:      configure_fit: strategy sampled 5 clients (out of 5)
[36m(ClientAppActor pid=755776)[0m 
[36m(ClientAppActor pid=755776)[0m         
[36m(ClientAppActor pid=755775)[0m 
[36m(ClientAppActor pid=755775)[0m         
[36m(ClientAppActor pid=755773)[0m 
[36m(ClientAppActor pid=755773)[0m         
[36m(ClientAppActor pid=755774)[0m 
[36m(ClientAppActor pid=755774)[0m         
[36m(ClientAppActor pid=755772)[0m 
[36m(ClientAppActor pid=755772)[0m         
[92mINFO [0m:      aggregate_fit: received 5 results and 0 failures
[92mINFO [0m:      fit progress: (7, 0.6001209688663482, {'accuracy': 0.803, 'loss': 0.6001209688663482}, 130.25796469300985)
[92mINFO [0m:      configure_evaluate: strategy sampled 5 clients (out of 5)
[36m(ClientAppActor pid=755775)[0m 
[36m(ClientAppActor pid=755775)[0m         
[36m(ClientAppActor pid=755775)[0m [93mWARNING [0m:   DEPRECATED FEATURE: `client_fn` now expects a signature `def client_fn(context: Context)`.The provided `client_fn` has signature: {'cid': <Parameter "cid: str">}. You can import the `Context` like this: `from flwr.app import Context`[32m [repeated 10x across cluster][0m
[36m(ClientAppActor pid=755775)[0m             This is a deprecated feature. It will be removed[32m [repeated 10x across cluster][0m
[36m(ClientAppActor pid=755775)[0m             entirely in future versions of Flower.[32m [repeated 10x across cluster][0m
[36m(ClientAppActor pid=755772)[0m 
[36m(ClientAppActor pid=755772)[0m         
[36m(ClientAppActor pid=755773)[0m 
[36m(ClientAppActor pid=755773)[0m         
[36m(ClientAppActor pid=755774)[0m 
[36m(ClientAppActor pid=755774)[0m         
[36m(ClientAppActor pid=755776)[0m 
[36m(ClientAppActor pid=755776)[0m         
[92mINFO [0m:      aggregate_evaluate: received 5 results and 0 failures
[92mINFO [0m:      
[92mINFO [0m:      [ROUND 8]
[92mINFO [0m:      configure_fit: strategy sampled 5 clients (out of 5)
[36m(ClientAppActor pid=755776)[0m 
[36m(ClientAppActor pid=755776)[0m         
[36m(ClientAppActor pid=755774)[0m 
[36m(ClientAppActor pid=755774)[0m         
[36m(ClientAppActor pid=755773)[0m 
[36m(ClientAppActor pid=755773)[0m         
[36m(ClientAppActor pid=755772)[0m 
[36m(ClientAppActor pid=755772)[0m         
[36m(ClientAppActor pid=755775)[0m 
[36m(ClientAppActor pid=755775)[0m         
[92mINFO [0m:      aggregate_fit: received 5 results and 0 failures
[92mINFO [0m:      fit progress: (8, 0.5878732614040375, {'accuracy': 0.8092, 'loss': 0.5878732614040375}, 148.53764014696935)
[92mINFO [0m:      configure_evaluate: strategy sampled 5 clients (out of 5)
[36m(ClientAppActor pid=755773)[0m 
[36m(ClientAppActor pid=755773)[0m         
[36m(ClientAppActor pid=755773)[0m [93mWARNING [0m:   DEPRECATED FEATURE: `client_fn` now expects a signature `def client_fn(context: Context)`.The provided `client_fn` has signature: {'cid': <Parameter "cid: str">}. You can import the `Context` like this: `from flwr.app import Context`[32m [repeated 10x across cluster][0m
[36m(ClientAppActor pid=755773)[0m             This is a deprecated feature. It will be removed[32m [repeated 10x across cluster][0m
[36m(ClientAppActor pid=755773)[0m             entirely in future versions of Flower.[32m [repeated 10x across cluster][0m
[36m(ClientAppActor pid=755774)[0m 
[36m(ClientAppActor pid=755774)[0m         
[36m(ClientAppActor pid=755775)[0m 
[36m(ClientAppActor pid=755775)[0m         
[36m(ClientAppActor pid=755772)[0m 
[36m(ClientAppActor pid=755772)[0m         
[36m(ClientAppActor pid=755776)[0m 
[36m(ClientAppActor pid=755776)[0m         
[92mINFO [0m:      aggregate_evaluate: received 5 results and 0 failures
[92mINFO [0m:      
[92mINFO [0m:      [ROUND 9]
[92mINFO [0m:      configure_fit: strategy sampled 5 clients (out of 5)
[36m(ClientAppActor pid=755776)[0m 
[36m(ClientAppActor pid=755776)[0m         
[36m(ClientAppActor pid=755772)[0m 
[36m(ClientAppActor pid=755772)[0m         
[36m(ClientAppActor pid=755774)[0m 
[36m(ClientAppActor pid=755774)[0m         
[36m(ClientAppActor pid=755775)[0m 
[36m(ClientAppActor pid=755775)[0m         
[36m(ClientAppActor pid=755773)[0m 
[36m(ClientAppActor pid=755773)[0m         
[92mINFO [0m:      aggregate_fit: received 5 results and 0 failures
[92mINFO [0m:      fit progress: (9, 0.5660003783226013, {'accuracy': 0.8182, 'loss': 0.5660003783226013}, 166.82820229796926)
[92mINFO [0m:      configure_evaluate: strategy sampled 5 clients (out of 5)
[36m(ClientAppActor pid=755774)[0m 
[36m(ClientAppActor pid=755774)[0m         
[36m(ClientAppActor pid=755774)[0m [93mWARNING [0m:   DEPRECATED FEATURE: `client_fn` now expects a signature `def client_fn(context: Context)`.The provided `client_fn` has signature: {'cid': <Parameter "cid: str">}. You can import the `Context` like this: `from flwr.app import Context`[32m [repeated 10x across cluster][0m
[36m(ClientAppActor pid=755774)[0m             This is a deprecated feature. It will be removed[32m [repeated 10x across cluster][0m
[36m(ClientAppActor pid=755774)[0m             entirely in future versions of Flower.[32m [repeated 10x across cluster][0m
[36m(ClientAppActor pid=755772)[0m 
[36m(ClientAppActor pid=755772)[0m         
[36m(ClientAppActor pid=755775)[0m 
[36m(ClientAppActor pid=755775)[0m         
[36m(ClientAppActor pid=755773)[0m 
[36m(ClientAppActor pid=755773)[0m         
[36m(ClientAppActor pid=755776)[0m 
[36m(ClientAppActor pid=755776)[0m         
[92mINFO [0m:      aggregate_evaluate: received 5 results and 0 failures
[92mINFO [0m:      
[92mINFO [0m:      [ROUND 10]
[92mINFO [0m:      configure_fit: strategy sampled 5 clients (out of 5)
[36m(ClientAppActor pid=755776)[0m 
[36m(ClientAppActor pid=755776)[0m         
[36m(ClientAppActor pid=755773)[0m 
[36m(ClientAppActor pid=755773)[0m         
[36m(ClientAppActor pid=755775)[0m 
[36m(ClientAppActor pid=755775)[0m         
[36m(ClientAppActor pid=755772)[0m 
[36m(ClientAppActor pid=755772)[0m         
[36m(ClientAppActor pid=755774)[0m 
[36m(ClientAppActor pid=755774)[0m         
[92mINFO [0m:      aggregate_fit: received 5 results and 0 failures
[92mINFO [0m:      fit progress: (10, 0.5845147934198379, {'accuracy': 0.8194, 'loss': 0.5845147934198379}, 185.41983687097672)
[92mINFO [0m:      configure_evaluate: strategy sampled 5 clients (out of 5)
[36m(ClientAppActor pid=755773)[0m 
[36m(ClientAppActor pid=755773)[0m         
[36m(ClientAppActor pid=755773)[0m [93mWARNING [0m:   DEPRECATED FEATURE: `client_fn` now expects a signature `def client_fn(context: Context)`.The provided `client_fn` has signature: {'cid': <Parameter "cid: str">}. You can import the `Context` like this: `from flwr.app import Context`[32m [repeated 10x across cluster][0m
[36m(ClientAppActor pid=755773)[0m             This is a deprecated feature. It will be removed[32m [repeated 10x across cluster][0m
[36m(ClientAppActor pid=755773)[0m             entirely in future versions of Flower.[32m [repeated 10x across cluster][0m
[36m(ClientAppActor pid=755775)[0m 
[36m(ClientAppActor pid=755775)[0m         
[36m(ClientAppActor pid=755776)[0m 
[36m(ClientAppActor pid=755776)[0m         
[36m(ClientAppActor pid=755772)[0m 
[36m(ClientAppActor pid=755772)[0m         
[36m(ClientAppActor pid=755774)[0m 
[36m(ClientAppActor pid=755774)[0m         
[92mINFO [0m:      aggregate_evaluate: received 5 results and 0 failures
[92mINFO [0m:      
[92mINFO [0m:      [SUMMARY]
[92mINFO [0m:      Run finished 10 round(s) in 186.22s
[92mINFO [0m:      	History (loss, distributed):
[92mINFO [0m:      		round 1: 2.2822273972989464
[92mINFO [0m:      		round 2: 1.4711403027445185
[92mINFO [0m:      		round 3: 0.8751943787487567
[92mINFO [0m:      		round 4: 0.7124257453707229
[92mINFO [0m:      		round 5: 0.6566079957883995
[92mINFO [0m:      		round 6: 0.6249318784024535
[92mINFO [0m:      		round 7: 0.611729589807076
[92mINFO [0m:      		round 8: 0.5941057624388524
[92mINFO [0m:      		round 9: 0.5699109308460371
[92mINFO [0m:      		round 10: 0.6089592098581548
[92mINFO [0m:      	History (loss, centralized):
[92mINFO [0m:      		round 0: 2.303143212890625
[92mINFO [0m:      		round 1: 2.285054494857788
[92mINFO [0m:      		round 2: 1.457297960281372
[92mINFO [0m:      		round 3: 0.8628031257629395
[92mINFO [0m:      		round 4: 0.7035900647163391
[92mINFO [0m:      		round 5: 0.6382546468734741
[92mINFO [0m:      		round 6: 0.6105742899894714
[92mINFO [0m:      		round 7: 0.6001209688663482
[92mINFO [0m:      		round 8: 0.5878732614040375
[92mINFO [0m:      		round 9: 0.5660003783226013
[92mINFO [0m:      		round 10: 0.5845147934198379
[92mINFO [0m:      	History (metrics, distributed, fit):
[92mINFO [0m:      	{'avg_flops_per_client_round': [(1, 8140624189440.0),
[92mINFO [0m:      	                                (2, 8140624189440.0),
[92mINFO [0m:      	                                (3, 8140624189440.0),
[92mINFO [0m:      	                                (4, 8140624189440.0),
[92mINFO [0m:      	                                (5, 8140624189440.0),
[92mINFO [0m:      	                                (6, 8140624189440.0),
[92mINFO [0m:      	                                (7, 8140624189440.0),
[92mINFO [0m:      	                                (8, 8140624189440.0),
[92mINFO [0m:      	                                (9, 8140624189440.0),
[92mINFO [0m:      	                                (10, 8140624189440.0)],
[92mINFO [0m:      	 'total_flops_round': [(1, 40703120947200),
[92mINFO [0m:      	                       (2, 40703120947200),
[92mINFO [0m:      	                       (3, 40703120947200),
[92mINFO [0m:      	                       (4, 40703120947200),
[92mINFO [0m:      	                       (5, 40703120947200),
[92mINFO [0m:      	                       (6, 40703120947200),
[92mINFO [0m:      	                       (7, 40703120947200),
[92mINFO [0m:      	                       (8, 40703120947200),
[92mINFO [0m:      	                       (9, 40703120947200),
[92mINFO [0m:      	                       (10, 40703120947200)]}
[92mINFO [0m:      	History (metrics, distributed, evaluate):
[92mINFO [0m:      	{'accuracy': [(1, 0.10744297719087635),
[92mINFO [0m:      	              (2, 0.5712284913965586),
[92mINFO [0m:      	              (3, 0.7030812324929971),
[92mINFO [0m:      	              (4, 0.7541016406562625),
[92mINFO [0m:      	              (5, 0.7693077230892357),
[92mINFO [0m:      	              (6, 0.7883153261304522),
[92mINFO [0m:      	              (7, 0.7941176470588235),
[92mINFO [0m:      	              (8, 0.8061224489795918),
[92mINFO [0m:      	              (9, 0.8143257302921169),
[92mINFO [0m:      	              (10, 0.8133253301320528)],
[92mINFO [0m:      	 'loss': [(1, 2.2822273972989464),
[92mINFO [0m:      	          (2, 1.4711403027445185),
[92mINFO [0m:      	          (3, 0.8751943787487567),
[92mINFO [0m:      	          (4, 0.7124257453707229),
[92mINFO [0m:      	          (5, 0.6566079957883995),
[92mINFO [0m:      	          (6, 0.6249318784024535),
[92mINFO [0m:      	          (7, 0.611729589807076),
[92mINFO [0m:      	          (8, 0.5941057624388524),
[92mINFO [0m:      	          (9, 0.5699109308460371),
[92mINFO [0m:      	          (10, 0.6089592098581548)]}
[92mINFO [0m:      	History (metrics, centralized):
[92mINFO [0m:      	{'accuracy': [(0, 0.1),
[92mINFO [0m:      	              (1, 0.1005),
[92mINFO [0m:      	              (2, 0.5749),
[92mINFO [0m:      	              (3, 0.7046),
[92mINFO [0m:      	              (4, 0.7613),
[92mINFO [0m:      	              (5, 0.7807),
[92mINFO [0m:      	              (6, 0.7966),
[92mINFO [0m:      	              (7, 0.803),
[92mINFO [0m:      	              (8, 0.8092),
[92mINFO [0m:      	              (9, 0.8182),
[92mINFO [0m:      	              (10, 0.8194)],
[92mINFO [0m:      	 'loss': [(0, 2.303143212890625),
[92mINFO [0m:      	          (1, 2.285054494857788),
[92mINFO [0m:      	          (2, 1.457297960281372),
[92mINFO [0m:      	          (3, 0.8628031257629395),
[92mINFO [0m:      	          (4, 0.7035900647163391),
[92mINFO [0m:      	          (5, 0.6382546468734741),
[92mINFO [0m:      	          (6, 0.6105742899894714),
[92mINFO [0m:      	          (7, 0.6001209688663482),
[92mINFO [0m:      	          (8, 0.5878732614040375),
[92mINFO [0m:      	          (9, 0.5660003783226013),
[92mINFO [0m:      	          (10, 0.5845147934198379)]}
[92mINFO [0m:      
Treinando no dispositivo: cuda:0 com o dataset: CIFAR10 | Setup clientes: 5 (num_gpus por cliente=0.2) | SEED=46 | Método: FedProx (mu=0.01)
FLOPS por amostra (forward): 6.030e+07 | (forward+backward, 3x): 1.809e+08
Files already downloaded and verified
Files already downloaded and verified
Dividindo o dataset usando a distribuição de Dirichlet com alpha=1.0.
Iniciando a simulação de Aprendizado Federado...
=== Diagnóstico de Medição de GPU ===
  pynvml_disponivel: True
  pynvml_versao: 580.173.02
  gpus_detectadas: 1
  leitura_potencia_ok: True
  potencia_atual_W: 114.759

--- Rodada 0 - Avaliação Centralizada (Servidor) ---
Loss (Servidor): 2.3031 | Acurácia (Servidor): 0.1000

--- Rodada 1 - Avaliação Centralizada (Servidor) ---
Loss (Servidor): 2.2851 | Acurácia (Servidor): 0.1005
--- Avaliação Agregada (Clientes) ---
Loss Média (Clientes): 2.2822 | Acurácia Média (Clientes): 0.1074

--- Rodada 2 - Avaliação Centralizada (Servidor) ---
Loss (Servidor): 1.4573 | Acurácia (Servidor): 0.5749
--- Avaliação Agregada (Clientes) ---
Loss Média (Clientes): 1.4711 | Acurácia Média (Clientes): 0.5712

--- Rodada 3 - Avaliação Centralizada (Servidor) ---
Loss (Servidor): 0.8628 | Acurácia (Servidor): 0.7046
--- Avaliação Agregada (Clientes) ---
Loss Média (Clientes): 0.8752 | Acurácia Média (Clientes): 0.7031

--- Rodada 4 - Avaliação Centralizada (Servidor) ---
Loss (Servidor): 0.7036 | Acurácia (Servidor): 0.7613
--- Avaliação Agregada (Clientes) ---
Loss Média (Clientes): 0.7124 | Acurácia Média (Clientes): 0.7541

--- Rodada 5 - Avaliação Centralizada (Servidor) ---
Loss (Servidor): 0.6383 | Acurácia (Servidor): 0.7807
--- Avaliação Agregada (Clientes) ---
Loss Média (Clientes): 0.6566 | Acurácia Média (Clientes): 0.7693

--- Rodada 6 - Avaliação Centralizada (Servidor) ---
Loss (Servidor): 0.6106 | Acurácia (Servidor): 0.7966
--- Avaliação Agregada (Clientes) ---
Loss Média (Clientes): 0.6249 | Acurácia Média (Clientes): 0.7883

--- Rodada 7 - Avaliação Centralizada (Servidor) ---
Loss (Servidor): 0.6001 | Acurácia (Servidor): 0.8030
--- Avaliação Agregada (Clientes) ---
Loss Média (Clientes): 0.6117 | Acurácia Média (Clientes): 0.7941

--- Rodada 8 - Avaliação Centralizada (Servidor) ---
Loss (Servidor): 0.5879 | Acurácia (Servidor): 0.8092
--- Avaliação Agregada (Clientes) ---
Loss Média (Clientes): 0.5941 | Acurácia Média (Clientes): 0.8061

--- Rodada 9 - Avaliação Centralizada (Servidor) ---
Loss (Servidor): 0.5660 | Acurácia (Servidor): 0.8182
--- Avaliação Agregada (Clientes) ---
Loss Média (Clientes): 0.5699 | Acurácia Média (Clientes): 0.8143

--- Rodada 10 - Avaliação Centralizada (Servidor) ---
Loss (Servidor): 0.5845 | Acurácia (Servidor): 0.8194
--- Avaliação Agregada (Clientes) ---
Loss Média (Clientes): 0.6090 | Acurácia Média (Clientes): 0.8133

Resultados salvos em: /home/tiago/GitHubProjects/fedhad-thesis-2/FedProx-results/1.1_diagnostico_drift/CIFAR10/FedProx__CIFAR10__Setup-5__Clients-5__Rounds-10__Delay-0_05__Alpha-1_0__Seed-46.txt
[36m(ClientAppActor pid=755774)[0m [93mWARNING [0m:   DEPRECATED FEATURE: `client_fn` now expects a signature `def client_fn(context: Context)`.The provided `client_fn` has signature: {'cid': <Parameter "cid: str">}. You can import the `Context` like this: `from flwr.app import Context`[32m [repeated 4x across cluster][0m
[36m(ClientAppActor pid=755774)[0m             This is a deprecated feature. It will be removed[32m [repeated 4x across cluster][0m
[36m(ClientAppActor pid=755774)[0m             entirely in future versions of Flower.[32m [repeated 4x across cluster][0m
