[codecarbon WARNING @ 14:53:05] Multiple instances of codecarbon are allowed to run at the same time.
[93mWARNING [0m:   DEPRECATED FEATURE: flwr.simulation.start_simulation() is deprecated.
	Instead, use the `flwr run` CLI command to start a local simulation in your Flower app, as shown for example below:

		$ flwr new  # Create a new Flower app from a template

		$ flwr run  # Run the Flower app in Simulation Mode

	Using `start_simulation()` is deprecated.

            This is a deprecated feature. It will be removed
            entirely in future versions of Flower.
        
[92mINFO [0m:      Starting Flower simulation, config: num_rounds=10, no round_timeout
2026-09-04 14:53:14,674	INFO worker.py:2012 -- Started a local Ray instance.
/home/tiago/GitHubProjects/fedhad-thesis-2/env_flwr_pt/lib/python3.12/site-packages/ray/_private/worker.py:2051: FutureWarning: Tip: In future versions of Ray, Ray will no longer override accelerator visible devices env var if num_gpus=0 or num_gpus=None (default). To enable this behavior and turn off this error message, set RAY_ACCEL_ENV_VAR_OVERRIDE_ON_ZERO=0
  warnings.warn(
[92mINFO [0m:      Flower VCE: Ray initialized with resources: {'CPU': 64.0, 'GPU': 1.0, 'node:__internal_head__': 1.0, 'node:10.129.64.100': 1.0, 'memory': 181027160474.0, 'accelerator_type:A40': 1.0, 'object_store_memory': 77583068774.0}
[92mINFO [0m:      Optimize your simulation with Flower VCE: https://flower.ai/docs/framework/how-to-run-simulations.html
/home/tiago/GitHubProjects/fedhad-thesis-2/FedProx_Final.py:1601: UserWarning: No `num_cpus` specified in `client_resources`. Using `num_cpus=1` for each client.
  history = fl.simulation.start_simulation(
[92mINFO [0m:      Flower VCE: Resources for each Virtual Client: {'num_gpus': 0.2, 'num_cpus': 1}
[92mINFO [0m:      Flower VCE: Creating VirtualClientEngineActorPool with 5 actors
[92mINFO [0m:      [INIT]
[92mINFO [0m:      Requesting initial parameters from one random client
[36m(ClientAppActor pid=796363)[0m [93mWARNING [0m:   DEPRECATED FEATURE: `client_fn` now expects a signature `def client_fn(context: Context)`.The provided `client_fn` has signature: {'cid': <Parameter "cid: str">}. You can import the `Context` like this: `from flwr.app import Context`
[36m(ClientAppActor pid=796363)[0m 
[36m(ClientAppActor pid=796363)[0m             This is a deprecated feature. It will be removed
[36m(ClientAppActor pid=796363)[0m             entirely in future versions of Flower.
[36m(ClientAppActor pid=796363)[0m         
[92mINFO [0m:      Received initial parameters from one random client
[92mINFO [0m:      Starting evaluation of initial global parameters
[92mINFO [0m:      initial parameters (loss, other metrics): 2.303299659729004, {'accuracy': 0.1, 'loss': 2.303299659729004}
[92mINFO [0m:      
[92mINFO [0m:      [ROUND 1]
[92mINFO [0m:      configure_fit: strategy sampled 5 clients (out of 5)
[36m(ClientAppActor pid=796363)[0m [93mWARNING [0m:   DEPRECATED FEATURE: `client_fn` now expects a signature `def client_fn(context: Context)`.The provided `client_fn` has signature: {'cid': <Parameter "cid: str">}. You can import the `Context` like this: `from flwr.app import Context`
[36m(ClientAppActor pid=796363)[0m 
[36m(ClientAppActor pid=796363)[0m             This is a deprecated feature. It will be removed
[36m(ClientAppActor pid=796363)[0m             entirely in future versions of Flower.
[36m(ClientAppActor pid=796363)[0m         
[36m(ClientAppActor pid=796362)[0m 
[36m(ClientAppActor pid=796362)[0m         
[36m(ClientAppActor pid=796360)[0m 
[36m(ClientAppActor pid=796360)[0m         
[36m(ClientAppActor pid=796361)[0m 
[36m(ClientAppActor pid=796361)[0m         
[36m(ClientAppActor pid=796359)[0m 
[36m(ClientAppActor pid=796359)[0m         
[92mINFO [0m:      aggregate_fit: received 5 results and 0 failures
[92mINFO [0m:      fit progress: (1, 2.2700644088745117, {'accuracy': 0.1, 'loss': 2.2700644088745117}, 20.2759158280096)
[92mINFO [0m:      configure_evaluate: strategy sampled 5 clients (out of 5)
[36m(ClientAppActor pid=796361)[0m 
[36m(ClientAppActor pid=796361)[0m         
[36m(ClientAppActor pid=796361)[0m [93mWARNING [0m:   DEPRECATED FEATURE: `client_fn` now expects a signature `def client_fn(context: Context)`.The provided `client_fn` has signature: {'cid': <Parameter "cid: str">}. You can import the `Context` like this: `from flwr.app import Context`[32m [repeated 5x across cluster] (Ray deduplicates logs by default. Set RAY_DEDUP_LOGS=0 to disable log deduplication, or see https://docs.ray.io/en/master/ray-observability/user-guides/configure-logging.html#log-deduplication for more options.)[0m
[36m(ClientAppActor pid=796361)[0m             This is a deprecated feature. It will be removed[32m [repeated 5x across cluster][0m
[36m(ClientAppActor pid=796361)[0m             entirely in future versions of Flower.[32m [repeated 5x across cluster][0m
[36m(ClientAppActor pid=796359)[0m 
[36m(ClientAppActor pid=796359)[0m         
[36m(ClientAppActor pid=796362)[0m 
[36m(ClientAppActor pid=796362)[0m         
[36m(ClientAppActor pid=796360)[0m 
[36m(ClientAppActor pid=796360)[0m         
[36m(ClientAppActor pid=796363)[0m 
[36m(ClientAppActor pid=796363)[0m         
[92mINFO [0m:      aggregate_evaluate: received 5 results and 0 failures
[92mINFO [0m:      
[92mINFO [0m:      [ROUND 2]
[92mINFO [0m:      configure_fit: strategy sampled 5 clients (out of 5)
[36m(ClientAppActor pid=796363)[0m 
[36m(ClientAppActor pid=796363)[0m         
[36m(ClientAppActor pid=796360)[0m 
[36m(ClientAppActor pid=796360)[0m         
[36m(ClientAppActor pid=796362)[0m 
[36m(ClientAppActor pid=796362)[0m         
[36m(ClientAppActor pid=796359)[0m 
[36m(ClientAppActor pid=796359)[0m         
[36m(ClientAppActor pid=796361)[0m 
[36m(ClientAppActor pid=796361)[0m         
[92mINFO [0m:      aggregate_fit: received 5 results and 0 failures
[92mINFO [0m:      fit progress: (2, 1.407968350982666, {'accuracy': 0.5544, 'loss': 1.407968350982666}, 38.899363495002035)
[92mINFO [0m:      configure_evaluate: strategy sampled 5 clients (out of 5)
[36m(ClientAppActor pid=796362)[0m 
[36m(ClientAppActor pid=796362)[0m         
[36m(ClientAppActor pid=796362)[0m [93mWARNING [0m:   DEPRECATED FEATURE: `client_fn` now expects a signature `def client_fn(context: Context)`.The provided `client_fn` has signature: {'cid': <Parameter "cid: str">}. You can import the `Context` like this: `from flwr.app import Context`[32m [repeated 10x across cluster][0m
[36m(ClientAppActor pid=796362)[0m             This is a deprecated feature. It will be removed[32m [repeated 10x across cluster][0m
[36m(ClientAppActor pid=796362)[0m             entirely in future versions of Flower.[32m [repeated 10x across cluster][0m
[36m(ClientAppActor pid=796361)[0m 
[36m(ClientAppActor pid=796361)[0m         
[36m(ClientAppActor pid=796363)[0m 
[36m(ClientAppActor pid=796363)[0m         
[36m(ClientAppActor pid=796359)[0m 
[36m(ClientAppActor pid=796359)[0m         
[36m(ClientAppActor pid=796360)[0m 
[36m(ClientAppActor pid=796360)[0m         
[92mINFO [0m:      aggregate_evaluate: received 5 results and 0 failures
[92mINFO [0m:      
[92mINFO [0m:      [ROUND 3]
[92mINFO [0m:      configure_fit: strategy sampled 5 clients (out of 5)
[36m(ClientAppActor pid=796360)[0m 
[36m(ClientAppActor pid=796360)[0m         
[36m(ClientAppActor pid=796359)[0m 
[36m(ClientAppActor pid=796359)[0m         
[36m(ClientAppActor pid=796363)[0m 
[36m(ClientAppActor pid=796363)[0m         
[36m(ClientAppActor pid=796361)[0m 
[36m(ClientAppActor pid=796361)[0m         
[36m(ClientAppActor pid=796362)[0m 
[36m(ClientAppActor pid=796362)[0m         
[92mINFO [0m:      aggregate_fit: received 5 results and 0 failures
[92mINFO [0m:      fit progress: (3, 0.8425234960556031, {'accuracy': 0.7128, 'loss': 0.8425234960556031}, 57.650078616978135)
[92mINFO [0m:      configure_evaluate: strategy sampled 5 clients (out of 5)
[36m(ClientAppActor pid=796359)[0m 
[36m(ClientAppActor pid=796359)[0m         
[36m(ClientAppActor pid=796359)[0m [93mWARNING [0m:   DEPRECATED FEATURE: `client_fn` now expects a signature `def client_fn(context: Context)`.The provided `client_fn` has signature: {'cid': <Parameter "cid: str">}. You can import the `Context` like this: `from flwr.app import Context`[32m [repeated 10x across cluster][0m
[36m(ClientAppActor pid=796359)[0m             This is a deprecated feature. It will be removed[32m [repeated 10x across cluster][0m
[36m(ClientAppActor pid=796359)[0m             entirely in future versions of Flower.[32m [repeated 10x across cluster][0m
[36m(ClientAppActor pid=796363)[0m 
[36m(ClientAppActor pid=796363)[0m         
[36m(ClientAppActor pid=796360)[0m 
[36m(ClientAppActor pid=796360)[0m         
[36m(ClientAppActor pid=796361)[0m 
[36m(ClientAppActor pid=796361)[0m         
[36m(ClientAppActor pid=796362)[0m 
[36m(ClientAppActor pid=796362)[0m         
[92mINFO [0m:      aggregate_evaluate: received 5 results and 0 failures
[92mINFO [0m:      
[92mINFO [0m:      [ROUND 4]
[92mINFO [0m:      configure_fit: strategy sampled 5 clients (out of 5)
[36m(ClientAppActor pid=796362)[0m 
[36m(ClientAppActor pid=796362)[0m         
[36m(ClientAppActor pid=796361)[0m 
[36m(ClientAppActor pid=796361)[0m         
[36m(ClientAppActor pid=796360)[0m 
[36m(ClientAppActor pid=796360)[0m         
[36m(ClientAppActor pid=796363)[0m 
[36m(ClientAppActor pid=796363)[0m         
[36m(ClientAppActor pid=796359)[0m 
[36m(ClientAppActor pid=796359)[0m         
[92mINFO [0m:      aggregate_fit: received 5 results and 0 failures
[92mINFO [0m:      fit progress: (4, 0.7533096475601196, {'accuracy': 0.7449, 'loss': 0.7533096475601196}, 76.50918950600317)
[92mINFO [0m:      configure_evaluate: strategy sampled 5 clients (out of 5)
[36m(ClientAppActor pid=796363)[0m 
[36m(ClientAppActor pid=796363)[0m         
[36m(ClientAppActor pid=796363)[0m [93mWARNING [0m:   DEPRECATED FEATURE: `client_fn` now expects a signature `def client_fn(context: Context)`.The provided `client_fn` has signature: {'cid': <Parameter "cid: str">}. You can import the `Context` like this: `from flwr.app import Context`[32m [repeated 10x across cluster][0m
[36m(ClientAppActor pid=796363)[0m             This is a deprecated feature. It will be removed[32m [repeated 10x across cluster][0m
[36m(ClientAppActor pid=796363)[0m             entirely in future versions of Flower.[32m [repeated 10x across cluster][0m
[36m(ClientAppActor pid=796360)[0m 
[36m(ClientAppActor pid=796360)[0m         
[36m(ClientAppActor pid=796361)[0m 
[36m(ClientAppActor pid=796361)[0m         
[36m(ClientAppActor pid=796359)[0m 
[36m(ClientAppActor pid=796359)[0m         
[36m(ClientAppActor pid=796362)[0m 
[36m(ClientAppActor pid=796362)[0m         
[92mINFO [0m:      aggregate_evaluate: received 5 results and 0 failures
[92mINFO [0m:      
[92mINFO [0m:      [ROUND 5]
[92mINFO [0m:      configure_fit: strategy sampled 5 clients (out of 5)
[36m(ClientAppActor pid=796362)[0m 
[36m(ClientAppActor pid=796362)[0m         
[36m(ClientAppActor pid=796359)[0m 
[36m(ClientAppActor pid=796359)[0m         
[36m(ClientAppActor pid=796361)[0m 
[36m(ClientAppActor pid=796361)[0m         
[36m(ClientAppActor pid=796360)[0m 
[36m(ClientAppActor pid=796360)[0m         
[36m(ClientAppActor pid=796363)[0m 
[36m(ClientAppActor pid=796363)[0m         
[92mINFO [0m:      aggregate_fit: received 5 results and 0 failures
[92mINFO [0m:      fit progress: (5, 0.6721492661952972, {'accuracy': 0.7772, 'loss': 0.6721492661952972}, 95.255080353003)
[92mINFO [0m:      configure_evaluate: strategy sampled 5 clients (out of 5)
[36m(ClientAppActor pid=796363)[0m 
[36m(ClientAppActor pid=796363)[0m         
[36m(ClientAppActor pid=796363)[0m [93mWARNING [0m:   DEPRECATED FEATURE: `client_fn` now expects a signature `def client_fn(context: Context)`.The provided `client_fn` has signature: {'cid': <Parameter "cid: str">}. You can import the `Context` like this: `from flwr.app import Context`[32m [repeated 10x across cluster][0m
[36m(ClientAppActor pid=796363)[0m             This is a deprecated feature. It will be removed[32m [repeated 10x across cluster][0m
[36m(ClientAppActor pid=796363)[0m             entirely in future versions of Flower.[32m [repeated 10x across cluster][0m
[36m(ClientAppActor pid=796361)[0m 
[36m(ClientAppActor pid=796361)[0m         
[36m(ClientAppActor pid=796359)[0m 
[36m(ClientAppActor pid=796359)[0m         
[36m(ClientAppActor pid=796362)[0m 
[36m(ClientAppActor pid=796362)[0m         
[36m(ClientAppActor pid=796360)[0m 
[36m(ClientAppActor pid=796360)[0m         
[92mINFO [0m:      aggregate_evaluate: received 5 results and 0 failures
[92mINFO [0m:      
[92mINFO [0m:      [ROUND 6]
[92mINFO [0m:      configure_fit: strategy sampled 5 clients (out of 5)
[36m(ClientAppActor pid=796360)[0m 
[36m(ClientAppActor pid=796360)[0m         
[36m(ClientAppActor pid=796362)[0m 
[36m(ClientAppActor pid=796362)[0m         
[36m(ClientAppActor pid=796359)[0m 
[36m(ClientAppActor pid=796359)[0m         
[36m(ClientAppActor pid=796361)[0m 
[36m(ClientAppActor pid=796361)[0m         
[36m(ClientAppActor pid=796363)[0m 
[36m(ClientAppActor pid=796363)[0m         
[92mINFO [0m:      aggregate_fit: received 5 results and 0 failures
[92mINFO [0m:      fit progress: (6, 0.6081611177444458, {'accuracy': 0.7936, 'loss': 0.6081611177444458}, 113.68407438299619)
[92mINFO [0m:      configure_evaluate: strategy sampled 5 clients (out of 5)
[36m(ClientAppActor pid=796359)[0m 
[36m(ClientAppActor pid=796359)[0m         
[36m(ClientAppActor pid=796359)[0m [93mWARNING [0m:   DEPRECATED FEATURE: `client_fn` now expects a signature `def client_fn(context: Context)`.The provided `client_fn` has signature: {'cid': <Parameter "cid: str">}. You can import the `Context` like this: `from flwr.app import Context`[32m [repeated 10x across cluster][0m
[36m(ClientAppActor pid=796359)[0m             This is a deprecated feature. It will be removed[32m [repeated 10x across cluster][0m
[36m(ClientAppActor pid=796359)[0m             entirely in future versions of Flower.[32m [repeated 10x across cluster][0m
[36m(ClientAppActor pid=796363)[0m 
[36m(ClientAppActor pid=796363)[0m         
[36m(ClientAppActor pid=796362)[0m 
[36m(ClientAppActor pid=796362)[0m         
[36m(ClientAppActor pid=796361)[0m 
[36m(ClientAppActor pid=796361)[0m         
[36m(ClientAppActor pid=796360)[0m 
[36m(ClientAppActor pid=796360)[0m         
[92mINFO [0m:      aggregate_evaluate: received 5 results and 0 failures
[92mINFO [0m:      
[92mINFO [0m:      [ROUND 7]
[92mINFO [0m:      configure_fit: strategy sampled 5 clients (out of 5)
[36m(ClientAppActor pid=796360)[0m 
[36m(ClientAppActor pid=796360)[0m         
[36m(ClientAppActor pid=796361)[0m 
[36m(ClientAppActor pid=796361)[0m         
[36m(ClientAppActor pid=796362)[0m 
[36m(ClientAppActor pid=796362)[0m         
[36m(ClientAppActor pid=796363)[0m 
[36m(ClientAppActor pid=796363)[0m         
[36m(ClientAppActor pid=796359)[0m 
[36m(ClientAppActor pid=796359)[0m         
[92mINFO [0m:      aggregate_fit: received 5 results and 0 failures
[92mINFO [0m:      fit progress: (7, 0.5943456919908524, {'accuracy': 0.8048, 'loss': 0.5943456919908524}, 132.0045826609712)
[92mINFO [0m:      configure_evaluate: strategy sampled 5 clients (out of 5)
[36m(ClientAppActor pid=796360)[0m 
[36m(ClientAppActor pid=796360)[0m         
[36m(ClientAppActor pid=796360)[0m [93mWARNING [0m:   DEPRECATED FEATURE: `client_fn` now expects a signature `def client_fn(context: Context)`.The provided `client_fn` has signature: {'cid': <Parameter "cid: str">}. You can import the `Context` like this: `from flwr.app import Context`[32m [repeated 10x across cluster][0m
[36m(ClientAppActor pid=796360)[0m             This is a deprecated feature. It will be removed[32m [repeated 10x across cluster][0m
[36m(ClientAppActor pid=796360)[0m             entirely in future versions of Flower.[32m [repeated 10x across cluster][0m
[36m(ClientAppActor pid=796361)[0m 
[36m(ClientAppActor pid=796361)[0m         
[36m(ClientAppActor pid=796359)[0m 
[36m(ClientAppActor pid=796359)[0m         
[36m(ClientAppActor pid=796362)[0m 
[36m(ClientAppActor pid=796362)[0m         
[36m(ClientAppActor pid=796363)[0m 
[36m(ClientAppActor pid=796363)[0m         
[92mINFO [0m:      aggregate_evaluate: received 5 results and 0 failures
[92mINFO [0m:      
[92mINFO [0m:      [ROUND 8]
[92mINFO [0m:      configure_fit: strategy sampled 5 clients (out of 5)
[36m(ClientAppActor pid=796363)[0m 
[36m(ClientAppActor pid=796363)[0m         
[36m(ClientAppActor pid=796362)[0m 
[36m(ClientAppActor pid=796362)[0m         
[36m(ClientAppActor pid=796359)[0m 
[36m(ClientAppActor pid=796359)[0m         
[36m(ClientAppActor pid=796361)[0m 
[36m(ClientAppActor pid=796361)[0m         
[36m(ClientAppActor pid=796360)[0m 
[36m(ClientAppActor pid=796360)[0m         
[92mINFO [0m:      aggregate_fit: received 5 results and 0 failures
[92mINFO [0m:      fit progress: (8, 0.5880303324222564, {'accuracy': 0.8155, 'loss': 0.5880303324222564}, 150.58390846999828)
[92mINFO [0m:      configure_evaluate: strategy sampled 5 clients (out of 5)
[36m(ClientAppActor pid=796361)[0m 
[36m(ClientAppActor pid=796361)[0m         
[36m(ClientAppActor pid=796361)[0m [93mWARNING [0m:   DEPRECATED FEATURE: `client_fn` now expects a signature `def client_fn(context: Context)`.The provided `client_fn` has signature: {'cid': <Parameter "cid: str">}. You can import the `Context` like this: `from flwr.app import Context`[32m [repeated 10x across cluster][0m
[36m(ClientAppActor pid=796361)[0m             This is a deprecated feature. It will be removed[32m [repeated 10x across cluster][0m
[36m(ClientAppActor pid=796361)[0m             entirely in future versions of Flower.[32m [repeated 10x across cluster][0m
[36m(ClientAppActor pid=796360)[0m 
[36m(ClientAppActor pid=796360)[0m         
[36m(ClientAppActor pid=796363)[0m 
[36m(ClientAppActor pid=796363)[0m         
[36m(ClientAppActor pid=796359)[0m 
[36m(ClientAppActor pid=796359)[0m         
[36m(ClientAppActor pid=796362)[0m 
[36m(ClientAppActor pid=796362)[0m         
[92mINFO [0m:      aggregate_evaluate: received 5 results and 0 failures
[92mINFO [0m:      
[92mINFO [0m:      [ROUND 9]
[92mINFO [0m:      configure_fit: strategy sampled 5 clients (out of 5)
[36m(ClientAppActor pid=796362)[0m 
[36m(ClientAppActor pid=796362)[0m         
[36m(ClientAppActor pid=796359)[0m 
[36m(ClientAppActor pid=796359)[0m         
[36m(ClientAppActor pid=796360)[0m 
[36m(ClientAppActor pid=796360)[0m         
[36m(ClientAppActor pid=796363)[0m 
[36m(ClientAppActor pid=796363)[0m         
[36m(ClientAppActor pid=796361)[0m 
[36m(ClientAppActor pid=796361)[0m         
[92mINFO [0m:      aggregate_fit: received 5 results and 0 failures
[92mINFO [0m:      fit progress: (9, 0.5966253970623017, {'accuracy': 0.8131, 'loss': 0.5966253970623017}, 169.23071329301456)
[92mINFO [0m:      configure_evaluate: strategy sampled 5 clients (out of 5)
[36m(ClientAppActor pid=796361)[0m 
[36m(ClientAppActor pid=796361)[0m         
[36m(ClientAppActor pid=796361)[0m [93mWARNING [0m:   DEPRECATED FEATURE: `client_fn` now expects a signature `def client_fn(context: Context)`.The provided `client_fn` has signature: {'cid': <Parameter "cid: str">}. You can import the `Context` like this: `from flwr.app import Context`[32m [repeated 10x across cluster][0m
[36m(ClientAppActor pid=796361)[0m             This is a deprecated feature. It will be removed[32m [repeated 10x across cluster][0m
[36m(ClientAppActor pid=796361)[0m             entirely in future versions of Flower.[32m [repeated 10x across cluster][0m
[36m(ClientAppActor pid=796362)[0m 
[36m(ClientAppActor pid=796362)[0m         
[36m(ClientAppActor pid=796359)[0m 
[36m(ClientAppActor pid=796359)[0m         
[36m(ClientAppActor pid=796363)[0m 
[36m(ClientAppActor pid=796363)[0m         
[36m(ClientAppActor pid=796360)[0m 
[36m(ClientAppActor pid=796360)[0m         
[92mINFO [0m:      aggregate_evaluate: received 5 results and 0 failures
[92mINFO [0m:      
[92mINFO [0m:      [ROUND 10]
[92mINFO [0m:      configure_fit: strategy sampled 5 clients (out of 5)
[36m(ClientAppActor pid=796360)[0m 
[36m(ClientAppActor pid=796360)[0m         
[36m(ClientAppActor pid=796363)[0m 
[36m(ClientAppActor pid=796363)[0m         
[36m(ClientAppActor pid=796359)[0m 
[36m(ClientAppActor pid=796359)[0m         
[36m(ClientAppActor pid=796362)[0m 
[36m(ClientAppActor pid=796362)[0m         
[36m(ClientAppActor pid=796361)[0m 
[36m(ClientAppActor pid=796361)[0m         
[92mINFO [0m:      aggregate_fit: received 5 results and 0 failures
[92mINFO [0m:      fit progress: (10, 0.5983398330688476, {'accuracy': 0.8194, 'loss': 0.5983398330688476}, 187.69291918398812)
[92mINFO [0m:      configure_evaluate: strategy sampled 5 clients (out of 5)
[36m(ClientAppActor pid=796359)[0m 
[36m(ClientAppActor pid=796359)[0m         
[36m(ClientAppActor pid=796359)[0m [93mWARNING [0m:   DEPRECATED FEATURE: `client_fn` now expects a signature `def client_fn(context: Context)`.The provided `client_fn` has signature: {'cid': <Parameter "cid: str">}. You can import the `Context` like this: `from flwr.app import Context`[32m [repeated 10x across cluster][0m
[36m(ClientAppActor pid=796359)[0m             This is a deprecated feature. It will be removed[32m [repeated 10x across cluster][0m
[36m(ClientAppActor pid=796359)[0m             entirely in future versions of Flower.[32m [repeated 10x across cluster][0m
[36m(ClientAppActor pid=796361)[0m 
[36m(ClientAppActor pid=796361)[0m         
[36m(ClientAppActor pid=796363)[0m 
[36m(ClientAppActor pid=796363)[0m         
[36m(ClientAppActor pid=796360)[0m 
[36m(ClientAppActor pid=796360)[0m         
[36m(ClientAppActor pid=796362)[0m 
[36m(ClientAppActor pid=796362)[0m         
[92mINFO [0m:      aggregate_evaluate: received 5 results and 0 failures
[92mINFO [0m:      
[92mINFO [0m:      [SUMMARY]
[92mINFO [0m:      Run finished 10 round(s) in 188.50s
[92mINFO [0m:      	History (loss, distributed):
[92mINFO [0m:      		round 1: 2.2693921841827094
[92mINFO [0m:      		round 2: 1.4002947316450232
[92mINFO [0m:      		round 3: 0.8215148660148225
[92mINFO [0m:      		round 4: 0.7224824374773446
[92mINFO [0m:      		round 5: 0.6359033940040192
[92mINFO [0m:      		round 6: 0.5734610121194818
[92mINFO [0m:      		round 7: 0.5608799527434646
[92mINFO [0m:      		round 8: 0.5520498176672164
[92mINFO [0m:      		round 9: 0.5559015441082177
[92mINFO [0m:      		round 10: 0.5562557467953021
[92mINFO [0m:      	History (loss, centralized):
[92mINFO [0m:      		round 0: 2.303299659729004
[92mINFO [0m:      		round 1: 2.2700644088745117
[92mINFO [0m:      		round 2: 1.407968350982666
[92mINFO [0m:      		round 3: 0.8425234960556031
[92mINFO [0m:      		round 4: 0.7533096475601196
[92mINFO [0m:      		round 5: 0.6721492661952972
[92mINFO [0m:      		round 6: 0.6081611177444458
[92mINFO [0m:      		round 7: 0.5943456919908524
[92mINFO [0m:      		round 8: 0.5880303324222564
[92mINFO [0m:      		round 9: 0.5966253970623017
[92mINFO [0m:      		round 10: 0.5983398330688476
[92mINFO [0m:      	History (metrics, distributed, fit):
[92mINFO [0m:      	{'avg_flops_per_client_round': [(1, 8140624189440.0),
[92mINFO [0m:      	                                (2, 8140624189440.0),
[92mINFO [0m:      	                                (3, 8140624189440.0),
[92mINFO [0m:      	                                (4, 8140624189440.0),
[92mINFO [0m:      	                                (5, 8140624189440.0),
[92mINFO [0m:      	                                (6, 8140624189440.0),
[92mINFO [0m:      	                                (7, 8140624189440.0),
[92mINFO [0m:      	                                (8, 8140624189440.0),
[92mINFO [0m:      	                                (9, 8140624189440.0),
[92mINFO [0m:      	                                (10, 8140624189440.0)],
[92mINFO [0m:      	 'total_flops_round': [(1, 40703120947200),
[92mINFO [0m:      	                       (2, 40703120947200),
[92mINFO [0m:      	                       (3, 40703120947200),
[92mINFO [0m:      	                       (4, 40703120947200),
[92mINFO [0m:      	                       (5, 40703120947200),
[92mINFO [0m:      	                       (6, 40703120947200),
[92mINFO [0m:      	                       (7, 40703120947200),
[92mINFO [0m:      	                       (8, 40703120947200),
[92mINFO [0m:      	                       (9, 40703120947200),
[92mINFO [0m:      	                       (10, 40703120947200)]}
[92mINFO [0m:      	History (metrics, distributed, evaluate):
[92mINFO [0m:      	{'accuracy': [(1, 0.1094437775110044),
[92mINFO [0m:      	              (2, 0.5670268107242897),
[92mINFO [0m:      	              (3, 0.7140856342537015),
[92mINFO [0m:      	              (4, 0.7513005202080832),
[92mINFO [0m:      	              (5, 0.7817126850740296),
[92mINFO [0m:      	              (6, 0.8007202881152461),
[92mINFO [0m:      	              (7, 0.8093237294917968),
[92mINFO [0m:      	              (8, 0.8215286114445778),
[92mINFO [0m:      	              (9, 0.8231292517006803),
[92mINFO [0m:      	              (10, 0.8299319727891157)],
[92mINFO [0m:      	 'loss': [(1, 2.2693921841827094),
[92mINFO [0m:      	          (2, 1.4002947316450232),
[92mINFO [0m:      	          (3, 0.8215148660148225),
[92mINFO [0m:      	          (4, 0.7224824374773446),
[92mINFO [0m:      	          (5, 0.6359033940040192),
[92mINFO [0m:      	          (6, 0.5734610121194818),
[92mINFO [0m:      	          (7, 0.5608799527434646),
[92mINFO [0m:      	          (8, 0.5520498176672164),
[92mINFO [0m:      	          (9, 0.5559015441082177),
[92mINFO [0m:      	          (10, 0.5562557467953021)]}
[92mINFO [0m:      	History (metrics, centralized):
[92mINFO [0m:      	{'accuracy': [(0, 0.1),
[92mINFO [0m:      	              (1, 0.1),
[92mINFO [0m:      	              (2, 0.5544),
[92mINFO [0m:      	              (3, 0.7128),
[92mINFO [0m:      	              (4, 0.7449),
[92mINFO [0m:      	              (5, 0.7772),
[92mINFO [0m:      	              (6, 0.7936),
[92mINFO [0m:      	              (7, 0.8048),
[92mINFO [0m:      	              (8, 0.8155),
[92mINFO [0m:      	              (9, 0.8131),
[92mINFO [0m:      	              (10, 0.8194)],
[92mINFO [0m:      	 'loss': [(0, 2.303299659729004),
[92mINFO [0m:      	          (1, 2.2700644088745117),
[92mINFO [0m:      	          (2, 1.407968350982666),
[92mINFO [0m:      	          (3, 0.8425234960556031),
[92mINFO [0m:      	          (4, 0.7533096475601196),
[92mINFO [0m:      	          (5, 0.6721492661952972),
[92mINFO [0m:      	          (6, 0.6081611177444458),
[92mINFO [0m:      	          (7, 0.5943456919908524),
[92mINFO [0m:      	          (8, 0.5880303324222564),
[92mINFO [0m:      	          (9, 0.5966253970623017),
[92mINFO [0m:      	          (10, 0.5983398330688476)]}
[92mINFO [0m:      
Treinando no dispositivo: cuda:0 com o dataset: CIFAR10 | Setup clientes: 5 (num_gpus por cliente=0.2) | SEED=51 | Método: FedProx (mu=0.01)
FLOPS por amostra (forward): 6.030e+07 | (forward+backward, 3x): 1.809e+08
Files already downloaded and verified
Files already downloaded and verified
Dividindo o dataset usando a distribuição de Dirichlet com alpha=1.0.
Iniciando a simulação de Aprendizado Federado...
=== Diagnóstico de Medição de GPU ===
  pynvml_disponivel: True
  pynvml_versao: 580.173.02
  gpus_detectadas: 1
  leitura_potencia_ok: True
  potencia_atual_W: 115.231

--- Rodada 0 - Avaliação Centralizada (Servidor) ---
Loss (Servidor): 2.3033 | Acurácia (Servidor): 0.1000

--- Rodada 1 - Avaliação Centralizada (Servidor) ---
Loss (Servidor): 2.2701 | Acurácia (Servidor): 0.1000
--- Avaliação Agregada (Clientes) ---
Loss Média (Clientes): 2.2694 | Acurácia Média (Clientes): 0.1094

--- Rodada 2 - Avaliação Centralizada (Servidor) ---
Loss (Servidor): 1.4080 | Acurácia (Servidor): 0.5544
--- Avaliação Agregada (Clientes) ---
Loss Média (Clientes): 1.4003 | Acurácia Média (Clientes): 0.5670

--- Rodada 3 - Avaliação Centralizada (Servidor) ---
Loss (Servidor): 0.8425 | Acurácia (Servidor): 0.7128
--- Avaliação Agregada (Clientes) ---
Loss Média (Clientes): 0.8215 | Acurácia Média (Clientes): 0.7141

--- Rodada 4 - Avaliação Centralizada (Servidor) ---
Loss (Servidor): 0.7533 | Acurácia (Servidor): 0.7449
--- Avaliação Agregada (Clientes) ---
Loss Média (Clientes): 0.7225 | Acurácia Média (Clientes): 0.7513

--- Rodada 5 - Avaliação Centralizada (Servidor) ---
Loss (Servidor): 0.6721 | Acurácia (Servidor): 0.7772
--- Avaliação Agregada (Clientes) ---
Loss Média (Clientes): 0.6359 | Acurácia Média (Clientes): 0.7817

--- Rodada 6 - Avaliação Centralizada (Servidor) ---
Loss (Servidor): 0.6082 | Acurácia (Servidor): 0.7936
--- Avaliação Agregada (Clientes) ---
Loss Média (Clientes): 0.5735 | Acurácia Média (Clientes): 0.8007

--- Rodada 7 - Avaliação Centralizada (Servidor) ---
Loss (Servidor): 0.5943 | Acurácia (Servidor): 0.8048
--- Avaliação Agregada (Clientes) ---
Loss Média (Clientes): 0.5609 | Acurácia Média (Clientes): 0.8093

--- Rodada 8 - Avaliação Centralizada (Servidor) ---
Loss (Servidor): 0.5880 | Acurácia (Servidor): 0.8155
--- Avaliação Agregada (Clientes) ---
Loss Média (Clientes): 0.5520 | Acurácia Média (Clientes): 0.8215

--- Rodada 9 - Avaliação Centralizada (Servidor) ---
Loss (Servidor): 0.5966 | Acurácia (Servidor): 0.8131
--- Avaliação Agregada (Clientes) ---
Loss Média (Clientes): 0.5559 | Acurácia Média (Clientes): 0.8231

--- Rodada 10 - Avaliação Centralizada (Servidor) ---
Loss (Servidor): 0.5983 | Acurácia (Servidor): 0.8194
--- Avaliação Agregada (Clientes) ---
Loss Média (Clientes): 0.5563 | Acurácia Média (Clientes): 0.8299

Resultados salvos em: /home/tiago/GitHubProjects/fedhad-thesis-2/FedProx-results/1.1_diagnostico_drift/CIFAR10/FedProx__CIFAR10__Setup-5__Clients-5__Rounds-10__Delay-0_05__Alpha-1_0__Seed-51.txt
[36m(ClientAppActor pid=796362)[0m [93mWARNING [0m:   DEPRECATED FEATURE: `client_fn` now expects a signature `def client_fn(context: Context)`.The provided `client_fn` has signature: {'cid': <Parameter "cid: str">}. You can import the `Context` like this: `from flwr.app import Context`[32m [repeated 4x across cluster][0m
[36m(ClientAppActor pid=796362)[0m             This is a deprecated feature. It will be removed[32m [repeated 4x across cluster][0m
[36m(ClientAppActor pid=796362)[0m             entirely in future versions of Flower.[32m [repeated 4x across cluster][0m
