[codecarbon WARNING @ 14:39:03] Multiple instances of codecarbon are allowed to run at the same time.
[93mWARNING [0m:   DEPRECATED FEATURE: flwr.simulation.start_simulation() is deprecated.
	Instead, use the `flwr run` CLI command to start a local simulation in your Flower app, as shown for example below:

		$ flwr new  # Create a new Flower app from a template

		$ flwr run  # Run the Flower app in Simulation Mode

	Using `start_simulation()` is deprecated.

            This is a deprecated feature. It will be removed
            entirely in future versions of Flower.
        
[92mINFO [0m:      Starting Flower simulation, config: num_rounds=10, no round_timeout
2026-09-04 14:39:11,933	INFO worker.py:2012 -- Started a local Ray instance.
/home/tiago/GitHubProjects/fedhad-thesis-2/env_flwr_pt/lib/python3.12/site-packages/ray/_private/worker.py:2051: FutureWarning: Tip: In future versions of Ray, Ray will no longer override accelerator visible devices env var if num_gpus=0 or num_gpus=None (default). To enable this behavior and turn off this error message, set RAY_ACCEL_ENV_VAR_OVERRIDE_ON_ZERO=0
  warnings.warn(
[92mINFO [0m:      Flower VCE: Ray initialized with resources: {'node:__internal_head__': 1.0, 'GPU': 1.0, 'accelerator_type:A40': 1.0, 'node:10.129.64.100': 1.0, 'object_store_memory': 77566601625.0, 'CPU': 64.0, 'memory': 180988737127.0}
[92mINFO [0m:      Optimize your simulation with Flower VCE: https://flower.ai/docs/framework/how-to-run-simulations.html
/home/tiago/GitHubProjects/fedhad-thesis-2/FedProx_Final.py:1601: UserWarning: No `num_cpus` specified in `client_resources`. Using `num_cpus=1` for each client.
  history = fl.simulation.start_simulation(
[92mINFO [0m:      Flower VCE: Resources for each Virtual Client: {'num_gpus': 0.2, 'num_cpus': 1}
[92mINFO [0m:      Flower VCE: Creating VirtualClientEngineActorPool with 5 actors
[92mINFO [0m:      [INIT]
[92mINFO [0m:      Requesting initial parameters from one random client
[36m(ClientAppActor pid=763997)[0m [93mWARNING [0m:   DEPRECATED FEATURE: `client_fn` now expects a signature `def client_fn(context: Context)`.The provided `client_fn` has signature: {'cid': <Parameter "cid: str">}. You can import the `Context` like this: `from flwr.app import Context`
[36m(ClientAppActor pid=763997)[0m 
[36m(ClientAppActor pid=763997)[0m             This is a deprecated feature. It will be removed
[36m(ClientAppActor pid=763997)[0m             entirely in future versions of Flower.
[36m(ClientAppActor pid=763997)[0m         
[92mINFO [0m:      Received initial parameters from one random client
[92mINFO [0m:      Starting evaluation of initial global parameters
[92mINFO [0m:      initial parameters (loss, other metrics): 2.3029992992401125, {'accuracy': 0.1, 'loss': 2.3029992992401125}
[92mINFO [0m:      
[92mINFO [0m:      [ROUND 1]
[92mINFO [0m:      configure_fit: strategy sampled 5 clients (out of 5)
[36m(ClientAppActor pid=763997)[0m [93mWARNING [0m:   DEPRECATED FEATURE: `client_fn` now expects a signature `def client_fn(context: Context)`.The provided `client_fn` has signature: {'cid': <Parameter "cid: str">}. You can import the `Context` like this: `from flwr.app import Context`
[36m(ClientAppActor pid=763997)[0m 
[36m(ClientAppActor pid=763997)[0m             This is a deprecated feature. It will be removed
[36m(ClientAppActor pid=763997)[0m             entirely in future versions of Flower.
[36m(ClientAppActor pid=763997)[0m         
[36m(ClientAppActor pid=763998)[0m 
[36m(ClientAppActor pid=763998)[0m         
[36m(ClientAppActor pid=763995)[0m 
[36m(ClientAppActor pid=763995)[0m         
[36m(ClientAppActor pid=763994)[0m 
[36m(ClientAppActor pid=763994)[0m         
[36m(ClientAppActor pid=763996)[0m 
[36m(ClientAppActor pid=763996)[0m         
[92mINFO [0m:      aggregate_fit: received 5 results and 0 failures
[92mINFO [0m:      fit progress: (1, 2.266088648223877, {'accuracy': 0.1064, 'loss': 2.266088648223877}, 19.133309885044582)
[92mINFO [0m:      configure_evaluate: strategy sampled 5 clients (out of 5)
[36m(ClientAppActor pid=763998)[0m 
[36m(ClientAppActor pid=763998)[0m         
[36m(ClientAppActor pid=763998)[0m [93mWARNING [0m:   DEPRECATED FEATURE: `client_fn` now expects a signature `def client_fn(context: Context)`.The provided `client_fn` has signature: {'cid': <Parameter "cid: str">}. You can import the `Context` like this: `from flwr.app import Context`[32m [repeated 5x across cluster] (Ray deduplicates logs by default. Set RAY_DEDUP_LOGS=0 to disable log deduplication, or see https://docs.ray.io/en/master/ray-observability/user-guides/configure-logging.html#log-deduplication for more options.)[0m
[36m(ClientAppActor pid=763998)[0m             This is a deprecated feature. It will be removed[32m [repeated 5x across cluster][0m
[36m(ClientAppActor pid=763998)[0m             entirely in future versions of Flower.[32m [repeated 5x across cluster][0m
[36m(ClientAppActor pid=763995)[0m 
[36m(ClientAppActor pid=763995)[0m         
[36m(ClientAppActor pid=763994)[0m 
[36m(ClientAppActor pid=763994)[0m         
[36m(ClientAppActor pid=763996)[0m 
[36m(ClientAppActor pid=763996)[0m         
[36m(ClientAppActor pid=763997)[0m 
[36m(ClientAppActor pid=763997)[0m         
[92mINFO [0m:      aggregate_evaluate: received 5 results and 0 failures
[92mINFO [0m:      
[92mINFO [0m:      [ROUND 2]
[92mINFO [0m:      configure_fit: strategy sampled 5 clients (out of 5)
[36m(ClientAppActor pid=763997)[0m 
[36m(ClientAppActor pid=763997)[0m         
[36m(ClientAppActor pid=763996)[0m 
[36m(ClientAppActor pid=763996)[0m         
[36m(ClientAppActor pid=763994)[0m 
[36m(ClientAppActor pid=763994)[0m         
[36m(ClientAppActor pid=763995)[0m 
[36m(ClientAppActor pid=763995)[0m         
[36m(ClientAppActor pid=763998)[0m 
[36m(ClientAppActor pid=763998)[0m         
[92mINFO [0m:      aggregate_fit: received 5 results and 0 failures
[92mINFO [0m:      fit progress: (2, 1.4058343265533448, {'accuracy': 0.5954, 'loss': 1.4058343265533448}, 37.354996961017605)
[92mINFO [0m:      configure_evaluate: strategy sampled 5 clients (out of 5)
[36m(ClientAppActor pid=763995)[0m 
[36m(ClientAppActor pid=763995)[0m         
[36m(ClientAppActor pid=763995)[0m [93mWARNING [0m:   DEPRECATED FEATURE: `client_fn` now expects a signature `def client_fn(context: Context)`.The provided `client_fn` has signature: {'cid': <Parameter "cid: str">}. You can import the `Context` like this: `from flwr.app import Context`[32m [repeated 10x across cluster][0m
[36m(ClientAppActor pid=763995)[0m             This is a deprecated feature. It will be removed[32m [repeated 10x across cluster][0m
[36m(ClientAppActor pid=763995)[0m             entirely in future versions of Flower.[32m [repeated 10x across cluster][0m
[36m(ClientAppActor pid=763994)[0m 
[36m(ClientAppActor pid=763994)[0m         
[36m(ClientAppActor pid=763998)[0m 
[36m(ClientAppActor pid=763998)[0m         
[36m(ClientAppActor pid=763996)[0m 
[36m(ClientAppActor pid=763996)[0m         
[36m(ClientAppActor pid=763997)[0m 
[36m(ClientAppActor pid=763997)[0m         
[92mINFO [0m:      aggregate_evaluate: received 5 results and 0 failures
[92mINFO [0m:      
[92mINFO [0m:      [ROUND 3]
[92mINFO [0m:      configure_fit: strategy sampled 5 clients (out of 5)
[36m(ClientAppActor pid=763997)[0m 
[36m(ClientAppActor pid=763997)[0m         
[36m(ClientAppActor pid=763996)[0m 
[36m(ClientAppActor pid=763996)[0m         
[36m(ClientAppActor pid=763998)[0m 
[36m(ClientAppActor pid=763998)[0m         
[36m(ClientAppActor pid=763994)[0m 
[36m(ClientAppActor pid=763994)[0m         
[36m(ClientAppActor pid=763995)[0m 
[36m(ClientAppActor pid=763995)[0m         
[92mINFO [0m:      aggregate_fit: received 5 results and 0 failures
[92mINFO [0m:      fit progress: (3, 0.8804958758354187, {'accuracy': 0.7118, 'loss': 0.8804958758354187}, 55.411008534021676)
[92mINFO [0m:      configure_evaluate: strategy sampled 5 clients (out of 5)
[36m(ClientAppActor pid=763994)[0m 
[36m(ClientAppActor pid=763994)[0m         
[36m(ClientAppActor pid=763994)[0m [93mWARNING [0m:   DEPRECATED FEATURE: `client_fn` now expects a signature `def client_fn(context: Context)`.The provided `client_fn` has signature: {'cid': <Parameter "cid: str">}. You can import the `Context` like this: `from flwr.app import Context`[32m [repeated 10x across cluster][0m
[36m(ClientAppActor pid=763994)[0m             This is a deprecated feature. It will be removed[32m [repeated 10x across cluster][0m
[36m(ClientAppActor pid=763994)[0m             entirely in future versions of Flower.[32m [repeated 10x across cluster][0m
[36m(ClientAppActor pid=763996)[0m 
[36m(ClientAppActor pid=763996)[0m         
[36m(ClientAppActor pid=763997)[0m 
[36m(ClientAppActor pid=763997)[0m         
[36m(ClientAppActor pid=763995)[0m 
[36m(ClientAppActor pid=763995)[0m         
[36m(ClientAppActor pid=763998)[0m 
[36m(ClientAppActor pid=763998)[0m         
[92mINFO [0m:      aggregate_evaluate: received 5 results and 0 failures
[92mINFO [0m:      
[92mINFO [0m:      [ROUND 4]
[92mINFO [0m:      configure_fit: strategy sampled 5 clients (out of 5)
[36m(ClientAppActor pid=763998)[0m 
[36m(ClientAppActor pid=763998)[0m         
[36m(ClientAppActor pid=763995)[0m 
[36m(ClientAppActor pid=763995)[0m         
[36m(ClientAppActor pid=763997)[0m 
[36m(ClientAppActor pid=763997)[0m         
[36m(ClientAppActor pid=763996)[0m 
[36m(ClientAppActor pid=763996)[0m         
[36m(ClientAppActor pid=763994)[0m 
[36m(ClientAppActor pid=763994)[0m         
[92mINFO [0m:      aggregate_fit: received 5 results and 0 failures
[92mINFO [0m:      fit progress: (4, 0.7319297938346863, {'accuracy': 0.7545, 'loss': 0.7319297938346863}, 73.59611403004965)
[92mINFO [0m:      configure_evaluate: strategy sampled 5 clients (out of 5)
[36m(ClientAppActor pid=763994)[0m 
[36m(ClientAppActor pid=763994)[0m         
[36m(ClientAppActor pid=763994)[0m [93mWARNING [0m:   DEPRECATED FEATURE: `client_fn` now expects a signature `def client_fn(context: Context)`.The provided `client_fn` has signature: {'cid': <Parameter "cid: str">}. You can import the `Context` like this: `from flwr.app import Context`[32m [repeated 10x across cluster][0m
[36m(ClientAppActor pid=763994)[0m             This is a deprecated feature. It will be removed[32m [repeated 10x across cluster][0m
[36m(ClientAppActor pid=763994)[0m             entirely in future versions of Flower.[32m [repeated 10x across cluster][0m
[36m(ClientAppActor pid=763996)[0m 
[36m(ClientAppActor pid=763996)[0m         
[36m(ClientAppActor pid=763997)[0m 
[36m(ClientAppActor pid=763997)[0m         
[36m(ClientAppActor pid=763995)[0m 
[36m(ClientAppActor pid=763995)[0m         
[36m(ClientAppActor pid=763998)[0m 
[36m(ClientAppActor pid=763998)[0m         
[92mINFO [0m:      aggregate_evaluate: received 5 results and 0 failures
[92mINFO [0m:      
[92mINFO [0m:      [ROUND 5]
[92mINFO [0m:      configure_fit: strategy sampled 5 clients (out of 5)
[36m(ClientAppActor pid=763998)[0m 
[36m(ClientAppActor pid=763998)[0m         
[36m(ClientAppActor pid=763995)[0m 
[36m(ClientAppActor pid=763995)[0m         
[36m(ClientAppActor pid=763997)[0m 
[36m(ClientAppActor pid=763997)[0m         
[36m(ClientAppActor pid=763996)[0m 
[36m(ClientAppActor pid=763996)[0m         
[36m(ClientAppActor pid=763994)[0m 
[36m(ClientAppActor pid=763994)[0m         
[92mINFO [0m:      aggregate_fit: received 5 results and 0 failures
[92mINFO [0m:      fit progress: (5, 0.6648062326431274, {'accuracy': 0.7797, 'loss': 0.6648062326431274}, 91.83012002304895)
[92mINFO [0m:      configure_evaluate: strategy sampled 5 clients (out of 5)
[36m(ClientAppActor pid=763994)[0m 
[36m(ClientAppActor pid=763994)[0m         
[36m(ClientAppActor pid=763994)[0m [93mWARNING [0m:   DEPRECATED FEATURE: `client_fn` now expects a signature `def client_fn(context: Context)`.The provided `client_fn` has signature: {'cid': <Parameter "cid: str">}. You can import the `Context` like this: `from flwr.app import Context`[32m [repeated 10x across cluster][0m
[36m(ClientAppActor pid=763994)[0m             This is a deprecated feature. It will be removed[32m [repeated 10x across cluster][0m
[36m(ClientAppActor pid=763994)[0m             entirely in future versions of Flower.[32m [repeated 10x across cluster][0m
[36m(ClientAppActor pid=763998)[0m 
[36m(ClientAppActor pid=763998)[0m         
[36m(ClientAppActor pid=763996)[0m 
[36m(ClientAppActor pid=763996)[0m         
[36m(ClientAppActor pid=763997)[0m 
[36m(ClientAppActor pid=763997)[0m         
[36m(ClientAppActor pid=763995)[0m 
[36m(ClientAppActor pid=763995)[0m         
[92mINFO [0m:      aggregate_evaluate: received 5 results and 0 failures
[92mINFO [0m:      
[92mINFO [0m:      [ROUND 6]
[92mINFO [0m:      configure_fit: strategy sampled 5 clients (out of 5)
[36m(ClientAppActor pid=763995)[0m 
[36m(ClientAppActor pid=763995)[0m         
[36m(ClientAppActor pid=763997)[0m 
[36m(ClientAppActor pid=763997)[0m         
[36m(ClientAppActor pid=763996)[0m 
[36m(ClientAppActor pid=763996)[0m         
[36m(ClientAppActor pid=763998)[0m 
[36m(ClientAppActor pid=763998)[0m         
[36m(ClientAppActor pid=763994)[0m 
[36m(ClientAppActor pid=763994)[0m         
[92mINFO [0m:      aggregate_fit: received 5 results and 0 failures
[92mINFO [0m:      fit progress: (6, 0.6146583302974701, {'accuracy': 0.7978, 'loss': 0.6146583302974701}, 110.51392863102956)
[92mINFO [0m:      configure_evaluate: strategy sampled 5 clients (out of 5)
[36m(ClientAppActor pid=763994)[0m 
[36m(ClientAppActor pid=763994)[0m         
[36m(ClientAppActor pid=763994)[0m [93mWARNING [0m:   DEPRECATED FEATURE: `client_fn` now expects a signature `def client_fn(context: Context)`.The provided `client_fn` has signature: {'cid': <Parameter "cid: str">}. You can import the `Context` like this: `from flwr.app import Context`[32m [repeated 10x across cluster][0m
[36m(ClientAppActor pid=763994)[0m             This is a deprecated feature. It will be removed[32m [repeated 10x across cluster][0m
[36m(ClientAppActor pid=763994)[0m             entirely in future versions of Flower.[32m [repeated 10x across cluster][0m
[36m(ClientAppActor pid=763995)[0m 
[36m(ClientAppActor pid=763995)[0m         
[36m(ClientAppActor pid=763996)[0m 
[36m(ClientAppActor pid=763996)[0m         
[36m(ClientAppActor pid=763998)[0m 
[36m(ClientAppActor pid=763998)[0m         
[36m(ClientAppActor pid=763997)[0m 
[36m(ClientAppActor pid=763997)[0m         
[92mINFO [0m:      aggregate_evaluate: received 5 results and 0 failures
[92mINFO [0m:      
[92mINFO [0m:      [ROUND 7]
[92mINFO [0m:      configure_fit: strategy sampled 5 clients (out of 5)
[36m(ClientAppActor pid=763997)[0m 
[36m(ClientAppActor pid=763997)[0m         
[36m(ClientAppActor pid=763998)[0m 
[36m(ClientAppActor pid=763998)[0m         
[36m(ClientAppActor pid=763996)[0m 
[36m(ClientAppActor pid=763996)[0m         
[36m(ClientAppActor pid=763995)[0m 
[36m(ClientAppActor pid=763995)[0m         
[36m(ClientAppActor pid=763994)[0m 
[36m(ClientAppActor pid=763994)[0m         
[92mINFO [0m:      aggregate_fit: received 5 results and 0 failures
[92mINFO [0m:      fit progress: (7, 0.6312313169956207, {'accuracy': 0.7958, 'loss': 0.6312313169956207}, 128.61670888302615)
[92mINFO [0m:      configure_evaluate: strategy sampled 5 clients (out of 5)
[36m(ClientAppActor pid=763996)[0m 
[36m(ClientAppActor pid=763996)[0m         
[36m(ClientAppActor pid=763996)[0m [93mWARNING [0m:   DEPRECATED FEATURE: `client_fn` now expects a signature `def client_fn(context: Context)`.The provided `client_fn` has signature: {'cid': <Parameter "cid: str">}. You can import the `Context` like this: `from flwr.app import Context`[32m [repeated 10x across cluster][0m
[36m(ClientAppActor pid=763996)[0m             This is a deprecated feature. It will be removed[32m [repeated 10x across cluster][0m
[36m(ClientAppActor pid=763996)[0m             entirely in future versions of Flower.[32m [repeated 10x across cluster][0m
[36m(ClientAppActor pid=763997)[0m 
[36m(ClientAppActor pid=763997)[0m         
[36m(ClientAppActor pid=763994)[0m 
[36m(ClientAppActor pid=763994)[0m         
[36m(ClientAppActor pid=763995)[0m 
[36m(ClientAppActor pid=763995)[0m         
[36m(ClientAppActor pid=763998)[0m 
[36m(ClientAppActor pid=763998)[0m         
[92mINFO [0m:      aggregate_evaluate: received 5 results and 0 failures
[92mINFO [0m:      
[92mINFO [0m:      [ROUND 8]
[92mINFO [0m:      configure_fit: strategy sampled 5 clients (out of 5)
[36m(ClientAppActor pid=763998)[0m 
[36m(ClientAppActor pid=763998)[0m         
[36m(ClientAppActor pid=763995)[0m 
[36m(ClientAppActor pid=763995)[0m         
[36m(ClientAppActor pid=763994)[0m 
[36m(ClientAppActor pid=763994)[0m         
[36m(ClientAppActor pid=763997)[0m 
[36m(ClientAppActor pid=763997)[0m         
[36m(ClientAppActor pid=763996)[0m 
[36m(ClientAppActor pid=763996)[0m         
[92mINFO [0m:      aggregate_fit: received 5 results and 0 failures
[92mINFO [0m:      fit progress: (8, 0.6060871357917785, {'accuracy': 0.8101, 'loss': 0.6060871357917785}, 146.7851798000047)
[92mINFO [0m:      configure_evaluate: strategy sampled 5 clients (out of 5)
[36m(ClientAppActor pid=763996)[0m 
[36m(ClientAppActor pid=763996)[0m         
[36m(ClientAppActor pid=763996)[0m [93mWARNING [0m:   DEPRECATED FEATURE: `client_fn` now expects a signature `def client_fn(context: Context)`.The provided `client_fn` has signature: {'cid': <Parameter "cid: str">}. You can import the `Context` like this: `from flwr.app import Context`[32m [repeated 10x across cluster][0m
[36m(ClientAppActor pid=763996)[0m             This is a deprecated feature. It will be removed[32m [repeated 10x across cluster][0m
[36m(ClientAppActor pid=763996)[0m             entirely in future versions of Flower.[32m [repeated 10x across cluster][0m
[36m(ClientAppActor pid=763995)[0m 
[36m(ClientAppActor pid=763995)[0m         
[36m(ClientAppActor pid=763997)[0m 
[36m(ClientAppActor pid=763997)[0m         
[36m(ClientAppActor pid=763994)[0m 
[36m(ClientAppActor pid=763994)[0m         
[36m(ClientAppActor pid=763998)[0m 
[36m(ClientAppActor pid=763998)[0m         
[92mINFO [0m:      aggregate_evaluate: received 5 results and 0 failures
[92mINFO [0m:      
[92mINFO [0m:      [ROUND 9]
[92mINFO [0m:      configure_fit: strategy sampled 5 clients (out of 5)
[36m(ClientAppActor pid=763998)[0m 
[36m(ClientAppActor pid=763998)[0m         
[36m(ClientAppActor pid=763994)[0m 
[36m(ClientAppActor pid=763994)[0m         
[36m(ClientAppActor pid=763997)[0m 
[36m(ClientAppActor pid=763997)[0m         
[36m(ClientAppActor pid=763995)[0m 
[36m(ClientAppActor pid=763995)[0m         
[36m(ClientAppActor pid=763996)[0m 
[36m(ClientAppActor pid=763996)[0m         
[92mINFO [0m:      aggregate_fit: received 5 results and 0 failures
[92mINFO [0m:      fit progress: (9, 0.6009308319568634, {'accuracy': 0.8157, 'loss': 0.6009308319568634}, 164.94056069501676)
[92mINFO [0m:      configure_evaluate: strategy sampled 5 clients (out of 5)
[36m(ClientAppActor pid=763995)[0m 
[36m(ClientAppActor pid=763995)[0m         
[36m(ClientAppActor pid=763995)[0m [93mWARNING [0m:   DEPRECATED FEATURE: `client_fn` now expects a signature `def client_fn(context: Context)`.The provided `client_fn` has signature: {'cid': <Parameter "cid: str">}. You can import the `Context` like this: `from flwr.app import Context`[32m [repeated 10x across cluster][0m
[36m(ClientAppActor pid=763995)[0m             This is a deprecated feature. It will be removed[32m [repeated 10x across cluster][0m
[36m(ClientAppActor pid=763995)[0m             entirely in future versions of Flower.[32m [repeated 10x across cluster][0m
[36m(ClientAppActor pid=763997)[0m 
[36m(ClientAppActor pid=763997)[0m         
[36m(ClientAppActor pid=763994)[0m 
[36m(ClientAppActor pid=763994)[0m         
[36m(ClientAppActor pid=763996)[0m 
[36m(ClientAppActor pid=763996)[0m         
[36m(ClientAppActor pid=763998)[0m 
[36m(ClientAppActor pid=763998)[0m         
[92mINFO [0m:      aggregate_evaluate: received 5 results and 0 failures
[92mINFO [0m:      
[92mINFO [0m:      [ROUND 10]
[92mINFO [0m:      configure_fit: strategy sampled 5 clients (out of 5)
[36m(ClientAppActor pid=763998)[0m 
[36m(ClientAppActor pid=763998)[0m         
[36m(ClientAppActor pid=763996)[0m 
[36m(ClientAppActor pid=763996)[0m         
[36m(ClientAppActor pid=763997)[0m 
[36m(ClientAppActor pid=763997)[0m         
[36m(ClientAppActor pid=763994)[0m 
[36m(ClientAppActor pid=763994)[0m         
[36m(ClientAppActor pid=763995)[0m 
[36m(ClientAppActor pid=763995)[0m         
[92mINFO [0m:      aggregate_fit: received 5 results and 0 failures
[92mINFO [0m:      fit progress: (10, 0.59485827293396, {'accuracy': 0.822, 'loss': 0.59485827293396}, 183.2851443720283)
[92mINFO [0m:      configure_evaluate: strategy sampled 5 clients (out of 5)
[36m(ClientAppActor pid=763994)[0m 
[36m(ClientAppActor pid=763994)[0m         
[36m(ClientAppActor pid=763994)[0m [93mWARNING [0m:   DEPRECATED FEATURE: `client_fn` now expects a signature `def client_fn(context: Context)`.The provided `client_fn` has signature: {'cid': <Parameter "cid: str">}. You can import the `Context` like this: `from flwr.app import Context`[32m [repeated 10x across cluster][0m
[36m(ClientAppActor pid=763994)[0m             This is a deprecated feature. It will be removed[32m [repeated 10x across cluster][0m
[36m(ClientAppActor pid=763994)[0m             entirely in future versions of Flower.[32m [repeated 10x across cluster][0m
[36m(ClientAppActor pid=763997)[0m 
[36m(ClientAppActor pid=763997)[0m         
[36m(ClientAppActor pid=763998)[0m 
[36m(ClientAppActor pid=763998)[0m         
[36m(ClientAppActor pid=763995)[0m 
[36m(ClientAppActor pid=763995)[0m         
[36m(ClientAppActor pid=763996)[0m 
[36m(ClientAppActor pid=763996)[0m         
[92mINFO [0m:      aggregate_evaluate: received 5 results and 0 failures
[92mINFO [0m:      
[92mINFO [0m:      [SUMMARY]
[92mINFO [0m:      Run finished 10 round(s) in 184.13s
[92mINFO [0m:      	History (loss, distributed):
[92mINFO [0m:      		round 1: 2.266886353946004
[92mINFO [0m:      		round 2: 1.4049091743950561
[92mINFO [0m:      		round 3: 0.8654955900476435
[92mINFO [0m:      		round 4: 0.7226549273422772
[92mINFO [0m:      		round 5: 0.6523441696211126
[92mINFO [0m:      		round 6: 0.6126790825461707
[92mINFO [0m:      		round 7: 0.6275104789962787
[92mINFO [0m:      		round 8: 0.5913958872191508
[92mINFO [0m:      		round 9: 0.5926344770418541
[92mINFO [0m:      		round 10: 0.5932455946905107
[92mINFO [0m:      	History (loss, centralized):
[92mINFO [0m:      		round 0: 2.3029992992401125
[92mINFO [0m:      		round 1: 2.266088648223877
[92mINFO [0m:      		round 2: 1.4058343265533448
[92mINFO [0m:      		round 3: 0.8804958758354187
[92mINFO [0m:      		round 4: 0.7319297938346863
[92mINFO [0m:      		round 5: 0.6648062326431274
[92mINFO [0m:      		round 6: 0.6146583302974701
[92mINFO [0m:      		round 7: 0.6312313169956207
[92mINFO [0m:      		round 8: 0.6060871357917785
[92mINFO [0m:      		round 9: 0.6009308319568634
[92mINFO [0m:      		round 10: 0.59485827293396
[92mINFO [0m:      	History (metrics, distributed, fit):
[92mINFO [0m:      	{'avg_flops_per_client_round': [(1, 8140805084160.0),
[92mINFO [0m:      	                                (2, 8140805084160.0),
[92mINFO [0m:      	                                (3, 8140805084160.0),
[92mINFO [0m:      	                                (4, 8140805084160.0),
[92mINFO [0m:      	                                (5, 8140805084160.0),
[92mINFO [0m:      	                                (6, 8140805084160.0),
[92mINFO [0m:      	                                (7, 8140805084160.0),
[92mINFO [0m:      	                                (8, 8140805084160.0),
[92mINFO [0m:      	                                (9, 8140805084160.0),
[92mINFO [0m:      	                                (10, 8140805084160.0)],
[92mINFO [0m:      	 'total_flops_round': [(1, 40704025420800),
[92mINFO [0m:      	                       (2, 40704025420800),
[92mINFO [0m:      	                       (3, 40704025420800),
[92mINFO [0m:      	                       (4, 40704025420800),
[92mINFO [0m:      	                       (5, 40704025420800),
[92mINFO [0m:      	                       (6, 40704025420800),
[92mINFO [0m:      	                       (7, 40704025420800),
[92mINFO [0m:      	                       (8, 40704025420800),
[92mINFO [0m:      	                       (9, 40704025420800),
[92mINFO [0m:      	                       (10, 40704025420800)]}
[92mINFO [0m:      	History (metrics, distributed, evaluate):
[92mINFO [0m:      	{'accuracy': [(1, 0.10626375825495298),
[92mINFO [0m:      	              (2, 0.59615769461677),
[92mINFO [0m:      	              (3, 0.7164298579147489),
[92mINFO [0m:      	              (4, 0.750250150090054),
[92mINFO [0m:      	              (5, 0.7762657594556734),
[92mINFO [0m:      	              (6, 0.790074044426656),
[92mINFO [0m:      	              (7, 0.7984790874524715),
[92mINFO [0m:      	              (8, 0.8144886932159295),
[92mINFO [0m:      	              (9, 0.816690014008405),
[92mINFO [0m:      	              (10, 0.8224934960976586)],
[92mINFO [0m:      	 'loss': [(1, 2.266886353946004),
[92mINFO [0m:      	          (2, 1.4049091743950561),
[92mINFO [0m:      	          (3, 0.8654955900476435),
[92mINFO [0m:      	          (4, 0.7226549273422772),
[92mINFO [0m:      	          (5, 0.6523441696211126),
[92mINFO [0m:      	          (6, 0.6126790825461707),
[92mINFO [0m:      	          (7, 0.6275104789962787),
[92mINFO [0m:      	          (8, 0.5913958872191508),
[92mINFO [0m:      	          (9, 0.5926344770418541),
[92mINFO [0m:      	          (10, 0.5932455946905107)]}
[92mINFO [0m:      	History (metrics, centralized):
[92mINFO [0m:      	{'accuracy': [(0, 0.1),
[92mINFO [0m:      	              (1, 0.1064),
[92mINFO [0m:      	              (2, 0.5954),
[92mINFO [0m:      	              (3, 0.7118),
[92mINFO [0m:      	              (4, 0.7545),
[92mINFO [0m:      	              (5, 0.7797),
[92mINFO [0m:      	              (6, 0.7978),
[92mINFO [0m:      	              (7, 0.7958),
[92mINFO [0m:      	              (8, 0.8101),
[92mINFO [0m:      	              (9, 0.8157),
[92mINFO [0m:      	              (10, 0.822)],
[92mINFO [0m:      	 'loss': [(0, 2.3029992992401125),
[92mINFO [0m:      	          (1, 2.266088648223877),
[92mINFO [0m:      	          (2, 1.4058343265533448),
[92mINFO [0m:      	          (3, 0.8804958758354187),
[92mINFO [0m:      	          (4, 0.7319297938346863),
[92mINFO [0m:      	          (5, 0.6648062326431274),
[92mINFO [0m:      	          (6, 0.6146583302974701),
[92mINFO [0m:      	          (7, 0.6312313169956207),
[92mINFO [0m:      	          (8, 0.6060871357917785),
[92mINFO [0m:      	          (9, 0.6009308319568634),
[92mINFO [0m:      	          (10, 0.59485827293396)]}
[92mINFO [0m:      
Treinando no dispositivo: cuda:0 com o dataset: CIFAR10 | Setup clientes: 5 (num_gpus por cliente=0.2) | SEED=47 | Método: FedProx (mu=0.01)
FLOPS por amostra (forward): 6.030e+07 | (forward+backward, 3x): 1.809e+08
Files already downloaded and verified
Files already downloaded and verified
Dividindo o dataset usando a distribuição de Dirichlet com alpha=1.0.
Iniciando a simulação de Aprendizado Federado...
=== Diagnóstico de Medição de GPU ===
  pynvml_disponivel: True
  pynvml_versao: 580.173.02
  gpus_detectadas: 1
  leitura_potencia_ok: True
  potencia_atual_W: 114.761

--- Rodada 0 - Avaliação Centralizada (Servidor) ---
Loss (Servidor): 2.3030 | Acurácia (Servidor): 0.1000

--- Rodada 1 - Avaliação Centralizada (Servidor) ---
Loss (Servidor): 2.2661 | Acurácia (Servidor): 0.1064
--- Avaliação Agregada (Clientes) ---
Loss Média (Clientes): 2.2669 | Acurácia Média (Clientes): 0.1063

--- Rodada 2 - Avaliação Centralizada (Servidor) ---
Loss (Servidor): 1.4058 | Acurácia (Servidor): 0.5954
--- Avaliação Agregada (Clientes) ---
Loss Média (Clientes): 1.4049 | Acurácia Média (Clientes): 0.5962

--- Rodada 3 - Avaliação Centralizada (Servidor) ---
Loss (Servidor): 0.8805 | Acurácia (Servidor): 0.7118
--- Avaliação Agregada (Clientes) ---
Loss Média (Clientes): 0.8655 | Acurácia Média (Clientes): 0.7164

--- Rodada 4 - Avaliação Centralizada (Servidor) ---
Loss (Servidor): 0.7319 | Acurácia (Servidor): 0.7545
--- Avaliação Agregada (Clientes) ---
Loss Média (Clientes): 0.7227 | Acurácia Média (Clientes): 0.7503

--- Rodada 5 - Avaliação Centralizada (Servidor) ---
Loss (Servidor): 0.6648 | Acurácia (Servidor): 0.7797
--- Avaliação Agregada (Clientes) ---
Loss Média (Clientes): 0.6523 | Acurácia Média (Clientes): 0.7763

--- Rodada 6 - Avaliação Centralizada (Servidor) ---
Loss (Servidor): 0.6147 | Acurácia (Servidor): 0.7978
--- Avaliação Agregada (Clientes) ---
Loss Média (Clientes): 0.6127 | Acurácia Média (Clientes): 0.7901

--- Rodada 7 - Avaliação Centralizada (Servidor) ---
Loss (Servidor): 0.6312 | Acurácia (Servidor): 0.7958
--- Avaliação Agregada (Clientes) ---
Loss Média (Clientes): 0.6275 | Acurácia Média (Clientes): 0.7985

--- Rodada 8 - Avaliação Centralizada (Servidor) ---
Loss (Servidor): 0.6061 | Acurácia (Servidor): 0.8101
--- Avaliação Agregada (Clientes) ---
Loss Média (Clientes): 0.5914 | Acurácia Média (Clientes): 0.8145

--- Rodada 9 - Avaliação Centralizada (Servidor) ---
Loss (Servidor): 0.6009 | Acurácia (Servidor): 0.8157
--- Avaliação Agregada (Clientes) ---
Loss Média (Clientes): 0.5926 | Acurácia Média (Clientes): 0.8167

--- Rodada 10 - Avaliação Centralizada (Servidor) ---
Loss (Servidor): 0.5949 | Acurácia (Servidor): 0.8220
--- Avaliação Agregada (Clientes) ---
Loss Média (Clientes): 0.5932 | Acurácia Média (Clientes): 0.8225

Resultados salvos em: /home/tiago/GitHubProjects/fedhad-thesis-2/FedProx-results/1.1_diagnostico_drift/CIFAR10/FedProx__CIFAR10__Setup-5__Clients-5__Rounds-10__Delay-0_05__Alpha-1_0__Seed-47.txt
[36m(ClientAppActor pid=763996)[0m [93mWARNING [0m:   DEPRECATED FEATURE: `client_fn` now expects a signature `def client_fn(context: Context)`.The provided `client_fn` has signature: {'cid': <Parameter "cid: str">}. You can import the `Context` like this: `from flwr.app import Context`[32m [repeated 4x across cluster][0m
[36m(ClientAppActor pid=763996)[0m             This is a deprecated feature. It will be removed[32m [repeated 4x across cluster][0m
[36m(ClientAppActor pid=763996)[0m             entirely in future versions of Flower.[32m [repeated 4x across cluster][0m
