[codecarbon WARNING @ 15:40:43] Multiple instances of codecarbon are allowed to run at the same time.
[93mWARNING [0m:   DEPRECATED FEATURE: flwr.simulation.start_simulation() is deprecated.
	Instead, use the `flwr run` CLI command to start a local simulation in your Flower app, as shown for example below:

		$ flwr new  # Create a new Flower app from a template

		$ flwr run  # Run the Flower app in Simulation Mode

	Using `start_simulation()` is deprecated.

            This is a deprecated feature. It will be removed
            entirely in future versions of Flower.
        
[92mINFO [0m:      Starting Flower simulation, config: num_rounds=10, no round_timeout
2026-09-04 15:40:51,683	INFO worker.py:2012 -- Started a local Ray instance.
/home/tiago/GitHubProjects/fedhad-thesis-2/env_flwr_pt/lib/python3.12/site-packages/ray/_private/worker.py:2051: FutureWarning: Tip: In future versions of Ray, Ray will no longer override accelerator visible devices env var if num_gpus=0 or num_gpus=None (default). To enable this behavior and turn off this error message, set RAY_ACCEL_ENV_VAR_OVERRIDE_ON_ZERO=0
  warnings.warn(
[92mINFO [0m:      Flower VCE: Ray initialized with resources: {'node:__internal_head__': 1.0, 'object_store_memory': 77446800998.0, 'GPU': 1.0, 'accelerator_type:A40': 1.0, 'CPU': 64.0, 'node:10.129.64.100': 1.0, 'memory': 180709202330.0}
[92mINFO [0m:      Optimize your simulation with Flower VCE: https://flower.ai/docs/framework/how-to-run-simulations.html
/home/tiago/GitHubProjects/fedhad-thesis-2/FedProx_Final.py:1601: UserWarning: No `num_cpus` specified in `client_resources`. Using `num_cpus=1` for each client.
  history = fl.simulation.start_simulation(
[92mINFO [0m:      Flower VCE: Resources for each Virtual Client: {'num_gpus': 0.2, 'num_cpus': 1}
[92mINFO [0m:      Flower VCE: Creating VirtualClientEngineActorPool with 5 actors
[92mINFO [0m:      [INIT]
[92mINFO [0m:      Requesting initial parameters from one random client
[36m(ClientAppActor pid=901210)[0m [93mWARNING [0m:   DEPRECATED FEATURE: `client_fn` now expects a signature `def client_fn(context: Context)`.The provided `client_fn` has signature: {'cid': <Parameter "cid: str">}. You can import the `Context` like this: `from flwr.app import Context`
[36m(ClientAppActor pid=901210)[0m 
[36m(ClientAppActor pid=901210)[0m             This is a deprecated feature. It will be removed
[36m(ClientAppActor pid=901210)[0m             entirely in future versions of Flower.
[36m(ClientAppActor pid=901210)[0m         
[92mINFO [0m:      Received initial parameters from one random client
[92mINFO [0m:      Starting evaluation of initial global parameters
[92mINFO [0m:      initial parameters (loss, other metrics): 2.303609976196289, {'accuracy': 0.1, 'loss': 2.303609976196289}
[92mINFO [0m:      
[92mINFO [0m:      [ROUND 1]
[92mINFO [0m:      configure_fit: strategy sampled 5 clients (out of 5)
[36m(ClientAppActor pid=901210)[0m [93mWARNING [0m:   DEPRECATED FEATURE: `client_fn` now expects a signature `def client_fn(context: Context)`.The provided `client_fn` has signature: {'cid': <Parameter "cid: str">}. You can import the `Context` like this: `from flwr.app import Context`
[36m(ClientAppActor pid=901210)[0m 
[36m(ClientAppActor pid=901210)[0m             This is a deprecated feature. It will be removed
[36m(ClientAppActor pid=901210)[0m             entirely in future versions of Flower.
[36m(ClientAppActor pid=901210)[0m         
[36m(ClientAppActor pid=901211)[0m 
[36m(ClientAppActor pid=901211)[0m         
[36m(ClientAppActor pid=901212)[0m 
[36m(ClientAppActor pid=901212)[0m         
[36m(ClientAppActor pid=901209)[0m 
[36m(ClientAppActor pid=901209)[0m         
[36m(ClientAppActor pid=901208)[0m 
[36m(ClientAppActor pid=901208)[0m         
[92mINFO [0m:      aggregate_fit: received 5 results and 0 failures
[92mINFO [0m:      fit progress: (1, 2.2909929969787597, {'accuracy': 0.1551, 'loss': 2.2909929969787597}, 21.259444219991565)
[92mINFO [0m:      configure_evaluate: strategy sampled 5 clients (out of 5)
[36m(ClientAppActor pid=901210)[0m 
[36m(ClientAppActor pid=901210)[0m         
[36m(ClientAppActor pid=901210)[0m [93mWARNING [0m:   DEPRECATED FEATURE: `client_fn` now expects a signature `def client_fn(context: Context)`.The provided `client_fn` has signature: {'cid': <Parameter "cid: str">}. You can import the `Context` like this: `from flwr.app import Context`[32m [repeated 5x across cluster] (Ray deduplicates logs by default. Set RAY_DEDUP_LOGS=0 to disable log deduplication, or see https://docs.ray.io/en/master/ray-observability/user-guides/configure-logging.html#log-deduplication for more options.)[0m
[36m(ClientAppActor pid=901210)[0m             This is a deprecated feature. It will be removed[32m [repeated 5x across cluster][0m
[36m(ClientAppActor pid=901210)[0m             entirely in future versions of Flower.[32m [repeated 5x across cluster][0m
[36m(ClientAppActor pid=901209)[0m 
[36m(ClientAppActor pid=901209)[0m         
[36m(ClientAppActor pid=901212)[0m 
[36m(ClientAppActor pid=901212)[0m         
[36m(ClientAppActor pid=901208)[0m 
[36m(ClientAppActor pid=901208)[0m         
[36m(ClientAppActor pid=901211)[0m 
[36m(ClientAppActor pid=901211)[0m         
[92mINFO [0m:      aggregate_evaluate: received 5 results and 0 failures
[92mINFO [0m:      
[92mINFO [0m:      [ROUND 2]
[92mINFO [0m:      configure_fit: strategy sampled 5 clients (out of 5)
[36m(ClientAppActor pid=901211)[0m 
[36m(ClientAppActor pid=901211)[0m         
[36m(ClientAppActor pid=901208)[0m 
[36m(ClientAppActor pid=901208)[0m         
[36m(ClientAppActor pid=901212)[0m 
[36m(ClientAppActor pid=901212)[0m         
[36m(ClientAppActor pid=901209)[0m 
[36m(ClientAppActor pid=901209)[0m         
[36m(ClientAppActor pid=901210)[0m 
[36m(ClientAppActor pid=901210)[0m         
[92mINFO [0m:      aggregate_fit: received 5 results and 0 failures
[92mINFO [0m:      fit progress: (2, 2.097945171737671, {'accuracy': 0.3049, 'loss': 2.097945171737671}, 44.11980283400044)
[92mINFO [0m:      configure_evaluate: strategy sampled 5 clients (out of 5)
[36m(ClientAppActor pid=901210)[0m 
[36m(ClientAppActor pid=901210)[0m         
[36m(ClientAppActor pid=901210)[0m [93mWARNING [0m:   DEPRECATED FEATURE: `client_fn` now expects a signature `def client_fn(context: Context)`.The provided `client_fn` has signature: {'cid': <Parameter "cid: str">}. You can import the `Context` like this: `from flwr.app import Context`[32m [repeated 10x across cluster][0m
[36m(ClientAppActor pid=901210)[0m             This is a deprecated feature. It will be removed[32m [repeated 10x across cluster][0m
[36m(ClientAppActor pid=901210)[0m             entirely in future versions of Flower.[32m [repeated 10x across cluster][0m
[36m(ClientAppActor pid=901212)[0m 
[36m(ClientAppActor pid=901212)[0m         
[36m(ClientAppActor pid=901208)[0m 
[36m(ClientAppActor pid=901208)[0m         
[36m(ClientAppActor pid=901209)[0m 
[36m(ClientAppActor pid=901209)[0m         
[36m(ClientAppActor pid=901211)[0m 
[36m(ClientAppActor pid=901211)[0m         
[92mINFO [0m:      aggregate_evaluate: received 5 results and 0 failures
[92mINFO [0m:      
[92mINFO [0m:      [ROUND 3]
[92mINFO [0m:      configure_fit: strategy sampled 5 clients (out of 5)
[36m(ClientAppActor pid=901211)[0m 
[36m(ClientAppActor pid=901211)[0m         
[36m(ClientAppActor pid=901209)[0m 
[36m(ClientAppActor pid=901209)[0m         
[36m(ClientAppActor pid=901208)[0m 
[36m(ClientAppActor pid=901208)[0m         
[36m(ClientAppActor pid=901212)[0m 
[36m(ClientAppActor pid=901212)[0m         
[36m(ClientAppActor pid=901210)[0m 
[36m(ClientAppActor pid=901210)[0m         
[92mINFO [0m:      aggregate_fit: received 5 results and 0 failures
[92mINFO [0m:      fit progress: (3, 1.8966442066192626, {'accuracy': 0.3496, 'loss': 1.8966442066192626}, 66.48770162696019)
[92mINFO [0m:      configure_evaluate: strategy sampled 5 clients (out of 5)
[36m(ClientAppActor pid=901209)[0m 
[36m(ClientAppActor pid=901209)[0m         
[36m(ClientAppActor pid=901209)[0m [93mWARNING [0m:   DEPRECATED FEATURE: `client_fn` now expects a signature `def client_fn(context: Context)`.The provided `client_fn` has signature: {'cid': <Parameter "cid: str">}. You can import the `Context` like this: `from flwr.app import Context`[32m [repeated 10x across cluster][0m
[36m(ClientAppActor pid=901209)[0m             This is a deprecated feature. It will be removed[32m [repeated 10x across cluster][0m
[36m(ClientAppActor pid=901209)[0m             entirely in future versions of Flower.[32m [repeated 10x across cluster][0m
[36m(ClientAppActor pid=901211)[0m 
[36m(ClientAppActor pid=901211)[0m         
[36m(ClientAppActor pid=901210)[0m 
[36m(ClientAppActor pid=901210)[0m         
[36m(ClientAppActor pid=901212)[0m 
[36m(ClientAppActor pid=901212)[0m         
[36m(ClientAppActor pid=901208)[0m 
[36m(ClientAppActor pid=901208)[0m         
[92mINFO [0m:      aggregate_evaluate: received 5 results and 0 failures
[92mINFO [0m:      
[92mINFO [0m:      [ROUND 4]
[92mINFO [0m:      configure_fit: strategy sampled 5 clients (out of 5)
[36m(ClientAppActor pid=901208)[0m 
[36m(ClientAppActor pid=901208)[0m         
[36m(ClientAppActor pid=901212)[0m 
[36m(ClientAppActor pid=901212)[0m         
[36m(ClientAppActor pid=901211)[0m 
[36m(ClientAppActor pid=901211)[0m         
[36m(ClientAppActor pid=901210)[0m 
[36m(ClientAppActor pid=901210)[0m         
[36m(ClientAppActor pid=901209)[0m 
[36m(ClientAppActor pid=901209)[0m         
[92mINFO [0m:      aggregate_fit: received 5 results and 0 failures
[92mINFO [0m:      fit progress: (4, 1.9058155727386474, {'accuracy': 0.3835, 'loss': 1.9058155727386474}, 88.94790058396757)
[92mINFO [0m:      configure_evaluate: strategy sampled 5 clients (out of 5)
[36m(ClientAppActor pid=901209)[0m 
[36m(ClientAppActor pid=901209)[0m         
[36m(ClientAppActor pid=901209)[0m [93mWARNING [0m:   DEPRECATED FEATURE: `client_fn` now expects a signature `def client_fn(context: Context)`.The provided `client_fn` has signature: {'cid': <Parameter "cid: str">}. You can import the `Context` like this: `from flwr.app import Context`[32m [repeated 10x across cluster][0m
[36m(ClientAppActor pid=901209)[0m             This is a deprecated feature. It will be removed[32m [repeated 10x across cluster][0m
[36m(ClientAppActor pid=901209)[0m             entirely in future versions of Flower.[32m [repeated 10x across cluster][0m
[36m(ClientAppActor pid=901212)[0m 
[36m(ClientAppActor pid=901212)[0m         
[36m(ClientAppActor pid=901208)[0m 
[36m(ClientAppActor pid=901208)[0m         
[36m(ClientAppActor pid=901210)[0m 
[36m(ClientAppActor pid=901210)[0m         
[36m(ClientAppActor pid=901211)[0m 
[36m(ClientAppActor pid=901211)[0m         
[92mINFO [0m:      aggregate_evaluate: received 5 results and 0 failures
[92mINFO [0m:      
[92mINFO [0m:      [ROUND 5]
[92mINFO [0m:      configure_fit: strategy sampled 5 clients (out of 5)
[36m(ClientAppActor pid=901210)[0m 
[36m(ClientAppActor pid=901210)[0m         
[36m(ClientAppActor pid=901211)[0m 
[36m(ClientAppActor pid=901211)[0m         
[36m(ClientAppActor pid=901208)[0m 
[36m(ClientAppActor pid=901208)[0m         
[36m(ClientAppActor pid=901212)[0m 
[36m(ClientAppActor pid=901212)[0m         
[36m(ClientAppActor pid=901209)[0m 
[36m(ClientAppActor pid=901209)[0m         
[92mINFO [0m:      aggregate_fit: received 5 results and 0 failures
[92mINFO [0m:      fit progress: (5, 1.820663397216797, {'accuracy': 0.4064, 'loss': 1.820663397216797}, 110.98742282495368)
[92mINFO [0m:      configure_evaluate: strategy sampled 5 clients (out of 5)
[36m(ClientAppActor pid=901211)[0m 
[36m(ClientAppActor pid=901211)[0m         
[36m(ClientAppActor pid=901211)[0m [93mWARNING [0m:   DEPRECATED FEATURE: `client_fn` now expects a signature `def client_fn(context: Context)`.The provided `client_fn` has signature: {'cid': <Parameter "cid: str">}. You can import the `Context` like this: `from flwr.app import Context`[32m [repeated 10x across cluster][0m
[36m(ClientAppActor pid=901211)[0m             This is a deprecated feature. It will be removed[32m [repeated 10x across cluster][0m
[36m(ClientAppActor pid=901211)[0m             entirely in future versions of Flower.[32m [repeated 10x across cluster][0m
[36m(ClientAppActor pid=901208)[0m 
[36m(ClientAppActor pid=901208)[0m         
[36m(ClientAppActor pid=901212)[0m 
[36m(ClientAppActor pid=901212)[0m         
[36m(ClientAppActor pid=901209)[0m 
[36m(ClientAppActor pid=901209)[0m         
[36m(ClientAppActor pid=901210)[0m 
[36m(ClientAppActor pid=901210)[0m         
[92mINFO [0m:      aggregate_evaluate: received 5 results and 0 failures
[92mINFO [0m:      
[92mINFO [0m:      [ROUND 6]
[92mINFO [0m:      configure_fit: strategy sampled 5 clients (out of 5)
[36m(ClientAppActor pid=901210)[0m 
[36m(ClientAppActor pid=901210)[0m         
[36m(ClientAppActor pid=901209)[0m 
[36m(ClientAppActor pid=901209)[0m         
[36m(ClientAppActor pid=901212)[0m 
[36m(ClientAppActor pid=901212)[0m         
[36m(ClientAppActor pid=901208)[0m 
[36m(ClientAppActor pid=901208)[0m         
[36m(ClientAppActor pid=901211)[0m 
[36m(ClientAppActor pid=901211)[0m         
[92mINFO [0m:      aggregate_fit: received 5 results and 0 failures
[92mINFO [0m:      fit progress: (6, 1.8792473667144776, {'accuracy': 0.4318, 'loss': 1.8792473667144776}, 132.83098807599163)
[92mINFO [0m:      configure_evaluate: strategy sampled 5 clients (out of 5)
[36m(ClientAppActor pid=901210)[0m 
[36m(ClientAppActor pid=901210)[0m         
[36m(ClientAppActor pid=901210)[0m [93mWARNING [0m:   DEPRECATED FEATURE: `client_fn` now expects a signature `def client_fn(context: Context)`.The provided `client_fn` has signature: {'cid': <Parameter "cid: str">}. You can import the `Context` like this: `from flwr.app import Context`[32m [repeated 10x across cluster][0m
[36m(ClientAppActor pid=901210)[0m             This is a deprecated feature. It will be removed[32m [repeated 10x across cluster][0m
[36m(ClientAppActor pid=901210)[0m             entirely in future versions of Flower.[32m [repeated 10x across cluster][0m
[36m(ClientAppActor pid=901208)[0m 
[36m(ClientAppActor pid=901208)[0m         
[36m(ClientAppActor pid=901212)[0m 
[36m(ClientAppActor pid=901212)[0m         
[36m(ClientAppActor pid=901211)[0m 
[36m(ClientAppActor pid=901211)[0m         
[36m(ClientAppActor pid=901209)[0m 
[36m(ClientAppActor pid=901209)[0m         
[92mINFO [0m:      aggregate_evaluate: received 5 results and 0 failures
[92mINFO [0m:      
[92mINFO [0m:      [ROUND 7]
[92mINFO [0m:      configure_fit: strategy sampled 5 clients (out of 5)
[36m(ClientAppActor pid=901209)[0m 
[36m(ClientAppActor pid=901209)[0m         
[36m(ClientAppActor pid=901212)[0m 
[36m(ClientAppActor pid=901212)[0m         
[36m(ClientAppActor pid=901211)[0m 
[36m(ClientAppActor pid=901211)[0m         
[36m(ClientAppActor pid=901208)[0m 
[36m(ClientAppActor pid=901208)[0m         
[36m(ClientAppActor pid=901210)[0m 
[36m(ClientAppActor pid=901210)[0m         
[92mINFO [0m:      aggregate_fit: received 5 results and 0 failures
[92mINFO [0m:      fit progress: (7, 1.686460771560669, {'accuracy': 0.4552, 'loss': 1.686460771560669}, 155.15155892894836)
[92mINFO [0m:      configure_evaluate: strategy sampled 5 clients (out of 5)
[36m(ClientAppActor pid=901208)[0m 
[36m(ClientAppActor pid=901208)[0m         
[36m(ClientAppActor pid=901208)[0m [93mWARNING [0m:   DEPRECATED FEATURE: `client_fn` now expects a signature `def client_fn(context: Context)`.The provided `client_fn` has signature: {'cid': <Parameter "cid: str">}. You can import the `Context` like this: `from flwr.app import Context`[32m [repeated 10x across cluster][0m
[36m(ClientAppActor pid=901208)[0m             This is a deprecated feature. It will be removed[32m [repeated 10x across cluster][0m
[36m(ClientAppActor pid=901208)[0m             entirely in future versions of Flower.[32m [repeated 10x across cluster][0m
[36m(ClientAppActor pid=901212)[0m 
[36m(ClientAppActor pid=901212)[0m         
[36m(ClientAppActor pid=901209)[0m 
[36m(ClientAppActor pid=901209)[0m         
[36m(ClientAppActor pid=901210)[0m 
[36m(ClientAppActor pid=901210)[0m         
[36m(ClientAppActor pid=901211)[0m 
[36m(ClientAppActor pid=901211)[0m         
[92mINFO [0m:      aggregate_evaluate: received 5 results and 0 failures
[92mINFO [0m:      
[92mINFO [0m:      [ROUND 8]
[92mINFO [0m:      configure_fit: strategy sampled 5 clients (out of 5)
[36m(ClientAppActor pid=901211)[0m 
[36m(ClientAppActor pid=901211)[0m         
[36m(ClientAppActor pid=901210)[0m 
[36m(ClientAppActor pid=901210)[0m         
[36m(ClientAppActor pid=901209)[0m 
[36m(ClientAppActor pid=901209)[0m         
[36m(ClientAppActor pid=901208)[0m 
[36m(ClientAppActor pid=901208)[0m         
[36m(ClientAppActor pid=901212)[0m 
[36m(ClientAppActor pid=901212)[0m         
[92mINFO [0m:      aggregate_fit: received 5 results and 0 failures
[92mINFO [0m:      fit progress: (8, 1.639265244293213, {'accuracy': 0.4727, 'loss': 1.639265244293213}, 177.56517806195188)
[92mINFO [0m:      configure_evaluate: strategy sampled 5 clients (out of 5)
[36m(ClientAppActor pid=901212)[0m 
[36m(ClientAppActor pid=901212)[0m         
[36m(ClientAppActor pid=901212)[0m [93mWARNING [0m:   DEPRECATED FEATURE: `client_fn` now expects a signature `def client_fn(context: Context)`.The provided `client_fn` has signature: {'cid': <Parameter "cid: str">}. You can import the `Context` like this: `from flwr.app import Context`[32m [repeated 10x across cluster][0m
[36m(ClientAppActor pid=901212)[0m             This is a deprecated feature. It will be removed[32m [repeated 10x across cluster][0m
[36m(ClientAppActor pid=901212)[0m             entirely in future versions of Flower.[32m [repeated 10x across cluster][0m
[36m(ClientAppActor pid=901208)[0m 
[36m(ClientAppActor pid=901208)[0m         
[36m(ClientAppActor pid=901210)[0m 
[36m(ClientAppActor pid=901210)[0m         
[36m(ClientAppActor pid=901209)[0m 
[36m(ClientAppActor pid=901209)[0m         
[36m(ClientAppActor pid=901211)[0m 
[36m(ClientAppActor pid=901211)[0m         
[92mINFO [0m:      aggregate_evaluate: received 5 results and 0 failures
[92mINFO [0m:      
[92mINFO [0m:      [ROUND 9]
[92mINFO [0m:      configure_fit: strategy sampled 5 clients (out of 5)
[36m(ClientAppActor pid=901211)[0m 
[36m(ClientAppActor pid=901211)[0m         
[36m(ClientAppActor pid=901210)[0m 
[36m(ClientAppActor pid=901210)[0m         
[36m(ClientAppActor pid=901209)[0m 
[36m(ClientAppActor pid=901209)[0m         
[36m(ClientAppActor pid=901208)[0m 
[36m(ClientAppActor pid=901208)[0m         
[36m(ClientAppActor pid=901212)[0m 
[36m(ClientAppActor pid=901212)[0m         
[92mINFO [0m:      aggregate_fit: received 5 results and 0 failures
[92mINFO [0m:      fit progress: (9, 1.623269153213501, {'accuracy': 0.4795, 'loss': 1.623269153213501}, 199.91732885397505)
[92mINFO [0m:      configure_evaluate: strategy sampled 5 clients (out of 5)
[36m(ClientAppActor pid=901210)[0m 
[36m(ClientAppActor pid=901210)[0m         
[36m(ClientAppActor pid=901210)[0m [93mWARNING [0m:   DEPRECATED FEATURE: `client_fn` now expects a signature `def client_fn(context: Context)`.The provided `client_fn` has signature: {'cid': <Parameter "cid: str">}. You can import the `Context` like this: `from flwr.app import Context`[32m [repeated 10x across cluster][0m
[36m(ClientAppActor pid=901210)[0m             This is a deprecated feature. It will be removed[32m [repeated 10x across cluster][0m
[36m(ClientAppActor pid=901210)[0m             entirely in future versions of Flower.[32m [repeated 10x across cluster][0m
[36m(ClientAppActor pid=901209)[0m 
[36m(ClientAppActor pid=901209)[0m         
[36m(ClientAppActor pid=901208)[0m 
[36m(ClientAppActor pid=901208)[0m         
[36m(ClientAppActor pid=901212)[0m 
[36m(ClientAppActor pid=901212)[0m         
[36m(ClientAppActor pid=901211)[0m 
[36m(ClientAppActor pid=901211)[0m         
[92mINFO [0m:      aggregate_evaluate: received 5 results and 0 failures
[92mINFO [0m:      
[92mINFO [0m:      [ROUND 10]
[92mINFO [0m:      configure_fit: strategy sampled 5 clients (out of 5)
[36m(ClientAppActor pid=901211)[0m 
[36m(ClientAppActor pid=901211)[0m         
[36m(ClientAppActor pid=901212)[0m 
[36m(ClientAppActor pid=901212)[0m         
[36m(ClientAppActor pid=901208)[0m 
[36m(ClientAppActor pid=901208)[0m         
[36m(ClientAppActor pid=901209)[0m 
[36m(ClientAppActor pid=901209)[0m         
[36m(ClientAppActor pid=901210)[0m 
[36m(ClientAppActor pid=901210)[0m         
[92mINFO [0m:      aggregate_fit: received 5 results and 0 failures
[92mINFO [0m:      fit progress: (10, 1.6644724418640138, {'accuracy': 0.479, 'loss': 1.6644724418640138}, 222.10145671496866)
[92mINFO [0m:      configure_evaluate: strategy sampled 5 clients (out of 5)
[36m(ClientAppActor pid=901208)[0m 
[36m(ClientAppActor pid=901208)[0m         
[36m(ClientAppActor pid=901208)[0m [93mWARNING [0m:   DEPRECATED FEATURE: `client_fn` now expects a signature `def client_fn(context: Context)`.The provided `client_fn` has signature: {'cid': <Parameter "cid: str">}. You can import the `Context` like this: `from flwr.app import Context`[32m [repeated 10x across cluster][0m
[36m(ClientAppActor pid=901208)[0m             This is a deprecated feature. It will be removed[32m [repeated 10x across cluster][0m
[36m(ClientAppActor pid=901208)[0m             entirely in future versions of Flower.[32m [repeated 10x across cluster][0m
[36m(ClientAppActor pid=901210)[0m 
[36m(ClientAppActor pid=901210)[0m         
[36m(ClientAppActor pid=901211)[0m 
[36m(ClientAppActor pid=901211)[0m         
[36m(ClientAppActor pid=901209)[0m 
[36m(ClientAppActor pid=901209)[0m         
[36m(ClientAppActor pid=901212)[0m 
[36m(ClientAppActor pid=901212)[0m         
[92mINFO [0m:      aggregate_evaluate: received 5 results and 0 failures
[92mINFO [0m:      
[92mINFO [0m:      [SUMMARY]
[92mINFO [0m:      Run finished 10 round(s) in 222.85s
[92mINFO [0m:      	History (loss, distributed):
[92mINFO [0m:      		round 1: 2.292566141001485
[92mINFO [0m:      		round 2: 2.1103883101525702
[92mINFO [0m:      		round 3: 1.9081985029513227
[92mINFO [0m:      		round 4: 1.9342836451592458
[92mINFO [0m:      		round 5: 1.834688209991356
[92mINFO [0m:      		round 6: 1.9109147554351034
[92mINFO [0m:      		round 7: 1.7137038550345414
[92mINFO [0m:      		round 8: 1.6683624048880707
[92mINFO [0m:      		round 9: 1.6489278722534324
[92mINFO [0m:      		round 10: 1.6867758791717107
[92mINFO [0m:      	History (loss, centralized):
[92mINFO [0m:      		round 0: 2.303609976196289
[92mINFO [0m:      		round 1: 2.2909929969787597
[92mINFO [0m:      		round 2: 2.097945171737671
[92mINFO [0m:      		round 3: 1.8966442066192626
[92mINFO [0m:      		round 4: 1.9058155727386474
[92mINFO [0m:      		round 5: 1.820663397216797
[92mINFO [0m:      		round 6: 1.8792473667144776
[92mINFO [0m:      		round 7: 1.686460771560669
[92mINFO [0m:      		round 8: 1.639265244293213
[92mINFO [0m:      		round 9: 1.623269153213501
[92mINFO [0m:      		round 10: 1.6644724418640138
[92mINFO [0m:      	History (metrics, distributed, fit):
[92mINFO [0m:      	{'avg_flops_per_client_round': [(1, 8140443294720.0),
[92mINFO [0m:      	                                (2, 8140443294720.0),
[92mINFO [0m:      	                                (3, 8140443294720.0),
[92mINFO [0m:      	                                (4, 8140443294720.0),
[92mINFO [0m:      	                                (5, 8140443294720.0),
[92mINFO [0m:      	                                (6, 8140443294720.0),
[92mINFO [0m:      	                                (7, 8140443294720.0),
[92mINFO [0m:      	                                (8, 8140443294720.0),
[92mINFO [0m:      	                                (9, 8140443294720.0),
[92mINFO [0m:      	                                (10, 8140443294720.0)],
[92mINFO [0m:      	 'total_flops_round': [(1, 40702216473600),
[92mINFO [0m:      	                       (2, 40702216473600),
[92mINFO [0m:      	                       (3, 40702216473600),
[92mINFO [0m:      	                       (4, 40702216473600),
[92mINFO [0m:      	                       (5, 40702216473600),
[92mINFO [0m:      	                       (6, 40702216473600),
[92mINFO [0m:      	                       (7, 40702216473600),
[92mINFO [0m:      	                       (8, 40702216473600),
[92mINFO [0m:      	                       (9, 40702216473600),
[92mINFO [0m:      	                       (10, 40702216473600)]}
[92mINFO [0m:      	History (metrics, distributed, evaluate):
[92mINFO [0m:      	{'accuracy': [(1, 0.15243048609721943),
[92mINFO [0m:      	              (2, 0.3050610122024405),
[92mINFO [0m:      	              (3, 0.34366873374674933),
[92mINFO [0m:      	              (4, 0.379875975195039),
[92mINFO [0m:      	              (5, 0.4034806961392278),
[92mINFO [0m:      	              (6, 0.4240848169633927),
[92mINFO [0m:      	              (7, 0.45149029805961194),
[92mINFO [0m:      	              (8, 0.46829365873174633),
[92mINFO [0m:      	              (9, 0.47349469893978796),
[92mINFO [0m:      	              (10, 0.47989597919583915)],
[92mINFO [0m:      	 'loss': [(1, 2.292566141001485),
[92mINFO [0m:      	          (2, 2.1103883101525702),
[92mINFO [0m:      	          (3, 1.9081985029513227),
[92mINFO [0m:      	          (4, 1.9342836451592458),
[92mINFO [0m:      	          (5, 1.834688209991356),
[92mINFO [0m:      	          (6, 1.9109147554351034),
[92mINFO [0m:      	          (7, 1.7137038550345414),
[92mINFO [0m:      	          (8, 1.6683624048880707),
[92mINFO [0m:      	          (9, 1.6489278722534324),
[92mINFO [0m:      	          (10, 1.6867758791717107)]}
[92mINFO [0m:      	History (metrics, centralized):
[92mINFO [0m:      	{'accuracy': [(0, 0.1),
[92mINFO [0m:      	              (1, 0.1551),
[92mINFO [0m:      	              (2, 0.3049),
[92mINFO [0m:      	              (3, 0.3496),
[92mINFO [0m:      	              (4, 0.3835),
[92mINFO [0m:      	              (5, 0.4064),
[92mINFO [0m:      	              (6, 0.4318),
[92mINFO [0m:      	              (7, 0.4552),
[92mINFO [0m:      	              (8, 0.4727),
[92mINFO [0m:      	              (9, 0.4795),
[92mINFO [0m:      	              (10, 0.479)],
[92mINFO [0m:      	 'loss': [(0, 2.303609976196289),
[92mINFO [0m:      	          (1, 2.2909929969787597),
[92mINFO [0m:      	          (2, 2.097945171737671),
[92mINFO [0m:      	          (3, 1.8966442066192626),
[92mINFO [0m:      	          (4, 1.9058155727386474),
[92mINFO [0m:      	          (5, 1.820663397216797),
[92mINFO [0m:      	          (6, 1.8792473667144776),
[92mINFO [0m:      	          (7, 1.686460771560669),
[92mINFO [0m:      	          (8, 1.639265244293213),
[92mINFO [0m:      	          (9, 1.623269153213501),
[92mINFO [0m:      	          (10, 1.6644724418640138)]}
[92mINFO [0m:      
Treinando no dispositivo: cuda:0 com o dataset: CIFAR10 | Setup clientes: 5 (num_gpus por cliente=0.2) | SEED=43 | Método: FedProx (mu=0.01)
FLOPS por amostra (forward): 6.030e+07 | (forward+backward, 3x): 1.809e+08
Files already downloaded and verified
Files already downloaded and verified
Dividindo o dataset usando a distribuição de Dirichlet com alpha=0.01.
Iniciando a simulação de Aprendizado Federado...
=== Diagnóstico de Medição de GPU ===
  pynvml_disponivel: True
  pynvml_versao: 580.173.02
  gpus_detectadas: 1
  leitura_potencia_ok: True
  potencia_atual_W: 113.791

--- Rodada 0 - Avaliação Centralizada (Servidor) ---
Loss (Servidor): 2.3036 | Acurácia (Servidor): 0.1000

--- Rodada 1 - Avaliação Centralizada (Servidor) ---
Loss (Servidor): 2.2910 | Acurácia (Servidor): 0.1551
--- Avaliação Agregada (Clientes) ---
Loss Média (Clientes): 2.2926 | Acurácia Média (Clientes): 0.1524

--- Rodada 2 - Avaliação Centralizada (Servidor) ---
Loss (Servidor): 2.0979 | Acurácia (Servidor): 0.3049
--- Avaliação Agregada (Clientes) ---
Loss Média (Clientes): 2.1104 | Acurácia Média (Clientes): 0.3051

--- Rodada 3 - Avaliação Centralizada (Servidor) ---
Loss (Servidor): 1.8966 | Acurácia (Servidor): 0.3496
--- Avaliação Agregada (Clientes) ---
Loss Média (Clientes): 1.9082 | Acurácia Média (Clientes): 0.3437

--- Rodada 4 - Avaliação Centralizada (Servidor) ---
Loss (Servidor): 1.9058 | Acurácia (Servidor): 0.3835
--- Avaliação Agregada (Clientes) ---
Loss Média (Clientes): 1.9343 | Acurácia Média (Clientes): 0.3799

--- Rodada 5 - Avaliação Centralizada (Servidor) ---
Loss (Servidor): 1.8207 | Acurácia (Servidor): 0.4064
--- Avaliação Agregada (Clientes) ---
Loss Média (Clientes): 1.8347 | Acurácia Média (Clientes): 0.4035

--- Rodada 6 - Avaliação Centralizada (Servidor) ---
Loss (Servidor): 1.8792 | Acurácia (Servidor): 0.4318
--- Avaliação Agregada (Clientes) ---
Loss Média (Clientes): 1.9109 | Acurácia Média (Clientes): 0.4241

--- Rodada 7 - Avaliação Centralizada (Servidor) ---
Loss (Servidor): 1.6865 | Acurácia (Servidor): 0.4552
--- Avaliação Agregada (Clientes) ---
Loss Média (Clientes): 1.7137 | Acurácia Média (Clientes): 0.4515

--- Rodada 8 - Avaliação Centralizada (Servidor) ---
Loss (Servidor): 1.6393 | Acurácia (Servidor): 0.4727
--- Avaliação Agregada (Clientes) ---
Loss Média (Clientes): 1.6684 | Acurácia Média (Clientes): 0.4683

--- Rodada 9 - Avaliação Centralizada (Servidor) ---
Loss (Servidor): 1.6233 | Acurácia (Servidor): 0.4795
--- Avaliação Agregada (Clientes) ---
Loss Média (Clientes): 1.6489 | Acurácia Média (Clientes): 0.4735

--- Rodada 10 - Avaliação Centralizada (Servidor) ---
Loss (Servidor): 1.6645 | Acurácia (Servidor): 0.4790
--- Avaliação Agregada (Clientes) ---
Loss Média (Clientes): 1.6868 | Acurácia Média (Clientes): 0.4799

Resultados salvos em: /home/tiago/GitHubProjects/fedhad-thesis-2/FedProx-results/1.1_diagnostico_drift/CIFAR10/FedProx__CIFAR10__Setup-5__Clients-5__Rounds-10__Delay-0_05__Alpha-0_01__Seed-43.txt
[36m(ClientAppActor pid=901212)[0m [93mWARNING [0m:   DEPRECATED FEATURE: `client_fn` now expects a signature `def client_fn(context: Context)`.The provided `client_fn` has signature: {'cid': <Parameter "cid: str">}. You can import the `Context` like this: `from flwr.app import Context`[32m [repeated 4x across cluster][0m
[36m(ClientAppActor pid=901212)[0m             This is a deprecated feature. It will be removed[32m [repeated 4x across cluster][0m
[36m(ClientAppActor pid=901212)[0m             entirely in future versions of Flower.[32m [repeated 4x across cluster][0m
