[codecarbon WARNING @ 15:44:52] Multiple instances of codecarbon are allowed to run at the same time.
[93mWARNING [0m:   DEPRECATED FEATURE: flwr.simulation.start_simulation() is deprecated.
	Instead, use the `flwr run` CLI command to start a local simulation in your Flower app, as shown for example below:

		$ flwr new  # Create a new Flower app from a template

		$ flwr run  # Run the Flower app in Simulation Mode

	Using `start_simulation()` is deprecated.

            This is a deprecated feature. It will be removed
            entirely in future versions of Flower.
        
[92mINFO [0m:      Starting Flower simulation, config: num_rounds=10, no round_timeout
2026-09-04 15:45:01,022	INFO worker.py:2012 -- Started a local Ray instance.
/home/tiago/GitHubProjects/fedhad-thesis-2/env_flwr_pt/lib/python3.12/site-packages/ray/_private/worker.py:2051: FutureWarning: Tip: In future versions of Ray, Ray will no longer override accelerator visible devices env var if num_gpus=0 or num_gpus=None (default). To enable this behavior and turn off this error message, set RAY_ACCEL_ENV_VAR_OVERRIDE_ON_ZERO=0
  warnings.warn(
[92mINFO [0m:      Flower VCE: Ray initialized with resources: {'accelerator_type:A40': 1.0, 'memory': 180724200653.0, 'GPU': 1.0, 'object_store_memory': 77453228851.0, 'node:__internal_head__': 1.0, 'node:10.129.64.100': 1.0, 'CPU': 64.0}
[92mINFO [0m:      Optimize your simulation with Flower VCE: https://flower.ai/docs/framework/how-to-run-simulations.html
/home/tiago/GitHubProjects/fedhad-thesis-2/FedProx_Final.py:1601: UserWarning: No `num_cpus` specified in `client_resources`. Using `num_cpus=1` for each client.
  history = fl.simulation.start_simulation(
[92mINFO [0m:      Flower VCE: Resources for each Virtual Client: {'num_gpus': 0.2, 'num_cpus': 1}
[92mINFO [0m:      Flower VCE: Creating VirtualClientEngineActorPool with 5 actors
[92mINFO [0m:      [INIT]
[92mINFO [0m:      Requesting initial parameters from one random client
[36m(ClientAppActor pid=909903)[0m [93mWARNING [0m:   DEPRECATED FEATURE: `client_fn` now expects a signature `def client_fn(context: Context)`.The provided `client_fn` has signature: {'cid': <Parameter "cid: str">}. You can import the `Context` like this: `from flwr.app import Context`
[36m(ClientAppActor pid=909903)[0m 
[36m(ClientAppActor pid=909903)[0m             This is a deprecated feature. It will be removed
[36m(ClientAppActor pid=909903)[0m             entirely in future versions of Flower.
[36m(ClientAppActor pid=909903)[0m         
[92mINFO [0m:      Received initial parameters from one random client
[92mINFO [0m:      Starting evaluation of initial global parameters
[92mINFO [0m:      initial parameters (loss, other metrics): 2.3033827625274657, {'accuracy': 0.0976, 'loss': 2.3033827625274657}
[92mINFO [0m:      
[92mINFO [0m:      [ROUND 1]
[92mINFO [0m:      configure_fit: strategy sampled 5 clients (out of 5)
[36m(ClientAppActor pid=909903)[0m [93mWARNING [0m:   DEPRECATED FEATURE: `client_fn` now expects a signature `def client_fn(context: Context)`.The provided `client_fn` has signature: {'cid': <Parameter "cid: str">}. You can import the `Context` like this: `from flwr.app import Context`
[36m(ClientAppActor pid=909903)[0m 
[36m(ClientAppActor pid=909903)[0m             This is a deprecated feature. It will be removed
[36m(ClientAppActor pid=909903)[0m             entirely in future versions of Flower.
[36m(ClientAppActor pid=909903)[0m         
[36m(ClientAppActor pid=909900)[0m 
[36m(ClientAppActor pid=909900)[0m         
[36m(ClientAppActor pid=909902)[0m 
[36m(ClientAppActor pid=909902)[0m         
[36m(ClientAppActor pid=909901)[0m 
[36m(ClientAppActor pid=909901)[0m         
[36m(ClientAppActor pid=909899)[0m 
[36m(ClientAppActor pid=909899)[0m         
[92mINFO [0m:      aggregate_fit: received 5 results and 0 failures
[92mINFO [0m:      fit progress: (1, 2.2868672103881837, {'accuracy': 0.1074, 'loss': 2.2868672103881837}, 21.304763127991464)
[92mINFO [0m:      configure_evaluate: strategy sampled 5 clients (out of 5)
[36m(ClientAppActor pid=909900)[0m 
[36m(ClientAppActor pid=909900)[0m         
[36m(ClientAppActor pid=909900)[0m [93mWARNING [0m:   DEPRECATED FEATURE: `client_fn` now expects a signature `def client_fn(context: Context)`.The provided `client_fn` has signature: {'cid': <Parameter "cid: str">}. You can import the `Context` like this: `from flwr.app import Context`[32m [repeated 5x across cluster] (Ray deduplicates logs by default. Set RAY_DEDUP_LOGS=0 to disable log deduplication, or see https://docs.ray.io/en/master/ray-observability/user-guides/configure-logging.html#log-deduplication for more options.)[0m
[36m(ClientAppActor pid=909900)[0m             This is a deprecated feature. It will be removed[32m [repeated 5x across cluster][0m
[36m(ClientAppActor pid=909900)[0m             entirely in future versions of Flower.[32m [repeated 5x across cluster][0m
[36m(ClientAppActor pid=909902)[0m 
[36m(ClientAppActor pid=909902)[0m         
[36m(ClientAppActor pid=909901)[0m 
[36m(ClientAppActor pid=909901)[0m         
[36m(ClientAppActor pid=909899)[0m 
[36m(ClientAppActor pid=909899)[0m         
[36m(ClientAppActor pid=909903)[0m 
[36m(ClientAppActor pid=909903)[0m         
[92mINFO [0m:      aggregate_evaluate: received 5 results and 0 failures
[92mINFO [0m:      
[92mINFO [0m:      [ROUND 2]
[92mINFO [0m:      configure_fit: strategy sampled 5 clients (out of 5)
[36m(ClientAppActor pid=909903)[0m 
[36m(ClientAppActor pid=909903)[0m         
[36m(ClientAppActor pid=909899)[0m 
[36m(ClientAppActor pid=909899)[0m         
[36m(ClientAppActor pid=909901)[0m 
[36m(ClientAppActor pid=909901)[0m         
[36m(ClientAppActor pid=909902)[0m 
[36m(ClientAppActor pid=909902)[0m         
[36m(ClientAppActor pid=909900)[0m 
[36m(ClientAppActor pid=909900)[0m         
[92mINFO [0m:      aggregate_fit: received 5 results and 0 failures
[92mINFO [0m:      fit progress: (2, 2.1162264572143554, {'accuracy': 0.2719, 'loss': 2.1162264572143554}, 41.66248566098511)
[92mINFO [0m:      configure_evaluate: strategy sampled 5 clients (out of 5)
[36m(ClientAppActor pid=909899)[0m 
[36m(ClientAppActor pid=909899)[0m         
[36m(ClientAppActor pid=909899)[0m [93mWARNING [0m:   DEPRECATED FEATURE: `client_fn` now expects a signature `def client_fn(context: Context)`.The provided `client_fn` has signature: {'cid': <Parameter "cid: str">}. You can import the `Context` like this: `from flwr.app import Context`[32m [repeated 10x across cluster][0m
[36m(ClientAppActor pid=909899)[0m             This is a deprecated feature. It will be removed[32m [repeated 10x across cluster][0m
[36m(ClientAppActor pid=909899)[0m             entirely in future versions of Flower.[32m [repeated 10x across cluster][0m
[36m(ClientAppActor pid=909900)[0m 
[36m(ClientAppActor pid=909900)[0m         
[36m(ClientAppActor pid=909902)[0m 
[36m(ClientAppActor pid=909902)[0m         
[36m(ClientAppActor pid=909903)[0m 
[36m(ClientAppActor pid=909903)[0m         
[36m(ClientAppActor pid=909901)[0m 
[36m(ClientAppActor pid=909901)[0m         
[92mINFO [0m:      aggregate_evaluate: received 5 results and 0 failures
[92mINFO [0m:      
[92mINFO [0m:      [ROUND 3]
[92mINFO [0m:      configure_fit: strategy sampled 5 clients (out of 5)
[36m(ClientAppActor pid=909901)[0m 
[36m(ClientAppActor pid=909901)[0m         
[36m(ClientAppActor pid=909903)[0m 
[36m(ClientAppActor pid=909903)[0m         
[36m(ClientAppActor pid=909902)[0m 
[36m(ClientAppActor pid=909902)[0m         
[36m(ClientAppActor pid=909900)[0m 
[36m(ClientAppActor pid=909900)[0m         
[36m(ClientAppActor pid=909899)[0m 
[36m(ClientAppActor pid=909899)[0m         
[92mINFO [0m:      aggregate_fit: received 5 results and 0 failures
[92mINFO [0m:      fit progress: (3, 1.8543014415740966, {'accuracy': 0.3719, 'loss': 1.8543014415740966}, 62.48297651699977)
[92mINFO [0m:      configure_evaluate: strategy sampled 5 clients (out of 5)
[36m(ClientAppActor pid=909900)[0m 
[36m(ClientAppActor pid=909900)[0m         
[36m(ClientAppActor pid=909900)[0m [93mWARNING [0m:   DEPRECATED FEATURE: `client_fn` now expects a signature `def client_fn(context: Context)`.The provided `client_fn` has signature: {'cid': <Parameter "cid: str">}. You can import the `Context` like this: `from flwr.app import Context`[32m [repeated 10x across cluster][0m
[36m(ClientAppActor pid=909900)[0m             This is a deprecated feature. It will be removed[32m [repeated 10x across cluster][0m
[36m(ClientAppActor pid=909900)[0m             entirely in future versions of Flower.[32m [repeated 10x across cluster][0m
[36m(ClientAppActor pid=909902)[0m 
[36m(ClientAppActor pid=909902)[0m         
[36m(ClientAppActor pid=909899)[0m 
[36m(ClientAppActor pid=909899)[0m         
[36m(ClientAppActor pid=909901)[0m 
[36m(ClientAppActor pid=909901)[0m         
[36m(ClientAppActor pid=909903)[0m 
[36m(ClientAppActor pid=909903)[0m         
[92mINFO [0m:      aggregate_evaluate: received 5 results and 0 failures
[92mINFO [0m:      
[92mINFO [0m:      [ROUND 4]
[92mINFO [0m:      configure_fit: strategy sampled 5 clients (out of 5)
[36m(ClientAppActor pid=909903)[0m 
[36m(ClientAppActor pid=909903)[0m         
[36m(ClientAppActor pid=909901)[0m 
[36m(ClientAppActor pid=909901)[0m         
[36m(ClientAppActor pid=909899)[0m 
[36m(ClientAppActor pid=909899)[0m         
[36m(ClientAppActor pid=909900)[0m 
[36m(ClientAppActor pid=909900)[0m         
[36m(ClientAppActor pid=909902)[0m 
[36m(ClientAppActor pid=909902)[0m         
[92mINFO [0m:      aggregate_fit: received 5 results and 0 failures
[92mINFO [0m:      fit progress: (4, 1.717159576034546, {'accuracy': 0.4083, 'loss': 1.717159576034546}, 82.97529778903117)
[92mINFO [0m:      configure_evaluate: strategy sampled 5 clients (out of 5)
[36m(ClientAppActor pid=909900)[0m 
[36m(ClientAppActor pid=909900)[0m         
[36m(ClientAppActor pid=909900)[0m [93mWARNING [0m:   DEPRECATED FEATURE: `client_fn` now expects a signature `def client_fn(context: Context)`.The provided `client_fn` has signature: {'cid': <Parameter "cid: str">}. You can import the `Context` like this: `from flwr.app import Context`[32m [repeated 10x across cluster][0m
[36m(ClientAppActor pid=909900)[0m             This is a deprecated feature. It will be removed[32m [repeated 10x across cluster][0m
[36m(ClientAppActor pid=909900)[0m             entirely in future versions of Flower.[32m [repeated 10x across cluster][0m
[36m(ClientAppActor pid=909903)[0m 
[36m(ClientAppActor pid=909903)[0m         
[36m(ClientAppActor pid=909902)[0m 
[36m(ClientAppActor pid=909902)[0m         
[36m(ClientAppActor pid=909901)[0m 
[36m(ClientAppActor pid=909901)[0m         
[36m(ClientAppActor pid=909899)[0m 
[36m(ClientAppActor pid=909899)[0m         
[92mINFO [0m:      aggregate_evaluate: received 5 results and 0 failures
[92mINFO [0m:      
[92mINFO [0m:      [ROUND 5]
[92mINFO [0m:      configure_fit: strategy sampled 5 clients (out of 5)
[36m(ClientAppActor pid=909899)[0m 
[36m(ClientAppActor pid=909899)[0m         
[36m(ClientAppActor pid=909901)[0m 
[36m(ClientAppActor pid=909901)[0m         
[36m(ClientAppActor pid=909903)[0m 
[36m(ClientAppActor pid=909903)[0m         
[36m(ClientAppActor pid=909902)[0m 
[36m(ClientAppActor pid=909902)[0m         
[36m(ClientAppActor pid=909900)[0m 
[36m(ClientAppActor pid=909900)[0m         
[92mINFO [0m:      aggregate_fit: received 5 results and 0 failures
[92mINFO [0m:      fit progress: (5, 1.6597455570220947, {'accuracy': 0.4371, 'loss': 1.6597455570220947}, 103.5745902750059)
[92mINFO [0m:      configure_evaluate: strategy sampled 5 clients (out of 5)
[36m(ClientAppActor pid=909903)[0m 
[36m(ClientAppActor pid=909903)[0m         
[36m(ClientAppActor pid=909903)[0m [93mWARNING [0m:   DEPRECATED FEATURE: `client_fn` now expects a signature `def client_fn(context: Context)`.The provided `client_fn` has signature: {'cid': <Parameter "cid: str">}. You can import the `Context` like this: `from flwr.app import Context`[32m [repeated 10x across cluster][0m
[36m(ClientAppActor pid=909903)[0m             This is a deprecated feature. It will be removed[32m [repeated 10x across cluster][0m
[36m(ClientAppActor pid=909903)[0m             entirely in future versions of Flower.[32m [repeated 10x across cluster][0m
[36m(ClientAppActor pid=909899)[0m 
[36m(ClientAppActor pid=909899)[0m         
[36m(ClientAppActor pid=909900)[0m 
[36m(ClientAppActor pid=909900)[0m         
[36m(ClientAppActor pid=909902)[0m 
[36m(ClientAppActor pid=909902)[0m         
[36m(ClientAppActor pid=909901)[0m 
[36m(ClientAppActor pid=909901)[0m         
[92mINFO [0m:      aggregate_evaluate: received 5 results and 0 failures
[92mINFO [0m:      
[92mINFO [0m:      [ROUND 6]
[92mINFO [0m:      configure_fit: strategy sampled 5 clients (out of 5)
[36m(ClientAppActor pid=909901)[0m 
[36m(ClientAppActor pid=909901)[0m         
[36m(ClientAppActor pid=909902)[0m 
[36m(ClientAppActor pid=909902)[0m         
[36m(ClientAppActor pid=909900)[0m 
[36m(ClientAppActor pid=909900)[0m         
[36m(ClientAppActor pid=909899)[0m 
[36m(ClientAppActor pid=909899)[0m         
[36m(ClientAppActor pid=909903)[0m 
[36m(ClientAppActor pid=909903)[0m         
[92mINFO [0m:      aggregate_fit: received 5 results and 0 failures
[92mINFO [0m:      fit progress: (6, 1.6523017139434815, {'accuracy': 0.4424, 'loss': 1.6523017139434815}, 124.15978429600364)
[92mINFO [0m:      configure_evaluate: strategy sampled 5 clients (out of 5)
[36m(ClientAppActor pid=909900)[0m 
[36m(ClientAppActor pid=909900)[0m         
[36m(ClientAppActor pid=909900)[0m [93mWARNING [0m:   DEPRECATED FEATURE: `client_fn` now expects a signature `def client_fn(context: Context)`.The provided `client_fn` has signature: {'cid': <Parameter "cid: str">}. You can import the `Context` like this: `from flwr.app import Context`[32m [repeated 10x across cluster][0m
[36m(ClientAppActor pid=909900)[0m             This is a deprecated feature. It will be removed[32m [repeated 10x across cluster][0m
[36m(ClientAppActor pid=909900)[0m             entirely in future versions of Flower.[32m [repeated 10x across cluster][0m
[36m(ClientAppActor pid=909899)[0m 
[36m(ClientAppActor pid=909899)[0m         
[36m(ClientAppActor pid=909903)[0m 
[36m(ClientAppActor pid=909903)[0m         
[36m(ClientAppActor pid=909901)[0m 
[36m(ClientAppActor pid=909901)[0m         
[36m(ClientAppActor pid=909902)[0m 
[36m(ClientAppActor pid=909902)[0m         
[92mINFO [0m:      aggregate_evaluate: received 5 results and 0 failures
[92mINFO [0m:      
[92mINFO [0m:      [ROUND 7]
[92mINFO [0m:      configure_fit: strategy sampled 5 clients (out of 5)
[36m(ClientAppActor pid=909902)[0m 
[36m(ClientAppActor pid=909902)[0m         
[36m(ClientAppActor pid=909901)[0m 
[36m(ClientAppActor pid=909901)[0m         
[36m(ClientAppActor pid=909899)[0m 
[36m(ClientAppActor pid=909899)[0m         
[36m(ClientAppActor pid=909903)[0m 
[36m(ClientAppActor pid=909903)[0m         
[36m(ClientAppActor pid=909900)[0m 
[36m(ClientAppActor pid=909900)[0m         
[92mINFO [0m:      aggregate_fit: received 5 results and 0 failures
[92mINFO [0m:      fit progress: (7, 1.5211313110351563, {'accuracy': 0.4951, 'loss': 1.5211313110351563}, 144.93813147803303)
[92mINFO [0m:      configure_evaluate: strategy sampled 5 clients (out of 5)
[36m(ClientAppActor pid=909902)[0m 
[36m(ClientAppActor pid=909902)[0m         
[36m(ClientAppActor pid=909902)[0m [93mWARNING [0m:   DEPRECATED FEATURE: `client_fn` now expects a signature `def client_fn(context: Context)`.The provided `client_fn` has signature: {'cid': <Parameter "cid: str">}. You can import the `Context` like this: `from flwr.app import Context`[32m [repeated 10x across cluster][0m
[36m(ClientAppActor pid=909902)[0m             This is a deprecated feature. It will be removed[32m [repeated 10x across cluster][0m
[36m(ClientAppActor pid=909902)[0m             entirely in future versions of Flower.[32m [repeated 10x across cluster][0m
[36m(ClientAppActor pid=909899)[0m 
[36m(ClientAppActor pid=909899)[0m         
[36m(ClientAppActor pid=909901)[0m 
[36m(ClientAppActor pid=909901)[0m         
[36m(ClientAppActor pid=909900)[0m 
[36m(ClientAppActor pid=909900)[0m         
[36m(ClientAppActor pid=909903)[0m 
[36m(ClientAppActor pid=909903)[0m         
[92mINFO [0m:      aggregate_evaluate: received 5 results and 0 failures
[92mINFO [0m:      
[92mINFO [0m:      [ROUND 8]
[92mINFO [0m:      configure_fit: strategy sampled 5 clients (out of 5)
[36m(ClientAppActor pid=909903)[0m 
[36m(ClientAppActor pid=909903)[0m         
[36m(ClientAppActor pid=909900)[0m 
[36m(ClientAppActor pid=909900)[0m         
[36m(ClientAppActor pid=909901)[0m 
[36m(ClientAppActor pid=909901)[0m         
[36m(ClientAppActor pid=909899)[0m 
[36m(ClientAppActor pid=909899)[0m         
[36m(ClientAppActor pid=909902)[0m 
[36m(ClientAppActor pid=909902)[0m         
[92mINFO [0m:      aggregate_fit: received 5 results and 0 failures
[92mINFO [0m:      fit progress: (8, 1.458331127166748, {'accuracy': 0.5172, 'loss': 1.458331127166748}, 165.4710781800095)
[92mINFO [0m:      configure_evaluate: strategy sampled 5 clients (out of 5)
[36m(ClientAppActor pid=909899)[0m 
[36m(ClientAppActor pid=909899)[0m         
[36m(ClientAppActor pid=909899)[0m [93mWARNING [0m:   DEPRECATED FEATURE: `client_fn` now expects a signature `def client_fn(context: Context)`.The provided `client_fn` has signature: {'cid': <Parameter "cid: str">}. You can import the `Context` like this: `from flwr.app import Context`[32m [repeated 10x across cluster][0m
[36m(ClientAppActor pid=909899)[0m             This is a deprecated feature. It will be removed[32m [repeated 10x across cluster][0m
[36m(ClientAppActor pid=909899)[0m             entirely in future versions of Flower.[32m [repeated 10x across cluster][0m
[36m(ClientAppActor pid=909903)[0m 
[36m(ClientAppActor pid=909903)[0m         
[36m(ClientAppActor pid=909902)[0m 
[36m(ClientAppActor pid=909902)[0m         
[36m(ClientAppActor pid=909900)[0m 
[36m(ClientAppActor pid=909900)[0m         
[36m(ClientAppActor pid=909901)[0m 
[36m(ClientAppActor pid=909901)[0m         
[92mINFO [0m:      aggregate_evaluate: received 5 results and 0 failures
[92mINFO [0m:      
[92mINFO [0m:      [ROUND 9]
[92mINFO [0m:      configure_fit: strategy sampled 5 clients (out of 5)
[36m(ClientAppActor pid=909901)[0m 
[36m(ClientAppActor pid=909901)[0m         
[36m(ClientAppActor pid=909902)[0m 
[36m(ClientAppActor pid=909902)[0m         
[36m(ClientAppActor pid=909900)[0m 
[36m(ClientAppActor pid=909900)[0m         
[36m(ClientAppActor pid=909903)[0m 
[36m(ClientAppActor pid=909903)[0m         
[36m(ClientAppActor pid=909899)[0m 
[36m(ClientAppActor pid=909899)[0m         
[92mINFO [0m:      aggregate_fit: received 5 results and 0 failures
[92mINFO [0m:      fit progress: (9, 1.448395843887329, {'accuracy': 0.5281, 'loss': 1.448395843887329}, 185.8741456689895)
[92mINFO [0m:      configure_evaluate: strategy sampled 5 clients (out of 5)
[36m(ClientAppActor pid=909903)[0m 
[36m(ClientAppActor pid=909903)[0m         
[36m(ClientAppActor pid=909903)[0m [93mWARNING [0m:   DEPRECATED FEATURE: `client_fn` now expects a signature `def client_fn(context: Context)`.The provided `client_fn` has signature: {'cid': <Parameter "cid: str">}. You can import the `Context` like this: `from flwr.app import Context`[32m [repeated 10x across cluster][0m
[36m(ClientAppActor pid=909903)[0m             This is a deprecated feature. It will be removed[32m [repeated 10x across cluster][0m
[36m(ClientAppActor pid=909903)[0m             entirely in future versions of Flower.[32m [repeated 10x across cluster][0m
[36m(ClientAppActor pid=909902)[0m 
[36m(ClientAppActor pid=909902)[0m         
[36m(ClientAppActor pid=909901)[0m 
[36m(ClientAppActor pid=909901)[0m         
[36m(ClientAppActor pid=909899)[0m 
[36m(ClientAppActor pid=909899)[0m         
[36m(ClientAppActor pid=909900)[0m 
[36m(ClientAppActor pid=909900)[0m         
[92mINFO [0m:      aggregate_evaluate: received 5 results and 0 failures
[92mINFO [0m:      
[92mINFO [0m:      [ROUND 10]
[92mINFO [0m:      configure_fit: strategy sampled 5 clients (out of 5)
[36m(ClientAppActor pid=909900)[0m 
[36m(ClientAppActor pid=909900)[0m         
[36m(ClientAppActor pid=909899)[0m 
[36m(ClientAppActor pid=909899)[0m         
[36m(ClientAppActor pid=909901)[0m 
[36m(ClientAppActor pid=909901)[0m         
[36m(ClientAppActor pid=909903)[0m 
[36m(ClientAppActor pid=909903)[0m         
[36m(ClientAppActor pid=909902)[0m 
[36m(ClientAppActor pid=909902)[0m         
[92mINFO [0m:      aggregate_fit: received 5 results and 0 failures
[92mINFO [0m:      fit progress: (10, 1.4997770277023315, {'accuracy': 0.519, 'loss': 1.4997770277023315}, 206.4127238470246)
[92mINFO [0m:      configure_evaluate: strategy sampled 5 clients (out of 5)
[36m(ClientAppActor pid=909900)[0m 
[36m(ClientAppActor pid=909900)[0m         
[36m(ClientAppActor pid=909900)[0m [93mWARNING [0m:   DEPRECATED FEATURE: `client_fn` now expects a signature `def client_fn(context: Context)`.The provided `client_fn` has signature: {'cid': <Parameter "cid: str">}. You can import the `Context` like this: `from flwr.app import Context`[32m [repeated 10x across cluster][0m
[36m(ClientAppActor pid=909900)[0m             This is a deprecated feature. It will be removed[32m [repeated 10x across cluster][0m
[36m(ClientAppActor pid=909900)[0m             entirely in future versions of Flower.[32m [repeated 10x across cluster][0m
[36m(ClientAppActor pid=909901)[0m 
[36m(ClientAppActor pid=909901)[0m         
[36m(ClientAppActor pid=909899)[0m 
[36m(ClientAppActor pid=909899)[0m         
[36m(ClientAppActor pid=909902)[0m 
[36m(ClientAppActor pid=909902)[0m         
[36m(ClientAppActor pid=909903)[0m 
[36m(ClientAppActor pid=909903)[0m         
[92mINFO [0m:      aggregate_evaluate: received 5 results and 0 failures
[92mINFO [0m:      
[92mINFO [0m:      [SUMMARY]
[92mINFO [0m:      Run finished 10 round(s) in 207.26s
[92mINFO [0m:      	History (loss, distributed):
[92mINFO [0m:      		round 1: 2.2879867717364273
[92mINFO [0m:      		round 2: 2.1205022208137656
[92mINFO [0m:      		round 3: 1.8554206217244216
[92mINFO [0m:      		round 4: 1.7067389179998478
[92mINFO [0m:      		round 5: 1.648418230654503
[92mINFO [0m:      		round 6: 1.6318362196707978
[92mINFO [0m:      		round 7: 1.491338533784524
[92mINFO [0m:      		round 8: 1.4328473058370965
[92mINFO [0m:      		round 9: 1.4176020528498663
[92mINFO [0m:      		round 10: 1.454214120271422
[92mINFO [0m:      	History (loss, centralized):
[92mINFO [0m:      		round 0: 2.3033827625274657
[92mINFO [0m:      		round 1: 2.2868672103881837
[92mINFO [0m:      		round 2: 2.1162264572143554
[92mINFO [0m:      		round 3: 1.8543014415740966
[92mINFO [0m:      		round 4: 1.717159576034546
[92mINFO [0m:      		round 5: 1.6597455570220947
[92mINFO [0m:      		round 6: 1.6523017139434815
[92mINFO [0m:      		round 7: 1.5211313110351563
[92mINFO [0m:      		round 8: 1.458331127166748
[92mINFO [0m:      		round 9: 1.448395843887329
[92mINFO [0m:      		round 10: 1.4997770277023315
[92mINFO [0m:      	History (metrics, distributed, fit):
[92mINFO [0m:      	{'avg_flops_per_client_round': [(1, 8140805084160.0),
[92mINFO [0m:      	                                (2, 8140805084160.0),
[92mINFO [0m:      	                                (3, 8140805084160.0),
[92mINFO [0m:      	                                (4, 8140805084160.0),
[92mINFO [0m:      	                                (5, 8140805084160.0),
[92mINFO [0m:      	                                (6, 8140805084160.0),
[92mINFO [0m:      	                                (7, 8140805084160.0),
[92mINFO [0m:      	                                (8, 8140805084160.0),
[92mINFO [0m:      	                                (9, 8140805084160.0),
[92mINFO [0m:      	                                (10, 8140805084160.0)],
[92mINFO [0m:      	 'total_flops_round': [(1, 40704025420800),
[92mINFO [0m:      	                       (2, 40704025420800),
[92mINFO [0m:      	                       (3, 40704025420800),
[92mINFO [0m:      	                       (4, 40704025420800),
[92mINFO [0m:      	                       (5, 40704025420800),
[92mINFO [0m:      	                       (6, 40704025420800),
[92mINFO [0m:      	                       (7, 40704025420800),
[92mINFO [0m:      	                       (8, 40704025420800),
[92mINFO [0m:      	                       (9, 40704025420800),
[92mINFO [0m:      	                       (10, 40704025420800)]}
[92mINFO [0m:      	History (metrics, distributed, evaluate):
[92mINFO [0m:      	{'accuracy': [(1, 0.10526315789473684),
[92mINFO [0m:      	              (2, 0.26876125675405244),
[92mINFO [0m:      	              (3, 0.3766259755853512),
[92mINFO [0m:      	              (4, 0.41464878927356413),
[92mINFO [0m:      	              (5, 0.4406643986391835),
[92mINFO [0m:      	              (6, 0.45267160296177705),
[92mINFO [0m:      	              (7, 0.4998999399639784),
[92mINFO [0m:      	              (8, 0.5233139883930358),
[92mINFO [0m:      	              (9, 0.5343205923554133),
[92mINFO [0m:      	              (10, 0.5271162697618571)],
[92mINFO [0m:      	 'loss': [(1, 2.2879867717364273),
[92mINFO [0m:      	          (2, 2.1205022208137656),
[92mINFO [0m:      	          (3, 1.8554206217244216),
[92mINFO [0m:      	          (4, 1.7067389179998478),
[92mINFO [0m:      	          (5, 1.648418230654503),
[92mINFO [0m:      	          (6, 1.6318362196707978),
[92mINFO [0m:      	          (7, 1.491338533784524),
[92mINFO [0m:      	          (8, 1.4328473058370965),
[92mINFO [0m:      	          (9, 1.4176020528498663),
[92mINFO [0m:      	          (10, 1.454214120271422)]}
[92mINFO [0m:      	History (metrics, centralized):
[92mINFO [0m:      	{'accuracy': [(0, 0.0976),
[92mINFO [0m:      	              (1, 0.1074),
[92mINFO [0m:      	              (2, 0.2719),
[92mINFO [0m:      	              (3, 0.3719),
[92mINFO [0m:      	              (4, 0.4083),
[92mINFO [0m:      	              (5, 0.4371),
[92mINFO [0m:      	              (6, 0.4424),
[92mINFO [0m:      	              (7, 0.4951),
[92mINFO [0m:      	              (8, 0.5172),
[92mINFO [0m:      	              (9, 0.5281),
[92mINFO [0m:      	              (10, 0.519)],
[92mINFO [0m:      	 'loss': [(0, 2.3033827625274657),
[92mINFO [0m:      	          (1, 2.2868672103881837),
[92mINFO [0m:      	          (2, 2.1162264572143554),
[92mINFO [0m:      	          (3, 1.8543014415740966),
[92mINFO [0m:      	          (4, 1.717159576034546),
[92mINFO [0m:      	          (5, 1.6597455570220947),
[92mINFO [0m:      	          (6, 1.6523017139434815),
[92mINFO [0m:      	          (7, 1.5211313110351563),
[92mINFO [0m:      	          (8, 1.458331127166748),
[92mINFO [0m:      	          (9, 1.448395843887329),
[92mINFO [0m:      	          (10, 1.4997770277023315)]}
[92mINFO [0m:      
Treinando no dispositivo: cuda:0 com o dataset: CIFAR10 | Setup clientes: 5 (num_gpus por cliente=0.2) | SEED=44 | Método: FedProx (mu=0.01)
FLOPS por amostra (forward): 6.030e+07 | (forward+backward, 3x): 1.809e+08
Files already downloaded and verified
Files already downloaded and verified
Dividindo o dataset usando a distribuição de Dirichlet com alpha=0.01.
Iniciando a simulação de Aprendizado Federado...
=== Diagnóstico de Medição de GPU ===
  pynvml_disponivel: True
  pynvml_versao: 580.173.02
  gpus_detectadas: 1
  leitura_potencia_ok: True
  potencia_atual_W: 113.677

--- Rodada 0 - Avaliação Centralizada (Servidor) ---
Loss (Servidor): 2.3034 | Acurácia (Servidor): 0.0976

--- Rodada 1 - Avaliação Centralizada (Servidor) ---
Loss (Servidor): 2.2869 | Acurácia (Servidor): 0.1074
--- Avaliação Agregada (Clientes) ---
Loss Média (Clientes): 2.2880 | Acurácia Média (Clientes): 0.1053

--- Rodada 2 - Avaliação Centralizada (Servidor) ---
Loss (Servidor): 2.1162 | Acurácia (Servidor): 0.2719
--- Avaliação Agregada (Clientes) ---
Loss Média (Clientes): 2.1205 | Acurácia Média (Clientes): 0.2688

--- Rodada 3 - Avaliação Centralizada (Servidor) ---
Loss (Servidor): 1.8543 | Acurácia (Servidor): 0.3719
--- Avaliação Agregada (Clientes) ---
Loss Média (Clientes): 1.8554 | Acurácia Média (Clientes): 0.3766

--- Rodada 4 - Avaliação Centralizada (Servidor) ---
Loss (Servidor): 1.7172 | Acurácia (Servidor): 0.4083
--- Avaliação Agregada (Clientes) ---
Loss Média (Clientes): 1.7067 | Acurácia Média (Clientes): 0.4146

--- Rodada 5 - Avaliação Centralizada (Servidor) ---
Loss (Servidor): 1.6597 | Acurácia (Servidor): 0.4371
--- Avaliação Agregada (Clientes) ---
Loss Média (Clientes): 1.6484 | Acurácia Média (Clientes): 0.4407

--- Rodada 6 - Avaliação Centralizada (Servidor) ---
Loss (Servidor): 1.6523 | Acurácia (Servidor): 0.4424
--- Avaliação Agregada (Clientes) ---
Loss Média (Clientes): 1.6318 | Acurácia Média (Clientes): 0.4527

--- Rodada 7 - Avaliação Centralizada (Servidor) ---
Loss (Servidor): 1.5211 | Acurácia (Servidor): 0.4951
--- Avaliação Agregada (Clientes) ---
Loss Média (Clientes): 1.4913 | Acurácia Média (Clientes): 0.4999

--- Rodada 8 - Avaliação Centralizada (Servidor) ---
Loss (Servidor): 1.4583 | Acurácia (Servidor): 0.5172
--- Avaliação Agregada (Clientes) ---
Loss Média (Clientes): 1.4328 | Acurácia Média (Clientes): 0.5233

--- Rodada 9 - Avaliação Centralizada (Servidor) ---
Loss (Servidor): 1.4484 | Acurácia (Servidor): 0.5281
--- Avaliação Agregada (Clientes) ---
Loss Média (Clientes): 1.4176 | Acurácia Média (Clientes): 0.5343

--- Rodada 10 - Avaliação Centralizada (Servidor) ---
Loss (Servidor): 1.4998 | Acurácia (Servidor): 0.5190
--- Avaliação Agregada (Clientes) ---
Loss Média (Clientes): 1.4542 | Acurácia Média (Clientes): 0.5271

Resultados salvos em: /home/tiago/GitHubProjects/fedhad-thesis-2/FedProx-results/1.1_diagnostico_drift/CIFAR10/FedProx__CIFAR10__Setup-5__Clients-5__Rounds-10__Delay-0_05__Alpha-0_01__Seed-44.txt
[36m(ClientAppActor pid=909903)[0m [93mWARNING [0m:   DEPRECATED FEATURE: `client_fn` now expects a signature `def client_fn(context: Context)`.The provided `client_fn` has signature: {'cid': <Parameter "cid: str">}. You can import the `Context` like this: `from flwr.app import Context`[32m [repeated 4x across cluster][0m
[36m(ClientAppActor pid=909903)[0m             This is a deprecated feature. It will be removed[32m [repeated 4x across cluster][0m
[36m(ClientAppActor pid=909903)[0m             entirely in future versions of Flower.[32m [repeated 4x across cluster][0m
