[codecarbon WARNING @ 14:23:48] Multiple instances of codecarbon are allowed to run at the same time.
[93mWARNING [0m:   DEPRECATED FEATURE: flwr.simulation.start_simulation() is deprecated.
	Instead, use the `flwr run` CLI command to start a local simulation in your Flower app, as shown for example below:

		$ flwr new  # Create a new Flower app from a template

		$ flwr run  # Run the Flower app in Simulation Mode

	Using `start_simulation()` is deprecated.

            This is a deprecated feature. It will be removed
            entirely in future versions of Flower.
        
[92mINFO [0m:      Starting Flower simulation, config: num_rounds=10, no round_timeout
2026-09-04 14:23:58,062	INFO worker.py:2012 -- Started a local Ray instance.
/home/tiago/GitHubProjects/fedhad-thesis-2/env_flwr_pt/lib/python3.12/site-packages/ray/_private/worker.py:2051: FutureWarning: Tip: In future versions of Ray, Ray will no longer override accelerator visible devices env var if num_gpus=0 or num_gpus=None (default). To enable this behavior and turn off this error message, set RAY_ACCEL_ENV_VAR_OVERRIDE_ON_ZERO=0
  warnings.warn(
[92mINFO [0m:      Flower VCE: Ray initialized with resources: {'memory': 181111289856.0, 'CPU': 64.0, 'node:10.129.64.100': 1.0, 'accelerator_type:A40': 1.0, 'node:__internal_head__': 1.0, 'object_store_memory': 77619124224.0, 'GPU': 1.0}
[92mINFO [0m:      Optimize your simulation with Flower VCE: https://flower.ai/docs/framework/how-to-run-simulations.html
/home/tiago/GitHubProjects/fedhad-thesis-2/FedProx_Final.py:1601: UserWarning: No `num_cpus` specified in `client_resources`. Using `num_cpus=1` for each client.
  history = fl.simulation.start_simulation(
[92mINFO [0m:      Flower VCE: Resources for each Virtual Client: {'num_gpus': 0.2, 'num_cpus': 1}
[92mINFO [0m:      Flower VCE: Creating VirtualClientEngineActorPool with 5 actors
[92mINFO [0m:      [INIT]
[92mINFO [0m:      Requesting initial parameters from one random client
[36m(ClientAppActor pid=730403)[0m [93mWARNING [0m:   DEPRECATED FEATURE: `client_fn` now expects a signature `def client_fn(context: Context)`.The provided `client_fn` has signature: {'cid': <Parameter "cid: str">}. You can import the `Context` like this: `from flwr.app import Context`
[36m(ClientAppActor pid=730403)[0m 
[36m(ClientAppActor pid=730403)[0m             This is a deprecated feature. It will be removed
[36m(ClientAppActor pid=730403)[0m             entirely in future versions of Flower.
[36m(ClientAppActor pid=730403)[0m         
[92mINFO [0m:      Received initial parameters from one random client
[92mINFO [0m:      Starting evaluation of initial global parameters
[92mINFO [0m:      initial parameters (loss, other metrics): 2.303379281997681, {'accuracy': 0.0999, 'loss': 2.303379281997681}
[92mINFO [0m:      
[92mINFO [0m:      [ROUND 1]
[92mINFO [0m:      configure_fit: strategy sampled 5 clients (out of 5)
[36m(ClientAppActor pid=730403)[0m [93mWARNING [0m:   DEPRECATED FEATURE: `client_fn` now expects a signature `def client_fn(context: Context)`.The provided `client_fn` has signature: {'cid': <Parameter "cid: str">}. You can import the `Context` like this: `from flwr.app import Context`
[36m(ClientAppActor pid=730403)[0m 
[36m(ClientAppActor pid=730403)[0m             This is a deprecated feature. It will be removed
[36m(ClientAppActor pid=730403)[0m             entirely in future versions of Flower.
[36m(ClientAppActor pid=730403)[0m         
[36m(ClientAppActor pid=730402)[0m 
[36m(ClientAppActor pid=730402)[0m         
[36m(ClientAppActor pid=730400)[0m 
[36m(ClientAppActor pid=730400)[0m         
[36m(ClientAppActor pid=730401)[0m 
[36m(ClientAppActor pid=730401)[0m         
[36m(ClientAppActor pid=730399)[0m 
[36m(ClientAppActor pid=730399)[0m         
[92mINFO [0m:      aggregate_fit: received 5 results and 0 failures
[92mINFO [0m:      fit progress: (1, 2.2753398151397706, {'accuracy': 0.1027, 'loss': 2.2753398151397706}, 21.359756899997592)
[92mINFO [0m:      configure_evaluate: strategy sampled 5 clients (out of 5)
[36m(ClientAppActor pid=730399)[0m 
[36m(ClientAppActor pid=730399)[0m         
[36m(ClientAppActor pid=730399)[0m [93mWARNING [0m:   DEPRECATED FEATURE: `client_fn` now expects a signature `def client_fn(context: Context)`.The provided `client_fn` has signature: {'cid': <Parameter "cid: str">}. You can import the `Context` like this: `from flwr.app import Context`[32m [repeated 5x across cluster] (Ray deduplicates logs by default. Set RAY_DEDUP_LOGS=0 to disable log deduplication, or see https://docs.ray.io/en/master/ray-observability/user-guides/configure-logging.html#log-deduplication for more options.)[0m
[36m(ClientAppActor pid=730399)[0m             This is a deprecated feature. It will be removed[32m [repeated 5x across cluster][0m
[36m(ClientAppActor pid=730399)[0m             entirely in future versions of Flower.[32m [repeated 5x across cluster][0m
[36m(ClientAppActor pid=730402)[0m 
[36m(ClientAppActor pid=730402)[0m         
[36m(ClientAppActor pid=730401)[0m 
[36m(ClientAppActor pid=730401)[0m         
[36m(ClientAppActor pid=730403)[0m 
[36m(ClientAppActor pid=730403)[0m         
[36m(ClientAppActor pid=730400)[0m 
[36m(ClientAppActor pid=730400)[0m         
[92mINFO [0m:      aggregate_evaluate: received 5 results and 0 failures
[92mINFO [0m:      
[92mINFO [0m:      [ROUND 2]
[92mINFO [0m:      configure_fit: strategy sampled 5 clients (out of 5)
[36m(ClientAppActor pid=730400)[0m 
[36m(ClientAppActor pid=730400)[0m         
[36m(ClientAppActor pid=730403)[0m 
[36m(ClientAppActor pid=730403)[0m         
[36m(ClientAppActor pid=730401)[0m 
[36m(ClientAppActor pid=730401)[0m         
[36m(ClientAppActor pid=730402)[0m 
[36m(ClientAppActor pid=730402)[0m         
[36m(ClientAppActor pid=730399)[0m 
[36m(ClientAppActor pid=730399)[0m         
[92mINFO [0m:      aggregate_fit: received 5 results and 0 failures
[92mINFO [0m:      fit progress: (2, 1.391536123085022, {'accuracy': 0.5781, 'loss': 1.391536123085022}, 40.736931762017775)
[92mINFO [0m:      configure_evaluate: strategy sampled 5 clients (out of 5)
[36m(ClientAppActor pid=730400)[0m 
[36m(ClientAppActor pid=730400)[0m         
[36m(ClientAppActor pid=730400)[0m [93mWARNING [0m:   DEPRECATED FEATURE: `client_fn` now expects a signature `def client_fn(context: Context)`.The provided `client_fn` has signature: {'cid': <Parameter "cid: str">}. You can import the `Context` like this: `from flwr.app import Context`[32m [repeated 10x across cluster][0m
[36m(ClientAppActor pid=730400)[0m             This is a deprecated feature. It will be removed[32m [repeated 10x across cluster][0m
[36m(ClientAppActor pid=730400)[0m             entirely in future versions of Flower.[32m [repeated 10x across cluster][0m
[36m(ClientAppActor pid=730402)[0m 
[36m(ClientAppActor pid=730402)[0m         
[36m(ClientAppActor pid=730399)[0m 
[36m(ClientAppActor pid=730399)[0m         
[36m(ClientAppActor pid=730401)[0m 
[36m(ClientAppActor pid=730401)[0m         
[36m(ClientAppActor pid=730403)[0m 
[36m(ClientAppActor pid=730403)[0m         
[92mINFO [0m:      aggregate_evaluate: received 5 results and 0 failures
[92mINFO [0m:      
[92mINFO [0m:      [ROUND 3]
[92mINFO [0m:      configure_fit: strategy sampled 5 clients (out of 5)
[36m(ClientAppActor pid=730403)[0m 
[36m(ClientAppActor pid=730403)[0m         
[36m(ClientAppActor pid=730401)[0m 
[36m(ClientAppActor pid=730401)[0m         
[36m(ClientAppActor pid=730399)[0m 
[36m(ClientAppActor pid=730399)[0m         
[36m(ClientAppActor pid=730402)[0m 
[36m(ClientAppActor pid=730402)[0m         
[36m(ClientAppActor pid=730400)[0m 
[36m(ClientAppActor pid=730400)[0m         
[92mINFO [0m:      aggregate_fit: received 5 results and 0 failures
[92mINFO [0m:      fit progress: (3, 0.8683937187194825, {'accuracy': 0.6964, 'loss': 0.8683937187194825}, 60.32912606501486)
[92mINFO [0m:      configure_evaluate: strategy sampled 5 clients (out of 5)
[36m(ClientAppActor pid=730399)[0m 
[36m(ClientAppActor pid=730399)[0m         
[36m(ClientAppActor pid=730399)[0m [93mWARNING [0m:   DEPRECATED FEATURE: `client_fn` now expects a signature `def client_fn(context: Context)`.The provided `client_fn` has signature: {'cid': <Parameter "cid: str">}. You can import the `Context` like this: `from flwr.app import Context`[32m [repeated 10x across cluster][0m
[36m(ClientAppActor pid=730399)[0m             This is a deprecated feature. It will be removed[32m [repeated 10x across cluster][0m
[36m(ClientAppActor pid=730399)[0m             entirely in future versions of Flower.[32m [repeated 10x across cluster][0m
[36m(ClientAppActor pid=730402)[0m 
[36m(ClientAppActor pid=730402)[0m         
[36m(ClientAppActor pid=730401)[0m 
[36m(ClientAppActor pid=730401)[0m         
[36m(ClientAppActor pid=730403)[0m 
[36m(ClientAppActor pid=730403)[0m         
[36m(ClientAppActor pid=730400)[0m 
[36m(ClientAppActor pid=730400)[0m         
[92mINFO [0m:      aggregate_evaluate: received 5 results and 0 failures
[92mINFO [0m:      
[92mINFO [0m:      [ROUND 4]
[92mINFO [0m:      configure_fit: strategy sampled 5 clients (out of 5)
[36m(ClientAppActor pid=730400)[0m 
[36m(ClientAppActor pid=730400)[0m         
[36m(ClientAppActor pid=730403)[0m 
[36m(ClientAppActor pid=730403)[0m         
[36m(ClientAppActor pid=730401)[0m 
[36m(ClientAppActor pid=730401)[0m         
[36m(ClientAppActor pid=730402)[0m 
[36m(ClientAppActor pid=730402)[0m         
[36m(ClientAppActor pid=730399)[0m 
[36m(ClientAppActor pid=730399)[0m         
[92mINFO [0m:      aggregate_fit: received 5 results and 0 failures
[92mINFO [0m:      fit progress: (4, 0.7180433081626892, {'accuracy': 0.757, 'loss': 0.7180433081626892}, 79.85167722502956)
[92mINFO [0m:      configure_evaluate: strategy sampled 5 clients (out of 5)
[36m(ClientAppActor pid=730401)[0m 
[36m(ClientAppActor pid=730401)[0m         
[36m(ClientAppActor pid=730401)[0m [93mWARNING [0m:   DEPRECATED FEATURE: `client_fn` now expects a signature `def client_fn(context: Context)`.The provided `client_fn` has signature: {'cid': <Parameter "cid: str">}. You can import the `Context` like this: `from flwr.app import Context`[32m [repeated 10x across cluster][0m
[36m(ClientAppActor pid=730401)[0m             This is a deprecated feature. It will be removed[32m [repeated 10x across cluster][0m
[36m(ClientAppActor pid=730401)[0m             entirely in future versions of Flower.[32m [repeated 10x across cluster][0m
[36m(ClientAppActor pid=730402)[0m 
[36m(ClientAppActor pid=730402)[0m         
[36m(ClientAppActor pid=730399)[0m 
[36m(ClientAppActor pid=730399)[0m         
[36m(ClientAppActor pid=730403)[0m 
[36m(ClientAppActor pid=730403)[0m         
[36m(ClientAppActor pid=730400)[0m 
[36m(ClientAppActor pid=730400)[0m         
[92mINFO [0m:      aggregate_evaluate: received 5 results and 0 failures
[92mINFO [0m:      
[92mINFO [0m:      [ROUND 5]
[92mINFO [0m:      configure_fit: strategy sampled 5 clients (out of 5)
[36m(ClientAppActor pid=730400)[0m 
[36m(ClientAppActor pid=730400)[0m         
[36m(ClientAppActor pid=730403)[0m 
[36m(ClientAppActor pid=730403)[0m         
[36m(ClientAppActor pid=730399)[0m 
[36m(ClientAppActor pid=730399)[0m         
[36m(ClientAppActor pid=730402)[0m 
[36m(ClientAppActor pid=730402)[0m         
[36m(ClientAppActor pid=730401)[0m 
[36m(ClientAppActor pid=730401)[0m         
[92mINFO [0m:      aggregate_fit: received 5 results and 0 failures
[92mINFO [0m:      fit progress: (5, 0.6446504630088806, {'accuracy': 0.78, 'loss': 0.6446504630088806}, 99.71373919100733)
[92mINFO [0m:      configure_evaluate: strategy sampled 5 clients (out of 5)
[36m(ClientAppActor pid=730401)[0m 
[36m(ClientAppActor pid=730401)[0m         
[36m(ClientAppActor pid=730401)[0m [93mWARNING [0m:   DEPRECATED FEATURE: `client_fn` now expects a signature `def client_fn(context: Context)`.The provided `client_fn` has signature: {'cid': <Parameter "cid: str">}. You can import the `Context` like this: `from flwr.app import Context`[32m [repeated 10x across cluster][0m
[36m(ClientAppActor pid=730401)[0m             This is a deprecated feature. It will be removed[32m [repeated 10x across cluster][0m
[36m(ClientAppActor pid=730401)[0m             entirely in future versions of Flower.[32m [repeated 10x across cluster][0m
[36m(ClientAppActor pid=730400)[0m 
[36m(ClientAppActor pid=730400)[0m         
[36m(ClientAppActor pid=730403)[0m 
[36m(ClientAppActor pid=730403)[0m         
[36m(ClientAppActor pid=730399)[0m 
[36m(ClientAppActor pid=730399)[0m         
[36m(ClientAppActor pid=730402)[0m 
[36m(ClientAppActor pid=730402)[0m         
[92mINFO [0m:      aggregate_evaluate: received 5 results and 0 failures
[92mINFO [0m:      
[92mINFO [0m:      [ROUND 6]
[92mINFO [0m:      configure_fit: strategy sampled 5 clients (out of 5)
[36m(ClientAppActor pid=730402)[0m 
[36m(ClientAppActor pid=730402)[0m         
[36m(ClientAppActor pid=730399)[0m 
[36m(ClientAppActor pid=730399)[0m         
[36m(ClientAppActor pid=730403)[0m 
[36m(ClientAppActor pid=730403)[0m         
[36m(ClientAppActor pid=730400)[0m 
[36m(ClientAppActor pid=730400)[0m         
[36m(ClientAppActor pid=730401)[0m 
[36m(ClientAppActor pid=730401)[0m         
[92mINFO [0m:      aggregate_fit: received 5 results and 0 failures
[92mINFO [0m:      fit progress: (6, 0.6336031116485595, {'accuracy': 0.7874, 'loss': 0.6336031116485595}, 119.3387666370254)
[92mINFO [0m:      configure_evaluate: strategy sampled 5 clients (out of 5)
[36m(ClientAppActor pid=730399)[0m 
[36m(ClientAppActor pid=730399)[0m         
[36m(ClientAppActor pid=730399)[0m [93mWARNING [0m:   DEPRECATED FEATURE: `client_fn` now expects a signature `def client_fn(context: Context)`.The provided `client_fn` has signature: {'cid': <Parameter "cid: str">}. You can import the `Context` like this: `from flwr.app import Context`[32m [repeated 10x across cluster][0m
[36m(ClientAppActor pid=730399)[0m             This is a deprecated feature. It will be removed[32m [repeated 10x across cluster][0m
[36m(ClientAppActor pid=730399)[0m             entirely in future versions of Flower.[32m [repeated 10x across cluster][0m
[36m(ClientAppActor pid=730401)[0m 
[36m(ClientAppActor pid=730401)[0m         
[36m(ClientAppActor pid=730402)[0m 
[36m(ClientAppActor pid=730402)[0m         
[36m(ClientAppActor pid=730400)[0m 
[36m(ClientAppActor pid=730400)[0m         
[36m(ClientAppActor pid=730403)[0m 
[36m(ClientAppActor pid=730403)[0m         
[92mINFO [0m:      aggregate_evaluate: received 5 results and 0 failures
[92mINFO [0m:      
[92mINFO [0m:      [ROUND 7]
[92mINFO [0m:      configure_fit: strategy sampled 5 clients (out of 5)
[36m(ClientAppActor pid=730403)[0m 
[36m(ClientAppActor pid=730403)[0m         
[36m(ClientAppActor pid=730400)[0m 
[36m(ClientAppActor pid=730400)[0m         
[36m(ClientAppActor pid=730402)[0m 
[36m(ClientAppActor pid=730402)[0m         
[36m(ClientAppActor pid=730401)[0m 
[36m(ClientAppActor pid=730401)[0m         
[36m(ClientAppActor pid=730399)[0m 
[36m(ClientAppActor pid=730399)[0m         
[92mINFO [0m:      aggregate_fit: received 5 results and 0 failures
[92mINFO [0m:      fit progress: (7, 0.6243174406528473, {'accuracy': 0.7966, 'loss': 0.6243174406528473}, 139.1878061949974)
[92mINFO [0m:      configure_evaluate: strategy sampled 5 clients (out of 5)
[36m(ClientAppActor pid=730399)[0m 
[36m(ClientAppActor pid=730399)[0m         
[36m(ClientAppActor pid=730399)[0m [93mWARNING [0m:   DEPRECATED FEATURE: `client_fn` now expects a signature `def client_fn(context: Context)`.The provided `client_fn` has signature: {'cid': <Parameter "cid: str">}. You can import the `Context` like this: `from flwr.app import Context`[32m [repeated 10x across cluster][0m
[36m(ClientAppActor pid=730399)[0m             This is a deprecated feature. It will be removed[32m [repeated 10x across cluster][0m
[36m(ClientAppActor pid=730399)[0m             entirely in future versions of Flower.[32m [repeated 10x across cluster][0m
[36m(ClientAppActor pid=730402)[0m 
[36m(ClientAppActor pid=730402)[0m         
[36m(ClientAppActor pid=730401)[0m 
[36m(ClientAppActor pid=730401)[0m         
[36m(ClientAppActor pid=730400)[0m 
[36m(ClientAppActor pid=730400)[0m         
[36m(ClientAppActor pid=730403)[0m 
[36m(ClientAppActor pid=730403)[0m         
[92mINFO [0m:      aggregate_evaluate: received 5 results and 0 failures
[92mINFO [0m:      
[92mINFO [0m:      [ROUND 8]
[92mINFO [0m:      configure_fit: strategy sampled 5 clients (out of 5)
[36m(ClientAppActor pid=730403)[0m 
[36m(ClientAppActor pid=730403)[0m         
[36m(ClientAppActor pid=730400)[0m 
[36m(ClientAppActor pid=730400)[0m         
[36m(ClientAppActor pid=730401)[0m 
[36m(ClientAppActor pid=730401)[0m         
[36m(ClientAppActor pid=730402)[0m 
[36m(ClientAppActor pid=730402)[0m         
[36m(ClientAppActor pid=730399)[0m 
[36m(ClientAppActor pid=730399)[0m         
[92mINFO [0m:      aggregate_fit: received 5 results and 0 failures
[92mINFO [0m:      fit progress: (8, 0.5755802089691162, {'accuracy': 0.8126, 'loss': 0.5755802089691162}, 158.48003649304155)
[92mINFO [0m:      configure_evaluate: strategy sampled 5 clients (out of 5)
[36m(ClientAppActor pid=730403)[0m 
[36m(ClientAppActor pid=730403)[0m         
[36m(ClientAppActor pid=730403)[0m [93mWARNING [0m:   DEPRECATED FEATURE: `client_fn` now expects a signature `def client_fn(context: Context)`.The provided `client_fn` has signature: {'cid': <Parameter "cid: str">}. You can import the `Context` like this: `from flwr.app import Context`[32m [repeated 10x across cluster][0m
[36m(ClientAppActor pid=730403)[0m             This is a deprecated feature. It will be removed[32m [repeated 10x across cluster][0m
[36m(ClientAppActor pid=730403)[0m             entirely in future versions of Flower.[32m [repeated 10x across cluster][0m
[36m(ClientAppActor pid=730401)[0m 
[36m(ClientAppActor pid=730401)[0m         
[36m(ClientAppActor pid=730399)[0m 
[36m(ClientAppActor pid=730399)[0m         
[36m(ClientAppActor pid=730402)[0m 
[36m(ClientAppActor pid=730402)[0m         
[36m(ClientAppActor pid=730400)[0m 
[36m(ClientAppActor pid=730400)[0m         
[92mINFO [0m:      aggregate_evaluate: received 5 results and 0 failures
[92mINFO [0m:      
[92mINFO [0m:      [ROUND 9]
[92mINFO [0m:      configure_fit: strategy sampled 5 clients (out of 5)
[36m(ClientAppActor pid=730400)[0m 
[36m(ClientAppActor pid=730400)[0m         
[36m(ClientAppActor pid=730402)[0m 
[36m(ClientAppActor pid=730402)[0m         
[36m(ClientAppActor pid=730399)[0m 
[36m(ClientAppActor pid=730399)[0m         
[36m(ClientAppActor pid=730401)[0m 
[36m(ClientAppActor pid=730401)[0m         
[36m(ClientAppActor pid=730403)[0m 
[36m(ClientAppActor pid=730403)[0m         
[92mINFO [0m:      aggregate_fit: received 5 results and 0 failures
[92mINFO [0m:      fit progress: (9, 0.5905251203775406, {'accuracy': 0.8156, 'loss': 0.5905251203775406}, 178.38309024902992)
[92mINFO [0m:      configure_evaluate: strategy sampled 5 clients (out of 5)
[36m(ClientAppActor pid=730403)[0m 
[36m(ClientAppActor pid=730403)[0m         
[36m(ClientAppActor pid=730403)[0m [93mWARNING [0m:   DEPRECATED FEATURE: `client_fn` now expects a signature `def client_fn(context: Context)`.The provided `client_fn` has signature: {'cid': <Parameter "cid: str">}. You can import the `Context` like this: `from flwr.app import Context`[32m [repeated 10x across cluster][0m
[36m(ClientAppActor pid=730403)[0m             This is a deprecated feature. It will be removed[32m [repeated 10x across cluster][0m
[36m(ClientAppActor pid=730403)[0m             entirely in future versions of Flower.[32m [repeated 10x across cluster][0m
[36m(ClientAppActor pid=730400)[0m 
[36m(ClientAppActor pid=730400)[0m         
[36m(ClientAppActor pid=730402)[0m 
[36m(ClientAppActor pid=730402)[0m         
[36m(ClientAppActor pid=730399)[0m 
[36m(ClientAppActor pid=730399)[0m         
[36m(ClientAppActor pid=730401)[0m 
[36m(ClientAppActor pid=730401)[0m         
[92mINFO [0m:      aggregate_evaluate: received 5 results and 0 failures
[92mINFO [0m:      
[92mINFO [0m:      [ROUND 10]
[92mINFO [0m:      configure_fit: strategy sampled 5 clients (out of 5)
[36m(ClientAppActor pid=730401)[0m 
[36m(ClientAppActor pid=730401)[0m         
[36m(ClientAppActor pid=730399)[0m 
[36m(ClientAppActor pid=730399)[0m         
[36m(ClientAppActor pid=730402)[0m 
[36m(ClientAppActor pid=730402)[0m         
[36m(ClientAppActor pid=730400)[0m 
[36m(ClientAppActor pid=730400)[0m         
[36m(ClientAppActor pid=730403)[0m 
[36m(ClientAppActor pid=730403)[0m         
[92mINFO [0m:      aggregate_fit: received 5 results and 0 failures
[92mINFO [0m:      fit progress: (10, 0.5884739825725556, {'accuracy': 0.8164, 'loss': 0.5884739825725556}, 198.1363559520105)
[92mINFO [0m:      configure_evaluate: strategy sampled 5 clients (out of 5)
[36m(ClientAppActor pid=730400)[0m 
[36m(ClientAppActor pid=730400)[0m         
[36m(ClientAppActor pid=730400)[0m [93mWARNING [0m:   DEPRECATED FEATURE: `client_fn` now expects a signature `def client_fn(context: Context)`.The provided `client_fn` has signature: {'cid': <Parameter "cid: str">}. You can import the `Context` like this: `from flwr.app import Context`[32m [repeated 10x across cluster][0m
[36m(ClientAppActor pid=730400)[0m             This is a deprecated feature. It will be removed[32m [repeated 10x across cluster][0m
[36m(ClientAppActor pid=730400)[0m             entirely in future versions of Flower.[32m [repeated 10x across cluster][0m
[36m(ClientAppActor pid=730399)[0m 
[36m(ClientAppActor pid=730399)[0m         
[36m(ClientAppActor pid=730402)[0m 
[36m(ClientAppActor pid=730402)[0m         
[36m(ClientAppActor pid=730403)[0m 
[36m(ClientAppActor pid=730403)[0m         
[36m(ClientAppActor pid=730401)[0m 
[36m(ClientAppActor pid=730401)[0m         
[92mINFO [0m:      aggregate_evaluate: received 5 results and 0 failures
[92mINFO [0m:      
[92mINFO [0m:      [SUMMARY]
[92mINFO [0m:      Run finished 10 round(s) in 199.04s
[92mINFO [0m:      	History (loss, distributed):
[92mINFO [0m:      		round 1: 2.2769703137583615
[92mINFO [0m:      		round 2: 1.4060244310279044
[92mINFO [0m:      		round 3: 0.8645407686046526
[92mINFO [0m:      		round 4: 0.696943848812375
[92mINFO [0m:      		round 5: 0.6267692714142484
[92mINFO [0m:      		round 6: 0.6239989232294271
[92mINFO [0m:      		round 7: 0.6111255688589065
[92mINFO [0m:      		round 8: 0.5583462903932744
[92mINFO [0m:      		round 9: 0.5627139255929203
[92mINFO [0m:      		round 10: 0.5816113799452639
[92mINFO [0m:      	History (loss, centralized):
[92mINFO [0m:      		round 0: 2.303379281997681
[92mINFO [0m:      		round 1: 2.2753398151397706
[92mINFO [0m:      		round 2: 1.391536123085022
[92mINFO [0m:      		round 3: 0.8683937187194825
[92mINFO [0m:      		round 4: 0.7180433081626892
[92mINFO [0m:      		round 5: 0.6446504630088806
[92mINFO [0m:      		round 6: 0.6336031116485595
[92mINFO [0m:      		round 7: 0.6243174406528473
[92mINFO [0m:      		round 8: 0.5755802089691162
[92mINFO [0m:      		round 9: 0.5905251203775406
[92mINFO [0m:      		round 10: 0.5884739825725556
[92mINFO [0m:      	History (metrics, distributed, fit):
[92mINFO [0m:      	{'avg_flops_per_client_round': [(1, 8140624189440.0),
[92mINFO [0m:      	                                (2, 8140624189440.0),
[92mINFO [0m:      	                                (3, 8140624189440.0),
[92mINFO [0m:      	                                (4, 8140624189440.0),
[92mINFO [0m:      	                                (5, 8140624189440.0),
[92mINFO [0m:      	                                (6, 8140624189440.0),
[92mINFO [0m:      	                                (7, 8140624189440.0),
[92mINFO [0m:      	                                (8, 8140624189440.0),
[92mINFO [0m:      	                                (9, 8140624189440.0),
[92mINFO [0m:      	                                (10, 8140624189440.0)],
[92mINFO [0m:      	 'total_flops_round': [(1, 40703120947200),
[92mINFO [0m:      	                       (2, 40703120947200),
[92mINFO [0m:      	                       (3, 40703120947200),
[92mINFO [0m:      	                       (4, 40703120947200),
[92mINFO [0m:      	                       (5, 40703120947200),
[92mINFO [0m:      	                       (6, 40703120947200),
[92mINFO [0m:      	                       (7, 40703120947200),
[92mINFO [0m:      	                       (8, 40703120947200),
[92mINFO [0m:      	                       (9, 40703120947200),
[92mINFO [0m:      	                       (10, 40703120947200)]}
[92mINFO [0m:      	History (metrics, distributed, evaluate):
[92mINFO [0m:      	{'accuracy': [(1, 0.09443777511004402),
[92mINFO [0m:      	              (2, 0.5706282513005202),
[92mINFO [0m:      	              (3, 0.6908763505402161),
[92mINFO [0m:      	              (4, 0.7545018007202882),
[92mINFO [0m:      	              (5, 0.7833133253301321),
[92mINFO [0m:      	              (6, 0.7897158863545418),
[92mINFO [0m:      	              (7, 0.7995198079231692),
[92mINFO [0m:      	              (8, 0.8129251700680272),
[92mINFO [0m:      	              (9, 0.8159263705482193),
[92mINFO [0m:      	              (10, 0.8189275710284114)],
[92mINFO [0m:      	 'loss': [(1, 2.2769703137583615),
[92mINFO [0m:      	          (2, 1.4060244310279044),
[92mINFO [0m:      	          (3, 0.8645407686046526),
[92mINFO [0m:      	          (4, 0.696943848812375),
[92mINFO [0m:      	          (5, 0.6267692714142484),
[92mINFO [0m:      	          (6, 0.6239989232294271),
[92mINFO [0m:      	          (7, 0.6111255688589065),
[92mINFO [0m:      	          (8, 0.5583462903932744),
[92mINFO [0m:      	          (9, 0.5627139255929203),
[92mINFO [0m:      	          (10, 0.5816113799452639)]}
[92mINFO [0m:      	History (metrics, centralized):
[92mINFO [0m:      	{'accuracy': [(0, 0.0999),
[92mINFO [0m:      	              (1, 0.1027),
[92mINFO [0m:      	              (2, 0.5781),
[92mINFO [0m:      	              (3, 0.6964),
[92mINFO [0m:      	              (4, 0.757),
[92mINFO [0m:      	              (5, 0.78),
[92mINFO [0m:      	              (6, 0.7874),
[92mINFO [0m:      	              (7, 0.7966),
[92mINFO [0m:      	              (8, 0.8126),
[92mINFO [0m:      	              (9, 0.8156),
[92mINFO [0m:      	              (10, 0.8164)],
[92mINFO [0m:      	 'loss': [(0, 2.303379281997681),
[92mINFO [0m:      	          (1, 2.2753398151397706),
[92mINFO [0m:      	          (2, 1.391536123085022),
[92mINFO [0m:      	          (3, 0.8683937187194825),
[92mINFO [0m:      	          (4, 0.7180433081626892),
[92mINFO [0m:      	          (5, 0.6446504630088806),
[92mINFO [0m:      	          (6, 0.6336031116485595),
[92mINFO [0m:      	          (7, 0.6243174406528473),
[92mINFO [0m:      	          (8, 0.5755802089691162),
[92mINFO [0m:      	          (9, 0.5905251203775406),
[92mINFO [0m:      	          (10, 0.5884739825725556)]}
[92mINFO [0m:      
Treinando no dispositivo: cuda:0 com o dataset: CIFAR10 | Setup clientes: 5 (num_gpus por cliente=0.2) | SEED=43 | Método: FedProx (mu=0.01)
FLOPS por amostra (forward): 6.030e+07 | (forward+backward, 3x): 1.809e+08
Files already downloaded and verified
Files already downloaded and verified
Dividindo o dataset usando a distribuição de Dirichlet com alpha=1.0.
Iniciando a simulação de Aprendizado Federado...
=== Diagnóstico de Medição de GPU ===
  pynvml_disponivel: True
  pynvml_versao: 580.173.02
  gpus_detectadas: 1
  leitura_potencia_ok: True
  potencia_atual_W: 114.664

--- Rodada 0 - Avaliação Centralizada (Servidor) ---
Loss (Servidor): 2.3034 | Acurácia (Servidor): 0.0999

--- Rodada 1 - Avaliação Centralizada (Servidor) ---
Loss (Servidor): 2.2753 | Acurácia (Servidor): 0.1027
--- Avaliação Agregada (Clientes) ---
Loss Média (Clientes): 2.2770 | Acurácia Média (Clientes): 0.0944

--- Rodada 2 - Avaliação Centralizada (Servidor) ---
Loss (Servidor): 1.3915 | Acurácia (Servidor): 0.5781
--- Avaliação Agregada (Clientes) ---
Loss Média (Clientes): 1.4060 | Acurácia Média (Clientes): 0.5706

--- Rodada 3 - Avaliação Centralizada (Servidor) ---
Loss (Servidor): 0.8684 | Acurácia (Servidor): 0.6964
--- Avaliação Agregada (Clientes) ---
Loss Média (Clientes): 0.8645 | Acurácia Média (Clientes): 0.6909

--- Rodada 4 - Avaliação Centralizada (Servidor) ---
Loss (Servidor): 0.7180 | Acurácia (Servidor): 0.7570
--- Avaliação Agregada (Clientes) ---
Loss Média (Clientes): 0.6969 | Acurácia Média (Clientes): 0.7545

--- Rodada 5 - Avaliação Centralizada (Servidor) ---
Loss (Servidor): 0.6447 | Acurácia (Servidor): 0.7800
--- Avaliação Agregada (Clientes) ---
Loss Média (Clientes): 0.6268 | Acurácia Média (Clientes): 0.7833

--- Rodada 6 - Avaliação Centralizada (Servidor) ---
Loss (Servidor): 0.6336 | Acurácia (Servidor): 0.7874
--- Avaliação Agregada (Clientes) ---
Loss Média (Clientes): 0.6240 | Acurácia Média (Clientes): 0.7897

--- Rodada 7 - Avaliação Centralizada (Servidor) ---
Loss (Servidor): 0.6243 | Acurácia (Servidor): 0.7966
--- Avaliação Agregada (Clientes) ---
Loss Média (Clientes): 0.6111 | Acurácia Média (Clientes): 0.7995

--- Rodada 8 - Avaliação Centralizada (Servidor) ---
Loss (Servidor): 0.5756 | Acurácia (Servidor): 0.8126
--- Avaliação Agregada (Clientes) ---
Loss Média (Clientes): 0.5583 | Acurácia Média (Clientes): 0.8129

--- Rodada 9 - Avaliação Centralizada (Servidor) ---
Loss (Servidor): 0.5905 | Acurácia (Servidor): 0.8156
--- Avaliação Agregada (Clientes) ---
Loss Média (Clientes): 0.5627 | Acurácia Média (Clientes): 0.8159

--- Rodada 10 - Avaliação Centralizada (Servidor) ---
Loss (Servidor): 0.5885 | Acurácia (Servidor): 0.8164
--- Avaliação Agregada (Clientes) ---
Loss Média (Clientes): 0.5816 | Acurácia Média (Clientes): 0.8189

Resultados salvos em: /home/tiago/GitHubProjects/fedhad-thesis-2/FedProx-results/1.1_diagnostico_drift/CIFAR10/FedProx__CIFAR10__Setup-5__Clients-5__Rounds-10__Delay-0_05__Alpha-1_0__Seed-43.txt
[36m(ClientAppActor pid=730401)[0m [93mWARNING [0m:   DEPRECATED FEATURE: `client_fn` now expects a signature `def client_fn(context: Context)`.The provided `client_fn` has signature: {'cid': <Parameter "cid: str">}. You can import the `Context` like this: `from flwr.app import Context`[32m [repeated 4x across cluster][0m
[36m(ClientAppActor pid=730401)[0m             This is a deprecated feature. It will be removed[32m [repeated 4x across cluster][0m
[36m(ClientAppActor pid=730401)[0m             entirely in future versions of Flower.[32m [repeated 4x across cluster][0m
