[codecarbon WARNING @ 14:20:09] Multiple instances of codecarbon are allowed to run at the same time.
[93mWARNING [0m:   DEPRECATED FEATURE: flwr.simulation.start_simulation() is deprecated.
	Instead, use the `flwr run` CLI command to start a local simulation in your Flower app, as shown for example below:

		$ flwr new  # Create a new Flower app from a template

		$ flwr run  # Run the Flower app in Simulation Mode

	Using `start_simulation()` is deprecated.

            This is a deprecated feature. It will be removed
            entirely in future versions of Flower.
        
[92mINFO [0m:      Starting Flower simulation, config: num_rounds=10, no round_timeout
2026-09-04 14:20:17,461	INFO worker.py:2012 -- Started a local Ray instance.
/home/tiago/GitHubProjects/fedhad-thesis-2/env_flwr_pt/lib/python3.12/site-packages/ray/_private/worker.py:2051: FutureWarning: Tip: In future versions of Ray, Ray will no longer override accelerator visible devices env var if num_gpus=0 or num_gpus=None (default). To enable this behavior and turn off this error message, set RAY_ACCEL_ENV_VAR_OVERRIDE_ON_ZERO=0
  warnings.warn(
[92mINFO [0m:      Flower VCE: Ray initialized with resources: {'memory': 181319660749.0, 'GPU': 1.0, 'object_store_memory': 77708426035.0, 'node:__internal_head__': 1.0, 'CPU': 64.0, 'node:10.129.64.100': 1.0, 'accelerator_type:A40': 1.0}
[92mINFO [0m:      Optimize your simulation with Flower VCE: https://flower.ai/docs/framework/how-to-run-simulations.html
/home/tiago/GitHubProjects/fedhad-thesis-2/FedProx_Final.py:1601: UserWarning: No `num_cpus` specified in `client_resources`. Using `num_cpus=1` for each client.
  history = fl.simulation.start_simulation(
[92mINFO [0m:      Flower VCE: Resources for each Virtual Client: {'num_gpus': 0.2, 'num_cpus': 1}
[92mINFO [0m:      Flower VCE: Creating VirtualClientEngineActorPool with 5 actors
[92mINFO [0m:      [INIT]
[92mINFO [0m:      Requesting initial parameters from one random client
[36m(ClientAppActor pid=722127)[0m [93mWARNING [0m:   DEPRECATED FEATURE: `client_fn` now expects a signature `def client_fn(context: Context)`.The provided `client_fn` has signature: {'cid': <Parameter "cid: str">}. You can import the `Context` like this: `from flwr.app import Context`
[36m(ClientAppActor pid=722127)[0m 
[36m(ClientAppActor pid=722127)[0m             This is a deprecated feature. It will be removed
[36m(ClientAppActor pid=722127)[0m             entirely in future versions of Flower.
[36m(ClientAppActor pid=722127)[0m         
[92mINFO [0m:      Received initial parameters from one random client
[92mINFO [0m:      Starting evaluation of initial global parameters
[92mINFO [0m:      initial parameters (loss, other metrics): 2.3032259456634523, {'accuracy': 0.1, 'loss': 2.3032259456634523}
[92mINFO [0m:      
[92mINFO [0m:      [ROUND 1]
[92mINFO [0m:      configure_fit: strategy sampled 5 clients (out of 5)
[36m(ClientAppActor pid=722127)[0m [93mWARNING [0m:   DEPRECATED FEATURE: `client_fn` now expects a signature `def client_fn(context: Context)`.The provided `client_fn` has signature: {'cid': <Parameter "cid: str">}. You can import the `Context` like this: `from flwr.app import Context`
[36m(ClientAppActor pid=722127)[0m 
[36m(ClientAppActor pid=722127)[0m             This is a deprecated feature. It will be removed
[36m(ClientAppActor pid=722127)[0m             entirely in future versions of Flower.
[36m(ClientAppActor pid=722127)[0m         
[36m(ClientAppActor pid=722128)[0m 
[36m(ClientAppActor pid=722128)[0m         
[36m(ClientAppActor pid=722125)[0m 
[36m(ClientAppActor pid=722125)[0m         
[36m(ClientAppActor pid=722126)[0m 
[36m(ClientAppActor pid=722126)[0m         
[36m(ClientAppActor pid=722124)[0m 
[36m(ClientAppActor pid=722124)[0m         
[92mINFO [0m:      aggregate_fit: received 5 results and 0 failures
[92mINFO [0m:      fit progress: (1, 2.2868567111968994, {'accuracy': 0.1, 'loss': 2.2868567111968994}, 20.4699564690236)
[92mINFO [0m:      configure_evaluate: strategy sampled 5 clients (out of 5)
[36m(ClientAppActor pid=722124)[0m 
[36m(ClientAppActor pid=722124)[0m         
[36m(ClientAppActor pid=722124)[0m [93mWARNING [0m:   DEPRECATED FEATURE: `client_fn` now expects a signature `def client_fn(context: Context)`.The provided `client_fn` has signature: {'cid': <Parameter "cid: str">}. You can import the `Context` like this: `from flwr.app import Context`[32m [repeated 5x across cluster] (Ray deduplicates logs by default. Set RAY_DEDUP_LOGS=0 to disable log deduplication, or see https://docs.ray.io/en/master/ray-observability/user-guides/configure-logging.html#log-deduplication for more options.)[0m
[36m(ClientAppActor pid=722124)[0m             This is a deprecated feature. It will be removed[32m [repeated 5x across cluster][0m
[36m(ClientAppActor pid=722124)[0m             entirely in future versions of Flower.[32m [repeated 5x across cluster][0m
[36m(ClientAppActor pid=722128)[0m 
[36m(ClientAppActor pid=722128)[0m         
[36m(ClientAppActor pid=722126)[0m 
[36m(ClientAppActor pid=722126)[0m         
[36m(ClientAppActor pid=722125)[0m 
[36m(ClientAppActor pid=722125)[0m         
[36m(ClientAppActor pid=722127)[0m 
[36m(ClientAppActor pid=722127)[0m         
[92mINFO [0m:      aggregate_evaluate: received 5 results and 0 failures
[92mINFO [0m:      
[92mINFO [0m:      [ROUND 2]
[92mINFO [0m:      configure_fit: strategy sampled 5 clients (out of 5)
[36m(ClientAppActor pid=722127)[0m 
[36m(ClientAppActor pid=722127)[0m         
[36m(ClientAppActor pid=722125)[0m 
[36m(ClientAppActor pid=722125)[0m         
[36m(ClientAppActor pid=722128)[0m 
[36m(ClientAppActor pid=722128)[0m         
[36m(ClientAppActor pid=722126)[0m 
[36m(ClientAppActor pid=722126)[0m         
[36m(ClientAppActor pid=722124)[0m 
[36m(ClientAppActor pid=722124)[0m         
[92mINFO [0m:      aggregate_fit: received 5 results and 0 failures
[92mINFO [0m:      fit progress: (2, 1.4810893867492676, {'accuracy': 0.4884, 'loss': 1.4810893867492676}, 39.533987804024946)
[92mINFO [0m:      configure_evaluate: strategy sampled 5 clients (out of 5)
[36m(ClientAppActor pid=722124)[0m 
[36m(ClientAppActor pid=722124)[0m         
[36m(ClientAppActor pid=722124)[0m [93mWARNING [0m:   DEPRECATED FEATURE: `client_fn` now expects a signature `def client_fn(context: Context)`.The provided `client_fn` has signature: {'cid': <Parameter "cid: str">}. You can import the `Context` like this: `from flwr.app import Context`[32m [repeated 10x across cluster][0m
[36m(ClientAppActor pid=722124)[0m             This is a deprecated feature. It will be removed[32m [repeated 10x across cluster][0m
[36m(ClientAppActor pid=722124)[0m             entirely in future versions of Flower.[32m [repeated 10x across cluster][0m
[36m(ClientAppActor pid=722126)[0m 
[36m(ClientAppActor pid=722126)[0m         
[36m(ClientAppActor pid=722128)[0m 
[36m(ClientAppActor pid=722128)[0m         
[36m(ClientAppActor pid=722125)[0m 
[36m(ClientAppActor pid=722125)[0m         
[36m(ClientAppActor pid=722127)[0m 
[36m(ClientAppActor pid=722127)[0m         
[92mINFO [0m:      aggregate_evaluate: received 5 results and 0 failures
[92mINFO [0m:      
[92mINFO [0m:      [ROUND 3]
[92mINFO [0m:      configure_fit: strategy sampled 5 clients (out of 5)
[36m(ClientAppActor pid=722127)[0m 
[36m(ClientAppActor pid=722127)[0m         
[36m(ClientAppActor pid=722125)[0m 
[36m(ClientAppActor pid=722125)[0m         
[36m(ClientAppActor pid=722128)[0m 
[36m(ClientAppActor pid=722128)[0m         
[36m(ClientAppActor pid=722126)[0m 
[36m(ClientAppActor pid=722126)[0m         
[36m(ClientAppActor pid=722124)[0m 
[36m(ClientAppActor pid=722124)[0m         
[92mINFO [0m:      aggregate_fit: received 5 results and 0 failures
[92mINFO [0m:      fit progress: (3, 0.9164852689743042, {'accuracy': 0.6781, 'loss': 0.9164852689743042}, 58.42660435201833)
[92mINFO [0m:      configure_evaluate: strategy sampled 5 clients (out of 5)
[36m(ClientAppActor pid=722127)[0m 
[36m(ClientAppActor pid=722127)[0m         
[36m(ClientAppActor pid=722127)[0m [93mWARNING [0m:   DEPRECATED FEATURE: `client_fn` now expects a signature `def client_fn(context: Context)`.The provided `client_fn` has signature: {'cid': <Parameter "cid: str">}. You can import the `Context` like this: `from flwr.app import Context`[32m [repeated 10x across cluster][0m
[36m(ClientAppActor pid=722127)[0m             This is a deprecated feature. It will be removed[32m [repeated 10x across cluster][0m
[36m(ClientAppActor pid=722127)[0m             entirely in future versions of Flower.[32m [repeated 10x across cluster][0m
[36m(ClientAppActor pid=722124)[0m 
[36m(ClientAppActor pid=722124)[0m         
[36m(ClientAppActor pid=722125)[0m 
[36m(ClientAppActor pid=722125)[0m         
[36m(ClientAppActor pid=722128)[0m 
[36m(ClientAppActor pid=722128)[0m         
[36m(ClientAppActor pid=722126)[0m 
[36m(ClientAppActor pid=722126)[0m         
[92mINFO [0m:      aggregate_evaluate: received 5 results and 0 failures
[92mINFO [0m:      
[92mINFO [0m:      [ROUND 4]
[92mINFO [0m:      configure_fit: strategy sampled 5 clients (out of 5)
[36m(ClientAppActor pid=722126)[0m 
[36m(ClientAppActor pid=722126)[0m         
[36m(ClientAppActor pid=722128)[0m 
[36m(ClientAppActor pid=722128)[0m         
[36m(ClientAppActor pid=722125)[0m 
[36m(ClientAppActor pid=722125)[0m         
[36m(ClientAppActor pid=722124)[0m 
[36m(ClientAppActor pid=722124)[0m         
[36m(ClientAppActor pid=722127)[0m 
[36m(ClientAppActor pid=722127)[0m         
[92mINFO [0m:      aggregate_fit: received 5 results and 0 failures
[92mINFO [0m:      fit progress: (4, 0.7424236932754517, {'accuracy': 0.7454, 'loss': 0.7424236932754517}, 77.61775458900956)
[92mINFO [0m:      configure_evaluate: strategy sampled 5 clients (out of 5)
[36m(ClientAppActor pid=722127)[0m 
[36m(ClientAppActor pid=722127)[0m         
[36m(ClientAppActor pid=722127)[0m [93mWARNING [0m:   DEPRECATED FEATURE: `client_fn` now expects a signature `def client_fn(context: Context)`.The provided `client_fn` has signature: {'cid': <Parameter "cid: str">}. You can import the `Context` like this: `from flwr.app import Context`[32m [repeated 10x across cluster][0m
[36m(ClientAppActor pid=722127)[0m             This is a deprecated feature. It will be removed[32m [repeated 10x across cluster][0m
[36m(ClientAppActor pid=722127)[0m             entirely in future versions of Flower.[32m [repeated 10x across cluster][0m
[36m(ClientAppActor pid=722124)[0m 
[36m(ClientAppActor pid=722124)[0m         
[36m(ClientAppActor pid=722125)[0m 
[36m(ClientAppActor pid=722125)[0m         
[36m(ClientAppActor pid=722128)[0m 
[36m(ClientAppActor pid=722128)[0m         
[36m(ClientAppActor pid=722126)[0m 
[36m(ClientAppActor pid=722126)[0m         
[92mINFO [0m:      aggregate_evaluate: received 5 results and 0 failures
[92mINFO [0m:      
[92mINFO [0m:      [ROUND 5]
[92mINFO [0m:      configure_fit: strategy sampled 5 clients (out of 5)
[36m(ClientAppActor pid=722126)[0m 
[36m(ClientAppActor pid=722126)[0m         
[36m(ClientAppActor pid=722128)[0m 
[36m(ClientAppActor pid=722128)[0m         
[36m(ClientAppActor pid=722124)[0m 
[36m(ClientAppActor pid=722124)[0m         
[36m(ClientAppActor pid=722125)[0m 
[36m(ClientAppActor pid=722125)[0m         
[36m(ClientAppActor pid=722127)[0m 
[36m(ClientAppActor pid=722127)[0m         
[92mINFO [0m:      aggregate_fit: received 5 results and 0 failures
[92mINFO [0m:      fit progress: (5, 0.6894726633071899, {'accuracy': 0.7658, 'loss': 0.6894726633071899}, 96.93667518201983)
[92mINFO [0m:      configure_evaluate: strategy sampled 5 clients (out of 5)
[36m(ClientAppActor pid=722125)[0m 
[36m(ClientAppActor pid=722125)[0m         
[36m(ClientAppActor pid=722125)[0m [93mWARNING [0m:   DEPRECATED FEATURE: `client_fn` now expects a signature `def client_fn(context: Context)`.The provided `client_fn` has signature: {'cid': <Parameter "cid: str">}. You can import the `Context` like this: `from flwr.app import Context`[32m [repeated 10x across cluster][0m
[36m(ClientAppActor pid=722125)[0m             This is a deprecated feature. It will be removed[32m [repeated 10x across cluster][0m
[36m(ClientAppActor pid=722125)[0m             entirely in future versions of Flower.[32m [repeated 10x across cluster][0m
[36m(ClientAppActor pid=722127)[0m 
[36m(ClientAppActor pid=722127)[0m         
[36m(ClientAppActor pid=722126)[0m 
[36m(ClientAppActor pid=722126)[0m         
[36m(ClientAppActor pid=722128)[0m 
[36m(ClientAppActor pid=722128)[0m         
[36m(ClientAppActor pid=722124)[0m 
[36m(ClientAppActor pid=722124)[0m         
[92mINFO [0m:      aggregate_evaluate: received 5 results and 0 failures
[92mINFO [0m:      
[92mINFO [0m:      [ROUND 6]
[92mINFO [0m:      configure_fit: strategy sampled 5 clients (out of 5)
[36m(ClientAppActor pid=722124)[0m 
[36m(ClientAppActor pid=722124)[0m         
[36m(ClientAppActor pid=722128)[0m 
[36m(ClientAppActor pid=722128)[0m         
[36m(ClientAppActor pid=722126)[0m 
[36m(ClientAppActor pid=722126)[0m         
[36m(ClientAppActor pid=722127)[0m 
[36m(ClientAppActor pid=722127)[0m         
[36m(ClientAppActor pid=722125)[0m 
[36m(ClientAppActor pid=722125)[0m         
[92mINFO [0m:      aggregate_fit: received 5 results and 0 failures
[92mINFO [0m:      fit progress: (6, 0.625820516872406, {'accuracy': 0.7874, 'loss': 0.625820516872406}, 115.4268507490051)
[92mINFO [0m:      configure_evaluate: strategy sampled 5 clients (out of 5)
[36m(ClientAppActor pid=722124)[0m 
[36m(ClientAppActor pid=722124)[0m         
[36m(ClientAppActor pid=722124)[0m [93mWARNING [0m:   DEPRECATED FEATURE: `client_fn` now expects a signature `def client_fn(context: Context)`.The provided `client_fn` has signature: {'cid': <Parameter "cid: str">}. You can import the `Context` like this: `from flwr.app import Context`[32m [repeated 10x across cluster][0m
[36m(ClientAppActor pid=722124)[0m             This is a deprecated feature. It will be removed[32m [repeated 10x across cluster][0m
[36m(ClientAppActor pid=722124)[0m             entirely in future versions of Flower.[32m [repeated 10x across cluster][0m
[36m(ClientAppActor pid=722125)[0m 
[36m(ClientAppActor pid=722125)[0m         
[36m(ClientAppActor pid=722126)[0m 
[36m(ClientAppActor pid=722126)[0m         
[36m(ClientAppActor pid=722127)[0m 
[36m(ClientAppActor pid=722127)[0m         
[36m(ClientAppActor pid=722128)[0m 
[36m(ClientAppActor pid=722128)[0m         
[92mINFO [0m:      aggregate_evaluate: received 5 results and 0 failures
[92mINFO [0m:      
[92mINFO [0m:      [ROUND 7]
[92mINFO [0m:      configure_fit: strategy sampled 5 clients (out of 5)
[36m(ClientAppActor pid=722128)[0m 
[36m(ClientAppActor pid=722128)[0m         
[36m(ClientAppActor pid=722127)[0m 
[36m(ClientAppActor pid=722127)[0m         
[36m(ClientAppActor pid=722126)[0m 
[36m(ClientAppActor pid=722126)[0m         
[36m(ClientAppActor pid=722125)[0m 
[36m(ClientAppActor pid=722125)[0m         
[36m(ClientAppActor pid=722124)[0m 
[36m(ClientAppActor pid=722124)[0m         
[92mINFO [0m:      aggregate_fit: received 5 results and 0 failures
[92mINFO [0m:      fit progress: (7, 0.5924965755939484, {'accuracy': 0.805, 'loss': 0.5924965755939484}, 134.24901335302275)
[92mINFO [0m:      configure_evaluate: strategy sampled 5 clients (out of 5)
[36m(ClientAppActor pid=722127)[0m 
[36m(ClientAppActor pid=722127)[0m         
[36m(ClientAppActor pid=722127)[0m [93mWARNING [0m:   DEPRECATED FEATURE: `client_fn` now expects a signature `def client_fn(context: Context)`.The provided `client_fn` has signature: {'cid': <Parameter "cid: str">}. You can import the `Context` like this: `from flwr.app import Context`[32m [repeated 10x across cluster][0m
[36m(ClientAppActor pid=722127)[0m             This is a deprecated feature. It will be removed[32m [repeated 10x across cluster][0m
[36m(ClientAppActor pid=722127)[0m             entirely in future versions of Flower.[32m [repeated 10x across cluster][0m
[36m(ClientAppActor pid=722124)[0m 
[36m(ClientAppActor pid=722124)[0m         
[36m(ClientAppActor pid=722125)[0m 
[36m(ClientAppActor pid=722125)[0m         
[36m(ClientAppActor pid=722126)[0m 
[36m(ClientAppActor pid=722126)[0m         
[36m(ClientAppActor pid=722128)[0m 
[36m(ClientAppActor pid=722128)[0m         
[92mINFO [0m:      aggregate_evaluate: received 5 results and 0 failures
[92mINFO [0m:      
[92mINFO [0m:      [ROUND 8]
[92mINFO [0m:      configure_fit: strategy sampled 5 clients (out of 5)
[36m(ClientAppActor pid=722128)[0m 
[36m(ClientAppActor pid=722128)[0m         
[36m(ClientAppActor pid=722126)[0m 
[36m(ClientAppActor pid=722126)[0m         
[36m(ClientAppActor pid=722125)[0m 
[36m(ClientAppActor pid=722125)[0m         
[36m(ClientAppActor pid=722124)[0m 
[36m(ClientAppActor pid=722124)[0m         
[36m(ClientAppActor pid=722127)[0m 
[36m(ClientAppActor pid=722127)[0m         
[92mINFO [0m:      aggregate_fit: received 5 results and 0 failures
[92mINFO [0m:      fit progress: (8, 0.6266913285255432, {'accuracy': 0.8012, 'loss': 0.6266913285255432}, 153.30392745498102)
[92mINFO [0m:      configure_evaluate: strategy sampled 5 clients (out of 5)
[36m(ClientAppActor pid=722124)[0m 
[36m(ClientAppActor pid=722124)[0m         
[36m(ClientAppActor pid=722124)[0m [93mWARNING [0m:   DEPRECATED FEATURE: `client_fn` now expects a signature `def client_fn(context: Context)`.The provided `client_fn` has signature: {'cid': <Parameter "cid: str">}. You can import the `Context` like this: `from flwr.app import Context`[32m [repeated 10x across cluster][0m
[36m(ClientAppActor pid=722124)[0m             This is a deprecated feature. It will be removed[32m [repeated 10x across cluster][0m
[36m(ClientAppActor pid=722124)[0m             entirely in future versions of Flower.[32m [repeated 10x across cluster][0m
[36m(ClientAppActor pid=722127)[0m 
[36m(ClientAppActor pid=722127)[0m         
[36m(ClientAppActor pid=722125)[0m 
[36m(ClientAppActor pid=722125)[0m         
[36m(ClientAppActor pid=722128)[0m 
[36m(ClientAppActor pid=722128)[0m         
[36m(ClientAppActor pid=722126)[0m 
[36m(ClientAppActor pid=722126)[0m         
[92mINFO [0m:      aggregate_evaluate: received 5 results and 0 failures
[92mINFO [0m:      
[92mINFO [0m:      [ROUND 9]
[92mINFO [0m:      configure_fit: strategy sampled 5 clients (out of 5)
[36m(ClientAppActor pid=722126)[0m 
[36m(ClientAppActor pid=722126)[0m         
[36m(ClientAppActor pid=722128)[0m 
[36m(ClientAppActor pid=722128)[0m         
[36m(ClientAppActor pid=722125)[0m 
[36m(ClientAppActor pid=722125)[0m         
[36m(ClientAppActor pid=722127)[0m 
[36m(ClientAppActor pid=722127)[0m         
[36m(ClientAppActor pid=722124)[0m 
[36m(ClientAppActor pid=722124)[0m         
[92mINFO [0m:      aggregate_fit: received 5 results and 0 failures
[92mINFO [0m:      fit progress: (9, 0.6007054090023041, {'accuracy': 0.8085, 'loss': 0.6007054090023041}, 172.24538899800973)
[92mINFO [0m:      configure_evaluate: strategy sampled 5 clients (out of 5)
[36m(ClientAppActor pid=722127)[0m 
[36m(ClientAppActor pid=722127)[0m         
[36m(ClientAppActor pid=722127)[0m [93mWARNING [0m:   DEPRECATED FEATURE: `client_fn` now expects a signature `def client_fn(context: Context)`.The provided `client_fn` has signature: {'cid': <Parameter "cid: str">}. You can import the `Context` like this: `from flwr.app import Context`[32m [repeated 10x across cluster][0m
[36m(ClientAppActor pid=722127)[0m             This is a deprecated feature. It will be removed[32m [repeated 10x across cluster][0m
[36m(ClientAppActor pid=722127)[0m             entirely in future versions of Flower.[32m [repeated 10x across cluster][0m
[36m(ClientAppActor pid=722125)[0m 
[36m(ClientAppActor pid=722125)[0m         
[36m(ClientAppActor pid=722128)[0m 
[36m(ClientAppActor pid=722128)[0m         
[36m(ClientAppActor pid=722124)[0m 
[36m(ClientAppActor pid=722124)[0m         
[36m(ClientAppActor pid=722126)[0m 
[36m(ClientAppActor pid=722126)[0m         
[92mINFO [0m:      aggregate_evaluate: received 5 results and 0 failures
[92mINFO [0m:      
[92mINFO [0m:      [ROUND 10]
[92mINFO [0m:      configure_fit: strategy sampled 5 clients (out of 5)
[36m(ClientAppActor pid=722126)[0m 
[36m(ClientAppActor pid=722126)[0m         
[36m(ClientAppActor pid=722124)[0m 
[36m(ClientAppActor pid=722124)[0m         
[36m(ClientAppActor pid=722128)[0m 
[36m(ClientAppActor pid=722128)[0m         
[36m(ClientAppActor pid=722125)[0m 
[36m(ClientAppActor pid=722125)[0m         
[36m(ClientAppActor pid=722127)[0m 
[36m(ClientAppActor pid=722127)[0m         
[92mINFO [0m:      aggregate_fit: received 5 results and 0 failures
[92mINFO [0m:      fit progress: (10, 0.6078356633424759, {'accuracy': 0.8148, 'loss': 0.6078356633424759}, 191.36361486499663)
[92mINFO [0m:      configure_evaluate: strategy sampled 5 clients (out of 5)
[36m(ClientAppActor pid=722126)[0m 
[36m(ClientAppActor pid=722126)[0m         
[36m(ClientAppActor pid=722126)[0m [93mWARNING [0m:   DEPRECATED FEATURE: `client_fn` now expects a signature `def client_fn(context: Context)`.The provided `client_fn` has signature: {'cid': <Parameter "cid: str">}. You can import the `Context` like this: `from flwr.app import Context`[32m [repeated 10x across cluster][0m
[36m(ClientAppActor pid=722126)[0m             This is a deprecated feature. It will be removed[32m [repeated 10x across cluster][0m
[36m(ClientAppActor pid=722126)[0m             entirely in future versions of Flower.[32m [repeated 10x across cluster][0m
[36m(ClientAppActor pid=722128)[0m 
[36m(ClientAppActor pid=722128)[0m         
[36m(ClientAppActor pid=722124)[0m 
[36m(ClientAppActor pid=722124)[0m         
[36m(ClientAppActor pid=722125)[0m 
[36m(ClientAppActor pid=722125)[0m         
[36m(ClientAppActor pid=722127)[0m 
[36m(ClientAppActor pid=722127)[0m         
[92mINFO [0m:      aggregate_evaluate: received 5 results and 0 failures
[92mINFO [0m:      
[92mINFO [0m:      [SUMMARY]
[92mINFO [0m:      Run finished 10 round(s) in 192.31s
[92mINFO [0m:      	History (loss, distributed):
[92mINFO [0m:      		round 1: 2.282675515703794
[92mINFO [0m:      		round 2: 1.4926798146407383
[92mINFO [0m:      		round 3: 0.924114504054624
[92mINFO [0m:      		round 4: 0.7500767864200438
[92mINFO [0m:      		round 5: 0.7052788879154396
[92mINFO [0m:      		round 6: 0.6153302567140038
[92mINFO [0m:      		round 7: 0.5912982595427817
[92mINFO [0m:      		round 8: 0.6268558384818571
[92mINFO [0m:      		round 9: 0.5915404881219141
[92mINFO [0m:      		round 10: 0.5800795692632965
[92mINFO [0m:      	History (loss, centralized):
[92mINFO [0m:      		round 0: 2.3032259456634523
[92mINFO [0m:      		round 1: 2.2868567111968994
[92mINFO [0m:      		round 2: 1.4810893867492676
[92mINFO [0m:      		round 3: 0.9164852689743042
[92mINFO [0m:      		round 4: 0.7424236932754517
[92mINFO [0m:      		round 5: 0.6894726633071899
[92mINFO [0m:      		round 6: 0.625820516872406
[92mINFO [0m:      		round 7: 0.5924965755939484
[92mINFO [0m:      		round 8: 0.6266913285255432
[92mINFO [0m:      		round 9: 0.6007054090023041
[92mINFO [0m:      		round 10: 0.6078356633424759
[92mINFO [0m:      	History (metrics, distributed, fit):
[92mINFO [0m:      	{'avg_flops_per_client_round': [(1, 8140624189440.0),
[92mINFO [0m:      	                                (2, 8140624189440.0),
[92mINFO [0m:      	                                (3, 8140624189440.0),
[92mINFO [0m:      	                                (4, 8140624189440.0),
[92mINFO [0m:      	                                (5, 8140624189440.0),
[92mINFO [0m:      	                                (6, 8140624189440.0),
[92mINFO [0m:      	                                (7, 8140624189440.0),
[92mINFO [0m:      	                                (8, 8140624189440.0),
[92mINFO [0m:      	                                (9, 8140624189440.0),
[92mINFO [0m:      	                                (10, 8140624189440.0)],
[92mINFO [0m:      	 'total_flops_round': [(1, 40703120947200),
[92mINFO [0m:      	                       (2, 40703120947200),
[92mINFO [0m:      	                       (3, 40703120947200),
[92mINFO [0m:      	                       (4, 40703120947200),
[92mINFO [0m:      	                       (5, 40703120947200),
[92mINFO [0m:      	                       (6, 40703120947200),
[92mINFO [0m:      	                       (7, 40703120947200),
[92mINFO [0m:      	                       (8, 40703120947200),
[92mINFO [0m:      	                       (9, 40703120947200),
[92mINFO [0m:      	                       (10, 40703120947200)]}
[92mINFO [0m:      	History (metrics, distributed, evaluate):
[92mINFO [0m:      	{'accuracy': [(1, 0.10624249699879952),
[92mINFO [0m:      	              (2, 0.4785914365746298),
[92mINFO [0m:      	              (3, 0.6760704281712685),
[92mINFO [0m:      	              (4, 0.7306922769107643),
[92mINFO [0m:      	              (5, 0.7525010004001601),
[92mINFO [0m:      	              (6, 0.7835134053621449),
[92mINFO [0m:      	              (7, 0.7951180472188876),
[92mINFO [0m:      	              (8, 0.7903161264505802),
[92mINFO [0m:      	              (9, 0.8045218087234894),
[92mINFO [0m:      	              (10, 0.8147258903561424)],
[92mINFO [0m:      	 'loss': [(1, 2.282675515703794),
[92mINFO [0m:      	          (2, 1.4926798146407383),
[92mINFO [0m:      	          (3, 0.924114504054624),
[92mINFO [0m:      	          (4, 0.7500767864200438),
[92mINFO [0m:      	          (5, 0.7052788879154396),
[92mINFO [0m:      	          (6, 0.6153302567140038),
[92mINFO [0m:      	          (7, 0.5912982595427817),
[92mINFO [0m:      	          (8, 0.6268558384818571),
[92mINFO [0m:      	          (9, 0.5915404881219141),
[92mINFO [0m:      	          (10, 0.5800795692632965)]}
[92mINFO [0m:      	History (metrics, centralized):
[92mINFO [0m:      	{'accuracy': [(0, 0.1),
[92mINFO [0m:      	              (1, 0.1),
[92mINFO [0m:      	              (2, 0.4884),
[92mINFO [0m:      	              (3, 0.6781),
[92mINFO [0m:      	              (4, 0.7454),
[92mINFO [0m:      	              (5, 0.7658),
[92mINFO [0m:      	              (6, 0.7874),
[92mINFO [0m:      	              (7, 0.805),
[92mINFO [0m:      	              (8, 0.8012),
[92mINFO [0m:      	              (9, 0.8085),
[92mINFO [0m:      	              (10, 0.8148)],
[92mINFO [0m:      	 'loss': [(0, 2.3032259456634523),
[92mINFO [0m:      	          (1, 2.2868567111968994),
[92mINFO [0m:      	          (2, 1.4810893867492676),
[92mINFO [0m:      	          (3, 0.9164852689743042),
[92mINFO [0m:      	          (4, 0.7424236932754517),
[92mINFO [0m:      	          (5, 0.6894726633071899),
[92mINFO [0m:      	          (6, 0.625820516872406),
[92mINFO [0m:      	          (7, 0.5924965755939484),
[92mINFO [0m:      	          (8, 0.6266913285255432),
[92mINFO [0m:      	          (9, 0.6007054090023041),
[92mINFO [0m:      	          (10, 0.6078356633424759)]}
[92mINFO [0m:      
Treinando no dispositivo: cuda:0 com o dataset: CIFAR10 | Setup clientes: 5 (num_gpus por cliente=0.2) | SEED=42 | Método: FedProx (mu=0.01)
FLOPS por amostra (forward): 6.030e+07 | (forward+backward, 3x): 1.809e+08
Files already downloaded and verified
Files already downloaded and verified
Dividindo o dataset usando a distribuição de Dirichlet com alpha=1.0.
Iniciando a simulação de Aprendizado Federado...
=== Diagnóstico de Medição de GPU ===
  pynvml_disponivel: True
  pynvml_versao: 580.173.02
  gpus_detectadas: 1
  leitura_potencia_ok: True
  potencia_atual_W: 114.937

--- Rodada 0 - Avaliação Centralizada (Servidor) ---
Loss (Servidor): 2.3032 | Acurácia (Servidor): 0.1000

--- Rodada 1 - Avaliação Centralizada (Servidor) ---
Loss (Servidor): 2.2869 | Acurácia (Servidor): 0.1000
--- Avaliação Agregada (Clientes) ---
Loss Média (Clientes): 2.2827 | Acurácia Média (Clientes): 0.1062

--- Rodada 2 - Avaliação Centralizada (Servidor) ---
Loss (Servidor): 1.4811 | Acurácia (Servidor): 0.4884
--- Avaliação Agregada (Clientes) ---
Loss Média (Clientes): 1.4927 | Acurácia Média (Clientes): 0.4786

--- Rodada 3 - Avaliação Centralizada (Servidor) ---
Loss (Servidor): 0.9165 | Acurácia (Servidor): 0.6781
--- Avaliação Agregada (Clientes) ---
Loss Média (Clientes): 0.9241 | Acurácia Média (Clientes): 0.6761

--- Rodada 4 - Avaliação Centralizada (Servidor) ---
Loss (Servidor): 0.7424 | Acurácia (Servidor): 0.7454
--- Avaliação Agregada (Clientes) ---
Loss Média (Clientes): 0.7501 | Acurácia Média (Clientes): 0.7307

--- Rodada 5 - Avaliação Centralizada (Servidor) ---
Loss (Servidor): 0.6895 | Acurácia (Servidor): 0.7658
--- Avaliação Agregada (Clientes) ---
Loss Média (Clientes): 0.7053 | Acurácia Média (Clientes): 0.7525

--- Rodada 6 - Avaliação Centralizada (Servidor) ---
Loss (Servidor): 0.6258 | Acurácia (Servidor): 0.7874
--- Avaliação Agregada (Clientes) ---
Loss Média (Clientes): 0.6153 | Acurácia Média (Clientes): 0.7835

--- Rodada 7 - Avaliação Centralizada (Servidor) ---
Loss (Servidor): 0.5925 | Acurácia (Servidor): 0.8050
--- Avaliação Agregada (Clientes) ---
Loss Média (Clientes): 0.5913 | Acurácia Média (Clientes): 0.7951

--- Rodada 8 - Avaliação Centralizada (Servidor) ---
Loss (Servidor): 0.6267 | Acurácia (Servidor): 0.8012
--- Avaliação Agregada (Clientes) ---
Loss Média (Clientes): 0.6269 | Acurácia Média (Clientes): 0.7903

--- Rodada 9 - Avaliação Centralizada (Servidor) ---
Loss (Servidor): 0.6007 | Acurácia (Servidor): 0.8085
--- Avaliação Agregada (Clientes) ---
Loss Média (Clientes): 0.5915 | Acurácia Média (Clientes): 0.8045

--- Rodada 10 - Avaliação Centralizada (Servidor) ---
Loss (Servidor): 0.6078 | Acurácia (Servidor): 0.8148
--- Avaliação Agregada (Clientes) ---
Loss Média (Clientes): 0.5801 | Acurácia Média (Clientes): 0.8147

Resultados salvos em: /home/tiago/GitHubProjects/fedhad-thesis-2/FedProx-results/1.1_diagnostico_drift/CIFAR10/FedProx__CIFAR10__Setup-5__Clients-5__Rounds-10__Delay-0_05__Alpha-1_0__Seed-42.txt
[36m(ClientAppActor pid=722127)[0m [93mWARNING [0m:   DEPRECATED FEATURE: `client_fn` now expects a signature `def client_fn(context: Context)`.The provided `client_fn` has signature: {'cid': <Parameter "cid: str">}. You can import the `Context` like this: `from flwr.app import Context`[32m [repeated 4x across cluster][0m
[36m(ClientAppActor pid=722127)[0m             This is a deprecated feature. It will be removed[32m [repeated 4x across cluster][0m
[36m(ClientAppActor pid=722127)[0m             entirely in future versions of Flower.[32m [repeated 4x across cluster][0m
