/home/tiago/GitHubProjects/fedhad-thesis-2/env_flwr_pt/lib/python3.12/site-packages/torch/utils/data/dataset.py:473: UserWarning: Length of split at index 0 is 0. This might result in an empty dataset.
  warnings.warn(
[codecarbon WARNING @ 15:52:37] Multiple instances of codecarbon are allowed to run at the same time.
[93mWARNING [0m:   DEPRECATED FEATURE: flwr.simulation.start_simulation() is deprecated.
	Instead, use the `flwr run` CLI command to start a local simulation in your Flower app, as shown for example below:

		$ flwr new  # Create a new Flower app from a template

		$ flwr run  # Run the Flower app in Simulation Mode

	Using `start_simulation()` is deprecated.

            This is a deprecated feature. It will be removed
            entirely in future versions of Flower.
        
[92mINFO [0m:      Starting Flower simulation, config: num_rounds=10, no round_timeout
2026-09-04 15:52:46,198	INFO worker.py:2012 -- Started a local Ray instance.
/home/tiago/GitHubProjects/fedhad-thesis-2/env_flwr_pt/lib/python3.12/site-packages/ray/_private/worker.py:2051: FutureWarning: Tip: In future versions of Ray, Ray will no longer override accelerator visible devices env var if num_gpus=0 or num_gpus=None (default). To enable this behavior and turn off this error message, set RAY_ACCEL_ENV_VAR_OVERRIDE_ON_ZERO=0
  warnings.warn(
[92mINFO [0m:      Flower VCE: Ray initialized with resources: {'memory': 180704789709.0, 'object_store_memory': 77444909875.0, 'GPU': 1.0, 'node:__internal_head__': 1.0, 'accelerator_type:A40': 1.0, 'node:10.129.64.100': 1.0, 'CPU': 64.0}
[92mINFO [0m:      Optimize your simulation with Flower VCE: https://flower.ai/docs/framework/how-to-run-simulations.html
/home/tiago/GitHubProjects/fedhad-thesis-2/FedProx_Final.py:1601: UserWarning: No `num_cpus` specified in `client_resources`. Using `num_cpus=1` for each client.
  history = fl.simulation.start_simulation(
[92mINFO [0m:      Flower VCE: Resources for each Virtual Client: {'num_gpus': 0.2, 'num_cpus': 1}
[92mINFO [0m:      Flower VCE: Creating VirtualClientEngineActorPool with 5 actors
[92mINFO [0m:      [INIT]
[92mINFO [0m:      Requesting initial parameters from one random client
[36m(ClientAppActor pid=926831)[0m [93mWARNING [0m:   DEPRECATED FEATURE: `client_fn` now expects a signature `def client_fn(context: Context)`.The provided `client_fn` has signature: {'cid': <Parameter "cid: str">}. You can import the `Context` like this: `from flwr.app import Context`
[36m(ClientAppActor pid=926831)[0m 
[36m(ClientAppActor pid=926831)[0m             This is a deprecated feature. It will be removed
[36m(ClientAppActor pid=926831)[0m             entirely in future versions of Flower.
[36m(ClientAppActor pid=926831)[0m         
[92mINFO [0m:      Received initial parameters from one random client
[92mINFO [0m:      Starting evaluation of initial global parameters
[92mINFO [0m:      initial parameters (loss, other metrics): 2.3032201919555666, {'accuracy': 0.1, 'loss': 2.3032201919555666}
[92mINFO [0m:      
[92mINFO [0m:      [ROUND 1]
[92mINFO [0m:      configure_fit: strategy sampled 5 clients (out of 5)
[36m(ClientAppActor pid=926831)[0m [93mWARNING [0m:   DEPRECATED FEATURE: `client_fn` now expects a signature `def client_fn(context: Context)`.The provided `client_fn` has signature: {'cid': <Parameter "cid: str">}. You can import the `Context` like this: `from flwr.app import Context`
[36m(ClientAppActor pid=926831)[0m 
[36m(ClientAppActor pid=926831)[0m             This is a deprecated feature. It will be removed
[36m(ClientAppActor pid=926831)[0m             entirely in future versions of Flower.
[36m(ClientAppActor pid=926831)[0m         
[36m(ClientAppActor pid=926830)[0m 
[36m(ClientAppActor pid=926830)[0m         
[36m(ClientAppActor pid=926829)[0m 
[36m(ClientAppActor pid=926829)[0m         
[36m(ClientAppActor pid=926828)[0m 
[36m(ClientAppActor pid=926828)[0m         
[36m(ClientAppActor pid=926827)[0m 
[36m(ClientAppActor pid=926827)[0m         
[92mINFO [0m:      aggregate_fit: received 5 results and 0 failures
[92mINFO [0m:      fit progress: (1, 2.306076000213623, {'accuracy': 0.159, 'loss': 2.306076000213623}, 28.140925950021483)
[92mINFO [0m:      configure_evaluate: strategy sampled 5 clients (out of 5)
[36m(ClientAppActor pid=926827)[0m 
[36m(ClientAppActor pid=926827)[0m         
[36m(ClientAppActor pid=926827)[0m [93mWARNING [0m:   DEPRECATED FEATURE: `client_fn` now expects a signature `def client_fn(context: Context)`.The provided `client_fn` has signature: {'cid': <Parameter "cid: str">}. You can import the `Context` like this: `from flwr.app import Context`[32m [repeated 5x across cluster] (Ray deduplicates logs by default. Set RAY_DEDUP_LOGS=0 to disable log deduplication, or see https://docs.ray.io/en/master/ray-observability/user-guides/configure-logging.html#log-deduplication for more options.)[0m
[36m(ClientAppActor pid=926827)[0m             This is a deprecated feature. It will be removed[32m [repeated 5x across cluster][0m
[36m(ClientAppActor pid=926827)[0m             entirely in future versions of Flower.[32m [repeated 5x across cluster][0m
[36m(ClientAppActor pid=926828)[0m 
[36m(ClientAppActor pid=926828)[0m         
[36m(ClientAppActor pid=926829)[0m 
[36m(ClientAppActor pid=926829)[0m         
[36m(ClientAppActor pid=926830)[0m 
[36m(ClientAppActor pid=926830)[0m         
[36m(ClientAppActor pid=926831)[0m 
[36m(ClientAppActor pid=926831)[0m         
[92mINFO [0m:      aggregate_evaluate: received 5 results and 0 failures
[92mINFO [0m:      
[92mINFO [0m:      [ROUND 2]
[92mINFO [0m:      configure_fit: strategy sampled 5 clients (out of 5)
[36m(ClientAppActor pid=926831)[0m 
[36m(ClientAppActor pid=926831)[0m         
[36m(ClientAppActor pid=926830)[0m 
[36m(ClientAppActor pid=926830)[0m         
[36m(ClientAppActor pid=926829)[0m 
[36m(ClientAppActor pid=926829)[0m         
[36m(ClientAppActor pid=926828)[0m 
[36m(ClientAppActor pid=926828)[0m         
[36m(ClientAppActor pid=926827)[0m 
[36m(ClientAppActor pid=926827)[0m         
[92mINFO [0m:      aggregate_fit: received 5 results and 0 failures
[92mINFO [0m:      fit progress: (2, 1.9761845199584962, {'accuracy': 0.3753, 'loss': 1.9761845199584962}, 54.59442170499824)
[92mINFO [0m:      configure_evaluate: strategy sampled 5 clients (out of 5)
[36m(ClientAppActor pid=926831)[0m 
[36m(ClientAppActor pid=926831)[0m         
[36m(ClientAppActor pid=926831)[0m [93mWARNING [0m:   DEPRECATED FEATURE: `client_fn` now expects a signature `def client_fn(context: Context)`.The provided `client_fn` has signature: {'cid': <Parameter "cid: str">}. You can import the `Context` like this: `from flwr.app import Context`[32m [repeated 10x across cluster][0m
[36m(ClientAppActor pid=926831)[0m             This is a deprecated feature. It will be removed[32m [repeated 10x across cluster][0m
[36m(ClientAppActor pid=926831)[0m             entirely in future versions of Flower.[32m [repeated 10x across cluster][0m
[36m(ClientAppActor pid=926827)[0m 
[36m(ClientAppActor pid=926827)[0m         
[36m(ClientAppActor pid=926828)[0m 
[36m(ClientAppActor pid=926828)[0m         
[36m(ClientAppActor pid=926830)[0m 
[36m(ClientAppActor pid=926830)[0m         
[36m(ClientAppActor pid=926829)[0m 
[36m(ClientAppActor pid=926829)[0m         
[92mINFO [0m:      aggregate_evaluate: received 5 results and 0 failures
[92mINFO [0m:      
[92mINFO [0m:      [ROUND 3]
[92mINFO [0m:      configure_fit: strategy sampled 5 clients (out of 5)
[36m(ClientAppActor pid=926830)[0m 
[36m(ClientAppActor pid=926830)[0m         
[36m(ClientAppActor pid=926829)[0m 
[36m(ClientAppActor pid=926829)[0m         
[36m(ClientAppActor pid=926828)[0m 
[36m(ClientAppActor pid=926828)[0m         
[36m(ClientAppActor pid=926831)[0m 
[36m(ClientAppActor pid=926831)[0m         
[36m(ClientAppActor pid=926827)[0m 
[36m(ClientAppActor pid=926827)[0m         
[92mINFO [0m:      aggregate_fit: received 5 results and 0 failures
[92mINFO [0m:      fit progress: (3, 1.9154923328399658, {'accuracy': 0.4062, 'loss': 1.9154923328399658}, 81.41511815600097)
[92mINFO [0m:      configure_evaluate: strategy sampled 5 clients (out of 5)
[36m(ClientAppActor pid=926831)[0m 
[36m(ClientAppActor pid=926831)[0m         
[36m(ClientAppActor pid=926831)[0m [93mWARNING [0m:   DEPRECATED FEATURE: `client_fn` now expects a signature `def client_fn(context: Context)`.The provided `client_fn` has signature: {'cid': <Parameter "cid: str">}. You can import the `Context` like this: `from flwr.app import Context`[32m [repeated 10x across cluster][0m
[36m(ClientAppActor pid=926831)[0m             This is a deprecated feature. It will be removed[32m [repeated 10x across cluster][0m
[36m(ClientAppActor pid=926831)[0m             entirely in future versions of Flower.[32m [repeated 10x across cluster][0m
[36m(ClientAppActor pid=926827)[0m 
[36m(ClientAppActor pid=926827)[0m         
[36m(ClientAppActor pid=926829)[0m 
[36m(ClientAppActor pid=926829)[0m         
[36m(ClientAppActor pid=926830)[0m 
[36m(ClientAppActor pid=926830)[0m         
[36m(ClientAppActor pid=926828)[0m 
[36m(ClientAppActor pid=926828)[0m         
[92mINFO [0m:      aggregate_evaluate: received 5 results and 0 failures
[92mINFO [0m:      
[92mINFO [0m:      [ROUND 4]
[92mINFO [0m:      configure_fit: strategy sampled 5 clients (out of 5)
[36m(ClientAppActor pid=926828)[0m 
[36m(ClientAppActor pid=926828)[0m         
[36m(ClientAppActor pid=926830)[0m 
[36m(ClientAppActor pid=926830)[0m         
[36m(ClientAppActor pid=926829)[0m 
[36m(ClientAppActor pid=926829)[0m         
[36m(ClientAppActor pid=926831)[0m 
[36m(ClientAppActor pid=926831)[0m         
[36m(ClientAppActor pid=926827)[0m 
[36m(ClientAppActor pid=926827)[0m         
[92mINFO [0m:      aggregate_fit: received 5 results and 0 failures
[92mINFO [0m:      fit progress: (4, 1.9025737014770507, {'accuracy': 0.4359, 'loss': 1.9025737014770507}, 108.238002891012)
[92mINFO [0m:      configure_evaluate: strategy sampled 5 clients (out of 5)
[36m(ClientAppActor pid=926828)[0m 
[36m(ClientAppActor pid=926828)[0m         
[36m(ClientAppActor pid=926828)[0m [93mWARNING [0m:   DEPRECATED FEATURE: `client_fn` now expects a signature `def client_fn(context: Context)`.The provided `client_fn` has signature: {'cid': <Parameter "cid: str">}. You can import the `Context` like this: `from flwr.app import Context`[32m [repeated 10x across cluster][0m
[36m(ClientAppActor pid=926828)[0m             This is a deprecated feature. It will be removed[32m [repeated 10x across cluster][0m
[36m(ClientAppActor pid=926828)[0m             entirely in future versions of Flower.[32m [repeated 10x across cluster][0m
[36m(ClientAppActor pid=926827)[0m 
[36m(ClientAppActor pid=926827)[0m         
[36m(ClientAppActor pid=926829)[0m 
[36m(ClientAppActor pid=926829)[0m         
[36m(ClientAppActor pid=926830)[0m 
[36m(ClientAppActor pid=926830)[0m         
[36m(ClientAppActor pid=926831)[0m 
[36m(ClientAppActor pid=926831)[0m         
[92mINFO [0m:      aggregate_evaluate: received 5 results and 0 failures
[92mINFO [0m:      
[92mINFO [0m:      [ROUND 5]
[92mINFO [0m:      configure_fit: strategy sampled 5 clients (out of 5)
[36m(ClientAppActor pid=926830)[0m 
[36m(ClientAppActor pid=926830)[0m         
[36m(ClientAppActor pid=926831)[0m 
[36m(ClientAppActor pid=926831)[0m         
[36m(ClientAppActor pid=926829)[0m 
[36m(ClientAppActor pid=926829)[0m         
[36m(ClientAppActor pid=926827)[0m 
[36m(ClientAppActor pid=926827)[0m         
[36m(ClientAppActor pid=926828)[0m 
[36m(ClientAppActor pid=926828)[0m         
[92mINFO [0m:      aggregate_fit: received 5 results and 0 failures
[92mINFO [0m:      fit progress: (5, 1.8892377460479737, {'accuracy': 0.4548, 'loss': 1.8892377460479737}, 135.1358416529838)
[92mINFO [0m:      configure_evaluate: strategy sampled 5 clients (out of 5)
[36m(ClientAppActor pid=926830)[0m 
[36m(ClientAppActor pid=926830)[0m         
[36m(ClientAppActor pid=926830)[0m [93mWARNING [0m:   DEPRECATED FEATURE: `client_fn` now expects a signature `def client_fn(context: Context)`.The provided `client_fn` has signature: {'cid': <Parameter "cid: str">}. You can import the `Context` like this: `from flwr.app import Context`[32m [repeated 10x across cluster][0m
[36m(ClientAppActor pid=926830)[0m             This is a deprecated feature. It will be removed[32m [repeated 10x across cluster][0m
[36m(ClientAppActor pid=926830)[0m             entirely in future versions of Flower.[32m [repeated 10x across cluster][0m
[36m(ClientAppActor pid=926827)[0m 
[36m(ClientAppActor pid=926827)[0m         
[36m(ClientAppActor pid=926829)[0m 
[36m(ClientAppActor pid=926829)[0m         
[36m(ClientAppActor pid=926831)[0m 
[36m(ClientAppActor pid=926831)[0m         
[36m(ClientAppActor pid=926828)[0m 
[36m(ClientAppActor pid=926828)[0m         
[92mINFO [0m:      aggregate_evaluate: received 5 results and 0 failures
[92mINFO [0m:      
[92mINFO [0m:      [ROUND 6]
[92mINFO [0m:      configure_fit: strategy sampled 5 clients (out of 5)
[36m(ClientAppActor pid=926831)[0m 
[36m(ClientAppActor pid=926831)[0m         
[36m(ClientAppActor pid=926828)[0m 
[36m(ClientAppActor pid=926828)[0m         
[36m(ClientAppActor pid=926829)[0m 
[36m(ClientAppActor pid=926829)[0m         
[36m(ClientAppActor pid=926827)[0m 
[36m(ClientAppActor pid=926827)[0m         
[36m(ClientAppActor pid=926830)[0m 
[36m(ClientAppActor pid=926830)[0m         
[92mINFO [0m:      aggregate_fit: received 5 results and 0 failures
[92mINFO [0m:      fit progress: (6, 1.9243699096679687, {'accuracy': 0.4956, 'loss': 1.9243699096679687}, 161.16111770801945)
[92mINFO [0m:      configure_evaluate: strategy sampled 5 clients (out of 5)
[36m(ClientAppActor pid=926831)[0m 
[36m(ClientAppActor pid=926831)[0m         
[36m(ClientAppActor pid=926831)[0m [93mWARNING [0m:   DEPRECATED FEATURE: `client_fn` now expects a signature `def client_fn(context: Context)`.The provided `client_fn` has signature: {'cid': <Parameter "cid: str">}. You can import the `Context` like this: `from flwr.app import Context`[32m [repeated 10x across cluster][0m
[36m(ClientAppActor pid=926831)[0m             This is a deprecated feature. It will be removed[32m [repeated 10x across cluster][0m
[36m(ClientAppActor pid=926831)[0m             entirely in future versions of Flower.[32m [repeated 10x across cluster][0m
[36m(ClientAppActor pid=926827)[0m 
[36m(ClientAppActor pid=926827)[0m         
[36m(ClientAppActor pid=926830)[0m 
[36m(ClientAppActor pid=926830)[0m         
[36m(ClientAppActor pid=926829)[0m 
[36m(ClientAppActor pid=926829)[0m         
[36m(ClientAppActor pid=926828)[0m 
[36m(ClientAppActor pid=926828)[0m         
[92mINFO [0m:      aggregate_evaluate: received 5 results and 0 failures
[92mINFO [0m:      
[92mINFO [0m:      [ROUND 7]
[92mINFO [0m:      configure_fit: strategy sampled 5 clients (out of 5)
[36m(ClientAppActor pid=926828)[0m 
[36m(ClientAppActor pid=926828)[0m         
[36m(ClientAppActor pid=926830)[0m 
[36m(ClientAppActor pid=926830)[0m         
[36m(ClientAppActor pid=926829)[0m 
[36m(ClientAppActor pid=926829)[0m         
[36m(ClientAppActor pid=926827)[0m 
[36m(ClientAppActor pid=926827)[0m         
[36m(ClientAppActor pid=926831)[0m 
[36m(ClientAppActor pid=926831)[0m         
[92mINFO [0m:      aggregate_fit: received 5 results and 0 failures
[92mINFO [0m:      fit progress: (7, 1.912885679244995, {'accuracy': 0.4826, 'loss': 1.912885679244995}, 187.10793171002297)
[92mINFO [0m:      configure_evaluate: strategy sampled 5 clients (out of 5)
[36m(ClientAppActor pid=926830)[0m 
[36m(ClientAppActor pid=926830)[0m         
[36m(ClientAppActor pid=926830)[0m [93mWARNING [0m:   DEPRECATED FEATURE: `client_fn` now expects a signature `def client_fn(context: Context)`.The provided `client_fn` has signature: {'cid': <Parameter "cid: str">}. You can import the `Context` like this: `from flwr.app import Context`[32m [repeated 10x across cluster][0m
[36m(ClientAppActor pid=926830)[0m             This is a deprecated feature. It will be removed[32m [repeated 10x across cluster][0m
[36m(ClientAppActor pid=926830)[0m             entirely in future versions of Flower.[32m [repeated 10x across cluster][0m
[36m(ClientAppActor pid=926831)[0m 
[36m(ClientAppActor pid=926831)[0m         
[36m(ClientAppActor pid=926829)[0m 
[36m(ClientAppActor pid=926829)[0m         
[36m(ClientAppActor pid=926828)[0m 
[36m(ClientAppActor pid=926828)[0m         
[36m(ClientAppActor pid=926827)[0m 
[36m(ClientAppActor pid=926827)[0m         
[92mINFO [0m:      aggregate_evaluate: received 5 results and 0 failures
[92mINFO [0m:      
[92mINFO [0m:      [ROUND 8]
[92mINFO [0m:      configure_fit: strategy sampled 5 clients (out of 5)
[36m(ClientAppActor pid=926829)[0m 
[36m(ClientAppActor pid=926829)[0m         
[36m(ClientAppActor pid=926827)[0m 
[36m(ClientAppActor pid=926827)[0m         
[36m(ClientAppActor pid=926828)[0m 
[36m(ClientAppActor pid=926828)[0m         
[36m(ClientAppActor pid=926831)[0m 
[36m(ClientAppActor pid=926831)[0m         
[36m(ClientAppActor pid=926830)[0m 
[36m(ClientAppActor pid=926830)[0m         
[92mINFO [0m:      aggregate_fit: received 5 results and 0 failures
[92mINFO [0m:      fit progress: (8, 1.80420608253479, {'accuracy': 0.5039, 'loss': 1.80420608253479}, 213.13242397399154)
[92mINFO [0m:      configure_evaluate: strategy sampled 5 clients (out of 5)
[36m(ClientAppActor pid=926828)[0m 
[36m(ClientAppActor pid=926828)[0m         
[36m(ClientAppActor pid=926828)[0m [93mWARNING [0m:   DEPRECATED FEATURE: `client_fn` now expects a signature `def client_fn(context: Context)`.The provided `client_fn` has signature: {'cid': <Parameter "cid: str">}. You can import the `Context` like this: `from flwr.app import Context`[32m [repeated 10x across cluster][0m
[36m(ClientAppActor pid=926828)[0m             This is a deprecated feature. It will be removed[32m [repeated 10x across cluster][0m
[36m(ClientAppActor pid=926828)[0m             entirely in future versions of Flower.[32m [repeated 10x across cluster][0m
[36m(ClientAppActor pid=926827)[0m 
[36m(ClientAppActor pid=926827)[0m         
[36m(ClientAppActor pid=926830)[0m 
[36m(ClientAppActor pid=926830)[0m         
[36m(ClientAppActor pid=926829)[0m 
[36m(ClientAppActor pid=926829)[0m         
[36m(ClientAppActor pid=926831)[0m 
[36m(ClientAppActor pid=926831)[0m         
[92mINFO [0m:      aggregate_evaluate: received 5 results and 0 failures
[92mINFO [0m:      
[92mINFO [0m:      [ROUND 9]
[92mINFO [0m:      configure_fit: strategy sampled 5 clients (out of 5)
[36m(ClientAppActor pid=926831)[0m 
[36m(ClientAppActor pid=926831)[0m         
[36m(ClientAppActor pid=926829)[0m 
[36m(ClientAppActor pid=926829)[0m         
[36m(ClientAppActor pid=926830)[0m 
[36m(ClientAppActor pid=926830)[0m         
[36m(ClientAppActor pid=926828)[0m 
[36m(ClientAppActor pid=926828)[0m         
[36m(ClientAppActor pid=926827)[0m 
[36m(ClientAppActor pid=926827)[0m         
[92mINFO [0m:      aggregate_fit: received 5 results and 0 failures
[92mINFO [0m:      fit progress: (9, 1.7877882879257203, {'accuracy': 0.5321, 'loss': 1.7877882879257203}, 240.30870696000056)
[92mINFO [0m:      configure_evaluate: strategy sampled 5 clients (out of 5)
[36m(ClientAppActor pid=926830)[0m 
[36m(ClientAppActor pid=926830)[0m         
[36m(ClientAppActor pid=926830)[0m [93mWARNING [0m:   DEPRECATED FEATURE: `client_fn` now expects a signature `def client_fn(context: Context)`.The provided `client_fn` has signature: {'cid': <Parameter "cid: str">}. You can import the `Context` like this: `from flwr.app import Context`[32m [repeated 10x across cluster][0m
[36m(ClientAppActor pid=926830)[0m             This is a deprecated feature. It will be removed[32m [repeated 10x across cluster][0m
[36m(ClientAppActor pid=926830)[0m             entirely in future versions of Flower.[32m [repeated 10x across cluster][0m
[36m(ClientAppActor pid=926829)[0m 
[36m(ClientAppActor pid=926829)[0m         
[36m(ClientAppActor pid=926828)[0m 
[36m(ClientAppActor pid=926828)[0m         
[36m(ClientAppActor pid=926831)[0m 
[36m(ClientAppActor pid=926831)[0m         
[36m(ClientAppActor pid=926827)[0m 
[36m(ClientAppActor pid=926827)[0m         
[92mINFO [0m:      aggregate_evaluate: received 5 results and 0 failures
[92mINFO [0m:      
[92mINFO [0m:      [ROUND 10]
[92mINFO [0m:      configure_fit: strategy sampled 5 clients (out of 5)
[36m(ClientAppActor pid=926827)[0m 
[36m(ClientAppActor pid=926827)[0m         
[36m(ClientAppActor pid=926828)[0m 
[36m(ClientAppActor pid=926828)[0m         
[36m(ClientAppActor pid=926831)[0m 
[36m(ClientAppActor pid=926831)[0m         
[36m(ClientAppActor pid=926829)[0m 
[36m(ClientAppActor pid=926829)[0m         
[36m(ClientAppActor pid=926830)[0m 
[36m(ClientAppActor pid=926830)[0m         
[92mINFO [0m:      aggregate_fit: received 5 results and 0 failures
[92mINFO [0m:      fit progress: (10, 1.6807858249664307, {'accuracy': 0.5444, 'loss': 1.6807858249664307}, 266.6413251470076)
[92mINFO [0m:      configure_evaluate: strategy sampled 5 clients (out of 5)
[36m(ClientAppActor pid=926828)[0m 
[36m(ClientAppActor pid=926828)[0m         
[36m(ClientAppActor pid=926828)[0m [93mWARNING [0m:   DEPRECATED FEATURE: `client_fn` now expects a signature `def client_fn(context: Context)`.The provided `client_fn` has signature: {'cid': <Parameter "cid: str">}. You can import the `Context` like this: `from flwr.app import Context`[32m [repeated 10x across cluster][0m
[36m(ClientAppActor pid=926828)[0m             This is a deprecated feature. It will be removed[32m [repeated 10x across cluster][0m
[36m(ClientAppActor pid=926828)[0m             entirely in future versions of Flower.[32m [repeated 10x across cluster][0m
[36m(ClientAppActor pid=926831)[0m 
[36m(ClientAppActor pid=926831)[0m         
[36m(ClientAppActor pid=926830)[0m 
[36m(ClientAppActor pid=926830)[0m         
[36m(ClientAppActor pid=926827)[0m 
[36m(ClientAppActor pid=926827)[0m         
[92mINFO [0m:      aggregate_evaluate: received 5 results and 0 failures
[92mINFO [0m:      
[92mINFO [0m:      [SUMMARY]
[92mINFO [0m:      Run finished 10 round(s) in 267.44s
[92mINFO [0m:      	History (loss, distributed):
[92mINFO [0m:      		round 1: 2.307157778596878
[92mINFO [0m:      		round 2: 1.9918890774082392
[92mINFO [0m:      		round 3: 1.925730750552233
[92mINFO [0m:      		round 4: 1.9135233182818803
[92mINFO [0m:      		round 5: 1.9025353885162417
[92mINFO [0m:      		round 6: 1.9361153789579866
[92mINFO [0m:      		round 7: 1.9213645078599417
[92mINFO [0m:      		round 8: 1.7944520061254465
[92mINFO [0m:      		round 9: 1.7906995067477227
[92mINFO [0m:      		round 10: 1.6789644217967987
[92mINFO [0m:      	History (loss, centralized):
[92mINFO [0m:      		round 0: 2.3032201919555666
[92mINFO [0m:      		round 1: 2.306076000213623
[92mINFO [0m:      		round 2: 1.9761845199584962
[92mINFO [0m:      		round 3: 1.9154923328399658
[92mINFO [0m:      		round 4: 1.9025737014770507
[92mINFO [0m:      		round 5: 1.8892377460479737
[92mINFO [0m:      		round 6: 1.9243699096679687
[92mINFO [0m:      		round 7: 1.912885679244995
[92mINFO [0m:      		round 8: 1.80420608253479
[92mINFO [0m:      		round 9: 1.7877882879257203
[92mINFO [0m:      		round 10: 1.6807858249664307
[92mINFO [0m:      	History (metrics, distributed, fit):
[92mINFO [0m:      	{'avg_flops_per_client_round': [(1, 8140262400000.0),
[92mINFO [0m:      	                                (2, 8140262400000.0),
[92mINFO [0m:      	                                (3, 8140262400000.0),
[92mINFO [0m:      	                                (4, 8140262400000.0),
[92mINFO [0m:      	                                (5, 8140262400000.0),
[92mINFO [0m:      	                                (6, 8140262400000.0),
[92mINFO [0m:      	                                (7, 8140262400000.0),
[92mINFO [0m:      	                                (8, 8140262400000.0),
[92mINFO [0m:      	                                (9, 8140262400000.0),
[92mINFO [0m:      	                                (10, 8140262400000.0)],
[92mINFO [0m:      	 'total_flops_round': [(1, 40701312000000),
[92mINFO [0m:      	                       (2, 40701312000000),
[92mINFO [0m:      	                       (3, 40701312000000),
[92mINFO [0m:      	                       (4, 40701312000000),
[92mINFO [0m:      	                       (5, 40701312000000),
[92mINFO [0m:      	                       (6, 40701312000000),
[92mINFO [0m:      	                       (7, 40701312000000),
[92mINFO [0m:      	                       (8, 40701312000000),
[92mINFO [0m:      	                       (9, 40701312000000),
[92mINFO [0m:      	                       (10, 40701312000000)]}
[92mINFO [0m:      	History (metrics, distributed, evaluate):
[92mINFO [0m:      	{'accuracy': [(1, 0.1578),
[92mINFO [0m:      	              (2, 0.36880000000000007),
[92mINFO [0m:      	              (3, 0.4062),
[92mINFO [0m:      	              (4, 0.4348),
[92mINFO [0m:      	              (5, 0.4556),
[92mINFO [0m:      	              (6, 0.5002),
[92mINFO [0m:      	              (7, 0.4816),
[92mINFO [0m:      	              (8, 0.5062),
[92mINFO [0m:      	              (9, 0.5318),
[92mINFO [0m:      	              (10, 0.5456)],
[92mINFO [0m:      	 'loss': [(1, 2.307157778596878),
[92mINFO [0m:      	          (2, 1.9918890774082392),
[92mINFO [0m:      	          (3, 1.925730750552233),
[92mINFO [0m:      	          (4, 1.9135233182818803),
[92mINFO [0m:      	          (5, 1.9025353885162417),
[92mINFO [0m:      	          (6, 1.9361153789579866),
[92mINFO [0m:      	          (7, 1.9213645078599417),
[92mINFO [0m:      	          (8, 1.7944520061254465),
[92mINFO [0m:      	          (9, 1.7906995067477227),
[92mINFO [0m:      	          (10, 1.6789644217967987)]}
[92mINFO [0m:      	History (metrics, centralized):
[92mINFO [0m:      	{'accuracy': [(0, 0.1),
[92mINFO [0m:      	              (1, 0.159),
[92mINFO [0m:      	              (2, 0.3753),
[92mINFO [0m:      	              (3, 0.4062),
[92mINFO [0m:      	              (4, 0.4359),
[92mINFO [0m:      	              (5, 0.4548),
[92mINFO [0m:      	              (6, 0.4956),
[92mINFO [0m:      	              (7, 0.4826),
[92mINFO [0m:      	              (8, 0.5039),
[92mINFO [0m:      	              (9, 0.5321),
[92mINFO [0m:      	              (10, 0.5444)],
[92mINFO [0m:      	 'loss': [(0, 2.3032201919555666),
[92mINFO [0m:      	          (1, 2.306076000213623),
[92mINFO [0m:      	          (2, 1.9761845199584962),
[92mINFO [0m:      	          (3, 1.9154923328399658),
[92mINFO [0m:      	          (4, 1.9025737014770507),
[92mINFO [0m:      	          (5, 1.8892377460479737),
[92mINFO [0m:      	          (6, 1.9243699096679687),
[92mINFO [0m:      	          (7, 1.912885679244995),
[92mINFO [0m:      	          (8, 1.80420608253479),
[92mINFO [0m:      	          (9, 1.7877882879257203),
[92mINFO [0m:      	          (10, 1.6807858249664307)]}
[92mINFO [0m:      
[36m(ClientAppActor pid=926829)[0m 
[36m(ClientAppActor pid=926829)[0m         
Treinando no dispositivo: cuda:0 com o dataset: CIFAR10 | Setup clientes: 5 (num_gpus por cliente=0.2) | SEED=46 | Método: FedProx (mu=0.01)
FLOPS por amostra (forward): 6.030e+07 | (forward+backward, 3x): 1.809e+08
Files already downloaded and verified
Files already downloaded and verified
Dividindo o dataset usando a distribuição de Dirichlet com alpha=0.01.
Aviso: Cliente 1 não tinha amostras. Moveu uma amostra do cliente 0.
Aviso: Cliente 1 tem apenas 1 amostra(s), que serão usadas para validação.
Iniciando a simulação de Aprendizado Federado...
=== Diagnóstico de Medição de GPU ===
  pynvml_disponivel: True
  pynvml_versao: 580.173.02
  gpus_detectadas: 1
  leitura_potencia_ok: True
  potencia_atual_W: 113.787

--- Rodada 0 - Avaliação Centralizada (Servidor) ---
Loss (Servidor): 2.3032 | Acurácia (Servidor): 0.1000

--- Rodada 1 - Avaliação Centralizada (Servidor) ---
Loss (Servidor): 2.3061 | Acurácia (Servidor): 0.1590
--- Avaliação Agregada (Clientes) ---
Loss Média (Clientes): 2.3072 | Acurácia Média (Clientes): 0.1578

--- Rodada 2 - Avaliação Centralizada (Servidor) ---
Loss (Servidor): 1.9762 | Acurácia (Servidor): 0.3753
--- Avaliação Agregada (Clientes) ---
Loss Média (Clientes): 1.9919 | Acurácia Média (Clientes): 0.3688

--- Rodada 3 - Avaliação Centralizada (Servidor) ---
Loss (Servidor): 1.9155 | Acurácia (Servidor): 0.4062
--- Avaliação Agregada (Clientes) ---
Loss Média (Clientes): 1.9257 | Acurácia Média (Clientes): 0.4062

--- Rodada 4 - Avaliação Centralizada (Servidor) ---
Loss (Servidor): 1.9026 | Acurácia (Servidor): 0.4359
--- Avaliação Agregada (Clientes) ---
Loss Média (Clientes): 1.9135 | Acurácia Média (Clientes): 0.4348

--- Rodada 5 - Avaliação Centralizada (Servidor) ---
Loss (Servidor): 1.8892 | Acurácia (Servidor): 0.4548
--- Avaliação Agregada (Clientes) ---
Loss Média (Clientes): 1.9025 | Acurácia Média (Clientes): 0.4556

--- Rodada 6 - Avaliação Centralizada (Servidor) ---
Loss (Servidor): 1.9244 | Acurácia (Servidor): 0.4956
--- Avaliação Agregada (Clientes) ---
Loss Média (Clientes): 1.9361 | Acurácia Média (Clientes): 0.5002

--- Rodada 7 - Avaliação Centralizada (Servidor) ---
Loss (Servidor): 1.9129 | Acurácia (Servidor): 0.4826
--- Avaliação Agregada (Clientes) ---
Loss Média (Clientes): 1.9214 | Acurácia Média (Clientes): 0.4816

--- Rodada 8 - Avaliação Centralizada (Servidor) ---
Loss (Servidor): 1.8042 | Acurácia (Servidor): 0.5039
--- Avaliação Agregada (Clientes) ---
Loss Média (Clientes): 1.7945 | Acurácia Média (Clientes): 0.5062

--- Rodada 9 - Avaliação Centralizada (Servidor) ---
Loss (Servidor): 1.7878 | Acurácia (Servidor): 0.5321
--- Avaliação Agregada (Clientes) ---
Loss Média (Clientes): 1.7907 | Acurácia Média (Clientes): 0.5318

--- Rodada 10 - Avaliação Centralizada (Servidor) ---
Loss (Servidor): 1.6808 | Acurácia (Servidor): 0.5444
--- Avaliação Agregada (Clientes) ---
Loss Média (Clientes): 1.6790 | Acurácia Média (Clientes): 0.5456

Resultados salvos em: /home/tiago/GitHubProjects/fedhad-thesis-2/FedProx-results/1.1_diagnostico_drift/CIFAR10/FedProx__CIFAR10__Setup-5__Clients-5__Rounds-10__Delay-0_05__Alpha-0_01__Seed-46.txt
[36m(ClientAppActor pid=926829)[0m [93mWARNING [0m:   DEPRECATED FEATURE: `client_fn` now expects a signature `def client_fn(context: Context)`.The provided `client_fn` has signature: {'cid': <Parameter "cid: str">}. You can import the `Context` like this: `from flwr.app import Context`[32m [repeated 4x across cluster][0m
[36m(ClientAppActor pid=926829)[0m             This is a deprecated feature. It will be removed[32m [repeated 4x across cluster][0m
[36m(ClientAppActor pid=926829)[0m             entirely in future versions of Flower.[32m [repeated 4x across cluster][0m
