[codecarbon WARNING @ 15:32:46] Multiple instances of codecarbon are allowed to run at the same time.
[93mWARNING [0m:   DEPRECATED FEATURE: flwr.simulation.start_simulation() is deprecated.
	Instead, use the `flwr run` CLI command to start a local simulation in your Flower app, as shown for example below:

		$ flwr new  # Create a new Flower app from a template

		$ flwr run  # Run the Flower app in Simulation Mode

	Using `start_simulation()` is deprecated.

            This is a deprecated feature. It will be removed
            entirely in future versions of Flower.
        
[92mINFO [0m:      Starting Flower simulation, config: num_rounds=10, no round_timeout
2026-09-04 15:32:54,346	INFO worker.py:2012 -- Started a local Ray instance.
/home/tiago/GitHubProjects/fedhad-thesis-2/env_flwr_pt/lib/python3.12/site-packages/ray/_private/worker.py:2051: FutureWarning: Tip: In future versions of Ray, Ray will no longer override accelerator visible devices env var if num_gpus=0 or num_gpus=None (default). To enable this behavior and turn off this error message, set RAY_ACCEL_ENV_VAR_OVERRIDE_ON_ZERO=0
  warnings.warn(
[92mINFO [0m:      Flower VCE: Ray initialized with resources: {'object_store_memory': 77439972556.0, 'node:__internal_head__': 1.0, 'CPU': 64.0, 'memory': 180693269300.0, 'GPU': 1.0, 'accelerator_type:A40': 1.0, 'node:10.129.64.100': 1.0}
[92mINFO [0m:      Optimize your simulation with Flower VCE: https://flower.ai/docs/framework/how-to-run-simulations.html
/home/tiago/GitHubProjects/fedhad-thesis-2/FedProx_Final.py:1601: UserWarning: No `num_cpus` specified in `client_resources`. Using `num_cpus=1` for each client.
  history = fl.simulation.start_simulation(
[92mINFO [0m:      Flower VCE: Resources for each Virtual Client: {'num_gpus': 0.2, 'num_cpus': 1}
[92mINFO [0m:      Flower VCE: Creating VirtualClientEngineActorPool with 5 actors
[92mINFO [0m:      [INIT]
[92mINFO [0m:      Requesting initial parameters from one random client
[36m(ClientAppActor pid=884157)[0m [93mWARNING [0m:   DEPRECATED FEATURE: `client_fn` now expects a signature `def client_fn(context: Context)`.The provided `client_fn` has signature: {'cid': <Parameter "cid: str">}. You can import the `Context` like this: `from flwr.app import Context`
[36m(ClientAppActor pid=884157)[0m 
[36m(ClientAppActor pid=884157)[0m             This is a deprecated feature. It will be removed
[36m(ClientAppActor pid=884157)[0m             entirely in future versions of Flower.
[36m(ClientAppActor pid=884157)[0m         
[92mINFO [0m:      Received initial parameters from one random client
[92mINFO [0m:      Starting evaluation of initial global parameters
[92mINFO [0m:      initial parameters (loss, other metrics): 2.3026409824371337, {'accuracy': 0.0997, 'loss': 2.3026409824371337}
[92mINFO [0m:      
[92mINFO [0m:      [ROUND 1]
[92mINFO [0m:      configure_fit: strategy sampled 5 clients (out of 5)
[36m(ClientAppActor pid=884157)[0m [93mWARNING [0m:   DEPRECATED FEATURE: `client_fn` now expects a signature `def client_fn(context: Context)`.The provided `client_fn` has signature: {'cid': <Parameter "cid: str">}. You can import the `Context` like this: `from flwr.app import Context`
[36m(ClientAppActor pid=884157)[0m 
[36m(ClientAppActor pid=884157)[0m             This is a deprecated feature. It will be removed
[36m(ClientAppActor pid=884157)[0m             entirely in future versions of Flower.
[36m(ClientAppActor pid=884157)[0m         
[36m(ClientAppActor pid=884158)[0m 
[36m(ClientAppActor pid=884158)[0m         
[36m(ClientAppActor pid=884156)[0m 
[36m(ClientAppActor pid=884156)[0m         
[36m(ClientAppActor pid=884154)[0m 
[36m(ClientAppActor pid=884154)[0m         
[36m(ClientAppActor pid=884155)[0m 
[36m(ClientAppActor pid=884155)[0m         
[92mINFO [0m:      aggregate_fit: received 5 results and 0 failures
[92mINFO [0m:      fit progress: (1, 2.28454268951416, {'accuracy': 0.1306, 'loss': 2.28454268951416}, 22.987251904967707)
[92mINFO [0m:      configure_evaluate: strategy sampled 5 clients (out of 5)
[36m(ClientAppActor pid=884158)[0m 
[36m(ClientAppActor pid=884158)[0m         
[36m(ClientAppActor pid=884158)[0m [93mWARNING [0m:   DEPRECATED FEATURE: `client_fn` now expects a signature `def client_fn(context: Context)`.The provided `client_fn` has signature: {'cid': <Parameter "cid: str">}. You can import the `Context` like this: `from flwr.app import Context`[32m [repeated 5x across cluster] (Ray deduplicates logs by default. Set RAY_DEDUP_LOGS=0 to disable log deduplication, or see https://docs.ray.io/en/master/ray-observability/user-guides/configure-logging.html#log-deduplication for more options.)[0m
[36m(ClientAppActor pid=884158)[0m             This is a deprecated feature. It will be removed[32m [repeated 5x across cluster][0m
[36m(ClientAppActor pid=884158)[0m             entirely in future versions of Flower.[32m [repeated 5x across cluster][0m
[36m(ClientAppActor pid=884156)[0m 
[36m(ClientAppActor pid=884156)[0m         
[36m(ClientAppActor pid=884154)[0m 
[36m(ClientAppActor pid=884154)[0m         
[36m(ClientAppActor pid=884157)[0m 
[36m(ClientAppActor pid=884157)[0m         
[36m(ClientAppActor pid=884155)[0m 
[36m(ClientAppActor pid=884155)[0m         
[92mINFO [0m:      aggregate_evaluate: received 5 results and 0 failures
[92mINFO [0m:      
[92mINFO [0m:      [ROUND 2]
[92mINFO [0m:      configure_fit: strategy sampled 5 clients (out of 5)
[36m(ClientAppActor pid=884157)[0m 
[36m(ClientAppActor pid=884157)[0m         
[36m(ClientAppActor pid=884155)[0m 
[36m(ClientAppActor pid=884155)[0m         
[36m(ClientAppActor pid=884156)[0m 
[36m(ClientAppActor pid=884156)[0m         
[36m(ClientAppActor pid=884154)[0m 
[36m(ClientAppActor pid=884154)[0m         
[36m(ClientAppActor pid=884158)[0m 
[36m(ClientAppActor pid=884158)[0m         
[92mINFO [0m:      aggregate_fit: received 5 results and 0 failures
[92mINFO [0m:      fit progress: (2, 1.9814317779541015, {'accuracy': 0.3083, 'loss': 1.9814317779541015}, 45.10165769897867)
[92mINFO [0m:      configure_evaluate: strategy sampled 5 clients (out of 5)
[36m(ClientAppActor pid=884154)[0m 
[36m(ClientAppActor pid=884154)[0m         
[36m(ClientAppActor pid=884154)[0m [93mWARNING [0m:   DEPRECATED FEATURE: `client_fn` now expects a signature `def client_fn(context: Context)`.The provided `client_fn` has signature: {'cid': <Parameter "cid: str">}. You can import the `Context` like this: `from flwr.app import Context`[32m [repeated 10x across cluster][0m
[36m(ClientAppActor pid=884154)[0m             This is a deprecated feature. It will be removed[32m [repeated 10x across cluster][0m
[36m(ClientAppActor pid=884154)[0m             entirely in future versions of Flower.[32m [repeated 10x across cluster][0m
[36m(ClientAppActor pid=884155)[0m 
[36m(ClientAppActor pid=884155)[0m         
[36m(ClientAppActor pid=884156)[0m 
[36m(ClientAppActor pid=884156)[0m         
[36m(ClientAppActor pid=884157)[0m 
[36m(ClientAppActor pid=884157)[0m         
[36m(ClientAppActor pid=884158)[0m 
[36m(ClientAppActor pid=884158)[0m         
[92mINFO [0m:      aggregate_evaluate: received 5 results and 0 failures
[92mINFO [0m:      
[92mINFO [0m:      [ROUND 3]
[92mINFO [0m:      configure_fit: strategy sampled 5 clients (out of 5)
[36m(ClientAppActor pid=884158)[0m 
[36m(ClientAppActor pid=884158)[0m         
[36m(ClientAppActor pid=884157)[0m 
[36m(ClientAppActor pid=884157)[0m         
[36m(ClientAppActor pid=884155)[0m 
[36m(ClientAppActor pid=884155)[0m         
[36m(ClientAppActor pid=884156)[0m 
[36m(ClientAppActor pid=884156)[0m         
[36m(ClientAppActor pid=884154)[0m 
[36m(ClientAppActor pid=884154)[0m         
[92mINFO [0m:      aggregate_fit: received 5 results and 0 failures
[92mINFO [0m:      fit progress: (3, 1.57260800075531, {'accuracy': 0.4638, 'loss': 1.57260800075531}, 67.62765976099763)
[92mINFO [0m:      configure_evaluate: strategy sampled 5 clients (out of 5)
[36m(ClientAppActor pid=884156)[0m 
[36m(ClientAppActor pid=884156)[0m         
[36m(ClientAppActor pid=884156)[0m [93mWARNING [0m:   DEPRECATED FEATURE: `client_fn` now expects a signature `def client_fn(context: Context)`.The provided `client_fn` has signature: {'cid': <Parameter "cid: str">}. You can import the `Context` like this: `from flwr.app import Context`[32m [repeated 10x across cluster][0m
[36m(ClientAppActor pid=884156)[0m             This is a deprecated feature. It will be removed[32m [repeated 10x across cluster][0m
[36m(ClientAppActor pid=884156)[0m             entirely in future versions of Flower.[32m [repeated 10x across cluster][0m
[36m(ClientAppActor pid=884154)[0m 
[36m(ClientAppActor pid=884154)[0m         
[36m(ClientAppActor pid=884157)[0m 
[36m(ClientAppActor pid=884157)[0m         
[36m(ClientAppActor pid=884158)[0m 
[36m(ClientAppActor pid=884158)[0m         
[36m(ClientAppActor pid=884155)[0m 
[36m(ClientAppActor pid=884155)[0m         
[92mINFO [0m:      aggregate_evaluate: received 5 results and 0 failures
[92mINFO [0m:      
[92mINFO [0m:      [ROUND 4]
[92mINFO [0m:      configure_fit: strategy sampled 5 clients (out of 5)
[36m(ClientAppActor pid=884158)[0m 
[36m(ClientAppActor pid=884158)[0m         
[36m(ClientAppActor pid=884155)[0m 
[36m(ClientAppActor pid=884155)[0m         
[36m(ClientAppActor pid=884157)[0m 
[36m(ClientAppActor pid=884157)[0m         
[36m(ClientAppActor pid=884154)[0m 
[36m(ClientAppActor pid=884154)[0m         
[36m(ClientAppActor pid=884156)[0m 
[36m(ClientAppActor pid=884156)[0m         
[92mINFO [0m:      aggregate_fit: received 5 results and 0 failures
[92mINFO [0m:      fit progress: (4, 1.3597285968780517, {'accuracy': 0.5608, 'loss': 1.3597285968780517}, 89.96577869402245)
[92mINFO [0m:      configure_evaluate: strategy sampled 5 clients (out of 5)
[36m(ClientAppActor pid=884156)[0m 
[36m(ClientAppActor pid=884156)[0m         
[36m(ClientAppActor pid=884156)[0m [93mWARNING [0m:   DEPRECATED FEATURE: `client_fn` now expects a signature `def client_fn(context: Context)`.The provided `client_fn` has signature: {'cid': <Parameter "cid: str">}. You can import the `Context` like this: `from flwr.app import Context`[32m [repeated 10x across cluster][0m
[36m(ClientAppActor pid=884156)[0m             This is a deprecated feature. It will be removed[32m [repeated 10x across cluster][0m
[36m(ClientAppActor pid=884156)[0m             entirely in future versions of Flower.[32m [repeated 10x across cluster][0m
[36m(ClientAppActor pid=884158)[0m 
[36m(ClientAppActor pid=884158)[0m         
[36m(ClientAppActor pid=884154)[0m 
[36m(ClientAppActor pid=884154)[0m         
[36m(ClientAppActor pid=884155)[0m 
[36m(ClientAppActor pid=884155)[0m         
[36m(ClientAppActor pid=884157)[0m 
[36m(ClientAppActor pid=884157)[0m         
[92mINFO [0m:      aggregate_evaluate: received 5 results and 0 failures
[92mINFO [0m:      
[92mINFO [0m:      [ROUND 5]
[92mINFO [0m:      configure_fit: strategy sampled 5 clients (out of 5)
[36m(ClientAppActor pid=884157)[0m 
[36m(ClientAppActor pid=884157)[0m         
[36m(ClientAppActor pid=884155)[0m 
[36m(ClientAppActor pid=884155)[0m         
[36m(ClientAppActor pid=884158)[0m 
[36m(ClientAppActor pid=884158)[0m         
[36m(ClientAppActor pid=884154)[0m 
[36m(ClientAppActor pid=884154)[0m         
[36m(ClientAppActor pid=884156)[0m 
[36m(ClientAppActor pid=884156)[0m         
[92mINFO [0m:      aggregate_fit: received 5 results and 0 failures
[92mINFO [0m:      fit progress: (5, 1.1810979179382324, {'accuracy': 0.6092, 'loss': 1.1810979179382324}, 111.97238078498049)
[92mINFO [0m:      configure_evaluate: strategy sampled 5 clients (out of 5)
[36m(ClientAppActor pid=884157)[0m 
[36m(ClientAppActor pid=884157)[0m         
[36m(ClientAppActor pid=884157)[0m [93mWARNING [0m:   DEPRECATED FEATURE: `client_fn` now expects a signature `def client_fn(context: Context)`.The provided `client_fn` has signature: {'cid': <Parameter "cid: str">}. You can import the `Context` like this: `from flwr.app import Context`[32m [repeated 10x across cluster][0m
[36m(ClientAppActor pid=884157)[0m             This is a deprecated feature. It will be removed[32m [repeated 10x across cluster][0m
[36m(ClientAppActor pid=884157)[0m             entirely in future versions of Flower.[32m [repeated 10x across cluster][0m
[36m(ClientAppActor pid=884154)[0m 
[36m(ClientAppActor pid=884154)[0m         
[36m(ClientAppActor pid=884156)[0m 
[36m(ClientAppActor pid=884156)[0m         
[36m(ClientAppActor pid=884155)[0m 
[36m(ClientAppActor pid=884155)[0m         
[36m(ClientAppActor pid=884158)[0m 
[36m(ClientAppActor pid=884158)[0m         
[92mINFO [0m:      aggregate_evaluate: received 5 results and 0 failures
[92mINFO [0m:      
[92mINFO [0m:      [ROUND 6]
[92mINFO [0m:      configure_fit: strategy sampled 5 clients (out of 5)
[36m(ClientAppActor pid=884158)[0m 
[36m(ClientAppActor pid=884158)[0m         
[36m(ClientAppActor pid=884156)[0m 
[36m(ClientAppActor pid=884156)[0m         
[36m(ClientAppActor pid=884155)[0m 
[36m(ClientAppActor pid=884155)[0m         
[36m(ClientAppActor pid=884154)[0m 
[36m(ClientAppActor pid=884154)[0m         
[36m(ClientAppActor pid=884157)[0m 
[36m(ClientAppActor pid=884157)[0m         
[92mINFO [0m:      aggregate_fit: received 5 results and 0 failures
[92mINFO [0m:      fit progress: (6, 1.0689811819076538, {'accuracy': 0.6601, 'loss': 1.0689811819076538}, 133.97377862001304)
[92mINFO [0m:      configure_evaluate: strategy sampled 5 clients (out of 5)
[36m(ClientAppActor pid=884154)[0m 
[36m(ClientAppActor pid=884154)[0m         
[36m(ClientAppActor pid=884154)[0m [93mWARNING [0m:   DEPRECATED FEATURE: `client_fn` now expects a signature `def client_fn(context: Context)`.The provided `client_fn` has signature: {'cid': <Parameter "cid: str">}. You can import the `Context` like this: `from flwr.app import Context`[32m [repeated 10x across cluster][0m
[36m(ClientAppActor pid=884154)[0m             This is a deprecated feature. It will be removed[32m [repeated 10x across cluster][0m
[36m(ClientAppActor pid=884154)[0m             entirely in future versions of Flower.[32m [repeated 10x across cluster][0m
[36m(ClientAppActor pid=884158)[0m 
[36m(ClientAppActor pid=884158)[0m         
[36m(ClientAppActor pid=884155)[0m 
[36m(ClientAppActor pid=884155)[0m         
[36m(ClientAppActor pid=884156)[0m 
[36m(ClientAppActor pid=884156)[0m         
[36m(ClientAppActor pid=884157)[0m 
[36m(ClientAppActor pid=884157)[0m         
[92mINFO [0m:      aggregate_evaluate: received 5 results and 0 failures
[92mINFO [0m:      
[92mINFO [0m:      [ROUND 7]
[92mINFO [0m:      configure_fit: strategy sampled 5 clients (out of 5)
[36m(ClientAppActor pid=884157)[0m 
[36m(ClientAppActor pid=884157)[0m         
[36m(ClientAppActor pid=884156)[0m 
[36m(ClientAppActor pid=884156)[0m         
[36m(ClientAppActor pid=884155)[0m 
[36m(ClientAppActor pid=884155)[0m         
[36m(ClientAppActor pid=884158)[0m 
[36m(ClientAppActor pid=884158)[0m         
[36m(ClientAppActor pid=884154)[0m 
[36m(ClientAppActor pid=884154)[0m         
[92mINFO [0m:      aggregate_fit: received 5 results and 0 failures
[92mINFO [0m:      fit progress: (7, 1.0453169737815857, {'accuracy': 0.6571, 'loss': 1.0453169737815857}, 156.07504095399054)
[92mINFO [0m:      configure_evaluate: strategy sampled 5 clients (out of 5)
[36m(ClientAppActor pid=884155)[0m 
[36m(ClientAppActor pid=884155)[0m         
[36m(ClientAppActor pid=884155)[0m [93mWARNING [0m:   DEPRECATED FEATURE: `client_fn` now expects a signature `def client_fn(context: Context)`.The provided `client_fn` has signature: {'cid': <Parameter "cid: str">}. You can import the `Context` like this: `from flwr.app import Context`[32m [repeated 10x across cluster][0m
[36m(ClientAppActor pid=884155)[0m             This is a deprecated feature. It will be removed[32m [repeated 10x across cluster][0m
[36m(ClientAppActor pid=884155)[0m             entirely in future versions of Flower.[32m [repeated 10x across cluster][0m
[36m(ClientAppActor pid=884158)[0m 
[36m(ClientAppActor pid=884158)[0m         
[36m(ClientAppActor pid=884157)[0m 
[36m(ClientAppActor pid=884157)[0m         
[36m(ClientAppActor pid=884154)[0m 
[36m(ClientAppActor pid=884154)[0m         
[36m(ClientAppActor pid=884156)[0m 
[36m(ClientAppActor pid=884156)[0m         
[92mINFO [0m:      aggregate_evaluate: received 5 results and 0 failures
[92mINFO [0m:      
[92mINFO [0m:      [ROUND 8]
[92mINFO [0m:      configure_fit: strategy sampled 5 clients (out of 5)
[36m(ClientAppActor pid=884156)[0m 
[36m(ClientAppActor pid=884156)[0m         
[36m(ClientAppActor pid=884154)[0m 
[36m(ClientAppActor pid=884154)[0m         
[36m(ClientAppActor pid=884157)[0m 
[36m(ClientAppActor pid=884157)[0m         
[36m(ClientAppActor pid=884158)[0m 
[36m(ClientAppActor pid=884158)[0m         
[36m(ClientAppActor pid=884155)[0m 
[36m(ClientAppActor pid=884155)[0m         
[92mINFO [0m:      aggregate_fit: received 5 results and 0 failures
[92mINFO [0m:      fit progress: (8, 0.9920356137275695, {'accuracy': 0.6726, 'loss': 0.9920356137275695}, 178.0288821819704)
[92mINFO [0m:      configure_evaluate: strategy sampled 5 clients (out of 5)
[36m(ClientAppActor pid=884157)[0m 
[36m(ClientAppActor pid=884157)[0m         
[36m(ClientAppActor pid=884157)[0m [93mWARNING [0m:   DEPRECATED FEATURE: `client_fn` now expects a signature `def client_fn(context: Context)`.The provided `client_fn` has signature: {'cid': <Parameter "cid: str">}. You can import the `Context` like this: `from flwr.app import Context`[32m [repeated 10x across cluster][0m
[36m(ClientAppActor pid=884157)[0m             This is a deprecated feature. It will be removed[32m [repeated 10x across cluster][0m
[36m(ClientAppActor pid=884157)[0m             entirely in future versions of Flower.[32m [repeated 10x across cluster][0m
[36m(ClientAppActor pid=884154)[0m 
[36m(ClientAppActor pid=884154)[0m         
[36m(ClientAppActor pid=884158)[0m 
[36m(ClientAppActor pid=884158)[0m         
[36m(ClientAppActor pid=884156)[0m 
[36m(ClientAppActor pid=884156)[0m         
[36m(ClientAppActor pid=884155)[0m 
[36m(ClientAppActor pid=884155)[0m         
[92mINFO [0m:      aggregate_evaluate: received 5 results and 0 failures
[92mINFO [0m:      
[92mINFO [0m:      [ROUND 9]
[92mINFO [0m:      configure_fit: strategy sampled 5 clients (out of 5)
[36m(ClientAppActor pid=884155)[0m 
[36m(ClientAppActor pid=884155)[0m         
[36m(ClientAppActor pid=884158)[0m 
[36m(ClientAppActor pid=884158)[0m         
[36m(ClientAppActor pid=884156)[0m 
[36m(ClientAppActor pid=884156)[0m         
[36m(ClientAppActor pid=884157)[0m 
[36m(ClientAppActor pid=884157)[0m         
[36m(ClientAppActor pid=884154)[0m 
[36m(ClientAppActor pid=884154)[0m         
[92mINFO [0m:      aggregate_fit: received 5 results and 0 failures
[92mINFO [0m:      fit progress: (9, 0.926420562839508, {'accuracy': 0.6879, 'loss': 0.926420562839508}, 200.20176254597027)
[92mINFO [0m:      configure_evaluate: strategy sampled 5 clients (out of 5)
[36m(ClientAppActor pid=884157)[0m 
[36m(ClientAppActor pid=884157)[0m         
[36m(ClientAppActor pid=884157)[0m [93mWARNING [0m:   DEPRECATED FEATURE: `client_fn` now expects a signature `def client_fn(context: Context)`.The provided `client_fn` has signature: {'cid': <Parameter "cid: str">}. You can import the `Context` like this: `from flwr.app import Context`[32m [repeated 10x across cluster][0m
[36m(ClientAppActor pid=884157)[0m             This is a deprecated feature. It will be removed[32m [repeated 10x across cluster][0m
[36m(ClientAppActor pid=884157)[0m             entirely in future versions of Flower.[32m [repeated 10x across cluster][0m
[36m(ClientAppActor pid=884156)[0m 
[36m(ClientAppActor pid=884156)[0m         
[36m(ClientAppActor pid=884154)[0m 
[36m(ClientAppActor pid=884154)[0m         
[36m(ClientAppActor pid=884158)[0m 
[36m(ClientAppActor pid=884158)[0m         
[36m(ClientAppActor pid=884155)[0m 
[36m(ClientAppActor pid=884155)[0m         
[92mINFO [0m:      aggregate_evaluate: received 5 results and 0 failures
[92mINFO [0m:      
[92mINFO [0m:      [ROUND 10]
[92mINFO [0m:      configure_fit: strategy sampled 5 clients (out of 5)
[36m(ClientAppActor pid=884155)[0m 
[36m(ClientAppActor pid=884155)[0m         
[36m(ClientAppActor pid=884158)[0m 
[36m(ClientAppActor pid=884158)[0m         
[36m(ClientAppActor pid=884154)[0m 
[36m(ClientAppActor pid=884154)[0m         
[36m(ClientAppActor pid=884156)[0m 
[36m(ClientAppActor pid=884156)[0m         
[36m(ClientAppActor pid=884157)[0m 
[36m(ClientAppActor pid=884157)[0m         
[92mINFO [0m:      aggregate_fit: received 5 results and 0 failures
[92mINFO [0m:      fit progress: (10, 0.9623633434295654, {'accuracy': 0.6962, 'loss': 0.9623633434295654}, 222.1424149919767)
[92mINFO [0m:      configure_evaluate: strategy sampled 5 clients (out of 5)
[36m(ClientAppActor pid=884155)[0m 
[36m(ClientAppActor pid=884155)[0m         
[36m(ClientAppActor pid=884155)[0m [93mWARNING [0m:   DEPRECATED FEATURE: `client_fn` now expects a signature `def client_fn(context: Context)`.The provided `client_fn` has signature: {'cid': <Parameter "cid: str">}. You can import the `Context` like this: `from flwr.app import Context`[32m [repeated 10x across cluster][0m
[36m(ClientAppActor pid=884155)[0m             This is a deprecated feature. It will be removed[32m [repeated 10x across cluster][0m
[36m(ClientAppActor pid=884155)[0m             entirely in future versions of Flower.[32m [repeated 10x across cluster][0m
[36m(ClientAppActor pid=884156)[0m 
[36m(ClientAppActor pid=884156)[0m         
[36m(ClientAppActor pid=884154)[0m 
[36m(ClientAppActor pid=884154)[0m         
[36m(ClientAppActor pid=884158)[0m 
[36m(ClientAppActor pid=884158)[0m         
[36m(ClientAppActor pid=884157)[0m 
[36m(ClientAppActor pid=884157)[0m         
[92mINFO [0m:      aggregate_evaluate: received 5 results and 0 failures
[92mINFO [0m:      
[92mINFO [0m:      [SUMMARY]
[92mINFO [0m:      Run finished 10 round(s) in 223.10s
[92mINFO [0m:      	History (loss, distributed):
[92mINFO [0m:      		round 1: 2.2852653479943497
[92mINFO [0m:      		round 2: 1.9920766216672752
[92mINFO [0m:      		round 3: 1.594877930994341
[92mINFO [0m:      		round 4: 1.3991103937846794
[92mINFO [0m:      		round 5: 1.2160643609924653
[92mINFO [0m:      		round 6: 1.0994828407027757
[92mINFO [0m:      		round 7: 1.0711400874416805
[92mINFO [0m:      		round 8: 1.0310044528151217
[92mINFO [0m:      		round 9: 0.9619444939215612
[92mINFO [0m:      		round 10: 0.9993867995752342
[92mINFO [0m:      	History (loss, centralized):
[92mINFO [0m:      		round 0: 2.3026409824371337
[92mINFO [0m:      		round 1: 2.28454268951416
[92mINFO [0m:      		round 2: 1.9814317779541015
[92mINFO [0m:      		round 3: 1.57260800075531
[92mINFO [0m:      		round 4: 1.3597285968780517
[92mINFO [0m:      		round 5: 1.1810979179382324
[92mINFO [0m:      		round 6: 1.0689811819076538
[92mINFO [0m:      		round 7: 1.0453169737815857
[92mINFO [0m:      		round 8: 0.9920356137275695
[92mINFO [0m:      		round 9: 0.926420562839508
[92mINFO [0m:      		round 10: 0.9623633434295654
[92mINFO [0m:      	History (metrics, distributed, fit):
[92mINFO [0m:      	{'avg_flops_per_client_round': [(1, 8140805084160.0),
[92mINFO [0m:      	                                (2, 8140805084160.0),
[92mINFO [0m:      	                                (3, 8140805084160.0),
[92mINFO [0m:      	                                (4, 8140805084160.0),
[92mINFO [0m:      	                                (5, 8140805084160.0),
[92mINFO [0m:      	                                (6, 8140805084160.0),
[92mINFO [0m:      	                                (7, 8140805084160.0),
[92mINFO [0m:      	                                (8, 8140805084160.0),
[92mINFO [0m:      	                                (9, 8140805084160.0),
[92mINFO [0m:      	                                (10, 8140805084160.0)],
[92mINFO [0m:      	 'total_flops_round': [(1, 40704025420800),
[92mINFO [0m:      	                       (2, 40704025420800),
[92mINFO [0m:      	                       (3, 40704025420800),
[92mINFO [0m:      	                       (4, 40704025420800),
[92mINFO [0m:      	                       (5, 40704025420800),
[92mINFO [0m:      	                       (6, 40704025420800),
[92mINFO [0m:      	                       (7, 40704025420800),
[92mINFO [0m:      	                       (8, 40704025420800),
[92mINFO [0m:      	                       (9, 40704025420800),
[92mINFO [0m:      	                       (10, 40704025420800)]}
[92mINFO [0m:      	History (metrics, distributed, evaluate):
[92mINFO [0m:      	{'accuracy': [(1, 0.12947768661196718),
[92mINFO [0m:      	              (2, 0.30598359015409243),
[92mINFO [0m:      	              (3, 0.4630778467080248),
[92mINFO [0m:      	              (4, 0.5451270762457474),
[92mINFO [0m:      	              (5, 0.5849509705823495),
[92mINFO [0m:      	              (6, 0.6375825495297178),
[92mINFO [0m:      	              (7, 0.6405843506103662),
[92mINFO [0m:      	              (8, 0.6519911947168301),
[92mINFO [0m:      	              (9, 0.6684010406243747),
[92mINFO [0m:      	              (10, 0.6754052431458876)],
[92mINFO [0m:      	 'loss': [(1, 2.2852653479943497),
[92mINFO [0m:      	          (2, 1.9920766216672752),
[92mINFO [0m:      	          (3, 1.594877930994341),
[92mINFO [0m:      	          (4, 1.3991103937846794),
[92mINFO [0m:      	          (5, 1.2160643609924653),
[92mINFO [0m:      	          (6, 1.0994828407027757),
[92mINFO [0m:      	          (7, 1.0711400874416805),
[92mINFO [0m:      	          (8, 1.0310044528151217),
[92mINFO [0m:      	          (9, 0.9619444939215612),
[92mINFO [0m:      	          (10, 0.9993867995752342)]}
[92mINFO [0m:      	History (metrics, centralized):
[92mINFO [0m:      	{'accuracy': [(0, 0.0997),
[92mINFO [0m:      	              (1, 0.1306),
[92mINFO [0m:      	              (2, 0.3083),
[92mINFO [0m:      	              (3, 0.4638),
[92mINFO [0m:      	              (4, 0.5608),
[92mINFO [0m:      	              (5, 0.6092),
[92mINFO [0m:      	              (6, 0.6601),
[92mINFO [0m:      	              (7, 0.6571),
[92mINFO [0m:      	              (8, 0.6726),
[92mINFO [0m:      	              (9, 0.6879),
[92mINFO [0m:      	              (10, 0.6962)],
[92mINFO [0m:      	 'loss': [(0, 2.3026409824371337),
[92mINFO [0m:      	          (1, 2.28454268951416),
[92mINFO [0m:      	          (2, 1.9814317779541015),
[92mINFO [0m:      	          (3, 1.57260800075531),
[92mINFO [0m:      	          (4, 1.3597285968780517),
[92mINFO [0m:      	          (5, 1.1810979179382324),
[92mINFO [0m:      	          (6, 1.0689811819076538),
[92mINFO [0m:      	          (7, 1.0453169737815857),
[92mINFO [0m:      	          (8, 0.9920356137275695),
[92mINFO [0m:      	          (9, 0.926420562839508),
[92mINFO [0m:      	          (10, 0.9623633434295654)]}
[92mINFO [0m:      
Treinando no dispositivo: cuda:0 com o dataset: CIFAR10 | Setup clientes: 5 (num_gpus por cliente=0.2) | SEED=51 | Método: FedProx (mu=0.01)
FLOPS por amostra (forward): 6.030e+07 | (forward+backward, 3x): 1.809e+08
Files already downloaded and verified
Files already downloaded and verified
Dividindo o dataset usando a distribuição de Dirichlet com alpha=0.1.
Iniciando a simulação de Aprendizado Federado...
=== Diagnóstico de Medição de GPU ===
  pynvml_disponivel: True
  pynvml_versao: 580.173.02
  gpus_detectadas: 1
  leitura_potencia_ok: True
  potencia_atual_W: 113.566

--- Rodada 0 - Avaliação Centralizada (Servidor) ---
Loss (Servidor): 2.3026 | Acurácia (Servidor): 0.0997

--- Rodada 1 - Avaliação Centralizada (Servidor) ---
Loss (Servidor): 2.2845 | Acurácia (Servidor): 0.1306
--- Avaliação Agregada (Clientes) ---
Loss Média (Clientes): 2.2853 | Acurácia Média (Clientes): 0.1295

--- Rodada 2 - Avaliação Centralizada (Servidor) ---
Loss (Servidor): 1.9814 | Acurácia (Servidor): 0.3083
--- Avaliação Agregada (Clientes) ---
Loss Média (Clientes): 1.9921 | Acurácia Média (Clientes): 0.3060

--- Rodada 3 - Avaliação Centralizada (Servidor) ---
Loss (Servidor): 1.5726 | Acurácia (Servidor): 0.4638
--- Avaliação Agregada (Clientes) ---
Loss Média (Clientes): 1.5949 | Acurácia Média (Clientes): 0.4631

--- Rodada 4 - Avaliação Centralizada (Servidor) ---
Loss (Servidor): 1.3597 | Acurácia (Servidor): 0.5608
--- Avaliação Agregada (Clientes) ---
Loss Média (Clientes): 1.3991 | Acurácia Média (Clientes): 0.5451

--- Rodada 5 - Avaliação Centralizada (Servidor) ---
Loss (Servidor): 1.1811 | Acurácia (Servidor): 0.6092
--- Avaliação Agregada (Clientes) ---
Loss Média (Clientes): 1.2161 | Acurácia Média (Clientes): 0.5850

--- Rodada 6 - Avaliação Centralizada (Servidor) ---
Loss (Servidor): 1.0690 | Acurácia (Servidor): 0.6601
--- Avaliação Agregada (Clientes) ---
Loss Média (Clientes): 1.0995 | Acurácia Média (Clientes): 0.6376

--- Rodada 7 - Avaliação Centralizada (Servidor) ---
Loss (Servidor): 1.0453 | Acurácia (Servidor): 0.6571
--- Avaliação Agregada (Clientes) ---
Loss Média (Clientes): 1.0711 | Acurácia Média (Clientes): 0.6406

--- Rodada 8 - Avaliação Centralizada (Servidor) ---
Loss (Servidor): 0.9920 | Acurácia (Servidor): 0.6726
--- Avaliação Agregada (Clientes) ---
Loss Média (Clientes): 1.0310 | Acurácia Média (Clientes): 0.6520

--- Rodada 9 - Avaliação Centralizada (Servidor) ---
Loss (Servidor): 0.9264 | Acurácia (Servidor): 0.6879
--- Avaliação Agregada (Clientes) ---
Loss Média (Clientes): 0.9619 | Acurácia Média (Clientes): 0.6684

--- Rodada 10 - Avaliação Centralizada (Servidor) ---
Loss (Servidor): 0.9624 | Acurácia (Servidor): 0.6962
--- Avaliação Agregada (Clientes) ---
Loss Média (Clientes): 0.9994 | Acurácia Média (Clientes): 0.6754

Resultados salvos em: /home/tiago/GitHubProjects/fedhad-thesis-2/FedProx-results/1.1_diagnostico_drift/CIFAR10/FedProx__CIFAR10__Setup-5__Clients-5__Rounds-10__Delay-0_05__Alpha-0_1__Seed-51.txt
[36m(ClientAppActor pid=884157)[0m [93mWARNING [0m:   DEPRECATED FEATURE: `client_fn` now expects a signature `def client_fn(context: Context)`.The provided `client_fn` has signature: {'cid': <Parameter "cid: str">}. You can import the `Context` like this: `from flwr.app import Context`[32m [repeated 4x across cluster][0m
[36m(ClientAppActor pid=884157)[0m             This is a deprecated feature. It will be removed[32m [repeated 4x across cluster][0m
[36m(ClientAppActor pid=884157)[0m             entirely in future versions of Flower.[32m [repeated 4x across cluster][0m
