/home/tiago/GitHubProjects/fedhad-thesis-2/env_flwr_pt/lib/python3.12/site-packages/torch/utils/data/dataset.py:473: UserWarning: Length of split at index 0 is 0. This might result in an empty dataset.
  warnings.warn(
[codecarbon WARNING @ 16:14:29] Multiple instances of codecarbon are allowed to run at the same time.
[93mWARNING [0m:   DEPRECATED FEATURE: flwr.simulation.start_simulation() is deprecated.
	Instead, use the `flwr run` CLI command to start a local simulation in your Flower app, as shown for example below:

		$ flwr new  # Create a new Flower app from a template

		$ flwr run  # Run the Flower app in Simulation Mode

	Using `start_simulation()` is deprecated.

            This is a deprecated feature. It will be removed
            entirely in future versions of Flower.
        
[92mINFO [0m:      Starting Flower simulation, config: num_rounds=10, no round_timeout
2026-09-04 16:14:37,480	INFO worker.py:2012 -- Started a local Ray instance.
/home/tiago/GitHubProjects/fedhad-thesis-2/env_flwr_pt/lib/python3.12/site-packages/ray/_private/worker.py:2051: FutureWarning: Tip: In future versions of Ray, Ray will no longer override accelerator visible devices env var if num_gpus=0 or num_gpus=None (default). To enable this behavior and turn off this error message, set RAY_ACCEL_ENV_VAR_OVERRIDE_ON_ZERO=0
  warnings.warn(
[92mINFO [0m:      Flower VCE: Ray initialized with resources: {'node:10.129.64.100': 1.0, 'accelerator_type:A40': 1.0, 'object_store_memory': 77424150528.0, 'CPU': 64.0, 'node:__internal_head__': 1.0, 'GPU': 1.0, 'memory': 180656351232.0}
[92mINFO [0m:      Optimize your simulation with Flower VCE: https://flower.ai/docs/framework/how-to-run-simulations.html
/home/tiago/GitHubProjects/fedhad-thesis-2/FedProx_Final.py:1601: UserWarning: No `num_cpus` specified in `client_resources`. Using `num_cpus=1` for each client.
  history = fl.simulation.start_simulation(
[92mINFO [0m:      Flower VCE: Resources for each Virtual Client: {'num_gpus': 0.2, 'num_cpus': 1}
[92mINFO [0m:      Flower VCE: Creating VirtualClientEngineActorPool with 5 actors
[92mINFO [0m:      [INIT]
[92mINFO [0m:      Requesting initial parameters from one random client
[36m(ClientAppActor pid=970975)[0m [93mWARNING [0m:   DEPRECATED FEATURE: `client_fn` now expects a signature `def client_fn(context: Context)`.The provided `client_fn` has signature: {'cid': <Parameter "cid: str">}. You can import the `Context` like this: `from flwr.app import Context`
[36m(ClientAppActor pid=970975)[0m 
[36m(ClientAppActor pid=970975)[0m             This is a deprecated feature. It will be removed
[36m(ClientAppActor pid=970975)[0m             entirely in future versions of Flower.
[36m(ClientAppActor pid=970975)[0m         
[92mINFO [0m:      Received initial parameters from one random client
[92mINFO [0m:      Starting evaluation of initial global parameters
[92mINFO [0m:      initial parameters (loss, other metrics): 2.3035603675842284, {'accuracy': 0.1, 'loss': 2.3035603675842284}
[92mINFO [0m:      
[92mINFO [0m:      [ROUND 1]
[92mINFO [0m:      configure_fit: strategy sampled 5 clients (out of 5)
[36m(ClientAppActor pid=970975)[0m [93mWARNING [0m:   DEPRECATED FEATURE: `client_fn` now expects a signature `def client_fn(context: Context)`.The provided `client_fn` has signature: {'cid': <Parameter "cid: str">}. You can import the `Context` like this: `from flwr.app import Context`
[36m(ClientAppActor pid=970975)[0m 
[36m(ClientAppActor pid=970975)[0m             This is a deprecated feature. It will be removed
[36m(ClientAppActor pid=970975)[0m             entirely in future versions of Flower.
[36m(ClientAppActor pid=970975)[0m         
[36m(ClientAppActor pid=970973)[0m 
[36m(ClientAppActor pid=970973)[0m         
[36m(ClientAppActor pid=970972)[0m 
[36m(ClientAppActor pid=970972)[0m         
[36m(ClientAppActor pid=970974)[0m 
[36m(ClientAppActor pid=970974)[0m         
[36m(ClientAppActor pid=970971)[0m 
[36m(ClientAppActor pid=970971)[0m         
[92mINFO [0m:      aggregate_fit: received 5 results and 0 failures
[92mINFO [0m:      fit progress: (1, 2.2748090965270995, {'accuracy': 0.1482, 'loss': 2.2748090965270995}, 23.382300819037482)
[92mINFO [0m:      configure_evaluate: strategy sampled 5 clients (out of 5)
[36m(ClientAppActor pid=970973)[0m 
[36m(ClientAppActor pid=970973)[0m         
[36m(ClientAppActor pid=970973)[0m [93mWARNING [0m:   DEPRECATED FEATURE: `client_fn` now expects a signature `def client_fn(context: Context)`.The provided `client_fn` has signature: {'cid': <Parameter "cid: str">}. You can import the `Context` like this: `from flwr.app import Context`[32m [repeated 5x across cluster] (Ray deduplicates logs by default. Set RAY_DEDUP_LOGS=0 to disable log deduplication, or see https://docs.ray.io/en/master/ray-observability/user-guides/configure-logging.html#log-deduplication for more options.)[0m
[36m(ClientAppActor pid=970973)[0m             This is a deprecated feature. It will be removed[32m [repeated 5x across cluster][0m
[36m(ClientAppActor pid=970973)[0m             entirely in future versions of Flower.[32m [repeated 5x across cluster][0m
[36m(ClientAppActor pid=970974)[0m 
[36m(ClientAppActor pid=970974)[0m         
[36m(ClientAppActor pid=970975)[0m 
[36m(ClientAppActor pid=970975)[0m         
[36m(ClientAppActor pid=970972)[0m 
[36m(ClientAppActor pid=970972)[0m         
[36m(ClientAppActor pid=970971)[0m 
[36m(ClientAppActor pid=970971)[0m         
[92mINFO [0m:      aggregate_evaluate: received 5 results and 0 failures
[92mINFO [0m:      
[92mINFO [0m:      [ROUND 2]
[92mINFO [0m:      configure_fit: strategy sampled 5 clients (out of 5)
[36m(ClientAppActor pid=970971)[0m 
[36m(ClientAppActor pid=970971)[0m         
[36m(ClientAppActor pid=970972)[0m 
[36m(ClientAppActor pid=970972)[0m         
[36m(ClientAppActor pid=970974)[0m 
[36m(ClientAppActor pid=970974)[0m         
[36m(ClientAppActor pid=970975)[0m 
[36m(ClientAppActor pid=970975)[0m         
[36m(ClientAppActor pid=970973)[0m 
[36m(ClientAppActor pid=970973)[0m         
[92mINFO [0m:      aggregate_fit: received 5 results and 0 failures
[92mINFO [0m:      fit progress: (2, 2.090570623397827, {'accuracy': 0.267, 'loss': 2.090570623397827}, 45.77977683604695)
[92mINFO [0m:      configure_evaluate: strategy sampled 5 clients (out of 5)
[36m(ClientAppActor pid=970975)[0m 
[36m(ClientAppActor pid=970975)[0m         
[36m(ClientAppActor pid=970975)[0m [93mWARNING [0m:   DEPRECATED FEATURE: `client_fn` now expects a signature `def client_fn(context: Context)`.The provided `client_fn` has signature: {'cid': <Parameter "cid: str">}. You can import the `Context` like this: `from flwr.app import Context`[32m [repeated 10x across cluster][0m
[36m(ClientAppActor pid=970975)[0m             This is a deprecated feature. It will be removed[32m [repeated 10x across cluster][0m
[36m(ClientAppActor pid=970975)[0m             entirely in future versions of Flower.[32m [repeated 10x across cluster][0m
[36m(ClientAppActor pid=970974)[0m 
[36m(ClientAppActor pid=970974)[0m         
[36m(ClientAppActor pid=970971)[0m 
[36m(ClientAppActor pid=970971)[0m         
[36m(ClientAppActor pid=970972)[0m 
[36m(ClientAppActor pid=970972)[0m         
[36m(ClientAppActor pid=970973)[0m 
[36m(ClientAppActor pid=970973)[0m         
[92mINFO [0m:      aggregate_evaluate: received 5 results and 0 failures
[92mINFO [0m:      
[92mINFO [0m:      [ROUND 3]
[92mINFO [0m:      configure_fit: strategy sampled 5 clients (out of 5)
[36m(ClientAppActor pid=970973)[0m 
[36m(ClientAppActor pid=970973)[0m         
[36m(ClientAppActor pid=970972)[0m 
[36m(ClientAppActor pid=970972)[0m         
[36m(ClientAppActor pid=970974)[0m 
[36m(ClientAppActor pid=970974)[0m         
[36m(ClientAppActor pid=970971)[0m 
[36m(ClientAppActor pid=970971)[0m         
[36m(ClientAppActor pid=970975)[0m 
[36m(ClientAppActor pid=970975)[0m         
[92mINFO [0m:      aggregate_fit: received 5 results and 0 failures
[92mINFO [0m:      fit progress: (3, 1.986595690536499, {'accuracy': 0.3228, 'loss': 1.986595690536499}, 67.9674342010403)
[92mINFO [0m:      configure_evaluate: strategy sampled 5 clients (out of 5)
[36m(ClientAppActor pid=970971)[0m 
[36m(ClientAppActor pid=970971)[0m         
[36m(ClientAppActor pid=970971)[0m [93mWARNING [0m:   DEPRECATED FEATURE: `client_fn` now expects a signature `def client_fn(context: Context)`.The provided `client_fn` has signature: {'cid': <Parameter "cid: str">}. You can import the `Context` like this: `from flwr.app import Context`[32m [repeated 10x across cluster][0m
[36m(ClientAppActor pid=970971)[0m             This is a deprecated feature. It will be removed[32m [repeated 10x across cluster][0m
[36m(ClientAppActor pid=970971)[0m             entirely in future versions of Flower.[32m [repeated 10x across cluster][0m
[36m(ClientAppActor pid=970972)[0m 
[36m(ClientAppActor pid=970972)[0m         
[36m(ClientAppActor pid=970973)[0m 
[36m(ClientAppActor pid=970973)[0m         
[36m(ClientAppActor pid=970975)[0m 
[36m(ClientAppActor pid=970975)[0m         
[92mINFO [0m:      aggregate_evaluate: received 5 results and 0 failures
[92mINFO [0m:      
[92mINFO [0m:      [ROUND 4]
[92mINFO [0m:      configure_fit: strategy sampled 5 clients (out of 5)
[36m(ClientAppActor pid=970974)[0m 
[36m(ClientAppActor pid=970974)[0m         
[36m(ClientAppActor pid=970974)[0m 
[36m(ClientAppActor pid=970974)[0m         
[36m(ClientAppActor pid=970973)[0m 
[36m(ClientAppActor pid=970973)[0m         
[36m(ClientAppActor pid=970975)[0m 
[36m(ClientAppActor pid=970975)[0m         
[36m(ClientAppActor pid=970972)[0m 
[36m(ClientAppActor pid=970972)[0m         
[36m(ClientAppActor pid=970971)[0m 
[36m(ClientAppActor pid=970971)[0m         
[92mINFO [0m:      aggregate_fit: received 5 results and 0 failures
[92mINFO [0m:      fit progress: (4, 1.7393194255828857, {'accuracy': 0.4184, 'loss': 1.7393194255828857}, 90.69687184802024)
[92mINFO [0m:      configure_evaluate: strategy sampled 5 clients (out of 5)
[36m(ClientAppActor pid=970971)[0m 
[36m(ClientAppActor pid=970971)[0m         
[36m(ClientAppActor pid=970971)[0m [93mWARNING [0m:   DEPRECATED FEATURE: `client_fn` now expects a signature `def client_fn(context: Context)`.The provided `client_fn` has signature: {'cid': <Parameter "cid: str">}. You can import the `Context` like this: `from flwr.app import Context`[32m [repeated 10x across cluster][0m
[36m(ClientAppActor pid=970971)[0m             This is a deprecated feature. It will be removed[32m [repeated 10x across cluster][0m
[36m(ClientAppActor pid=970971)[0m             entirely in future versions of Flower.[32m [repeated 10x across cluster][0m
[36m(ClientAppActor pid=970972)[0m 
[36m(ClientAppActor pid=970972)[0m         
[36m(ClientAppActor pid=970973)[0m 
[36m(ClientAppActor pid=970973)[0m         
[36m(ClientAppActor pid=970974)[0m 
[36m(ClientAppActor pid=970974)[0m         
[36m(ClientAppActor pid=970975)[0m 
[36m(ClientAppActor pid=970975)[0m         
[92mINFO [0m:      aggregate_evaluate: received 5 results and 0 failures
[92mINFO [0m:      
[92mINFO [0m:      [ROUND 5]
[92mINFO [0m:      configure_fit: strategy sampled 5 clients (out of 5)
[36m(ClientAppActor pid=970974)[0m 
[36m(ClientAppActor pid=970974)[0m         
[36m(ClientAppActor pid=970975)[0m 
[36m(ClientAppActor pid=970975)[0m         
[36m(ClientAppActor pid=970973)[0m 
[36m(ClientAppActor pid=970973)[0m         
[36m(ClientAppActor pid=970972)[0m 
[36m(ClientAppActor pid=970972)[0m         
[36m(ClientAppActor pid=970971)[0m 
[36m(ClientAppActor pid=970971)[0m         
[92mINFO [0m:      aggregate_fit: received 5 results and 0 failures
[92mINFO [0m:      fit progress: (5, 1.6081180938720703, {'accuracy': 0.4662, 'loss': 1.6081180938720703}, 113.16296567203244)
[92mINFO [0m:      configure_evaluate: strategy sampled 5 clients (out of 5)
[36m(ClientAppActor pid=970974)[0m 
[36m(ClientAppActor pid=970974)[0m         
[36m(ClientAppActor pid=970974)[0m [93mWARNING [0m:   DEPRECATED FEATURE: `client_fn` now expects a signature `def client_fn(context: Context)`.The provided `client_fn` has signature: {'cid': <Parameter "cid: str">}. You can import the `Context` like this: `from flwr.app import Context`[32m [repeated 10x across cluster][0m
[36m(ClientAppActor pid=970974)[0m             This is a deprecated feature. It will be removed[32m [repeated 10x across cluster][0m
[36m(ClientAppActor pid=970974)[0m             entirely in future versions of Flower.[32m [repeated 10x across cluster][0m
[36m(ClientAppActor pid=970971)[0m 
[36m(ClientAppActor pid=970971)[0m         
[36m(ClientAppActor pid=970975)[0m 
[36m(ClientAppActor pid=970975)[0m         
[36m(ClientAppActor pid=970972)[0m 
[36m(ClientAppActor pid=970972)[0m         
[36m(ClientAppActor pid=970973)[0m 
[36m(ClientAppActor pid=970973)[0m         
[92mINFO [0m:      aggregate_evaluate: received 5 results and 0 failures
[92mINFO [0m:      
[92mINFO [0m:      [ROUND 6]
[92mINFO [0m:      configure_fit: strategy sampled 5 clients (out of 5)
[36m(ClientAppActor pid=970973)[0m 
[36m(ClientAppActor pid=970973)[0m         
[36m(ClientAppActor pid=970975)[0m 
[36m(ClientAppActor pid=970975)[0m         
[36m(ClientAppActor pid=970971)[0m 
[36m(ClientAppActor pid=970971)[0m         
[36m(ClientAppActor pid=970972)[0m 
[36m(ClientAppActor pid=970972)[0m         
[36m(ClientAppActor pid=970974)[0m 
[36m(ClientAppActor pid=970974)[0m         
[92mINFO [0m:      aggregate_fit: received 5 results and 0 failures
[92mINFO [0m:      fit progress: (6, 1.6356124269485475, {'accuracy': 0.472, 'loss': 1.6356124269485475}, 135.67161929199938)
[92mINFO [0m:      configure_evaluate: strategy sampled 5 clients (out of 5)
[36m(ClientAppActor pid=970972)[0m 
[36m(ClientAppActor pid=970972)[0m         
[36m(ClientAppActor pid=970972)[0m [93mWARNING [0m:   DEPRECATED FEATURE: `client_fn` now expects a signature `def client_fn(context: Context)`.The provided `client_fn` has signature: {'cid': <Parameter "cid: str">}. You can import the `Context` like this: `from flwr.app import Context`[32m [repeated 10x across cluster][0m
[36m(ClientAppActor pid=970972)[0m             This is a deprecated feature. It will be removed[32m [repeated 10x across cluster][0m
[36m(ClientAppActor pid=970972)[0m             entirely in future versions of Flower.[32m [repeated 10x across cluster][0m
[36m(ClientAppActor pid=970971)[0m 
[36m(ClientAppActor pid=970971)[0m         
[36m(ClientAppActor pid=970975)[0m 
[36m(ClientAppActor pid=970975)[0m         
[36m(ClientAppActor pid=970973)[0m 
[36m(ClientAppActor pid=970973)[0m         
[36m(ClientAppActor pid=970974)[0m 
[36m(ClientAppActor pid=970974)[0m         
[92mINFO [0m:      aggregate_evaluate: received 5 results and 0 failures
[92mINFO [0m:      
[92mINFO [0m:      [ROUND 7]
[92mINFO [0m:      configure_fit: strategy sampled 5 clients (out of 5)
[36m(ClientAppActor pid=970973)[0m 
[36m(ClientAppActor pid=970973)[0m         
[36m(ClientAppActor pid=970974)[0m 
[36m(ClientAppActor pid=970974)[0m         
[36m(ClientAppActor pid=970975)[0m 
[36m(ClientAppActor pid=970975)[0m         
[36m(ClientAppActor pid=970971)[0m 
[36m(ClientAppActor pid=970971)[0m         
[36m(ClientAppActor pid=970972)[0m 
[36m(ClientAppActor pid=970972)[0m         
[92mINFO [0m:      aggregate_fit: received 5 results and 0 failures
[92mINFO [0m:      fit progress: (7, 1.6630102508544922, {'accuracy': 0.4791, 'loss': 1.6630102508544922}, 157.68213653104613)
[92mINFO [0m:      configure_evaluate: strategy sampled 5 clients (out of 5)
[36m(ClientAppActor pid=970975)[0m 
[36m(ClientAppActor pid=970975)[0m         
[36m(ClientAppActor pid=970975)[0m [93mWARNING [0m:   DEPRECATED FEATURE: `client_fn` now expects a signature `def client_fn(context: Context)`.The provided `client_fn` has signature: {'cid': <Parameter "cid: str">}. You can import the `Context` like this: `from flwr.app import Context`[32m [repeated 10x across cluster][0m
[36m(ClientAppActor pid=970975)[0m             This is a deprecated feature. It will be removed[32m [repeated 10x across cluster][0m
[36m(ClientAppActor pid=970975)[0m             entirely in future versions of Flower.[32m [repeated 10x across cluster][0m
[36m(ClientAppActor pid=970973)[0m 
[36m(ClientAppActor pid=970973)[0m         
[36m(ClientAppActor pid=970972)[0m 
[36m(ClientAppActor pid=970972)[0m         
[36m(ClientAppActor pid=970971)[0m 
[36m(ClientAppActor pid=970971)[0m         
[36m(ClientAppActor pid=970974)[0m 
[36m(ClientAppActor pid=970974)[0m         
[92mINFO [0m:      aggregate_evaluate: received 5 results and 0 failures
[92mINFO [0m:      
[92mINFO [0m:      [ROUND 8]
[92mINFO [0m:      configure_fit: strategy sampled 5 clients (out of 5)
[36m(ClientAppActor pid=970971)[0m 
[36m(ClientAppActor pid=970971)[0m         
[36m(ClientAppActor pid=970974)[0m 
[36m(ClientAppActor pid=970974)[0m         
[36m(ClientAppActor pid=970972)[0m 
[36m(ClientAppActor pid=970972)[0m         
[36m(ClientAppActor pid=970973)[0m 
[36m(ClientAppActor pid=970973)[0m         
[36m(ClientAppActor pid=970975)[0m 
[36m(ClientAppActor pid=970975)[0m         
[92mINFO [0m:      aggregate_fit: received 5 results and 0 failures
[92mINFO [0m:      fit progress: (8, 1.7274614643096924, {'accuracy': 0.4663, 'loss': 1.7274614643096924}, 179.69684606499504)
[92mINFO [0m:      configure_evaluate: strategy sampled 5 clients (out of 5)
[36m(ClientAppActor pid=970972)[0m 
[36m(ClientAppActor pid=970972)[0m         
[36m(ClientAppActor pid=970972)[0m [93mWARNING [0m:   DEPRECATED FEATURE: `client_fn` now expects a signature `def client_fn(context: Context)`.The provided `client_fn` has signature: {'cid': <Parameter "cid: str">}. You can import the `Context` like this: `from flwr.app import Context`[32m [repeated 10x across cluster][0m
[36m(ClientAppActor pid=970972)[0m             This is a deprecated feature. It will be removed[32m [repeated 10x across cluster][0m
[36m(ClientAppActor pid=970972)[0m             entirely in future versions of Flower.[32m [repeated 10x across cluster][0m
[36m(ClientAppActor pid=970973)[0m 
[36m(ClientAppActor pid=970973)[0m         
[36m(ClientAppActor pid=970971)[0m 
[36m(ClientAppActor pid=970971)[0m         
[36m(ClientAppActor pid=970974)[0m 
[36m(ClientAppActor pid=970974)[0m         
[36m(ClientAppActor pid=970975)[0m 
[36m(ClientAppActor pid=970975)[0m         
[92mINFO [0m:      aggregate_evaluate: received 5 results and 0 failures
[92mINFO [0m:      
[92mINFO [0m:      [ROUND 9]
[92mINFO [0m:      configure_fit: strategy sampled 5 clients (out of 5)
[36m(ClientAppActor pid=970975)[0m 
[36m(ClientAppActor pid=970975)[0m         
[36m(ClientAppActor pid=970971)[0m 
[36m(ClientAppActor pid=970971)[0m         
[36m(ClientAppActor pid=970974)[0m 
[36m(ClientAppActor pid=970974)[0m         
[36m(ClientAppActor pid=970973)[0m 
[36m(ClientAppActor pid=970973)[0m         
[36m(ClientAppActor pid=970972)[0m 
[36m(ClientAppActor pid=970972)[0m         
[92mINFO [0m:      aggregate_fit: received 5 results and 0 failures
[92mINFO [0m:      fit progress: (9, 1.5288144281387328, {'accuracy': 0.4993, 'loss': 1.5288144281387328}, 201.73815275199013)
[92mINFO [0m:      configure_evaluate: strategy sampled 5 clients (out of 5)
[36m(ClientAppActor pid=970973)[0m 
[36m(ClientAppActor pid=970973)[0m         
[36m(ClientAppActor pid=970973)[0m [93mWARNING [0m:   DEPRECATED FEATURE: `client_fn` now expects a signature `def client_fn(context: Context)`.The provided `client_fn` has signature: {'cid': <Parameter "cid: str">}. You can import the `Context` like this: `from flwr.app import Context`[32m [repeated 10x across cluster][0m
[36m(ClientAppActor pid=970973)[0m             This is a deprecated feature. It will be removed[32m [repeated 10x across cluster][0m
[36m(ClientAppActor pid=970973)[0m             entirely in future versions of Flower.[32m [repeated 10x across cluster][0m
[36m(ClientAppActor pid=970972)[0m 
[36m(ClientAppActor pid=970972)[0m         
[36m(ClientAppActor pid=970971)[0m 
[36m(ClientAppActor pid=970971)[0m         
[36m(ClientAppActor pid=970974)[0m 
[36m(ClientAppActor pid=970974)[0m         
[36m(ClientAppActor pid=970975)[0m 
[36m(ClientAppActor pid=970975)[0m         
[92mINFO [0m:      aggregate_evaluate: received 5 results and 0 failures
[92mINFO [0m:      
[92mINFO [0m:      [ROUND 10]
[92mINFO [0m:      configure_fit: strategy sampled 5 clients (out of 5)
[36m(ClientAppActor pid=970975)[0m 
[36m(ClientAppActor pid=970975)[0m         
[36m(ClientAppActor pid=970974)[0m 
[36m(ClientAppActor pid=970974)[0m         
[36m(ClientAppActor pid=970971)[0m 
[36m(ClientAppActor pid=970971)[0m         
[36m(ClientAppActor pid=970972)[0m 
[36m(ClientAppActor pid=970972)[0m         
[36m(ClientAppActor pid=970973)[0m 
[36m(ClientAppActor pid=970973)[0m         
[92mINFO [0m:      aggregate_fit: received 5 results and 0 failures
[92mINFO [0m:      fit progress: (10, 1.4712004304885864, {'accuracy': 0.5104, 'loss': 1.4712004304885864}, 223.65204262902262)
[92mINFO [0m:      configure_evaluate: strategy sampled 5 clients (out of 5)
[36m(ClientAppActor pid=970975)[0m 
[36m(ClientAppActor pid=970975)[0m         
[36m(ClientAppActor pid=970975)[0m [93mWARNING [0m:   DEPRECATED FEATURE: `client_fn` now expects a signature `def client_fn(context: Context)`.The provided `client_fn` has signature: {'cid': <Parameter "cid: str">}. You can import the `Context` like this: `from flwr.app import Context`[32m [repeated 10x across cluster][0m
[36m(ClientAppActor pid=970975)[0m             This is a deprecated feature. It will be removed[32m [repeated 10x across cluster][0m
[36m(ClientAppActor pid=970975)[0m             entirely in future versions of Flower.[32m [repeated 10x across cluster][0m
[36m(ClientAppActor pid=970971)[0m 
[36m(ClientAppActor pid=970971)[0m         
[36m(ClientAppActor pid=970974)[0m 
[36m(ClientAppActor pid=970974)[0m         
[36m(ClientAppActor pid=970972)[0m 
[36m(ClientAppActor pid=970972)[0m         
[36m(ClientAppActor pid=970973)[0m 
[36m(ClientAppActor pid=970973)[0m         
[92mINFO [0m:      aggregate_evaluate: received 5 results and 0 failures
[92mINFO [0m:      
[92mINFO [0m:      [SUMMARY]
[92mINFO [0m:      Run finished 10 round(s) in 224.49s
[92mINFO [0m:      	History (loss, distributed):
[92mINFO [0m:      		round 1: 2.2741267244251615
[92mINFO [0m:      		round 2: 2.087096679875984
[92mINFO [0m:      		round 3: 1.9760974731343248
[92mINFO [0m:      		round 4: 1.7265606292440168
[92mINFO [0m:      		round 5: 1.5978957325559922
[92mINFO [0m:      		round 6: 1.6327693263014023
[92mINFO [0m:      		round 7: 1.6529659884146248
[92mINFO [0m:      		round 8: 1.7226603326498926
[92mINFO [0m:      		round 9: 1.527416614836086
[92mINFO [0m:      		round 10: 1.4663190834997748
[92mINFO [0m:      	History (loss, centralized):
[92mINFO [0m:      		round 0: 2.3035603675842284
[92mINFO [0m:      		round 1: 2.2748090965270995
[92mINFO [0m:      		round 2: 2.090570623397827
[92mINFO [0m:      		round 3: 1.986595690536499
[92mINFO [0m:      		round 4: 1.7393194255828857
[92mINFO [0m:      		round 5: 1.6081180938720703
[92mINFO [0m:      		round 6: 1.6356124269485475
[92mINFO [0m:      		round 7: 1.6630102508544922
[92mINFO [0m:      		round 8: 1.7274614643096924
[92mINFO [0m:      		round 9: 1.5288144281387328
[92mINFO [0m:      		round 10: 1.4712004304885864
[92mINFO [0m:      	History (metrics, distributed, fit):
[92mINFO [0m:      	{'avg_flops_per_client_round': [(1, 8140443294720.0),
[92mINFO [0m:      	                                (2, 8140443294720.0),
[92mINFO [0m:      	                                (3, 8140443294720.0),
[92mINFO [0m:      	                                (4, 8140443294720.0),
[92mINFO [0m:      	                                (5, 8140443294720.0),
[92mINFO [0m:      	                                (6, 8140443294720.0),
[92mINFO [0m:      	                                (7, 8140443294720.0),
[92mINFO [0m:      	                                (8, 8140443294720.0),
[92mINFO [0m:      	                                (9, 8140443294720.0),
[92mINFO [0m:      	                                (10, 8140443294720.0)],
[92mINFO [0m:      	 'total_flops_round': [(1, 40702216473600),
[92mINFO [0m:      	                       (2, 40702216473600),
[92mINFO [0m:      	                       (3, 40702216473600),
[92mINFO [0m:      	                       (4, 40702216473600),
[92mINFO [0m:      	                       (5, 40702216473600),
[92mINFO [0m:      	                       (6, 40702216473600),
[92mINFO [0m:      	                       (7, 40702216473600),
[92mINFO [0m:      	                       (8, 40702216473600),
[92mINFO [0m:      	                       (9, 40702216473600),
[92mINFO [0m:      	                       (10, 40702216473600)]}
[92mINFO [0m:      	History (metrics, distributed, evaluate):
[92mINFO [0m:      	{'accuracy': [(1, 0.15003000600120023),
[92mINFO [0m:      	              (2, 0.269253850770154),
[92mINFO [0m:      	              (3, 0.32766553310662133),
[92mINFO [0m:      	              (4, 0.41828365673134627),
[92mINFO [0m:      	              (5, 0.47109421884376873),
[92mINFO [0m:      	              (6, 0.47109421884376873),
[92mINFO [0m:      	              (7, 0.4766953390678136),
[92mINFO [0m:      	              (8, 0.46589317863572716),
[92mINFO [0m:      	              (9, 0.5009001800360072),
[92mINFO [0m:      	              (10, 0.5185037007401481)],
[92mINFO [0m:      	 'loss': [(1, 2.2741267244251615),
[92mINFO [0m:      	          (2, 2.087096679875984),
[92mINFO [0m:      	          (3, 1.9760974731343248),
[92mINFO [0m:      	          (4, 1.7265606292440168),
[92mINFO [0m:      	          (5, 1.5978957325559922),
[92mINFO [0m:      	          (6, 1.6327693263014023),
[92mINFO [0m:      	          (7, 1.6529659884146248),
[92mINFO [0m:      	          (8, 1.7226603326498926),
[92mINFO [0m:      	          (9, 1.527416614836086),
[92mINFO [0m:      	          (10, 1.4663190834997748)]}
[92mINFO [0m:      	History (metrics, centralized):
[92mINFO [0m:      	{'accuracy': [(0, 0.1),
[92mINFO [0m:      	              (1, 0.1482),
[92mINFO [0m:      	              (2, 0.267),
[92mINFO [0m:      	              (3, 0.3228),
[92mINFO [0m:      	              (4, 0.4184),
[92mINFO [0m:      	              (5, 0.4662),
[92mINFO [0m:      	              (6, 0.472),
[92mINFO [0m:      	              (7, 0.4791),
[92mINFO [0m:      	              (8, 0.4663),
[92mINFO [0m:      	              (9, 0.4993),
[92mINFO [0m:      	              (10, 0.5104)],
[92mINFO [0m:      	 'loss': [(0, 2.3035603675842284),
[92mINFO [0m:      	          (1, 2.2748090965270995),
[92mINFO [0m:      	          (2, 2.090570623397827),
[92mINFO [0m:      	          (3, 1.986595690536499),
[92mINFO [0m:      	          (4, 1.7393194255828857),
[92mINFO [0m:      	          (5, 1.6081180938720703),
[92mINFO [0m:      	          (6, 1.6356124269485475),
[92mINFO [0m:      	          (7, 1.6630102508544922),
[92mINFO [0m:      	          (8, 1.7274614643096924),
[92mINFO [0m:      	          (9, 1.5288144281387328),
[92mINFO [0m:      	          (10, 1.4712004304885864)]}
[92mINFO [0m:      
Treinando no dispositivo: cuda:0 com o dataset: CIFAR10 | Setup clientes: 5 (num_gpus por cliente=0.2) | SEED=51 | Método: FedProx (mu=0.01)
FLOPS por amostra (forward): 6.030e+07 | (forward+backward, 3x): 1.809e+08
Files already downloaded and verified
Files already downloaded and verified
Dividindo o dataset usando a distribuição de Dirichlet com alpha=0.01.
Aviso: Cliente 2 não tinha amostras. Moveu uma amostra do cliente 0.
Aviso: Cliente 2 tem apenas 1 amostra(s), que serão usadas para validação.
Iniciando a simulação de Aprendizado Federado...
=== Diagnóstico de Medição de GPU ===
  pynvml_disponivel: True
  pynvml_versao: 580.173.02
  gpus_detectadas: 1
  leitura_potencia_ok: True
  potencia_atual_W: 113.301

--- Rodada 0 - Avaliação Centralizada (Servidor) ---
Loss (Servidor): 2.3036 | Acurácia (Servidor): 0.1000

--- Rodada 1 - Avaliação Centralizada (Servidor) ---
Loss (Servidor): 2.2748 | Acurácia (Servidor): 0.1482
--- Avaliação Agregada (Clientes) ---
Loss Média (Clientes): 2.2741 | Acurácia Média (Clientes): 0.1500

--- Rodada 2 - Avaliação Centralizada (Servidor) ---
Loss (Servidor): 2.0906 | Acurácia (Servidor): 0.2670
--- Avaliação Agregada (Clientes) ---
Loss Média (Clientes): 2.0871 | Acurácia Média (Clientes): 0.2693

--- Rodada 3 - Avaliação Centralizada (Servidor) ---
Loss (Servidor): 1.9866 | Acurácia (Servidor): 0.3228
--- Avaliação Agregada (Clientes) ---
Loss Média (Clientes): 1.9761 | Acurácia Média (Clientes): 0.3277

--- Rodada 4 - Avaliação Centralizada (Servidor) ---
Loss (Servidor): 1.7393 | Acurácia (Servidor): 0.4184
--- Avaliação Agregada (Clientes) ---
Loss Média (Clientes): 1.7266 | Acurácia Média (Clientes): 0.4183

--- Rodada 5 - Avaliação Centralizada (Servidor) ---
Loss (Servidor): 1.6081 | Acurácia (Servidor): 0.4662
--- Avaliação Agregada (Clientes) ---
Loss Média (Clientes): 1.5979 | Acurácia Média (Clientes): 0.4711

--- Rodada 6 - Avaliação Centralizada (Servidor) ---
Loss (Servidor): 1.6356 | Acurácia (Servidor): 0.4720
--- Avaliação Agregada (Clientes) ---
Loss Média (Clientes): 1.6328 | Acurácia Média (Clientes): 0.4711

--- Rodada 7 - Avaliação Centralizada (Servidor) ---
Loss (Servidor): 1.6630 | Acurácia (Servidor): 0.4791
--- Avaliação Agregada (Clientes) ---
Loss Média (Clientes): 1.6530 | Acurácia Média (Clientes): 0.4767

--- Rodada 8 - Avaliação Centralizada (Servidor) ---
Loss (Servidor): 1.7275 | Acurácia (Servidor): 0.4663
--- Avaliação Agregada (Clientes) ---
Loss Média (Clientes): 1.7227 | Acurácia Média (Clientes): 0.4659

--- Rodada 9 - Avaliação Centralizada (Servidor) ---
Loss (Servidor): 1.5288 | Acurácia (Servidor): 0.4993
--- Avaliação Agregada (Clientes) ---
Loss Média (Clientes): 1.5274 | Acurácia Média (Clientes): 0.5009

--- Rodada 10 - Avaliação Centralizada (Servidor) ---
Loss (Servidor): 1.4712 | Acurácia (Servidor): 0.5104
--- Avaliação Agregada (Clientes) ---
Loss Média (Clientes): 1.4663 | Acurácia Média (Clientes): 0.5185

Resultados salvos em: /home/tiago/GitHubProjects/fedhad-thesis-2/FedProx-results/1.1_diagnostico_drift/CIFAR10/FedProx__CIFAR10__Setup-5__Clients-5__Rounds-10__Delay-0_05__Alpha-0_01__Seed-51.txt
[36m(ClientAppActor pid=970973)[0m [93mWARNING [0m:   DEPRECATED FEATURE: `client_fn` now expects a signature `def client_fn(context: Context)`.The provided `client_fn` has signature: {'cid': <Parameter "cid: str">}. You can import the `Context` like this: `from flwr.app import Context`[32m [repeated 4x across cluster][0m
[36m(ClientAppActor pid=970973)[0m             This is a deprecated feature. It will be removed[32m [repeated 4x across cluster][0m
[36m(ClientAppActor pid=970973)[0m             entirely in future versions of Flower.[32m [repeated 4x across cluster][0m
