[codecarbon WARNING @ 14:27:39] Multiple instances of codecarbon are allowed to run at the same time.
[93mWARNING [0m:   DEPRECATED FEATURE: flwr.simulation.start_simulation() is deprecated.
	Instead, use the `flwr run` CLI command to start a local simulation in your Flower app, as shown for example below:

		$ flwr new  # Create a new Flower app from a template

		$ flwr run  # Run the Flower app in Simulation Mode

	Using `start_simulation()` is deprecated.

            This is a deprecated feature. It will be removed
            entirely in future versions of Flower.
        
[92mINFO [0m:      Starting Flower simulation, config: num_rounds=10, no round_timeout
2026-09-04 14:27:47,378	INFO worker.py:2012 -- Started a local Ray instance.
/home/tiago/GitHubProjects/fedhad-thesis-2/env_flwr_pt/lib/python3.12/site-packages/ray/_private/worker.py:2051: FutureWarning: Tip: In future versions of Ray, Ray will no longer override accelerator visible devices env var if num_gpus=0 or num_gpus=None (default). To enable this behavior and turn off this error message, set RAY_ACCEL_ENV_VAR_OVERRIDE_ON_ZERO=0
  warnings.warn(
[92mINFO [0m:      Flower VCE: Ray initialized with resources: {'object_store_memory': 77627077017.0, 'GPU': 1.0, 'accelerator_type:A40': 1.0, 'memory': 181129846375.0, 'CPU': 64.0, 'node:10.129.64.100': 1.0, 'node:__internal_head__': 1.0}
[92mINFO [0m:      Optimize your simulation with Flower VCE: https://flower.ai/docs/framework/how-to-run-simulations.html
/home/tiago/GitHubProjects/fedhad-thesis-2/FedProx_Final.py:1601: UserWarning: No `num_cpus` specified in `client_resources`. Using `num_cpus=1` for each client.
  history = fl.simulation.start_simulation(
[92mINFO [0m:      Flower VCE: Resources for each Virtual Client: {'num_gpus': 0.2, 'num_cpus': 1}
[92mINFO [0m:      Flower VCE: Creating VirtualClientEngineActorPool with 5 actors
[92mINFO [0m:      [INIT]
[92mINFO [0m:      Requesting initial parameters from one random client
[36m(ClientAppActor pid=738841)[0m [93mWARNING [0m:   DEPRECATED FEATURE: `client_fn` now expects a signature `def client_fn(context: Context)`.The provided `client_fn` has signature: {'cid': <Parameter "cid: str">}. You can import the `Context` like this: `from flwr.app import Context`
[36m(ClientAppActor pid=738841)[0m 
[36m(ClientAppActor pid=738841)[0m             This is a deprecated feature. It will be removed
[36m(ClientAppActor pid=738841)[0m             entirely in future versions of Flower.
[36m(ClientAppActor pid=738841)[0m         
[92mINFO [0m:      Received initial parameters from one random client
[92mINFO [0m:      Starting evaluation of initial global parameters
[92mINFO [0m:      initial parameters (loss, other metrics): 2.303096061706543, {'accuracy': 0.1, 'loss': 2.303096061706543}
[92mINFO [0m:      
[92mINFO [0m:      [ROUND 1]
[92mINFO [0m:      configure_fit: strategy sampled 5 clients (out of 5)
[36m(ClientAppActor pid=738841)[0m [93mWARNING [0m:   DEPRECATED FEATURE: `client_fn` now expects a signature `def client_fn(context: Context)`.The provided `client_fn` has signature: {'cid': <Parameter "cid: str">}. You can import the `Context` like this: `from flwr.app import Context`
[36m(ClientAppActor pid=738841)[0m 
[36m(ClientAppActor pid=738841)[0m             This is a deprecated feature. It will be removed
[36m(ClientAppActor pid=738841)[0m             entirely in future versions of Flower.
[36m(ClientAppActor pid=738841)[0m         
[36m(ClientAppActor pid=738838)[0m 
[36m(ClientAppActor pid=738838)[0m         
[36m(ClientAppActor pid=738840)[0m 
[36m(ClientAppActor pid=738840)[0m         
[36m(ClientAppActor pid=738837)[0m 
[36m(ClientAppActor pid=738837)[0m         
[36m(ClientAppActor pid=738839)[0m 
[36m(ClientAppActor pid=738839)[0m         
[92mINFO [0m:      aggregate_fit: received 5 results and 0 failures
[92mINFO [0m:      fit progress: (1, 2.290070893859863, {'accuracy': 0.1, 'loss': 2.290070893859863}, 21.811698092031293)
[92mINFO [0m:      configure_evaluate: strategy sampled 5 clients (out of 5)
[36m(ClientAppActor pid=738840)[0m 
[36m(ClientAppActor pid=738840)[0m         
[36m(ClientAppActor pid=738840)[0m [93mWARNING [0m:   DEPRECATED FEATURE: `client_fn` now expects a signature `def client_fn(context: Context)`.The provided `client_fn` has signature: {'cid': <Parameter "cid: str">}. You can import the `Context` like this: `from flwr.app import Context`[32m [repeated 5x across cluster] (Ray deduplicates logs by default. Set RAY_DEDUP_LOGS=0 to disable log deduplication, or see https://docs.ray.io/en/master/ray-observability/user-guides/configure-logging.html#log-deduplication for more options.)[0m
[36m(ClientAppActor pid=738840)[0m             This is a deprecated feature. It will be removed[32m [repeated 5x across cluster][0m
[36m(ClientAppActor pid=738840)[0m             entirely in future versions of Flower.[32m [repeated 5x across cluster][0m
[36m(ClientAppActor pid=738837)[0m 
[36m(ClientAppActor pid=738837)[0m         
[36m(ClientAppActor pid=738839)[0m 
[36m(ClientAppActor pid=738839)[0m         
[36m(ClientAppActor pid=738838)[0m 
[36m(ClientAppActor pid=738838)[0m         
[36m(ClientAppActor pid=738841)[0m 
[36m(ClientAppActor pid=738841)[0m         
[92mINFO [0m:      aggregate_evaluate: received 5 results and 0 failures
[92mINFO [0m:      
[92mINFO [0m:      [ROUND 2]
[92mINFO [0m:      configure_fit: strategy sampled 5 clients (out of 5)
[36m(ClientAppActor pid=738841)[0m 
[36m(ClientAppActor pid=738841)[0m         
[36m(ClientAppActor pid=738838)[0m 
[36m(ClientAppActor pid=738838)[0m         
[36m(ClientAppActor pid=738837)[0m 
[36m(ClientAppActor pid=738837)[0m         
[36m(ClientAppActor pid=738839)[0m 
[36m(ClientAppActor pid=738839)[0m         
[36m(ClientAppActor pid=738840)[0m 
[36m(ClientAppActor pid=738840)[0m         
[92mINFO [0m:      aggregate_fit: received 5 results and 0 failures
[92mINFO [0m:      fit progress: (2, 1.2694356815338135, {'accuracy': 0.6217, 'loss': 1.2694356815338135}, 43.61994740500813)
[92mINFO [0m:      configure_evaluate: strategy sampled 5 clients (out of 5)
[36m(ClientAppActor pid=738840)[0m 
[36m(ClientAppActor pid=738840)[0m         
[36m(ClientAppActor pid=738840)[0m [93mWARNING [0m:   DEPRECATED FEATURE: `client_fn` now expects a signature `def client_fn(context: Context)`.The provided `client_fn` has signature: {'cid': <Parameter "cid: str">}. You can import the `Context` like this: `from flwr.app import Context`[32m [repeated 10x across cluster][0m
[36m(ClientAppActor pid=738840)[0m             This is a deprecated feature. It will be removed[32m [repeated 10x across cluster][0m
[36m(ClientAppActor pid=738840)[0m             entirely in future versions of Flower.[32m [repeated 10x across cluster][0m
[36m(ClientAppActor pid=738839)[0m 
[36m(ClientAppActor pid=738839)[0m         
[36m(ClientAppActor pid=738841)[0m 
[36m(ClientAppActor pid=738841)[0m         
[36m(ClientAppActor pid=738837)[0m 
[36m(ClientAppActor pid=738837)[0m         
[36m(ClientAppActor pid=738838)[0m 
[36m(ClientAppActor pid=738838)[0m         
[92mINFO [0m:      aggregate_evaluate: received 5 results and 0 failures
[92mINFO [0m:      
[92mINFO [0m:      [ROUND 3]
[92mINFO [0m:      configure_fit: strategy sampled 5 clients (out of 5)
[36m(ClientAppActor pid=738838)[0m 
[36m(ClientAppActor pid=738838)[0m         
[36m(ClientAppActor pid=738837)[0m 
[36m(ClientAppActor pid=738837)[0m         
[36m(ClientAppActor pid=738841)[0m 
[36m(ClientAppActor pid=738841)[0m         
[36m(ClientAppActor pid=738839)[0m 
[36m(ClientAppActor pid=738839)[0m         
[36m(ClientAppActor pid=738840)[0m 
[36m(ClientAppActor pid=738840)[0m         
[92mINFO [0m:      aggregate_fit: received 5 results and 0 failures
[92mINFO [0m:      fit progress: (3, 0.8109416821479797, {'accuracy': 0.7216, 'loss': 0.8109416821479797}, 64.99168329598615)
[92mINFO [0m:      configure_evaluate: strategy sampled 5 clients (out of 5)
[36m(ClientAppActor pid=738841)[0m 
[36m(ClientAppActor pid=738841)[0m         
[36m(ClientAppActor pid=738841)[0m [93mWARNING [0m:   DEPRECATED FEATURE: `client_fn` now expects a signature `def client_fn(context: Context)`.The provided `client_fn` has signature: {'cid': <Parameter "cid: str">}. You can import the `Context` like this: `from flwr.app import Context`[32m [repeated 10x across cluster][0m
[36m(ClientAppActor pid=738841)[0m             This is a deprecated feature. It will be removed[32m [repeated 10x across cluster][0m
[36m(ClientAppActor pid=738841)[0m             entirely in future versions of Flower.[32m [repeated 10x across cluster][0m
[36m(ClientAppActor pid=738840)[0m 
[36m(ClientAppActor pid=738840)[0m         
[36m(ClientAppActor pid=738838)[0m 
[36m(ClientAppActor pid=738838)[0m         
[36m(ClientAppActor pid=738839)[0m 
[36m(ClientAppActor pid=738839)[0m         
[36m(ClientAppActor pid=738837)[0m 
[36m(ClientAppActor pid=738837)[0m         
[92mINFO [0m:      aggregate_evaluate: received 5 results and 0 failures
[92mINFO [0m:      
[92mINFO [0m:      [ROUND 4]
[92mINFO [0m:      configure_fit: strategy sampled 5 clients (out of 5)
[36m(ClientAppActor pid=738837)[0m 
[36m(ClientAppActor pid=738837)[0m         
[36m(ClientAppActor pid=738839)[0m 
[36m(ClientAppActor pid=738839)[0m         
[36m(ClientAppActor pid=738838)[0m 
[36m(ClientAppActor pid=738838)[0m         
[36m(ClientAppActor pid=738840)[0m 
[36m(ClientAppActor pid=738840)[0m         
[36m(ClientAppActor pid=738841)[0m 
[36m(ClientAppActor pid=738841)[0m         
[92mINFO [0m:      aggregate_fit: received 5 results and 0 failures
[92mINFO [0m:      fit progress: (4, 0.6992632897377015, {'accuracy': 0.7644, 'loss': 0.6992632897377015}, 85.7717770570307)
[92mINFO [0m:      configure_evaluate: strategy sampled 5 clients (out of 5)
[36m(ClientAppActor pid=738837)[0m 
[36m(ClientAppActor pid=738837)[0m         
[36m(ClientAppActor pid=738837)[0m [93mWARNING [0m:   DEPRECATED FEATURE: `client_fn` now expects a signature `def client_fn(context: Context)`.The provided `client_fn` has signature: {'cid': <Parameter "cid: str">}. You can import the `Context` like this: `from flwr.app import Context`[32m [repeated 10x across cluster][0m
[36m(ClientAppActor pid=738837)[0m             This is a deprecated feature. It will be removed[32m [repeated 10x across cluster][0m
[36m(ClientAppActor pid=738837)[0m             entirely in future versions of Flower.[32m [repeated 10x across cluster][0m
[36m(ClientAppActor pid=738841)[0m 
[36m(ClientAppActor pid=738841)[0m         
[36m(ClientAppActor pid=738839)[0m 
[36m(ClientAppActor pid=738839)[0m         
[36m(ClientAppActor pid=738840)[0m 
[36m(ClientAppActor pid=738840)[0m         
[36m(ClientAppActor pid=738838)[0m 
[36m(ClientAppActor pid=738838)[0m         
[92mINFO [0m:      aggregate_evaluate: received 5 results and 0 failures
[92mINFO [0m:      
[92mINFO [0m:      [ROUND 5]
[92mINFO [0m:      configure_fit: strategy sampled 5 clients (out of 5)
[36m(ClientAppActor pid=738838)[0m 
[36m(ClientAppActor pid=738838)[0m         
[36m(ClientAppActor pid=738840)[0m 
[36m(ClientAppActor pid=738840)[0m         
[36m(ClientAppActor pid=738841)[0m 
[36m(ClientAppActor pid=738841)[0m         
[36m(ClientAppActor pid=738839)[0m 
[36m(ClientAppActor pid=738839)[0m         
[36m(ClientAppActor pid=738837)[0m 
[36m(ClientAppActor pid=738837)[0m         
[92mINFO [0m:      aggregate_fit: received 5 results and 0 failures
[92mINFO [0m:      fit progress: (5, 0.6321705013751984, {'accuracy': 0.7848, 'loss': 0.6321705013751984}, 106.25941392901586)
[92mINFO [0m:      configure_evaluate: strategy sampled 5 clients (out of 5)
[36m(ClientAppActor pid=738838)[0m 
[36m(ClientAppActor pid=738838)[0m         
[36m(ClientAppActor pid=738838)[0m [93mWARNING [0m:   DEPRECATED FEATURE: `client_fn` now expects a signature `def client_fn(context: Context)`.The provided `client_fn` has signature: {'cid': <Parameter "cid: str">}. You can import the `Context` like this: `from flwr.app import Context`[32m [repeated 10x across cluster][0m
[36m(ClientAppActor pid=738838)[0m             This is a deprecated feature. It will be removed[32m [repeated 10x across cluster][0m
[36m(ClientAppActor pid=738838)[0m             entirely in future versions of Flower.[32m [repeated 10x across cluster][0m
[36m(ClientAppActor pid=738837)[0m 
[36m(ClientAppActor pid=738837)[0m         
[36m(ClientAppActor pid=738839)[0m 
[36m(ClientAppActor pid=738839)[0m         
[36m(ClientAppActor pid=738841)[0m 
[36m(ClientAppActor pid=738841)[0m         
[36m(ClientAppActor pid=738840)[0m 
[36m(ClientAppActor pid=738840)[0m         
[92mINFO [0m:      aggregate_evaluate: received 5 results and 0 failures
[92mINFO [0m:      
[92mINFO [0m:      [ROUND 6]
[92mINFO [0m:      configure_fit: strategy sampled 5 clients (out of 5)
[36m(ClientAppActor pid=738840)[0m 
[36m(ClientAppActor pid=738840)[0m         
[36m(ClientAppActor pid=738841)[0m 
[36m(ClientAppActor pid=738841)[0m         
[36m(ClientAppActor pid=738837)[0m 
[36m(ClientAppActor pid=738837)[0m         
[36m(ClientAppActor pid=738839)[0m 
[36m(ClientAppActor pid=738839)[0m         
[36m(ClientAppActor pid=738838)[0m 
[36m(ClientAppActor pid=738838)[0m         
[92mINFO [0m:      aggregate_fit: received 5 results and 0 failures
[92mINFO [0m:      fit progress: (6, 0.6109936632633209, {'accuracy': 0.7988, 'loss': 0.6109936632633209}, 127.79196134401718)
[92mINFO [0m:      configure_evaluate: strategy sampled 5 clients (out of 5)
[36m(ClientAppActor pid=738839)[0m 
[36m(ClientAppActor pid=738839)[0m         
[36m(ClientAppActor pid=738839)[0m [93mWARNING [0m:   DEPRECATED FEATURE: `client_fn` now expects a signature `def client_fn(context: Context)`.The provided `client_fn` has signature: {'cid': <Parameter "cid: str">}. You can import the `Context` like this: `from flwr.app import Context`[32m [repeated 10x across cluster][0m
[36m(ClientAppActor pid=738839)[0m             This is a deprecated feature. It will be removed[32m [repeated 10x across cluster][0m
[36m(ClientAppActor pid=738839)[0m             entirely in future versions of Flower.[32m [repeated 10x across cluster][0m
[36m(ClientAppActor pid=738838)[0m 
[36m(ClientAppActor pid=738838)[0m         
[36m(ClientAppActor pid=738840)[0m 
[36m(ClientAppActor pid=738840)[0m         
[36m(ClientAppActor pid=738837)[0m 
[36m(ClientAppActor pid=738837)[0m         
[36m(ClientAppActor pid=738841)[0m 
[36m(ClientAppActor pid=738841)[0m         
[92mINFO [0m:      aggregate_evaluate: received 5 results and 0 failures
[92mINFO [0m:      
[92mINFO [0m:      [ROUND 7]
[92mINFO [0m:      configure_fit: strategy sampled 5 clients (out of 5)
[36m(ClientAppActor pid=738841)[0m 
[36m(ClientAppActor pid=738841)[0m         
[36m(ClientAppActor pid=738837)[0m 
[36m(ClientAppActor pid=738837)[0m         
[36m(ClientAppActor pid=738840)[0m 
[36m(ClientAppActor pid=738840)[0m         
[36m(ClientAppActor pid=738838)[0m 
[36m(ClientAppActor pid=738838)[0m         
[36m(ClientAppActor pid=738839)[0m 
[36m(ClientAppActor pid=738839)[0m         
[92mINFO [0m:      aggregate_fit: received 5 results and 0 failures
[92mINFO [0m:      fit progress: (7, 0.5787354314804077, {'accuracy': 0.8124, 'loss': 0.5787354314804077}, 148.89977713202825)
[92mINFO [0m:      configure_evaluate: strategy sampled 5 clients (out of 5)
[36m(ClientAppActor pid=738840)[0m 
[36m(ClientAppActor pid=738840)[0m         
[36m(ClientAppActor pid=738840)[0m [93mWARNING [0m:   DEPRECATED FEATURE: `client_fn` now expects a signature `def client_fn(context: Context)`.The provided `client_fn` has signature: {'cid': <Parameter "cid: str">}. You can import the `Context` like this: `from flwr.app import Context`[32m [repeated 10x across cluster][0m
[36m(ClientAppActor pid=738840)[0m             This is a deprecated feature. It will be removed[32m [repeated 10x across cluster][0m
[36m(ClientAppActor pid=738840)[0m             entirely in future versions of Flower.[32m [repeated 10x across cluster][0m
[36m(ClientAppActor pid=738837)[0m 
[36m(ClientAppActor pid=738837)[0m         
[36m(ClientAppActor pid=738839)[0m 
[36m(ClientAppActor pid=738839)[0m         
[36m(ClientAppActor pid=738838)[0m 
[36m(ClientAppActor pid=738838)[0m         
[36m(ClientAppActor pid=738841)[0m 
[36m(ClientAppActor pid=738841)[0m         
[92mINFO [0m:      aggregate_evaluate: received 5 results and 0 failures
[92mINFO [0m:      
[92mINFO [0m:      [ROUND 8]
[92mINFO [0m:      configure_fit: strategy sampled 5 clients (out of 5)
[36m(ClientAppActor pid=738841)[0m 
[36m(ClientAppActor pid=738841)[0m         
[36m(ClientAppActor pid=738838)[0m 
[36m(ClientAppActor pid=738838)[0m         
[36m(ClientAppActor pid=738839)[0m 
[36m(ClientAppActor pid=738839)[0m         
[36m(ClientAppActor pid=738837)[0m 
[36m(ClientAppActor pid=738837)[0m         
[36m(ClientAppActor pid=738840)[0m 
[36m(ClientAppActor pid=738840)[0m         
[92mINFO [0m:      aggregate_fit: received 5 results and 0 failures
[92mINFO [0m:      fit progress: (8, 0.6048390720605851, {'accuracy': 0.8116, 'loss': 0.6048390720605851}, 169.9223346390063)
[92mINFO [0m:      configure_evaluate: strategy sampled 5 clients (out of 5)
[36m(ClientAppActor pid=738841)[0m 
[36m(ClientAppActor pid=738841)[0m         
[36m(ClientAppActor pid=738841)[0m [93mWARNING [0m:   DEPRECATED FEATURE: `client_fn` now expects a signature `def client_fn(context: Context)`.The provided `client_fn` has signature: {'cid': <Parameter "cid: str">}. You can import the `Context` like this: `from flwr.app import Context`[32m [repeated 10x across cluster][0m
[36m(ClientAppActor pid=738841)[0m             This is a deprecated feature. It will be removed[32m [repeated 10x across cluster][0m
[36m(ClientAppActor pid=738841)[0m             entirely in future versions of Flower.[32m [repeated 10x across cluster][0m
[36m(ClientAppActor pid=738840)[0m 
[36m(ClientAppActor pid=738840)[0m         
[36m(ClientAppActor pid=738838)[0m 
[36m(ClientAppActor pid=738838)[0m         
[36m(ClientAppActor pid=738837)[0m 
[36m(ClientAppActor pid=738837)[0m         
[36m(ClientAppActor pid=738839)[0m 
[36m(ClientAppActor pid=738839)[0m         
[92mINFO [0m:      aggregate_evaluate: received 5 results and 0 failures
[92mINFO [0m:      
[92mINFO [0m:      [ROUND 9]
[92mINFO [0m:      configure_fit: strategy sampled 5 clients (out of 5)
[36m(ClientAppActor pid=738839)[0m 
[36m(ClientAppActor pid=738839)[0m         
[36m(ClientAppActor pid=738837)[0m 
[36m(ClientAppActor pid=738837)[0m         
[36m(ClientAppActor pid=738840)[0m 
[36m(ClientAppActor pid=738840)[0m         
[36m(ClientAppActor pid=738838)[0m 
[36m(ClientAppActor pid=738838)[0m         
[36m(ClientAppActor pid=738841)[0m 
[36m(ClientAppActor pid=738841)[0m         
[92mINFO [0m:      aggregate_fit: received 5 results and 0 failures
[92mINFO [0m:      fit progress: (9, 0.5986102599859238, {'accuracy': 0.814, 'loss': 0.5986102599859238}, 190.99513830500655)
[92mINFO [0m:      configure_evaluate: strategy sampled 5 clients (out of 5)
[36m(ClientAppActor pid=738837)[0m 
[36m(ClientAppActor pid=738837)[0m         
[36m(ClientAppActor pid=738837)[0m [93mWARNING [0m:   DEPRECATED FEATURE: `client_fn` now expects a signature `def client_fn(context: Context)`.The provided `client_fn` has signature: {'cid': <Parameter "cid: str">}. You can import the `Context` like this: `from flwr.app import Context`[32m [repeated 10x across cluster][0m
[36m(ClientAppActor pid=738837)[0m             This is a deprecated feature. It will be removed[32m [repeated 10x across cluster][0m
[36m(ClientAppActor pid=738837)[0m             entirely in future versions of Flower.[32m [repeated 10x across cluster][0m
[36m(ClientAppActor pid=738841)[0m 
[36m(ClientAppActor pid=738841)[0m         
[36m(ClientAppActor pid=738839)[0m 
[36m(ClientAppActor pid=738839)[0m         
[36m(ClientAppActor pid=738838)[0m 
[36m(ClientAppActor pid=738838)[0m         
[36m(ClientAppActor pid=738840)[0m 
[36m(ClientAppActor pid=738840)[0m         
[92mINFO [0m:      aggregate_evaluate: received 5 results and 0 failures
[92mINFO [0m:      
[92mINFO [0m:      [ROUND 10]
[92mINFO [0m:      configure_fit: strategy sampled 5 clients (out of 5)
[36m(ClientAppActor pid=738840)[0m 
[36m(ClientAppActor pid=738840)[0m         
[36m(ClientAppActor pid=738838)[0m 
[36m(ClientAppActor pid=738838)[0m         
[36m(ClientAppActor pid=738839)[0m 
[36m(ClientAppActor pid=738839)[0m         
[36m(ClientAppActor pid=738841)[0m 
[36m(ClientAppActor pid=738841)[0m         
[36m(ClientAppActor pid=738837)[0m 
[36m(ClientAppActor pid=738837)[0m         
[92mINFO [0m:      aggregate_fit: received 5 results and 0 failures
[92mINFO [0m:      fit progress: (10, 0.5903226409435273, {'accuracy': 0.8268, 'loss': 0.5903226409435273}, 211.9566330150119)
[92mINFO [0m:      configure_evaluate: strategy sampled 5 clients (out of 5)
[36m(ClientAppActor pid=738839)[0m 
[36m(ClientAppActor pid=738839)[0m         
[36m(ClientAppActor pid=738839)[0m [93mWARNING [0m:   DEPRECATED FEATURE: `client_fn` now expects a signature `def client_fn(context: Context)`.The provided `client_fn` has signature: {'cid': <Parameter "cid: str">}. You can import the `Context` like this: `from flwr.app import Context`[32m [repeated 10x across cluster][0m
[36m(ClientAppActor pid=738839)[0m             This is a deprecated feature. It will be removed[32m [repeated 10x across cluster][0m
[36m(ClientAppActor pid=738839)[0m             entirely in future versions of Flower.[32m [repeated 10x across cluster][0m
[36m(ClientAppActor pid=738837)[0m 
[36m(ClientAppActor pid=738837)[0m         
[36m(ClientAppActor pid=738838)[0m 
[36m(ClientAppActor pid=738838)[0m         
[36m(ClientAppActor pid=738841)[0m 
[36m(ClientAppActor pid=738841)[0m         
[36m(ClientAppActor pid=738840)[0m 
[36m(ClientAppActor pid=738840)[0m         
[92mINFO [0m:      aggregate_evaluate: received 5 results and 0 failures
[92mINFO [0m:      
[92mINFO [0m:      [SUMMARY]
[92mINFO [0m:      Run finished 10 round(s) in 212.83s
[92mINFO [0m:      	History (loss, distributed):
[92mINFO [0m:      		round 1: 2.288872265443653
[92mINFO [0m:      		round 2: 1.2510127842831773
[92mINFO [0m:      		round 3: 0.7849897999150985
[92mINFO [0m:      		round 4: 0.684502387950782
[92mINFO [0m:      		round 5: 0.6091153242436348
[92mINFO [0m:      		round 6: 0.5833663981215579
[92mINFO [0m:      		round 7: 0.5414786178226613
[92mINFO [0m:      		round 8: 0.5578894025939448
[92mINFO [0m:      		round 9: 0.5520870619509018
[92mINFO [0m:      		round 10: 0.5371652153037748
[92mINFO [0m:      	History (loss, centralized):
[92mINFO [0m:      		round 0: 2.303096061706543
[92mINFO [0m:      		round 1: 2.290070893859863
[92mINFO [0m:      		round 2: 1.2694356815338135
[92mINFO [0m:      		round 3: 0.8109416821479797
[92mINFO [0m:      		round 4: 0.6992632897377015
[92mINFO [0m:      		round 5: 0.6321705013751984
[92mINFO [0m:      		round 6: 0.6109936632633209
[92mINFO [0m:      		round 7: 0.5787354314804077
[92mINFO [0m:      		round 8: 0.6048390720605851
[92mINFO [0m:      		round 9: 0.5986102599859238
[92mINFO [0m:      		round 10: 0.5903226409435273
[92mINFO [0m:      	History (metrics, distributed, fit):
[92mINFO [0m:      	{'avg_flops_per_client_round': [(1, 8140624189440.0),
[92mINFO [0m:      	                                (2, 8140624189440.0),
[92mINFO [0m:      	                                (3, 8140624189440.0),
[92mINFO [0m:      	                                (4, 8140624189440.0),
[92mINFO [0m:      	                                (5, 8140624189440.0),
[92mINFO [0m:      	                                (6, 8140624189440.0),
[92mINFO [0m:      	                                (7, 8140624189440.0),
[92mINFO [0m:      	                                (8, 8140624189440.0),
[92mINFO [0m:      	                                (9, 8140624189440.0),
[92mINFO [0m:      	                                (10, 8140624189440.0)],
[92mINFO [0m:      	 'total_flops_round': [(1, 40703120947200),
[92mINFO [0m:      	                       (2, 40703120947200),
[92mINFO [0m:      	                       (3, 40703120947200),
[92mINFO [0m:      	                       (4, 40703120947200),
[92mINFO [0m:      	                       (5, 40703120947200),
[92mINFO [0m:      	                       (6, 40703120947200),
[92mINFO [0m:      	                       (7, 40703120947200),
[92mINFO [0m:      	                       (8, 40703120947200),
[92mINFO [0m:      	                       (9, 40703120947200),
[92mINFO [0m:      	                       (10, 40703120947200)]}
[92mINFO [0m:      	History (metrics, distributed, evaluate):
[92mINFO [0m:      	{'accuracy': [(1, 0.09803921568627451),
[92mINFO [0m:      	              (2, 0.6296518607442977),
[92mINFO [0m:      	              (3, 0.7292917166866747),
[92mINFO [0m:      	              (4, 0.7615046018407363),
[92mINFO [0m:      	              (5, 0.7891156462585034),
[92mINFO [0m:      	              (6, 0.7963185274109644),
[92mINFO [0m:      	              (7, 0.8127250900360145),
[92mINFO [0m:      	              (8, 0.8141256502601041),
[92mINFO [0m:      	              (9, 0.8261304521808723),
[92mINFO [0m:      	              (10, 0.8301320528211285)],
[92mINFO [0m:      	 'loss': [(1, 2.288872265443653),
[92mINFO [0m:      	          (2, 1.2510127842831773),
[92mINFO [0m:      	          (3, 0.7849897999150985),
[92mINFO [0m:      	          (4, 0.684502387950782),
[92mINFO [0m:      	          (5, 0.6091153242436348),
[92mINFO [0m:      	          (6, 0.5833663981215579),
[92mINFO [0m:      	          (7, 0.5414786178226613),
[92mINFO [0m:      	          (8, 0.5578894025939448),
[92mINFO [0m:      	          (9, 0.5520870619509018),
[92mINFO [0m:      	          (10, 0.5371652153037748)]}
[92mINFO [0m:      	History (metrics, centralized):
[92mINFO [0m:      	{'accuracy': [(0, 0.1),
[92mINFO [0m:      	              (1, 0.1),
[92mINFO [0m:      	              (2, 0.6217),
[92mINFO [0m:      	              (3, 0.7216),
[92mINFO [0m:      	              (4, 0.7644),
[92mINFO [0m:      	              (5, 0.7848),
[92mINFO [0m:      	              (6, 0.7988),
[92mINFO [0m:      	              (7, 0.8124),
[92mINFO [0m:      	              (8, 0.8116),
[92mINFO [0m:      	              (9, 0.814),
[92mINFO [0m:      	              (10, 0.8268)],
[92mINFO [0m:      	 'loss': [(0, 2.303096061706543),
[92mINFO [0m:      	          (1, 2.290070893859863),
[92mINFO [0m:      	          (2, 1.2694356815338135),
[92mINFO [0m:      	          (3, 0.8109416821479797),
[92mINFO [0m:      	          (4, 0.6992632897377015),
[92mINFO [0m:      	          (5, 0.6321705013751984),
[92mINFO [0m:      	          (6, 0.6109936632633209),
[92mINFO [0m:      	          (7, 0.5787354314804077),
[92mINFO [0m:      	          (8, 0.6048390720605851),
[92mINFO [0m:      	          (9, 0.5986102599859238),
[92mINFO [0m:      	          (10, 0.5903226409435273)]}
[92mINFO [0m:      
Treinando no dispositivo: cuda:0 com o dataset: CIFAR10 | Setup clientes: 5 (num_gpus por cliente=0.2) | SEED=44 | Método: FedProx (mu=0.01)
FLOPS por amostra (forward): 6.030e+07 | (forward+backward, 3x): 1.809e+08
Files already downloaded and verified
Files already downloaded and verified
Dividindo o dataset usando a distribuição de Dirichlet com alpha=1.0.
Iniciando a simulação de Aprendizado Federado...
=== Diagnóstico de Medição de GPU ===
  pynvml_disponivel: True
  pynvml_versao: 580.173.02
  gpus_detectadas: 1
  leitura_potencia_ok: True
  potencia_atual_W: 114.616

--- Rodada 0 - Avaliação Centralizada (Servidor) ---
Loss (Servidor): 2.3031 | Acurácia (Servidor): 0.1000

--- Rodada 1 - Avaliação Centralizada (Servidor) ---
Loss (Servidor): 2.2901 | Acurácia (Servidor): 0.1000
--- Avaliação Agregada (Clientes) ---
Loss Média (Clientes): 2.2889 | Acurácia Média (Clientes): 0.0980

--- Rodada 2 - Avaliação Centralizada (Servidor) ---
Loss (Servidor): 1.2694 | Acurácia (Servidor): 0.6217
--- Avaliação Agregada (Clientes) ---
Loss Média (Clientes): 1.2510 | Acurácia Média (Clientes): 0.6297

--- Rodada 3 - Avaliação Centralizada (Servidor) ---
Loss (Servidor): 0.8109 | Acurácia (Servidor): 0.7216
--- Avaliação Agregada (Clientes) ---
Loss Média (Clientes): 0.7850 | Acurácia Média (Clientes): 0.7293

--- Rodada 4 - Avaliação Centralizada (Servidor) ---
Loss (Servidor): 0.6993 | Acurácia (Servidor): 0.7644
--- Avaliação Agregada (Clientes) ---
Loss Média (Clientes): 0.6845 | Acurácia Média (Clientes): 0.7615

--- Rodada 5 - Avaliação Centralizada (Servidor) ---
Loss (Servidor): 0.6322 | Acurácia (Servidor): 0.7848
--- Avaliação Agregada (Clientes) ---
Loss Média (Clientes): 0.6091 | Acurácia Média (Clientes): 0.7891

--- Rodada 6 - Avaliação Centralizada (Servidor) ---
Loss (Servidor): 0.6110 | Acurácia (Servidor): 0.7988
--- Avaliação Agregada (Clientes) ---
Loss Média (Clientes): 0.5834 | Acurácia Média (Clientes): 0.7963

--- Rodada 7 - Avaliação Centralizada (Servidor) ---
Loss (Servidor): 0.5787 | Acurácia (Servidor): 0.8124
--- Avaliação Agregada (Clientes) ---
Loss Média (Clientes): 0.5415 | Acurácia Média (Clientes): 0.8127

--- Rodada 8 - Avaliação Centralizada (Servidor) ---
Loss (Servidor): 0.6048 | Acurácia (Servidor): 0.8116
--- Avaliação Agregada (Clientes) ---
Loss Média (Clientes): 0.5579 | Acurácia Média (Clientes): 0.8141

--- Rodada 9 - Avaliação Centralizada (Servidor) ---
Loss (Servidor): 0.5986 | Acurácia (Servidor): 0.8140
--- Avaliação Agregada (Clientes) ---
Loss Média (Clientes): 0.5521 | Acurácia Média (Clientes): 0.8261

--- Rodada 10 - Avaliação Centralizada (Servidor) ---
Loss (Servidor): 0.5903 | Acurácia (Servidor): 0.8268
--- Avaliação Agregada (Clientes) ---
Loss Média (Clientes): 0.5372 | Acurácia Média (Clientes): 0.8301

Resultados salvos em: /home/tiago/GitHubProjects/fedhad-thesis-2/FedProx-results/1.1_diagnostico_drift/CIFAR10/FedProx__CIFAR10__Setup-5__Clients-5__Rounds-10__Delay-0_05__Alpha-1_0__Seed-44.txt
[36m(ClientAppActor pid=738840)[0m [93mWARNING [0m:   DEPRECATED FEATURE: `client_fn` now expects a signature `def client_fn(context: Context)`.The provided `client_fn` has signature: {'cid': <Parameter "cid: str">}. You can import the `Context` like this: `from flwr.app import Context`[32m [repeated 4x across cluster][0m
[36m(ClientAppActor pid=738840)[0m             This is a deprecated feature. It will be removed[32m [repeated 4x across cluster][0m
[36m(ClientAppActor pid=738840)[0m             entirely in future versions of Flower.[32m [repeated 4x across cluster][0m
