[codecarbon WARNING @ 16:09:31] Multiple instances of codecarbon are allowed to run at the same time.
[93mWARNING [0m:   DEPRECATED FEATURE: flwr.simulation.start_simulation() is deprecated.
	Instead, use the `flwr run` CLI command to start a local simulation in your Flower app, as shown for example below:

		$ flwr new  # Create a new Flower app from a template

		$ flwr run  # Run the Flower app in Simulation Mode

	Using `start_simulation()` is deprecated.

            This is a deprecated feature. It will be removed
            entirely in future versions of Flower.
        
[92mINFO [0m:      Starting Flower simulation, config: num_rounds=10, no round_timeout
2026-09-04 16:09:39,960	INFO worker.py:2012 -- Started a local Ray instance.
/home/tiago/GitHubProjects/fedhad-thesis-2/env_flwr_pt/lib/python3.12/site-packages/ray/_private/worker.py:2051: FutureWarning: Tip: In future versions of Ray, Ray will no longer override accelerator visible devices env var if num_gpus=0 or num_gpus=None (default). To enable this behavior and turn off this error message, set RAY_ACCEL_ENV_VAR_OVERRIDE_ON_ZERO=0
  warnings.warn(
[92mINFO [0m:      Flower VCE: Ray initialized with resources: {'accelerator_type:A40': 1.0, 'GPU': 1.0, 'CPU': 64.0, 'memory': 180699686093.0, 'node:__internal_head__': 1.0, 'object_store_memory': 77442722611.0, 'node:10.129.64.100': 1.0}
[92mINFO [0m:      Optimize your simulation with Flower VCE: https://flower.ai/docs/framework/how-to-run-simulations.html
/home/tiago/GitHubProjects/fedhad-thesis-2/FedProx_Final.py:1601: UserWarning: No `num_cpus` specified in `client_resources`. Using `num_cpus=1` for each client.
  history = fl.simulation.start_simulation(
[92mINFO [0m:      Flower VCE: Resources for each Virtual Client: {'num_gpus': 0.2, 'num_cpus': 1}
[92mINFO [0m:      Flower VCE: Creating VirtualClientEngineActorPool with 5 actors
[92mINFO [0m:      [INIT]
[92mINFO [0m:      Requesting initial parameters from one random client
[36m(ClientAppActor pid=961664)[0m [93mWARNING [0m:   DEPRECATED FEATURE: `client_fn` now expects a signature `def client_fn(context: Context)`.The provided `client_fn` has signature: {'cid': <Parameter "cid: str">}. You can import the `Context` like this: `from flwr.app import Context`
[36m(ClientAppActor pid=961664)[0m 
[36m(ClientAppActor pid=961664)[0m             This is a deprecated feature. It will be removed
[36m(ClientAppActor pid=961664)[0m             entirely in future versions of Flower.
[36m(ClientAppActor pid=961664)[0m         
[92mINFO [0m:      Received initial parameters from one random client
[92mINFO [0m:      Starting evaluation of initial global parameters
[92mINFO [0m:      initial parameters (loss, other metrics): 2.303450044631958, {'accuracy': 0.1, 'loss': 2.303450044631958}
[92mINFO [0m:      
[92mINFO [0m:      [ROUND 1]
[92mINFO [0m:      configure_fit: strategy sampled 5 clients (out of 5)
[36m(ClientAppActor pid=961664)[0m [93mWARNING [0m:   DEPRECATED FEATURE: `client_fn` now expects a signature `def client_fn(context: Context)`.The provided `client_fn` has signature: {'cid': <Parameter "cid: str">}. You can import the `Context` like this: `from flwr.app import Context`
[36m(ClientAppActor pid=961664)[0m 
[36m(ClientAppActor pid=961664)[0m             This is a deprecated feature. It will be removed
[36m(ClientAppActor pid=961664)[0m             entirely in future versions of Flower.
[36m(ClientAppActor pid=961664)[0m         
[36m(ClientAppActor pid=961662)[0m 
[36m(ClientAppActor pid=961662)[0m         
[36m(ClientAppActor pid=961663)[0m 
[36m(ClientAppActor pid=961663)[0m         
[36m(ClientAppActor pid=961661)[0m 
[36m(ClientAppActor pid=961661)[0m         
[36m(ClientAppActor pid=961660)[0m 
[36m(ClientAppActor pid=961660)[0m         
[92mINFO [0m:      aggregate_fit: received 5 results and 0 failures
[92mINFO [0m:      fit progress: (1, 2.1962728691101074, {'accuracy': 0.281, 'loss': 2.1962728691101074}, 27.571065854048356)
[92mINFO [0m:      configure_evaluate: strategy sampled 5 clients (out of 5)
[36m(ClientAppActor pid=961661)[0m 
[36m(ClientAppActor pid=961661)[0m         
[36m(ClientAppActor pid=961661)[0m [93mWARNING [0m:   DEPRECATED FEATURE: `client_fn` now expects a signature `def client_fn(context: Context)`.The provided `client_fn` has signature: {'cid': <Parameter "cid: str">}. You can import the `Context` like this: `from flwr.app import Context`[32m [repeated 5x across cluster] (Ray deduplicates logs by default. Set RAY_DEDUP_LOGS=0 to disable log deduplication, or see https://docs.ray.io/en/master/ray-observability/user-guides/configure-logging.html#log-deduplication for more options.)[0m
[36m(ClientAppActor pid=961661)[0m             This is a deprecated feature. It will be removed[32m [repeated 5x across cluster][0m
[36m(ClientAppActor pid=961661)[0m             entirely in future versions of Flower.[32m [repeated 5x across cluster][0m
[36m(ClientAppActor pid=961660)[0m 
[36m(ClientAppActor pid=961660)[0m         
[36m(ClientAppActor pid=961663)[0m 
[36m(ClientAppActor pid=961663)[0m         
[36m(ClientAppActor pid=961662)[0m 
[36m(ClientAppActor pid=961662)[0m         
[36m(ClientAppActor pid=961664)[0m 
[36m(ClientAppActor pid=961664)[0m         
[92mINFO [0m:      aggregate_evaluate: received 5 results and 0 failures
[92mINFO [0m:      
[92mINFO [0m:      [ROUND 2]
[92mINFO [0m:      configure_fit: strategy sampled 5 clients (out of 5)
[36m(ClientAppActor pid=961664)[0m 
[36m(ClientAppActor pid=961664)[0m         
[36m(ClientAppActor pid=961660)[0m 
[36m(ClientAppActor pid=961660)[0m         
[36m(ClientAppActor pid=961662)[0m 
[36m(ClientAppActor pid=961662)[0m         
[36m(ClientAppActor pid=961663)[0m 
[36m(ClientAppActor pid=961663)[0m         
[36m(ClientAppActor pid=961661)[0m 
[36m(ClientAppActor pid=961661)[0m         
[92mINFO [0m:      aggregate_fit: received 5 results and 0 failures
[92mINFO [0m:      fit progress: (2, 1.837986487197876, {'accuracy': 0.4322, 'loss': 1.837986487197876}, 54.85251946403878)
[92mINFO [0m:      configure_evaluate: strategy sampled 5 clients (out of 5)
[36m(ClientAppActor pid=961662)[0m 
[36m(ClientAppActor pid=961662)[0m         
[36m(ClientAppActor pid=961662)[0m [93mWARNING [0m:   DEPRECATED FEATURE: `client_fn` now expects a signature `def client_fn(context: Context)`.The provided `client_fn` has signature: {'cid': <Parameter "cid: str">}. You can import the `Context` like this: `from flwr.app import Context`[32m [repeated 10x across cluster][0m
[36m(ClientAppActor pid=961662)[0m             This is a deprecated feature. It will be removed[32m [repeated 10x across cluster][0m
[36m(ClientAppActor pid=961662)[0m             entirely in future versions of Flower.[32m [repeated 10x across cluster][0m
[36m(ClientAppActor pid=961661)[0m 
[36m(ClientAppActor pid=961661)[0m         
[36m(ClientAppActor pid=961663)[0m 
[36m(ClientAppActor pid=961663)[0m         
[36m(ClientAppActor pid=961664)[0m 
[36m(ClientAppActor pid=961664)[0m         
[36m(ClientAppActor pid=961660)[0m 
[36m(ClientAppActor pid=961660)[0m         
[92mINFO [0m:      aggregate_evaluate: received 5 results and 0 failures
[92mINFO [0m:      
[92mINFO [0m:      [ROUND 3]
[92mINFO [0m:      configure_fit: strategy sampled 5 clients (out of 5)
[36m(ClientAppActor pid=961664)[0m 
[36m(ClientAppActor pid=961664)[0m         
[36m(ClientAppActor pid=961660)[0m 
[36m(ClientAppActor pid=961660)[0m         
[36m(ClientAppActor pid=961661)[0m 
[36m(ClientAppActor pid=961661)[0m         
[36m(ClientAppActor pid=961663)[0m 
[36m(ClientAppActor pid=961663)[0m         
[36m(ClientAppActor pid=961662)[0m 
[36m(ClientAppActor pid=961662)[0m         
[92mINFO [0m:      aggregate_fit: received 5 results and 0 failures
[92mINFO [0m:      fit progress: (3, 1.8937759721755982, {'accuracy': 0.4823, 'loss': 1.8937759721755982}, 81.06060005904874)
[92mINFO [0m:      configure_evaluate: strategy sampled 5 clients (out of 5)
[36m(ClientAppActor pid=961664)[0m 
[36m(ClientAppActor pid=961664)[0m         
[36m(ClientAppActor pid=961664)[0m [93mWARNING [0m:   DEPRECATED FEATURE: `client_fn` now expects a signature `def client_fn(context: Context)`.The provided `client_fn` has signature: {'cid': <Parameter "cid: str">}. You can import the `Context` like this: `from flwr.app import Context`[32m [repeated 10x across cluster][0m
[36m(ClientAppActor pid=961664)[0m             This is a deprecated feature. It will be removed[32m [repeated 10x across cluster][0m
[36m(ClientAppActor pid=961664)[0m             entirely in future versions of Flower.[32m [repeated 10x across cluster][0m
[36m(ClientAppActor pid=961662)[0m 
[36m(ClientAppActor pid=961662)[0m         
[36m(ClientAppActor pid=961663)[0m 
[36m(ClientAppActor pid=961663)[0m         
[36m(ClientAppActor pid=961660)[0m 
[36m(ClientAppActor pid=961660)[0m         
[36m(ClientAppActor pid=961661)[0m 
[36m(ClientAppActor pid=961661)[0m         
[92mINFO [0m:      aggregate_evaluate: received 5 results and 0 failures
[92mINFO [0m:      
[92mINFO [0m:      [ROUND 4]
[92mINFO [0m:      configure_fit: strategy sampled 5 clients (out of 5)
[36m(ClientAppActor pid=961661)[0m 
[36m(ClientAppActor pid=961661)[0m         
[36m(ClientAppActor pid=961660)[0m 
[36m(ClientAppActor pid=961660)[0m         
[36m(ClientAppActor pid=961663)[0m 
[36m(ClientAppActor pid=961663)[0m         
[36m(ClientAppActor pid=961662)[0m 
[36m(ClientAppActor pid=961662)[0m         
[36m(ClientAppActor pid=961664)[0m 
[36m(ClientAppActor pid=961664)[0m         
[92mINFO [0m:      aggregate_fit: received 5 results and 0 failures
[92mINFO [0m:      fit progress: (4, 1.820110471725464, {'accuracy': 0.4964, 'loss': 1.820110471725464}, 108.68698774202494)
[92mINFO [0m:      configure_evaluate: strategy sampled 5 clients (out of 5)
[36m(ClientAppActor pid=961664)[0m 
[36m(ClientAppActor pid=961664)[0m         
[36m(ClientAppActor pid=961664)[0m [93mWARNING [0m:   DEPRECATED FEATURE: `client_fn` now expects a signature `def client_fn(context: Context)`.The provided `client_fn` has signature: {'cid': <Parameter "cid: str">}. You can import the `Context` like this: `from flwr.app import Context`[32m [repeated 10x across cluster][0m
[36m(ClientAppActor pid=961664)[0m             This is a deprecated feature. It will be removed[32m [repeated 10x across cluster][0m
[36m(ClientAppActor pid=961664)[0m             entirely in future versions of Flower.[32m [repeated 10x across cluster][0m
[36m(ClientAppActor pid=961661)[0m 
[36m(ClientAppActor pid=961661)[0m         
[36m(ClientAppActor pid=961662)[0m 
[36m(ClientAppActor pid=961662)[0m         
[36m(ClientAppActor pid=961663)[0m 
[36m(ClientAppActor pid=961663)[0m         
[36m(ClientAppActor pid=961660)[0m 
[36m(ClientAppActor pid=961660)[0m         
[92mINFO [0m:      aggregate_evaluate: received 5 results and 0 failures
[92mINFO [0m:      
[92mINFO [0m:      [ROUND 5]
[92mINFO [0m:      configure_fit: strategy sampled 5 clients (out of 5)
[36m(ClientAppActor pid=961660)[0m 
[36m(ClientAppActor pid=961660)[0m         
[36m(ClientAppActor pid=961663)[0m 
[36m(ClientAppActor pid=961663)[0m         
[36m(ClientAppActor pid=961661)[0m 
[36m(ClientAppActor pid=961661)[0m         
[36m(ClientAppActor pid=961662)[0m 
[36m(ClientAppActor pid=961662)[0m         
[36m(ClientAppActor pid=961664)[0m 
[36m(ClientAppActor pid=961664)[0m         
[92mINFO [0m:      aggregate_fit: received 5 results and 0 failures
[92mINFO [0m:      fit progress: (5, 1.8710886917114258, {'accuracy': 0.5084, 'loss': 1.8710886917114258}, 134.9976141230436)
[92mINFO [0m:      configure_evaluate: strategy sampled 5 clients (out of 5)
[36m(ClientAppActor pid=961663)[0m 
[36m(ClientAppActor pid=961663)[0m         
[36m(ClientAppActor pid=961663)[0m [93mWARNING [0m:   DEPRECATED FEATURE: `client_fn` now expects a signature `def client_fn(context: Context)`.The provided `client_fn` has signature: {'cid': <Parameter "cid: str">}. You can import the `Context` like this: `from flwr.app import Context`[32m [repeated 10x across cluster][0m
[36m(ClientAppActor pid=961663)[0m             This is a deprecated feature. It will be removed[32m [repeated 10x across cluster][0m
[36m(ClientAppActor pid=961663)[0m             entirely in future versions of Flower.[32m [repeated 10x across cluster][0m
[36m(ClientAppActor pid=961662)[0m 
[36m(ClientAppActor pid=961662)[0m         
[36m(ClientAppActor pid=961661)[0m 
[36m(ClientAppActor pid=961661)[0m         
[36m(ClientAppActor pid=961660)[0m 
[36m(ClientAppActor pid=961660)[0m         
[36m(ClientAppActor pid=961664)[0m 
[36m(ClientAppActor pid=961664)[0m         
[92mINFO [0m:      aggregate_evaluate: received 5 results and 0 failures
[92mINFO [0m:      
[92mINFO [0m:      [ROUND 6]
[92mINFO [0m:      configure_fit: strategy sampled 5 clients (out of 5)
[36m(ClientAppActor pid=961660)[0m 
[36m(ClientAppActor pid=961660)[0m         
[36m(ClientAppActor pid=961664)[0m 
[36m(ClientAppActor pid=961664)[0m         
[36m(ClientAppActor pid=961661)[0m 
[36m(ClientAppActor pid=961661)[0m         
[36m(ClientAppActor pid=961662)[0m 
[36m(ClientAppActor pid=961662)[0m         
[36m(ClientAppActor pid=961663)[0m 
[36m(ClientAppActor pid=961663)[0m         
[92mINFO [0m:      aggregate_fit: received 5 results and 0 failures
[92mINFO [0m:      fit progress: (6, 1.9044033466339112, {'accuracy': 0.5356, 'loss': 1.9044033466339112}, 161.79264777101343)
[92mINFO [0m:      configure_evaluate: strategy sampled 5 clients (out of 5)
[36m(ClientAppActor pid=961663)[0m 
[36m(ClientAppActor pid=961663)[0m         
[36m(ClientAppActor pid=961663)[0m [93mWARNING [0m:   DEPRECATED FEATURE: `client_fn` now expects a signature `def client_fn(context: Context)`.The provided `client_fn` has signature: {'cid': <Parameter "cid: str">}. You can import the `Context` like this: `from flwr.app import Context`[32m [repeated 10x across cluster][0m
[36m(ClientAppActor pid=961663)[0m             This is a deprecated feature. It will be removed[32m [repeated 10x across cluster][0m
[36m(ClientAppActor pid=961663)[0m             entirely in future versions of Flower.[32m [repeated 10x across cluster][0m
[36m(ClientAppActor pid=961662)[0m 
[36m(ClientAppActor pid=961662)[0m         
[36m(ClientAppActor pid=961661)[0m 
[36m(ClientAppActor pid=961661)[0m         
[36m(ClientAppActor pid=961660)[0m 
[36m(ClientAppActor pid=961660)[0m         
[36m(ClientAppActor pid=961664)[0m 
[36m(ClientAppActor pid=961664)[0m         
[92mINFO [0m:      aggregate_evaluate: received 5 results and 0 failures
[92mINFO [0m:      
[92mINFO [0m:      [ROUND 7]
[92mINFO [0m:      configure_fit: strategy sampled 5 clients (out of 5)
[36m(ClientAppActor pid=961664)[0m 
[36m(ClientAppActor pid=961664)[0m         
[36m(ClientAppActor pid=961660)[0m 
[36m(ClientAppActor pid=961660)[0m         
[36m(ClientAppActor pid=961661)[0m 
[36m(ClientAppActor pid=961661)[0m         
[36m(ClientAppActor pid=961662)[0m 
[36m(ClientAppActor pid=961662)[0m         
[36m(ClientAppActor pid=961663)[0m 
[36m(ClientAppActor pid=961663)[0m         
[92mINFO [0m:      aggregate_fit: received 5 results and 0 failures
[92mINFO [0m:      fit progress: (7, 1.7220807159423828, {'accuracy': 0.5446, 'loss': 1.7220807159423828}, 188.07219128700672)
[92mINFO [0m:      configure_evaluate: strategy sampled 5 clients (out of 5)
[36m(ClientAppActor pid=961664)[0m 
[36m(ClientAppActor pid=961664)[0m         
[36m(ClientAppActor pid=961664)[0m [93mWARNING [0m:   DEPRECATED FEATURE: `client_fn` now expects a signature `def client_fn(context: Context)`.The provided `client_fn` has signature: {'cid': <Parameter "cid: str">}. You can import the `Context` like this: `from flwr.app import Context`[32m [repeated 10x across cluster][0m
[36m(ClientAppActor pid=961664)[0m             This is a deprecated feature. It will be removed[32m [repeated 10x across cluster][0m
[36m(ClientAppActor pid=961664)[0m             entirely in future versions of Flower.[32m [repeated 10x across cluster][0m
[36m(ClientAppActor pid=961660)[0m 
[36m(ClientAppActor pid=961660)[0m         
[36m(ClientAppActor pid=961662)[0m 
[36m(ClientAppActor pid=961662)[0m         
[36m(ClientAppActor pid=961661)[0m 
[36m(ClientAppActor pid=961661)[0m         
[36m(ClientAppActor pid=961663)[0m 
[36m(ClientAppActor pid=961663)[0m         
[92mINFO [0m:      aggregate_evaluate: received 5 results and 0 failures
[92mINFO [0m:      
[92mINFO [0m:      [ROUND 8]
[92mINFO [0m:      configure_fit: strategy sampled 5 clients (out of 5)
[36m(ClientAppActor pid=961663)[0m 
[36m(ClientAppActor pid=961663)[0m         
[36m(ClientAppActor pid=961661)[0m 
[36m(ClientAppActor pid=961661)[0m         
[36m(ClientAppActor pid=961662)[0m 
[36m(ClientAppActor pid=961662)[0m         
[36m(ClientAppActor pid=961664)[0m 
[36m(ClientAppActor pid=961664)[0m         
[36m(ClientAppActor pid=961660)[0m 
[36m(ClientAppActor pid=961660)[0m         
[92mINFO [0m:      aggregate_fit: received 5 results and 0 failures
[92mINFO [0m:      fit progress: (8, 1.7408504640579223, {'accuracy': 0.5606, 'loss': 1.7408504640579223}, 214.75549727200996)
[92mINFO [0m:      configure_evaluate: strategy sampled 5 clients (out of 5)
[36m(ClientAppActor pid=961664)[0m 
[36m(ClientAppActor pid=961664)[0m         
[36m(ClientAppActor pid=961664)[0m [93mWARNING [0m:   DEPRECATED FEATURE: `client_fn` now expects a signature `def client_fn(context: Context)`.The provided `client_fn` has signature: {'cid': <Parameter "cid: str">}. You can import the `Context` like this: `from flwr.app import Context`[32m [repeated 10x across cluster][0m
[36m(ClientAppActor pid=961664)[0m             This is a deprecated feature. It will be removed[32m [repeated 10x across cluster][0m
[36m(ClientAppActor pid=961664)[0m             entirely in future versions of Flower.[32m [repeated 10x across cluster][0m
[36m(ClientAppActor pid=961661)[0m 
[36m(ClientAppActor pid=961661)[0m         
[36m(ClientAppActor pid=961660)[0m 
[36m(ClientAppActor pid=961660)[0m         
[36m(ClientAppActor pid=961662)[0m 
[36m(ClientAppActor pid=961662)[0m         
[36m(ClientAppActor pid=961663)[0m 
[36m(ClientAppActor pid=961663)[0m         
[92mINFO [0m:      aggregate_evaluate: received 5 results and 0 failures
[92mINFO [0m:      
[92mINFO [0m:      [ROUND 9]
[92mINFO [0m:      configure_fit: strategy sampled 5 clients (out of 5)
[36m(ClientAppActor pid=961662)[0m 
[36m(ClientAppActor pid=961662)[0m         
[36m(ClientAppActor pid=961663)[0m 
[36m(ClientAppActor pid=961663)[0m         
[36m(ClientAppActor pid=961660)[0m 
[36m(ClientAppActor pid=961660)[0m         
[36m(ClientAppActor pid=961661)[0m 
[36m(ClientAppActor pid=961661)[0m         
[36m(ClientAppActor pid=961664)[0m 
[36m(ClientAppActor pid=961664)[0m         
[92mINFO [0m:      aggregate_fit: received 5 results and 0 failures
[92mINFO [0m:      fit progress: (9, 1.7449040311813355, {'accuracy': 0.5636, 'loss': 1.7449040311813355}, 241.44466928602196)
[92mINFO [0m:      configure_evaluate: strategy sampled 5 clients (out of 5)
[36m(ClientAppActor pid=961664)[0m 
[36m(ClientAppActor pid=961664)[0m         
[36m(ClientAppActor pid=961664)[0m [93mWARNING [0m:   DEPRECATED FEATURE: `client_fn` now expects a signature `def client_fn(context: Context)`.The provided `client_fn` has signature: {'cid': <Parameter "cid: str">}. You can import the `Context` like this: `from flwr.app import Context`[32m [repeated 10x across cluster][0m
[36m(ClientAppActor pid=961664)[0m             This is a deprecated feature. It will be removed[32m [repeated 10x across cluster][0m
[36m(ClientAppActor pid=961664)[0m             entirely in future versions of Flower.[32m [repeated 10x across cluster][0m
[36m(ClientAppActor pid=961661)[0m 
[36m(ClientAppActor pid=961661)[0m         
[36m(ClientAppActor pid=961660)[0m 
[36m(ClientAppActor pid=961660)[0m         
[36m(ClientAppActor pid=961662)[0m 
[36m(ClientAppActor pid=961662)[0m         
[36m(ClientAppActor pid=961663)[0m 
[36m(ClientAppActor pid=961663)[0m         
[92mINFO [0m:      aggregate_evaluate: received 5 results and 0 failures
[92mINFO [0m:      
[92mINFO [0m:      [ROUND 10]
[92mINFO [0m:      configure_fit: strategy sampled 5 clients (out of 5)
[36m(ClientAppActor pid=961662)[0m 
[36m(ClientAppActor pid=961662)[0m         
[36m(ClientAppActor pid=961663)[0m 
[36m(ClientAppActor pid=961663)[0m         
[36m(ClientAppActor pid=961660)[0m 
[36m(ClientAppActor pid=961660)[0m         
[36m(ClientAppActor pid=961661)[0m 
[36m(ClientAppActor pid=961661)[0m         
[36m(ClientAppActor pid=961664)[0m 
[36m(ClientAppActor pid=961664)[0m         
[92mINFO [0m:      aggregate_fit: received 5 results and 0 failures
[92mINFO [0m:      fit progress: (10, 1.7401222375869752, {'accuracy': 0.5667, 'loss': 1.7401222375869752}, 267.8481584440451)
[92mINFO [0m:      configure_evaluate: strategy sampled 5 clients (out of 5)
[36m(ClientAppActor pid=961661)[0m 
[36m(ClientAppActor pid=961661)[0m         
[36m(ClientAppActor pid=961661)[0m [93mWARNING [0m:   DEPRECATED FEATURE: `client_fn` now expects a signature `def client_fn(context: Context)`.The provided `client_fn` has signature: {'cid': <Parameter "cid: str">}. You can import the `Context` like this: `from flwr.app import Context`[32m [repeated 10x across cluster][0m
[36m(ClientAppActor pid=961661)[0m             This is a deprecated feature. It will be removed[32m [repeated 10x across cluster][0m
[36m(ClientAppActor pid=961661)[0m             entirely in future versions of Flower.[32m [repeated 10x across cluster][0m
[36m(ClientAppActor pid=961662)[0m 
[36m(ClientAppActor pid=961662)[0m         
[36m(ClientAppActor pid=961664)[0m 
[36m(ClientAppActor pid=961664)[0m         
[36m(ClientAppActor pid=961663)[0m 
[36m(ClientAppActor pid=961663)[0m         
[36m(ClientAppActor pid=961660)[0m 
[36m(ClientAppActor pid=961660)[0m         
[92mINFO [0m:      aggregate_evaluate: received 5 results and 0 failures
[92mINFO [0m:      
[92mINFO [0m:      [SUMMARY]
[92mINFO [0m:      Run finished 10 round(s) in 268.70s
[92mINFO [0m:      	History (loss, distributed):
[92mINFO [0m:      		round 1: 2.1974666623078902
[92mINFO [0m:      		round 2: 1.8406311449121122
[92mINFO [0m:      		round 3: 1.9032225317301965
[92mINFO [0m:      		round 4: 1.8287092198689683
[92mINFO [0m:      		round 5: 1.8903018321130884
[92mINFO [0m:      		round 6: 1.9317119193701995
[92mINFO [0m:      		round 7: 1.741011742450276
[92mINFO [0m:      		round 8: 1.7689482024391923
[92mINFO [0m:      		round 9: 1.770877062105665
[92mINFO [0m:      		round 10: 1.7728771269202184
[92mINFO [0m:      	History (loss, centralized):
[92mINFO [0m:      		round 0: 2.303450044631958
[92mINFO [0m:      		round 1: 2.1962728691101074
[92mINFO [0m:      		round 2: 1.837986487197876
[92mINFO [0m:      		round 3: 1.8937759721755982
[92mINFO [0m:      		round 4: 1.820110471725464
[92mINFO [0m:      		round 5: 1.8710886917114258
[92mINFO [0m:      		round 6: 1.9044033466339112
[92mINFO [0m:      		round 7: 1.7220807159423828
[92mINFO [0m:      		round 8: 1.7408504640579223
[92mINFO [0m:      		round 9: 1.7449040311813355
[92mINFO [0m:      		round 10: 1.7401222375869752
[92mINFO [0m:      	History (metrics, distributed, fit):
[92mINFO [0m:      	{'avg_flops_per_client_round': [(1, 8140624189440.0),
[92mINFO [0m:      	                                (2, 8140624189440.0),
[92mINFO [0m:      	                                (3, 8140624189440.0),
[92mINFO [0m:      	                                (4, 8140624189440.0),
[92mINFO [0m:      	                                (5, 8140624189440.0),
[92mINFO [0m:      	                                (6, 8140624189440.0),
[92mINFO [0m:      	                                (7, 8140624189440.0),
[92mINFO [0m:      	                                (8, 8140624189440.0),
[92mINFO [0m:      	                                (9, 8140624189440.0),
[92mINFO [0m:      	                                (10, 8140624189440.0)],
[92mINFO [0m:      	 'total_flops_round': [(1, 40703120947200),
[92mINFO [0m:      	                       (2, 40703120947200),
[92mINFO [0m:      	                       (3, 40703120947200),
[92mINFO [0m:      	                       (4, 40703120947200),
[92mINFO [0m:      	                       (5, 40703120947200),
[92mINFO [0m:      	                       (6, 40703120947200),
[92mINFO [0m:      	                       (7, 40703120947200),
[92mINFO [0m:      	                       (8, 40703120947200),
[92mINFO [0m:      	                       (9, 40703120947200),
[92mINFO [0m:      	                       (10, 40703120947200)]}
[92mINFO [0m:      	History (metrics, distributed, evaluate):
[92mINFO [0m:      	{'accuracy': [(1, 0.2879151660664266),
[92mINFO [0m:      	              (2, 0.42436974789915966),
[92mINFO [0m:      	              (3, 0.47078831532613047),
[92mINFO [0m:      	              (4, 0.4885954381752701),
[92mINFO [0m:      	              (5, 0.501000400160064),
[92mINFO [0m:      	              (6, 0.5282112845138055),
[92mINFO [0m:      	              (7, 0.5342136854741897),
[92mINFO [0m:      	              (8, 0.5520208083233293),
[92mINFO [0m:      	              (9, 0.5592236894757903),
[92mINFO [0m:      	              (10, 0.5612244897959183)],
[92mINFO [0m:      	 'loss': [(1, 2.1974666623078902),
[92mINFO [0m:      	          (2, 1.8406311449121122),
[92mINFO [0m:      	          (3, 1.9032225317301965),
[92mINFO [0m:      	          (4, 1.8287092198689683),
[92mINFO [0m:      	          (5, 1.8903018321130884),
[92mINFO [0m:      	          (6, 1.9317119193701995),
[92mINFO [0m:      	          (7, 1.741011742450276),
[92mINFO [0m:      	          (8, 1.7689482024391923),
[92mINFO [0m:      	          (9, 1.770877062105665),
[92mINFO [0m:      	          (10, 1.7728771269202184)]}
[92mINFO [0m:      	History (metrics, centralized):
[92mINFO [0m:      	{'accuracy': [(0, 0.1),
[92mINFO [0m:      	              (1, 0.281),
[92mINFO [0m:      	              (2, 0.4322),
[92mINFO [0m:      	              (3, 0.4823),
[92mINFO [0m:      	              (4, 0.4964),
[92mINFO [0m:      	              (5, 0.5084),
[92mINFO [0m:      	              (6, 0.5356),
[92mINFO [0m:      	              (7, 0.5446),
[92mINFO [0m:      	              (8, 0.5606),
[92mINFO [0m:      	              (9, 0.5636),
[92mINFO [0m:      	              (10, 0.5667)],
[92mINFO [0m:      	 'loss': [(0, 2.303450044631958),
[92mINFO [0m:      	          (1, 2.1962728691101074),
[92mINFO [0m:      	          (2, 1.837986487197876),
[92mINFO [0m:      	          (3, 1.8937759721755982),
[92mINFO [0m:      	          (4, 1.820110471725464),
[92mINFO [0m:      	          (5, 1.8710886917114258),
[92mINFO [0m:      	          (6, 1.9044033466339112),
[92mINFO [0m:      	          (7, 1.7220807159423828),
[92mINFO [0m:      	          (8, 1.7408504640579223),
[92mINFO [0m:      	          (9, 1.7449040311813355),
[92mINFO [0m:      	          (10, 1.7401222375869752)]}
[92mINFO [0m:      
Treinando no dispositivo: cuda:0 com o dataset: CIFAR10 | Setup clientes: 5 (num_gpus por cliente=0.2) | SEED=50 | Método: FedProx (mu=0.01)
FLOPS por amostra (forward): 6.030e+07 | (forward+backward, 3x): 1.809e+08
Files already downloaded and verified
Files already downloaded and verified
Dividindo o dataset usando a distribuição de Dirichlet com alpha=0.01.
Iniciando a simulação de Aprendizado Federado...
=== Diagnóstico de Medição de GPU ===
  pynvml_disponivel: True
  pynvml_versao: 580.173.02
  gpus_detectadas: 1
  leitura_potencia_ok: True
  potencia_atual_W: 113.672

--- Rodada 0 - Avaliação Centralizada (Servidor) ---
Loss (Servidor): 2.3035 | Acurácia (Servidor): 0.1000

--- Rodada 1 - Avaliação Centralizada (Servidor) ---
Loss (Servidor): 2.1963 | Acurácia (Servidor): 0.2810
--- Avaliação Agregada (Clientes) ---
Loss Média (Clientes): 2.1975 | Acurácia Média (Clientes): 0.2879

--- Rodada 2 - Avaliação Centralizada (Servidor) ---
Loss (Servidor): 1.8380 | Acurácia (Servidor): 0.4322
--- Avaliação Agregada (Clientes) ---
Loss Média (Clientes): 1.8406 | Acurácia Média (Clientes): 0.4244

--- Rodada 3 - Avaliação Centralizada (Servidor) ---
Loss (Servidor): 1.8938 | Acurácia (Servidor): 0.4823
--- Avaliação Agregada (Clientes) ---
Loss Média (Clientes): 1.9032 | Acurácia Média (Clientes): 0.4708

--- Rodada 4 - Avaliação Centralizada (Servidor) ---
Loss (Servidor): 1.8201 | Acurácia (Servidor): 0.4964
--- Avaliação Agregada (Clientes) ---
Loss Média (Clientes): 1.8287 | Acurácia Média (Clientes): 0.4886

--- Rodada 5 - Avaliação Centralizada (Servidor) ---
Loss (Servidor): 1.8711 | Acurácia (Servidor): 0.5084
--- Avaliação Agregada (Clientes) ---
Loss Média (Clientes): 1.8903 | Acurácia Média (Clientes): 0.5010

--- Rodada 6 - Avaliação Centralizada (Servidor) ---
Loss (Servidor): 1.9044 | Acurácia (Servidor): 0.5356
--- Avaliação Agregada (Clientes) ---
Loss Média (Clientes): 1.9317 | Acurácia Média (Clientes): 0.5282

--- Rodada 7 - Avaliação Centralizada (Servidor) ---
Loss (Servidor): 1.7221 | Acurácia (Servidor): 0.5446
--- Avaliação Agregada (Clientes) ---
Loss Média (Clientes): 1.7410 | Acurácia Média (Clientes): 0.5342

--- Rodada 8 - Avaliação Centralizada (Servidor) ---
Loss (Servidor): 1.7409 | Acurácia (Servidor): 0.5606
--- Avaliação Agregada (Clientes) ---
Loss Média (Clientes): 1.7689 | Acurácia Média (Clientes): 0.5520

--- Rodada 9 - Avaliação Centralizada (Servidor) ---
Loss (Servidor): 1.7449 | Acurácia (Servidor): 0.5636
--- Avaliação Agregada (Clientes) ---
Loss Média (Clientes): 1.7709 | Acurácia Média (Clientes): 0.5592

--- Rodada 10 - Avaliação Centralizada (Servidor) ---
Loss (Servidor): 1.7401 | Acurácia (Servidor): 0.5667
--- Avaliação Agregada (Clientes) ---
Loss Média (Clientes): 1.7729 | Acurácia Média (Clientes): 0.5612

Resultados salvos em: /home/tiago/GitHubProjects/fedhad-thesis-2/FedProx-results/1.1_diagnostico_drift/CIFAR10/FedProx__CIFAR10__Setup-5__Clients-5__Rounds-10__Delay-0_05__Alpha-0_01__Seed-50.txt
[36m(ClientAppActor pid=961660)[0m [93mWARNING [0m:   DEPRECATED FEATURE: `client_fn` now expects a signature `def client_fn(context: Context)`.The provided `client_fn` has signature: {'cid': <Parameter "cid: str">}. You can import the `Context` like this: `from flwr.app import Context`[32m [repeated 4x across cluster][0m
[36m(ClientAppActor pid=961660)[0m             This is a deprecated feature. It will be removed[32m [repeated 4x across cluster][0m
[36m(ClientAppActor pid=961660)[0m             entirely in future versions of Flower.[32m [repeated 4x across cluster][0m
