[codecarbon WARNING @ 15:20:10] Multiple instances of codecarbon are allowed to run at the same time.
[93mWARNING [0m:   DEPRECATED FEATURE: flwr.simulation.start_simulation() is deprecated.
	Instead, use the `flwr run` CLI command to start a local simulation in your Flower app, as shown for example below:

		$ flwr new  # Create a new Flower app from a template

		$ flwr run  # Run the Flower app in Simulation Mode

	Using `start_simulation()` is deprecated.

            This is a deprecated feature. It will be removed
            entirely in future versions of Flower.
        
[92mINFO [0m:      Starting Flower simulation, config: num_rounds=10, no round_timeout
2026-09-04 15:20:19,132	INFO worker.py:2012 -- Started a local Ray instance.
/home/tiago/GitHubProjects/fedhad-thesis-2/env_flwr_pt/lib/python3.12/site-packages/ray/_private/worker.py:2051: FutureWarning: Tip: In future versions of Ray, Ray will no longer override accelerator visible devices env var if num_gpus=0 or num_gpus=None (default). To enable this behavior and turn off this error message, set RAY_ACCEL_ENV_VAR_OVERRIDE_ON_ZERO=0
  warnings.warn(
[92mINFO [0m:      Flower VCE: Ray initialized with resources: {'object_store_memory': 77538700492.0, 'node:__internal_head__': 1.0, 'GPU': 1.0, 'memory': 180923634484.0, 'accelerator_type:A40': 1.0, 'node:10.129.64.100': 1.0, 'CPU': 64.0}
[92mINFO [0m:      Optimize your simulation with Flower VCE: https://flower.ai/docs/framework/how-to-run-simulations.html
/home/tiago/GitHubProjects/fedhad-thesis-2/FedProx_Final.py:1601: UserWarning: No `num_cpus` specified in `client_resources`. Using `num_cpus=1` for each client.
  history = fl.simulation.start_simulation(
[92mINFO [0m:      Flower VCE: Resources for each Virtual Client: {'num_gpus': 0.2, 'num_cpus': 1}
[92mINFO [0m:      Flower VCE: Creating VirtualClientEngineActorPool with 5 actors
[92mINFO [0m:      [INIT]
[92mINFO [0m:      Requesting initial parameters from one random client
[36m(ClientAppActor pid=856893)[0m [93mWARNING [0m:   DEPRECATED FEATURE: `client_fn` now expects a signature `def client_fn(context: Context)`.The provided `client_fn` has signature: {'cid': <Parameter "cid: str">}. You can import the `Context` like this: `from flwr.app import Context`
[36m(ClientAppActor pid=856893)[0m 
[36m(ClientAppActor pid=856893)[0m             This is a deprecated feature. It will be removed
[36m(ClientAppActor pid=856893)[0m             entirely in future versions of Flower.
[36m(ClientAppActor pid=856893)[0m         
[92mINFO [0m:      Received initial parameters from one random client
[92mINFO [0m:      Starting evaluation of initial global parameters
[92mINFO [0m:      initial parameters (loss, other metrics): 2.3035864559173582, {'accuracy': 0.1, 'loss': 2.3035864559173582}
[92mINFO [0m:      
[92mINFO [0m:      [ROUND 1]
[92mINFO [0m:      configure_fit: strategy sampled 5 clients (out of 5)
[36m(ClientAppActor pid=856893)[0m [93mWARNING [0m:   DEPRECATED FEATURE: `client_fn` now expects a signature `def client_fn(context: Context)`.The provided `client_fn` has signature: {'cid': <Parameter "cid: str">}. You can import the `Context` like this: `from flwr.app import Context`
[36m(ClientAppActor pid=856893)[0m 
[36m(ClientAppActor pid=856893)[0m             This is a deprecated feature. It will be removed
[36m(ClientAppActor pid=856893)[0m             entirely in future versions of Flower.
[36m(ClientAppActor pid=856893)[0m         
[36m(ClientAppActor pid=856892)[0m 
[36m(ClientAppActor pid=856892)[0m         
[36m(ClientAppActor pid=856890)[0m 
[36m(ClientAppActor pid=856890)[0m         
[36m(ClientAppActor pid=856891)[0m 
[36m(ClientAppActor pid=856891)[0m         
[36m(ClientAppActor pid=856889)[0m 
[36m(ClientAppActor pid=856889)[0m         
[92mINFO [0m:      aggregate_fit: received 5 results and 0 failures
[92mINFO [0m:      fit progress: (1, 2.254407844543457, {'accuracy': 0.1514, 'loss': 2.254407844543457}, 23.717661520990077)
[92mINFO [0m:      configure_evaluate: strategy sampled 5 clients (out of 5)
[36m(ClientAppActor pid=856890)[0m 
[36m(ClientAppActor pid=856890)[0m         
[36m(ClientAppActor pid=856890)[0m [93mWARNING [0m:   DEPRECATED FEATURE: `client_fn` now expects a signature `def client_fn(context: Context)`.The provided `client_fn` has signature: {'cid': <Parameter "cid: str">}. You can import the `Context` like this: `from flwr.app import Context`[32m [repeated 5x across cluster] (Ray deduplicates logs by default. Set RAY_DEDUP_LOGS=0 to disable log deduplication, or see https://docs.ray.io/en/master/ray-observability/user-guides/configure-logging.html#log-deduplication for more options.)[0m
[36m(ClientAppActor pid=856890)[0m             This is a deprecated feature. It will be removed[32m [repeated 5x across cluster][0m
[36m(ClientAppActor pid=856890)[0m             entirely in future versions of Flower.[32m [repeated 5x across cluster][0m
[36m(ClientAppActor pid=856892)[0m 
[36m(ClientAppActor pid=856892)[0m         
[36m(ClientAppActor pid=856893)[0m 
[36m(ClientAppActor pid=856893)[0m         
[36m(ClientAppActor pid=856889)[0m 
[36m(ClientAppActor pid=856889)[0m         
[36m(ClientAppActor pid=856891)[0m 
[36m(ClientAppActor pid=856891)[0m         
[92mINFO [0m:      aggregate_evaluate: received 5 results and 0 failures
[92mINFO [0m:      
[92mINFO [0m:      [ROUND 2]
[92mINFO [0m:      configure_fit: strategy sampled 5 clients (out of 5)
[36m(ClientAppActor pid=856891)[0m 
[36m(ClientAppActor pid=856891)[0m         
[36m(ClientAppActor pid=856889)[0m 
[36m(ClientAppActor pid=856889)[0m         
[36m(ClientAppActor pid=856892)[0m 
[36m(ClientAppActor pid=856892)[0m         
[36m(ClientAppActor pid=856893)[0m 
[36m(ClientAppActor pid=856893)[0m         
[36m(ClientAppActor pid=856890)[0m 
[36m(ClientAppActor pid=856890)[0m         
[92mINFO [0m:      aggregate_fit: received 5 results and 0 failures
[92mINFO [0m:      fit progress: (2, 1.6550511363983154, {'accuracy': 0.4987, 'loss': 1.6550511363983154}, 46.19105053099338)
[92mINFO [0m:      configure_evaluate: strategy sampled 5 clients (out of 5)
[36m(ClientAppActor pid=856890)[0m 
[36m(ClientAppActor pid=856890)[0m         
[36m(ClientAppActor pid=856890)[0m [93mWARNING [0m:   DEPRECATED FEATURE: `client_fn` now expects a signature `def client_fn(context: Context)`.The provided `client_fn` has signature: {'cid': <Parameter "cid: str">}. You can import the `Context` like this: `from flwr.app import Context`[32m [repeated 10x across cluster][0m
[36m(ClientAppActor pid=856890)[0m             This is a deprecated feature. It will be removed[32m [repeated 10x across cluster][0m
[36m(ClientAppActor pid=856890)[0m             entirely in future versions of Flower.[32m [repeated 10x across cluster][0m
[36m(ClientAppActor pid=856892)[0m 
[36m(ClientAppActor pid=856892)[0m         
[36m(ClientAppActor pid=856891)[0m 
[36m(ClientAppActor pid=856891)[0m         
[36m(ClientAppActor pid=856889)[0m 
[36m(ClientAppActor pid=856889)[0m         
[36m(ClientAppActor pid=856893)[0m 
[36m(ClientAppActor pid=856893)[0m         
[92mINFO [0m:      aggregate_evaluate: received 5 results and 0 failures
[92mINFO [0m:      
[92mINFO [0m:      [ROUND 3]
[92mINFO [0m:      configure_fit: strategy sampled 5 clients (out of 5)
[36m(ClientAppActor pid=856893)[0m 
[36m(ClientAppActor pid=856893)[0m         
[36m(ClientAppActor pid=856889)[0m 
[36m(ClientAppActor pid=856889)[0m         
[36m(ClientAppActor pid=856891)[0m 
[36m(ClientAppActor pid=856891)[0m         
[36m(ClientAppActor pid=856892)[0m 
[36m(ClientAppActor pid=856892)[0m         
[36m(ClientAppActor pid=856890)[0m 
[36m(ClientAppActor pid=856890)[0m         
[92mINFO [0m:      aggregate_fit: received 5 results and 0 failures
[92mINFO [0m:      fit progress: (3, 1.4628033798217774, {'accuracy': 0.5585, 'loss': 1.4628033798217774}, 68.83405466901604)
[92mINFO [0m:      configure_evaluate: strategy sampled 5 clients (out of 5)
[36m(ClientAppActor pid=856893)[0m 
[36m(ClientAppActor pid=856893)[0m         
[36m(ClientAppActor pid=856893)[0m [93mWARNING [0m:   DEPRECATED FEATURE: `client_fn` now expects a signature `def client_fn(context: Context)`.The provided `client_fn` has signature: {'cid': <Parameter "cid: str">}. You can import the `Context` like this: `from flwr.app import Context`[32m [repeated 10x across cluster][0m
[36m(ClientAppActor pid=856893)[0m             This is a deprecated feature. It will be removed[32m [repeated 10x across cluster][0m
[36m(ClientAppActor pid=856893)[0m             entirely in future versions of Flower.[32m [repeated 10x across cluster][0m
[36m(ClientAppActor pid=856891)[0m 
[36m(ClientAppActor pid=856891)[0m         
[36m(ClientAppActor pid=856889)[0m 
[36m(ClientAppActor pid=856889)[0m         
[36m(ClientAppActor pid=856892)[0m 
[36m(ClientAppActor pid=856892)[0m         
[36m(ClientAppActor pid=856890)[0m 
[36m(ClientAppActor pid=856890)[0m         
[92mINFO [0m:      aggregate_evaluate: received 5 results and 0 failures
[92mINFO [0m:      
[92mINFO [0m:      [ROUND 4]
[92mINFO [0m:      configure_fit: strategy sampled 5 clients (out of 5)
[36m(ClientAppActor pid=856890)[0m 
[36m(ClientAppActor pid=856890)[0m         
[36m(ClientAppActor pid=856892)[0m 
[36m(ClientAppActor pid=856892)[0m         
[36m(ClientAppActor pid=856889)[0m 
[36m(ClientAppActor pid=856889)[0m         
[36m(ClientAppActor pid=856891)[0m 
[36m(ClientAppActor pid=856891)[0m         
[36m(ClientAppActor pid=856893)[0m 
[36m(ClientAppActor pid=856893)[0m         
[92mINFO [0m:      aggregate_fit: received 5 results and 0 failures
[92mINFO [0m:      fit progress: (4, 1.4694660858154296, {'accuracy': 0.574, 'loss': 1.4694660858154296}, 90.81161091197282)
[92mINFO [0m:      configure_evaluate: strategy sampled 5 clients (out of 5)
[36m(ClientAppActor pid=856892)[0m 
[36m(ClientAppActor pid=856892)[0m         
[36m(ClientAppActor pid=856892)[0m [93mWARNING [0m:   DEPRECATED FEATURE: `client_fn` now expects a signature `def client_fn(context: Context)`.The provided `client_fn` has signature: {'cid': <Parameter "cid: str">}. You can import the `Context` like this: `from flwr.app import Context`[32m [repeated 10x across cluster][0m
[36m(ClientAppActor pid=856892)[0m             This is a deprecated feature. It will be removed[32m [repeated 10x across cluster][0m
[36m(ClientAppActor pid=856892)[0m             entirely in future versions of Flower.[32m [repeated 10x across cluster][0m
[36m(ClientAppActor pid=856889)[0m 
[36m(ClientAppActor pid=856889)[0m         
[36m(ClientAppActor pid=856891)[0m 
[36m(ClientAppActor pid=856891)[0m         
[36m(ClientAppActor pid=856893)[0m 
[36m(ClientAppActor pid=856893)[0m         
[36m(ClientAppActor pid=856890)[0m 
[36m(ClientAppActor pid=856890)[0m         
[92mINFO [0m:      aggregate_evaluate: received 5 results and 0 failures
[92mINFO [0m:      
[92mINFO [0m:      [ROUND 5]
[92mINFO [0m:      configure_fit: strategy sampled 5 clients (out of 5)
[36m(ClientAppActor pid=856890)[0m 
[36m(ClientAppActor pid=856890)[0m         
[36m(ClientAppActor pid=856893)[0m 
[36m(ClientAppActor pid=856893)[0m         
[36m(ClientAppActor pid=856891)[0m 
[36m(ClientAppActor pid=856891)[0m         
[36m(ClientAppActor pid=856889)[0m 
[36m(ClientAppActor pid=856889)[0m         
[36m(ClientAppActor pid=856892)[0m 
[36m(ClientAppActor pid=856892)[0m         
[92mINFO [0m:      aggregate_fit: received 5 results and 0 failures
[92mINFO [0m:      fit progress: (5, 1.3657879041671752, {'accuracy': 0.5982, 'loss': 1.3657879041671752}, 113.41694523202023)
[92mINFO [0m:      configure_evaluate: strategy sampled 5 clients (out of 5)
[36m(ClientAppActor pid=856892)[0m 
[36m(ClientAppActor pid=856892)[0m         
[36m(ClientAppActor pid=856892)[0m [93mWARNING [0m:   DEPRECATED FEATURE: `client_fn` now expects a signature `def client_fn(context: Context)`.The provided `client_fn` has signature: {'cid': <Parameter "cid: str">}. You can import the `Context` like this: `from flwr.app import Context`[32m [repeated 10x across cluster][0m
[36m(ClientAppActor pid=856892)[0m             This is a deprecated feature. It will be removed[32m [repeated 10x across cluster][0m
[36m(ClientAppActor pid=856892)[0m             entirely in future versions of Flower.[32m [repeated 10x across cluster][0m
[36m(ClientAppActor pid=856893)[0m 
[36m(ClientAppActor pid=856893)[0m         
[36m(ClientAppActor pid=856889)[0m 
[36m(ClientAppActor pid=856889)[0m         
[36m(ClientAppActor pid=856891)[0m 
[36m(ClientAppActor pid=856891)[0m         
[36m(ClientAppActor pid=856890)[0m 
[36m(ClientAppActor pid=856890)[0m         
[92mINFO [0m:      aggregate_evaluate: received 5 results and 0 failures
[92mINFO [0m:      
[92mINFO [0m:      [ROUND 6]
[92mINFO [0m:      configure_fit: strategy sampled 5 clients (out of 5)
[36m(ClientAppActor pid=856890)[0m 
[36m(ClientAppActor pid=856890)[0m         
[36m(ClientAppActor pid=856891)[0m 
[36m(ClientAppActor pid=856891)[0m         
[36m(ClientAppActor pid=856889)[0m 
[36m(ClientAppActor pid=856889)[0m         
[36m(ClientAppActor pid=856893)[0m 
[36m(ClientAppActor pid=856893)[0m         
[36m(ClientAppActor pid=856892)[0m 
[36m(ClientAppActor pid=856892)[0m         
[92mINFO [0m:      aggregate_fit: received 5 results and 0 failures
[92mINFO [0m:      fit progress: (6, 1.3832052532196044, {'accuracy': 0.6019, 'loss': 1.3832052532196044}, 135.87181592098204)
[92mINFO [0m:      configure_evaluate: strategy sampled 5 clients (out of 5)
[36m(ClientAppActor pid=856891)[0m 
[36m(ClientAppActor pid=856891)[0m         
[36m(ClientAppActor pid=856891)[0m [93mWARNING [0m:   DEPRECATED FEATURE: `client_fn` now expects a signature `def client_fn(context: Context)`.The provided `client_fn` has signature: {'cid': <Parameter "cid: str">}. You can import the `Context` like this: `from flwr.app import Context`[32m [repeated 10x across cluster][0m
[36m(ClientAppActor pid=856891)[0m             This is a deprecated feature. It will be removed[32m [repeated 10x across cluster][0m
[36m(ClientAppActor pid=856891)[0m             entirely in future versions of Flower.[32m [repeated 10x across cluster][0m
[36m(ClientAppActor pid=856893)[0m 
[36m(ClientAppActor pid=856893)[0m         
[36m(ClientAppActor pid=856889)[0m 
[36m(ClientAppActor pid=856889)[0m         
[36m(ClientAppActor pid=856890)[0m 
[36m(ClientAppActor pid=856890)[0m         
[36m(ClientAppActor pid=856892)[0m 
[36m(ClientAppActor pid=856892)[0m         
[92mINFO [0m:      aggregate_evaluate: received 5 results and 0 failures
[92mINFO [0m:      
[92mINFO [0m:      [ROUND 7]
[92mINFO [0m:      configure_fit: strategy sampled 5 clients (out of 5)
[36m(ClientAppActor pid=856892)[0m 
[36m(ClientAppActor pid=856892)[0m         
[36m(ClientAppActor pid=856890)[0m 
[36m(ClientAppActor pid=856890)[0m         
[36m(ClientAppActor pid=856889)[0m 
[36m(ClientAppActor pid=856889)[0m         
[36m(ClientAppActor pid=856893)[0m 
[36m(ClientAppActor pid=856893)[0m         
[36m(ClientAppActor pid=856891)[0m 
[36m(ClientAppActor pid=856891)[0m         
[92mINFO [0m:      aggregate_fit: received 5 results and 0 failures
[92mINFO [0m:      fit progress: (7, 1.323699393081665, {'accuracy': 0.6233, 'loss': 1.323699393081665}, 158.99317339697154)
[92mINFO [0m:      configure_evaluate: strategy sampled 5 clients (out of 5)
[36m(ClientAppActor pid=856891)[0m 
[36m(ClientAppActor pid=856891)[0m         
[36m(ClientAppActor pid=856891)[0m [93mWARNING [0m:   DEPRECATED FEATURE: `client_fn` now expects a signature `def client_fn(context: Context)`.The provided `client_fn` has signature: {'cid': <Parameter "cid: str">}. You can import the `Context` like this: `from flwr.app import Context`[32m [repeated 10x across cluster][0m
[36m(ClientAppActor pid=856891)[0m             This is a deprecated feature. It will be removed[32m [repeated 10x across cluster][0m
[36m(ClientAppActor pid=856891)[0m             entirely in future versions of Flower.[32m [repeated 10x across cluster][0m
[36m(ClientAppActor pid=856893)[0m 
[36m(ClientAppActor pid=856893)[0m         
[36m(ClientAppActor pid=856892)[0m 
[36m(ClientAppActor pid=856892)[0m         
[36m(ClientAppActor pid=856890)[0m 
[36m(ClientAppActor pid=856890)[0m         
[36m(ClientAppActor pid=856889)[0m 
[36m(ClientAppActor pid=856889)[0m         
[92mINFO [0m:      aggregate_evaluate: received 5 results and 0 failures
[92mINFO [0m:      
[92mINFO [0m:      [ROUND 8]
[92mINFO [0m:      configure_fit: strategy sampled 5 clients (out of 5)
[36m(ClientAppActor pid=856889)[0m 
[36m(ClientAppActor pid=856889)[0m         
[36m(ClientAppActor pid=856890)[0m 
[36m(ClientAppActor pid=856890)[0m         
[36m(ClientAppActor pid=856893)[0m 
[36m(ClientAppActor pid=856893)[0m         
[36m(ClientAppActor pid=856892)[0m 
[36m(ClientAppActor pid=856892)[0m         
[36m(ClientAppActor pid=856891)[0m 
[36m(ClientAppActor pid=856891)[0m         
[92mINFO [0m:      aggregate_fit: received 5 results and 0 failures
[92mINFO [0m:      fit progress: (8, 1.2314228099823, {'accuracy': 0.6382, 'loss': 1.2314228099823}, 182.17096314998344)
[92mINFO [0m:      configure_evaluate: strategy sampled 5 clients (out of 5)
[36m(ClientAppActor pid=856891)[0m 
[36m(ClientAppActor pid=856891)[0m         
[36m(ClientAppActor pid=856891)[0m [93mWARNING [0m:   DEPRECATED FEATURE: `client_fn` now expects a signature `def client_fn(context: Context)`.The provided `client_fn` has signature: {'cid': <Parameter "cid: str">}. You can import the `Context` like this: `from flwr.app import Context`[32m [repeated 10x across cluster][0m
[36m(ClientAppActor pid=856891)[0m             This is a deprecated feature. It will be removed[32m [repeated 10x across cluster][0m
[36m(ClientAppActor pid=856891)[0m             entirely in future versions of Flower.[32m [repeated 10x across cluster][0m
[36m(ClientAppActor pid=856889)[0m 
[36m(ClientAppActor pid=856889)[0m         
[36m(ClientAppActor pid=856892)[0m 
[36m(ClientAppActor pid=856892)[0m         
[36m(ClientAppActor pid=856893)[0m 
[36m(ClientAppActor pid=856893)[0m         
[36m(ClientAppActor pid=856890)[0m 
[36m(ClientAppActor pid=856890)[0m         
[92mINFO [0m:      aggregate_evaluate: received 5 results and 0 failures
[92mINFO [0m:      
[92mINFO [0m:      [ROUND 9]
[92mINFO [0m:      configure_fit: strategy sampled 5 clients (out of 5)
[36m(ClientAppActor pid=856890)[0m 
[36m(ClientAppActor pid=856890)[0m         
[36m(ClientAppActor pid=856893)[0m 
[36m(ClientAppActor pid=856893)[0m         
[36m(ClientAppActor pid=856892)[0m 
[36m(ClientAppActor pid=856892)[0m         
[36m(ClientAppActor pid=856889)[0m 
[36m(ClientAppActor pid=856889)[0m         
[36m(ClientAppActor pid=856891)[0m 
[36m(ClientAppActor pid=856891)[0m         
[92mINFO [0m:      aggregate_fit: received 5 results and 0 failures
[92mINFO [0m:      fit progress: (9, 1.2844343868255614, {'accuracy': 0.6393, 'loss': 1.2844343868255614}, 205.13811263401294)
[92mINFO [0m:      configure_evaluate: strategy sampled 5 clients (out of 5)
[36m(ClientAppActor pid=856891)[0m 
[36m(ClientAppActor pid=856891)[0m         
[36m(ClientAppActor pid=856891)[0m [93mWARNING [0m:   DEPRECATED FEATURE: `client_fn` now expects a signature `def client_fn(context: Context)`.The provided `client_fn` has signature: {'cid': <Parameter "cid: str">}. You can import the `Context` like this: `from flwr.app import Context`[32m [repeated 10x across cluster][0m
[36m(ClientAppActor pid=856891)[0m             This is a deprecated feature. It will be removed[32m [repeated 10x across cluster][0m
[36m(ClientAppActor pid=856891)[0m             entirely in future versions of Flower.[32m [repeated 10x across cluster][0m
[36m(ClientAppActor pid=856889)[0m 
[36m(ClientAppActor pid=856889)[0m         
[36m(ClientAppActor pid=856890)[0m 
[36m(ClientAppActor pid=856890)[0m         
[36m(ClientAppActor pid=856893)[0m 
[36m(ClientAppActor pid=856893)[0m         
[36m(ClientAppActor pid=856892)[0m 
[36m(ClientAppActor pid=856892)[0m         
[92mINFO [0m:      aggregate_evaluate: received 5 results and 0 failures
[92mINFO [0m:      
[92mINFO [0m:      [ROUND 10]
[92mINFO [0m:      configure_fit: strategy sampled 5 clients (out of 5)
[36m(ClientAppActor pid=856892)[0m 
[36m(ClientAppActor pid=856892)[0m         
[36m(ClientAppActor pid=856893)[0m 
[36m(ClientAppActor pid=856893)[0m         
[36m(ClientAppActor pid=856890)[0m 
[36m(ClientAppActor pid=856890)[0m         
[36m(ClientAppActor pid=856891)[0m 
[36m(ClientAppActor pid=856891)[0m         
[36m(ClientAppActor pid=856889)[0m 
[36m(ClientAppActor pid=856889)[0m         
[92mINFO [0m:      aggregate_fit: received 5 results and 0 failures
[92mINFO [0m:      fit progress: (10, 1.1639952310562134, {'accuracy': 0.6533, 'loss': 1.1639952310562134}, 227.67745718697552)
[92mINFO [0m:      configure_evaluate: strategy sampled 5 clients (out of 5)
[36m(ClientAppActor pid=856891)[0m 
[36m(ClientAppActor pid=856891)[0m         
[36m(ClientAppActor pid=856891)[0m [93mWARNING [0m:   DEPRECATED FEATURE: `client_fn` now expects a signature `def client_fn(context: Context)`.The provided `client_fn` has signature: {'cid': <Parameter "cid: str">}. You can import the `Context` like this: `from flwr.app import Context`[32m [repeated 10x across cluster][0m
[36m(ClientAppActor pid=856891)[0m             This is a deprecated feature. It will be removed[32m [repeated 10x across cluster][0m
[36m(ClientAppActor pid=856891)[0m             entirely in future versions of Flower.[32m [repeated 10x across cluster][0m
[36m(ClientAppActor pid=856889)[0m 
[36m(ClientAppActor pid=856889)[0m         
[36m(ClientAppActor pid=856892)[0m 
[36m(ClientAppActor pid=856892)[0m         
[36m(ClientAppActor pid=856893)[0m 
[36m(ClientAppActor pid=856893)[0m         
[36m(ClientAppActor pid=856890)[0m 
[36m(ClientAppActor pid=856890)[0m         
[92mINFO [0m:      aggregate_evaluate: received 5 results and 0 failures
[92mINFO [0m:      
[92mINFO [0m:      [SUMMARY]
[92mINFO [0m:      Run finished 10 round(s) in 228.64s
[92mINFO [0m:      	History (loss, distributed):
[92mINFO [0m:      		round 1: 2.2549702750057543
[92mINFO [0m:      		round 2: 1.6450926409382112
[92mINFO [0m:      		round 3: 1.4530869878414108
[92mINFO [0m:      		round 4: 1.4634560694744367
[92mINFO [0m:      		round 5: 1.3627725906145363
[92mINFO [0m:      		round 6: 1.3877608997135364
[92mINFO [0m:      		round 7: 1.3215976348828797
[92mINFO [0m:      		round 8: 1.230885568060627
[92mINFO [0m:      		round 9: 1.2789438510564815
[92mINFO [0m:      		round 10: 1.148706402276315
[92mINFO [0m:      	History (loss, centralized):
[92mINFO [0m:      		round 0: 2.3035864559173582
[92mINFO [0m:      		round 1: 2.254407844543457
[92mINFO [0m:      		round 2: 1.6550511363983154
[92mINFO [0m:      		round 3: 1.4628033798217774
[92mINFO [0m:      		round 4: 1.4694660858154296
[92mINFO [0m:      		round 5: 1.3657879041671752
[92mINFO [0m:      		round 6: 1.3832052532196044
[92mINFO [0m:      		round 7: 1.323699393081665
[92mINFO [0m:      		round 8: 1.2314228099823
[92mINFO [0m:      		round 9: 1.2844343868255614
[92mINFO [0m:      		round 10: 1.1639952310562134
[92mINFO [0m:      	History (metrics, distributed, fit):
[92mINFO [0m:      	{'avg_flops_per_client_round': [(1, 8140624189440.0),
[92mINFO [0m:      	                                (2, 8140624189440.0),
[92mINFO [0m:      	                                (3, 8140624189440.0),
[92mINFO [0m:      	                                (4, 8140624189440.0),
[92mINFO [0m:      	                                (5, 8140624189440.0),
[92mINFO [0m:      	                                (6, 8140624189440.0),
[92mINFO [0m:      	                                (7, 8140624189440.0),
[92mINFO [0m:      	                                (8, 8140624189440.0),
[92mINFO [0m:      	                                (9, 8140624189440.0),
[92mINFO [0m:      	                                (10, 8140624189440.0)],
[92mINFO [0m:      	 'total_flops_round': [(1, 40703120947200),
[92mINFO [0m:      	                       (2, 40703120947200),
[92mINFO [0m:      	                       (3, 40703120947200),
[92mINFO [0m:      	                       (4, 40703120947200),
[92mINFO [0m:      	                       (5, 40703120947200),
[92mINFO [0m:      	                       (6, 40703120947200),
[92mINFO [0m:      	                       (7, 40703120947200),
[92mINFO [0m:      	                       (8, 40703120947200),
[92mINFO [0m:      	                       (9, 40703120947200),
[92mINFO [0m:      	                       (10, 40703120947200)]}
[92mINFO [0m:      	History (metrics, distributed, evaluate):
[92mINFO [0m:      	{'accuracy': [(1, 0.14945978391356543),
[92mINFO [0m:      	              (2, 0.49499799919967985),
[92mINFO [0m:      	              (3, 0.5590236094437775),
[92mINFO [0m:      	              (4, 0.5772308923569428),
[92mINFO [0m:      	              (5, 0.602641056422569),
[92mINFO [0m:      	              (6, 0.6094437775110044),
[92mINFO [0m:      	              (7, 0.6210484193677471),
[92mINFO [0m:      	              (8, 0.6414565826330533),
[92mINFO [0m:      	              (9, 0.6464585834333734),
[92mINFO [0m:      	              (10, 0.6624649859943977)],
[92mINFO [0m:      	 'loss': [(1, 2.2549702750057543),
[92mINFO [0m:      	          (2, 1.6450926409382112),
[92mINFO [0m:      	          (3, 1.4530869878414108),
[92mINFO [0m:      	          (4, 1.4634560694744367),
[92mINFO [0m:      	          (5, 1.3627725906145363),
[92mINFO [0m:      	          (6, 1.3877608997135364),
[92mINFO [0m:      	          (7, 1.3215976348828797),
[92mINFO [0m:      	          (8, 1.230885568060627),
[92mINFO [0m:      	          (9, 1.2789438510564815),
[92mINFO [0m:      	          (10, 1.148706402276315)]}
[92mINFO [0m:      	History (metrics, centralized):
[92mINFO [0m:      	{'accuracy': [(0, 0.1),
[92mINFO [0m:      	              (1, 0.1514),
[92mINFO [0m:      	              (2, 0.4987),
[92mINFO [0m:      	              (3, 0.5585),
[92mINFO [0m:      	              (4, 0.574),
[92mINFO [0m:      	              (5, 0.5982),
[92mINFO [0m:      	              (6, 0.6019),
[92mINFO [0m:      	              (7, 0.6233),
[92mINFO [0m:      	              (8, 0.6382),
[92mINFO [0m:      	              (9, 0.6393),
[92mINFO [0m:      	              (10, 0.6533)],
[92mINFO [0m:      	 'loss': [(0, 2.3035864559173582),
[92mINFO [0m:      	          (1, 2.254407844543457),
[92mINFO [0m:      	          (2, 1.6550511363983154),
[92mINFO [0m:      	          (3, 1.4628033798217774),
[92mINFO [0m:      	          (4, 1.4694660858154296),
[92mINFO [0m:      	          (5, 1.3657879041671752),
[92mINFO [0m:      	          (6, 1.3832052532196044),
[92mINFO [0m:      	          (7, 1.323699393081665),
[92mINFO [0m:      	          (8, 1.2314228099823),
[92mINFO [0m:      	          (9, 1.2844343868255614),
[92mINFO [0m:      	          (10, 1.1639952310562134)]}
[92mINFO [0m:      
Treinando no dispositivo: cuda:0 com o dataset: CIFAR10 | Setup clientes: 5 (num_gpus por cliente=0.2) | SEED=48 | Método: FedProx (mu=0.01)
FLOPS por amostra (forward): 6.030e+07 | (forward+backward, 3x): 1.809e+08
Files already downloaded and verified
Files already downloaded and verified
Dividindo o dataset usando a distribuição de Dirichlet com alpha=0.1.
Iniciando a simulação de Aprendizado Federado...
=== Diagnóstico de Medição de GPU ===
  pynvml_disponivel: True
  pynvml_versao: 580.173.02
  gpus_detectadas: 1
  leitura_potencia_ok: True
  potencia_atual_W: 114.031

--- Rodada 0 - Avaliação Centralizada (Servidor) ---
Loss (Servidor): 2.3036 | Acurácia (Servidor): 0.1000

--- Rodada 1 - Avaliação Centralizada (Servidor) ---
Loss (Servidor): 2.2544 | Acurácia (Servidor): 0.1514
--- Avaliação Agregada (Clientes) ---
Loss Média (Clientes): 2.2550 | Acurácia Média (Clientes): 0.1495

--- Rodada 2 - Avaliação Centralizada (Servidor) ---
Loss (Servidor): 1.6551 | Acurácia (Servidor): 0.4987
--- Avaliação Agregada (Clientes) ---
Loss Média (Clientes): 1.6451 | Acurácia Média (Clientes): 0.4950

--- Rodada 3 - Avaliação Centralizada (Servidor) ---
Loss (Servidor): 1.4628 | Acurácia (Servidor): 0.5585
--- Avaliação Agregada (Clientes) ---
Loss Média (Clientes): 1.4531 | Acurácia Média (Clientes): 0.5590

--- Rodada 4 - Avaliação Centralizada (Servidor) ---
Loss (Servidor): 1.4695 | Acurácia (Servidor): 0.5740
--- Avaliação Agregada (Clientes) ---
Loss Média (Clientes): 1.4635 | Acurácia Média (Clientes): 0.5772

--- Rodada 5 - Avaliação Centralizada (Servidor) ---
Loss (Servidor): 1.3658 | Acurácia (Servidor): 0.5982
--- Avaliação Agregada (Clientes) ---
Loss Média (Clientes): 1.3628 | Acurácia Média (Clientes): 0.6026

--- Rodada 6 - Avaliação Centralizada (Servidor) ---
Loss (Servidor): 1.3832 | Acurácia (Servidor): 0.6019
--- Avaliação Agregada (Clientes) ---
Loss Média (Clientes): 1.3878 | Acurácia Média (Clientes): 0.6094

--- Rodada 7 - Avaliação Centralizada (Servidor) ---
Loss (Servidor): 1.3237 | Acurácia (Servidor): 0.6233
--- Avaliação Agregada (Clientes) ---
Loss Média (Clientes): 1.3216 | Acurácia Média (Clientes): 0.6210

--- Rodada 8 - Avaliação Centralizada (Servidor) ---
Loss (Servidor): 1.2314 | Acurácia (Servidor): 0.6382
--- Avaliação Agregada (Clientes) ---
Loss Média (Clientes): 1.2309 | Acurácia Média (Clientes): 0.6415

--- Rodada 9 - Avaliação Centralizada (Servidor) ---
Loss (Servidor): 1.2844 | Acurácia (Servidor): 0.6393
--- Avaliação Agregada (Clientes) ---
Loss Média (Clientes): 1.2789 | Acurácia Média (Clientes): 0.6465

--- Rodada 10 - Avaliação Centralizada (Servidor) ---
Loss (Servidor): 1.1640 | Acurácia (Servidor): 0.6533
--- Avaliação Agregada (Clientes) ---
Loss Média (Clientes): 1.1487 | Acurácia Média (Clientes): 0.6625

Resultados salvos em: /home/tiago/GitHubProjects/fedhad-thesis-2/FedProx-results/1.1_diagnostico_drift/CIFAR10/FedProx__CIFAR10__Setup-5__Clients-5__Rounds-10__Delay-0_05__Alpha-0_1__Seed-48.txt
[36m(ClientAppActor pid=856890)[0m [93mWARNING [0m:   DEPRECATED FEATURE: `client_fn` now expects a signature `def client_fn(context: Context)`.The provided `client_fn` has signature: {'cid': <Parameter "cid: str">}. You can import the `Context` like this: `from flwr.app import Context`[32m [repeated 4x across cluster][0m
[36m(ClientAppActor pid=856890)[0m             This is a deprecated feature. It will be removed[32m [repeated 4x across cluster][0m
[36m(ClientAppActor pid=856890)[0m             entirely in future versions of Flower.[32m [repeated 4x across cluster][0m
