[codecarbon WARNING @ 14:31:38] Multiple instances of codecarbon are allowed to run at the same time.
[93mWARNING [0m:   DEPRECATED FEATURE: flwr.simulation.start_simulation() is deprecated.
	Instead, use the `flwr run` CLI command to start a local simulation in your Flower app, as shown for example below:

		$ flwr new  # Create a new Flower app from a template

		$ flwr run  # Run the Flower app in Simulation Mode

	Using `start_simulation()` is deprecated.

            This is a deprecated feature. It will be removed
            entirely in future versions of Flower.
        
[92mINFO [0m:      Starting Flower simulation, config: num_rounds=10, no round_timeout
2026-09-04 14:31:46,795	INFO worker.py:2012 -- Started a local Ray instance.
/home/tiago/GitHubProjects/fedhad-thesis-2/env_flwr_pt/lib/python3.12/site-packages/ray/_private/worker.py:2051: FutureWarning: Tip: In future versions of Ray, Ray will no longer override accelerator visible devices env var if num_gpus=0 or num_gpus=None (default). To enable this behavior and turn off this error message, set RAY_ACCEL_ENV_VAR_OVERRIDE_ON_ZERO=0
  warnings.warn(
[92mINFO [0m:      Flower VCE: Ray initialized with resources: {'memory': 180978813748.0, 'accelerator_type:A40': 1.0, 'object_store_memory': 77562348748.0, 'node:10.129.64.100': 1.0, 'CPU': 64.0, 'node:__internal_head__': 1.0, 'GPU': 1.0}
[92mINFO [0m:      Optimize your simulation with Flower VCE: https://flower.ai/docs/framework/how-to-run-simulations.html
/home/tiago/GitHubProjects/fedhad-thesis-2/FedProx_Final.py:1601: UserWarning: No `num_cpus` specified in `client_resources`. Using `num_cpus=1` for each client.
  history = fl.simulation.start_simulation(
[92mINFO [0m:      Flower VCE: Resources for each Virtual Client: {'num_gpus': 0.2, 'num_cpus': 1}
[92mINFO [0m:      Flower VCE: Creating VirtualClientEngineActorPool with 5 actors
[92mINFO [0m:      [INIT]
[92mINFO [0m:      Requesting initial parameters from one random client
[36m(ClientAppActor pid=747431)[0m [93mWARNING [0m:   DEPRECATED FEATURE: `client_fn` now expects a signature `def client_fn(context: Context)`.The provided `client_fn` has signature: {'cid': <Parameter "cid: str">}. You can import the `Context` like this: `from flwr.app import Context`
[36m(ClientAppActor pid=747431)[0m 
[36m(ClientAppActor pid=747431)[0m             This is a deprecated feature. It will be removed
[36m(ClientAppActor pid=747431)[0m             entirely in future versions of Flower.
[36m(ClientAppActor pid=747431)[0m         
[92mINFO [0m:      Received initial parameters from one random client
[92mINFO [0m:      Starting evaluation of initial global parameters
[92mINFO [0m:      initial parameters (loss, other metrics): 2.3030129592895507, {'accuracy': 0.1, 'loss': 2.3030129592895507}
[92mINFO [0m:      
[92mINFO [0m:      [ROUND 1]
[92mINFO [0m:      configure_fit: strategy sampled 5 clients (out of 5)
[36m(ClientAppActor pid=747431)[0m [93mWARNING [0m:   DEPRECATED FEATURE: `client_fn` now expects a signature `def client_fn(context: Context)`.The provided `client_fn` has signature: {'cid': <Parameter "cid: str">}. You can import the `Context` like this: `from flwr.app import Context`
[36m(ClientAppActor pid=747431)[0m 
[36m(ClientAppActor pid=747431)[0m             This is a deprecated feature. It will be removed
[36m(ClientAppActor pid=747431)[0m             entirely in future versions of Flower.
[36m(ClientAppActor pid=747431)[0m         
[36m(ClientAppActor pid=747429)[0m 
[36m(ClientAppActor pid=747429)[0m         
[36m(ClientAppActor pid=747430)[0m 
[36m(ClientAppActor pid=747430)[0m         
[36m(ClientAppActor pid=747428)[0m 
[36m(ClientAppActor pid=747428)[0m         
[36m(ClientAppActor pid=747427)[0m 
[36m(ClientAppActor pid=747427)[0m         
[92mINFO [0m:      aggregate_fit: received 5 results and 0 failures
[92mINFO [0m:      fit progress: (1, 2.3006188076019285, {'accuracy': 0.1001, 'loss': 2.3006188076019285}, 20.79295379598625)
[92mINFO [0m:      configure_evaluate: strategy sampled 5 clients (out of 5)
[36m(ClientAppActor pid=747427)[0m 
[36m(ClientAppActor pid=747427)[0m         
[36m(ClientAppActor pid=747427)[0m [93mWARNING [0m:   DEPRECATED FEATURE: `client_fn` now expects a signature `def client_fn(context: Context)`.The provided `client_fn` has signature: {'cid': <Parameter "cid: str">}. You can import the `Context` like this: `from flwr.app import Context`[32m [repeated 5x across cluster] (Ray deduplicates logs by default. Set RAY_DEDUP_LOGS=0 to disable log deduplication, or see https://docs.ray.io/en/master/ray-observability/user-guides/configure-logging.html#log-deduplication for more options.)[0m
[36m(ClientAppActor pid=747427)[0m             This is a deprecated feature. It will be removed[32m [repeated 5x across cluster][0m
[36m(ClientAppActor pid=747427)[0m             entirely in future versions of Flower.[32m [repeated 5x across cluster][0m
[36m(ClientAppActor pid=747428)[0m 
[36m(ClientAppActor pid=747428)[0m         
[36m(ClientAppActor pid=747429)[0m 
[36m(ClientAppActor pid=747429)[0m         
[36m(ClientAppActor pid=747431)[0m 
[36m(ClientAppActor pid=747431)[0m         
[36m(ClientAppActor pid=747430)[0m 
[36m(ClientAppActor pid=747430)[0m         
[92mINFO [0m:      aggregate_evaluate: received 5 results and 0 failures
[92mINFO [0m:      
[92mINFO [0m:      [ROUND 2]
[92mINFO [0m:      configure_fit: strategy sampled 5 clients (out of 5)
[36m(ClientAppActor pid=747430)[0m 
[36m(ClientAppActor pid=747430)[0m         
[36m(ClientAppActor pid=747431)[0m 
[36m(ClientAppActor pid=747431)[0m         
[36m(ClientAppActor pid=747429)[0m 
[36m(ClientAppActor pid=747429)[0m         
[36m(ClientAppActor pid=747428)[0m 
[36m(ClientAppActor pid=747428)[0m         
[36m(ClientAppActor pid=747427)[0m 
[36m(ClientAppActor pid=747427)[0m         
[92mINFO [0m:      aggregate_fit: received 5 results and 0 failures
[92mINFO [0m:      fit progress: (2, 1.5416619176864623, {'accuracy': 0.5399, 'loss': 1.5416619176864623}, 40.30881009699078)
[92mINFO [0m:      configure_evaluate: strategy sampled 5 clients (out of 5)
[36m(ClientAppActor pid=747430)[0m 
[36m(ClientAppActor pid=747430)[0m         
[36m(ClientAppActor pid=747430)[0m [93mWARNING [0m:   DEPRECATED FEATURE: `client_fn` now expects a signature `def client_fn(context: Context)`.The provided `client_fn` has signature: {'cid': <Parameter "cid: str">}. You can import the `Context` like this: `from flwr.app import Context`[32m [repeated 10x across cluster][0m
[36m(ClientAppActor pid=747430)[0m             This is a deprecated feature. It will be removed[32m [repeated 10x across cluster][0m
[36m(ClientAppActor pid=747430)[0m             entirely in future versions of Flower.[32m [repeated 10x across cluster][0m
[36m(ClientAppActor pid=747428)[0m 
[36m(ClientAppActor pid=747428)[0m         
[36m(ClientAppActor pid=747431)[0m 
[36m(ClientAppActor pid=747431)[0m         
[36m(ClientAppActor pid=747429)[0m 
[36m(ClientAppActor pid=747429)[0m         
[36m(ClientAppActor pid=747427)[0m 
[36m(ClientAppActor pid=747427)[0m         
[92mINFO [0m:      aggregate_evaluate: received 5 results and 0 failures
[92mINFO [0m:      
[92mINFO [0m:      [ROUND 3]
[92mINFO [0m:      configure_fit: strategy sampled 5 clients (out of 5)
[36m(ClientAppActor pid=747427)[0m 
[36m(ClientAppActor pid=747427)[0m         
[36m(ClientAppActor pid=747429)[0m 
[36m(ClientAppActor pid=747429)[0m         
[36m(ClientAppActor pid=747431)[0m 
[36m(ClientAppActor pid=747431)[0m         
[36m(ClientAppActor pid=747428)[0m 
[36m(ClientAppActor pid=747428)[0m         
[36m(ClientAppActor pid=747430)[0m 
[36m(ClientAppActor pid=747430)[0m         
[92mINFO [0m:      aggregate_fit: received 5 results and 0 failures
[92mINFO [0m:      fit progress: (3, 0.9133296060562134, {'accuracy': 0.7028, 'loss': 0.9133296060562134}, 59.85428102395963)
[92mINFO [0m:      configure_evaluate: strategy sampled 5 clients (out of 5)
[36m(ClientAppActor pid=747428)[0m 
[36m(ClientAppActor pid=747428)[0m         
[36m(ClientAppActor pid=747428)[0m [93mWARNING [0m:   DEPRECATED FEATURE: `client_fn` now expects a signature `def client_fn(context: Context)`.The provided `client_fn` has signature: {'cid': <Parameter "cid: str">}. You can import the `Context` like this: `from flwr.app import Context`[32m [repeated 10x across cluster][0m
[36m(ClientAppActor pid=747428)[0m             This is a deprecated feature. It will be removed[32m [repeated 10x across cluster][0m
[36m(ClientAppActor pid=747428)[0m             entirely in future versions of Flower.[32m [repeated 10x across cluster][0m
[36m(ClientAppActor pid=747431)[0m 
[36m(ClientAppActor pid=747431)[0m         
[36m(ClientAppActor pid=747430)[0m 
[36m(ClientAppActor pid=747430)[0m         
[36m(ClientAppActor pid=747429)[0m 
[36m(ClientAppActor pid=747429)[0m         
[36m(ClientAppActor pid=747427)[0m 
[36m(ClientAppActor pid=747427)[0m         
[92mINFO [0m:      aggregate_evaluate: received 5 results and 0 failures
[92mINFO [0m:      
[92mINFO [0m:      [ROUND 4]
[92mINFO [0m:      configure_fit: strategy sampled 5 clients (out of 5)
[36m(ClientAppActor pid=747427)[0m 
[36m(ClientAppActor pid=747427)[0m         
[36m(ClientAppActor pid=747429)[0m 
[36m(ClientAppActor pid=747429)[0m         
[36m(ClientAppActor pid=747430)[0m 
[36m(ClientAppActor pid=747430)[0m         
[36m(ClientAppActor pid=747431)[0m 
[36m(ClientAppActor pid=747431)[0m         
[36m(ClientAppActor pid=747428)[0m 
[36m(ClientAppActor pid=747428)[0m         
[92mINFO [0m:      aggregate_fit: received 5 results and 0 failures
[92mINFO [0m:      fit progress: (4, 0.7385026951789856, {'accuracy': 0.747, 'loss': 0.7385026951789856}, 79.2963503949577)
[92mINFO [0m:      configure_evaluate: strategy sampled 5 clients (out of 5)
[36m(ClientAppActor pid=747430)[0m 
[36m(ClientAppActor pid=747430)[0m         
[36m(ClientAppActor pid=747430)[0m [93mWARNING [0m:   DEPRECATED FEATURE: `client_fn` now expects a signature `def client_fn(context: Context)`.The provided `client_fn` has signature: {'cid': <Parameter "cid: str">}. You can import the `Context` like this: `from flwr.app import Context`[32m [repeated 10x across cluster][0m
[36m(ClientAppActor pid=747430)[0m             This is a deprecated feature. It will be removed[32m [repeated 10x across cluster][0m
[36m(ClientAppActor pid=747430)[0m             entirely in future versions of Flower.[32m [repeated 10x across cluster][0m
[36m(ClientAppActor pid=747427)[0m 
[36m(ClientAppActor pid=747427)[0m         
[36m(ClientAppActor pid=747428)[0m 
[36m(ClientAppActor pid=747428)[0m         
[36m(ClientAppActor pid=747429)[0m 
[36m(ClientAppActor pid=747429)[0m         
[36m(ClientAppActor pid=747431)[0m 
[36m(ClientAppActor pid=747431)[0m         
[92mINFO [0m:      aggregate_evaluate: received 5 results and 0 failures
[92mINFO [0m:      
[92mINFO [0m:      [ROUND 5]
[92mINFO [0m:      configure_fit: strategy sampled 5 clients (out of 5)
[36m(ClientAppActor pid=747431)[0m 
[36m(ClientAppActor pid=747431)[0m         
[36m(ClientAppActor pid=747429)[0m 
[36m(ClientAppActor pid=747429)[0m         
[36m(ClientAppActor pid=747428)[0m 
[36m(ClientAppActor pid=747428)[0m         
[36m(ClientAppActor pid=747427)[0m 
[36m(ClientAppActor pid=747427)[0m         
[36m(ClientAppActor pid=747430)[0m 
[36m(ClientAppActor pid=747430)[0m         
[92mINFO [0m:      aggregate_fit: received 5 results and 0 failures
[92mINFO [0m:      fit progress: (5, 0.682712608242035, {'accuracy': 0.7734, 'loss': 0.682712608242035}, 99.37686903495342)
[92mINFO [0m:      configure_evaluate: strategy sampled 5 clients (out of 5)
[36m(ClientAppActor pid=747430)[0m 
[36m(ClientAppActor pid=747430)[0m         
[36m(ClientAppActor pid=747430)[0m [93mWARNING [0m:   DEPRECATED FEATURE: `client_fn` now expects a signature `def client_fn(context: Context)`.The provided `client_fn` has signature: {'cid': <Parameter "cid: str">}. You can import the `Context` like this: `from flwr.app import Context`[32m [repeated 10x across cluster][0m
[36m(ClientAppActor pid=747430)[0m             This is a deprecated feature. It will be removed[32m [repeated 10x across cluster][0m
[36m(ClientAppActor pid=747430)[0m             entirely in future versions of Flower.[32m [repeated 10x across cluster][0m
[36m(ClientAppActor pid=747429)[0m 
[36m(ClientAppActor pid=747429)[0m         
[36m(ClientAppActor pid=747428)[0m 
[36m(ClientAppActor pid=747428)[0m         
[36m(ClientAppActor pid=747427)[0m 
[36m(ClientAppActor pid=747427)[0m         
[36m(ClientAppActor pid=747431)[0m 
[36m(ClientAppActor pid=747431)[0m         
[92mINFO [0m:      aggregate_evaluate: received 5 results and 0 failures
[92mINFO [0m:      
[92mINFO [0m:      [ROUND 6]
[92mINFO [0m:      configure_fit: strategy sampled 5 clients (out of 5)
[36m(ClientAppActor pid=747431)[0m 
[36m(ClientAppActor pid=747431)[0m         
[36m(ClientAppActor pid=747427)[0m 
[36m(ClientAppActor pid=747427)[0m         
[36m(ClientAppActor pid=747428)[0m 
[36m(ClientAppActor pid=747428)[0m         
[36m(ClientAppActor pid=747429)[0m 
[36m(ClientAppActor pid=747429)[0m         
[36m(ClientAppActor pid=747430)[0m 
[36m(ClientAppActor pid=747430)[0m         
[92mINFO [0m:      aggregate_fit: received 5 results and 0 failures
[92mINFO [0m:      fit progress: (6, 0.6214071117877961, {'accuracy': 0.7954, 'loss': 0.6214071117877961}, 118.53899674495915)
[92mINFO [0m:      configure_evaluate: strategy sampled 5 clients (out of 5)
[36m(ClientAppActor pid=747431)[0m 
[36m(ClientAppActor pid=747431)[0m         
[36m(ClientAppActor pid=747431)[0m [93mWARNING [0m:   DEPRECATED FEATURE: `client_fn` now expects a signature `def client_fn(context: Context)`.The provided `client_fn` has signature: {'cid': <Parameter "cid: str">}. You can import the `Context` like this: `from flwr.app import Context`[32m [repeated 10x across cluster][0m
[36m(ClientAppActor pid=747431)[0m             This is a deprecated feature. It will be removed[32m [repeated 10x across cluster][0m
[36m(ClientAppActor pid=747431)[0m             entirely in future versions of Flower.[32m [repeated 10x across cluster][0m
[36m(ClientAppActor pid=747430)[0m 
[36m(ClientAppActor pid=747430)[0m         
[36m(ClientAppActor pid=747427)[0m 
[36m(ClientAppActor pid=747427)[0m         
[36m(ClientAppActor pid=747429)[0m 
[36m(ClientAppActor pid=747429)[0m         
[36m(ClientAppActor pid=747428)[0m 
[36m(ClientAppActor pid=747428)[0m         
[92mINFO [0m:      aggregate_evaluate: received 5 results and 0 failures
[92mINFO [0m:      
[92mINFO [0m:      [ROUND 7]
[92mINFO [0m:      configure_fit: strategy sampled 5 clients (out of 5)
[36m(ClientAppActor pid=747428)[0m 
[36m(ClientAppActor pid=747428)[0m         
[36m(ClientAppActor pid=747429)[0m 
[36m(ClientAppActor pid=747429)[0m         
[36m(ClientAppActor pid=747427)[0m 
[36m(ClientAppActor pid=747427)[0m         
[36m(ClientAppActor pid=747430)[0m 
[36m(ClientAppActor pid=747430)[0m         
[36m(ClientAppActor pid=747431)[0m 
[36m(ClientAppActor pid=747431)[0m         
[92mINFO [0m:      aggregate_fit: received 5 results and 0 failures
[92mINFO [0m:      fit progress: (7, 0.594456813454628, {'accuracy': 0.8078, 'loss': 0.594456813454628}, 138.0214321379899)
[92mINFO [0m:      configure_evaluate: strategy sampled 5 clients (out of 5)
[36m(ClientAppActor pid=747428)[0m 
[36m(ClientAppActor pid=747428)[0m         
[36m(ClientAppActor pid=747428)[0m [93mWARNING [0m:   DEPRECATED FEATURE: `client_fn` now expects a signature `def client_fn(context: Context)`.The provided `client_fn` has signature: {'cid': <Parameter "cid: str">}. You can import the `Context` like this: `from flwr.app import Context`[32m [repeated 10x across cluster][0m
[36m(ClientAppActor pid=747428)[0m             This is a deprecated feature. It will be removed[32m [repeated 10x across cluster][0m
[36m(ClientAppActor pid=747428)[0m             entirely in future versions of Flower.[32m [repeated 10x across cluster][0m
[36m(ClientAppActor pid=747427)[0m 
[36m(ClientAppActor pid=747427)[0m         
[36m(ClientAppActor pid=747431)[0m 
[36m(ClientAppActor pid=747431)[0m         
[36m(ClientAppActor pid=747430)[0m 
[36m(ClientAppActor pid=747430)[0m         
[36m(ClientAppActor pid=747429)[0m 
[36m(ClientAppActor pid=747429)[0m         
[92mINFO [0m:      aggregate_evaluate: received 5 results and 0 failures
[92mINFO [0m:      
[92mINFO [0m:      [ROUND 8]
[92mINFO [0m:      configure_fit: strategy sampled 5 clients (out of 5)
[36m(ClientAppActor pid=747429)[0m 
[36m(ClientAppActor pid=747429)[0m         
[36m(ClientAppActor pid=747430)[0m 
[36m(ClientAppActor pid=747430)[0m         
[36m(ClientAppActor pid=747431)[0m 
[36m(ClientAppActor pid=747431)[0m         
[36m(ClientAppActor pid=747427)[0m 
[36m(ClientAppActor pid=747427)[0m         
[36m(ClientAppActor pid=747428)[0m 
[36m(ClientAppActor pid=747428)[0m         
[92mINFO [0m:      aggregate_fit: received 5 results and 0 failures
[92mINFO [0m:      fit progress: (8, 0.6070100377082824, {'accuracy': 0.8093, 'loss': 0.6070100377082824}, 157.98026676499285)
[92mINFO [0m:      configure_evaluate: strategy sampled 5 clients (out of 5)
[36m(ClientAppActor pid=747428)[0m 
[36m(ClientAppActor pid=747428)[0m         
[36m(ClientAppActor pid=747428)[0m [93mWARNING [0m:   DEPRECATED FEATURE: `client_fn` now expects a signature `def client_fn(context: Context)`.The provided `client_fn` has signature: {'cid': <Parameter "cid: str">}. You can import the `Context` like this: `from flwr.app import Context`[32m [repeated 10x across cluster][0m
[36m(ClientAppActor pid=747428)[0m             This is a deprecated feature. It will be removed[32m [repeated 10x across cluster][0m
[36m(ClientAppActor pid=747428)[0m             entirely in future versions of Flower.[32m [repeated 10x across cluster][0m
[36m(ClientAppActor pid=747429)[0m 
[36m(ClientAppActor pid=747429)[0m         
[36m(ClientAppActor pid=747431)[0m 
[36m(ClientAppActor pid=747431)[0m         
[36m(ClientAppActor pid=747430)[0m 
[36m(ClientAppActor pid=747430)[0m         
[36m(ClientAppActor pid=747427)[0m 
[36m(ClientAppActor pid=747427)[0m         
[92mINFO [0m:      aggregate_evaluate: received 5 results and 0 failures
[92mINFO [0m:      
[92mINFO [0m:      [ROUND 9]
[92mINFO [0m:      configure_fit: strategy sampled 5 clients (out of 5)
[36m(ClientAppActor pid=747427)[0m 
[36m(ClientAppActor pid=747427)[0m         
[36m(ClientAppActor pid=747430)[0m 
[36m(ClientAppActor pid=747430)[0m         
[36m(ClientAppActor pid=747431)[0m 
[36m(ClientAppActor pid=747431)[0m         
[36m(ClientAppActor pid=747429)[0m 
[36m(ClientAppActor pid=747429)[0m         
[36m(ClientAppActor pid=747428)[0m 
[36m(ClientAppActor pid=747428)[0m         
[92mINFO [0m:      aggregate_fit: received 5 results and 0 failures
[92mINFO [0m:      fit progress: (9, 0.5788795661687851, {'accuracy': 0.8192, 'loss': 0.5788795661687851}, 177.46071386296535)
[92mINFO [0m:      configure_evaluate: strategy sampled 5 clients (out of 5)
[36m(ClientAppActor pid=747428)[0m 
[36m(ClientAppActor pid=747428)[0m         
[36m(ClientAppActor pid=747428)[0m [93mWARNING [0m:   DEPRECATED FEATURE: `client_fn` now expects a signature `def client_fn(context: Context)`.The provided `client_fn` has signature: {'cid': <Parameter "cid: str">}. You can import the `Context` like this: `from flwr.app import Context`[32m [repeated 10x across cluster][0m
[36m(ClientAppActor pid=747428)[0m             This is a deprecated feature. It will be removed[32m [repeated 10x across cluster][0m
[36m(ClientAppActor pid=747428)[0m             entirely in future versions of Flower.[32m [repeated 10x across cluster][0m
[36m(ClientAppActor pid=747430)[0m 
[36m(ClientAppActor pid=747430)[0m         
[36m(ClientAppActor pid=747427)[0m 
[36m(ClientAppActor pid=747427)[0m         
[36m(ClientAppActor pid=747429)[0m 
[36m(ClientAppActor pid=747429)[0m         
[36m(ClientAppActor pid=747431)[0m 
[36m(ClientAppActor pid=747431)[0m         
[92mINFO [0m:      aggregate_evaluate: received 5 results and 0 failures
[92mINFO [0m:      
[92mINFO [0m:      [ROUND 10]
[92mINFO [0m:      configure_fit: strategy sampled 5 clients (out of 5)
[36m(ClientAppActor pid=747431)[0m 
[36m(ClientAppActor pid=747431)[0m         
[36m(ClientAppActor pid=747429)[0m 
[36m(ClientAppActor pid=747429)[0m         
[36m(ClientAppActor pid=747427)[0m 
[36m(ClientAppActor pid=747427)[0m         
[36m(ClientAppActor pid=747430)[0m 
[36m(ClientAppActor pid=747430)[0m         
[36m(ClientAppActor pid=747428)[0m 
[36m(ClientAppActor pid=747428)[0m         
[92mINFO [0m:      aggregate_fit: received 5 results and 0 failures
[92mINFO [0m:      fit progress: (10, 0.5995970435619354, {'accuracy': 0.8184, 'loss': 0.5995970435619354}, 196.5061739149969)
[92mINFO [0m:      configure_evaluate: strategy sampled 5 clients (out of 5)
[36m(ClientAppActor pid=747429)[0m 
[36m(ClientAppActor pid=747429)[0m         
[36m(ClientAppActor pid=747429)[0m [93mWARNING [0m:   DEPRECATED FEATURE: `client_fn` now expects a signature `def client_fn(context: Context)`.The provided `client_fn` has signature: {'cid': <Parameter "cid: str">}. You can import the `Context` like this: `from flwr.app import Context`[32m [repeated 10x across cluster][0m
[36m(ClientAppActor pid=747429)[0m             This is a deprecated feature. It will be removed[32m [repeated 10x across cluster][0m
[36m(ClientAppActor pid=747429)[0m             entirely in future versions of Flower.[32m [repeated 10x across cluster][0m
[36m(ClientAppActor pid=747430)[0m 
[36m(ClientAppActor pid=747430)[0m         
[36m(ClientAppActor pid=747428)[0m 
[36m(ClientAppActor pid=747428)[0m         
[36m(ClientAppActor pid=747431)[0m 
[36m(ClientAppActor pid=747431)[0m         
[36m(ClientAppActor pid=747427)[0m 
[36m(ClientAppActor pid=747427)[0m         
[92mINFO [0m:      aggregate_evaluate: received 5 results and 0 failures
[92mINFO [0m:      
[92mINFO [0m:      [SUMMARY]
[92mINFO [0m:      Run finished 10 round(s) in 197.36s
[92mINFO [0m:      	History (loss, distributed):
[92mINFO [0m:      		round 1: 2.2999391667887705
[92mINFO [0m:      		round 2: 1.548682104496538
[92mINFO [0m:      		round 3: 0.9090947280315553
[92mINFO [0m:      		round 4: 0.7295250983274474
[92mINFO [0m:      		round 5: 0.6598765000361069
[92mINFO [0m:      		round 6: 0.6040580162004071
[92mINFO [0m:      		round 7: 0.5851673842931375
[92mINFO [0m:      		round 8: 0.6024967893069627
[92mINFO [0m:      		round 9: 0.5595914565023778
[92mINFO [0m:      		round 10: 0.592643908402022
[92mINFO [0m:      	History (loss, centralized):
[92mINFO [0m:      		round 0: 2.3030129592895507
[92mINFO [0m:      		round 1: 2.3006188076019285
[92mINFO [0m:      		round 2: 1.5416619176864623
[92mINFO [0m:      		round 3: 0.9133296060562134
[92mINFO [0m:      		round 4: 0.7385026951789856
[92mINFO [0m:      		round 5: 0.682712608242035
[92mINFO [0m:      		round 6: 0.6214071117877961
[92mINFO [0m:      		round 7: 0.594456813454628
[92mINFO [0m:      		round 8: 0.6070100377082824
[92mINFO [0m:      		round 9: 0.5788795661687851
[92mINFO [0m:      		round 10: 0.5995970435619354
[92mINFO [0m:      	History (metrics, distributed, fit):
[92mINFO [0m:      	{'avg_flops_per_client_round': [(1, 8140624189440.0),
[92mINFO [0m:      	                                (2, 8140624189440.0),
[92mINFO [0m:      	                                (3, 8140624189440.0),
[92mINFO [0m:      	                                (4, 8140624189440.0),
[92mINFO [0m:      	                                (5, 8140624189440.0),
[92mINFO [0m:      	                                (6, 8140624189440.0),
[92mINFO [0m:      	                                (7, 8140624189440.0),
[92mINFO [0m:      	                                (8, 8140624189440.0),
[92mINFO [0m:      	                                (9, 8140624189440.0),
[92mINFO [0m:      	                                (10, 8140624189440.0)],
[92mINFO [0m:      	 'total_flops_round': [(1, 40703120947200),
[92mINFO [0m:      	                       (2, 40703120947200),
[92mINFO [0m:      	                       (3, 40703120947200),
[92mINFO [0m:      	                       (4, 40703120947200),
[92mINFO [0m:      	                       (5, 40703120947200),
[92mINFO [0m:      	                       (6, 40703120947200),
[92mINFO [0m:      	                       (7, 40703120947200),
[92mINFO [0m:      	                       (8, 40703120947200),
[92mINFO [0m:      	                       (9, 40703120947200),
[92mINFO [0m:      	                       (10, 40703120947200)]}
[92mINFO [0m:      	History (metrics, distributed, evaluate):
[92mINFO [0m:      	{'accuracy': [(1, 0.10204081632653061),
[92mINFO [0m:      	              (2, 0.538015206082433),
[92mINFO [0m:      	              (3, 0.7004801920768308),
[92mINFO [0m:      	              (4, 0.7472989195678271),
[92mINFO [0m:      	              (5, 0.7739095638255302),
[92mINFO [0m:      	              (6, 0.795718287314926),
[92mINFO [0m:      	              (7, 0.8015206082432973),
[92mINFO [0m:      	              (8, 0.804921968787515),
[92mINFO [0m:      	              (9, 0.8141256502601041),
[92mINFO [0m:      	              (10, 0.8155262104841937)],
[92mINFO [0m:      	 'loss': [(1, 2.2999391667887705),
[92mINFO [0m:      	          (2, 1.548682104496538),
[92mINFO [0m:      	          (3, 0.9090947280315553),
[92mINFO [0m:      	          (4, 0.7295250983274474),
[92mINFO [0m:      	          (5, 0.6598765000361069),
[92mINFO [0m:      	          (6, 0.6040580162004071),
[92mINFO [0m:      	          (7, 0.5851673842931375),
[92mINFO [0m:      	          (8, 0.6024967893069627),
[92mINFO [0m:      	          (9, 0.5595914565023778),
[92mINFO [0m:      	          (10, 0.592643908402022)]}
[92mINFO [0m:      	History (metrics, centralized):
[92mINFO [0m:      	{'accuracy': [(0, 0.1),
[92mINFO [0m:      	              (1, 0.1001),
[92mINFO [0m:      	              (2, 0.5399),
[92mINFO [0m:      	              (3, 0.7028),
[92mINFO [0m:      	              (4, 0.747),
[92mINFO [0m:      	              (5, 0.7734),
[92mINFO [0m:      	              (6, 0.7954),
[92mINFO [0m:      	              (7, 0.8078),
[92mINFO [0m:      	              (8, 0.8093),
[92mINFO [0m:      	              (9, 0.8192),
[92mINFO [0m:      	              (10, 0.8184)],
[92mINFO [0m:      	 'loss': [(0, 2.3030129592895507),
[92mINFO [0m:      	          (1, 2.3006188076019285),
[92mINFO [0m:      	          (2, 1.5416619176864623),
[92mINFO [0m:      	          (3, 0.9133296060562134),
[92mINFO [0m:      	          (4, 0.7385026951789856),
[92mINFO [0m:      	          (5, 0.682712608242035),
[92mINFO [0m:      	          (6, 0.6214071117877961),
[92mINFO [0m:      	          (7, 0.594456813454628),
[92mINFO [0m:      	          (8, 0.6070100377082824),
[92mINFO [0m:      	          (9, 0.5788795661687851),
[92mINFO [0m:      	          (10, 0.5995970435619354)]}
[92mINFO [0m:      
Treinando no dispositivo: cuda:0 com o dataset: CIFAR10 | Setup clientes: 5 (num_gpus por cliente=0.2) | SEED=45 | Método: FedProx (mu=0.01)
FLOPS por amostra (forward): 6.030e+07 | (forward+backward, 3x): 1.809e+08
Files already downloaded and verified
Files already downloaded and verified
Dividindo o dataset usando a distribuição de Dirichlet com alpha=1.0.
Iniciando a simulação de Aprendizado Federado...
=== Diagnóstico de Medição de GPU ===
  pynvml_disponivel: True
  pynvml_versao: 580.173.02
  gpus_detectadas: 1
  leitura_potencia_ok: True
  potencia_atual_W: 114.503

--- Rodada 0 - Avaliação Centralizada (Servidor) ---
Loss (Servidor): 2.3030 | Acurácia (Servidor): 0.1000

--- Rodada 1 - Avaliação Centralizada (Servidor) ---
Loss (Servidor): 2.3006 | Acurácia (Servidor): 0.1001
--- Avaliação Agregada (Clientes) ---
Loss Média (Clientes): 2.2999 | Acurácia Média (Clientes): 0.1020

--- Rodada 2 - Avaliação Centralizada (Servidor) ---
Loss (Servidor): 1.5417 | Acurácia (Servidor): 0.5399
--- Avaliação Agregada (Clientes) ---
Loss Média (Clientes): 1.5487 | Acurácia Média (Clientes): 0.5380

--- Rodada 3 - Avaliação Centralizada (Servidor) ---
Loss (Servidor): 0.9133 | Acurácia (Servidor): 0.7028
--- Avaliação Agregada (Clientes) ---
Loss Média (Clientes): 0.9091 | Acurácia Média (Clientes): 0.7005

--- Rodada 4 - Avaliação Centralizada (Servidor) ---
Loss (Servidor): 0.7385 | Acurácia (Servidor): 0.7470
--- Avaliação Agregada (Clientes) ---
Loss Média (Clientes): 0.7295 | Acurácia Média (Clientes): 0.7473

--- Rodada 5 - Avaliação Centralizada (Servidor) ---
Loss (Servidor): 0.6827 | Acurácia (Servidor): 0.7734
--- Avaliação Agregada (Clientes) ---
Loss Média (Clientes): 0.6599 | Acurácia Média (Clientes): 0.7739

--- Rodada 6 - Avaliação Centralizada (Servidor) ---
Loss (Servidor): 0.6214 | Acurácia (Servidor): 0.7954
--- Avaliação Agregada (Clientes) ---
Loss Média (Clientes): 0.6041 | Acurácia Média (Clientes): 0.7957

--- Rodada 7 - Avaliação Centralizada (Servidor) ---
Loss (Servidor): 0.5945 | Acurácia (Servidor): 0.8078
--- Avaliação Agregada (Clientes) ---
Loss Média (Clientes): 0.5852 | Acurácia Média (Clientes): 0.8015

--- Rodada 8 - Avaliação Centralizada (Servidor) ---
Loss (Servidor): 0.6070 | Acurácia (Servidor): 0.8093
--- Avaliação Agregada (Clientes) ---
Loss Média (Clientes): 0.6025 | Acurácia Média (Clientes): 0.8049

--- Rodada 9 - Avaliação Centralizada (Servidor) ---
Loss (Servidor): 0.5789 | Acurácia (Servidor): 0.8192
--- Avaliação Agregada (Clientes) ---
Loss Média (Clientes): 0.5596 | Acurácia Média (Clientes): 0.8141

--- Rodada 10 - Avaliação Centralizada (Servidor) ---
Loss (Servidor): 0.5996 | Acurácia (Servidor): 0.8184
--- Avaliação Agregada (Clientes) ---
Loss Média (Clientes): 0.5926 | Acurácia Média (Clientes): 0.8155

Resultados salvos em: /home/tiago/GitHubProjects/fedhad-thesis-2/FedProx-results/1.1_diagnostico_drift/CIFAR10/FedProx__CIFAR10__Setup-5__Clients-5__Rounds-10__Delay-0_05__Alpha-1_0__Seed-45.txt
[36m(ClientAppActor pid=747427)[0m [93mWARNING [0m:   DEPRECATED FEATURE: `client_fn` now expects a signature `def client_fn(context: Context)`.The provided `client_fn` has signature: {'cid': <Parameter "cid: str">}. You can import the `Context` like this: `from flwr.app import Context`[32m [repeated 4x across cluster][0m
[36m(ClientAppActor pid=747427)[0m             This is a deprecated feature. It will be removed[32m [repeated 4x across cluster][0m
[36m(ClientAppActor pid=747427)[0m             entirely in future versions of Flower.[32m [repeated 4x across cluster][0m
