[codecarbon WARNING @ 15:12:25] Multiple instances of codecarbon are allowed to run at the same time.
[93mWARNING [0m:   DEPRECATED FEATURE: flwr.simulation.start_simulation() is deprecated.
	Instead, use the `flwr run` CLI command to start a local simulation in your Flower app, as shown for example below:

		$ flwr new  # Create a new Flower app from a template

		$ flwr run  # Run the Flower app in Simulation Mode

	Using `start_simulation()` is deprecated.

            This is a deprecated feature. It will be removed
            entirely in future versions of Flower.
        
[92mINFO [0m:      Starting Flower simulation, config: num_rounds=10, no round_timeout
2026-09-04 15:12:33,769	INFO worker.py:2012 -- Started a local Ray instance.
/home/tiago/GitHubProjects/fedhad-thesis-2/env_flwr_pt/lib/python3.12/site-packages/ray/_private/worker.py:2051: FutureWarning: Tip: In future versions of Ray, Ray will no longer override accelerator visible devices env var if num_gpus=0 or num_gpus=None (default). To enable this behavior and turn off this error message, set RAY_ACCEL_ENV_VAR_OVERRIDE_ON_ZERO=0
  warnings.warn(
[92mINFO [0m:      Flower VCE: Ray initialized with resources: {'accelerator_type:A40': 1.0, 'CPU': 64.0, 'node:__internal_head__': 1.0, 'GPU': 1.0, 'memory': 180781034292.0, 'node:10.129.64.100': 1.0, 'object_store_memory': 77477586124.0}
[92mINFO [0m:      Optimize your simulation with Flower VCE: https://flower.ai/docs/framework/how-to-run-simulations.html
/home/tiago/GitHubProjects/fedhad-thesis-2/FedProx_Final.py:1601: UserWarning: No `num_cpus` specified in `client_resources`. Using `num_cpus=1` for each client.
  history = fl.simulation.start_simulation(
[92mINFO [0m:      Flower VCE: Resources for each Virtual Client: {'num_gpus': 0.2, 'num_cpus': 1}
[92mINFO [0m:      Flower VCE: Creating VirtualClientEngineActorPool with 5 actors
[92mINFO [0m:      [INIT]
[92mINFO [0m:      Requesting initial parameters from one random client
[36m(ClientAppActor pid=839867)[0m [93mWARNING [0m:   DEPRECATED FEATURE: `client_fn` now expects a signature `def client_fn(context: Context)`.The provided `client_fn` has signature: {'cid': <Parameter "cid: str">}. You can import the `Context` like this: `from flwr.app import Context`
[36m(ClientAppActor pid=839867)[0m 
[36m(ClientAppActor pid=839867)[0m             This is a deprecated feature. It will be removed
[36m(ClientAppActor pid=839867)[0m             entirely in future versions of Flower.
[36m(ClientAppActor pid=839867)[0m         
[92mINFO [0m:      Received initial parameters from one random client
[92mINFO [0m:      Starting evaluation of initial global parameters
[92mINFO [0m:      initial parameters (loss, other metrics): 2.304318332672119, {'accuracy': 0.093, 'loss': 2.304318332672119}
[92mINFO [0m:      
[92mINFO [0m:      [ROUND 1]
[92mINFO [0m:      configure_fit: strategy sampled 5 clients (out of 5)
[36m(ClientAppActor pid=839867)[0m [93mWARNING [0m:   DEPRECATED FEATURE: `client_fn` now expects a signature `def client_fn(context: Context)`.The provided `client_fn` has signature: {'cid': <Parameter "cid: str">}. You can import the `Context` like this: `from flwr.app import Context`
[36m(ClientAppActor pid=839867)[0m 
[36m(ClientAppActor pid=839867)[0m             This is a deprecated feature. It will be removed
[36m(ClientAppActor pid=839867)[0m             entirely in future versions of Flower.
[36m(ClientAppActor pid=839867)[0m         
[36m(ClientAppActor pid=839866)[0m 
[36m(ClientAppActor pid=839866)[0m         
[36m(ClientAppActor pid=839865)[0m 
[36m(ClientAppActor pid=839865)[0m         
[36m(ClientAppActor pid=839864)[0m 
[36m(ClientAppActor pid=839864)[0m         
[36m(ClientAppActor pid=839863)[0m 
[36m(ClientAppActor pid=839863)[0m         
[92mINFO [0m:      aggregate_fit: received 5 results and 0 failures
[92mINFO [0m:      fit progress: (1, 2.2841304943084717, {'accuracy': 0.1067, 'loss': 2.2841304943084717}, 22.833986243000254)
[92mINFO [0m:      configure_evaluate: strategy sampled 5 clients (out of 5)
[36m(ClientAppActor pid=839865)[0m 
[36m(ClientAppActor pid=839865)[0m         
[36m(ClientAppActor pid=839865)[0m [93mWARNING [0m:   DEPRECATED FEATURE: `client_fn` now expects a signature `def client_fn(context: Context)`.The provided `client_fn` has signature: {'cid': <Parameter "cid: str">}. You can import the `Context` like this: `from flwr.app import Context`[32m [repeated 5x across cluster] (Ray deduplicates logs by default. Set RAY_DEDUP_LOGS=0 to disable log deduplication, or see https://docs.ray.io/en/master/ray-observability/user-guides/configure-logging.html#log-deduplication for more options.)[0m
[36m(ClientAppActor pid=839865)[0m             This is a deprecated feature. It will be removed[32m [repeated 5x across cluster][0m
[36m(ClientAppActor pid=839865)[0m             entirely in future versions of Flower.[32m [repeated 5x across cluster][0m
[36m(ClientAppActor pid=839863)[0m 
[36m(ClientAppActor pid=839863)[0m         
[36m(ClientAppActor pid=839864)[0m 
[36m(ClientAppActor pid=839864)[0m         
[36m(ClientAppActor pid=839866)[0m 
[36m(ClientAppActor pid=839866)[0m         
[36m(ClientAppActor pid=839867)[0m 
[36m(ClientAppActor pid=839867)[0m         
[92mINFO [0m:      aggregate_evaluate: received 5 results and 0 failures
[92mINFO [0m:      
[92mINFO [0m:      [ROUND 2]
[92mINFO [0m:      configure_fit: strategy sampled 5 clients (out of 5)
[36m(ClientAppActor pid=839867)[0m 
[36m(ClientAppActor pid=839867)[0m         
[36m(ClientAppActor pid=839866)[0m 
[36m(ClientAppActor pid=839866)[0m         
[36m(ClientAppActor pid=839864)[0m 
[36m(ClientAppActor pid=839864)[0m         
[36m(ClientAppActor pid=839863)[0m 
[36m(ClientAppActor pid=839863)[0m         
[36m(ClientAppActor pid=839865)[0m 
[36m(ClientAppActor pid=839865)[0m         
[92mINFO [0m:      aggregate_fit: received 5 results and 0 failures
[92mINFO [0m:      fit progress: (2, 1.9378858610153198, {'accuracy': 0.375, 'loss': 1.9378858610153198}, 44.7090037559974)
[92mINFO [0m:      configure_evaluate: strategy sampled 5 clients (out of 5)
[36m(ClientAppActor pid=839866)[0m 
[36m(ClientAppActor pid=839866)[0m         
[36m(ClientAppActor pid=839866)[0m [93mWARNING [0m:   DEPRECATED FEATURE: `client_fn` now expects a signature `def client_fn(context: Context)`.The provided `client_fn` has signature: {'cid': <Parameter "cid: str">}. You can import the `Context` like this: `from flwr.app import Context`[32m [repeated 10x across cluster][0m
[36m(ClientAppActor pid=839866)[0m             This is a deprecated feature. It will be removed[32m [repeated 10x across cluster][0m
[36m(ClientAppActor pid=839866)[0m             entirely in future versions of Flower.[32m [repeated 10x across cluster][0m
[36m(ClientAppActor pid=839867)[0m 
[36m(ClientAppActor pid=839867)[0m         
[36m(ClientAppActor pid=839865)[0m 
[36m(ClientAppActor pid=839865)[0m         
[36m(ClientAppActor pid=839863)[0m 
[36m(ClientAppActor pid=839863)[0m         
[36m(ClientAppActor pid=839864)[0m 
[36m(ClientAppActor pid=839864)[0m         
[92mINFO [0m:      aggregate_evaluate: received 5 results and 0 failures
[92mINFO [0m:      
[92mINFO [0m:      [ROUND 3]
[92mINFO [0m:      configure_fit: strategy sampled 5 clients (out of 5)
[36m(ClientAppActor pid=839864)[0m 
[36m(ClientAppActor pid=839864)[0m         
[36m(ClientAppActor pid=839863)[0m 
[36m(ClientAppActor pid=839863)[0m         
[36m(ClientAppActor pid=839865)[0m 
[36m(ClientAppActor pid=839865)[0m         
[36m(ClientAppActor pid=839867)[0m 
[36m(ClientAppActor pid=839867)[0m         
[36m(ClientAppActor pid=839866)[0m 
[36m(ClientAppActor pid=839866)[0m         
[92mINFO [0m:      aggregate_fit: received 5 results and 0 failures
[92mINFO [0m:      fit progress: (3, 1.5988759946823121, {'accuracy': 0.4504, 'loss': 1.5988759946823121}, 66.51998339797137)
[92mINFO [0m:      configure_evaluate: strategy sampled 5 clients (out of 5)
[36m(ClientAppActor pid=839864)[0m 
[36m(ClientAppActor pid=839864)[0m         
[36m(ClientAppActor pid=839864)[0m [93mWARNING [0m:   DEPRECATED FEATURE: `client_fn` now expects a signature `def client_fn(context: Context)`.The provided `client_fn` has signature: {'cid': <Parameter "cid: str">}. You can import the `Context` like this: `from flwr.app import Context`[32m [repeated 10x across cluster][0m
[36m(ClientAppActor pid=839864)[0m             This is a deprecated feature. It will be removed[32m [repeated 10x across cluster][0m
[36m(ClientAppActor pid=839864)[0m             entirely in future versions of Flower.[32m [repeated 10x across cluster][0m
[36m(ClientAppActor pid=839867)[0m 
[36m(ClientAppActor pid=839867)[0m         
[36m(ClientAppActor pid=839866)[0m 
[36m(ClientAppActor pid=839866)[0m         
[36m(ClientAppActor pid=839863)[0m 
[36m(ClientAppActor pid=839863)[0m         
[36m(ClientAppActor pid=839865)[0m 
[36m(ClientAppActor pid=839865)[0m         
[92mINFO [0m:      aggregate_evaluate: received 5 results and 0 failures
[92mINFO [0m:      
[92mINFO [0m:      [ROUND 4]
[92mINFO [0m:      configure_fit: strategy sampled 5 clients (out of 5)
[36m(ClientAppActor pid=839865)[0m 
[36m(ClientAppActor pid=839865)[0m         
[36m(ClientAppActor pid=839863)[0m 
[36m(ClientAppActor pid=839863)[0m         
[36m(ClientAppActor pid=839867)[0m 
[36m(ClientAppActor pid=839867)[0m         
[36m(ClientAppActor pid=839866)[0m 
[36m(ClientAppActor pid=839866)[0m         
[36m(ClientAppActor pid=839864)[0m 
[36m(ClientAppActor pid=839864)[0m         
[92mINFO [0m:      aggregate_fit: received 5 results and 0 failures
[92mINFO [0m:      fit progress: (4, 1.364078572845459, {'accuracy': 0.5381, 'loss': 1.364078572845459}, 88.83330147498054)
[92mINFO [0m:      configure_evaluate: strategy sampled 5 clients (out of 5)
[36m(ClientAppActor pid=839867)[0m 
[36m(ClientAppActor pid=839867)[0m         
[36m(ClientAppActor pid=839867)[0m [93mWARNING [0m:   DEPRECATED FEATURE: `client_fn` now expects a signature `def client_fn(context: Context)`.The provided `client_fn` has signature: {'cid': <Parameter "cid: str">}. You can import the `Context` like this: `from flwr.app import Context`[32m [repeated 10x across cluster][0m
[36m(ClientAppActor pid=839867)[0m             This is a deprecated feature. It will be removed[32m [repeated 10x across cluster][0m
[36m(ClientAppActor pid=839867)[0m             entirely in future versions of Flower.[32m [repeated 10x across cluster][0m
[36m(ClientAppActor pid=839865)[0m 
[36m(ClientAppActor pid=839865)[0m         
[36m(ClientAppActor pid=839864)[0m 
[36m(ClientAppActor pid=839864)[0m         
[36m(ClientAppActor pid=839866)[0m 
[36m(ClientAppActor pid=839866)[0m         
[36m(ClientAppActor pid=839863)[0m 
[36m(ClientAppActor pid=839863)[0m         
[92mINFO [0m:      aggregate_evaluate: received 5 results and 0 failures
[92mINFO [0m:      
[92mINFO [0m:      [ROUND 5]
[92mINFO [0m:      configure_fit: strategy sampled 5 clients (out of 5)
[36m(ClientAppActor pid=839863)[0m 
[36m(ClientAppActor pid=839863)[0m         
[36m(ClientAppActor pid=839866)[0m 
[36m(ClientAppActor pid=839866)[0m         
[36m(ClientAppActor pid=839864)[0m 
[36m(ClientAppActor pid=839864)[0m         
[36m(ClientAppActor pid=839865)[0m 
[36m(ClientAppActor pid=839865)[0m         
[36m(ClientAppActor pid=839867)[0m 
[36m(ClientAppActor pid=839867)[0m         
[92mINFO [0m:      aggregate_fit: received 5 results and 0 failures
[92mINFO [0m:      fit progress: (5, 1.2711763626098633, {'accuracy': 0.5639, 'loss': 1.2711763626098633}, 110.43000907998066)
[92mINFO [0m:      configure_evaluate: strategy sampled 5 clients (out of 5)
[36m(ClientAppActor pid=839864)[0m 
[36m(ClientAppActor pid=839864)[0m         
[36m(ClientAppActor pid=839864)[0m [93mWARNING [0m:   DEPRECATED FEATURE: `client_fn` now expects a signature `def client_fn(context: Context)`.The provided `client_fn` has signature: {'cid': <Parameter "cid: str">}. You can import the `Context` like this: `from flwr.app import Context`[32m [repeated 10x across cluster][0m
[36m(ClientAppActor pid=839864)[0m             This is a deprecated feature. It will be removed[32m [repeated 10x across cluster][0m
[36m(ClientAppActor pid=839864)[0m             entirely in future versions of Flower.[32m [repeated 10x across cluster][0m
[36m(ClientAppActor pid=839863)[0m 
[36m(ClientAppActor pid=839863)[0m         
[36m(ClientAppActor pid=839865)[0m 
[36m(ClientAppActor pid=839865)[0m         
[36m(ClientAppActor pid=839867)[0m 
[36m(ClientAppActor pid=839867)[0m         
[36m(ClientAppActor pid=839866)[0m 
[36m(ClientAppActor pid=839866)[0m         
[92mINFO [0m:      aggregate_evaluate: received 5 results and 0 failures
[92mINFO [0m:      
[92mINFO [0m:      [ROUND 6]
[92mINFO [0m:      configure_fit: strategy sampled 5 clients (out of 5)
[36m(ClientAppActor pid=839866)[0m 
[36m(ClientAppActor pid=839866)[0m         
[36m(ClientAppActor pid=839867)[0m 
[36m(ClientAppActor pid=839867)[0m         
[36m(ClientAppActor pid=839865)[0m 
[36m(ClientAppActor pid=839865)[0m         
[36m(ClientAppActor pid=839863)[0m 
[36m(ClientAppActor pid=839863)[0m         
[36m(ClientAppActor pid=839864)[0m 
[36m(ClientAppActor pid=839864)[0m         
[92mINFO [0m:      aggregate_fit: received 5 results and 0 failures
[92mINFO [0m:      fit progress: (6, 1.1677883417129518, {'accuracy': 0.6039, 'loss': 1.1677883417129518}, 132.52669112297008)
[92mINFO [0m:      configure_evaluate: strategy sampled 5 clients (out of 5)
[36m(ClientAppActor pid=839864)[0m 
[36m(ClientAppActor pid=839864)[0m         
[36m(ClientAppActor pid=839864)[0m [93mWARNING [0m:   DEPRECATED FEATURE: `client_fn` now expects a signature `def client_fn(context: Context)`.The provided `client_fn` has signature: {'cid': <Parameter "cid: str">}. You can import the `Context` like this: `from flwr.app import Context`[32m [repeated 10x across cluster][0m
[36m(ClientAppActor pid=839864)[0m             This is a deprecated feature. It will be removed[32m [repeated 10x across cluster][0m
[36m(ClientAppActor pid=839864)[0m             entirely in future versions of Flower.[32m [repeated 10x across cluster][0m
[36m(ClientAppActor pid=839866)[0m 
[36m(ClientAppActor pid=839866)[0m         
[36m(ClientAppActor pid=839863)[0m 
[36m(ClientAppActor pid=839863)[0m         
[36m(ClientAppActor pid=839865)[0m 
[36m(ClientAppActor pid=839865)[0m         
[36m(ClientAppActor pid=839867)[0m 
[36m(ClientAppActor pid=839867)[0m         
[92mINFO [0m:      aggregate_evaluate: received 5 results and 0 failures
[92mINFO [0m:      
[92mINFO [0m:      [ROUND 7]
[92mINFO [0m:      configure_fit: strategy sampled 5 clients (out of 5)
[36m(ClientAppActor pid=839867)[0m 
[36m(ClientAppActor pid=839867)[0m         
[36m(ClientAppActor pid=839865)[0m 
[36m(ClientAppActor pid=839865)[0m         
[36m(ClientAppActor pid=839863)[0m 
[36m(ClientAppActor pid=839863)[0m         
[36m(ClientAppActor pid=839866)[0m 
[36m(ClientAppActor pid=839866)[0m         
[36m(ClientAppActor pid=839864)[0m 
[36m(ClientAppActor pid=839864)[0m         
[92mINFO [0m:      aggregate_fit: received 5 results and 0 failures
[92mINFO [0m:      fit progress: (7, 1.0406777853012086, {'accuracy': 0.6489, 'loss': 1.0406777853012086}, 154.64591876795748)
[92mINFO [0m:      configure_evaluate: strategy sampled 5 clients (out of 5)
[36m(ClientAppActor pid=839867)[0m 
[36m(ClientAppActor pid=839867)[0m         
[36m(ClientAppActor pid=839867)[0m [93mWARNING [0m:   DEPRECATED FEATURE: `client_fn` now expects a signature `def client_fn(context: Context)`.The provided `client_fn` has signature: {'cid': <Parameter "cid: str">}. You can import the `Context` like this: `from flwr.app import Context`[32m [repeated 10x across cluster][0m
[36m(ClientAppActor pid=839867)[0m             This is a deprecated feature. It will be removed[32m [repeated 10x across cluster][0m
[36m(ClientAppActor pid=839867)[0m             entirely in future versions of Flower.[32m [repeated 10x across cluster][0m
[36m(ClientAppActor pid=839865)[0m 
[36m(ClientAppActor pid=839865)[0m         
[36m(ClientAppActor pid=839864)[0m 
[36m(ClientAppActor pid=839864)[0m         
[36m(ClientAppActor pid=839863)[0m 
[36m(ClientAppActor pid=839863)[0m         
[36m(ClientAppActor pid=839866)[0m 
[36m(ClientAppActor pid=839866)[0m         
[92mINFO [0m:      aggregate_evaluate: received 5 results and 0 failures
[92mINFO [0m:      
[92mINFO [0m:      [ROUND 8]
[92mINFO [0m:      configure_fit: strategy sampled 5 clients (out of 5)
[36m(ClientAppActor pid=839863)[0m 
[36m(ClientAppActor pid=839863)[0m         
[36m(ClientAppActor pid=839866)[0m 
[36m(ClientAppActor pid=839866)[0m         
[36m(ClientAppActor pid=839864)[0m 
[36m(ClientAppActor pid=839864)[0m         
[36m(ClientAppActor pid=839865)[0m 
[36m(ClientAppActor pid=839865)[0m         
[36m(ClientAppActor pid=839867)[0m 
[36m(ClientAppActor pid=839867)[0m         
[92mINFO [0m:      aggregate_fit: received 5 results and 0 failures
[92mINFO [0m:      fit progress: (8, 0.9868708783149719, {'accuracy': 0.6702, 'loss': 0.9868708783149719}, 176.04785179096507)
[92mINFO [0m:      configure_evaluate: strategy sampled 5 clients (out of 5)
[36m(ClientAppActor pid=839863)[0m 
[36m(ClientAppActor pid=839863)[0m         
[36m(ClientAppActor pid=839863)[0m [93mWARNING [0m:   DEPRECATED FEATURE: `client_fn` now expects a signature `def client_fn(context: Context)`.The provided `client_fn` has signature: {'cid': <Parameter "cid: str">}. You can import the `Context` like this: `from flwr.app import Context`[32m [repeated 10x across cluster][0m
[36m(ClientAppActor pid=839863)[0m             This is a deprecated feature. It will be removed[32m [repeated 10x across cluster][0m
[36m(ClientAppActor pid=839863)[0m             entirely in future versions of Flower.[32m [repeated 10x across cluster][0m
[36m(ClientAppActor pid=839864)[0m 
[36m(ClientAppActor pid=839864)[0m         
[36m(ClientAppActor pid=839866)[0m 
[36m(ClientAppActor pid=839866)[0m         
[36m(ClientAppActor pid=839867)[0m 
[36m(ClientAppActor pid=839867)[0m         
[36m(ClientAppActor pid=839865)[0m 
[36m(ClientAppActor pid=839865)[0m         
[92mINFO [0m:      aggregate_evaluate: received 5 results and 0 failures
[92mINFO [0m:      
[92mINFO [0m:      [ROUND 9]
[92mINFO [0m:      configure_fit: strategy sampled 5 clients (out of 5)
[36m(ClientAppActor pid=839867)[0m 
[36m(ClientAppActor pid=839867)[0m         
[36m(ClientAppActor pid=839865)[0m 
[36m(ClientAppActor pid=839865)[0m         
[36m(ClientAppActor pid=839866)[0m 
[36m(ClientAppActor pid=839866)[0m         
[36m(ClientAppActor pid=839864)[0m 
[36m(ClientAppActor pid=839864)[0m         
[36m(ClientAppActor pid=839863)[0m 
[36m(ClientAppActor pid=839863)[0m         
[92mINFO [0m:      aggregate_fit: received 5 results and 0 failures
[92mINFO [0m:      fit progress: (9, 0.9721951434135437, {'accuracy': 0.6765, 'loss': 0.9721951434135437}, 197.94077280996135)
[92mINFO [0m:      configure_evaluate: strategy sampled 5 clients (out of 5)
[36m(ClientAppActor pid=839867)[0m 
[36m(ClientAppActor pid=839867)[0m         
[36m(ClientAppActor pid=839867)[0m [93mWARNING [0m:   DEPRECATED FEATURE: `client_fn` now expects a signature `def client_fn(context: Context)`.The provided `client_fn` has signature: {'cid': <Parameter "cid: str">}. You can import the `Context` like this: `from flwr.app import Context`[32m [repeated 10x across cluster][0m
[36m(ClientAppActor pid=839867)[0m             This is a deprecated feature. It will be removed[32m [repeated 10x across cluster][0m
[36m(ClientAppActor pid=839867)[0m             entirely in future versions of Flower.[32m [repeated 10x across cluster][0m
[36m(ClientAppActor pid=839866)[0m 
[36m(ClientAppActor pid=839866)[0m         
[36m(ClientAppActor pid=839865)[0m 
[36m(ClientAppActor pid=839865)[0m         
[36m(ClientAppActor pid=839864)[0m 
[36m(ClientAppActor pid=839864)[0m         
[36m(ClientAppActor pid=839863)[0m 
[36m(ClientAppActor pid=839863)[0m         
[92mINFO [0m:      aggregate_evaluate: received 5 results and 0 failures
[92mINFO [0m:      
[92mINFO [0m:      [ROUND 10]
[92mINFO [0m:      configure_fit: strategy sampled 5 clients (out of 5)
[36m(ClientAppActor pid=839863)[0m 
[36m(ClientAppActor pid=839863)[0m         
[36m(ClientAppActor pid=839864)[0m 
[36m(ClientAppActor pid=839864)[0m         
[36m(ClientAppActor pid=839866)[0m 
[36m(ClientAppActor pid=839866)[0m         
[36m(ClientAppActor pid=839865)[0m 
[36m(ClientAppActor pid=839865)[0m         
[36m(ClientAppActor pid=839867)[0m 
[36m(ClientAppActor pid=839867)[0m         
[92mINFO [0m:      aggregate_fit: received 5 results and 0 failures
[92mINFO [0m:      fit progress: (10, 0.9499172494888306, {'accuracy': 0.6862, 'loss': 0.9499172494888306}, 220.09399914898677)
[92mINFO [0m:      configure_evaluate: strategy sampled 5 clients (out of 5)
[36m(ClientAppActor pid=839867)[0m 
[36m(ClientAppActor pid=839867)[0m         
[36m(ClientAppActor pid=839867)[0m [93mWARNING [0m:   DEPRECATED FEATURE: `client_fn` now expects a signature `def client_fn(context: Context)`.The provided `client_fn` has signature: {'cid': <Parameter "cid: str">}. You can import the `Context` like this: `from flwr.app import Context`[32m [repeated 10x across cluster][0m
[36m(ClientAppActor pid=839867)[0m             This is a deprecated feature. It will be removed[32m [repeated 10x across cluster][0m
[36m(ClientAppActor pid=839867)[0m             entirely in future versions of Flower.[32m [repeated 10x across cluster][0m
[36m(ClientAppActor pid=839864)[0m 
[36m(ClientAppActor pid=839864)[0m         
[36m(ClientAppActor pid=839866)[0m 
[36m(ClientAppActor pid=839866)[0m         
[36m(ClientAppActor pid=839865)[0m 
[36m(ClientAppActor pid=839865)[0m         
[36m(ClientAppActor pid=839863)[0m 
[36m(ClientAppActor pid=839863)[0m         
[92mINFO [0m:      aggregate_evaluate: received 5 results and 0 failures
[92mINFO [0m:      
[92mINFO [0m:      [SUMMARY]
[92mINFO [0m:      Run finished 10 round(s) in 220.86s
[92mINFO [0m:      	History (loss, distributed):
[92mINFO [0m:      		round 1: 2.2822365819489403
[92mINFO [0m:      		round 2: 1.9295692785468033
[92mINFO [0m:      		round 3: 1.5811947299309532
[92mINFO [0m:      		round 4: 1.3484751909333084
[92mINFO [0m:      		round 5: 1.2348514186732407
[92mINFO [0m:      		round 6: 1.1358256662204453
[92mINFO [0m:      		round 7: 1.0090731960762875
[92mINFO [0m:      		round 8: 0.9558945498228885
[92mINFO [0m:      		round 9: 0.9485009122615293
[92mINFO [0m:      		round 10: 0.916875203478353
[92mINFO [0m:      	History (loss, centralized):
[92mINFO [0m:      		round 0: 2.304318332672119
[92mINFO [0m:      		round 1: 2.2841304943084717
[92mINFO [0m:      		round 2: 1.9378858610153198
[92mINFO [0m:      		round 3: 1.5988759946823121
[92mINFO [0m:      		round 4: 1.364078572845459
[92mINFO [0m:      		round 5: 1.2711763626098633
[92mINFO [0m:      		round 6: 1.1677883417129518
[92mINFO [0m:      		round 7: 1.0406777853012086
[92mINFO [0m:      		round 8: 0.9868708783149719
[92mINFO [0m:      		round 9: 0.9721951434135437
[92mINFO [0m:      		round 10: 0.9499172494888306
[92mINFO [0m:      	History (metrics, distributed, fit):
[92mINFO [0m:      	{'avg_flops_per_client_round': [(1, 8140805084160.0),
[92mINFO [0m:      	                                (2, 8140805084160.0),
[92mINFO [0m:      	                                (3, 8140805084160.0),
[92mINFO [0m:      	                                (4, 8140805084160.0),
[92mINFO [0m:      	                                (5, 8140805084160.0),
[92mINFO [0m:      	                                (6, 8140805084160.0),
[92mINFO [0m:      	                                (7, 8140805084160.0),
[92mINFO [0m:      	                                (8, 8140805084160.0),
[92mINFO [0m:      	                                (9, 8140805084160.0),
[92mINFO [0m:      	                                (10, 8140805084160.0)],
[92mINFO [0m:      	 'total_flops_round': [(1, 40704025420800),
[92mINFO [0m:      	                       (2, 40704025420800),
[92mINFO [0m:      	                       (3, 40704025420800),
[92mINFO [0m:      	                       (4, 40704025420800),
[92mINFO [0m:      	                       (5, 40704025420800),
[92mINFO [0m:      	                       (6, 40704025420800),
[92mINFO [0m:      	                       (7, 40704025420800),
[92mINFO [0m:      	                       (8, 40704025420800),
[92mINFO [0m:      	                       (9, 40704025420800),
[92mINFO [0m:      	                       (10, 40704025420800)]}
[92mINFO [0m:      	History (metrics, distributed, evaluate):
[92mINFO [0m:      	{'accuracy': [(1, 0.10786471883129878),
[92mINFO [0m:      	              (2, 0.3694216529917951),
[92mINFO [0m:      	              (3, 0.4594756854112467),
[92mINFO [0m:      	              (4, 0.5445267160296178),
[92mINFO [0m:      	              (5, 0.5759455673404043),
[92mINFO [0m:      	              (6, 0.611166700020012),
[92mINFO [0m:      	              (7, 0.660796477886732),
[92mINFO [0m:      	              (8, 0.6780068040824495),
[92mINFO [0m:      	              (9, 0.683810286171703),
[92mINFO [0m:      	              (10, 0.6960176105663398)],
[92mINFO [0m:      	 'loss': [(1, 2.2822365819489403),
[92mINFO [0m:      	          (2, 1.9295692785468033),
[92mINFO [0m:      	          (3, 1.5811947299309532),
[92mINFO [0m:      	          (4, 1.3484751909333084),
[92mINFO [0m:      	          (5, 1.2348514186732407),
[92mINFO [0m:      	          (6, 1.1358256662204453),
[92mINFO [0m:      	          (7, 1.0090731960762875),
[92mINFO [0m:      	          (8, 0.9558945498228885),
[92mINFO [0m:      	          (9, 0.9485009122615293),
[92mINFO [0m:      	          (10, 0.916875203478353)]}
[92mINFO [0m:      	History (metrics, centralized):
[92mINFO [0m:      	{'accuracy': [(0, 0.093),
[92mINFO [0m:      	              (1, 0.1067),
[92mINFO [0m:      	              (2, 0.375),
[92mINFO [0m:      	              (3, 0.4504),
[92mINFO [0m:      	              (4, 0.5381),
[92mINFO [0m:      	              (5, 0.5639),
[92mINFO [0m:      	              (6, 0.6039),
[92mINFO [0m:      	              (7, 0.6489),
[92mINFO [0m:      	              (8, 0.6702),
[92mINFO [0m:      	              (9, 0.6765),
[92mINFO [0m:      	              (10, 0.6862)],
[92mINFO [0m:      	 'loss': [(0, 2.304318332672119),
[92mINFO [0m:      	          (1, 2.2841304943084717),
[92mINFO [0m:      	          (2, 1.9378858610153198),
[92mINFO [0m:      	          (3, 1.5988759946823121),
[92mINFO [0m:      	          (4, 1.364078572845459),
[92mINFO [0m:      	          (5, 1.2711763626098633),
[92mINFO [0m:      	          (6, 1.1677883417129518),
[92mINFO [0m:      	          (7, 1.0406777853012086),
[92mINFO [0m:      	          (8, 0.9868708783149719),
[92mINFO [0m:      	          (9, 0.9721951434135437),
[92mINFO [0m:      	          (10, 0.9499172494888306)]}
[92mINFO [0m:      
Treinando no dispositivo: cuda:0 com o dataset: CIFAR10 | Setup clientes: 5 (num_gpus por cliente=0.2) | SEED=46 | Método: FedProx (mu=0.01)
FLOPS por amostra (forward): 6.030e+07 | (forward+backward, 3x): 1.809e+08
Files already downloaded and verified
Files already downloaded and verified
Dividindo o dataset usando a distribuição de Dirichlet com alpha=0.1.
Iniciando a simulação de Aprendizado Federado...
=== Diagnóstico de Medição de GPU ===
  pynvml_disponivel: True
  pynvml_versao: 580.173.02
  gpus_detectadas: 1
  leitura_potencia_ok: True
  potencia_atual_W: 114.168

--- Rodada 0 - Avaliação Centralizada (Servidor) ---
Loss (Servidor): 2.3043 | Acurácia (Servidor): 0.0930

--- Rodada 1 - Avaliação Centralizada (Servidor) ---
Loss (Servidor): 2.2841 | Acurácia (Servidor): 0.1067
--- Avaliação Agregada (Clientes) ---
Loss Média (Clientes): 2.2822 | Acurácia Média (Clientes): 0.1079

--- Rodada 2 - Avaliação Centralizada (Servidor) ---
Loss (Servidor): 1.9379 | Acurácia (Servidor): 0.3750
--- Avaliação Agregada (Clientes) ---
Loss Média (Clientes): 1.9296 | Acurácia Média (Clientes): 0.3694

--- Rodada 3 - Avaliação Centralizada (Servidor) ---
Loss (Servidor): 1.5989 | Acurácia (Servidor): 0.4504
--- Avaliação Agregada (Clientes) ---
Loss Média (Clientes): 1.5812 | Acurácia Média (Clientes): 0.4595

--- Rodada 4 - Avaliação Centralizada (Servidor) ---
Loss (Servidor): 1.3641 | Acurácia (Servidor): 0.5381
--- Avaliação Agregada (Clientes) ---
Loss Média (Clientes): 1.3485 | Acurácia Média (Clientes): 0.5445

--- Rodada 5 - Avaliação Centralizada (Servidor) ---
Loss (Servidor): 1.2712 | Acurácia (Servidor): 0.5639
--- Avaliação Agregada (Clientes) ---
Loss Média (Clientes): 1.2349 | Acurácia Média (Clientes): 0.5759

--- Rodada 6 - Avaliação Centralizada (Servidor) ---
Loss (Servidor): 1.1678 | Acurácia (Servidor): 0.6039
--- Avaliação Agregada (Clientes) ---
Loss Média (Clientes): 1.1358 | Acurácia Média (Clientes): 0.6112

--- Rodada 7 - Avaliação Centralizada (Servidor) ---
Loss (Servidor): 1.0407 | Acurácia (Servidor): 0.6489
--- Avaliação Agregada (Clientes) ---
Loss Média (Clientes): 1.0091 | Acurácia Média (Clientes): 0.6608

--- Rodada 8 - Avaliação Centralizada (Servidor) ---
Loss (Servidor): 0.9869 | Acurácia (Servidor): 0.6702
--- Avaliação Agregada (Clientes) ---
Loss Média (Clientes): 0.9559 | Acurácia Média (Clientes): 0.6780

--- Rodada 9 - Avaliação Centralizada (Servidor) ---
Loss (Servidor): 0.9722 | Acurácia (Servidor): 0.6765
--- Avaliação Agregada (Clientes) ---
Loss Média (Clientes): 0.9485 | Acurácia Média (Clientes): 0.6838

--- Rodada 10 - Avaliação Centralizada (Servidor) ---
Loss (Servidor): 0.9499 | Acurácia (Servidor): 0.6862
--- Avaliação Agregada (Clientes) ---
Loss Média (Clientes): 0.9169 | Acurácia Média (Clientes): 0.6960

Resultados salvos em: /home/tiago/GitHubProjects/fedhad-thesis-2/FedProx-results/1.1_diagnostico_drift/CIFAR10/FedProx__CIFAR10__Setup-5__Clients-5__Rounds-10__Delay-0_05__Alpha-0_1__Seed-46.txt
[36m(ClientAppActor pid=839863)[0m [93mWARNING [0m:   DEPRECATED FEATURE: `client_fn` now expects a signature `def client_fn(context: Context)`.The provided `client_fn` has signature: {'cid': <Parameter "cid: str">}. You can import the `Context` like this: `from flwr.app import Context`[32m [repeated 4x across cluster][0m
[36m(ClientAppActor pid=839863)[0m             This is a deprecated feature. It will be removed[32m [repeated 4x across cluster][0m
[36m(ClientAppActor pid=839863)[0m             entirely in future versions of Flower.[32m [repeated 4x across cluster][0m
