[codecarbon WARNING @ 15:48:50] Multiple instances of codecarbon are allowed to run at the same time.
[93mWARNING [0m:   DEPRECATED FEATURE: flwr.simulation.start_simulation() is deprecated.
	Instead, use the `flwr run` CLI command to start a local simulation in your Flower app, as shown for example below:

		$ flwr new  # Create a new Flower app from a template

		$ flwr run  # Run the Flower app in Simulation Mode

	Using `start_simulation()` is deprecated.

            This is a deprecated feature. It will be removed
            entirely in future versions of Flower.
        
[92mINFO [0m:      Starting Flower simulation, config: num_rounds=10, no round_timeout
2026-09-04 15:48:58,593	INFO worker.py:2012 -- Started a local Ray instance.
/home/tiago/GitHubProjects/fedhad-thesis-2/env_flwr_pt/lib/python3.12/site-packages/ray/_private/worker.py:2051: FutureWarning: Tip: In future versions of Ray, Ray will no longer override accelerator visible devices env var if num_gpus=0 or num_gpus=None (default). To enable this behavior and turn off this error message, set RAY_ACCEL_ENV_VAR_OVERRIDE_ON_ZERO=0
  warnings.warn(
[92mINFO [0m:      Flower VCE: Ray initialized with resources: {'object_store_memory': 77453909606.0, 'accelerator_type:A40': 1.0, 'memory': 180725789082.0, 'node:__internal_head__': 1.0, 'CPU': 64.0, 'node:10.129.64.100': 1.0, 'GPU': 1.0}
[92mINFO [0m:      Optimize your simulation with Flower VCE: https://flower.ai/docs/framework/how-to-run-simulations.html
/home/tiago/GitHubProjects/fedhad-thesis-2/FedProx_Final.py:1601: UserWarning: No `num_cpus` specified in `client_resources`. Using `num_cpus=1` for each client.
  history = fl.simulation.start_simulation(
[92mINFO [0m:      Flower VCE: Resources for each Virtual Client: {'num_gpus': 0.2, 'num_cpus': 1}
[92mINFO [0m:      Flower VCE: Creating VirtualClientEngineActorPool with 5 actors
[92mINFO [0m:      [INIT]
[92mINFO [0m:      Requesting initial parameters from one random client
[36m(ClientAppActor pid=918355)[0m [93mWARNING [0m:   DEPRECATED FEATURE: `client_fn` now expects a signature `def client_fn(context: Context)`.The provided `client_fn` has signature: {'cid': <Parameter "cid: str">}. You can import the `Context` like this: `from flwr.app import Context`
[36m(ClientAppActor pid=918355)[0m 
[36m(ClientAppActor pid=918355)[0m             This is a deprecated feature. It will be removed
[36m(ClientAppActor pid=918355)[0m             entirely in future versions of Flower.
[36m(ClientAppActor pid=918355)[0m         
[92mINFO [0m:      Received initial parameters from one random client
[92mINFO [0m:      Starting evaluation of initial global parameters
[92mINFO [0m:      initial parameters (loss, other metrics): 2.303824110031128, {'accuracy': 0.0998, 'loss': 2.303824110031128}
[92mINFO [0m:      
[92mINFO [0m:      [ROUND 1]
[92mINFO [0m:      configure_fit: strategy sampled 5 clients (out of 5)
[36m(ClientAppActor pid=918355)[0m [93mWARNING [0m:   DEPRECATED FEATURE: `client_fn` now expects a signature `def client_fn(context: Context)`.The provided `client_fn` has signature: {'cid': <Parameter "cid: str">}. You can import the `Context` like this: `from flwr.app import Context`
[36m(ClientAppActor pid=918355)[0m 
[36m(ClientAppActor pid=918355)[0m             This is a deprecated feature. It will be removed
[36m(ClientAppActor pid=918355)[0m             entirely in future versions of Flower.
[36m(ClientAppActor pid=918355)[0m         
[36m(ClientAppActor pid=918357)[0m 
[36m(ClientAppActor pid=918357)[0m         
[36m(ClientAppActor pid=918356)[0m 
[36m(ClientAppActor pid=918356)[0m         
[36m(ClientAppActor pid=918354)[0m 
[36m(ClientAppActor pid=918354)[0m         
[36m(ClientAppActor pid=918353)[0m 
[36m(ClientAppActor pid=918353)[0m         
[92mINFO [0m:      aggregate_fit: received 5 results and 0 failures
[92mINFO [0m:      fit progress: (1, 2.2724355922698973, {'accuracy': 0.1201, 'loss': 2.2724355922698973}, 21.127091275004204)
[92mINFO [0m:      configure_evaluate: strategy sampled 5 clients (out of 5)
[36m(ClientAppActor pid=918357)[0m 
[36m(ClientAppActor pid=918357)[0m         
[36m(ClientAppActor pid=918357)[0m [93mWARNING [0m:   DEPRECATED FEATURE: `client_fn` now expects a signature `def client_fn(context: Context)`.The provided `client_fn` has signature: {'cid': <Parameter "cid: str">}. You can import the `Context` like this: `from flwr.app import Context`[32m [repeated 5x across cluster] (Ray deduplicates logs by default. Set RAY_DEDUP_LOGS=0 to disable log deduplication, or see https://docs.ray.io/en/master/ray-observability/user-guides/configure-logging.html#log-deduplication for more options.)[0m
[36m(ClientAppActor pid=918357)[0m             This is a deprecated feature. It will be removed[32m [repeated 5x across cluster][0m
[36m(ClientAppActor pid=918357)[0m             entirely in future versions of Flower.[32m [repeated 5x across cluster][0m
[36m(ClientAppActor pid=918355)[0m 
[36m(ClientAppActor pid=918355)[0m         
[36m(ClientAppActor pid=918356)[0m 
[36m(ClientAppActor pid=918356)[0m         
[36m(ClientAppActor pid=918353)[0m 
[36m(ClientAppActor pid=918353)[0m         
[36m(ClientAppActor pid=918354)[0m 
[36m(ClientAppActor pid=918354)[0m         
[92mINFO [0m:      aggregate_evaluate: received 5 results and 0 failures
[92mINFO [0m:      
[92mINFO [0m:      [ROUND 2]
[92mINFO [0m:      configure_fit: strategy sampled 5 clients (out of 5)
[36m(ClientAppActor pid=918354)[0m 
[36m(ClientAppActor pid=918354)[0m         
[36m(ClientAppActor pid=918353)[0m 
[36m(ClientAppActor pid=918353)[0m         
[36m(ClientAppActor pid=918355)[0m 
[36m(ClientAppActor pid=918355)[0m         
[36m(ClientAppActor pid=918356)[0m 
[36m(ClientAppActor pid=918356)[0m         
[36m(ClientAppActor pid=918357)[0m 
[36m(ClientAppActor pid=918357)[0m         
[92mINFO [0m:      aggregate_fit: received 5 results and 0 failures
[92mINFO [0m:      fit progress: (2, 2.1292211715698244, {'accuracy': 0.2968, 'loss': 2.1292211715698244}, 40.67009329801658)
[92mINFO [0m:      configure_evaluate: strategy sampled 5 clients (out of 5)
[36m(ClientAppActor pid=918355)[0m 
[36m(ClientAppActor pid=918355)[0m         
[36m(ClientAppActor pid=918355)[0m [93mWARNING [0m:   DEPRECATED FEATURE: `client_fn` now expects a signature `def client_fn(context: Context)`.The provided `client_fn` has signature: {'cid': <Parameter "cid: str">}. You can import the `Context` like this: `from flwr.app import Context`[32m [repeated 10x across cluster][0m
[36m(ClientAppActor pid=918355)[0m             This is a deprecated feature. It will be removed[32m [repeated 10x across cluster][0m
[36m(ClientAppActor pid=918355)[0m             entirely in future versions of Flower.[32m [repeated 10x across cluster][0m
[36m(ClientAppActor pid=918356)[0m 
[36m(ClientAppActor pid=918356)[0m         
[36m(ClientAppActor pid=918357)[0m 
[36m(ClientAppActor pid=918357)[0m         
[36m(ClientAppActor pid=918354)[0m 
[36m(ClientAppActor pid=918354)[0m         
[36m(ClientAppActor pid=918353)[0m 
[36m(ClientAppActor pid=918353)[0m         
[92mINFO [0m:      aggregate_evaluate: received 5 results and 0 failures
[92mINFO [0m:      
[92mINFO [0m:      [ROUND 3]
[92mINFO [0m:      configure_fit: strategy sampled 5 clients (out of 5)
[36m(ClientAppActor pid=918353)[0m 
[36m(ClientAppActor pid=918353)[0m         
[36m(ClientAppActor pid=918354)[0m 
[36m(ClientAppActor pid=918354)[0m         
[36m(ClientAppActor pid=918357)[0m 
[36m(ClientAppActor pid=918357)[0m         
[36m(ClientAppActor pid=918356)[0m 
[36m(ClientAppActor pid=918356)[0m         
[36m(ClientAppActor pid=918355)[0m 
[36m(ClientAppActor pid=918355)[0m         
[92mINFO [0m:      aggregate_fit: received 5 results and 0 failures
[92mINFO [0m:      fit progress: (3, 1.9063229219436646, {'accuracy': 0.391, 'loss': 1.9063229219436646}, 60.10803293297067)
[92mINFO [0m:      configure_evaluate: strategy sampled 5 clients (out of 5)
[36m(ClientAppActor pid=918354)[0m 
[36m(ClientAppActor pid=918354)[0m         
[36m(ClientAppActor pid=918354)[0m [93mWARNING [0m:   DEPRECATED FEATURE: `client_fn` now expects a signature `def client_fn(context: Context)`.The provided `client_fn` has signature: {'cid': <Parameter "cid: str">}. You can import the `Context` like this: `from flwr.app import Context`[32m [repeated 10x across cluster][0m
[36m(ClientAppActor pid=918354)[0m             This is a deprecated feature. It will be removed[32m [repeated 10x across cluster][0m
[36m(ClientAppActor pid=918354)[0m             entirely in future versions of Flower.[32m [repeated 10x across cluster][0m
[36m(ClientAppActor pid=918357)[0m 
[36m(ClientAppActor pid=918357)[0m         
[36m(ClientAppActor pid=918353)[0m 
[36m(ClientAppActor pid=918353)[0m         
[36m(ClientAppActor pid=918356)[0m 
[36m(ClientAppActor pid=918356)[0m         
[36m(ClientAppActor pid=918355)[0m 
[36m(ClientAppActor pid=918355)[0m         
[92mINFO [0m:      aggregate_evaluate: received 5 results and 0 failures
[92mINFO [0m:      
[92mINFO [0m:      [ROUND 4]
[92mINFO [0m:      configure_fit: strategy sampled 5 clients (out of 5)
[36m(ClientAppActor pid=918355)[0m 
[36m(ClientAppActor pid=918355)[0m         
[36m(ClientAppActor pid=918353)[0m 
[36m(ClientAppActor pid=918353)[0m         
[36m(ClientAppActor pid=918356)[0m 
[36m(ClientAppActor pid=918356)[0m         
[36m(ClientAppActor pid=918357)[0m 
[36m(ClientAppActor pid=918357)[0m         
[36m(ClientAppActor pid=918354)[0m 
[36m(ClientAppActor pid=918354)[0m         
[92mINFO [0m:      aggregate_fit: received 5 results and 0 failures
[92mINFO [0m:      fit progress: (4, 1.673933468437195, {'accuracy': 0.4856, 'loss': 1.673933468437195}, 79.88725264498498)
[92mINFO [0m:      configure_evaluate: strategy sampled 5 clients (out of 5)
[36m(ClientAppActor pid=918354)[0m 
[36m(ClientAppActor pid=918354)[0m         
[36m(ClientAppActor pid=918354)[0m [93mWARNING [0m:   DEPRECATED FEATURE: `client_fn` now expects a signature `def client_fn(context: Context)`.The provided `client_fn` has signature: {'cid': <Parameter "cid: str">}. You can import the `Context` like this: `from flwr.app import Context`[32m [repeated 10x across cluster][0m
[36m(ClientAppActor pid=918354)[0m             This is a deprecated feature. It will be removed[32m [repeated 10x across cluster][0m
[36m(ClientAppActor pid=918354)[0m             entirely in future versions of Flower.[32m [repeated 10x across cluster][0m
[36m(ClientAppActor pid=918355)[0m 
[36m(ClientAppActor pid=918355)[0m         
[36m(ClientAppActor pid=918357)[0m 
[36m(ClientAppActor pid=918357)[0m         
[36m(ClientAppActor pid=918356)[0m 
[36m(ClientAppActor pid=918356)[0m         
[36m(ClientAppActor pid=918353)[0m 
[36m(ClientAppActor pid=918353)[0m         
[92mINFO [0m:      aggregate_evaluate: received 5 results and 0 failures
[92mINFO [0m:      
[92mINFO [0m:      [ROUND 5]
[92mINFO [0m:      configure_fit: strategy sampled 5 clients (out of 5)
[36m(ClientAppActor pid=918356)[0m 
[36m(ClientAppActor pid=918356)[0m         
[36m(ClientAppActor pid=918353)[0m 
[36m(ClientAppActor pid=918353)[0m         
[36m(ClientAppActor pid=918355)[0m 
[36m(ClientAppActor pid=918355)[0m         
[36m(ClientAppActor pid=918357)[0m 
[36m(ClientAppActor pid=918357)[0m         
[36m(ClientAppActor pid=918354)[0m 
[36m(ClientAppActor pid=918354)[0m         
[92mINFO [0m:      aggregate_fit: received 5 results and 0 failures
[92mINFO [0m:      fit progress: (5, 1.5194025035858154, {'accuracy': 0.5224, 'loss': 1.5194025035858154}, 99.44483838201268)
[92mINFO [0m:      configure_evaluate: strategy sampled 5 clients (out of 5)
[36m(ClientAppActor pid=918357)[0m 
[36m(ClientAppActor pid=918357)[0m         
[36m(ClientAppActor pid=918357)[0m [93mWARNING [0m:   DEPRECATED FEATURE: `client_fn` now expects a signature `def client_fn(context: Context)`.The provided `client_fn` has signature: {'cid': <Parameter "cid: str">}. You can import the `Context` like this: `from flwr.app import Context`[32m [repeated 10x across cluster][0m
[36m(ClientAppActor pid=918357)[0m             This is a deprecated feature. It will be removed[32m [repeated 10x across cluster][0m
[36m(ClientAppActor pid=918357)[0m             entirely in future versions of Flower.[32m [repeated 10x across cluster][0m
[36m(ClientAppActor pid=918353)[0m 
[36m(ClientAppActor pid=918353)[0m         
[36m(ClientAppActor pid=918356)[0m 
[36m(ClientAppActor pid=918356)[0m         
[36m(ClientAppActor pid=918354)[0m 
[36m(ClientAppActor pid=918354)[0m         
[36m(ClientAppActor pid=918355)[0m 
[36m(ClientAppActor pid=918355)[0m         
[92mINFO [0m:      aggregate_evaluate: received 5 results and 0 failures
[92mINFO [0m:      
[92mINFO [0m:      [ROUND 6]
[92mINFO [0m:      configure_fit: strategy sampled 5 clients (out of 5)
[36m(ClientAppActor pid=918355)[0m 
[36m(ClientAppActor pid=918355)[0m         
[36m(ClientAppActor pid=918354)[0m 
[36m(ClientAppActor pid=918354)[0m         
[36m(ClientAppActor pid=918353)[0m 
[36m(ClientAppActor pid=918353)[0m         
[36m(ClientAppActor pid=918356)[0m 
[36m(ClientAppActor pid=918356)[0m         
[36m(ClientAppActor pid=918357)[0m 
[36m(ClientAppActor pid=918357)[0m         
[92mINFO [0m:      aggregate_fit: received 5 results and 0 failures
[92mINFO [0m:      fit progress: (6, 1.4481187046051025, {'accuracy': 0.5366, 'loss': 1.4481187046051025}, 118.80311347200768)
[92mINFO [0m:      configure_evaluate: strategy sampled 5 clients (out of 5)
[36m(ClientAppActor pid=918356)[0m 
[36m(ClientAppActor pid=918356)[0m         
[36m(ClientAppActor pid=918356)[0m [93mWARNING [0m:   DEPRECATED FEATURE: `client_fn` now expects a signature `def client_fn(context: Context)`.The provided `client_fn` has signature: {'cid': <Parameter "cid: str">}. You can import the `Context` like this: `from flwr.app import Context`[32m [repeated 10x across cluster][0m
[36m(ClientAppActor pid=918356)[0m             This is a deprecated feature. It will be removed[32m [repeated 10x across cluster][0m
[36m(ClientAppActor pid=918356)[0m             entirely in future versions of Flower.[32m [repeated 10x across cluster][0m
[36m(ClientAppActor pid=918357)[0m 
[36m(ClientAppActor pid=918357)[0m         
[36m(ClientAppActor pid=918353)[0m 
[36m(ClientAppActor pid=918353)[0m         
[36m(ClientAppActor pid=918355)[0m 
[36m(ClientAppActor pid=918355)[0m         
[36m(ClientAppActor pid=918354)[0m 
[36m(ClientAppActor pid=918354)[0m         
[92mINFO [0m:      aggregate_evaluate: received 5 results and 0 failures
[92mINFO [0m:      
[92mINFO [0m:      [ROUND 7]
[92mINFO [0m:      configure_fit: strategy sampled 5 clients (out of 5)
[36m(ClientAppActor pid=918354)[0m 
[36m(ClientAppActor pid=918354)[0m         
[36m(ClientAppActor pid=918355)[0m 
[36m(ClientAppActor pid=918355)[0m         
[36m(ClientAppActor pid=918353)[0m 
[36m(ClientAppActor pid=918353)[0m         
[36m(ClientAppActor pid=918357)[0m 
[36m(ClientAppActor pid=918357)[0m         
[36m(ClientAppActor pid=918356)[0m 
[36m(ClientAppActor pid=918356)[0m         
[92mINFO [0m:      aggregate_fit: received 5 results and 0 failures
[92mINFO [0m:      fit progress: (7, 1.4206475900650024, {'accuracy': 0.5675, 'loss': 1.4206475900650024}, 138.77025959297316)
[92mINFO [0m:      configure_evaluate: strategy sampled 5 clients (out of 5)
[36m(ClientAppActor pid=918357)[0m 
[36m(ClientAppActor pid=918357)[0m         
[36m(ClientAppActor pid=918357)[0m [93mWARNING [0m:   DEPRECATED FEATURE: `client_fn` now expects a signature `def client_fn(context: Context)`.The provided `client_fn` has signature: {'cid': <Parameter "cid: str">}. You can import the `Context` like this: `from flwr.app import Context`[32m [repeated 10x across cluster][0m
[36m(ClientAppActor pid=918357)[0m             This is a deprecated feature. It will be removed[32m [repeated 10x across cluster][0m
[36m(ClientAppActor pid=918357)[0m             entirely in future versions of Flower.[32m [repeated 10x across cluster][0m
[36m(ClientAppActor pid=918353)[0m 
[36m(ClientAppActor pid=918353)[0m         
[36m(ClientAppActor pid=918355)[0m 
[36m(ClientAppActor pid=918355)[0m         
[36m(ClientAppActor pid=918354)[0m 
[36m(ClientAppActor pid=918354)[0m         
[36m(ClientAppActor pid=918356)[0m 
[36m(ClientAppActor pid=918356)[0m         
[92mINFO [0m:      aggregate_evaluate: received 5 results and 0 failures
[92mINFO [0m:      
[92mINFO [0m:      [ROUND 8]
[92mINFO [0m:      configure_fit: strategy sampled 5 clients (out of 5)
[36m(ClientAppActor pid=918356)[0m 
[36m(ClientAppActor pid=918356)[0m         
[36m(ClientAppActor pid=918354)[0m 
[36m(ClientAppActor pid=918354)[0m         
[36m(ClientAppActor pid=918355)[0m 
[36m(ClientAppActor pid=918355)[0m         
[36m(ClientAppActor pid=918353)[0m 
[36m(ClientAppActor pid=918353)[0m         
[36m(ClientAppActor pid=918357)[0m 
[36m(ClientAppActor pid=918357)[0m         
[92mINFO [0m:      aggregate_fit: received 5 results and 0 failures
[92mINFO [0m:      fit progress: (8, 1.3431482013702392, {'accuracy': 0.566, 'loss': 1.3431482013702392}, 158.1029274680186)
[92mINFO [0m:      configure_evaluate: strategy sampled 5 clients (out of 5)
[36m(ClientAppActor pid=918354)[0m 
[36m(ClientAppActor pid=918354)[0m         
[36m(ClientAppActor pid=918354)[0m [93mWARNING [0m:   DEPRECATED FEATURE: `client_fn` now expects a signature `def client_fn(context: Context)`.The provided `client_fn` has signature: {'cid': <Parameter "cid: str">}. You can import the `Context` like this: `from flwr.app import Context`[32m [repeated 10x across cluster][0m
[36m(ClientAppActor pid=918354)[0m             This is a deprecated feature. It will be removed[32m [repeated 10x across cluster][0m
[36m(ClientAppActor pid=918354)[0m             entirely in future versions of Flower.[32m [repeated 10x across cluster][0m
[36m(ClientAppActor pid=918356)[0m 
[36m(ClientAppActor pid=918356)[0m         
[36m(ClientAppActor pid=918353)[0m 
[36m(ClientAppActor pid=918353)[0m         
[36m(ClientAppActor pid=918357)[0m 
[36m(ClientAppActor pid=918357)[0m         
[36m(ClientAppActor pid=918355)[0m 
[36m(ClientAppActor pid=918355)[0m         
[92mINFO [0m:      aggregate_evaluate: received 5 results and 0 failures
[92mINFO [0m:      
[92mINFO [0m:      [ROUND 9]
[92mINFO [0m:      configure_fit: strategy sampled 5 clients (out of 5)
[36m(ClientAppActor pid=918355)[0m 
[36m(ClientAppActor pid=918355)[0m         
[36m(ClientAppActor pid=918353)[0m 
[36m(ClientAppActor pid=918353)[0m         
[36m(ClientAppActor pid=918356)[0m 
[36m(ClientAppActor pid=918356)[0m         
[36m(ClientAppActor pid=918357)[0m 
[36m(ClientAppActor pid=918357)[0m         
[36m(ClientAppActor pid=918354)[0m 
[36m(ClientAppActor pid=918354)[0m         
[92mINFO [0m:      aggregate_fit: received 5 results and 0 failures
[92mINFO [0m:      fit progress: (9, 1.3055276916503906, {'accuracy': 0.5773, 'loss': 1.3055276916503906}, 177.85872041096445)
[92mINFO [0m:      configure_evaluate: strategy sampled 5 clients (out of 5)
[36m(ClientAppActor pid=918357)[0m 
[36m(ClientAppActor pid=918357)[0m         
[36m(ClientAppActor pid=918357)[0m [93mWARNING [0m:   DEPRECATED FEATURE: `client_fn` now expects a signature `def client_fn(context: Context)`.The provided `client_fn` has signature: {'cid': <Parameter "cid: str">}. You can import the `Context` like this: `from flwr.app import Context`[32m [repeated 10x across cluster][0m
[36m(ClientAppActor pid=918357)[0m             This is a deprecated feature. It will be removed[32m [repeated 10x across cluster][0m
[36m(ClientAppActor pid=918357)[0m             entirely in future versions of Flower.[32m [repeated 10x across cluster][0m
[36m(ClientAppActor pid=918353)[0m 
[36m(ClientAppActor pid=918353)[0m         
[36m(ClientAppActor pid=918356)[0m 
[36m(ClientAppActor pid=918356)[0m         
[36m(ClientAppActor pid=918354)[0m 
[36m(ClientAppActor pid=918354)[0m         
[36m(ClientAppActor pid=918355)[0m 
[36m(ClientAppActor pid=918355)[0m         
[92mINFO [0m:      aggregate_evaluate: received 5 results and 0 failures
[92mINFO [0m:      
[92mINFO [0m:      [ROUND 10]
[92mINFO [0m:      configure_fit: strategy sampled 5 clients (out of 5)
[36m(ClientAppActor pid=918355)[0m 
[36m(ClientAppActor pid=918355)[0m         
[36m(ClientAppActor pid=918354)[0m 
[36m(ClientAppActor pid=918354)[0m         
[36m(ClientAppActor pid=918356)[0m 
[36m(ClientAppActor pid=918356)[0m         
[36m(ClientAppActor pid=918357)[0m 
[36m(ClientAppActor pid=918357)[0m         
[36m(ClientAppActor pid=918353)[0m 
[36m(ClientAppActor pid=918353)[0m         
[92mINFO [0m:      aggregate_fit: received 5 results and 0 failures
[92mINFO [0m:      fit progress: (10, 1.2892582204818726, {'accuracy': 0.5863, 'loss': 1.2892582204818726}, 197.3868847389822)
[92mINFO [0m:      configure_evaluate: strategy sampled 5 clients (out of 5)
[36m(ClientAppActor pid=918355)[0m 
[36m(ClientAppActor pid=918355)[0m         
[36m(ClientAppActor pid=918355)[0m [93mWARNING [0m:   DEPRECATED FEATURE: `client_fn` now expects a signature `def client_fn(context: Context)`.The provided `client_fn` has signature: {'cid': <Parameter "cid: str">}. You can import the `Context` like this: `from flwr.app import Context`[32m [repeated 10x across cluster][0m
[36m(ClientAppActor pid=918355)[0m             This is a deprecated feature. It will be removed[32m [repeated 10x across cluster][0m
[36m(ClientAppActor pid=918355)[0m             entirely in future versions of Flower.[32m [repeated 10x across cluster][0m
[36m(ClientAppActor pid=918357)[0m 
[36m(ClientAppActor pid=918357)[0m         
[36m(ClientAppActor pid=918356)[0m 
[36m(ClientAppActor pid=918356)[0m         
[36m(ClientAppActor pid=918354)[0m 
[36m(ClientAppActor pid=918354)[0m         
[36m(ClientAppActor pid=918353)[0m 
[36m(ClientAppActor pid=918353)[0m         
[92mINFO [0m:      aggregate_evaluate: received 5 results and 0 failures
[92mINFO [0m:      
[92mINFO [0m:      [SUMMARY]
[92mINFO [0m:      Run finished 10 round(s) in 198.26s
[92mINFO [0m:      	History (loss, distributed):
[92mINFO [0m:      		round 1: 2.274271543238725
[92mINFO [0m:      		round 2: 2.1349599354741287
[92mINFO [0m:      		round 3: 1.9095145869894283
[92mINFO [0m:      		round 4: 1.6760025266267242
[92mINFO [0m:      		round 5: 1.518244771259267
[92mINFO [0m:      		round 6: 1.4459219180008753
[92mINFO [0m:      		round 7: 1.4227673777607548
[92mINFO [0m:      		round 8: 1.3386558967695779
[92mINFO [0m:      		round 9: 1.2916637146223087
[92mINFO [0m:      		round 10: 1.2669976587336855
[92mINFO [0m:      	History (loss, centralized):
[92mINFO [0m:      		round 0: 2.303824110031128
[92mINFO [0m:      		round 1: 2.2724355922698973
[92mINFO [0m:      		round 2: 2.1292211715698244
[92mINFO [0m:      		round 3: 1.9063229219436646
[92mINFO [0m:      		round 4: 1.673933468437195
[92mINFO [0m:      		round 5: 1.5194025035858154
[92mINFO [0m:      		round 6: 1.4481187046051025
[92mINFO [0m:      		round 7: 1.4206475900650024
[92mINFO [0m:      		round 8: 1.3431482013702392
[92mINFO [0m:      		round 9: 1.3055276916503906
[92mINFO [0m:      		round 10: 1.2892582204818726
[92mINFO [0m:      	History (metrics, distributed, fit):
[92mINFO [0m:      	{'avg_flops_per_client_round': [(1, 8140624189440.0),
[92mINFO [0m:      	                                (2, 8140624189440.0),
[92mINFO [0m:      	                                (3, 8140624189440.0),
[92mINFO [0m:      	                                (4, 8140624189440.0),
[92mINFO [0m:      	                                (5, 8140624189440.0),
[92mINFO [0m:      	                                (6, 8140624189440.0),
[92mINFO [0m:      	                                (7, 8140624189440.0),
[92mINFO [0m:      	                                (8, 8140624189440.0),
[92mINFO [0m:      	                                (9, 8140624189440.0),
[92mINFO [0m:      	                                (10, 8140624189440.0)],
[92mINFO [0m:      	 'total_flops_round': [(1, 40703120947200),
[92mINFO [0m:      	                       (2, 40703120947200),
[92mINFO [0m:      	                       (3, 40703120947200),
[92mINFO [0m:      	                       (4, 40703120947200),
[92mINFO [0m:      	                       (5, 40703120947200),
[92mINFO [0m:      	                       (6, 40703120947200),
[92mINFO [0m:      	                       (7, 40703120947200),
[92mINFO [0m:      	                       (8, 40703120947200),
[92mINFO [0m:      	                       (9, 40703120947200),
[92mINFO [0m:      	                       (10, 40703120947200)]}
[92mINFO [0m:      	History (metrics, distributed, evaluate):
[92mINFO [0m:      	{'accuracy': [(1, 0.11384553821528612),
[92mINFO [0m:      	              (2, 0.2965186074429772),
[92mINFO [0m:      	              (3, 0.39175670268107243),
[92mINFO [0m:      	              (4, 0.48679471788715484),
[92mINFO [0m:      	              (5, 0.5304121648659463),
[92mINFO [0m:      	              (6, 0.5398159263705482),
[92mINFO [0m:      	              (7, 0.5600240096038416),
[92mINFO [0m:      	              (8, 0.5768307322929171),
[92mINFO [0m:      	              (9, 0.5880352140856343),
[92mINFO [0m:      	              (10, 0.5956382553021209)],
[92mINFO [0m:      	 'loss': [(1, 2.274271543238725),
[92mINFO [0m:      	          (2, 2.1349599354741287),
[92mINFO [0m:      	          (3, 1.9095145869894283),
[92mINFO [0m:      	          (4, 1.6760025266267242),
[92mINFO [0m:      	          (5, 1.518244771259267),
[92mINFO [0m:      	          (6, 1.4459219180008753),
[92mINFO [0m:      	          (7, 1.4227673777607548),
[92mINFO [0m:      	          (8, 1.3386558967695779),
[92mINFO [0m:      	          (9, 1.2916637146223087),
[92mINFO [0m:      	          (10, 1.2669976587336855)]}
[92mINFO [0m:      	History (metrics, centralized):
[92mINFO [0m:      	{'accuracy': [(0, 0.0998),
[92mINFO [0m:      	              (1, 0.1201),
[92mINFO [0m:      	              (2, 0.2968),
[92mINFO [0m:      	              (3, 0.391),
[92mINFO [0m:      	              (4, 0.4856),
[92mINFO [0m:      	              (5, 0.5224),
[92mINFO [0m:      	              (6, 0.5366),
[92mINFO [0m:      	              (7, 0.5675),
[92mINFO [0m:      	              (8, 0.566),
[92mINFO [0m:      	              (9, 0.5773),
[92mINFO [0m:      	              (10, 0.5863)],
[92mINFO [0m:      	 'loss': [(0, 2.303824110031128),
[92mINFO [0m:      	          (1, 2.2724355922698973),
[92mINFO [0m:      	          (2, 2.1292211715698244),
[92mINFO [0m:      	          (3, 1.9063229219436646),
[92mINFO [0m:      	          (4, 1.673933468437195),
[92mINFO [0m:      	          (5, 1.5194025035858154),
[92mINFO [0m:      	          (6, 1.4481187046051025),
[92mINFO [0m:      	          (7, 1.4206475900650024),
[92mINFO [0m:      	          (8, 1.3431482013702392),
[92mINFO [0m:      	          (9, 1.3055276916503906),
[92mINFO [0m:      	          (10, 1.2892582204818726)]}
[92mINFO [0m:      
Treinando no dispositivo: cuda:0 com o dataset: CIFAR10 | Setup clientes: 5 (num_gpus por cliente=0.2) | SEED=45 | Método: FedProx (mu=0.01)
FLOPS por amostra (forward): 6.030e+07 | (forward+backward, 3x): 1.809e+08
Files already downloaded and verified
Files already downloaded and verified
Dividindo o dataset usando a distribuição de Dirichlet com alpha=0.01.
Iniciando a simulação de Aprendizado Federado...
=== Diagnóstico de Medição de GPU ===
  pynvml_disponivel: True
  pynvml_versao: 580.173.02
  gpus_detectadas: 1
  leitura_potencia_ok: True
  potencia_atual_W: 113.723

--- Rodada 0 - Avaliação Centralizada (Servidor) ---
Loss (Servidor): 2.3038 | Acurácia (Servidor): 0.0998

--- Rodada 1 - Avaliação Centralizada (Servidor) ---
Loss (Servidor): 2.2724 | Acurácia (Servidor): 0.1201
--- Avaliação Agregada (Clientes) ---
Loss Média (Clientes): 2.2743 | Acurácia Média (Clientes): 0.1138

--- Rodada 2 - Avaliação Centralizada (Servidor) ---
Loss (Servidor): 2.1292 | Acurácia (Servidor): 0.2968
--- Avaliação Agregada (Clientes) ---
Loss Média (Clientes): 2.1350 | Acurácia Média (Clientes): 0.2965

--- Rodada 3 - Avaliação Centralizada (Servidor) ---
Loss (Servidor): 1.9063 | Acurácia (Servidor): 0.3910
--- Avaliação Agregada (Clientes) ---
Loss Média (Clientes): 1.9095 | Acurácia Média (Clientes): 0.3918

--- Rodada 4 - Avaliação Centralizada (Servidor) ---
Loss (Servidor): 1.6739 | Acurácia (Servidor): 0.4856
--- Avaliação Agregada (Clientes) ---
Loss Média (Clientes): 1.6760 | Acurácia Média (Clientes): 0.4868

--- Rodada 5 - Avaliação Centralizada (Servidor) ---
Loss (Servidor): 1.5194 | Acurácia (Servidor): 0.5224
--- Avaliação Agregada (Clientes) ---
Loss Média (Clientes): 1.5182 | Acurácia Média (Clientes): 0.5304

--- Rodada 6 - Avaliação Centralizada (Servidor) ---
Loss (Servidor): 1.4481 | Acurácia (Servidor): 0.5366
--- Avaliação Agregada (Clientes) ---
Loss Média (Clientes): 1.4459 | Acurácia Média (Clientes): 0.5398

--- Rodada 7 - Avaliação Centralizada (Servidor) ---
Loss (Servidor): 1.4206 | Acurácia (Servidor): 0.5675
--- Avaliação Agregada (Clientes) ---
Loss Média (Clientes): 1.4228 | Acurácia Média (Clientes): 0.5600

--- Rodada 8 - Avaliação Centralizada (Servidor) ---
Loss (Servidor): 1.3431 | Acurácia (Servidor): 0.5660
--- Avaliação Agregada (Clientes) ---
Loss Média (Clientes): 1.3387 | Acurácia Média (Clientes): 0.5768

--- Rodada 9 - Avaliação Centralizada (Servidor) ---
Loss (Servidor): 1.3055 | Acurácia (Servidor): 0.5773
--- Avaliação Agregada (Clientes) ---
Loss Média (Clientes): 1.2917 | Acurácia Média (Clientes): 0.5880

--- Rodada 10 - Avaliação Centralizada (Servidor) ---
Loss (Servidor): 1.2893 | Acurácia (Servidor): 0.5863
--- Avaliação Agregada (Clientes) ---
Loss Média (Clientes): 1.2670 | Acurácia Média (Clientes): 0.5956

Resultados salvos em: /home/tiago/GitHubProjects/fedhad-thesis-2/FedProx-results/1.1_diagnostico_drift/CIFAR10/FedProx__CIFAR10__Setup-5__Clients-5__Rounds-10__Delay-0_05__Alpha-0_01__Seed-45.txt
[36m(ClientAppActor pid=918353)[0m [93mWARNING [0m:   DEPRECATED FEATURE: `client_fn` now expects a signature `def client_fn(context: Context)`.The provided `client_fn` has signature: {'cid': <Parameter "cid: str">}. You can import the `Context` like this: `from flwr.app import Context`[32m [repeated 4x across cluster][0m
[36m(ClientAppActor pid=918353)[0m             This is a deprecated feature. It will be removed[32m [repeated 4x across cluster][0m
[36m(ClientAppActor pid=918353)[0m             entirely in future versions of Flower.[32m [repeated 4x across cluster][0m
