[codecarbon WARNING @ 15:57:37] Multiple instances of codecarbon are allowed to run at the same time.
[93mWARNING [0m:   DEPRECATED FEATURE: flwr.simulation.start_simulation() is deprecated.
	Instead, use the `flwr run` CLI command to start a local simulation in your Flower app, as shown for example below:

		$ flwr new  # Create a new Flower app from a template

		$ flwr run  # Run the Flower app in Simulation Mode

	Using `start_simulation()` is deprecated.

            This is a deprecated feature. It will be removed
            entirely in future versions of Flower.
        
[92mINFO [0m:      Starting Flower simulation, config: num_rounds=10, no round_timeout
2026-09-04 15:57:45,579	INFO worker.py:2012 -- Started a local Ray instance.
/home/tiago/GitHubProjects/fedhad-thesis-2/env_flwr_pt/lib/python3.12/site-packages/ray/_private/worker.py:2051: FutureWarning: Tip: In future versions of Ray, Ray will no longer override accelerator visible devices env var if num_gpus=0 or num_gpus=None (default). To enable this behavior and turn off this error message, set RAY_ACCEL_ENV_VAR_OVERRIDE_ON_ZERO=0
  warnings.warn(
[92mINFO [0m:      Flower VCE: Ray initialized with resources: {'GPU': 1.0, 'CPU': 64.0, 'node:10.129.64.100': 1.0, 'object_store_memory': 77403488256.0, 'memory': 180608139264.0, 'accelerator_type:A40': 1.0, 'node:__internal_head__': 1.0}
[92mINFO [0m:      Optimize your simulation with Flower VCE: https://flower.ai/docs/framework/how-to-run-simulations.html
/home/tiago/GitHubProjects/fedhad-thesis-2/FedProx_Final.py:1601: UserWarning: No `num_cpus` specified in `client_resources`. Using `num_cpus=1` for each client.
  history = fl.simulation.start_simulation(
[92mINFO [0m:      Flower VCE: Resources for each Virtual Client: {'num_gpus': 0.2, 'num_cpus': 1}
[92mINFO [0m:      Flower VCE: Creating VirtualClientEngineActorPool with 5 actors
[92mINFO [0m:      [INIT]
[92mINFO [0m:      Requesting initial parameters from one random client
[36m(ClientAppActor pid=936079)[0m [93mWARNING [0m:   DEPRECATED FEATURE: `client_fn` now expects a signature `def client_fn(context: Context)`.The provided `client_fn` has signature: {'cid': <Parameter "cid: str">}. You can import the `Context` like this: `from flwr.app import Context`
[36m(ClientAppActor pid=936079)[0m 
[36m(ClientAppActor pid=936079)[0m             This is a deprecated feature. It will be removed
[36m(ClientAppActor pid=936079)[0m             entirely in future versions of Flower.
[36m(ClientAppActor pid=936079)[0m         
[92mINFO [0m:      Received initial parameters from one random client
[92mINFO [0m:      Starting evaluation of initial global parameters
[92mINFO [0m:      initial parameters (loss, other metrics): 2.303269638824463, {'accuracy': 0.1, 'loss': 2.303269638824463}
[92mINFO [0m:      
[92mINFO [0m:      [ROUND 1]
[92mINFO [0m:      configure_fit: strategy sampled 5 clients (out of 5)
[36m(ClientAppActor pid=936079)[0m [93mWARNING [0m:   DEPRECATED FEATURE: `client_fn` now expects a signature `def client_fn(context: Context)`.The provided `client_fn` has signature: {'cid': <Parameter "cid: str">}. You can import the `Context` like this: `from flwr.app import Context`
[36m(ClientAppActor pid=936079)[0m 
[36m(ClientAppActor pid=936079)[0m             This is a deprecated feature. It will be removed
[36m(ClientAppActor pid=936079)[0m             entirely in future versions of Flower.
[36m(ClientAppActor pid=936079)[0m         
[36m(ClientAppActor pid=936081)[0m 
[36m(ClientAppActor pid=936081)[0m         
[36m(ClientAppActor pid=936082)[0m 
[36m(ClientAppActor pid=936082)[0m         
[36m(ClientAppActor pid=936080)[0m 
[36m(ClientAppActor pid=936080)[0m         
[36m(ClientAppActor pid=936078)[0m 
[36m(ClientAppActor pid=936078)[0m         
[92mINFO [0m:      aggregate_fit: received 5 results and 0 failures
[92mINFO [0m:      fit progress: (1, 2.2611131973266603, {'accuracy': 0.1846, 'loss': 2.2611131973266603}, 25.679139532963745)
[92mINFO [0m:      configure_evaluate: strategy sampled 5 clients (out of 5)
[36m(ClientAppActor pid=936082)[0m 
[36m(ClientAppActor pid=936082)[0m         
[36m(ClientAppActor pid=936082)[0m [93mWARNING [0m:   DEPRECATED FEATURE: `client_fn` now expects a signature `def client_fn(context: Context)`.The provided `client_fn` has signature: {'cid': <Parameter "cid: str">}. You can import the `Context` like this: `from flwr.app import Context`[32m [repeated 5x across cluster] (Ray deduplicates logs by default. Set RAY_DEDUP_LOGS=0 to disable log deduplication, or see https://docs.ray.io/en/master/ray-observability/user-guides/configure-logging.html#log-deduplication for more options.)[0m
[36m(ClientAppActor pid=936082)[0m             This is a deprecated feature. It will be removed[32m [repeated 5x across cluster][0m
[36m(ClientAppActor pid=936082)[0m             entirely in future versions of Flower.[32m [repeated 5x across cluster][0m
[36m(ClientAppActor pid=936080)[0m 
[36m(ClientAppActor pid=936080)[0m         
[36m(ClientAppActor pid=936078)[0m 
[36m(ClientAppActor pid=936078)[0m         
[36m(ClientAppActor pid=936079)[0m 
[36m(ClientAppActor pid=936079)[0m         
[36m(ClientAppActor pid=936081)[0m 
[36m(ClientAppActor pid=936081)[0m         
[92mINFO [0m:      aggregate_evaluate: received 5 results and 0 failures
[92mINFO [0m:      
[92mINFO [0m:      [ROUND 2]
[92mINFO [0m:      configure_fit: strategy sampled 5 clients (out of 5)
[36m(ClientAppActor pid=936081)[0m 
[36m(ClientAppActor pid=936081)[0m         
[36m(ClientAppActor pid=936078)[0m 
[36m(ClientAppActor pid=936078)[0m         
[36m(ClientAppActor pid=936079)[0m 
[36m(ClientAppActor pid=936079)[0m         
[36m(ClientAppActor pid=936080)[0m 
[36m(ClientAppActor pid=936080)[0m         
[36m(ClientAppActor pid=936082)[0m 
[36m(ClientAppActor pid=936082)[0m         
[92mINFO [0m:      aggregate_fit: received 5 results and 0 failures
[92mINFO [0m:      fit progress: (2, 2.1298506984710692, {'accuracy': 0.2904, 'loss': 2.1298506984710692}, 49.552406480011996)
[92mINFO [0m:      configure_evaluate: strategy sampled 5 clients (out of 5)
[36m(ClientAppActor pid=936080)[0m 
[36m(ClientAppActor pid=936080)[0m         
[36m(ClientAppActor pid=936080)[0m [93mWARNING [0m:   DEPRECATED FEATURE: `client_fn` now expects a signature `def client_fn(context: Context)`.The provided `client_fn` has signature: {'cid': <Parameter "cid: str">}. You can import the `Context` like this: `from flwr.app import Context`[32m [repeated 10x across cluster][0m
[36m(ClientAppActor pid=936080)[0m             This is a deprecated feature. It will be removed[32m [repeated 10x across cluster][0m
[36m(ClientAppActor pid=936080)[0m             entirely in future versions of Flower.[32m [repeated 10x across cluster][0m
[36m(ClientAppActor pid=936081)[0m 
[36m(ClientAppActor pid=936081)[0m         
[36m(ClientAppActor pid=936082)[0m 
[36m(ClientAppActor pid=936082)[0m         
[36m(ClientAppActor pid=936078)[0m 
[36m(ClientAppActor pid=936078)[0m         
[36m(ClientAppActor pid=936079)[0m 
[36m(ClientAppActor pid=936079)[0m         
[92mINFO [0m:      aggregate_evaluate: received 5 results and 0 failures
[92mINFO [0m:      
[92mINFO [0m:      [ROUND 3]
[92mINFO [0m:      configure_fit: strategy sampled 5 clients (out of 5)
[36m(ClientAppActor pid=936079)[0m 
[36m(ClientAppActor pid=936079)[0m         
[36m(ClientAppActor pid=936078)[0m 
[36m(ClientAppActor pid=936078)[0m         
[36m(ClientAppActor pid=936082)[0m 
[36m(ClientAppActor pid=936082)[0m         
[36m(ClientAppActor pid=936081)[0m 
[36m(ClientAppActor pid=936081)[0m         
[36m(ClientAppActor pid=936080)[0m 
[36m(ClientAppActor pid=936080)[0m         
[92mINFO [0m:      aggregate_fit: received 5 results and 0 failures
[92mINFO [0m:      fit progress: (3, 1.8316066328048706, {'accuracy': 0.396, 'loss': 1.8316066328048706}, 74.0455054930062)
[92mINFO [0m:      configure_evaluate: strategy sampled 5 clients (out of 5)
[36m(ClientAppActor pid=936081)[0m 
[36m(ClientAppActor pid=936081)[0m         
[36m(ClientAppActor pid=936081)[0m [93mWARNING [0m:   DEPRECATED FEATURE: `client_fn` now expects a signature `def client_fn(context: Context)`.The provided `client_fn` has signature: {'cid': <Parameter "cid: str">}. You can import the `Context` like this: `from flwr.app import Context`[32m [repeated 10x across cluster][0m
[36m(ClientAppActor pid=936081)[0m             This is a deprecated feature. It will be removed[32m [repeated 10x across cluster][0m
[36m(ClientAppActor pid=936081)[0m             entirely in future versions of Flower.[32m [repeated 10x across cluster][0m
[36m(ClientAppActor pid=936082)[0m 
[36m(ClientAppActor pid=936082)[0m         
[36m(ClientAppActor pid=936079)[0m 
[36m(ClientAppActor pid=936079)[0m         
[36m(ClientAppActor pid=936080)[0m 
[36m(ClientAppActor pid=936080)[0m         
[36m(ClientAppActor pid=936078)[0m 
[36m(ClientAppActor pid=936078)[0m         
[92mINFO [0m:      aggregate_evaluate: received 5 results and 0 failures
[92mINFO [0m:      
[92mINFO [0m:      [ROUND 4]
[92mINFO [0m:      configure_fit: strategy sampled 5 clients (out of 5)
[36m(ClientAppActor pid=936080)[0m 
[36m(ClientAppActor pid=936080)[0m         
[36m(ClientAppActor pid=936078)[0m 
[36m(ClientAppActor pid=936078)[0m         
[36m(ClientAppActor pid=936082)[0m 
[36m(ClientAppActor pid=936082)[0m         
[36m(ClientAppActor pid=936079)[0m 
[36m(ClientAppActor pid=936079)[0m         
[36m(ClientAppActor pid=936081)[0m 
[36m(ClientAppActor pid=936081)[0m         
[92mINFO [0m:      aggregate_fit: received 5 results and 0 failures
[92mINFO [0m:      fit progress: (4, 1.7356599283218384, {'accuracy': 0.4447, 'loss': 1.7356599283218384}, 98.26274032599758)
[92mINFO [0m:      configure_evaluate: strategy sampled 5 clients (out of 5)
[36m(ClientAppActor pid=936081)[0m 
[36m(ClientAppActor pid=936081)[0m         
[36m(ClientAppActor pid=936081)[0m [93mWARNING [0m:   DEPRECATED FEATURE: `client_fn` now expects a signature `def client_fn(context: Context)`.The provided `client_fn` has signature: {'cid': <Parameter "cid: str">}. You can import the `Context` like this: `from flwr.app import Context`[32m [repeated 10x across cluster][0m
[36m(ClientAppActor pid=936081)[0m             This is a deprecated feature. It will be removed[32m [repeated 10x across cluster][0m
[36m(ClientAppActor pid=936081)[0m             entirely in future versions of Flower.[32m [repeated 10x across cluster][0m
[36m(ClientAppActor pid=936080)[0m 
[36m(ClientAppActor pid=936080)[0m         
[36m(ClientAppActor pid=936082)[0m 
[36m(ClientAppActor pid=936082)[0m         
[36m(ClientAppActor pid=936078)[0m 
[36m(ClientAppActor pid=936078)[0m         
[36m(ClientAppActor pid=936079)[0m 
[36m(ClientAppActor pid=936079)[0m         
[92mINFO [0m:      aggregate_evaluate: received 5 results and 0 failures
[92mINFO [0m:      
[92mINFO [0m:      [ROUND 5]
[92mINFO [0m:      configure_fit: strategy sampled 5 clients (out of 5)
[36m(ClientAppActor pid=936079)[0m 
[36m(ClientAppActor pid=936079)[0m         
[36m(ClientAppActor pid=936078)[0m 
[36m(ClientAppActor pid=936078)[0m         
[36m(ClientAppActor pid=936082)[0m 
[36m(ClientAppActor pid=936082)[0m         
[36m(ClientAppActor pid=936080)[0m 
[36m(ClientAppActor pid=936080)[0m         
[36m(ClientAppActor pid=936081)[0m 
[36m(ClientAppActor pid=936081)[0m         
[92mINFO [0m:      aggregate_fit: received 5 results and 0 failures
[92mINFO [0m:      fit progress: (5, 1.701114520263672, {'accuracy': 0.4657, 'loss': 1.701114520263672}, 122.02729694696609)
[92mINFO [0m:      configure_evaluate: strategy sampled 5 clients (out of 5)
[36m(ClientAppActor pid=936081)[0m 
[36m(ClientAppActor pid=936081)[0m         
[36m(ClientAppActor pid=936081)[0m [93mWARNING [0m:   DEPRECATED FEATURE: `client_fn` now expects a signature `def client_fn(context: Context)`.The provided `client_fn` has signature: {'cid': <Parameter "cid: str">}. You can import the `Context` like this: `from flwr.app import Context`[32m [repeated 10x across cluster][0m
[36m(ClientAppActor pid=936081)[0m             This is a deprecated feature. It will be removed[32m [repeated 10x across cluster][0m
[36m(ClientAppActor pid=936081)[0m             entirely in future versions of Flower.[32m [repeated 10x across cluster][0m
[36m(ClientAppActor pid=936082)[0m 
[36m(ClientAppActor pid=936082)[0m         
[36m(ClientAppActor pid=936080)[0m 
[36m(ClientAppActor pid=936080)[0m         
[36m(ClientAppActor pid=936078)[0m 
[36m(ClientAppActor pid=936078)[0m         
[36m(ClientAppActor pid=936079)[0m 
[36m(ClientAppActor pid=936079)[0m         
[92mINFO [0m:      aggregate_evaluate: received 5 results and 0 failures
[92mINFO [0m:      
[92mINFO [0m:      [ROUND 6]
[92mINFO [0m:      configure_fit: strategy sampled 5 clients (out of 5)
[36m(ClientAppActor pid=936079)[0m 
[36m(ClientAppActor pid=936079)[0m         
[36m(ClientAppActor pid=936078)[0m 
[36m(ClientAppActor pid=936078)[0m         
[36m(ClientAppActor pid=936080)[0m 
[36m(ClientAppActor pid=936080)[0m         
[36m(ClientAppActor pid=936082)[0m 
[36m(ClientAppActor pid=936082)[0m         
[36m(ClientAppActor pid=936081)[0m 
[36m(ClientAppActor pid=936081)[0m         
[92mINFO [0m:      aggregate_fit: received 5 results and 0 failures
[92mINFO [0m:      fit progress: (6, 1.649980167388916, {'accuracy': 0.4782, 'loss': 1.649980167388916}, 145.3306553940056)
[92mINFO [0m:      configure_evaluate: strategy sampled 5 clients (out of 5)
[36m(ClientAppActor pid=936079)[0m 
[36m(ClientAppActor pid=936079)[0m         
[36m(ClientAppActor pid=936079)[0m [93mWARNING [0m:   DEPRECATED FEATURE: `client_fn` now expects a signature `def client_fn(context: Context)`.The provided `client_fn` has signature: {'cid': <Parameter "cid: str">}. You can import the `Context` like this: `from flwr.app import Context`[32m [repeated 10x across cluster][0m
[36m(ClientAppActor pid=936079)[0m             This is a deprecated feature. It will be removed[32m [repeated 10x across cluster][0m
[36m(ClientAppActor pid=936079)[0m             entirely in future versions of Flower.[32m [repeated 10x across cluster][0m
[36m(ClientAppActor pid=936078)[0m 
[36m(ClientAppActor pid=936078)[0m         
[36m(ClientAppActor pid=936080)[0m 
[36m(ClientAppActor pid=936080)[0m         
[36m(ClientAppActor pid=936082)[0m 
[36m(ClientAppActor pid=936082)[0m         
[36m(ClientAppActor pid=936081)[0m 
[36m(ClientAppActor pid=936081)[0m         
[92mINFO [0m:      aggregate_evaluate: received 5 results and 0 failures
[92mINFO [0m:      
[92mINFO [0m:      [ROUND 7]
[92mINFO [0m:      configure_fit: strategy sampled 5 clients (out of 5)
[36m(ClientAppActor pid=936082)[0m 
[36m(ClientAppActor pid=936082)[0m         
[36m(ClientAppActor pid=936081)[0m 
[36m(ClientAppActor pid=936081)[0m         
[36m(ClientAppActor pid=936080)[0m 
[36m(ClientAppActor pid=936080)[0m         
[36m(ClientAppActor pid=936078)[0m 
[36m(ClientAppActor pid=936078)[0m         
[36m(ClientAppActor pid=936079)[0m 
[36m(ClientAppActor pid=936079)[0m         
[92mINFO [0m:      aggregate_fit: received 5 results and 0 failures
[92mINFO [0m:      fit progress: (7, 1.5603957057952882, {'accuracy': 0.5195, 'loss': 1.5603957057952882}, 168.69573121500434)
[92mINFO [0m:      configure_evaluate: strategy sampled 5 clients (out of 5)
[36m(ClientAppActor pid=936082)[0m 
[36m(ClientAppActor pid=936082)[0m         
[36m(ClientAppActor pid=936082)[0m [93mWARNING [0m:   DEPRECATED FEATURE: `client_fn` now expects a signature `def client_fn(context: Context)`.The provided `client_fn` has signature: {'cid': <Parameter "cid: str">}. You can import the `Context` like this: `from flwr.app import Context`[32m [repeated 10x across cluster][0m
[36m(ClientAppActor pid=936082)[0m             This is a deprecated feature. It will be removed[32m [repeated 10x across cluster][0m
[36m(ClientAppActor pid=936082)[0m             entirely in future versions of Flower.[32m [repeated 10x across cluster][0m
[36m(ClientAppActor pid=936081)[0m 
[36m(ClientAppActor pid=936081)[0m         
[36m(ClientAppActor pid=936079)[0m 
[36m(ClientAppActor pid=936079)[0m         
[36m(ClientAppActor pid=936078)[0m 
[36m(ClientAppActor pid=936078)[0m         
[36m(ClientAppActor pid=936080)[0m 
[36m(ClientAppActor pid=936080)[0m         
[92mINFO [0m:      aggregate_evaluate: received 5 results and 0 failures
[92mINFO [0m:      
[92mINFO [0m:      [ROUND 8]
[92mINFO [0m:      configure_fit: strategy sampled 5 clients (out of 5)
[36m(ClientAppActor pid=936080)[0m 
[36m(ClientAppActor pid=936080)[0m         
[36m(ClientAppActor pid=936078)[0m 
[36m(ClientAppActor pid=936078)[0m         
[36m(ClientAppActor pid=936079)[0m 
[36m(ClientAppActor pid=936079)[0m         
[36m(ClientAppActor pid=936082)[0m 
[36m(ClientAppActor pid=936082)[0m         
[36m(ClientAppActor pid=936081)[0m 
[36m(ClientAppActor pid=936081)[0m         
[92mINFO [0m:      aggregate_fit: received 5 results and 0 failures
[92mINFO [0m:      fit progress: (8, 1.5448081016540527, {'accuracy': 0.5296, 'loss': 1.5448081016540527}, 192.13814169797115)
[92mINFO [0m:      configure_evaluate: strategy sampled 5 clients (out of 5)
[36m(ClientAppActor pid=936078)[0m 
[36m(ClientAppActor pid=936078)[0m         
[36m(ClientAppActor pid=936078)[0m [93mWARNING [0m:   DEPRECATED FEATURE: `client_fn` now expects a signature `def client_fn(context: Context)`.The provided `client_fn` has signature: {'cid': <Parameter "cid: str">}. You can import the `Context` like this: `from flwr.app import Context`[32m [repeated 10x across cluster][0m
[36m(ClientAppActor pid=936078)[0m             This is a deprecated feature. It will be removed[32m [repeated 10x across cluster][0m
[36m(ClientAppActor pid=936078)[0m             entirely in future versions of Flower.[32m [repeated 10x across cluster][0m
[36m(ClientAppActor pid=936079)[0m 
[36m(ClientAppActor pid=936079)[0m         
[36m(ClientAppActor pid=936082)[0m 
[36m(ClientAppActor pid=936082)[0m         
[36m(ClientAppActor pid=936080)[0m 
[36m(ClientAppActor pid=936080)[0m         
[36m(ClientAppActor pid=936081)[0m 
[36m(ClientAppActor pid=936081)[0m         
[92mINFO [0m:      aggregate_evaluate: received 5 results and 0 failures
[92mINFO [0m:      
[92mINFO [0m:      [ROUND 9]
[92mINFO [0m:      configure_fit: strategy sampled 5 clients (out of 5)
[36m(ClientAppActor pid=936081)[0m 
[36m(ClientAppActor pid=936081)[0m         
[36m(ClientAppActor pid=936080)[0m 
[36m(ClientAppActor pid=936080)[0m         
[36m(ClientAppActor pid=936082)[0m 
[36m(ClientAppActor pid=936082)[0m         
[36m(ClientAppActor pid=936079)[0m 
[36m(ClientAppActor pid=936079)[0m         
[36m(ClientAppActor pid=936078)[0m 
[36m(ClientAppActor pid=936078)[0m         
[92mINFO [0m:      aggregate_fit: received 5 results and 0 failures
[92mINFO [0m:      fit progress: (9, 1.4449569169998169, {'accuracy': 0.5263, 'loss': 1.4449569169998169}, 215.58211219799705)
[92mINFO [0m:      configure_evaluate: strategy sampled 5 clients (out of 5)
[36m(ClientAppActor pid=936079)[0m 
[36m(ClientAppActor pid=936079)[0m         
[36m(ClientAppActor pid=936079)[0m [93mWARNING [0m:   DEPRECATED FEATURE: `client_fn` now expects a signature `def client_fn(context: Context)`.The provided `client_fn` has signature: {'cid': <Parameter "cid: str">}. You can import the `Context` like this: `from flwr.app import Context`[32m [repeated 10x across cluster][0m
[36m(ClientAppActor pid=936079)[0m             This is a deprecated feature. It will be removed[32m [repeated 10x across cluster][0m
[36m(ClientAppActor pid=936079)[0m             entirely in future versions of Flower.[32m [repeated 10x across cluster][0m
[36m(ClientAppActor pid=936078)[0m 
[36m(ClientAppActor pid=936078)[0m         
[36m(ClientAppActor pid=936080)[0m 
[36m(ClientAppActor pid=936080)[0m         
[36m(ClientAppActor pid=936081)[0m 
[36m(ClientAppActor pid=936081)[0m         
[36m(ClientAppActor pid=936082)[0m 
[36m(ClientAppActor pid=936082)[0m         
[92mINFO [0m:      aggregate_evaluate: received 5 results and 0 failures
[92mINFO [0m:      
[92mINFO [0m:      [ROUND 10]
[92mINFO [0m:      configure_fit: strategy sampled 5 clients (out of 5)
[36m(ClientAppActor pid=936082)[0m 
[36m(ClientAppActor pid=936082)[0m         
[36m(ClientAppActor pid=936081)[0m 
[36m(ClientAppActor pid=936081)[0m         
[36m(ClientAppActor pid=936078)[0m 
[36m(ClientAppActor pid=936078)[0m         
[36m(ClientAppActor pid=936080)[0m 
[36m(ClientAppActor pid=936080)[0m         
[36m(ClientAppActor pid=936079)[0m 
[36m(ClientAppActor pid=936079)[0m         
[92mINFO [0m:      aggregate_fit: received 5 results and 0 failures
[92mINFO [0m:      fit progress: (10, 1.3891823863983155, {'accuracy': 0.5571, 'loss': 1.3891823863983155}, 239.55945537198568)
[92mINFO [0m:      configure_evaluate: strategy sampled 5 clients (out of 5)
[36m(ClientAppActor pid=936080)[0m 
[36m(ClientAppActor pid=936080)[0m         
[36m(ClientAppActor pid=936080)[0m [93mWARNING [0m:   DEPRECATED FEATURE: `client_fn` now expects a signature `def client_fn(context: Context)`.The provided `client_fn` has signature: {'cid': <Parameter "cid: str">}. You can import the `Context` like this: `from flwr.app import Context`[32m [repeated 10x across cluster][0m
[36m(ClientAppActor pid=936080)[0m             This is a deprecated feature. It will be removed[32m [repeated 10x across cluster][0m
[36m(ClientAppActor pid=936080)[0m             entirely in future versions of Flower.[32m [repeated 10x across cluster][0m
[36m(ClientAppActor pid=936081)[0m 
[36m(ClientAppActor pid=936081)[0m         
[36m(ClientAppActor pid=936082)[0m 
[36m(ClientAppActor pid=936082)[0m         
[36m(ClientAppActor pid=936079)[0m 
[36m(ClientAppActor pid=936079)[0m         
[36m(ClientAppActor pid=936078)[0m 
[36m(ClientAppActor pid=936078)[0m         
[92mINFO [0m:      aggregate_evaluate: received 5 results and 0 failures
[92mINFO [0m:      
[92mINFO [0m:      [SUMMARY]
[92mINFO [0m:      Run finished 10 round(s) in 240.36s
[92mINFO [0m:      	History (loss, distributed):
[92mINFO [0m:      		round 1: 2.260546898254996
[92mINFO [0m:      		round 2: 2.1181341981515662
[92mINFO [0m:      		round 3: 1.8216328616735815
[92mINFO [0m:      		round 4: 1.7173436315316832
[92mINFO [0m:      		round 5: 1.6748639780961683
[92mINFO [0m:      		round 6: 1.6241748160795377
[92mINFO [0m:      		round 7: 1.539608059637733
[92mINFO [0m:      		round 8: 1.5341916798453867
[92mINFO [0m:      		round 9: 1.4337605810091452
[92mINFO [0m:      		round 10: 1.3785705332496487
[92mINFO [0m:      	History (loss, centralized):
[92mINFO [0m:      		round 0: 2.303269638824463
[92mINFO [0m:      		round 1: 2.2611131973266603
[92mINFO [0m:      		round 2: 2.1298506984710692
[92mINFO [0m:      		round 3: 1.8316066328048706
[92mINFO [0m:      		round 4: 1.7356599283218384
[92mINFO [0m:      		round 5: 1.701114520263672
[92mINFO [0m:      		round 6: 1.649980167388916
[92mINFO [0m:      		round 7: 1.5603957057952882
[92mINFO [0m:      		round 8: 1.5448081016540527
[92mINFO [0m:      		round 9: 1.4449569169998169
[92mINFO [0m:      		round 10: 1.3891823863983155
[92mINFO [0m:      	History (metrics, distributed, fit):
[92mINFO [0m:      	{'avg_flops_per_client_round': [(1, 8140805084160.0),
[92mINFO [0m:      	                                (2, 8140805084160.0),
[92mINFO [0m:      	                                (3, 8140805084160.0),
[92mINFO [0m:      	                                (4, 8140805084160.0),
[92mINFO [0m:      	                                (5, 8140805084160.0),
[92mINFO [0m:      	                                (6, 8140805084160.0),
[92mINFO [0m:      	                                (7, 8140805084160.0),
[92mINFO [0m:      	                                (8, 8140805084160.0),
[92mINFO [0m:      	                                (9, 8140805084160.0),
[92mINFO [0m:      	                                (10, 8140805084160.0)],
[92mINFO [0m:      	 'total_flops_round': [(1, 40704025420800),
[92mINFO [0m:      	                       (2, 40704025420800),
[92mINFO [0m:      	                       (3, 40704025420800),
[92mINFO [0m:      	                       (4, 40704025420800),
[92mINFO [0m:      	                       (5, 40704025420800),
[92mINFO [0m:      	                       (6, 40704025420800),
[92mINFO [0m:      	                       (7, 40704025420800),
[92mINFO [0m:      	                       (8, 40704025420800),
[92mINFO [0m:      	                       (9, 40704025420800),
[92mINFO [0m:      	                       (10, 40704025420800)]}
[92mINFO [0m:      	History (metrics, distributed, evaluate):
[92mINFO [0m:      	{'accuracy': [(1, 0.18411046627976785),
[92mINFO [0m:      	              (2, 0.29097458475085053),
[92mINFO [0m:      	              (3, 0.3940364218531119),
[92mINFO [0m:      	              (4, 0.4420652391434861),
[92mINFO [0m:      	              (5, 0.46968180908545126),
[92mINFO [0m:      	              (6, 0.4868921352811687),
[92mINFO [0m:      	              (7, 0.5229137482489493),
[92mINFO [0m:      	              (8, 0.5257154292575545),
[92mINFO [0m:      	              (9, 0.528717230338203),
[92mINFO [0m:      	              (10, 0.55893536121673)],
[92mINFO [0m:      	 'loss': [(1, 2.260546898254996),
[92mINFO [0m:      	          (2, 2.1181341981515662),
[92mINFO [0m:      	          (3, 1.8216328616735815),
[92mINFO [0m:      	          (4, 1.7173436315316832),
[92mINFO [0m:      	          (5, 1.6748639780961683),
[92mINFO [0m:      	          (6, 1.6241748160795377),
[92mINFO [0m:      	          (7, 1.539608059637733),
[92mINFO [0m:      	          (8, 1.5341916798453867),
[92mINFO [0m:      	          (9, 1.4337605810091452),
[92mINFO [0m:      	          (10, 1.3785705332496487)]}
[92mINFO [0m:      	History (metrics, centralized):
[92mINFO [0m:      	{'accuracy': [(0, 0.1),
[92mINFO [0m:      	              (1, 0.1846),
[92mINFO [0m:      	              (2, 0.2904),
[92mINFO [0m:      	              (3, 0.396),
[92mINFO [0m:      	              (4, 0.4447),
[92mINFO [0m:      	              (5, 0.4657),
[92mINFO [0m:      	              (6, 0.4782),
[92mINFO [0m:      	              (7, 0.5195),
[92mINFO [0m:      	              (8, 0.5296),
[92mINFO [0m:      	              (9, 0.5263),
[92mINFO [0m:      	              (10, 0.5571)],
[92mINFO [0m:      	 'loss': [(0, 2.303269638824463),
[92mINFO [0m:      	          (1, 2.2611131973266603),
[92mINFO [0m:      	          (2, 2.1298506984710692),
[92mINFO [0m:      	          (3, 1.8316066328048706),
[92mINFO [0m:      	          (4, 1.7356599283218384),
[92mINFO [0m:      	          (5, 1.701114520263672),
[92mINFO [0m:      	          (6, 1.649980167388916),
[92mINFO [0m:      	          (7, 1.5603957057952882),
[92mINFO [0m:      	          (8, 1.5448081016540527),
[92mINFO [0m:      	          (9, 1.4449569169998169),
[92mINFO [0m:      	          (10, 1.3891823863983155)]}
[92mINFO [0m:      
Treinando no dispositivo: cuda:0 com o dataset: CIFAR10 | Setup clientes: 5 (num_gpus por cliente=0.2) | SEED=47 | Método: FedProx (mu=0.01)
FLOPS por amostra (forward): 6.030e+07 | (forward+backward, 3x): 1.809e+08
Files already downloaded and verified
Files already downloaded and verified
Dividindo o dataset usando a distribuição de Dirichlet com alpha=0.01.
Iniciando a simulação de Aprendizado Federado...
=== Diagnóstico de Medição de GPU ===
  pynvml_disponivel: True
  pynvml_versao: 580.173.02
  gpus_detectadas: 1
  leitura_potencia_ok: True
  potencia_atual_W: 113.103

--- Rodada 0 - Avaliação Centralizada (Servidor) ---
Loss (Servidor): 2.3033 | Acurácia (Servidor): 0.1000

--- Rodada 1 - Avaliação Centralizada (Servidor) ---
Loss (Servidor): 2.2611 | Acurácia (Servidor): 0.1846
--- Avaliação Agregada (Clientes) ---
Loss Média (Clientes): 2.2605 | Acurácia Média (Clientes): 0.1841

--- Rodada 2 - Avaliação Centralizada (Servidor) ---
Loss (Servidor): 2.1299 | Acurácia (Servidor): 0.2904
--- Avaliação Agregada (Clientes) ---
Loss Média (Clientes): 2.1181 | Acurácia Média (Clientes): 0.2910

--- Rodada 3 - Avaliação Centralizada (Servidor) ---
Loss (Servidor): 1.8316 | Acurácia (Servidor): 0.3960
--- Avaliação Agregada (Clientes) ---
Loss Média (Clientes): 1.8216 | Acurácia Média (Clientes): 0.3940

--- Rodada 4 - Avaliação Centralizada (Servidor) ---
Loss (Servidor): 1.7357 | Acurácia (Servidor): 0.4447
--- Avaliação Agregada (Clientes) ---
Loss Média (Clientes): 1.7173 | Acurácia Média (Clientes): 0.4421

--- Rodada 5 - Avaliação Centralizada (Servidor) ---
Loss (Servidor): 1.7011 | Acurácia (Servidor): 0.4657
--- Avaliação Agregada (Clientes) ---
Loss Média (Clientes): 1.6749 | Acurácia Média (Clientes): 0.4697

--- Rodada 6 - Avaliação Centralizada (Servidor) ---
Loss (Servidor): 1.6500 | Acurácia (Servidor): 0.4782
--- Avaliação Agregada (Clientes) ---
Loss Média (Clientes): 1.6242 | Acurácia Média (Clientes): 0.4869

--- Rodada 7 - Avaliação Centralizada (Servidor) ---
Loss (Servidor): 1.5604 | Acurácia (Servidor): 0.5195
--- Avaliação Agregada (Clientes) ---
Loss Média (Clientes): 1.5396 | Acurácia Média (Clientes): 0.5229

--- Rodada 8 - Avaliação Centralizada (Servidor) ---
Loss (Servidor): 1.5448 | Acurácia (Servidor): 0.5296
--- Avaliação Agregada (Clientes) ---
Loss Média (Clientes): 1.5342 | Acurácia Média (Clientes): 0.5257

--- Rodada 9 - Avaliação Centralizada (Servidor) ---
Loss (Servidor): 1.4450 | Acurácia (Servidor): 0.5263
--- Avaliação Agregada (Clientes) ---
Loss Média (Clientes): 1.4338 | Acurácia Média (Clientes): 0.5287

--- Rodada 10 - Avaliação Centralizada (Servidor) ---
Loss (Servidor): 1.3892 | Acurácia (Servidor): 0.5571
--- Avaliação Agregada (Clientes) ---
Loss Média (Clientes): 1.3786 | Acurácia Média (Clientes): 0.5589

Resultados salvos em: /home/tiago/GitHubProjects/fedhad-thesis-2/FedProx-results/1.1_diagnostico_drift/CIFAR10/FedProx__CIFAR10__Setup-5__Clients-5__Rounds-10__Delay-0_05__Alpha-0_01__Seed-47.txt
[36m(ClientAppActor pid=936078)[0m [93mWARNING [0m:   DEPRECATED FEATURE: `client_fn` now expects a signature `def client_fn(context: Context)`.The provided `client_fn` has signature: {'cid': <Parameter "cid: str">}. You can import the `Context` like this: `from flwr.app import Context`[32m [repeated 4x across cluster][0m
[36m(ClientAppActor pid=936078)[0m             This is a deprecated feature. It will be removed[32m [repeated 4x across cluster][0m
[36m(ClientAppActor pid=936078)[0m             entirely in future versions of Flower.[32m [repeated 4x across cluster][0m
