[codecarbon WARNING @ 14:45:58] Multiple instances of codecarbon are allowed to run at the same time.
[93mWARNING [0m:   DEPRECATED FEATURE: flwr.simulation.start_simulation() is deprecated.
	Instead, use the `flwr run` CLI command to start a local simulation in your Flower app, as shown for example below:

		$ flwr new  # Create a new Flower app from a template

		$ flwr run  # Run the Flower app in Simulation Mode

	Using `start_simulation()` is deprecated.

            This is a deprecated feature. It will be removed
            entirely in future versions of Flower.
        
[92mINFO [0m:      Starting Flower simulation, config: num_rounds=10, no round_timeout
2026-09-04 14:46:08,291	INFO worker.py:2012 -- Started a local Ray instance.
/home/tiago/GitHubProjects/fedhad-thesis-2/env_flwr_pt/lib/python3.12/site-packages/ray/_private/worker.py:2051: FutureWarning: Tip: In future versions of Ray, Ray will no longer override accelerator visible devices env var if num_gpus=0 or num_gpus=None (default). To enable this behavior and turn off this error message, set RAY_ACCEL_ENV_VAR_OVERRIDE_ON_ZERO=0
  warnings.warn(
[92mINFO [0m:      Flower VCE: Ray initialized with resources: {'accelerator_type:A40': 1.0, 'object_store_memory': 77542256640.0, 'GPU': 1.0, 'node:10.129.64.100': 1.0, 'CPU': 64.0, 'memory': 180931932160.0, 'node:__internal_head__': 1.0}
[92mINFO [0m:      Optimize your simulation with Flower VCE: https://flower.ai/docs/framework/how-to-run-simulations.html
/home/tiago/GitHubProjects/fedhad-thesis-2/FedProx_Final.py:1601: UserWarning: No `num_cpus` specified in `client_resources`. Using `num_cpus=1` for each client.
  history = fl.simulation.start_simulation(
[92mINFO [0m:      Flower VCE: Resources for each Virtual Client: {'num_gpus': 0.2, 'num_cpus': 1}
[92mINFO [0m:      Flower VCE: Creating VirtualClientEngineActorPool with 5 actors
[92mINFO [0m:      [INIT]
[92mINFO [0m:      Requesting initial parameters from one random client
[36m(ClientAppActor pid=780138)[0m [93mWARNING [0m:   DEPRECATED FEATURE: `client_fn` now expects a signature `def client_fn(context: Context)`.The provided `client_fn` has signature: {'cid': <Parameter "cid: str">}. You can import the `Context` like this: `from flwr.app import Context`
[36m(ClientAppActor pid=780138)[0m 
[36m(ClientAppActor pid=780138)[0m             This is a deprecated feature. It will be removed
[36m(ClientAppActor pid=780138)[0m             entirely in future versions of Flower.
[36m(ClientAppActor pid=780138)[0m         
[92mINFO [0m:      Received initial parameters from one random client
[92mINFO [0m:      Starting evaluation of initial global parameters
[92mINFO [0m:      initial parameters (loss, other metrics): 2.3029788005828857, {'accuracy': 0.1, 'loss': 2.3029788005828857}
[92mINFO [0m:      
[92mINFO [0m:      [ROUND 1]
[92mINFO [0m:      configure_fit: strategy sampled 5 clients (out of 5)
[36m(ClientAppActor pid=780138)[0m [93mWARNING [0m:   DEPRECATED FEATURE: `client_fn` now expects a signature `def client_fn(context: Context)`.The provided `client_fn` has signature: {'cid': <Parameter "cid: str">}. You can import the `Context` like this: `from flwr.app import Context`
[36m(ClientAppActor pid=780138)[0m 
[36m(ClientAppActor pid=780138)[0m             This is a deprecated feature. It will be removed
[36m(ClientAppActor pid=780138)[0m             entirely in future versions of Flower.
[36m(ClientAppActor pid=780138)[0m         
[36m(ClientAppActor pid=780137)[0m 
[36m(ClientAppActor pid=780137)[0m         
[36m(ClientAppActor pid=780136)[0m 
[36m(ClientAppActor pid=780136)[0m         
[36m(ClientAppActor pid=780135)[0m 
[36m(ClientAppActor pid=780135)[0m         
[36m(ClientAppActor pid=780134)[0m 
[36m(ClientAppActor pid=780134)[0m         
[92mINFO [0m:      aggregate_fit: received 5 results and 0 failures
[92mINFO [0m:      fit progress: (1, 2.274940514373779, {'accuracy': 0.1229, 'loss': 2.274940514373779}, 19.951619911997113)
[92mINFO [0m:      configure_evaluate: strategy sampled 5 clients (out of 5)
[36m(ClientAppActor pid=780135)[0m 
[36m(ClientAppActor pid=780135)[0m         
[36m(ClientAppActor pid=780135)[0m [93mWARNING [0m:   DEPRECATED FEATURE: `client_fn` now expects a signature `def client_fn(context: Context)`.The provided `client_fn` has signature: {'cid': <Parameter "cid: str">}. You can import the `Context` like this: `from flwr.app import Context`[32m [repeated 5x across cluster] (Ray deduplicates logs by default. Set RAY_DEDUP_LOGS=0 to disable log deduplication, or see https://docs.ray.io/en/master/ray-observability/user-guides/configure-logging.html#log-deduplication for more options.)[0m
[36m(ClientAppActor pid=780135)[0m             This is a deprecated feature. It will be removed[32m [repeated 5x across cluster][0m
[36m(ClientAppActor pid=780135)[0m             entirely in future versions of Flower.[32m [repeated 5x across cluster][0m
[36m(ClientAppActor pid=780137)[0m 
[36m(ClientAppActor pid=780137)[0m         
[36m(ClientAppActor pid=780134)[0m 
[36m(ClientAppActor pid=780134)[0m         
[36m(ClientAppActor pid=780136)[0m 
[36m(ClientAppActor pid=780136)[0m         
[36m(ClientAppActor pid=780138)[0m 
[36m(ClientAppActor pid=780138)[0m         
[92mINFO [0m:      aggregate_evaluate: received 5 results and 0 failures
[92mINFO [0m:      
[92mINFO [0m:      [ROUND 2]
[92mINFO [0m:      configure_fit: strategy sampled 5 clients (out of 5)
[36m(ClientAppActor pid=780138)[0m 
[36m(ClientAppActor pid=780138)[0m         
[36m(ClientAppActor pid=780136)[0m 
[36m(ClientAppActor pid=780136)[0m         
[36m(ClientAppActor pid=780134)[0m 
[36m(ClientAppActor pid=780134)[0m         
[36m(ClientAppActor pid=780137)[0m 
[36m(ClientAppActor pid=780137)[0m         
[36m(ClientAppActor pid=780135)[0m 
[36m(ClientAppActor pid=780135)[0m         
[92mINFO [0m:      aggregate_fit: received 5 results and 0 failures
[92mINFO [0m:      fit progress: (2, 1.5455379867553711, {'accuracy': 0.5725, 'loss': 1.5455379867553711}, 38.92886770400219)
[92mINFO [0m:      configure_evaluate: strategy sampled 5 clients (out of 5)
[36m(ClientAppActor pid=780137)[0m 
[36m(ClientAppActor pid=780137)[0m         
[36m(ClientAppActor pid=780137)[0m [93mWARNING [0m:   DEPRECATED FEATURE: `client_fn` now expects a signature `def client_fn(context: Context)`.The provided `client_fn` has signature: {'cid': <Parameter "cid: str">}. You can import the `Context` like this: `from flwr.app import Context`[32m [repeated 10x across cluster][0m
[36m(ClientAppActor pid=780137)[0m             This is a deprecated feature. It will be removed[32m [repeated 10x across cluster][0m
[36m(ClientAppActor pid=780137)[0m             entirely in future versions of Flower.[32m [repeated 10x across cluster][0m
[36m(ClientAppActor pid=780134)[0m 
[36m(ClientAppActor pid=780134)[0m         
[36m(ClientAppActor pid=780135)[0m 
[36m(ClientAppActor pid=780135)[0m         
[36m(ClientAppActor pid=780136)[0m 
[36m(ClientAppActor pid=780136)[0m         
[36m(ClientAppActor pid=780138)[0m 
[36m(ClientAppActor pid=780138)[0m         
[92mINFO [0m:      aggregate_evaluate: received 5 results and 0 failures
[92mINFO [0m:      
[92mINFO [0m:      [ROUND 3]
[92mINFO [0m:      configure_fit: strategy sampled 5 clients (out of 5)
[36m(ClientAppActor pid=780138)[0m 
[36m(ClientAppActor pid=780138)[0m         
[36m(ClientAppActor pid=780136)[0m 
[36m(ClientAppActor pid=780136)[0m         
[36m(ClientAppActor pid=780135)[0m 
[36m(ClientAppActor pid=780135)[0m         
[36m(ClientAppActor pid=780134)[0m 
[36m(ClientAppActor pid=780134)[0m         
[36m(ClientAppActor pid=780137)[0m 
[36m(ClientAppActor pid=780137)[0m         
[92mINFO [0m:      aggregate_fit: received 5 results and 0 failures
[92mINFO [0m:      fit progress: (3, 0.899068970489502, {'accuracy': 0.7057, 'loss': 0.899068970489502}, 57.482651872967836)
[92mINFO [0m:      configure_evaluate: strategy sampled 5 clients (out of 5)
[36m(ClientAppActor pid=780138)[0m 
[36m(ClientAppActor pid=780138)[0m         
[36m(ClientAppActor pid=780138)[0m [93mWARNING [0m:   DEPRECATED FEATURE: `client_fn` now expects a signature `def client_fn(context: Context)`.The provided `client_fn` has signature: {'cid': <Parameter "cid: str">}. You can import the `Context` like this: `from flwr.app import Context`[32m [repeated 10x across cluster][0m
[36m(ClientAppActor pid=780138)[0m             This is a deprecated feature. It will be removed[32m [repeated 10x across cluster][0m
[36m(ClientAppActor pid=780138)[0m             entirely in future versions of Flower.[32m [repeated 10x across cluster][0m
[36m(ClientAppActor pid=780137)[0m 
[36m(ClientAppActor pid=780137)[0m         
[36m(ClientAppActor pid=780136)[0m 
[36m(ClientAppActor pid=780136)[0m         
[36m(ClientAppActor pid=780134)[0m 
[36m(ClientAppActor pid=780134)[0m         
[36m(ClientAppActor pid=780135)[0m 
[36m(ClientAppActor pid=780135)[0m         
[92mINFO [0m:      aggregate_evaluate: received 5 results and 0 failures
[92mINFO [0m:      
[92mINFO [0m:      [ROUND 4]
[92mINFO [0m:      configure_fit: strategy sampled 5 clients (out of 5)
[36m(ClientAppActor pid=780135)[0m 
[36m(ClientAppActor pid=780135)[0m         
[36m(ClientAppActor pid=780134)[0m 
[36m(ClientAppActor pid=780134)[0m         
[36m(ClientAppActor pid=780136)[0m 
[36m(ClientAppActor pid=780136)[0m         
[36m(ClientAppActor pid=780137)[0m 
[36m(ClientAppActor pid=780137)[0m         
[36m(ClientAppActor pid=780138)[0m 
[36m(ClientAppActor pid=780138)[0m         
[92mINFO [0m:      aggregate_fit: received 5 results and 0 failures
[92mINFO [0m:      fit progress: (4, 0.7458696041107178, {'accuracy': 0.7462, 'loss': 0.7458696041107178}, 76.12375732400687)
[92mINFO [0m:      configure_evaluate: strategy sampled 5 clients (out of 5)
[36m(ClientAppActor pid=780134)[0m 
[36m(ClientAppActor pid=780134)[0m         
[36m(ClientAppActor pid=780134)[0m [93mWARNING [0m:   DEPRECATED FEATURE: `client_fn` now expects a signature `def client_fn(context: Context)`.The provided `client_fn` has signature: {'cid': <Parameter "cid: str">}. You can import the `Context` like this: `from flwr.app import Context`[32m [repeated 10x across cluster][0m
[36m(ClientAppActor pid=780134)[0m             This is a deprecated feature. It will be removed[32m [repeated 10x across cluster][0m
[36m(ClientAppActor pid=780134)[0m             entirely in future versions of Flower.[32m [repeated 10x across cluster][0m
[36m(ClientAppActor pid=780137)[0m 
[36m(ClientAppActor pid=780137)[0m         
[36m(ClientAppActor pid=780138)[0m 
[36m(ClientAppActor pid=780138)[0m         
[36m(ClientAppActor pid=780135)[0m 
[36m(ClientAppActor pid=780135)[0m         
[36m(ClientAppActor pid=780136)[0m 
[36m(ClientAppActor pid=780136)[0m         
[92mINFO [0m:      aggregate_evaluate: received 5 results and 0 failures
[92mINFO [0m:      
[92mINFO [0m:      [ROUND 5]
[92mINFO [0m:      configure_fit: strategy sampled 5 clients (out of 5)
[36m(ClientAppActor pid=780136)[0m 
[36m(ClientAppActor pid=780136)[0m         
[36m(ClientAppActor pid=780135)[0m 
[36m(ClientAppActor pid=780135)[0m         
[36m(ClientAppActor pid=780138)[0m 
[36m(ClientAppActor pid=780138)[0m         
[36m(ClientAppActor pid=780137)[0m 
[36m(ClientAppActor pid=780137)[0m         
[36m(ClientAppActor pid=780134)[0m 
[36m(ClientAppActor pid=780134)[0m         
[92mINFO [0m:      aggregate_fit: received 5 results and 0 failures
[92mINFO [0m:      fit progress: (5, 0.6662414096832275, {'accuracy': 0.7755, 'loss': 0.6662414096832275}, 94.59391328599304)
[92mINFO [0m:      configure_evaluate: strategy sampled 5 clients (out of 5)
[36m(ClientAppActor pid=780138)[0m 
[36m(ClientAppActor pid=780138)[0m         
[36m(ClientAppActor pid=780138)[0m [93mWARNING [0m:   DEPRECATED FEATURE: `client_fn` now expects a signature `def client_fn(context: Context)`.The provided `client_fn` has signature: {'cid': <Parameter "cid: str">}. You can import the `Context` like this: `from flwr.app import Context`[32m [repeated 10x across cluster][0m
[36m(ClientAppActor pid=780138)[0m             This is a deprecated feature. It will be removed[32m [repeated 10x across cluster][0m
[36m(ClientAppActor pid=780138)[0m             entirely in future versions of Flower.[32m [repeated 10x across cluster][0m
[36m(ClientAppActor pid=780137)[0m 
[36m(ClientAppActor pid=780137)[0m         
[36m(ClientAppActor pid=780136)[0m 
[36m(ClientAppActor pid=780136)[0m         
[36m(ClientAppActor pid=780134)[0m 
[36m(ClientAppActor pid=780134)[0m         
[36m(ClientAppActor pid=780135)[0m 
[36m(ClientAppActor pid=780135)[0m         
[92mINFO [0m:      aggregate_evaluate: received 5 results and 0 failures
[92mINFO [0m:      
[92mINFO [0m:      [ROUND 6]
[92mINFO [0m:      configure_fit: strategy sampled 5 clients (out of 5)
[36m(ClientAppActor pid=780135)[0m 
[36m(ClientAppActor pid=780135)[0m         
[36m(ClientAppActor pid=780134)[0m 
[36m(ClientAppActor pid=780134)[0m         
[36m(ClientAppActor pid=780136)[0m 
[36m(ClientAppActor pid=780136)[0m         
[36m(ClientAppActor pid=780137)[0m 
[36m(ClientAppActor pid=780137)[0m         
[36m(ClientAppActor pid=780138)[0m 
[36m(ClientAppActor pid=780138)[0m         
[92mINFO [0m:      aggregate_fit: received 5 results and 0 failures
[92mINFO [0m:      fit progress: (6, 0.6119709697723389, {'accuracy': 0.7988, 'loss': 0.6119709697723389}, 113.82101746700937)
[92mINFO [0m:      configure_evaluate: strategy sampled 5 clients (out of 5)
[36m(ClientAppActor pid=780138)[0m 
[36m(ClientAppActor pid=780138)[0m         
[36m(ClientAppActor pid=780138)[0m [93mWARNING [0m:   DEPRECATED FEATURE: `client_fn` now expects a signature `def client_fn(context: Context)`.The provided `client_fn` has signature: {'cid': <Parameter "cid: str">}. You can import the `Context` like this: `from flwr.app import Context`[32m [repeated 10x across cluster][0m
[36m(ClientAppActor pid=780138)[0m             This is a deprecated feature. It will be removed[32m [repeated 10x across cluster][0m
[36m(ClientAppActor pid=780138)[0m             entirely in future versions of Flower.[32m [repeated 10x across cluster][0m
[36m(ClientAppActor pid=780134)[0m 
[36m(ClientAppActor pid=780134)[0m         
[36m(ClientAppActor pid=780137)[0m 
[36m(ClientAppActor pid=780137)[0m         
[36m(ClientAppActor pid=780135)[0m 
[36m(ClientAppActor pid=780135)[0m         
[36m(ClientAppActor pid=780136)[0m 
[36m(ClientAppActor pid=780136)[0m         
[92mINFO [0m:      aggregate_evaluate: received 5 results and 0 failures
[92mINFO [0m:      
[92mINFO [0m:      [ROUND 7]
[92mINFO [0m:      configure_fit: strategy sampled 5 clients (out of 5)
[36m(ClientAppActor pid=780136)[0m 
[36m(ClientAppActor pid=780136)[0m         
[36m(ClientAppActor pid=780135)[0m 
[36m(ClientAppActor pid=780135)[0m         
[36m(ClientAppActor pid=780134)[0m 
[36m(ClientAppActor pid=780134)[0m         
[36m(ClientAppActor pid=780137)[0m 
[36m(ClientAppActor pid=780137)[0m         
[36m(ClientAppActor pid=780138)[0m 
[36m(ClientAppActor pid=780138)[0m         
[92mINFO [0m:      aggregate_fit: received 5 results and 0 failures
[92mINFO [0m:      fit progress: (7, 0.5757823034763336, {'accuracy': 0.81, 'loss': 0.5757823034763336}, 132.9887408450013)
[92mINFO [0m:      configure_evaluate: strategy sampled 5 clients (out of 5)
[36m(ClientAppActor pid=780137)[0m 
[36m(ClientAppActor pid=780137)[0m         
[36m(ClientAppActor pid=780137)[0m [93mWARNING [0m:   DEPRECATED FEATURE: `client_fn` now expects a signature `def client_fn(context: Context)`.The provided `client_fn` has signature: {'cid': <Parameter "cid: str">}. You can import the `Context` like this: `from flwr.app import Context`[32m [repeated 10x across cluster][0m
[36m(ClientAppActor pid=780137)[0m             This is a deprecated feature. It will be removed[32m [repeated 10x across cluster][0m
[36m(ClientAppActor pid=780137)[0m             entirely in future versions of Flower.[32m [repeated 10x across cluster][0m
[36m(ClientAppActor pid=780135)[0m 
[36m(ClientAppActor pid=780135)[0m         
[36m(ClientAppActor pid=780138)[0m 
[36m(ClientAppActor pid=780138)[0m         
[36m(ClientAppActor pid=780134)[0m 
[36m(ClientAppActor pid=780134)[0m         
[36m(ClientAppActor pid=780136)[0m 
[36m(ClientAppActor pid=780136)[0m         
[92mINFO [0m:      aggregate_evaluate: received 5 results and 0 failures
[92mINFO [0m:      
[92mINFO [0m:      [ROUND 8]
[92mINFO [0m:      configure_fit: strategy sampled 5 clients (out of 5)
[36m(ClientAppActor pid=780136)[0m 
[36m(ClientAppActor pid=780136)[0m         
[36m(ClientAppActor pid=780134)[0m 
[36m(ClientAppActor pid=780134)[0m         
[36m(ClientAppActor pid=780138)[0m 
[36m(ClientAppActor pid=780138)[0m         
[36m(ClientAppActor pid=780135)[0m 
[36m(ClientAppActor pid=780135)[0m         
[36m(ClientAppActor pid=780137)[0m 
[36m(ClientAppActor pid=780137)[0m         
[92mINFO [0m:      aggregate_fit: received 5 results and 0 failures
[92mINFO [0m:      fit progress: (8, 0.6041088868141175, {'accuracy': 0.8122, 'loss': 0.6041088868141175}, 152.3040726109757)
[92mINFO [0m:      configure_evaluate: strategy sampled 5 clients (out of 5)
[36m(ClientAppActor pid=780137)[0m 
[36m(ClientAppActor pid=780137)[0m         
[36m(ClientAppActor pid=780137)[0m [93mWARNING [0m:   DEPRECATED FEATURE: `client_fn` now expects a signature `def client_fn(context: Context)`.The provided `client_fn` has signature: {'cid': <Parameter "cid: str">}. You can import the `Context` like this: `from flwr.app import Context`[32m [repeated 10x across cluster][0m
[36m(ClientAppActor pid=780137)[0m             This is a deprecated feature. It will be removed[32m [repeated 10x across cluster][0m
[36m(ClientAppActor pid=780137)[0m             entirely in future versions of Flower.[32m [repeated 10x across cluster][0m
[36m(ClientAppActor pid=780138)[0m 
[36m(ClientAppActor pid=780138)[0m         
[36m(ClientAppActor pid=780136)[0m 
[36m(ClientAppActor pid=780136)[0m         
[36m(ClientAppActor pid=780134)[0m 
[36m(ClientAppActor pid=780134)[0m         
[36m(ClientAppActor pid=780135)[0m 
[36m(ClientAppActor pid=780135)[0m         
[92mINFO [0m:      aggregate_evaluate: received 5 results and 0 failures
[92mINFO [0m:      
[92mINFO [0m:      [ROUND 9]
[92mINFO [0m:      configure_fit: strategy sampled 5 clients (out of 5)
[36m(ClientAppActor pid=780135)[0m 
[36m(ClientAppActor pid=780135)[0m         
[36m(ClientAppActor pid=780134)[0m 
[36m(ClientAppActor pid=780134)[0m         
[36m(ClientAppActor pid=780136)[0m 
[36m(ClientAppActor pid=780136)[0m         
[36m(ClientAppActor pid=780138)[0m 
[36m(ClientAppActor pid=780138)[0m         
[36m(ClientAppActor pid=780137)[0m 
[36m(ClientAppActor pid=780137)[0m         
[92mINFO [0m:      aggregate_fit: received 5 results and 0 failures
[92mINFO [0m:      fit progress: (9, 0.6009657604694366, {'accuracy': 0.8152, 'loss': 0.6009657604694366}, 171.18784126196988)
[92mINFO [0m:      configure_evaluate: strategy sampled 5 clients (out of 5)
[36m(ClientAppActor pid=780136)[0m 
[36m(ClientAppActor pid=780136)[0m         
[36m(ClientAppActor pid=780136)[0m [93mWARNING [0m:   DEPRECATED FEATURE: `client_fn` now expects a signature `def client_fn(context: Context)`.The provided `client_fn` has signature: {'cid': <Parameter "cid: str">}. You can import the `Context` like this: `from flwr.app import Context`[32m [repeated 10x across cluster][0m
[36m(ClientAppActor pid=780136)[0m             This is a deprecated feature. It will be removed[32m [repeated 10x across cluster][0m
[36m(ClientAppActor pid=780136)[0m             entirely in future versions of Flower.[32m [repeated 10x across cluster][0m
[36m(ClientAppActor pid=780134)[0m 
[36m(ClientAppActor pid=780134)[0m         
[36m(ClientAppActor pid=780138)[0m 
[36m(ClientAppActor pid=780138)[0m         
[36m(ClientAppActor pid=780137)[0m 
[36m(ClientAppActor pid=780137)[0m         
[36m(ClientAppActor pid=780135)[0m 
[36m(ClientAppActor pid=780135)[0m         
[92mINFO [0m:      aggregate_evaluate: received 5 results and 0 failures
[92mINFO [0m:      
[92mINFO [0m:      [ROUND 10]
[92mINFO [0m:      configure_fit: strategy sampled 5 clients (out of 5)
[36m(ClientAppActor pid=780135)[0m 
[36m(ClientAppActor pid=780135)[0m         
[36m(ClientAppActor pid=780137)[0m 
[36m(ClientAppActor pid=780137)[0m         
[36m(ClientAppActor pid=780138)[0m 
[36m(ClientAppActor pid=780138)[0m         
[36m(ClientAppActor pid=780134)[0m 
[36m(ClientAppActor pid=780134)[0m         
[36m(ClientAppActor pid=780136)[0m 
[36m(ClientAppActor pid=780136)[0m         
[92mINFO [0m:      aggregate_fit: received 5 results and 0 failures
[92mINFO [0m:      fit progress: (10, 0.6168355132341385, {'accuracy': 0.8193, 'loss': 0.6168355132341385}, 190.40552983200178)
[92mINFO [0m:      configure_evaluate: strategy sampled 5 clients (out of 5)
[36m(ClientAppActor pid=780136)[0m 
[36m(ClientAppActor pid=780136)[0m         
[36m(ClientAppActor pid=780136)[0m [93mWARNING [0m:   DEPRECATED FEATURE: `client_fn` now expects a signature `def client_fn(context: Context)`.The provided `client_fn` has signature: {'cid': <Parameter "cid: str">}. You can import the `Context` like this: `from flwr.app import Context`[32m [repeated 10x across cluster][0m
[36m(ClientAppActor pid=780136)[0m             This is a deprecated feature. It will be removed[32m [repeated 10x across cluster][0m
[36m(ClientAppActor pid=780136)[0m             entirely in future versions of Flower.[32m [repeated 10x across cluster][0m
[36m(ClientAppActor pid=780137)[0m 
[36m(ClientAppActor pid=780137)[0m         
[36m(ClientAppActor pid=780134)[0m 
[36m(ClientAppActor pid=780134)[0m         
[36m(ClientAppActor pid=780135)[0m 
[36m(ClientAppActor pid=780135)[0m         
[36m(ClientAppActor pid=780138)[0m 
[36m(ClientAppActor pid=780138)[0m         
[92mINFO [0m:      aggregate_evaluate: received 5 results and 0 failures
[92mINFO [0m:      
[92mINFO [0m:      [SUMMARY]
[92mINFO [0m:      Run finished 10 round(s) in 191.31s
[92mINFO [0m:      	History (loss, distributed):
[92mINFO [0m:      		round 1: 2.276535549942328
[92mINFO [0m:      		round 2: 1.5510568641194729
[92mINFO [0m:      		round 3: 0.9020692199265876
[92mINFO [0m:      		round 4: 0.7441265804737078
[92mINFO [0m:      		round 5: 0.6620890176525207
[92mINFO [0m:      		round 6: 0.5923624925491284
[92mINFO [0m:      		round 7: 0.5616577972813386
[92mINFO [0m:      		round 8: 0.5816058468441813
[92mINFO [0m:      		round 9: 0.5942569444564973
[92mINFO [0m:      		round 10: 0.5839575750141346
[92mINFO [0m:      	History (loss, centralized):
[92mINFO [0m:      		round 0: 2.3029788005828857
[92mINFO [0m:      		round 1: 2.274940514373779
[92mINFO [0m:      		round 2: 1.5455379867553711
[92mINFO [0m:      		round 3: 0.899068970489502
[92mINFO [0m:      		round 4: 0.7458696041107178
[92mINFO [0m:      		round 5: 0.6662414096832275
[92mINFO [0m:      		round 6: 0.6119709697723389
[92mINFO [0m:      		round 7: 0.5757823034763336
[92mINFO [0m:      		round 8: 0.6041088868141175
[92mINFO [0m:      		round 9: 0.6009657604694366
[92mINFO [0m:      		round 10: 0.6168355132341385
[92mINFO [0m:      	History (metrics, distributed, fit):
[92mINFO [0m:      	{'avg_flops_per_client_round': [(1, 8140624189440.0),
[92mINFO [0m:      	                                (2, 8140624189440.0),
[92mINFO [0m:      	                                (3, 8140624189440.0),
[92mINFO [0m:      	                                (4, 8140624189440.0),
[92mINFO [0m:      	                                (5, 8140624189440.0),
[92mINFO [0m:      	                                (6, 8140624189440.0),
[92mINFO [0m:      	                                (7, 8140624189440.0),
[92mINFO [0m:      	                                (8, 8140624189440.0),
[92mINFO [0m:      	                                (9, 8140624189440.0),
[92mINFO [0m:      	                                (10, 8140624189440.0)],
[92mINFO [0m:      	 'total_flops_round': [(1, 40703120947200),
[92mINFO [0m:      	                       (2, 40703120947200),
[92mINFO [0m:      	                       (3, 40703120947200),
[92mINFO [0m:      	                       (4, 40703120947200),
[92mINFO [0m:      	                       (5, 40703120947200),
[92mINFO [0m:      	                       (6, 40703120947200),
[92mINFO [0m:      	                       (7, 40703120947200),
[92mINFO [0m:      	                       (8, 40703120947200),
[92mINFO [0m:      	                       (9, 40703120947200),
[92mINFO [0m:      	                       (10, 40703120947200)]}
[92mINFO [0m:      	History (metrics, distributed, evaluate):
[92mINFO [0m:      	{'accuracy': [(1, 0.11864745898359344),
[92mINFO [0m:      	              (2, 0.5684273709483794),
[92mINFO [0m:      	              (3, 0.6962785114045619),
[92mINFO [0m:      	              (4, 0.7408963585434174),
[92mINFO [0m:      	              (5, 0.7717086834733894),
[92mINFO [0m:      	              (6, 0.7959183673469388),
[92mINFO [0m:      	              (7, 0.8081232492997199),
[92mINFO [0m:      	              (8, 0.8141256502601041),
[92mINFO [0m:      	              (9, 0.8129251700680272),
[92mINFO [0m:      	              (10, 0.8219287715086034)],
[92mINFO [0m:      	 'loss': [(1, 2.276535549942328),
[92mINFO [0m:      	          (2, 1.5510568641194729),
[92mINFO [0m:      	          (3, 0.9020692199265876),
[92mINFO [0m:      	          (4, 0.7441265804737078),
[92mINFO [0m:      	          (5, 0.6620890176525207),
[92mINFO [0m:      	          (6, 0.5923624925491284),
[92mINFO [0m:      	          (7, 0.5616577972813386),
[92mINFO [0m:      	          (8, 0.5816058468441813),
[92mINFO [0m:      	          (9, 0.5942569444564973),
[92mINFO [0m:      	          (10, 0.5839575750141346)]}
[92mINFO [0m:      	History (metrics, centralized):
[92mINFO [0m:      	{'accuracy': [(0, 0.1),
[92mINFO [0m:      	              (1, 0.1229),
[92mINFO [0m:      	              (2, 0.5725),
[92mINFO [0m:      	              (3, 0.7057),
[92mINFO [0m:      	              (4, 0.7462),
[92mINFO [0m:      	              (5, 0.7755),
[92mINFO [0m:      	              (6, 0.7988),
[92mINFO [0m:      	              (7, 0.81),
[92mINFO [0m:      	              (8, 0.8122),
[92mINFO [0m:      	              (9, 0.8152),
[92mINFO [0m:      	              (10, 0.8193)],
[92mINFO [0m:      	 'loss': [(0, 2.3029788005828857),
[92mINFO [0m:      	          (1, 2.274940514373779),
[92mINFO [0m:      	          (2, 1.5455379867553711),
[92mINFO [0m:      	          (3, 0.899068970489502),
[92mINFO [0m:      	          (4, 0.7458696041107178),
[92mINFO [0m:      	          (5, 0.6662414096832275),
[92mINFO [0m:      	          (6, 0.6119709697723389),
[92mINFO [0m:      	          (7, 0.5757823034763336),
[92mINFO [0m:      	          (8, 0.6041088868141175),
[92mINFO [0m:      	          (9, 0.6009657604694366),
[92mINFO [0m:      	          (10, 0.6168355132341385)]}
[92mINFO [0m:      
Treinando no dispositivo: cuda:0 com o dataset: CIFAR10 | Setup clientes: 5 (num_gpus por cliente=0.2) | SEED=49 | Método: FedProx (mu=0.01)
FLOPS por amostra (forward): 6.030e+07 | (forward+backward, 3x): 1.809e+08
Files already downloaded and verified
Files already downloaded and verified
Dividindo o dataset usando a distribuição de Dirichlet com alpha=1.0.
Iniciando a simulação de Aprendizado Federado...
=== Diagnóstico de Medição de GPU ===
  pynvml_disponivel: True
  pynvml_versao: 580.173.02
  gpus_detectadas: 1
  leitura_potencia_ok: True
  potencia_atual_W: 115.262

--- Rodada 0 - Avaliação Centralizada (Servidor) ---
Loss (Servidor): 2.3030 | Acurácia (Servidor): 0.1000

--- Rodada 1 - Avaliação Centralizada (Servidor) ---
Loss (Servidor): 2.2749 | Acurácia (Servidor): 0.1229
--- Avaliação Agregada (Clientes) ---
Loss Média (Clientes): 2.2765 | Acurácia Média (Clientes): 0.1186

--- Rodada 2 - Avaliação Centralizada (Servidor) ---
Loss (Servidor): 1.5455 | Acurácia (Servidor): 0.5725
--- Avaliação Agregada (Clientes) ---
Loss Média (Clientes): 1.5511 | Acurácia Média (Clientes): 0.5684

--- Rodada 3 - Avaliação Centralizada (Servidor) ---
Loss (Servidor): 0.8991 | Acurácia (Servidor): 0.7057
--- Avaliação Agregada (Clientes) ---
Loss Média (Clientes): 0.9021 | Acurácia Média (Clientes): 0.6963

--- Rodada 4 - Avaliação Centralizada (Servidor) ---
Loss (Servidor): 0.7459 | Acurácia (Servidor): 0.7462
--- Avaliação Agregada (Clientes) ---
Loss Média (Clientes): 0.7441 | Acurácia Média (Clientes): 0.7409

--- Rodada 5 - Avaliação Centralizada (Servidor) ---
Loss (Servidor): 0.6662 | Acurácia (Servidor): 0.7755
--- Avaliação Agregada (Clientes) ---
Loss Média (Clientes): 0.6621 | Acurácia Média (Clientes): 0.7717

--- Rodada 6 - Avaliação Centralizada (Servidor) ---
Loss (Servidor): 0.6120 | Acurácia (Servidor): 0.7988
--- Avaliação Agregada (Clientes) ---
Loss Média (Clientes): 0.5924 | Acurácia Média (Clientes): 0.7959

--- Rodada 7 - Avaliação Centralizada (Servidor) ---
Loss (Servidor): 0.5758 | Acurácia (Servidor): 0.8100
--- Avaliação Agregada (Clientes) ---
Loss Média (Clientes): 0.5617 | Acurácia Média (Clientes): 0.8081

--- Rodada 8 - Avaliação Centralizada (Servidor) ---
Loss (Servidor): 0.6041 | Acurácia (Servidor): 0.8122
--- Avaliação Agregada (Clientes) ---
Loss Média (Clientes): 0.5816 | Acurácia Média (Clientes): 0.8141

--- Rodada 9 - Avaliação Centralizada (Servidor) ---
Loss (Servidor): 0.6010 | Acurácia (Servidor): 0.8152
--- Avaliação Agregada (Clientes) ---
Loss Média (Clientes): 0.5943 | Acurácia Média (Clientes): 0.8129

--- Rodada 10 - Avaliação Centralizada (Servidor) ---
Loss (Servidor): 0.6168 | Acurácia (Servidor): 0.8193
--- Avaliação Agregada (Clientes) ---
Loss Média (Clientes): 0.5840 | Acurácia Média (Clientes): 0.8219

Resultados salvos em: /home/tiago/GitHubProjects/fedhad-thesis-2/FedProx-results/1.1_diagnostico_drift/CIFAR10/FedProx__CIFAR10__Setup-5__Clients-5__Rounds-10__Delay-0_05__Alpha-1_0__Seed-49.txt
[36m(ClientAppActor pid=780138)[0m [93mWARNING [0m:   DEPRECATED FEATURE: `client_fn` now expects a signature `def client_fn(context: Context)`.The provided `client_fn` has signature: {'cid': <Parameter "cid: str">}. You can import the `Context` like this: `from flwr.app import Context`[32m [repeated 4x across cluster][0m
[36m(ClientAppActor pid=780138)[0m             This is a deprecated feature. It will be removed[32m [repeated 4x across cluster][0m
[36m(ClientAppActor pid=780138)[0m             entirely in future versions of Flower.[32m [repeated 4x across cluster][0m
