[codecarbon WARNING @ 15:04:39] Multiple instances of codecarbon are allowed to run at the same time.
[93mWARNING [0m:   DEPRECATED FEATURE: flwr.simulation.start_simulation() is deprecated.
	Instead, use the `flwr run` CLI command to start a local simulation in your Flower app, as shown for example below:

		$ flwr new  # Create a new Flower app from a template

		$ flwr run  # Run the Flower app in Simulation Mode

	Using `start_simulation()` is deprecated.

            This is a deprecated feature. It will be removed
            entirely in future versions of Flower.
        
[92mINFO [0m:      Starting Flower simulation, config: num_rounds=10, no round_timeout
2026-09-04 15:04:48,411	INFO worker.py:2012 -- Started a local Ray instance.
/home/tiago/GitHubProjects/fedhad-thesis-2/env_flwr_pt/lib/python3.12/site-packages/ray/_private/worker.py:2051: FutureWarning: Tip: In future versions of Ray, Ray will no longer override accelerator visible devices env var if num_gpus=0 or num_gpus=None (default). To enable this behavior and turn off this error message, set RAY_ACCEL_ENV_VAR_OVERRIDE_ON_ZERO=0
  warnings.warn(
[92mINFO [0m:      Flower VCE: Ray initialized with resources: {'CPU': 64.0, 'node:__internal_head__': 1.0, 'GPU': 1.0, 'memory': 181040765338.0, 'accelerator_type:A40': 1.0, 'node:10.129.64.100': 1.0, 'object_store_memory': 77588899430.0}
[92mINFO [0m:      Optimize your simulation with Flower VCE: https://flower.ai/docs/framework/how-to-run-simulations.html
/home/tiago/GitHubProjects/fedhad-thesis-2/FedProx_Final.py:1601: UserWarning: No `num_cpus` specified in `client_resources`. Using `num_cpus=1` for each client.
  history = fl.simulation.start_simulation(
[92mINFO [0m:      Flower VCE: Resources for each Virtual Client: {'num_gpus': 0.2, 'num_cpus': 1}
[92mINFO [0m:      Flower VCE: Creating VirtualClientEngineActorPool with 5 actors
[92mINFO [0m:      [INIT]
[92mINFO [0m:      Requesting initial parameters from one random client
[36m(ClientAppActor pid=822894)[0m [93mWARNING [0m:   DEPRECATED FEATURE: `client_fn` now expects a signature `def client_fn(context: Context)`.The provided `client_fn` has signature: {'cid': <Parameter "cid: str">}. You can import the `Context` like this: `from flwr.app import Context`
[36m(ClientAppActor pid=822894)[0m 
[36m(ClientAppActor pid=822894)[0m             This is a deprecated feature. It will be removed
[36m(ClientAppActor pid=822894)[0m             entirely in future versions of Flower.
[36m(ClientAppActor pid=822894)[0m         
[92mINFO [0m:      Received initial parameters from one random client
[92mINFO [0m:      Starting evaluation of initial global parameters
[92mINFO [0m:      initial parameters (loss, other metrics): 2.3030150562286376, {'accuracy': 0.1055, 'loss': 2.3030150562286376}
[92mINFO [0m:      
[92mINFO [0m:      [ROUND 1]
[92mINFO [0m:      configure_fit: strategy sampled 5 clients (out of 5)
[36m(ClientAppActor pid=822894)[0m [93mWARNING [0m:   DEPRECATED FEATURE: `client_fn` now expects a signature `def client_fn(context: Context)`.The provided `client_fn` has signature: {'cid': <Parameter "cid: str">}. You can import the `Context` like this: `from flwr.app import Context`
[36m(ClientAppActor pid=822894)[0m 
[36m(ClientAppActor pid=822894)[0m             This is a deprecated feature. It will be removed
[36m(ClientAppActor pid=822894)[0m             entirely in future versions of Flower.
[36m(ClientAppActor pid=822894)[0m         
[36m(ClientAppActor pid=822890)[0m 
[36m(ClientAppActor pid=822890)[0m         
[36m(ClientAppActor pid=822893)[0m 
[36m(ClientAppActor pid=822893)[0m         
[36m(ClientAppActor pid=822891)[0m 
[36m(ClientAppActor pid=822891)[0m         
[36m(ClientAppActor pid=822889)[0m 
[36m(ClientAppActor pid=822889)[0m         
[92mINFO [0m:      aggregate_fit: received 5 results and 0 failures
[92mINFO [0m:      fit progress: (1, 2.2970800716400146, {'accuracy': 0.1, 'loss': 2.2970800716400146}, 20.718899770989083)
[92mINFO [0m:      configure_evaluate: strategy sampled 5 clients (out of 5)
[36m(ClientAppActor pid=822890)[0m 
[36m(ClientAppActor pid=822890)[0m         
[36m(ClientAppActor pid=822890)[0m [93mWARNING [0m:   DEPRECATED FEATURE: `client_fn` now expects a signature `def client_fn(context: Context)`.The provided `client_fn` has signature: {'cid': <Parameter "cid: str">}. You can import the `Context` like this: `from flwr.app import Context`[32m [repeated 5x across cluster] (Ray deduplicates logs by default. Set RAY_DEDUP_LOGS=0 to disable log deduplication, or see https://docs.ray.io/en/master/ray-observability/user-guides/configure-logging.html#log-deduplication for more options.)[0m
[36m(ClientAppActor pid=822890)[0m             This is a deprecated feature. It will be removed[32m [repeated 5x across cluster][0m
[36m(ClientAppActor pid=822890)[0m             entirely in future versions of Flower.[32m [repeated 5x across cluster][0m
[36m(ClientAppActor pid=822889)[0m 
[36m(ClientAppActor pid=822889)[0m         
[36m(ClientAppActor pid=822893)[0m 
[36m(ClientAppActor pid=822893)[0m         
[36m(ClientAppActor pid=822891)[0m 
[36m(ClientAppActor pid=822891)[0m         
[36m(ClientAppActor pid=822894)[0m 
[36m(ClientAppActor pid=822894)[0m         
[92mINFO [0m:      aggregate_evaluate: received 5 results and 0 failures
[92mINFO [0m:      
[92mINFO [0m:      [ROUND 2]
[92mINFO [0m:      configure_fit: strategy sampled 5 clients (out of 5)
[36m(ClientAppActor pid=822894)[0m 
[36m(ClientAppActor pid=822894)[0m         
[36m(ClientAppActor pid=822891)[0m 
[36m(ClientAppActor pid=822891)[0m         
[36m(ClientAppActor pid=822893)[0m 
[36m(ClientAppActor pid=822893)[0m         
[36m(ClientAppActor pid=822889)[0m 
[36m(ClientAppActor pid=822889)[0m         
[36m(ClientAppActor pid=822890)[0m 
[36m(ClientAppActor pid=822890)[0m         
[92mINFO [0m:      aggregate_fit: received 5 results and 0 failures
[92mINFO [0m:      fit progress: (2, 2.040706622695923, {'accuracy': 0.2105, 'loss': 2.040706622695923}, 40.16514814697439)
[92mINFO [0m:      configure_evaluate: strategy sampled 5 clients (out of 5)
[36m(ClientAppActor pid=822891)[0m 
[36m(ClientAppActor pid=822891)[0m         
[36m(ClientAppActor pid=822891)[0m [93mWARNING [0m:   DEPRECATED FEATURE: `client_fn` now expects a signature `def client_fn(context: Context)`.The provided `client_fn` has signature: {'cid': <Parameter "cid: str">}. You can import the `Context` like this: `from flwr.app import Context`[32m [repeated 10x across cluster][0m
[36m(ClientAppActor pid=822891)[0m             This is a deprecated feature. It will be removed[32m [repeated 10x across cluster][0m
[36m(ClientAppActor pid=822891)[0m             entirely in future versions of Flower.[32m [repeated 10x across cluster][0m
[36m(ClientAppActor pid=822894)[0m 
[36m(ClientAppActor pid=822894)[0m         
[36m(ClientAppActor pid=822890)[0m 
[36m(ClientAppActor pid=822890)[0m         
[36m(ClientAppActor pid=822889)[0m 
[36m(ClientAppActor pid=822889)[0m         
[36m(ClientAppActor pid=822893)[0m 
[36m(ClientAppActor pid=822893)[0m         
[92mINFO [0m:      aggregate_evaluate: received 5 results and 0 failures
[92mINFO [0m:      
[92mINFO [0m:      [ROUND 3]
[92mINFO [0m:      configure_fit: strategy sampled 5 clients (out of 5)
[36m(ClientAppActor pid=822893)[0m 
[36m(ClientAppActor pid=822893)[0m         
[36m(ClientAppActor pid=822889)[0m 
[36m(ClientAppActor pid=822889)[0m         
[36m(ClientAppActor pid=822890)[0m 
[36m(ClientAppActor pid=822890)[0m         
[36m(ClientAppActor pid=822894)[0m 
[36m(ClientAppActor pid=822894)[0m         
[36m(ClientAppActor pid=822891)[0m 
[36m(ClientAppActor pid=822891)[0m         
[92mINFO [0m:      aggregate_fit: received 5 results and 0 failures
[92mINFO [0m:      fit progress: (3, 1.6461480310440064, {'accuracy': 0.4445, 'loss': 1.6461480310440064}, 59.71672292298172)
[92mINFO [0m:      configure_evaluate: strategy sampled 5 clients (out of 5)
[36m(ClientAppActor pid=822894)[0m 
[36m(ClientAppActor pid=822894)[0m         
[36m(ClientAppActor pid=822894)[0m [93mWARNING [0m:   DEPRECATED FEATURE: `client_fn` now expects a signature `def client_fn(context: Context)`.The provided `client_fn` has signature: {'cid': <Parameter "cid: str">}. You can import the `Context` like this: `from flwr.app import Context`[32m [repeated 10x across cluster][0m
[36m(ClientAppActor pid=822894)[0m             This is a deprecated feature. It will be removed[32m [repeated 10x across cluster][0m
[36m(ClientAppActor pid=822894)[0m             entirely in future versions of Flower.[32m [repeated 10x across cluster][0m
[36m(ClientAppActor pid=822893)[0m 
[36m(ClientAppActor pid=822893)[0m         
[36m(ClientAppActor pid=822890)[0m 
[36m(ClientAppActor pid=822890)[0m         
[36m(ClientAppActor pid=822891)[0m 
[36m(ClientAppActor pid=822891)[0m         
[36m(ClientAppActor pid=822889)[0m 
[36m(ClientAppActor pid=822889)[0m         
[92mINFO [0m:      aggregate_evaluate: received 5 results and 0 failures
[92mINFO [0m:      
[92mINFO [0m:      [ROUND 4]
[92mINFO [0m:      configure_fit: strategy sampled 5 clients (out of 5)
[36m(ClientAppActor pid=822889)[0m 
[36m(ClientAppActor pid=822889)[0m         
[36m(ClientAppActor pid=822891)[0m 
[36m(ClientAppActor pid=822891)[0m         
[36m(ClientAppActor pid=822893)[0m 
[36m(ClientAppActor pid=822893)[0m         
[36m(ClientAppActor pid=822890)[0m 
[36m(ClientAppActor pid=822890)[0m         
[36m(ClientAppActor pid=822894)[0m 
[36m(ClientAppActor pid=822894)[0m         
[92mINFO [0m:      aggregate_fit: received 5 results and 0 failures
[92mINFO [0m:      fit progress: (4, 1.5142340799331666, {'accuracy': 0.4904, 'loss': 1.5142340799331666}, 79.35443650302477)
[92mINFO [0m:      configure_evaluate: strategy sampled 5 clients (out of 5)
[36m(ClientAppActor pid=822890)[0m 
[36m(ClientAppActor pid=822890)[0m         
[36m(ClientAppActor pid=822890)[0m [93mWARNING [0m:   DEPRECATED FEATURE: `client_fn` now expects a signature `def client_fn(context: Context)`.The provided `client_fn` has signature: {'cid': <Parameter "cid: str">}. You can import the `Context` like this: `from flwr.app import Context`[32m [repeated 10x across cluster][0m
[36m(ClientAppActor pid=822890)[0m             This is a deprecated feature. It will be removed[32m [repeated 10x across cluster][0m
[36m(ClientAppActor pid=822890)[0m             entirely in future versions of Flower.[32m [repeated 10x across cluster][0m
[36m(ClientAppActor pid=822891)[0m 
[36m(ClientAppActor pid=822891)[0m         
[36m(ClientAppActor pid=822889)[0m 
[36m(ClientAppActor pid=822889)[0m         
[36m(ClientAppActor pid=822894)[0m 
[36m(ClientAppActor pid=822894)[0m         
[36m(ClientAppActor pid=822893)[0m 
[36m(ClientAppActor pid=822893)[0m         
[92mINFO [0m:      aggregate_evaluate: received 5 results and 0 failures
[92mINFO [0m:      
[92mINFO [0m:      [ROUND 5]
[92mINFO [0m:      configure_fit: strategy sampled 5 clients (out of 5)
[36m(ClientAppActor pid=822893)[0m 
[36m(ClientAppActor pid=822893)[0m         
[36m(ClientAppActor pid=822894)[0m 
[36m(ClientAppActor pid=822894)[0m         
[36m(ClientAppActor pid=822891)[0m 
[36m(ClientAppActor pid=822891)[0m         
[36m(ClientAppActor pid=822889)[0m 
[36m(ClientAppActor pid=822889)[0m         
[36m(ClientAppActor pid=822890)[0m 
[36m(ClientAppActor pid=822890)[0m         
[92mINFO [0m:      aggregate_fit: received 5 results and 0 failures
[92mINFO [0m:      fit progress: (5, 1.310988380432129, {'accuracy': 0.5564, 'loss': 1.310988380432129}, 98.98893595999107)
[92mINFO [0m:      configure_evaluate: strategy sampled 5 clients (out of 5)
[36m(ClientAppActor pid=822891)[0m 
[36m(ClientAppActor pid=822891)[0m         
[36m(ClientAppActor pid=822891)[0m [93mWARNING [0m:   DEPRECATED FEATURE: `client_fn` now expects a signature `def client_fn(context: Context)`.The provided `client_fn` has signature: {'cid': <Parameter "cid: str">}. You can import the `Context` like this: `from flwr.app import Context`[32m [repeated 10x across cluster][0m
[36m(ClientAppActor pid=822891)[0m             This is a deprecated feature. It will be removed[32m [repeated 10x across cluster][0m
[36m(ClientAppActor pid=822891)[0m             entirely in future versions of Flower.[32m [repeated 10x across cluster][0m
[36m(ClientAppActor pid=822889)[0m 
[36m(ClientAppActor pid=822889)[0m         
[36m(ClientAppActor pid=822893)[0m 
[36m(ClientAppActor pid=822893)[0m         
[36m(ClientAppActor pid=822890)[0m 
[36m(ClientAppActor pid=822890)[0m         
[36m(ClientAppActor pid=822894)[0m 
[36m(ClientAppActor pid=822894)[0m         
[92mINFO [0m:      aggregate_evaluate: received 5 results and 0 failures
[92mINFO [0m:      
[92mINFO [0m:      [ROUND 6]
[92mINFO [0m:      configure_fit: strategy sampled 5 clients (out of 5)
[36m(ClientAppActor pid=822894)[0m 
[36m(ClientAppActor pid=822894)[0m         
[36m(ClientAppActor pid=822890)[0m 
[36m(ClientAppActor pid=822890)[0m         
[36m(ClientAppActor pid=822893)[0m 
[36m(ClientAppActor pid=822893)[0m         
[36m(ClientAppActor pid=822889)[0m 
[36m(ClientAppActor pid=822889)[0m         
[36m(ClientAppActor pid=822891)[0m 
[36m(ClientAppActor pid=822891)[0m         
[92mINFO [0m:      aggregate_fit: received 5 results and 0 failures
[92mINFO [0m:      fit progress: (6, 1.2105237377166749, {'accuracy': 0.5758, 'loss': 1.2105237377166749}, 118.49323237698991)
[92mINFO [0m:      configure_evaluate: strategy sampled 5 clients (out of 5)
[36m(ClientAppActor pid=822893)[0m 
[36m(ClientAppActor pid=822893)[0m         
[36m(ClientAppActor pid=822893)[0m [93mWARNING [0m:   DEPRECATED FEATURE: `client_fn` now expects a signature `def client_fn(context: Context)`.The provided `client_fn` has signature: {'cid': <Parameter "cid: str">}. You can import the `Context` like this: `from flwr.app import Context`[32m [repeated 10x across cluster][0m
[36m(ClientAppActor pid=822893)[0m             This is a deprecated feature. It will be removed[32m [repeated 10x across cluster][0m
[36m(ClientAppActor pid=822893)[0m             entirely in future versions of Flower.[32m [repeated 10x across cluster][0m
[36m(ClientAppActor pid=822894)[0m 
[36m(ClientAppActor pid=822894)[0m         
[36m(ClientAppActor pid=822889)[0m 
[36m(ClientAppActor pid=822889)[0m         
[36m(ClientAppActor pid=822891)[0m 
[36m(ClientAppActor pid=822891)[0m         
[36m(ClientAppActor pid=822890)[0m 
[36m(ClientAppActor pid=822890)[0m         
[92mINFO [0m:      aggregate_evaluate: received 5 results and 0 failures
[92mINFO [0m:      
[92mINFO [0m:      [ROUND 7]
[92mINFO [0m:      configure_fit: strategy sampled 5 clients (out of 5)
[36m(ClientAppActor pid=822890)[0m 
[36m(ClientAppActor pid=822890)[0m         
[36m(ClientAppActor pid=822891)[0m 
[36m(ClientAppActor pid=822891)[0m         
[36m(ClientAppActor pid=822894)[0m 
[36m(ClientAppActor pid=822894)[0m         
[36m(ClientAppActor pid=822889)[0m 
[36m(ClientAppActor pid=822889)[0m         
[36m(ClientAppActor pid=822893)[0m 
[36m(ClientAppActor pid=822893)[0m         
[92mINFO [0m:      aggregate_fit: received 5 results and 0 failures
[92mINFO [0m:      fit progress: (7, 1.182370751953125, {'accuracy': 0.5962, 'loss': 1.182370751953125}, 137.84667522797827)
[92mINFO [0m:      configure_evaluate: strategy sampled 5 clients (out of 5)
[36m(ClientAppActor pid=822890)[0m 
[36m(ClientAppActor pid=822890)[0m         
[36m(ClientAppActor pid=822890)[0m [93mWARNING [0m:   DEPRECATED FEATURE: `client_fn` now expects a signature `def client_fn(context: Context)`.The provided `client_fn` has signature: {'cid': <Parameter "cid: str">}. You can import the `Context` like this: `from flwr.app import Context`[32m [repeated 10x across cluster][0m
[36m(ClientAppActor pid=822890)[0m             This is a deprecated feature. It will be removed[32m [repeated 10x across cluster][0m
[36m(ClientAppActor pid=822890)[0m             entirely in future versions of Flower.[32m [repeated 10x across cluster][0m
[36m(ClientAppActor pid=822893)[0m 
[36m(ClientAppActor pid=822893)[0m         
[36m(ClientAppActor pid=822894)[0m 
[36m(ClientAppActor pid=822894)[0m         
[36m(ClientAppActor pid=822891)[0m 
[36m(ClientAppActor pid=822891)[0m         
[36m(ClientAppActor pid=822889)[0m 
[36m(ClientAppActor pid=822889)[0m         
[92mINFO [0m:      aggregate_evaluate: received 5 results and 0 failures
[92mINFO [0m:      
[92mINFO [0m:      [ROUND 8]
[92mINFO [0m:      configure_fit: strategy sampled 5 clients (out of 5)
[36m(ClientAppActor pid=822889)[0m 
[36m(ClientAppActor pid=822889)[0m         
[36m(ClientAppActor pid=822891)[0m 
[36m(ClientAppActor pid=822891)[0m         
[36m(ClientAppActor pid=822894)[0m 
[36m(ClientAppActor pid=822894)[0m         
[36m(ClientAppActor pid=822893)[0m 
[36m(ClientAppActor pid=822893)[0m         
[36m(ClientAppActor pid=822890)[0m 
[36m(ClientAppActor pid=822890)[0m         
[92mINFO [0m:      aggregate_fit: received 5 results and 0 failures
[92mINFO [0m:      fit progress: (8, 1.0859193052291871, {'accuracy': 0.6212, 'loss': 1.0859193052291871}, 157.64566220302368)
[92mINFO [0m:      configure_evaluate: strategy sampled 5 clients (out of 5)
[36m(ClientAppActor pid=822893)[0m 
[36m(ClientAppActor pid=822893)[0m         
[36m(ClientAppActor pid=822893)[0m [93mWARNING [0m:   DEPRECATED FEATURE: `client_fn` now expects a signature `def client_fn(context: Context)`.The provided `client_fn` has signature: {'cid': <Parameter "cid: str">}. You can import the `Context` like this: `from flwr.app import Context`[32m [repeated 10x across cluster][0m
[36m(ClientAppActor pid=822893)[0m             This is a deprecated feature. It will be removed[32m [repeated 10x across cluster][0m
[36m(ClientAppActor pid=822893)[0m             entirely in future versions of Flower.[32m [repeated 10x across cluster][0m
[36m(ClientAppActor pid=822891)[0m 
[36m(ClientAppActor pid=822891)[0m         
[36m(ClientAppActor pid=822889)[0m 
[36m(ClientAppActor pid=822889)[0m         
[36m(ClientAppActor pid=822890)[0m 
[36m(ClientAppActor pid=822890)[0m         
[36m(ClientAppActor pid=822894)[0m 
[36m(ClientAppActor pid=822894)[0m         
[92mINFO [0m:      aggregate_evaluate: received 5 results and 0 failures
[92mINFO [0m:      
[92mINFO [0m:      [ROUND 9]
[92mINFO [0m:      configure_fit: strategy sampled 5 clients (out of 5)
[36m(ClientAppActor pid=822894)[0m 
[36m(ClientAppActor pid=822894)[0m         
[36m(ClientAppActor pid=822890)[0m 
[36m(ClientAppActor pid=822890)[0m         
[36m(ClientAppActor pid=822889)[0m 
[36m(ClientAppActor pid=822889)[0m         
[36m(ClientAppActor pid=822891)[0m 
[36m(ClientAppActor pid=822891)[0m         
[36m(ClientAppActor pid=822893)[0m 
[36m(ClientAppActor pid=822893)[0m         
[92mINFO [0m:      aggregate_fit: received 5 results and 0 failures
[92mINFO [0m:      fit progress: (9, 1.0059057745933533, {'accuracy': 0.6515, 'loss': 1.0059057745933533}, 177.28951341699576)
[92mINFO [0m:      configure_evaluate: strategy sampled 5 clients (out of 5)
[36m(ClientAppActor pid=822891)[0m 
[36m(ClientAppActor pid=822891)[0m         
[36m(ClientAppActor pid=822891)[0m [93mWARNING [0m:   DEPRECATED FEATURE: `client_fn` now expects a signature `def client_fn(context: Context)`.The provided `client_fn` has signature: {'cid': <Parameter "cid: str">}. You can import the `Context` like this: `from flwr.app import Context`[32m [repeated 10x across cluster][0m
[36m(ClientAppActor pid=822891)[0m             This is a deprecated feature. It will be removed[32m [repeated 10x across cluster][0m
[36m(ClientAppActor pid=822891)[0m             entirely in future versions of Flower.[32m [repeated 10x across cluster][0m
[36m(ClientAppActor pid=822893)[0m 
[36m(ClientAppActor pid=822893)[0m         
[36m(ClientAppActor pid=822890)[0m 
[36m(ClientAppActor pid=822890)[0m         
[36m(ClientAppActor pid=822894)[0m 
[36m(ClientAppActor pid=822894)[0m         
[36m(ClientAppActor pid=822889)[0m 
[36m(ClientAppActor pid=822889)[0m         
[92mINFO [0m:      aggregate_evaluate: received 5 results and 0 failures
[92mINFO [0m:      
[92mINFO [0m:      [ROUND 10]
[92mINFO [0m:      configure_fit: strategy sampled 5 clients (out of 5)
[36m(ClientAppActor pid=822889)[0m 
[36m(ClientAppActor pid=822889)[0m         
[36m(ClientAppActor pid=822894)[0m 
[36m(ClientAppActor pid=822894)[0m         
[36m(ClientAppActor pid=822890)[0m 
[36m(ClientAppActor pid=822890)[0m         
[36m(ClientAppActor pid=822893)[0m 
[36m(ClientAppActor pid=822893)[0m         
[36m(ClientAppActor pid=822891)[0m 
[36m(ClientAppActor pid=822891)[0m         
[92mINFO [0m:      aggregate_fit: received 5 results and 0 failures
[92mINFO [0m:      fit progress: (10, 1.0407626070976257, {'accuracy': 0.6547, 'loss': 1.0407626070976257}, 196.3669491839828)
[92mINFO [0m:      configure_evaluate: strategy sampled 5 clients (out of 5)
[36m(ClientAppActor pid=822889)[0m 
[36m(ClientAppActor pid=822889)[0m         
[36m(ClientAppActor pid=822889)[0m [93mWARNING [0m:   DEPRECATED FEATURE: `client_fn` now expects a signature `def client_fn(context: Context)`.The provided `client_fn` has signature: {'cid': <Parameter "cid: str">}. You can import the `Context` like this: `from flwr.app import Context`[32m [repeated 10x across cluster][0m
[36m(ClientAppActor pid=822889)[0m             This is a deprecated feature. It will be removed[32m [repeated 10x across cluster][0m
[36m(ClientAppActor pid=822889)[0m             entirely in future versions of Flower.[32m [repeated 10x across cluster][0m
[36m(ClientAppActor pid=822891)[0m 
[36m(ClientAppActor pid=822891)[0m         
[36m(ClientAppActor pid=822890)[0m 
[36m(ClientAppActor pid=822890)[0m         
[36m(ClientAppActor pid=822894)[0m 
[36m(ClientAppActor pid=822894)[0m         
[36m(ClientAppActor pid=822893)[0m 
[36m(ClientAppActor pid=822893)[0m         
[92mINFO [0m:      aggregate_evaluate: received 5 results and 0 failures
[92mINFO [0m:      
[92mINFO [0m:      [SUMMARY]
[92mINFO [0m:      Run finished 10 round(s) in 197.25s
[92mINFO [0m:      	History (loss, distributed):
[92mINFO [0m:      		round 1: 2.297394954564215
[92mINFO [0m:      		round 2: 2.032879712201367
[92mINFO [0m:      		round 3: 1.6257369110100932
[92mINFO [0m:      		round 4: 1.488377839941155
[92mINFO [0m:      		round 5: 1.285495671768868
[92mINFO [0m:      		round 6: 1.17600552644972
[92mINFO [0m:      		round 7: 1.1449651513811538
[92mINFO [0m:      		round 8: 1.0475952364049579
[92mINFO [0m:      		round 9: 0.9722188974538516
[92mINFO [0m:      		round 10: 0.9885319713737957
[92mINFO [0m:      	History (loss, centralized):
[92mINFO [0m:      		round 0: 2.3030150562286376
[92mINFO [0m:      		round 1: 2.2970800716400146
[92mINFO [0m:      		round 2: 2.040706622695923
[92mINFO [0m:      		round 3: 1.6461480310440064
[92mINFO [0m:      		round 4: 1.5142340799331666
[92mINFO [0m:      		round 5: 1.310988380432129
[92mINFO [0m:      		round 6: 1.2105237377166749
[92mINFO [0m:      		round 7: 1.182370751953125
[92mINFO [0m:      		round 8: 1.0859193052291871
[92mINFO [0m:      		round 9: 1.0059057745933533
[92mINFO [0m:      		round 10: 1.0407626070976257
[92mINFO [0m:      	History (metrics, distributed, fit):
[92mINFO [0m:      	{'avg_flops_per_client_round': [(1, 8140805084160.0),
[92mINFO [0m:      	                                (2, 8140805084160.0),
[92mINFO [0m:      	                                (3, 8140805084160.0),
[92mINFO [0m:      	                                (4, 8140805084160.0),
[92mINFO [0m:      	                                (5, 8140805084160.0),
[92mINFO [0m:      	                                (6, 8140805084160.0),
[92mINFO [0m:      	                                (7, 8140805084160.0),
[92mINFO [0m:      	                                (8, 8140805084160.0),
[92mINFO [0m:      	                                (9, 8140805084160.0),
[92mINFO [0m:      	                                (10, 8140805084160.0)],
[92mINFO [0m:      	 'total_flops_round': [(1, 40704025420800),
[92mINFO [0m:      	                       (2, 40704025420800),
[92mINFO [0m:      	                       (3, 40704025420800),
[92mINFO [0m:      	                       (4, 40704025420800),
[92mINFO [0m:      	                       (5, 40704025420800),
[92mINFO [0m:      	                       (6, 40704025420800),
[92mINFO [0m:      	                       (7, 40704025420800),
[92mINFO [0m:      	                       (8, 40704025420800),
[92mINFO [0m:      	                       (9, 40704025420800),
[92mINFO [0m:      	                       (10, 40704025420800)]}
[92mINFO [0m:      	History (metrics, distributed, evaluate):
[92mINFO [0m:      	{'accuracy': [(1, 0.10166099659795877),
[92mINFO [0m:      	              (2, 0.22173303982389433),
[92mINFO [0m:      	              (3, 0.4506704022413448),
[92mINFO [0m:      	              (4, 0.5003001801080649),
[92mINFO [0m:      	              (5, 0.5605363217930759),
[92mINFO [0m:      	              (6, 0.5979587752651591),
[92mINFO [0m:      	              (7, 0.6159695817490495),
[92mINFO [0m:      	              (8, 0.6381829097458475),
[92mINFO [0m:      	              (9, 0.6668000800480288),
[92mINFO [0m:      	              (10, 0.6716029617770662)],
[92mINFO [0m:      	 'loss': [(1, 2.297394954564215),
[92mINFO [0m:      	          (2, 2.032879712201367),
[92mINFO [0m:      	          (3, 1.6257369110100932),
[92mINFO [0m:      	          (4, 1.488377839941155),
[92mINFO [0m:      	          (5, 1.285495671768868),
[92mINFO [0m:      	          (6, 1.17600552644972),
[92mINFO [0m:      	          (7, 1.1449651513811538),
[92mINFO [0m:      	          (8, 1.0475952364049579),
[92mINFO [0m:      	          (9, 0.9722188974538516),
[92mINFO [0m:      	          (10, 0.9885319713737957)]}
[92mINFO [0m:      	History (metrics, centralized):
[92mINFO [0m:      	{'accuracy': [(0, 0.1055),
[92mINFO [0m:      	              (1, 0.1),
[92mINFO [0m:      	              (2, 0.2105),
[92mINFO [0m:      	              (3, 0.4445),
[92mINFO [0m:      	              (4, 0.4904),
[92mINFO [0m:      	              (5, 0.5564),
[92mINFO [0m:      	              (6, 0.5758),
[92mINFO [0m:      	              (7, 0.5962),
[92mINFO [0m:      	              (8, 0.6212),
[92mINFO [0m:      	              (9, 0.6515),
[92mINFO [0m:      	              (10, 0.6547)],
[92mINFO [0m:      	 'loss': [(0, 2.3030150562286376),
[92mINFO [0m:      	          (1, 2.2970800716400146),
[92mINFO [0m:      	          (2, 2.040706622695923),
[92mINFO [0m:      	          (3, 1.6461480310440064),
[92mINFO [0m:      	          (4, 1.5142340799331666),
[92mINFO [0m:      	          (5, 1.310988380432129),
[92mINFO [0m:      	          (6, 1.2105237377166749),
[92mINFO [0m:      	          (7, 1.182370751953125),
[92mINFO [0m:      	          (8, 1.0859193052291871),
[92mINFO [0m:      	          (9, 1.0059057745933533),
[92mINFO [0m:      	          (10, 1.0407626070976257)]}
[92mINFO [0m:      
Treinando no dispositivo: cuda:0 com o dataset: CIFAR10 | Setup clientes: 5 (num_gpus por cliente=0.2) | SEED=44 | Método: FedProx (mu=0.01)
FLOPS por amostra (forward): 6.030e+07 | (forward+backward, 3x): 1.809e+08
Files already downloaded and verified
Files already downloaded and verified
Dividindo o dataset usando a distribuição de Dirichlet com alpha=0.1.
Iniciando a simulação de Aprendizado Federado...
=== Diagnóstico de Medição de GPU ===
  pynvml_disponivel: True
  pynvml_versao: 580.173.02
  gpus_detectadas: 1
  leitura_potencia_ok: True
  potencia_atual_W: 114.111

--- Rodada 0 - Avaliação Centralizada (Servidor) ---
Loss (Servidor): 2.3030 | Acurácia (Servidor): 0.1055

--- Rodada 1 - Avaliação Centralizada (Servidor) ---
Loss (Servidor): 2.2971 | Acurácia (Servidor): 0.1000
--- Avaliação Agregada (Clientes) ---
Loss Média (Clientes): 2.2974 | Acurácia Média (Clientes): 0.1017

--- Rodada 2 - Avaliação Centralizada (Servidor) ---
Loss (Servidor): 2.0407 | Acurácia (Servidor): 0.2105
--- Avaliação Agregada (Clientes) ---
Loss Média (Clientes): 2.0329 | Acurácia Média (Clientes): 0.2217

--- Rodada 3 - Avaliação Centralizada (Servidor) ---
Loss (Servidor): 1.6461 | Acurácia (Servidor): 0.4445
--- Avaliação Agregada (Clientes) ---
Loss Média (Clientes): 1.6257 | Acurácia Média (Clientes): 0.4507

--- Rodada 4 - Avaliação Centralizada (Servidor) ---
Loss (Servidor): 1.5142 | Acurácia (Servidor): 0.4904
--- Avaliação Agregada (Clientes) ---
Loss Média (Clientes): 1.4884 | Acurácia Média (Clientes): 0.5003

--- Rodada 5 - Avaliação Centralizada (Servidor) ---
Loss (Servidor): 1.3110 | Acurácia (Servidor): 0.5564
--- Avaliação Agregada (Clientes) ---
Loss Média (Clientes): 1.2855 | Acurácia Média (Clientes): 0.5605

--- Rodada 6 - Avaliação Centralizada (Servidor) ---
Loss (Servidor): 1.2105 | Acurácia (Servidor): 0.5758
--- Avaliação Agregada (Clientes) ---
Loss Média (Clientes): 1.1760 | Acurácia Média (Clientes): 0.5980

--- Rodada 7 - Avaliação Centralizada (Servidor) ---
Loss (Servidor): 1.1824 | Acurácia (Servidor): 0.5962
--- Avaliação Agregada (Clientes) ---
Loss Média (Clientes): 1.1450 | Acurácia Média (Clientes): 0.6160

--- Rodada 8 - Avaliação Centralizada (Servidor) ---
Loss (Servidor): 1.0859 | Acurácia (Servidor): 0.6212
--- Avaliação Agregada (Clientes) ---
Loss Média (Clientes): 1.0476 | Acurácia Média (Clientes): 0.6382

--- Rodada 9 - Avaliação Centralizada (Servidor) ---
Loss (Servidor): 1.0059 | Acurácia (Servidor): 0.6515
--- Avaliação Agregada (Clientes) ---
Loss Média (Clientes): 0.9722 | Acurácia Média (Clientes): 0.6668

--- Rodada 10 - Avaliação Centralizada (Servidor) ---
Loss (Servidor): 1.0408 | Acurácia (Servidor): 0.6547
--- Avaliação Agregada (Clientes) ---
Loss Média (Clientes): 0.9885 | Acurácia Média (Clientes): 0.6716

Resultados salvos em: /home/tiago/GitHubProjects/fedhad-thesis-2/FedProx-results/1.1_diagnostico_drift/CIFAR10/FedProx__CIFAR10__Setup-5__Clients-5__Rounds-10__Delay-0_05__Alpha-0_1__Seed-44.txt
[36m(ClientAppActor pid=822893)[0m [93mWARNING [0m:   DEPRECATED FEATURE: `client_fn` now expects a signature `def client_fn(context: Context)`.The provided `client_fn` has signature: {'cid': <Parameter "cid: str">}. You can import the `Context` like this: `from flwr.app import Context`[32m [repeated 4x across cluster][0m
[36m(ClientAppActor pid=822893)[0m             This is a deprecated feature. It will be removed[32m [repeated 4x across cluster][0m
[36m(ClientAppActor pid=822893)[0m             entirely in future versions of Flower.[32m [repeated 4x across cluster][0m
