[codecarbon WARNING @ 14:49:37] Multiple instances of codecarbon are allowed to run at the same time.
[93mWARNING [0m:   DEPRECATED FEATURE: flwr.simulation.start_simulation() is deprecated.
	Instead, use the `flwr run` CLI command to start a local simulation in your Flower app, as shown for example below:

		$ flwr new  # Create a new Flower app from a template

		$ flwr run  # Run the Flower app in Simulation Mode

	Using `start_simulation()` is deprecated.

            This is a deprecated feature. It will be removed
            entirely in future versions of Flower.
        
[92mINFO [0m:      Starting Flower simulation, config: num_rounds=10, no round_timeout
2026-09-04 14:49:45,820	INFO worker.py:2012 -- Started a local Ray instance.
/home/tiago/GitHubProjects/fedhad-thesis-2/env_flwr_pt/lib/python3.12/site-packages/ray/_private/worker.py:2051: FutureWarning: Tip: In future versions of Ray, Ray will no longer override accelerator visible devices env var if num_gpus=0 or num_gpus=None (default). To enable this behavior and turn off this error message, set RAY_ACCEL_ENV_VAR_OVERRIDE_ON_ZERO=0
  warnings.warn(
[92mINFO [0m:      Flower VCE: Ray initialized with resources: {'GPU': 1.0, 'memory': 180967258932.0, 'CPU': 64.0, 'object_store_memory': 77557396684.0, 'node:__internal_head__': 1.0, 'accelerator_type:A40': 1.0, 'node:10.129.64.100': 1.0}
[92mINFO [0m:      Optimize your simulation with Flower VCE: https://flower.ai/docs/framework/how-to-run-simulations.html
/home/tiago/GitHubProjects/fedhad-thesis-2/FedProx_Final.py:1601: UserWarning: No `num_cpus` specified in `client_resources`. Using `num_cpus=1` for each client.
  history = fl.simulation.start_simulation(
[92mINFO [0m:      Flower VCE: Resources for each Virtual Client: {'num_gpus': 0.2, 'num_cpus': 1}
[92mINFO [0m:      Flower VCE: Creating VirtualClientEngineActorPool with 5 actors
[92mINFO [0m:      [INIT]
[92mINFO [0m:      Requesting initial parameters from one random client
[36m(ClientAppActor pid=788273)[0m [93mWARNING [0m:   DEPRECATED FEATURE: `client_fn` now expects a signature `def client_fn(context: Context)`.The provided `client_fn` has signature: {'cid': <Parameter "cid: str">}. You can import the `Context` like this: `from flwr.app import Context`
[36m(ClientAppActor pid=788273)[0m 
[36m(ClientAppActor pid=788273)[0m             This is a deprecated feature. It will be removed
[36m(ClientAppActor pid=788273)[0m             entirely in future versions of Flower.
[36m(ClientAppActor pid=788273)[0m         
[92mINFO [0m:      Received initial parameters from one random client
[92mINFO [0m:      Starting evaluation of initial global parameters
[92mINFO [0m:      initial parameters (loss, other metrics): 2.302816888809204, {'accuracy': 0.1, 'loss': 2.302816888809204}
[92mINFO [0m:      
[92mINFO [0m:      [ROUND 1]
[92mINFO [0m:      configure_fit: strategy sampled 5 clients (out of 5)
[36m(ClientAppActor pid=788273)[0m [93mWARNING [0m:   DEPRECATED FEATURE: `client_fn` now expects a signature `def client_fn(context: Context)`.The provided `client_fn` has signature: {'cid': <Parameter "cid: str">}. You can import the `Context` like this: `from flwr.app import Context`
[36m(ClientAppActor pid=788273)[0m 
[36m(ClientAppActor pid=788273)[0m             This is a deprecated feature. It will be removed
[36m(ClientAppActor pid=788273)[0m             entirely in future versions of Flower.
[36m(ClientAppActor pid=788273)[0m         
[36m(ClientAppActor pid=788274)[0m 
[36m(ClientAppActor pid=788274)[0m         
[36m(ClientAppActor pid=788271)[0m 
[36m(ClientAppActor pid=788271)[0m         
[36m(ClientAppActor pid=788272)[0m 
[36m(ClientAppActor pid=788272)[0m         
[36m(ClientAppActor pid=788270)[0m 
[36m(ClientAppActor pid=788270)[0m         
[92mINFO [0m:      aggregate_fit: received 5 results and 0 failures
[92mINFO [0m:      fit progress: (1, 2.2597995365142824, {'accuracy': 0.1711, 'loss': 2.2597995365142824}, 19.434547795041)
[92mINFO [0m:      configure_evaluate: strategy sampled 5 clients (out of 5)
[36m(ClientAppActor pid=788270)[0m 
[36m(ClientAppActor pid=788270)[0m         
[36m(ClientAppActor pid=788270)[0m [93mWARNING [0m:   DEPRECATED FEATURE: `client_fn` now expects a signature `def client_fn(context: Context)`.The provided `client_fn` has signature: {'cid': <Parameter "cid: str">}. You can import the `Context` like this: `from flwr.app import Context`[32m [repeated 5x across cluster] (Ray deduplicates logs by default. Set RAY_DEDUP_LOGS=0 to disable log deduplication, or see https://docs.ray.io/en/master/ray-observability/user-guides/configure-logging.html#log-deduplication for more options.)[0m
[36m(ClientAppActor pid=788270)[0m             This is a deprecated feature. It will be removed[32m [repeated 5x across cluster][0m
[36m(ClientAppActor pid=788270)[0m             entirely in future versions of Flower.[32m [repeated 5x across cluster][0m
[36m(ClientAppActor pid=788271)[0m 
[36m(ClientAppActor pid=788271)[0m         
[36m(ClientAppActor pid=788272)[0m 
[36m(ClientAppActor pid=788272)[0m         
[36m(ClientAppActor pid=788273)[0m 
[36m(ClientAppActor pid=788273)[0m         
[36m(ClientAppActor pid=788274)[0m 
[36m(ClientAppActor pid=788274)[0m         
[92mINFO [0m:      aggregate_evaluate: received 5 results and 0 failures
[92mINFO [0m:      
[92mINFO [0m:      [ROUND 2]
[92mINFO [0m:      configure_fit: strategy sampled 5 clients (out of 5)
[36m(ClientAppActor pid=788274)[0m 
[36m(ClientAppActor pid=788274)[0m         
[36m(ClientAppActor pid=788273)[0m 
[36m(ClientAppActor pid=788273)[0m         
[36m(ClientAppActor pid=788271)[0m 
[36m(ClientAppActor pid=788271)[0m         
[36m(ClientAppActor pid=788272)[0m 
[36m(ClientAppActor pid=788272)[0m         
[36m(ClientAppActor pid=788270)[0m 
[36m(ClientAppActor pid=788270)[0m         
[92mINFO [0m:      aggregate_fit: received 5 results and 0 failures
[92mINFO [0m:      fit progress: (2, 1.4956591712951661, {'accuracy': 0.5352, 'loss': 1.4956591712951661}, 37.413030068040825)
[92mINFO [0m:      configure_evaluate: strategy sampled 5 clients (out of 5)
[36m(ClientAppActor pid=788270)[0m 
[36m(ClientAppActor pid=788270)[0m         
[36m(ClientAppActor pid=788270)[0m [93mWARNING [0m:   DEPRECATED FEATURE: `client_fn` now expects a signature `def client_fn(context: Context)`.The provided `client_fn` has signature: {'cid': <Parameter "cid: str">}. You can import the `Context` like this: `from flwr.app import Context`[32m [repeated 10x across cluster][0m
[36m(ClientAppActor pid=788270)[0m             This is a deprecated feature. It will be removed[32m [repeated 10x across cluster][0m
[36m(ClientAppActor pid=788270)[0m             entirely in future versions of Flower.[32m [repeated 10x across cluster][0m
[36m(ClientAppActor pid=788273)[0m 
[36m(ClientAppActor pid=788273)[0m         
[36m(ClientAppActor pid=788274)[0m 
[36m(ClientAppActor pid=788274)[0m         
[36m(ClientAppActor pid=788271)[0m 
[36m(ClientAppActor pid=788271)[0m         
[36m(ClientAppActor pid=788272)[0m 
[36m(ClientAppActor pid=788272)[0m         
[92mINFO [0m:      aggregate_evaluate: received 5 results and 0 failures
[92mINFO [0m:      
[92mINFO [0m:      [ROUND 3]
[92mINFO [0m:      configure_fit: strategy sampled 5 clients (out of 5)
[36m(ClientAppActor pid=788272)[0m 
[36m(ClientAppActor pid=788272)[0m         
[36m(ClientAppActor pid=788271)[0m 
[36m(ClientAppActor pid=788271)[0m         
[36m(ClientAppActor pid=788273)[0m 
[36m(ClientAppActor pid=788273)[0m         
[36m(ClientAppActor pid=788274)[0m 
[36m(ClientAppActor pid=788274)[0m         
[36m(ClientAppActor pid=788270)[0m 
[36m(ClientAppActor pid=788270)[0m         
[92mINFO [0m:      aggregate_fit: received 5 results and 0 failures
[92mINFO [0m:      fit progress: (3, 0.8942927799224853, {'accuracy': 0.7025, 'loss': 0.8942927799224853}, 55.59671041701222)
[92mINFO [0m:      configure_evaluate: strategy sampled 5 clients (out of 5)
[36m(ClientAppActor pid=788270)[0m 
[36m(ClientAppActor pid=788270)[0m         
[36m(ClientAppActor pid=788270)[0m [93mWARNING [0m:   DEPRECATED FEATURE: `client_fn` now expects a signature `def client_fn(context: Context)`.The provided `client_fn` has signature: {'cid': <Parameter "cid: str">}. You can import the `Context` like this: `from flwr.app import Context`[32m [repeated 10x across cluster][0m
[36m(ClientAppActor pid=788270)[0m             This is a deprecated feature. It will be removed[32m [repeated 10x across cluster][0m
[36m(ClientAppActor pid=788270)[0m             entirely in future versions of Flower.[32m [repeated 10x across cluster][0m
[36m(ClientAppActor pid=788274)[0m 
[36m(ClientAppActor pid=788274)[0m         
[36m(ClientAppActor pid=788273)[0m 
[36m(ClientAppActor pid=788273)[0m         
[36m(ClientAppActor pid=788272)[0m 
[36m(ClientAppActor pid=788272)[0m         
[36m(ClientAppActor pid=788271)[0m 
[36m(ClientAppActor pid=788271)[0m         
[92mINFO [0m:      aggregate_evaluate: received 5 results and 0 failures
[92mINFO [0m:      
[92mINFO [0m:      [ROUND 4]
[92mINFO [0m:      configure_fit: strategy sampled 5 clients (out of 5)
[36m(ClientAppActor pid=788271)[0m 
[36m(ClientAppActor pid=788271)[0m         
[36m(ClientAppActor pid=788272)[0m 
[36m(ClientAppActor pid=788272)[0m         
[36m(ClientAppActor pid=788274)[0m 
[36m(ClientAppActor pid=788274)[0m         
[36m(ClientAppActor pid=788273)[0m 
[36m(ClientAppActor pid=788273)[0m         
[36m(ClientAppActor pid=788270)[0m 
[36m(ClientAppActor pid=788270)[0m         
[92mINFO [0m:      aggregate_fit: received 5 results and 0 failures
[92mINFO [0m:      fit progress: (4, 0.727092227268219, {'accuracy': 0.7466, 'loss': 0.727092227268219}, 73.31254108599387)
[92mINFO [0m:      configure_evaluate: strategy sampled 5 clients (out of 5)
[36m(ClientAppActor pid=788271)[0m 
[36m(ClientAppActor pid=788271)[0m         
[36m(ClientAppActor pid=788271)[0m [93mWARNING [0m:   DEPRECATED FEATURE: `client_fn` now expects a signature `def client_fn(context: Context)`.The provided `client_fn` has signature: {'cid': <Parameter "cid: str">}. You can import the `Context` like this: `from flwr.app import Context`[32m [repeated 10x across cluster][0m
[36m(ClientAppActor pid=788271)[0m             This is a deprecated feature. It will be removed[32m [repeated 10x across cluster][0m
[36m(ClientAppActor pid=788271)[0m             entirely in future versions of Flower.[32m [repeated 10x across cluster][0m
[36m(ClientAppActor pid=788274)[0m 
[36m(ClientAppActor pid=788274)[0m         
[36m(ClientAppActor pid=788272)[0m 
[36m(ClientAppActor pid=788272)[0m         
[36m(ClientAppActor pid=788270)[0m 
[36m(ClientAppActor pid=788270)[0m         
[36m(ClientAppActor pid=788273)[0m 
[36m(ClientAppActor pid=788273)[0m         
[92mINFO [0m:      aggregate_evaluate: received 5 results and 0 failures
[92mINFO [0m:      
[92mINFO [0m:      [ROUND 5]
[92mINFO [0m:      configure_fit: strategy sampled 5 clients (out of 5)
[36m(ClientAppActor pid=788273)[0m 
[36m(ClientAppActor pid=788273)[0m         
[36m(ClientAppActor pid=788270)[0m 
[36m(ClientAppActor pid=788270)[0m         
[36m(ClientAppActor pid=788272)[0m 
[36m(ClientAppActor pid=788272)[0m         
[36m(ClientAppActor pid=788274)[0m 
[36m(ClientAppActor pid=788274)[0m         
[36m(ClientAppActor pid=788271)[0m 
[36m(ClientAppActor pid=788271)[0m         
[92mINFO [0m:      aggregate_fit: received 5 results and 0 failures
[92mINFO [0m:      fit progress: (5, 0.6717206541061401, {'accuracy': 0.7697, 'loss': 0.6717206541061401}, 91.21218415600015)
[92mINFO [0m:      configure_evaluate: strategy sampled 5 clients (out of 5)
[36m(ClientAppActor pid=788274)[0m 
[36m(ClientAppActor pid=788274)[0m         
[36m(ClientAppActor pid=788274)[0m [93mWARNING [0m:   DEPRECATED FEATURE: `client_fn` now expects a signature `def client_fn(context: Context)`.The provided `client_fn` has signature: {'cid': <Parameter "cid: str">}. You can import the `Context` like this: `from flwr.app import Context`[32m [repeated 10x across cluster][0m
[36m(ClientAppActor pid=788274)[0m             This is a deprecated feature. It will be removed[32m [repeated 10x across cluster][0m
[36m(ClientAppActor pid=788274)[0m             entirely in future versions of Flower.[32m [repeated 10x across cluster][0m
[36m(ClientAppActor pid=788271)[0m 
[36m(ClientAppActor pid=788271)[0m         
[36m(ClientAppActor pid=788272)[0m 
[36m(ClientAppActor pid=788272)[0m         
[36m(ClientAppActor pid=788270)[0m 
[36m(ClientAppActor pid=788270)[0m         
[36m(ClientAppActor pid=788273)[0m 
[36m(ClientAppActor pid=788273)[0m         
[92mINFO [0m:      aggregate_evaluate: received 5 results and 0 failures
[92mINFO [0m:      
[92mINFO [0m:      [ROUND 6]
[92mINFO [0m:      configure_fit: strategy sampled 5 clients (out of 5)
[36m(ClientAppActor pid=788273)[0m 
[36m(ClientAppActor pid=788273)[0m         
[36m(ClientAppActor pid=788270)[0m 
[36m(ClientAppActor pid=788270)[0m         
[36m(ClientAppActor pid=788272)[0m 
[36m(ClientAppActor pid=788272)[0m         
[36m(ClientAppActor pid=788271)[0m 
[36m(ClientAppActor pid=788271)[0m         
[36m(ClientAppActor pid=788274)[0m 
[36m(ClientAppActor pid=788274)[0m         
[92mINFO [0m:      aggregate_fit: received 5 results and 0 failures
[92mINFO [0m:      fit progress: (6, 0.6379236248493194, {'accuracy': 0.788, 'loss': 0.6379236248493194}, 109.42708122200565)
[92mINFO [0m:      configure_evaluate: strategy sampled 5 clients (out of 5)
[36m(ClientAppActor pid=788271)[0m 
[36m(ClientAppActor pid=788271)[0m         
[36m(ClientAppActor pid=788271)[0m [93mWARNING [0m:   DEPRECATED FEATURE: `client_fn` now expects a signature `def client_fn(context: Context)`.The provided `client_fn` has signature: {'cid': <Parameter "cid: str">}. You can import the `Context` like this: `from flwr.app import Context`[32m [repeated 10x across cluster][0m
[36m(ClientAppActor pid=788271)[0m             This is a deprecated feature. It will be removed[32m [repeated 10x across cluster][0m
[36m(ClientAppActor pid=788271)[0m             entirely in future versions of Flower.[32m [repeated 10x across cluster][0m
[36m(ClientAppActor pid=788270)[0m 
[36m(ClientAppActor pid=788270)[0m         
[36m(ClientAppActor pid=788273)[0m 
[36m(ClientAppActor pid=788273)[0m         
[36m(ClientAppActor pid=788274)[0m 
[36m(ClientAppActor pid=788274)[0m         
[36m(ClientAppActor pid=788272)[0m 
[36m(ClientAppActor pid=788272)[0m         
[92mINFO [0m:      aggregate_evaluate: received 5 results and 0 failures
[92mINFO [0m:      
[92mINFO [0m:      [ROUND 7]
[92mINFO [0m:      configure_fit: strategy sampled 5 clients (out of 5)
[36m(ClientAppActor pid=788272)[0m 
[36m(ClientAppActor pid=788272)[0m         
[36m(ClientAppActor pid=788274)[0m 
[36m(ClientAppActor pid=788274)[0m         
[36m(ClientAppActor pid=788273)[0m 
[36m(ClientAppActor pid=788273)[0m         
[36m(ClientAppActor pid=788270)[0m 
[36m(ClientAppActor pid=788270)[0m         
[36m(ClientAppActor pid=788271)[0m 
[36m(ClientAppActor pid=788271)[0m         
[92mINFO [0m:      aggregate_fit: received 5 results and 0 failures
[92mINFO [0m:      fit progress: (7, 0.6248288508415222, {'accuracy': 0.7951, 'loss': 0.6248288508415222}, 127.13554667501012)
[92mINFO [0m:      configure_evaluate: strategy sampled 5 clients (out of 5)
[36m(ClientAppActor pid=788274)[0m 
[36m(ClientAppActor pid=788274)[0m         
[36m(ClientAppActor pid=788274)[0m [93mWARNING [0m:   DEPRECATED FEATURE: `client_fn` now expects a signature `def client_fn(context: Context)`.The provided `client_fn` has signature: {'cid': <Parameter "cid: str">}. You can import the `Context` like this: `from flwr.app import Context`[32m [repeated 10x across cluster][0m
[36m(ClientAppActor pid=788274)[0m             This is a deprecated feature. It will be removed[32m [repeated 10x across cluster][0m
[36m(ClientAppActor pid=788274)[0m             entirely in future versions of Flower.[32m [repeated 10x across cluster][0m
[36m(ClientAppActor pid=788271)[0m 
[36m(ClientAppActor pid=788271)[0m         
[36m(ClientAppActor pid=788273)[0m 
[36m(ClientAppActor pid=788273)[0m         
[36m(ClientAppActor pid=788272)[0m 
[36m(ClientAppActor pid=788272)[0m         
[36m(ClientAppActor pid=788270)[0m 
[36m(ClientAppActor pid=788270)[0m         
[92mINFO [0m:      aggregate_evaluate: received 5 results and 0 failures
[92mINFO [0m:      
[92mINFO [0m:      [ROUND 8]
[92mINFO [0m:      configure_fit: strategy sampled 5 clients (out of 5)
[36m(ClientAppActor pid=788270)[0m 
[36m(ClientAppActor pid=788270)[0m         
[36m(ClientAppActor pid=788272)[0m 
[36m(ClientAppActor pid=788272)[0m         
[36m(ClientAppActor pid=788273)[0m 
[36m(ClientAppActor pid=788273)[0m         
[36m(ClientAppActor pid=788271)[0m 
[36m(ClientAppActor pid=788271)[0m         
[36m(ClientAppActor pid=788274)[0m 
[36m(ClientAppActor pid=788274)[0m         
[92mINFO [0m:      aggregate_fit: received 5 results and 0 failures
[92mINFO [0m:      fit progress: (8, 0.5881381884813309, {'accuracy': 0.8052, 'loss': 0.5881381884813309}, 144.62641988799442)
[92mINFO [0m:      configure_evaluate: strategy sampled 5 clients (out of 5)
[36m(ClientAppActor pid=788272)[0m 
[36m(ClientAppActor pid=788272)[0m         
[36m(ClientAppActor pid=788272)[0m [93mWARNING [0m:   DEPRECATED FEATURE: `client_fn` now expects a signature `def client_fn(context: Context)`.The provided `client_fn` has signature: {'cid': <Parameter "cid: str">}. You can import the `Context` like this: `from flwr.app import Context`[32m [repeated 10x across cluster][0m
[36m(ClientAppActor pid=788272)[0m             This is a deprecated feature. It will be removed[32m [repeated 10x across cluster][0m
[36m(ClientAppActor pid=788272)[0m             entirely in future versions of Flower.[32m [repeated 10x across cluster][0m
[36m(ClientAppActor pid=788273)[0m 
[36m(ClientAppActor pid=788273)[0m         
[36m(ClientAppActor pid=788270)[0m 
[36m(ClientAppActor pid=788270)[0m         
[36m(ClientAppActor pid=788271)[0m 
[36m(ClientAppActor pid=788271)[0m         
[36m(ClientAppActor pid=788274)[0m 
[36m(ClientAppActor pid=788274)[0m         
[92mINFO [0m:      aggregate_evaluate: received 5 results and 0 failures
[92mINFO [0m:      
[92mINFO [0m:      [ROUND 9]
[92mINFO [0m:      configure_fit: strategy sampled 5 clients (out of 5)
[36m(ClientAppActor pid=788274)[0m 
[36m(ClientAppActor pid=788274)[0m         
[36m(ClientAppActor pid=788271)[0m 
[36m(ClientAppActor pid=788271)[0m         
[36m(ClientAppActor pid=788270)[0m 
[36m(ClientAppActor pid=788270)[0m         
[36m(ClientAppActor pid=788273)[0m 
[36m(ClientAppActor pid=788273)[0m         
[36m(ClientAppActor pid=788272)[0m 
[36m(ClientAppActor pid=788272)[0m         
[92mINFO [0m:      aggregate_fit: received 5 results and 0 failures
[92mINFO [0m:      fit progress: (9, 0.588476115512848, {'accuracy': 0.8122, 'loss': 0.588476115512848}, 162.34249741199892)
[92mINFO [0m:      configure_evaluate: strategy sampled 5 clients (out of 5)
[36m(ClientAppActor pid=788273)[0m 
[36m(ClientAppActor pid=788273)[0m         
[36m(ClientAppActor pid=788273)[0m [93mWARNING [0m:   DEPRECATED FEATURE: `client_fn` now expects a signature `def client_fn(context: Context)`.The provided `client_fn` has signature: {'cid': <Parameter "cid: str">}. You can import the `Context` like this: `from flwr.app import Context`[32m [repeated 10x across cluster][0m
[36m(ClientAppActor pid=788273)[0m             This is a deprecated feature. It will be removed[32m [repeated 10x across cluster][0m
[36m(ClientAppActor pid=788273)[0m             entirely in future versions of Flower.[32m [repeated 10x across cluster][0m
[36m(ClientAppActor pid=788270)[0m 
[36m(ClientAppActor pid=788270)[0m         
[36m(ClientAppActor pid=788271)[0m 
[36m(ClientAppActor pid=788271)[0m         
[36m(ClientAppActor pid=788272)[0m 
[36m(ClientAppActor pid=788272)[0m         
[36m(ClientAppActor pid=788274)[0m 
[36m(ClientAppActor pid=788274)[0m         
[92mINFO [0m:      aggregate_evaluate: received 5 results and 0 failures
[92mINFO [0m:      
[92mINFO [0m:      [ROUND 10]
[92mINFO [0m:      configure_fit: strategy sampled 5 clients (out of 5)
[36m(ClientAppActor pid=788274)[0m 
[36m(ClientAppActor pid=788274)[0m         
[36m(ClientAppActor pid=788272)[0m 
[36m(ClientAppActor pid=788272)[0m         
[36m(ClientAppActor pid=788271)[0m 
[36m(ClientAppActor pid=788271)[0m         
[36m(ClientAppActor pid=788270)[0m 
[36m(ClientAppActor pid=788270)[0m         
[36m(ClientAppActor pid=788273)[0m 
[36m(ClientAppActor pid=788273)[0m         
[92mINFO [0m:      aggregate_fit: received 5 results and 0 failures
[92mINFO [0m:      fit progress: (10, 0.5853001944065094, {'accuracy': 0.8164, 'loss': 0.5853001944065094}, 179.8276026659878)
[92mINFO [0m:      configure_evaluate: strategy sampled 5 clients (out of 5)
[36m(ClientAppActor pid=788274)[0m 
[36m(ClientAppActor pid=788274)[0m         
[36m(ClientAppActor pid=788274)[0m [93mWARNING [0m:   DEPRECATED FEATURE: `client_fn` now expects a signature `def client_fn(context: Context)`.The provided `client_fn` has signature: {'cid': <Parameter "cid: str">}. You can import the `Context` like this: `from flwr.app import Context`[32m [repeated 10x across cluster][0m
[36m(ClientAppActor pid=788274)[0m             This is a deprecated feature. It will be removed[32m [repeated 10x across cluster][0m
[36m(ClientAppActor pid=788274)[0m             entirely in future versions of Flower.[32m [repeated 10x across cluster][0m
[36m(ClientAppActor pid=788273)[0m 
[36m(ClientAppActor pid=788273)[0m         
[36m(ClientAppActor pid=788271)[0m 
[36m(ClientAppActor pid=788271)[0m         
[36m(ClientAppActor pid=788270)[0m 
[36m(ClientAppActor pid=788270)[0m         
[36m(ClientAppActor pid=788272)[0m 
[36m(ClientAppActor pid=788272)[0m         
[92mINFO [0m:      aggregate_evaluate: received 5 results and 0 failures
[92mINFO [0m:      
[92mINFO [0m:      [SUMMARY]
[92mINFO [0m:      Run finished 10 round(s) in 180.66s
[92mINFO [0m:      	History (loss, distributed):
[92mINFO [0m:      		round 1: 2.2625368943995943
[92mINFO [0m:      		round 2: 1.5051718083099768
[92mINFO [0m:      		round 3: 0.8914328344659803
[92mINFO [0m:      		round 4: 0.7238279469780906
[92mINFO [0m:      		round 5: 0.6703594333294847
[92mINFO [0m:      		round 6: 0.6385529573044348
[92mINFO [0m:      		round 7: 0.6153386134802639
[92mINFO [0m:      		round 8: 0.5851868194998897
[92mINFO [0m:      		round 9: 0.5909075277947129
[92mINFO [0m:      		round 10: 0.5823625593763221
[92mINFO [0m:      	History (loss, centralized):
[92mINFO [0m:      		round 0: 2.302816888809204
[92mINFO [0m:      		round 1: 2.2597995365142824
[92mINFO [0m:      		round 2: 1.4956591712951661
[92mINFO [0m:      		round 3: 0.8942927799224853
[92mINFO [0m:      		round 4: 0.727092227268219
[92mINFO [0m:      		round 5: 0.6717206541061401
[92mINFO [0m:      		round 6: 0.6379236248493194
[92mINFO [0m:      		round 7: 0.6248288508415222
[92mINFO [0m:      		round 8: 0.5881381884813309
[92mINFO [0m:      		round 9: 0.588476115512848
[92mINFO [0m:      		round 10: 0.5853001944065094
[92mINFO [0m:      	History (metrics, distributed, fit):
[92mINFO [0m:      	{'avg_flops_per_client_round': [(1, 8140805084160.0),
[92mINFO [0m:      	                                (2, 8140805084160.0),
[92mINFO [0m:      	                                (3, 8140805084160.0),
[92mINFO [0m:      	                                (4, 8140805084160.0),
[92mINFO [0m:      	                                (5, 8140805084160.0),
[92mINFO [0m:      	                                (6, 8140805084160.0),
[92mINFO [0m:      	                                (7, 8140805084160.0),
[92mINFO [0m:      	                                (8, 8140805084160.0),
[92mINFO [0m:      	                                (9, 8140805084160.0),
[92mINFO [0m:      	                                (10, 8140805084160.0)],
[92mINFO [0m:      	 'total_flops_round': [(1, 40704025420800),
[92mINFO [0m:      	                       (2, 40704025420800),
[92mINFO [0m:      	                       (3, 40704025420800),
[92mINFO [0m:      	                       (4, 40704025420800),
[92mINFO [0m:      	                       (5, 40704025420800),
[92mINFO [0m:      	                       (6, 40704025420800),
[92mINFO [0m:      	                       (7, 40704025420800),
[92mINFO [0m:      	                       (8, 40704025420800),
[92mINFO [0m:      	                       (9, 40704025420800),
[92mINFO [0m:      	                       (10, 40704025420800)]}
[92mINFO [0m:      	History (metrics, distributed, evaluate):
[92mINFO [0m:      	{'accuracy': [(1, 0.16569941965179108),
[92mINFO [0m:      	              (2, 0.529717830698419),
[92mINFO [0m:      	              (3, 0.698018811286772),
[92mINFO [0m:      	              (4, 0.7426455873524115),
[92mINFO [0m:      	              (5, 0.7690614368621173),
[92mINFO [0m:      	              (6, 0.7824694816890134),
[92mINFO [0m:      	              (7, 0.796277766659996),
[92mINFO [0m:      	              (8, 0.8126876125675405),
[92mINFO [0m:      	              (9, 0.8142885731438864),
[92mINFO [0m:      	              (10, 0.8186912147288373)],
[92mINFO [0m:      	 'loss': [(1, 2.2625368943995943),
[92mINFO [0m:      	          (2, 1.5051718083099768),
[92mINFO [0m:      	          (3, 0.8914328344659803),
[92mINFO [0m:      	          (4, 0.7238279469780906),
[92mINFO [0m:      	          (5, 0.6703594333294847),
[92mINFO [0m:      	          (6, 0.6385529573044348),
[92mINFO [0m:      	          (7, 0.6153386134802639),
[92mINFO [0m:      	          (8, 0.5851868194998897),
[92mINFO [0m:      	          (9, 0.5909075277947129),
[92mINFO [0m:      	          (10, 0.5823625593763221)]}
[92mINFO [0m:      	History (metrics, centralized):
[92mINFO [0m:      	{'accuracy': [(0, 0.1),
[92mINFO [0m:      	              (1, 0.1711),
[92mINFO [0m:      	              (2, 0.5352),
[92mINFO [0m:      	              (3, 0.7025),
[92mINFO [0m:      	              (4, 0.7466),
[92mINFO [0m:      	              (5, 0.7697),
[92mINFO [0m:      	              (6, 0.788),
[92mINFO [0m:      	              (7, 0.7951),
[92mINFO [0m:      	              (8, 0.8052),
[92mINFO [0m:      	              (9, 0.8122),
[92mINFO [0m:      	              (10, 0.8164)],
[92mINFO [0m:      	 'loss': [(0, 2.302816888809204),
[92mINFO [0m:      	          (1, 2.2597995365142824),
[92mINFO [0m:      	          (2, 1.4956591712951661),
[92mINFO [0m:      	          (3, 0.8942927799224853),
[92mINFO [0m:      	          (4, 0.727092227268219),
[92mINFO [0m:      	          (5, 0.6717206541061401),
[92mINFO [0m:      	          (6, 0.6379236248493194),
[92mINFO [0m:      	          (7, 0.6248288508415222),
[92mINFO [0m:      	          (8, 0.5881381884813309),
[92mINFO [0m:      	          (9, 0.588476115512848),
[92mINFO [0m:      	          (10, 0.5853001944065094)]}
[92mINFO [0m:      
Treinando no dispositivo: cuda:0 com o dataset: CIFAR10 | Setup clientes: 5 (num_gpus por cliente=0.2) | SEED=50 | Método: FedProx (mu=0.01)
FLOPS por amostra (forward): 6.030e+07 | (forward+backward, 3x): 1.809e+08
Files already downloaded and verified
Files already downloaded and verified
Dividindo o dataset usando a distribuição de Dirichlet com alpha=1.0.
Iniciando a simulação de Aprendizado Federado...
=== Diagnóstico de Medição de GPU ===
  pynvml_disponivel: True
  pynvml_versao: 580.173.02
  gpus_detectadas: 1
  leitura_potencia_ok: True
  potencia_atual_W: 115.124

--- Rodada 0 - Avaliação Centralizada (Servidor) ---
Loss (Servidor): 2.3028 | Acurácia (Servidor): 0.1000

--- Rodada 1 - Avaliação Centralizada (Servidor) ---
Loss (Servidor): 2.2598 | Acurácia (Servidor): 0.1711
--- Avaliação Agregada (Clientes) ---
Loss Média (Clientes): 2.2625 | Acurácia Média (Clientes): 0.1657

--- Rodada 2 - Avaliação Centralizada (Servidor) ---
Loss (Servidor): 1.4957 | Acurácia (Servidor): 0.5352
--- Avaliação Agregada (Clientes) ---
Loss Média (Clientes): 1.5052 | Acurácia Média (Clientes): 0.5297

--- Rodada 3 - Avaliação Centralizada (Servidor) ---
Loss (Servidor): 0.8943 | Acurácia (Servidor): 0.7025
--- Avaliação Agregada (Clientes) ---
Loss Média (Clientes): 0.8914 | Acurácia Média (Clientes): 0.6980

--- Rodada 4 - Avaliação Centralizada (Servidor) ---
Loss (Servidor): 0.7271 | Acurácia (Servidor): 0.7466
--- Avaliação Agregada (Clientes) ---
Loss Média (Clientes): 0.7238 | Acurácia Média (Clientes): 0.7426

--- Rodada 5 - Avaliação Centralizada (Servidor) ---
Loss (Servidor): 0.6717 | Acurácia (Servidor): 0.7697
--- Avaliação Agregada (Clientes) ---
Loss Média (Clientes): 0.6704 | Acurácia Média (Clientes): 0.7691

--- Rodada 6 - Avaliação Centralizada (Servidor) ---
Loss (Servidor): 0.6379 | Acurácia (Servidor): 0.7880
--- Avaliação Agregada (Clientes) ---
Loss Média (Clientes): 0.6386 | Acurácia Média (Clientes): 0.7825

--- Rodada 7 - Avaliação Centralizada (Servidor) ---
Loss (Servidor): 0.6248 | Acurácia (Servidor): 0.7951
--- Avaliação Agregada (Clientes) ---
Loss Média (Clientes): 0.6153 | Acurácia Média (Clientes): 0.7963

--- Rodada 8 - Avaliação Centralizada (Servidor) ---
Loss (Servidor): 0.5881 | Acurácia (Servidor): 0.8052
--- Avaliação Agregada (Clientes) ---
Loss Média (Clientes): 0.5852 | Acurácia Média (Clientes): 0.8127

--- Rodada 9 - Avaliação Centralizada (Servidor) ---
Loss (Servidor): 0.5885 | Acurácia (Servidor): 0.8122
--- Avaliação Agregada (Clientes) ---
Loss Média (Clientes): 0.5909 | Acurácia Média (Clientes): 0.8143

--- Rodada 10 - Avaliação Centralizada (Servidor) ---
Loss (Servidor): 0.5853 | Acurácia (Servidor): 0.8164
--- Avaliação Agregada (Clientes) ---
Loss Média (Clientes): 0.5824 | Acurácia Média (Clientes): 0.8187

Resultados salvos em: /home/tiago/GitHubProjects/fedhad-thesis-2/FedProx-results/1.1_diagnostico_drift/CIFAR10/FedProx__CIFAR10__Setup-5__Clients-5__Rounds-10__Delay-0_05__Alpha-1_0__Seed-50.txt
[36m(ClientAppActor pid=788272)[0m [93mWARNING [0m:   DEPRECATED FEATURE: `client_fn` now expects a signature `def client_fn(context: Context)`.The provided `client_fn` has signature: {'cid': <Parameter "cid: str">}. You can import the `Context` like this: `from flwr.app import Context`[32m [repeated 4x across cluster][0m
[36m(ClientAppActor pid=788272)[0m             This is a deprecated feature. It will be removed[32m [repeated 4x across cluster][0m
[36m(ClientAppActor pid=788272)[0m             entirely in future versions of Flower.[32m [repeated 4x across cluster][0m
