[codecarbon WARNING @ 15:28:06] Multiple instances of codecarbon are allowed to run at the same time.
[93mWARNING [0m:   DEPRECATED FEATURE: flwr.simulation.start_simulation() is deprecated.
	Instead, use the `flwr run` CLI command to start a local simulation in your Flower app, as shown for example below:

		$ flwr new  # Create a new Flower app from a template

		$ flwr run  # Run the Flower app in Simulation Mode

	Using `start_simulation()` is deprecated.

            This is a deprecated feature. It will be removed
            entirely in future versions of Flower.
        
[92mINFO [0m:      Starting Flower simulation, config: num_rounds=10, no round_timeout
2026-09-04 15:28:14,571	INFO worker.py:2012 -- Started a local Ray instance.
/home/tiago/GitHubProjects/fedhad-thesis-2/env_flwr_pt/lib/python3.12/site-packages/ray/_private/worker.py:2051: FutureWarning: Tip: In future versions of Ray, Ray will no longer override accelerator visible devices env var if num_gpus=0 or num_gpus=None (default). To enable this behavior and turn off this error message, set RAY_ACCEL_ENV_VAR_OVERRIDE_ON_ZERO=0
  warnings.warn(
[92mINFO [0m:      Flower VCE: Ray initialized with resources: {'CPU': 64.0, 'GPU': 1.0, 'memory': 180889537741.0, 'object_store_memory': 77524087603.0, 'node:10.129.64.100': 1.0, 'accelerator_type:A40': 1.0, 'node:__internal_head__': 1.0}
[92mINFO [0m:      Optimize your simulation with Flower VCE: https://flower.ai/docs/framework/how-to-run-simulations.html
/home/tiago/GitHubProjects/fedhad-thesis-2/FedProx_Final.py:1601: UserWarning: No `num_cpus` specified in `client_resources`. Using `num_cpus=1` for each client.
  history = fl.simulation.start_simulation(
[92mINFO [0m:      Flower VCE: Resources for each Virtual Client: {'num_gpus': 0.2, 'num_cpus': 1}
[92mINFO [0m:      Flower VCE: Creating VirtualClientEngineActorPool with 5 actors
[92mINFO [0m:      [INIT]
[92mINFO [0m:      Requesting initial parameters from one random client
[36m(ClientAppActor pid=874670)[0m [93mWARNING [0m:   DEPRECATED FEATURE: `client_fn` now expects a signature `def client_fn(context: Context)`.The provided `client_fn` has signature: {'cid': <Parameter "cid: str">}. You can import the `Context` like this: `from flwr.app import Context`
[36m(ClientAppActor pid=874670)[0m 
[36m(ClientAppActor pid=874670)[0m             This is a deprecated feature. It will be removed
[36m(ClientAppActor pid=874670)[0m             entirely in future versions of Flower.
[36m(ClientAppActor pid=874670)[0m         
[92mINFO [0m:      Received initial parameters from one random client
[92mINFO [0m:      Starting evaluation of initial global parameters
[92mINFO [0m:      initial parameters (loss, other metrics): 2.303194853973389, {'accuracy': 0.1024, 'loss': 2.303194853973389}
[92mINFO [0m:      
[92mINFO [0m:      [ROUND 1]
[92mINFO [0m:      configure_fit: strategy sampled 5 clients (out of 5)
[36m(ClientAppActor pid=874670)[0m [93mWARNING [0m:   DEPRECATED FEATURE: `client_fn` now expects a signature `def client_fn(context: Context)`.The provided `client_fn` has signature: {'cid': <Parameter "cid: str">}. You can import the `Context` like this: `from flwr.app import Context`
[36m(ClientAppActor pid=874670)[0m 
[36m(ClientAppActor pid=874670)[0m             This is a deprecated feature. It will be removed
[36m(ClientAppActor pid=874670)[0m             entirely in future versions of Flower.
[36m(ClientAppActor pid=874670)[0m         
[36m(ClientAppActor pid=874671)[0m 
[36m(ClientAppActor pid=874671)[0m         
[36m(ClientAppActor pid=874669)[0m 
[36m(ClientAppActor pid=874669)[0m         
[36m(ClientAppActor pid=874668)[0m 
[36m(ClientAppActor pid=874668)[0m         
[36m(ClientAppActor pid=874667)[0m 
[36m(ClientAppActor pid=874667)[0m         
[92mINFO [0m:      aggregate_fit: received 5 results and 0 failures
[92mINFO [0m:      fit progress: (1, 2.16598567237854, {'accuracy': 0.1515, 'loss': 2.16598567237854}, 26.471574597992003)
[92mINFO [0m:      configure_evaluate: strategy sampled 5 clients (out of 5)
[36m(ClientAppActor pid=874668)[0m 
[36m(ClientAppActor pid=874668)[0m         
[36m(ClientAppActor pid=874668)[0m [93mWARNING [0m:   DEPRECATED FEATURE: `client_fn` now expects a signature `def client_fn(context: Context)`.The provided `client_fn` has signature: {'cid': <Parameter "cid: str">}. You can import the `Context` like this: `from flwr.app import Context`[32m [repeated 5x across cluster] (Ray deduplicates logs by default. Set RAY_DEDUP_LOGS=0 to disable log deduplication, or see https://docs.ray.io/en/master/ray-observability/user-guides/configure-logging.html#log-deduplication for more options.)[0m
[36m(ClientAppActor pid=874668)[0m             This is a deprecated feature. It will be removed[32m [repeated 5x across cluster][0m
[36m(ClientAppActor pid=874668)[0m             entirely in future versions of Flower.[32m [repeated 5x across cluster][0m
[36m(ClientAppActor pid=874667)[0m 
[36m(ClientAppActor pid=874667)[0m         
[36m(ClientAppActor pid=874671)[0m 
[36m(ClientAppActor pid=874671)[0m         
[36m(ClientAppActor pid=874669)[0m 
[36m(ClientAppActor pid=874669)[0m         
[36m(ClientAppActor pid=874670)[0m 
[36m(ClientAppActor pid=874670)[0m         
[92mINFO [0m:      aggregate_evaluate: received 5 results and 0 failures
[92mINFO [0m:      
[92mINFO [0m:      [ROUND 2]
[92mINFO [0m:      configure_fit: strategy sampled 5 clients (out of 5)
[36m(ClientAppActor pid=874670)[0m 
[36m(ClientAppActor pid=874670)[0m         
[36m(ClientAppActor pid=874669)[0m 
[36m(ClientAppActor pid=874669)[0m         
[36m(ClientAppActor pid=874667)[0m 
[36m(ClientAppActor pid=874667)[0m         
[36m(ClientAppActor pid=874671)[0m 
[36m(ClientAppActor pid=874671)[0m         
[36m(ClientAppActor pid=874668)[0m 
[36m(ClientAppActor pid=874668)[0m         
[92mINFO [0m:      aggregate_fit: received 5 results and 0 failures
[92mINFO [0m:      fit progress: (2, 1.638019072341919, {'accuracy': 0.4307, 'loss': 1.638019072341919}, 52.05352703400422)
[92mINFO [0m:      configure_evaluate: strategy sampled 5 clients (out of 5)
[36m(ClientAppActor pid=874667)[0m 
[36m(ClientAppActor pid=874667)[0m         
[36m(ClientAppActor pid=874667)[0m [93mWARNING [0m:   DEPRECATED FEATURE: `client_fn` now expects a signature `def client_fn(context: Context)`.The provided `client_fn` has signature: {'cid': <Parameter "cid: str">}. You can import the `Context` like this: `from flwr.app import Context`[32m [repeated 10x across cluster][0m
[36m(ClientAppActor pid=874667)[0m             This is a deprecated feature. It will be removed[32m [repeated 10x across cluster][0m
[36m(ClientAppActor pid=874667)[0m             entirely in future versions of Flower.[32m [repeated 10x across cluster][0m
[36m(ClientAppActor pid=874668)[0m 
[36m(ClientAppActor pid=874668)[0m         
[36m(ClientAppActor pid=874671)[0m 
[36m(ClientAppActor pid=874671)[0m         
[36m(ClientAppActor pid=874670)[0m 
[36m(ClientAppActor pid=874670)[0m         
[36m(ClientAppActor pid=874669)[0m 
[36m(ClientAppActor pid=874669)[0m         
[92mINFO [0m:      aggregate_evaluate: received 5 results and 0 failures
[92mINFO [0m:      
[92mINFO [0m:      [ROUND 3]
[92mINFO [0m:      configure_fit: strategy sampled 5 clients (out of 5)
[36m(ClientAppActor pid=874670)[0m 
[36m(ClientAppActor pid=874670)[0m         
[36m(ClientAppActor pid=874669)[0m 
[36m(ClientAppActor pid=874669)[0m         
[36m(ClientAppActor pid=874671)[0m 
[36m(ClientAppActor pid=874671)[0m         
[36m(ClientAppActor pid=874668)[0m 
[36m(ClientAppActor pid=874668)[0m         
[36m(ClientAppActor pid=874667)[0m 
[36m(ClientAppActor pid=874667)[0m         
[92mINFO [0m:      aggregate_fit: received 5 results and 0 failures
[92mINFO [0m:      fit progress: (3, 1.4238701803207396, {'accuracy': 0.5315, 'loss': 1.4238701803207396}, 76.99917929503135)
[92mINFO [0m:      configure_evaluate: strategy sampled 5 clients (out of 5)
[36m(ClientAppActor pid=874670)[0m 
[36m(ClientAppActor pid=874670)[0m         
[36m(ClientAppActor pid=874670)[0m [93mWARNING [0m:   DEPRECATED FEATURE: `client_fn` now expects a signature `def client_fn(context: Context)`.The provided `client_fn` has signature: {'cid': <Parameter "cid: str">}. You can import the `Context` like this: `from flwr.app import Context`[32m [repeated 10x across cluster][0m
[36m(ClientAppActor pid=874670)[0m             This is a deprecated feature. It will be removed[32m [repeated 10x across cluster][0m
[36m(ClientAppActor pid=874670)[0m             entirely in future versions of Flower.[32m [repeated 10x across cluster][0m
[36m(ClientAppActor pid=874667)[0m 
[36m(ClientAppActor pid=874667)[0m         
[36m(ClientAppActor pid=874669)[0m 
[36m(ClientAppActor pid=874669)[0m         
[36m(ClientAppActor pid=874668)[0m 
[36m(ClientAppActor pid=874668)[0m         
[36m(ClientAppActor pid=874671)[0m 
[36m(ClientAppActor pid=874671)[0m         
[92mINFO [0m:      aggregate_evaluate: received 5 results and 0 failures
[92mINFO [0m:      
[92mINFO [0m:      [ROUND 4]
[92mINFO [0m:      configure_fit: strategy sampled 5 clients (out of 5)
[36m(ClientAppActor pid=874671)[0m 
[36m(ClientAppActor pid=874671)[0m         
[36m(ClientAppActor pid=874669)[0m 
[36m(ClientAppActor pid=874669)[0m         
[36m(ClientAppActor pid=874668)[0m 
[36m(ClientAppActor pid=874668)[0m         
[36m(ClientAppActor pid=874667)[0m 
[36m(ClientAppActor pid=874667)[0m         
[36m(ClientAppActor pid=874670)[0m 
[36m(ClientAppActor pid=874670)[0m         
[92mINFO [0m:      aggregate_fit: received 5 results and 0 failures
[92mINFO [0m:      fit progress: (4, 1.2477130174636841, {'accuracy': 0.5832, 'loss': 1.2477130174636841}, 102.29650783300167)
[92mINFO [0m:      configure_evaluate: strategy sampled 5 clients (out of 5)
[36m(ClientAppActor pid=874670)[0m 
[36m(ClientAppActor pid=874670)[0m         
[36m(ClientAppActor pid=874670)[0m [93mWARNING [0m:   DEPRECATED FEATURE: `client_fn` now expects a signature `def client_fn(context: Context)`.The provided `client_fn` has signature: {'cid': <Parameter "cid: str">}. You can import the `Context` like this: `from flwr.app import Context`[32m [repeated 10x across cluster][0m
[36m(ClientAppActor pid=874670)[0m             This is a deprecated feature. It will be removed[32m [repeated 10x across cluster][0m
[36m(ClientAppActor pid=874670)[0m             entirely in future versions of Flower.[32m [repeated 10x across cluster][0m
[36m(ClientAppActor pid=874671)[0m 
[36m(ClientAppActor pid=874671)[0m         
[36m(ClientAppActor pid=874667)[0m 
[36m(ClientAppActor pid=874667)[0m         
[36m(ClientAppActor pid=874668)[0m 
[36m(ClientAppActor pid=874668)[0m         
[36m(ClientAppActor pid=874669)[0m 
[36m(ClientAppActor pid=874669)[0m         
[92mINFO [0m:      aggregate_evaluate: received 5 results and 0 failures
[92mINFO [0m:      
[92mINFO [0m:      [ROUND 5]
[92mINFO [0m:      configure_fit: strategy sampled 5 clients (out of 5)
[36m(ClientAppActor pid=874669)[0m 
[36m(ClientAppActor pid=874669)[0m         
[36m(ClientAppActor pid=874668)[0m 
[36m(ClientAppActor pid=874668)[0m         
[36m(ClientAppActor pid=874671)[0m 
[36m(ClientAppActor pid=874671)[0m         
[36m(ClientAppActor pid=874667)[0m 
[36m(ClientAppActor pid=874667)[0m         
[36m(ClientAppActor pid=874670)[0m 
[36m(ClientAppActor pid=874670)[0m         
[92mINFO [0m:      aggregate_fit: received 5 results and 0 failures
[92mINFO [0m:      fit progress: (5, 1.1600546825408935, {'accuracy': 0.6181, 'loss': 1.1600546825408935}, 127.5700497640064)
[92mINFO [0m:      configure_evaluate: strategy sampled 5 clients (out of 5)
[36m(ClientAppActor pid=874668)[0m 
[36m(ClientAppActor pid=874668)[0m         
[36m(ClientAppActor pid=874668)[0m [93mWARNING [0m:   DEPRECATED FEATURE: `client_fn` now expects a signature `def client_fn(context: Context)`.The provided `client_fn` has signature: {'cid': <Parameter "cid: str">}. You can import the `Context` like this: `from flwr.app import Context`[32m [repeated 10x across cluster][0m
[36m(ClientAppActor pid=874668)[0m             This is a deprecated feature. It will be removed[32m [repeated 10x across cluster][0m
[36m(ClientAppActor pid=874668)[0m             entirely in future versions of Flower.[32m [repeated 10x across cluster][0m
[36m(ClientAppActor pid=874667)[0m 
[36m(ClientAppActor pid=874667)[0m         
[36m(ClientAppActor pid=874669)[0m 
[36m(ClientAppActor pid=874669)[0m         
[36m(ClientAppActor pid=874671)[0m 
[36m(ClientAppActor pid=874671)[0m         
[36m(ClientAppActor pid=874670)[0m 
[36m(ClientAppActor pid=874670)[0m         
[92mINFO [0m:      aggregate_evaluate: received 5 results and 0 failures
[92mINFO [0m:      
[92mINFO [0m:      [ROUND 6]
[92mINFO [0m:      configure_fit: strategy sampled 5 clients (out of 5)
[36m(ClientAppActor pid=874671)[0m 
[36m(ClientAppActor pid=874671)[0m         
[36m(ClientAppActor pid=874670)[0m 
[36m(ClientAppActor pid=874670)[0m         
[36m(ClientAppActor pid=874669)[0m 
[36m(ClientAppActor pid=874669)[0m         
[36m(ClientAppActor pid=874667)[0m 
[36m(ClientAppActor pid=874667)[0m         
[36m(ClientAppActor pid=874668)[0m 
[36m(ClientAppActor pid=874668)[0m         
[92mINFO [0m:      aggregate_fit: received 5 results and 0 failures
[92mINFO [0m:      fit progress: (6, 1.1481930930137634, {'accuracy': 0.6358, 'loss': 1.1481930930137634}, 152.98370833002264)
[92mINFO [0m:      configure_evaluate: strategy sampled 5 clients (out of 5)
[36m(ClientAppActor pid=874668)[0m 
[36m(ClientAppActor pid=874668)[0m         
[36m(ClientAppActor pid=874668)[0m [93mWARNING [0m:   DEPRECATED FEATURE: `client_fn` now expects a signature `def client_fn(context: Context)`.The provided `client_fn` has signature: {'cid': <Parameter "cid: str">}. You can import the `Context` like this: `from flwr.app import Context`[32m [repeated 10x across cluster][0m
[36m(ClientAppActor pid=874668)[0m             This is a deprecated feature. It will be removed[32m [repeated 10x across cluster][0m
[36m(ClientAppActor pid=874668)[0m             entirely in future versions of Flower.[32m [repeated 10x across cluster][0m
[36m(ClientAppActor pid=874667)[0m 
[36m(ClientAppActor pid=874667)[0m         
[36m(ClientAppActor pid=874669)[0m 
[36m(ClientAppActor pid=874669)[0m         
[36m(ClientAppActor pid=874671)[0m 
[36m(ClientAppActor pid=874671)[0m         
[36m(ClientAppActor pid=874670)[0m 
[36m(ClientAppActor pid=874670)[0m         
[92mINFO [0m:      aggregate_evaluate: received 5 results and 0 failures
[92mINFO [0m:      
[92mINFO [0m:      [ROUND 7]
[92mINFO [0m:      configure_fit: strategy sampled 5 clients (out of 5)
[36m(ClientAppActor pid=874670)[0m 
[36m(ClientAppActor pid=874670)[0m         
[36m(ClientAppActor pid=874671)[0m 
[36m(ClientAppActor pid=874671)[0m         
[36m(ClientAppActor pid=874669)[0m 
[36m(ClientAppActor pid=874669)[0m         
[36m(ClientAppActor pid=874667)[0m 
[36m(ClientAppActor pid=874667)[0m         
[36m(ClientAppActor pid=874668)[0m 
[36m(ClientAppActor pid=874668)[0m         
[92mINFO [0m:      aggregate_fit: received 5 results and 0 failures
[92mINFO [0m:      fit progress: (7, 1.1201931434631347, {'accuracy': 0.6585, 'loss': 1.1201931434631347}, 178.2907021450228)
[92mINFO [0m:      configure_evaluate: strategy sampled 5 clients (out of 5)
[36m(ClientAppActor pid=874670)[0m 
[36m(ClientAppActor pid=874670)[0m         
[36m(ClientAppActor pid=874670)[0m [93mWARNING [0m:   DEPRECATED FEATURE: `client_fn` now expects a signature `def client_fn(context: Context)`.The provided `client_fn` has signature: {'cid': <Parameter "cid: str">}. You can import the `Context` like this: `from flwr.app import Context`[32m [repeated 10x across cluster][0m
[36m(ClientAppActor pid=874670)[0m             This is a deprecated feature. It will be removed[32m [repeated 10x across cluster][0m
[36m(ClientAppActor pid=874670)[0m             entirely in future versions of Flower.[32m [repeated 10x across cluster][0m
[36m(ClientAppActor pid=874671)[0m 
[36m(ClientAppActor pid=874671)[0m         
[36m(ClientAppActor pid=874667)[0m 
[36m(ClientAppActor pid=874667)[0m         
[36m(ClientAppActor pid=874669)[0m 
[36m(ClientAppActor pid=874669)[0m         
[36m(ClientAppActor pid=874668)[0m 
[36m(ClientAppActor pid=874668)[0m         
[92mINFO [0m:      aggregate_evaluate: received 5 results and 0 failures
[92mINFO [0m:      
[92mINFO [0m:      [ROUND 8]
[92mINFO [0m:      configure_fit: strategy sampled 5 clients (out of 5)
[36m(ClientAppActor pid=874668)[0m 
[36m(ClientAppActor pid=874668)[0m         
[36m(ClientAppActor pid=874667)[0m 
[36m(ClientAppActor pid=874667)[0m         
[36m(ClientAppActor pid=874669)[0m 
[36m(ClientAppActor pid=874669)[0m         
[36m(ClientAppActor pid=874670)[0m 
[36m(ClientAppActor pid=874670)[0m         
[36m(ClientAppActor pid=874671)[0m 
[36m(ClientAppActor pid=874671)[0m         
[92mINFO [0m:      aggregate_fit: received 5 results and 0 failures
[92mINFO [0m:      fit progress: (8, 1.0381962225914, {'accuracy': 0.6849, 'loss': 1.0381962225914}, 203.61447597900406)
[92mINFO [0m:      configure_evaluate: strategy sampled 5 clients (out of 5)
[36m(ClientAppActor pid=874670)[0m 
[36m(ClientAppActor pid=874670)[0m         
[36m(ClientAppActor pid=874670)[0m [93mWARNING [0m:   DEPRECATED FEATURE: `client_fn` now expects a signature `def client_fn(context: Context)`.The provided `client_fn` has signature: {'cid': <Parameter "cid: str">}. You can import the `Context` like this: `from flwr.app import Context`[32m [repeated 10x across cluster][0m
[36m(ClientAppActor pid=874670)[0m             This is a deprecated feature. It will be removed[32m [repeated 10x across cluster][0m
[36m(ClientAppActor pid=874670)[0m             entirely in future versions of Flower.[32m [repeated 10x across cluster][0m
[36m(ClientAppActor pid=874667)[0m 
[36m(ClientAppActor pid=874667)[0m         
[36m(ClientAppActor pid=874671)[0m 
[36m(ClientAppActor pid=874671)[0m         
[36m(ClientAppActor pid=874669)[0m 
[36m(ClientAppActor pid=874669)[0m         
[36m(ClientAppActor pid=874668)[0m 
[36m(ClientAppActor pid=874668)[0m         
[92mINFO [0m:      aggregate_evaluate: received 5 results and 0 failures
[92mINFO [0m:      
[92mINFO [0m:      [ROUND 9]
[92mINFO [0m:      configure_fit: strategy sampled 5 clients (out of 5)
[36m(ClientAppActor pid=874669)[0m 
[36m(ClientAppActor pid=874669)[0m         
[36m(ClientAppActor pid=874668)[0m 
[36m(ClientAppActor pid=874668)[0m         
[36m(ClientAppActor pid=874671)[0m 
[36m(ClientAppActor pid=874671)[0m         
[36m(ClientAppActor pid=874667)[0m 
[36m(ClientAppActor pid=874667)[0m         
[36m(ClientAppActor pid=874670)[0m 
[36m(ClientAppActor pid=874670)[0m         
[92mINFO [0m:      aggregate_fit: received 5 results and 0 failures
[92mINFO [0m:      fit progress: (9, 0.9337691579818725, {'accuracy': 0.7152, 'loss': 0.9337691579818725}, 229.24213940202026)
[92mINFO [0m:      configure_evaluate: strategy sampled 5 clients (out of 5)
[36m(ClientAppActor pid=874670)[0m 
[36m(ClientAppActor pid=874670)[0m         
[36m(ClientAppActor pid=874670)[0m [93mWARNING [0m:   DEPRECATED FEATURE: `client_fn` now expects a signature `def client_fn(context: Context)`.The provided `client_fn` has signature: {'cid': <Parameter "cid: str">}. You can import the `Context` like this: `from flwr.app import Context`[32m [repeated 10x across cluster][0m
[36m(ClientAppActor pid=874670)[0m             This is a deprecated feature. It will be removed[32m [repeated 10x across cluster][0m
[36m(ClientAppActor pid=874670)[0m             entirely in future versions of Flower.[32m [repeated 10x across cluster][0m
[36m(ClientAppActor pid=874667)[0m 
[36m(ClientAppActor pid=874667)[0m         
[36m(ClientAppActor pid=874669)[0m 
[36m(ClientAppActor pid=874669)[0m         
[36m(ClientAppActor pid=874671)[0m 
[36m(ClientAppActor pid=874671)[0m         
[36m(ClientAppActor pid=874668)[0m 
[36m(ClientAppActor pid=874668)[0m         
[92mINFO [0m:      aggregate_evaluate: received 5 results and 0 failures
[92mINFO [0m:      
[92mINFO [0m:      [ROUND 10]
[92mINFO [0m:      configure_fit: strategy sampled 5 clients (out of 5)
[36m(ClientAppActor pid=874671)[0m 
[36m(ClientAppActor pid=874671)[0m         
[36m(ClientAppActor pid=874668)[0m 
[36m(ClientAppActor pid=874668)[0m         
[36m(ClientAppActor pid=874669)[0m 
[36m(ClientAppActor pid=874669)[0m         
[36m(ClientAppActor pid=874667)[0m 
[36m(ClientAppActor pid=874667)[0m         
[36m(ClientAppActor pid=874670)[0m 
[36m(ClientAppActor pid=874670)[0m         
[92mINFO [0m:      aggregate_fit: received 5 results and 0 failures
[92mINFO [0m:      fit progress: (10, 0.9136623492240906, {'accuracy': 0.725, 'loss': 0.9136623492240906}, 255.012882620038)
[92mINFO [0m:      configure_evaluate: strategy sampled 5 clients (out of 5)
[36m(ClientAppActor pid=874667)[0m 
[36m(ClientAppActor pid=874667)[0m         
[36m(ClientAppActor pid=874667)[0m [93mWARNING [0m:   DEPRECATED FEATURE: `client_fn` now expects a signature `def client_fn(context: Context)`.The provided `client_fn` has signature: {'cid': <Parameter "cid: str">}. You can import the `Context` like this: `from flwr.app import Context`[32m [repeated 10x across cluster][0m
[36m(ClientAppActor pid=874667)[0m             This is a deprecated feature. It will be removed[32m [repeated 10x across cluster][0m
[36m(ClientAppActor pid=874667)[0m             entirely in future versions of Flower.[32m [repeated 10x across cluster][0m
[36m(ClientAppActor pid=874671)[0m 
[36m(ClientAppActor pid=874671)[0m         
[36m(ClientAppActor pid=874668)[0m 
[36m(ClientAppActor pid=874668)[0m         
[36m(ClientAppActor pid=874670)[0m 
[36m(ClientAppActor pid=874670)[0m         
[36m(ClientAppActor pid=874669)[0m 
[36m(ClientAppActor pid=874669)[0m         
[92mINFO [0m:      aggregate_evaluate: received 5 results and 0 failures
[92mINFO [0m:      
[92mINFO [0m:      [SUMMARY]
[92mINFO [0m:      Run finished 10 round(s) in 255.92s
[92mINFO [0m:      	History (loss, distributed):
[92mINFO [0m:      		round 1: 2.1654475656108234
[92mINFO [0m:      		round 2: 1.6247382814559266
[92mINFO [0m:      		round 3: 1.401652086799756
[92mINFO [0m:      		round 4: 1.2352304623941432
[92mINFO [0m:      		round 5: 1.16959816151818
[92mINFO [0m:      		round 6: 1.146349803254393
[92mINFO [0m:      		round 7: 1.1205983174212197
[92mINFO [0m:      		round 8: 1.0310574008723319
[92mINFO [0m:      		round 9: 0.9403709076048256
[92mINFO [0m:      		round 10: 0.914636380813922
[92mINFO [0m:      	History (loss, centralized):
[92mINFO [0m:      		round 0: 2.303194853973389
[92mINFO [0m:      		round 1: 2.16598567237854
[92mINFO [0m:      		round 2: 1.638019072341919
[92mINFO [0m:      		round 3: 1.4238701803207396
[92mINFO [0m:      		round 4: 1.2477130174636841
[92mINFO [0m:      		round 5: 1.1600546825408935
[92mINFO [0m:      		round 6: 1.1481930930137634
[92mINFO [0m:      		round 7: 1.1201931434631347
[92mINFO [0m:      		round 8: 1.0381962225914
[92mINFO [0m:      		round 9: 0.9337691579818725
[92mINFO [0m:      		round 10: 0.9136623492240906
[92mINFO [0m:      	History (metrics, distributed, fit):
[92mINFO [0m:      	{'avg_flops_per_client_round': [(1, 8140805084160.0),
[92mINFO [0m:      	                                (2, 8140805084160.0),
[92mINFO [0m:      	                                (3, 8140805084160.0),
[92mINFO [0m:      	                                (4, 8140805084160.0),
[92mINFO [0m:      	                                (5, 8140805084160.0),
[92mINFO [0m:      	                                (6, 8140805084160.0),
[92mINFO [0m:      	                                (7, 8140805084160.0),
[92mINFO [0m:      	                                (8, 8140805084160.0),
[92mINFO [0m:      	                                (9, 8140805084160.0),
[92mINFO [0m:      	                                (10, 8140805084160.0)],
[92mINFO [0m:      	 'total_flops_round': [(1, 40704025420800),
[92mINFO [0m:      	                       (2, 40704025420800),
[92mINFO [0m:      	                       (3, 40704025420800),
[92mINFO [0m:      	                       (4, 40704025420800),
[92mINFO [0m:      	                       (5, 40704025420800),
[92mINFO [0m:      	                       (6, 40704025420800),
[92mINFO [0m:      	                       (7, 40704025420800),
[92mINFO [0m:      	                       (8, 40704025420800),
[92mINFO [0m:      	                       (9, 40704025420800),
[92mINFO [0m:      	                       (10, 40704025420800)]}
[92mINFO [0m:      	History (metrics, distributed, evaluate):
[92mINFO [0m:      	{'accuracy': [(1, 0.15469281568941368),
[92mINFO [0m:      	              (2, 0.4414648789273564),
[92mINFO [0m:      	              (3, 0.5317190314188514),
[92mINFO [0m:      	              (4, 0.5793476085651391),
[92mINFO [0m:      	              (5, 0.6103662197318391),
[92mINFO [0m:      	              (6, 0.6287772663598159),
[92mINFO [0m:      	              (7, 0.654592755653392),
[92mINFO [0m:      	              (8, 0.683810286171703),
[92mINFO [0m:      	              (9, 0.7142285371222734),
[92mINFO [0m:      	              (10, 0.7246347808685211)],
[92mINFO [0m:      	 'loss': [(1, 2.1654475656108234),
[92mINFO [0m:      	          (2, 1.6247382814559266),
[92mINFO [0m:      	          (3, 1.401652086799756),
[92mINFO [0m:      	          (4, 1.2352304623941432),
[92mINFO [0m:      	          (5, 1.16959816151818),
[92mINFO [0m:      	          (6, 1.146349803254393),
[92mINFO [0m:      	          (7, 1.1205983174212197),
[92mINFO [0m:      	          (8, 1.0310574008723319),
[92mINFO [0m:      	          (9, 0.9403709076048256),
[92mINFO [0m:      	          (10, 0.914636380813922)]}
[92mINFO [0m:      	History (metrics, centralized):
[92mINFO [0m:      	{'accuracy': [(0, 0.1024),
[92mINFO [0m:      	              (1, 0.1515),
[92mINFO [0m:      	              (2, 0.4307),
[92mINFO [0m:      	              (3, 0.5315),
[92mINFO [0m:      	              (4, 0.5832),
[92mINFO [0m:      	              (5, 0.6181),
[92mINFO [0m:      	              (6, 0.6358),
[92mINFO [0m:      	              (7, 0.6585),
[92mINFO [0m:      	              (8, 0.6849),
[92mINFO [0m:      	              (9, 0.7152),
[92mINFO [0m:      	              (10, 0.725)],
[92mINFO [0m:      	 'loss': [(0, 2.303194853973389),
[92mINFO [0m:      	          (1, 2.16598567237854),
[92mINFO [0m:      	          (2, 1.638019072341919),
[92mINFO [0m:      	          (3, 1.4238701803207396),
[92mINFO [0m:      	          (4, 1.2477130174636841),
[92mINFO [0m:      	          (5, 1.1600546825408935),
[92mINFO [0m:      	          (6, 1.1481930930137634),
[92mINFO [0m:      	          (7, 1.1201931434631347),
[92mINFO [0m:      	          (8, 1.0381962225914),
[92mINFO [0m:      	          (9, 0.9337691579818725),
[92mINFO [0m:      	          (10, 0.9136623492240906)]}
[92mINFO [0m:      
Treinando no dispositivo: cuda:0 com o dataset: CIFAR10 | Setup clientes: 5 (num_gpus por cliente=0.2) | SEED=50 | Método: FedProx (mu=0.01)
FLOPS por amostra (forward): 6.030e+07 | (forward+backward, 3x): 1.809e+08
Files already downloaded and verified
Files already downloaded and verified
Dividindo o dataset usando a distribuição de Dirichlet com alpha=0.1.
Iniciando a simulação de Aprendizado Federado...
=== Diagnóstico de Medição de GPU ===
  pynvml_disponivel: True
  pynvml_versao: 580.173.02
  gpus_detectadas: 1
  leitura_potencia_ok: True
  potencia_atual_W: 115.479

--- Rodada 0 - Avaliação Centralizada (Servidor) ---
Loss (Servidor): 2.3032 | Acurácia (Servidor): 0.1024

--- Rodada 1 - Avaliação Centralizada (Servidor) ---
Loss (Servidor): 2.1660 | Acurácia (Servidor): 0.1515
--- Avaliação Agregada (Clientes) ---
Loss Média (Clientes): 2.1654 | Acurácia Média (Clientes): 0.1547

--- Rodada 2 - Avaliação Centralizada (Servidor) ---
Loss (Servidor): 1.6380 | Acurácia (Servidor): 0.4307
--- Avaliação Agregada (Clientes) ---
Loss Média (Clientes): 1.6247 | Acurácia Média (Clientes): 0.4415

--- Rodada 3 - Avaliação Centralizada (Servidor) ---
Loss (Servidor): 1.4239 | Acurácia (Servidor): 0.5315
--- Avaliação Agregada (Clientes) ---
Loss Média (Clientes): 1.4017 | Acurácia Média (Clientes): 0.5317

--- Rodada 4 - Avaliação Centralizada (Servidor) ---
Loss (Servidor): 1.2477 | Acurácia (Servidor): 0.5832
--- Avaliação Agregada (Clientes) ---
Loss Média (Clientes): 1.2352 | Acurácia Média (Clientes): 0.5793

--- Rodada 5 - Avaliação Centralizada (Servidor) ---
Loss (Servidor): 1.1601 | Acurácia (Servidor): 0.6181
--- Avaliação Agregada (Clientes) ---
Loss Média (Clientes): 1.1696 | Acurácia Média (Clientes): 0.6104

--- Rodada 6 - Avaliação Centralizada (Servidor) ---
Loss (Servidor): 1.1482 | Acurácia (Servidor): 0.6358
--- Avaliação Agregada (Clientes) ---
Loss Média (Clientes): 1.1463 | Acurácia Média (Clientes): 0.6288

--- Rodada 7 - Avaliação Centralizada (Servidor) ---
Loss (Servidor): 1.1202 | Acurácia (Servidor): 0.6585
--- Avaliação Agregada (Clientes) ---
Loss Média (Clientes): 1.1206 | Acurácia Média (Clientes): 0.6546

--- Rodada 8 - Avaliação Centralizada (Servidor) ---
Loss (Servidor): 1.0382 | Acurácia (Servidor): 0.6849
--- Avaliação Agregada (Clientes) ---
Loss Média (Clientes): 1.0311 | Acurácia Média (Clientes): 0.6838

--- Rodada 9 - Avaliação Centralizada (Servidor) ---
Loss (Servidor): 0.9338 | Acurácia (Servidor): 0.7152
--- Avaliação Agregada (Clientes) ---
Loss Média (Clientes): 0.9404 | Acurácia Média (Clientes): 0.7142

--- Rodada 10 - Avaliação Centralizada (Servidor) ---
Loss (Servidor): 0.9137 | Acurácia (Servidor): 0.7250
--- Avaliação Agregada (Clientes) ---
Loss Média (Clientes): 0.9146 | Acurácia Média (Clientes): 0.7246

Resultados salvos em: /home/tiago/GitHubProjects/fedhad-thesis-2/FedProx-results/1.1_diagnostico_drift/CIFAR10/FedProx__CIFAR10__Setup-5__Clients-5__Rounds-10__Delay-0_05__Alpha-0_1__Seed-50.txt
[36m(ClientAppActor pid=874669)[0m [93mWARNING [0m:   DEPRECATED FEATURE: `client_fn` now expects a signature `def client_fn(context: Context)`.The provided `client_fn` has signature: {'cid': <Parameter "cid: str">}. You can import the `Context` like this: `from flwr.app import Context`[32m [repeated 4x across cluster][0m
[36m(ClientAppActor pid=874669)[0m             This is a deprecated feature. It will be removed[32m [repeated 4x across cluster][0m
[36m(ClientAppActor pid=874669)[0m             entirely in future versions of Flower.[32m [repeated 4x across cluster][0m
