[codecarbon WARNING @ 15:00:51] Multiple instances of codecarbon are allowed to run at the same time.
[93mWARNING [0m:   DEPRECATED FEATURE: flwr.simulation.start_simulation() is deprecated.
	Instead, use the `flwr run` CLI command to start a local simulation in your Flower app, as shown for example below:

		$ flwr new  # Create a new Flower app from a template

		$ flwr run  # Run the Flower app in Simulation Mode

	Using `start_simulation()` is deprecated.

            This is a deprecated feature. It will be removed
            entirely in future versions of Flower.
        
[92mINFO [0m:      Starting Flower simulation, config: num_rounds=10, no round_timeout
2026-09-04 15:00:59,961	INFO worker.py:2012 -- Started a local Ray instance.
/home/tiago/GitHubProjects/fedhad-thesis-2/env_flwr_pt/lib/python3.12/site-packages/ray/_private/worker.py:2051: FutureWarning: Tip: In future versions of Ray, Ray will no longer override accelerator visible devices env var if num_gpus=0 or num_gpus=None (default). To enable this behavior and turn off this error message, set RAY_ACCEL_ENV_VAR_OVERRIDE_ON_ZERO=0
  warnings.warn(
[92mINFO [0m:      Flower VCE: Ray initialized with resources: {'object_store_memory': 77583532032.0, 'accelerator_type:A40': 1.0, 'node:__internal_head__': 1.0, 'memory': 181028241408.0, 'GPU': 1.0, 'CPU': 64.0, 'node:10.129.64.100': 1.0}
[92mINFO [0m:      Optimize your simulation with Flower VCE: https://flower.ai/docs/framework/how-to-run-simulations.html
/home/tiago/GitHubProjects/fedhad-thesis-2/FedProx_Final.py:1601: UserWarning: No `num_cpus` specified in `client_resources`. Using `num_cpus=1` for each client.
  history = fl.simulation.start_simulation(
[92mINFO [0m:      Flower VCE: Resources for each Virtual Client: {'num_gpus': 0.2, 'num_cpus': 1}
[92mINFO [0m:      Flower VCE: Creating VirtualClientEngineActorPool with 5 actors
[92mINFO [0m:      [INIT]
[92mINFO [0m:      Requesting initial parameters from one random client
[36m(ClientAppActor pid=814569)[0m [93mWARNING [0m:   DEPRECATED FEATURE: `client_fn` now expects a signature `def client_fn(context: Context)`.The provided `client_fn` has signature: {'cid': <Parameter "cid: str">}. You can import the `Context` like this: `from flwr.app import Context`
[36m(ClientAppActor pid=814569)[0m 
[36m(ClientAppActor pid=814569)[0m             This is a deprecated feature. It will be removed
[36m(ClientAppActor pid=814569)[0m             entirely in future versions of Flower.
[36m(ClientAppActor pid=814569)[0m         
[92mINFO [0m:      Received initial parameters from one random client
[92mINFO [0m:      Starting evaluation of initial global parameters
[92mINFO [0m:      initial parameters (loss, other metrics): 2.3028743061065673, {'accuracy': 0.1043, 'loss': 2.3028743061065673}
[92mINFO [0m:      
[92mINFO [0m:      [ROUND 1]
[92mINFO [0m:      configure_fit: strategy sampled 5 clients (out of 5)
[36m(ClientAppActor pid=814569)[0m [93mWARNING [0m:   DEPRECATED FEATURE: `client_fn` now expects a signature `def client_fn(context: Context)`.The provided `client_fn` has signature: {'cid': <Parameter "cid: str">}. You can import the `Context` like this: `from flwr.app import Context`
[36m(ClientAppActor pid=814569)[0m 
[36m(ClientAppActor pid=814569)[0m             This is a deprecated feature. It will be removed
[36m(ClientAppActor pid=814569)[0m             entirely in future versions of Flower.
[36m(ClientAppActor pid=814569)[0m         
[36m(ClientAppActor pid=814565)[0m 
[36m(ClientAppActor pid=814565)[0m         
[36m(ClientAppActor pid=814564)[0m 
[36m(ClientAppActor pid=814564)[0m         
[36m(ClientAppActor pid=814566)[0m 
[36m(ClientAppActor pid=814566)[0m         
[36m(ClientAppActor pid=814563)[0m 
[36m(ClientAppActor pid=814563)[0m         
[92mINFO [0m:      aggregate_fit: received 5 results and 0 failures
[92mINFO [0m:      fit progress: (1, 2.2992945072174074, {'accuracy': 0.1, 'loss': 2.2992945072174074}, 21.480431042029522)
[92mINFO [0m:      configure_evaluate: strategy sampled 5 clients (out of 5)
[36m(ClientAppActor pid=814566)[0m 
[36m(ClientAppActor pid=814566)[0m         
[36m(ClientAppActor pid=814566)[0m [93mWARNING [0m:   DEPRECATED FEATURE: `client_fn` now expects a signature `def client_fn(context: Context)`.The provided `client_fn` has signature: {'cid': <Parameter "cid: str">}. You can import the `Context` like this: `from flwr.app import Context`[32m [repeated 5x across cluster] (Ray deduplicates logs by default. Set RAY_DEDUP_LOGS=0 to disable log deduplication, or see https://docs.ray.io/en/master/ray-observability/user-guides/configure-logging.html#log-deduplication for more options.)[0m
[36m(ClientAppActor pid=814566)[0m             This is a deprecated feature. It will be removed[32m [repeated 5x across cluster][0m
[36m(ClientAppActor pid=814566)[0m             entirely in future versions of Flower.[32m [repeated 5x across cluster][0m
[36m(ClientAppActor pid=814569)[0m 
[36m(ClientAppActor pid=814569)[0m         
[36m(ClientAppActor pid=814564)[0m 
[36m(ClientAppActor pid=814564)[0m         
[36m(ClientAppActor pid=814563)[0m 
[36m(ClientAppActor pid=814563)[0m         
[36m(ClientAppActor pid=814565)[0m 
[36m(ClientAppActor pid=814565)[0m         
[92mINFO [0m:      aggregate_evaluate: received 5 results and 0 failures
[92mINFO [0m:      
[92mINFO [0m:      [ROUND 2]
[92mINFO [0m:      configure_fit: strategy sampled 5 clients (out of 5)
[36m(ClientAppActor pid=814565)[0m 
[36m(ClientAppActor pid=814565)[0m         
[36m(ClientAppActor pid=814563)[0m 
[36m(ClientAppActor pid=814563)[0m         
[36m(ClientAppActor pid=814564)[0m 
[36m(ClientAppActor pid=814564)[0m         
[36m(ClientAppActor pid=814569)[0m 
[36m(ClientAppActor pid=814569)[0m         
[36m(ClientAppActor pid=814566)[0m 
[36m(ClientAppActor pid=814566)[0m         
[92mINFO [0m:      aggregate_fit: received 5 results and 0 failures
[92mINFO [0m:      fit progress: (2, 2.1530043537139893, {'accuracy': 0.1893, 'loss': 2.1530043537139893}, 41.51442792202579)
[92mINFO [0m:      configure_evaluate: strategy sampled 5 clients (out of 5)
[36m(ClientAppActor pid=814564)[0m 
[36m(ClientAppActor pid=814564)[0m         
[36m(ClientAppActor pid=814564)[0m [93mWARNING [0m:   DEPRECATED FEATURE: `client_fn` now expects a signature `def client_fn(context: Context)`.The provided `client_fn` has signature: {'cid': <Parameter "cid: str">}. You can import the `Context` like this: `from flwr.app import Context`[32m [repeated 10x across cluster][0m
[36m(ClientAppActor pid=814564)[0m             This is a deprecated feature. It will be removed[32m [repeated 10x across cluster][0m
[36m(ClientAppActor pid=814564)[0m             entirely in future versions of Flower.[32m [repeated 10x across cluster][0m
[36m(ClientAppActor pid=814566)[0m 
[36m(ClientAppActor pid=814566)[0m         
[36m(ClientAppActor pid=814563)[0m 
[36m(ClientAppActor pid=814563)[0m         
[36m(ClientAppActor pid=814569)[0m 
[36m(ClientAppActor pid=814569)[0m         
[36m(ClientAppActor pid=814565)[0m 
[36m(ClientAppActor pid=814565)[0m         
[92mINFO [0m:      aggregate_evaluate: received 5 results and 0 failures
[92mINFO [0m:      
[92mINFO [0m:      [ROUND 3]
[92mINFO [0m:      configure_fit: strategy sampled 5 clients (out of 5)
[36m(ClientAppActor pid=814569)[0m 
[36m(ClientAppActor pid=814569)[0m         
[36m(ClientAppActor pid=814565)[0m 
[36m(ClientAppActor pid=814565)[0m         
[36m(ClientAppActor pid=814563)[0m 
[36m(ClientAppActor pid=814563)[0m         
[36m(ClientAppActor pid=814566)[0m 
[36m(ClientAppActor pid=814566)[0m         
[36m(ClientAppActor pid=814564)[0m 
[36m(ClientAppActor pid=814564)[0m         
[92mINFO [0m:      aggregate_fit: received 5 results and 0 failures
[92mINFO [0m:      fit progress: (3, 1.7772613473892211, {'accuracy': 0.3857, 'loss': 1.7772613473892211}, 60.96989701600978)
[92mINFO [0m:      configure_evaluate: strategy sampled 5 clients (out of 5)
[36m(ClientAppActor pid=814569)[0m 
[36m(ClientAppActor pid=814569)[0m         
[36m(ClientAppActor pid=814569)[0m [93mWARNING [0m:   DEPRECATED FEATURE: `client_fn` now expects a signature `def client_fn(context: Context)`.The provided `client_fn` has signature: {'cid': <Parameter "cid: str">}. You can import the `Context` like this: `from flwr.app import Context`[32m [repeated 10x across cluster][0m
[36m(ClientAppActor pid=814569)[0m             This is a deprecated feature. It will be removed[32m [repeated 10x across cluster][0m
[36m(ClientAppActor pid=814569)[0m             entirely in future versions of Flower.[32m [repeated 10x across cluster][0m
[36m(ClientAppActor pid=814565)[0m 
[36m(ClientAppActor pid=814565)[0m         
[36m(ClientAppActor pid=814564)[0m 
[36m(ClientAppActor pid=814564)[0m         
[36m(ClientAppActor pid=814566)[0m 
[36m(ClientAppActor pid=814566)[0m         
[36m(ClientAppActor pid=814563)[0m 
[36m(ClientAppActor pid=814563)[0m         
[92mINFO [0m:      aggregate_evaluate: received 5 results and 0 failures
[92mINFO [0m:      
[92mINFO [0m:      [ROUND 4]
[92mINFO [0m:      configure_fit: strategy sampled 5 clients (out of 5)
[36m(ClientAppActor pid=814563)[0m 
[36m(ClientAppActor pid=814563)[0m         
[36m(ClientAppActor pid=814566)[0m 
[36m(ClientAppActor pid=814566)[0m         
[36m(ClientAppActor pid=814564)[0m 
[36m(ClientAppActor pid=814564)[0m         
[36m(ClientAppActor pid=814565)[0m 
[36m(ClientAppActor pid=814565)[0m         
[36m(ClientAppActor pid=814569)[0m 
[36m(ClientAppActor pid=814569)[0m         
[92mINFO [0m:      aggregate_fit: received 5 results and 0 failures
[92mINFO [0m:      fit progress: (4, 1.4921362884521485, {'accuracy': 0.4845, 'loss': 1.4921362884521485}, 80.55607273901114)
[92mINFO [0m:      configure_evaluate: strategy sampled 5 clients (out of 5)
[36m(ClientAppActor pid=814566)[0m 
[36m(ClientAppActor pid=814566)[0m         
[36m(ClientAppActor pid=814566)[0m [93mWARNING [0m:   DEPRECATED FEATURE: `client_fn` now expects a signature `def client_fn(context: Context)`.The provided `client_fn` has signature: {'cid': <Parameter "cid: str">}. You can import the `Context` like this: `from flwr.app import Context`[32m [repeated 10x across cluster][0m
[36m(ClientAppActor pid=814566)[0m             This is a deprecated feature. It will be removed[32m [repeated 10x across cluster][0m
[36m(ClientAppActor pid=814566)[0m             entirely in future versions of Flower.[32m [repeated 10x across cluster][0m
[36m(ClientAppActor pid=814569)[0m 
[36m(ClientAppActor pid=814569)[0m         
[36m(ClientAppActor pid=814563)[0m 
[36m(ClientAppActor pid=814563)[0m         
[36m(ClientAppActor pid=814565)[0m 
[36m(ClientAppActor pid=814565)[0m         
[36m(ClientAppActor pid=814564)[0m 
[36m(ClientAppActor pid=814564)[0m         
[92mINFO [0m:      aggregate_evaluate: received 5 results and 0 failures
[92mINFO [0m:      
[92mINFO [0m:      [ROUND 5]
[92mINFO [0m:      configure_fit: strategy sampled 5 clients (out of 5)
[36m(ClientAppActor pid=814564)[0m 
[36m(ClientAppActor pid=814564)[0m         
[36m(ClientAppActor pid=814565)[0m 
[36m(ClientAppActor pid=814565)[0m         
[36m(ClientAppActor pid=814563)[0m 
[36m(ClientAppActor pid=814563)[0m         
[36m(ClientAppActor pid=814569)[0m 
[36m(ClientAppActor pid=814569)[0m         
[36m(ClientAppActor pid=814566)[0m 
[36m(ClientAppActor pid=814566)[0m         
[92mINFO [0m:      aggregate_fit: received 5 results and 0 failures
[92mINFO [0m:      fit progress: (5, 1.2880361993789673, {'accuracy': 0.555, 'loss': 1.2880361993789673}, 100.10861856502015)
[92mINFO [0m:      configure_evaluate: strategy sampled 5 clients (out of 5)
[36m(ClientAppActor pid=814563)[0m 
[36m(ClientAppActor pid=814563)[0m         
[36m(ClientAppActor pid=814563)[0m [93mWARNING [0m:   DEPRECATED FEATURE: `client_fn` now expects a signature `def client_fn(context: Context)`.The provided `client_fn` has signature: {'cid': <Parameter "cid: str">}. You can import the `Context` like this: `from flwr.app import Context`[32m [repeated 10x across cluster][0m
[36m(ClientAppActor pid=814563)[0m             This is a deprecated feature. It will be removed[32m [repeated 10x across cluster][0m
[36m(ClientAppActor pid=814563)[0m             entirely in future versions of Flower.[32m [repeated 10x across cluster][0m
[36m(ClientAppActor pid=814565)[0m 
[36m(ClientAppActor pid=814565)[0m         
[36m(ClientAppActor pid=814569)[0m 
[36m(ClientAppActor pid=814569)[0m         
[36m(ClientAppActor pid=814566)[0m 
[36m(ClientAppActor pid=814566)[0m         
[36m(ClientAppActor pid=814564)[0m 
[36m(ClientAppActor pid=814564)[0m         
[92mINFO [0m:      aggregate_evaluate: received 5 results and 0 failures
[92mINFO [0m:      
[92mINFO [0m:      [ROUND 6]
[92mINFO [0m:      configure_fit: strategy sampled 5 clients (out of 5)
[36m(ClientAppActor pid=814564)[0m 
[36m(ClientAppActor pid=814564)[0m         
[36m(ClientAppActor pid=814566)[0m 
[36m(ClientAppActor pid=814566)[0m         
[36m(ClientAppActor pid=814565)[0m 
[36m(ClientAppActor pid=814565)[0m         
[36m(ClientAppActor pid=814569)[0m 
[36m(ClientAppActor pid=814569)[0m         
[36m(ClientAppActor pid=814563)[0m 
[36m(ClientAppActor pid=814563)[0m         
[92mINFO [0m:      aggregate_fit: received 5 results and 0 failures
[92mINFO [0m:      fit progress: (6, 1.212409199333191, {'accuracy': 0.5759, 'loss': 1.212409199333191}, 120.40847606403986)
[92mINFO [0m:      configure_evaluate: strategy sampled 5 clients (out of 5)
[36m(ClientAppActor pid=814569)[0m 
[36m(ClientAppActor pid=814569)[0m         
[36m(ClientAppActor pid=814569)[0m [93mWARNING [0m:   DEPRECATED FEATURE: `client_fn` now expects a signature `def client_fn(context: Context)`.The provided `client_fn` has signature: {'cid': <Parameter "cid: str">}. You can import the `Context` like this: `from flwr.app import Context`[32m [repeated 10x across cluster][0m
[36m(ClientAppActor pid=814569)[0m             This is a deprecated feature. It will be removed[32m [repeated 10x across cluster][0m
[36m(ClientAppActor pid=814569)[0m             entirely in future versions of Flower.[32m [repeated 10x across cluster][0m
[36m(ClientAppActor pid=814564)[0m 
[36m(ClientAppActor pid=814564)[0m         
[36m(ClientAppActor pid=814565)[0m 
[36m(ClientAppActor pid=814565)[0m         
[36m(ClientAppActor pid=814563)[0m 
[36m(ClientAppActor pid=814563)[0m         
[36m(ClientAppActor pid=814566)[0m 
[36m(ClientAppActor pid=814566)[0m         
[92mINFO [0m:      aggregate_evaluate: received 5 results and 0 failures
[92mINFO [0m:      
[92mINFO [0m:      [ROUND 7]
[92mINFO [0m:      configure_fit: strategy sampled 5 clients (out of 5)
[36m(ClientAppActor pid=814566)[0m 
[36m(ClientAppActor pid=814566)[0m         
[36m(ClientAppActor pid=814565)[0m 
[36m(ClientAppActor pid=814565)[0m         
[36m(ClientAppActor pid=814564)[0m 
[36m(ClientAppActor pid=814564)[0m         
[36m(ClientAppActor pid=814563)[0m 
[36m(ClientAppActor pid=814563)[0m         
[36m(ClientAppActor pid=814569)[0m 
[36m(ClientAppActor pid=814569)[0m         
[92mINFO [0m:      aggregate_fit: received 5 results and 0 failures
[92mINFO [0m:      fit progress: (7, 1.1369836639404296, {'accuracy': 0.6117, 'loss': 1.1369836639404296}, 140.39959778805496)
[92mINFO [0m:      configure_evaluate: strategy sampled 5 clients (out of 5)
[36m(ClientAppActor pid=814565)[0m 
[36m(ClientAppActor pid=814565)[0m         
[36m(ClientAppActor pid=814565)[0m [93mWARNING [0m:   DEPRECATED FEATURE: `client_fn` now expects a signature `def client_fn(context: Context)`.The provided `client_fn` has signature: {'cid': <Parameter "cid: str">}. You can import the `Context` like this: `from flwr.app import Context`[32m [repeated 10x across cluster][0m
[36m(ClientAppActor pid=814565)[0m             This is a deprecated feature. It will be removed[32m [repeated 10x across cluster][0m
[36m(ClientAppActor pid=814565)[0m             entirely in future versions of Flower.[32m [repeated 10x across cluster][0m
[36m(ClientAppActor pid=814563)[0m 
[36m(ClientAppActor pid=814563)[0m         
[36m(ClientAppActor pid=814566)[0m 
[36m(ClientAppActor pid=814566)[0m         
[36m(ClientAppActor pid=814569)[0m 
[36m(ClientAppActor pid=814569)[0m         
[36m(ClientAppActor pid=814564)[0m 
[36m(ClientAppActor pid=814564)[0m         
[92mINFO [0m:      aggregate_evaluate: received 5 results and 0 failures
[92mINFO [0m:      
[92mINFO [0m:      [ROUND 8]
[92mINFO [0m:      configure_fit: strategy sampled 5 clients (out of 5)
[36m(ClientAppActor pid=814564)[0m 
[36m(ClientAppActor pid=814564)[0m         
[36m(ClientAppActor pid=814569)[0m 
[36m(ClientAppActor pid=814569)[0m         
[36m(ClientAppActor pid=814566)[0m 
[36m(ClientAppActor pid=814566)[0m         
[36m(ClientAppActor pid=814563)[0m 
[36m(ClientAppActor pid=814563)[0m         
[36m(ClientAppActor pid=814565)[0m 
[36m(ClientAppActor pid=814565)[0m         
[92mINFO [0m:      aggregate_fit: received 5 results and 0 failures
[92mINFO [0m:      fit progress: (8, 1.0986550342559815, {'accuracy': 0.6228, 'loss': 1.0986550342559815}, 160.58409190905513)
[92mINFO [0m:      configure_evaluate: strategy sampled 5 clients (out of 5)
[36m(ClientAppActor pid=814563)[0m 
[36m(ClientAppActor pid=814563)[0m         
[36m(ClientAppActor pid=814563)[0m [93mWARNING [0m:   DEPRECATED FEATURE: `client_fn` now expects a signature `def client_fn(context: Context)`.The provided `client_fn` has signature: {'cid': <Parameter "cid: str">}. You can import the `Context` like this: `from flwr.app import Context`[32m [repeated 10x across cluster][0m
[36m(ClientAppActor pid=814563)[0m             This is a deprecated feature. It will be removed[32m [repeated 10x across cluster][0m
[36m(ClientAppActor pid=814563)[0m             entirely in future versions of Flower.[32m [repeated 10x across cluster][0m
[36m(ClientAppActor pid=814565)[0m 
[36m(ClientAppActor pid=814565)[0m         
[36m(ClientAppActor pid=814569)[0m 
[36m(ClientAppActor pid=814569)[0m         
[36m(ClientAppActor pid=814566)[0m 
[36m(ClientAppActor pid=814566)[0m         
[36m(ClientAppActor pid=814564)[0m 
[36m(ClientAppActor pid=814564)[0m         
[92mINFO [0m:      aggregate_evaluate: received 5 results and 0 failures
[92mINFO [0m:      
[92mINFO [0m:      [ROUND 9]
[92mINFO [0m:      configure_fit: strategy sampled 5 clients (out of 5)
[36m(ClientAppActor pid=814564)[0m 
[36m(ClientAppActor pid=814564)[0m         
[36m(ClientAppActor pid=814566)[0m 
[36m(ClientAppActor pid=814566)[0m         
[36m(ClientAppActor pid=814569)[0m 
[36m(ClientAppActor pid=814569)[0m         
[36m(ClientAppActor pid=814565)[0m 
[36m(ClientAppActor pid=814565)[0m         
[36m(ClientAppActor pid=814563)[0m 
[36m(ClientAppActor pid=814563)[0m         
[92mINFO [0m:      aggregate_fit: received 5 results and 0 failures
[92mINFO [0m:      fit progress: (9, 0.9853682515144349, {'accuracy': 0.6627, 'loss': 0.9853682515144349}, 180.41999366803793)
[92mINFO [0m:      configure_evaluate: strategy sampled 5 clients (out of 5)
[36m(ClientAppActor pid=814569)[0m 
[36m(ClientAppActor pid=814569)[0m         
[36m(ClientAppActor pid=814569)[0m [93mWARNING [0m:   DEPRECATED FEATURE: `client_fn` now expects a signature `def client_fn(context: Context)`.The provided `client_fn` has signature: {'cid': <Parameter "cid: str">}. You can import the `Context` like this: `from flwr.app import Context`[32m [repeated 10x across cluster][0m
[36m(ClientAppActor pid=814569)[0m             This is a deprecated feature. It will be removed[32m [repeated 10x across cluster][0m
[36m(ClientAppActor pid=814569)[0m             entirely in future versions of Flower.[32m [repeated 10x across cluster][0m
[36m(ClientAppActor pid=814566)[0m 
[36m(ClientAppActor pid=814566)[0m         
[36m(ClientAppActor pid=814565)[0m 
[36m(ClientAppActor pid=814565)[0m         
[36m(ClientAppActor pid=814563)[0m 
[36m(ClientAppActor pid=814563)[0m         
[36m(ClientAppActor pid=814564)[0m 
[36m(ClientAppActor pid=814564)[0m         
[92mINFO [0m:      aggregate_evaluate: received 5 results and 0 failures
[92mINFO [0m:      
[92mINFO [0m:      [ROUND 10]
[92mINFO [0m:      configure_fit: strategy sampled 5 clients (out of 5)
[36m(ClientAppActor pid=814564)[0m 
[36m(ClientAppActor pid=814564)[0m         
[36m(ClientAppActor pid=814563)[0m 
[36m(ClientAppActor pid=814563)[0m         
[36m(ClientAppActor pid=814565)[0m 
[36m(ClientAppActor pid=814565)[0m         
[36m(ClientAppActor pid=814566)[0m 
[36m(ClientAppActor pid=814566)[0m         
[36m(ClientAppActor pid=814569)[0m 
[36m(ClientAppActor pid=814569)[0m         
[92mINFO [0m:      aggregate_fit: received 5 results and 0 failures
[92mINFO [0m:      fit progress: (10, 0.9398785778045654, {'accuracy': 0.6739, 'loss': 0.9398785778045654}, 200.77797637402546)
[92mINFO [0m:      configure_evaluate: strategy sampled 5 clients (out of 5)
[36m(ClientAppActor pid=814569)[0m 
[36m(ClientAppActor pid=814569)[0m         
[36m(ClientAppActor pid=814569)[0m [93mWARNING [0m:   DEPRECATED FEATURE: `client_fn` now expects a signature `def client_fn(context: Context)`.The provided `client_fn` has signature: {'cid': <Parameter "cid: str">}. You can import the `Context` like this: `from flwr.app import Context`[32m [repeated 10x across cluster][0m
[36m(ClientAppActor pid=814569)[0m             This is a deprecated feature. It will be removed[32m [repeated 10x across cluster][0m
[36m(ClientAppActor pid=814569)[0m             entirely in future versions of Flower.[32m [repeated 10x across cluster][0m
[36m(ClientAppActor pid=814565)[0m 
[36m(ClientAppActor pid=814565)[0m         
[36m(ClientAppActor pid=814564)[0m 
[36m(ClientAppActor pid=814564)[0m         
[36m(ClientAppActor pid=814566)[0m 
[36m(ClientAppActor pid=814566)[0m         
[36m(ClientAppActor pid=814563)[0m 
[36m(ClientAppActor pid=814563)[0m         
[92mINFO [0m:      aggregate_evaluate: received 5 results and 0 failures
[92mINFO [0m:      
[92mINFO [0m:      [SUMMARY]
[92mINFO [0m:      Run finished 10 round(s) in 201.54s
[92mINFO [0m:      	History (loss, distributed):
[92mINFO [0m:      		round 1: 2.299407413264378
[92mINFO [0m:      		round 2: 2.1426338677217407
[92mINFO [0m:      		round 3: 1.758302806949272
[92mINFO [0m:      		round 4: 1.461636851076223
[92mINFO [0m:      		round 5: 1.2495441057768857
[92mINFO [0m:      		round 6: 1.1746329698098952
[92mINFO [0m:      		round 7: 1.108974204820936
[92mINFO [0m:      		round 8: 1.064484482791339
[92mINFO [0m:      		round 9: 0.9632504634401139
[92mINFO [0m:      		round 10: 0.9194610607581122
[92mINFO [0m:      	History (loss, centralized):
[92mINFO [0m:      		round 0: 2.3028743061065673
[92mINFO [0m:      		round 1: 2.2992945072174074
[92mINFO [0m:      		round 2: 2.1530043537139893
[92mINFO [0m:      		round 3: 1.7772613473892211
[92mINFO [0m:      		round 4: 1.4921362884521485
[92mINFO [0m:      		round 5: 1.2880361993789673
[92mINFO [0m:      		round 6: 1.212409199333191
[92mINFO [0m:      		round 7: 1.1369836639404296
[92mINFO [0m:      		round 8: 1.0986550342559815
[92mINFO [0m:      		round 9: 0.9853682515144349
[92mINFO [0m:      		round 10: 0.9398785778045654
[92mINFO [0m:      	History (metrics, distributed, fit):
[92mINFO [0m:      	{'avg_flops_per_client_round': [(1, 8140624189440.0),
[92mINFO [0m:      	                                (2, 8140624189440.0),
[92mINFO [0m:      	                                (3, 8140624189440.0),
[92mINFO [0m:      	                                (4, 8140624189440.0),
[92mINFO [0m:      	                                (5, 8140624189440.0),
[92mINFO [0m:      	                                (6, 8140624189440.0),
[92mINFO [0m:      	                                (7, 8140624189440.0),
[92mINFO [0m:      	                                (8, 8140624189440.0),
[92mINFO [0m:      	                                (9, 8140624189440.0),
[92mINFO [0m:      	                                (10, 8140624189440.0)],
[92mINFO [0m:      	 'total_flops_round': [(1, 40703120947200),
[92mINFO [0m:      	                       (2, 40703120947200),
[92mINFO [0m:      	                       (3, 40703120947200),
[92mINFO [0m:      	                       (4, 40703120947200),
[92mINFO [0m:      	                       (5, 40703120947200),
[92mINFO [0m:      	                       (6, 40703120947200),
[92mINFO [0m:      	                       (7, 40703120947200),
[92mINFO [0m:      	                       (8, 40703120947200),
[92mINFO [0m:      	                       (9, 40703120947200),
[92mINFO [0m:      	                       (10, 40703120947200)]}
[92mINFO [0m:      	History (metrics, distributed, evaluate):
[92mINFO [0m:      	{'accuracy': [(1, 0.09863945578231291),
[92mINFO [0m:      	              (2, 0.19287715086034413),
[92mINFO [0m:      	              (3, 0.38235294117647056),
[92mINFO [0m:      	              (4, 0.4921968787515006),
[92mINFO [0m:      	              (5, 0.5620248099239696),
[92mINFO [0m:      	              (6, 0.5846338535414166),
[92mINFO [0m:      	              (7, 0.6190476190476191),
[92mINFO [0m:      	              (8, 0.6306522609043618),
[92mINFO [0m:      	              (9, 0.6700680272108843),
[92mINFO [0m:      	              (10, 0.6804721888755502)],
[92mINFO [0m:      	 'loss': [(1, 2.299407413264378),
[92mINFO [0m:      	          (2, 2.1426338677217407),
[92mINFO [0m:      	          (3, 1.758302806949272),
[92mINFO [0m:      	          (4, 1.461636851076223),
[92mINFO [0m:      	          (5, 1.2495441057768857),
[92mINFO [0m:      	          (6, 1.1746329698098952),
[92mINFO [0m:      	          (7, 1.108974204820936),
[92mINFO [0m:      	          (8, 1.064484482791339),
[92mINFO [0m:      	          (9, 0.9632504634401139),
[92mINFO [0m:      	          (10, 0.9194610607581122)]}
[92mINFO [0m:      	History (metrics, centralized):
[92mINFO [0m:      	{'accuracy': [(0, 0.1043),
[92mINFO [0m:      	              (1, 0.1),
[92mINFO [0m:      	              (2, 0.1893),
[92mINFO [0m:      	              (3, 0.3857),
[92mINFO [0m:      	              (4, 0.4845),
[92mINFO [0m:      	              (5, 0.555),
[92mINFO [0m:      	              (6, 0.5759),
[92mINFO [0m:      	              (7, 0.6117),
[92mINFO [0m:      	              (8, 0.6228),
[92mINFO [0m:      	              (9, 0.6627),
[92mINFO [0m:      	              (10, 0.6739)],
[92mINFO [0m:      	 'loss': [(0, 2.3028743061065673),
[92mINFO [0m:      	          (1, 2.2992945072174074),
[92mINFO [0m:      	          (2, 2.1530043537139893),
[92mINFO [0m:      	          (3, 1.7772613473892211),
[92mINFO [0m:      	          (4, 1.4921362884521485),
[92mINFO [0m:      	          (5, 1.2880361993789673),
[92mINFO [0m:      	          (6, 1.212409199333191),
[92mINFO [0m:      	          (7, 1.1369836639404296),
[92mINFO [0m:      	          (8, 1.0986550342559815),
[92mINFO [0m:      	          (9, 0.9853682515144349),
[92mINFO [0m:      	          (10, 0.9398785778045654)]}
[92mINFO [0m:      
Treinando no dispositivo: cuda:0 com o dataset: CIFAR10 | Setup clientes: 5 (num_gpus por cliente=0.2) | SEED=43 | Método: FedProx (mu=0.01)
FLOPS por amostra (forward): 6.030e+07 | (forward+backward, 3x): 1.809e+08
Files already downloaded and verified
Files already downloaded and verified
Dividindo o dataset usando a distribuição de Dirichlet com alpha=0.1.
Iniciando a simulação de Aprendizado Federado...
=== Diagnóstico de Medição de GPU ===
  pynvml_disponivel: True
  pynvml_versao: 580.173.02
  gpus_detectadas: 1
  leitura_potencia_ok: True
  potencia_atual_W: 113.697

--- Rodada 0 - Avaliação Centralizada (Servidor) ---
Loss (Servidor): 2.3029 | Acurácia (Servidor): 0.1043

--- Rodada 1 - Avaliação Centralizada (Servidor) ---
Loss (Servidor): 2.2993 | Acurácia (Servidor): 0.1000
--- Avaliação Agregada (Clientes) ---
Loss Média (Clientes): 2.2994 | Acurácia Média (Clientes): 0.0986

--- Rodada 2 - Avaliação Centralizada (Servidor) ---
Loss (Servidor): 2.1530 | Acurácia (Servidor): 0.1893
--- Avaliação Agregada (Clientes) ---
Loss Média (Clientes): 2.1426 | Acurácia Média (Clientes): 0.1929

--- Rodada 3 - Avaliação Centralizada (Servidor) ---
Loss (Servidor): 1.7773 | Acurácia (Servidor): 0.3857
--- Avaliação Agregada (Clientes) ---
Loss Média (Clientes): 1.7583 | Acurácia Média (Clientes): 0.3824

--- Rodada 4 - Avaliação Centralizada (Servidor) ---
Loss (Servidor): 1.4921 | Acurácia (Servidor): 0.4845
--- Avaliação Agregada (Clientes) ---
Loss Média (Clientes): 1.4616 | Acurácia Média (Clientes): 0.4922

--- Rodada 5 - Avaliação Centralizada (Servidor) ---
Loss (Servidor): 1.2880 | Acurácia (Servidor): 0.5550
--- Avaliação Agregada (Clientes) ---
Loss Média (Clientes): 1.2495 | Acurácia Média (Clientes): 0.5620

--- Rodada 6 - Avaliação Centralizada (Servidor) ---
Loss (Servidor): 1.2124 | Acurácia (Servidor): 0.5759
--- Avaliação Agregada (Clientes) ---
Loss Média (Clientes): 1.1746 | Acurácia Média (Clientes): 0.5846

--- Rodada 7 - Avaliação Centralizada (Servidor) ---
Loss (Servidor): 1.1370 | Acurácia (Servidor): 0.6117
--- Avaliação Agregada (Clientes) ---
Loss Média (Clientes): 1.1090 | Acurácia Média (Clientes): 0.6190

--- Rodada 8 - Avaliação Centralizada (Servidor) ---
Loss (Servidor): 1.0987 | Acurácia (Servidor): 0.6228
--- Avaliação Agregada (Clientes) ---
Loss Média (Clientes): 1.0645 | Acurácia Média (Clientes): 0.6307

--- Rodada 9 - Avaliação Centralizada (Servidor) ---
Loss (Servidor): 0.9854 | Acurácia (Servidor): 0.6627
--- Avaliação Agregada (Clientes) ---
Loss Média (Clientes): 0.9633 | Acurácia Média (Clientes): 0.6701

--- Rodada 10 - Avaliação Centralizada (Servidor) ---
Loss (Servidor): 0.9399 | Acurácia (Servidor): 0.6739
--- Avaliação Agregada (Clientes) ---
Loss Média (Clientes): 0.9195 | Acurácia Média (Clientes): 0.6805

Resultados salvos em: /home/tiago/GitHubProjects/fedhad-thesis-2/FedProx-results/1.1_diagnostico_drift/CIFAR10/FedProx__CIFAR10__Setup-5__Clients-5__Rounds-10__Delay-0_05__Alpha-0_1__Seed-43.txt
[36m(ClientAppActor pid=814563)[0m [93mWARNING [0m:   DEPRECATED FEATURE: `client_fn` now expects a signature `def client_fn(context: Context)`.The provided `client_fn` has signature: {'cid': <Parameter "cid: str">}. You can import the `Context` like this: `from flwr.app import Context`[32m [repeated 4x across cluster][0m
[36m(ClientAppActor pid=814563)[0m             This is a deprecated feature. It will be removed[32m [repeated 4x across cluster][0m
[36m(ClientAppActor pid=814563)[0m             entirely in future versions of Flower.[32m [repeated 4x across cluster][0m
