[codecarbon WARNING @ 14:56:43] Multiple instances of codecarbon are allowed to run at the same time.
[93mWARNING [0m:   DEPRECATED FEATURE: flwr.simulation.start_simulation() is deprecated.
	Instead, use the `flwr run` CLI command to start a local simulation in your Flower app, as shown for example below:

		$ flwr new  # Create a new Flower app from a template

		$ flwr run  # Run the Flower app in Simulation Mode

	Using `start_simulation()` is deprecated.

            This is a deprecated feature. It will be removed
            entirely in future versions of Flower.
        
[92mINFO [0m:      Starting Flower simulation, config: num_rounds=10, no round_timeout
2026-09-04 14:56:52,320	INFO worker.py:2012 -- Started a local Ray instance.
/home/tiago/GitHubProjects/fedhad-thesis-2/env_flwr_pt/lib/python3.12/site-packages/ray/_private/worker.py:2051: FutureWarning: Tip: In future versions of Ray, Ray will no longer override accelerator visible devices env var if num_gpus=0 or num_gpus=None (default). To enable this behavior and turn off this error message, set RAY_ACCEL_ENV_VAR_OVERRIDE_ON_ZERO=0
  warnings.warn(
[92mINFO [0m:      Flower VCE: Ray initialized with resources: {'node:10.129.64.100': 1.0, 'node:__internal_head__': 1.0, 'CPU': 64.0, 'object_store_memory': 77572907827.0, 'memory': 181003451597.0, 'accelerator_type:A40': 1.0, 'GPU': 1.0}
[92mINFO [0m:      Optimize your simulation with Flower VCE: https://flower.ai/docs/framework/how-to-run-simulations.html
/home/tiago/GitHubProjects/fedhad-thesis-2/FedProx_Final.py:1601: UserWarning: No `num_cpus` specified in `client_resources`. Using `num_cpus=1` for each client.
  history = fl.simulation.start_simulation(
[92mINFO [0m:      Flower VCE: Resources for each Virtual Client: {'num_gpus': 0.2, 'num_cpus': 1}
[92mINFO [0m:      Flower VCE: Creating VirtualClientEngineActorPool with 5 actors
[92mINFO [0m:      [INIT]
[92mINFO [0m:      Requesting initial parameters from one random client
[36m(ClientAppActor pid=804567)[0m [93mWARNING [0m:   DEPRECATED FEATURE: `client_fn` now expects a signature `def client_fn(context: Context)`.The provided `client_fn` has signature: {'cid': <Parameter "cid: str">}. You can import the `Context` like this: `from flwr.app import Context`
[36m(ClientAppActor pid=804567)[0m 
[36m(ClientAppActor pid=804567)[0m             This is a deprecated feature. It will be removed
[36m(ClientAppActor pid=804567)[0m             entirely in future versions of Flower.
[36m(ClientAppActor pid=804567)[0m         
[92mINFO [0m:      Received initial parameters from one random client
[92mINFO [0m:      Starting evaluation of initial global parameters
[92mINFO [0m:      initial parameters (loss, other metrics): 2.3034221733093263, {'accuracy': 0.1004, 'loss': 2.3034221733093263}
[92mINFO [0m:      
[92mINFO [0m:      [ROUND 1]
[92mINFO [0m:      configure_fit: strategy sampled 5 clients (out of 5)
[36m(ClientAppActor pid=804567)[0m [93mWARNING [0m:   DEPRECATED FEATURE: `client_fn` now expects a signature `def client_fn(context: Context)`.The provided `client_fn` has signature: {'cid': <Parameter "cid: str">}. You can import the `Context` like this: `from flwr.app import Context`
[36m(ClientAppActor pid=804567)[0m 
[36m(ClientAppActor pid=804567)[0m             This is a deprecated feature. It will be removed
[36m(ClientAppActor pid=804567)[0m             entirely in future versions of Flower.
[36m(ClientAppActor pid=804567)[0m         
[36m(ClientAppActor pid=804566)[0m 
[36m(ClientAppActor pid=804566)[0m         
[36m(ClientAppActor pid=804565)[0m 
[36m(ClientAppActor pid=804565)[0m         
[36m(ClientAppActor pid=804563)[0m 
[36m(ClientAppActor pid=804563)[0m         
[36m(ClientAppActor pid=804564)[0m 
[36m(ClientAppActor pid=804564)[0m         
[92mINFO [0m:      aggregate_fit: received 5 results and 0 failures
[92mINFO [0m:      fit progress: (1, 2.268884579467773, {'accuracy': 0.1918, 'loss': 2.268884579467773}, 22.99332081998)
[92mINFO [0m:      configure_evaluate: strategy sampled 5 clients (out of 5)
[36m(ClientAppActor pid=804563)[0m 
[36m(ClientAppActor pid=804563)[0m         
[36m(ClientAppActor pid=804563)[0m [93mWARNING [0m:   DEPRECATED FEATURE: `client_fn` now expects a signature `def client_fn(context: Context)`.The provided `client_fn` has signature: {'cid': <Parameter "cid: str">}. You can import the `Context` like this: `from flwr.app import Context`[32m [repeated 5x across cluster] (Ray deduplicates logs by default. Set RAY_DEDUP_LOGS=0 to disable log deduplication, or see https://docs.ray.io/en/master/ray-observability/user-guides/configure-logging.html#log-deduplication for more options.)[0m
[36m(ClientAppActor pid=804563)[0m             This is a deprecated feature. It will be removed[32m [repeated 5x across cluster][0m
[36m(ClientAppActor pid=804563)[0m             entirely in future versions of Flower.[32m [repeated 5x across cluster][0m
[36m(ClientAppActor pid=804565)[0m 
[36m(ClientAppActor pid=804565)[0m         
[36m(ClientAppActor pid=804566)[0m 
[36m(ClientAppActor pid=804566)[0m         
[36m(ClientAppActor pid=804567)[0m 
[36m(ClientAppActor pid=804567)[0m         
[36m(ClientAppActor pid=804564)[0m 
[36m(ClientAppActor pid=804564)[0m         
[92mINFO [0m:      aggregate_evaluate: received 5 results and 0 failures
[92mINFO [0m:      
[92mINFO [0m:      [ROUND 2]
[92mINFO [0m:      configure_fit: strategy sampled 5 clients (out of 5)
[36m(ClientAppActor pid=804564)[0m 
[36m(ClientAppActor pid=804564)[0m         
[36m(ClientAppActor pid=804567)[0m 
[36m(ClientAppActor pid=804567)[0m         
[36m(ClientAppActor pid=804566)[0m 
[36m(ClientAppActor pid=804566)[0m         
[36m(ClientAppActor pid=804565)[0m 
[36m(ClientAppActor pid=804565)[0m         
[36m(ClientAppActor pid=804563)[0m 
[36m(ClientAppActor pid=804563)[0m         
[92mINFO [0m:      aggregate_fit: received 5 results and 0 failures
[92mINFO [0m:      fit progress: (2, 1.8356493202209472, {'accuracy': 0.4089, 'loss': 1.8356493202209472}, 44.80080758302938)
[92mINFO [0m:      configure_evaluate: strategy sampled 5 clients (out of 5)
[36m(ClientAppActor pid=804567)[0m 
[36m(ClientAppActor pid=804567)[0m         
[36m(ClientAppActor pid=804567)[0m [93mWARNING [0m:   DEPRECATED FEATURE: `client_fn` now expects a signature `def client_fn(context: Context)`.The provided `client_fn` has signature: {'cid': <Parameter "cid: str">}. You can import the `Context` like this: `from flwr.app import Context`[32m [repeated 10x across cluster][0m
[36m(ClientAppActor pid=804567)[0m             This is a deprecated feature. It will be removed[32m [repeated 10x across cluster][0m
[36m(ClientAppActor pid=804567)[0m             entirely in future versions of Flower.[32m [repeated 10x across cluster][0m
[36m(ClientAppActor pid=804565)[0m 
[36m(ClientAppActor pid=804565)[0m         
[36m(ClientAppActor pid=804564)[0m 
[36m(ClientAppActor pid=804564)[0m         
[36m(ClientAppActor pid=804566)[0m 
[36m(ClientAppActor pid=804566)[0m         
[36m(ClientAppActor pid=804563)[0m 
[36m(ClientAppActor pid=804563)[0m         
[92mINFO [0m:      aggregate_evaluate: received 5 results and 0 failures
[92mINFO [0m:      
[92mINFO [0m:      [ROUND 3]
[92mINFO [0m:      configure_fit: strategy sampled 5 clients (out of 5)
[36m(ClientAppActor pid=804563)[0m 
[36m(ClientAppActor pid=804563)[0m         
[36m(ClientAppActor pid=804564)[0m 
[36m(ClientAppActor pid=804564)[0m         
[36m(ClientAppActor pid=804566)[0m 
[36m(ClientAppActor pid=804566)[0m         
[36m(ClientAppActor pid=804565)[0m 
[36m(ClientAppActor pid=804565)[0m         
[36m(ClientAppActor pid=804567)[0m 
[36m(ClientAppActor pid=804567)[0m         
[92mINFO [0m:      aggregate_fit: received 5 results and 0 failures
[92mINFO [0m:      fit progress: (3, 1.4897731126785279, {'accuracy': 0.4612, 'loss': 1.4897731126785279}, 66.3786424450227)
[92mINFO [0m:      configure_evaluate: strategy sampled 5 clients (out of 5)
[36m(ClientAppActor pid=804566)[0m 
[36m(ClientAppActor pid=804566)[0m         
[36m(ClientAppActor pid=804566)[0m [93mWARNING [0m:   DEPRECATED FEATURE: `client_fn` now expects a signature `def client_fn(context: Context)`.The provided `client_fn` has signature: {'cid': <Parameter "cid: str">}. You can import the `Context` like this: `from flwr.app import Context`[32m [repeated 10x across cluster][0m
[36m(ClientAppActor pid=804566)[0m             This is a deprecated feature. It will be removed[32m [repeated 10x across cluster][0m
[36m(ClientAppActor pid=804566)[0m             entirely in future versions of Flower.[32m [repeated 10x across cluster][0m
[36m(ClientAppActor pid=804567)[0m 
[36m(ClientAppActor pid=804567)[0m         
[36m(ClientAppActor pid=804565)[0m 
[36m(ClientAppActor pid=804565)[0m         
[36m(ClientAppActor pid=804564)[0m 
[36m(ClientAppActor pid=804564)[0m         
[36m(ClientAppActor pid=804563)[0m 
[36m(ClientAppActor pid=804563)[0m         
[92mINFO [0m:      aggregate_evaluate: received 5 results and 0 failures
[92mINFO [0m:      
[92mINFO [0m:      [ROUND 4]
[92mINFO [0m:      configure_fit: strategy sampled 5 clients (out of 5)
[36m(ClientAppActor pid=804564)[0m 
[36m(ClientAppActor pid=804564)[0m         
[36m(ClientAppActor pid=804563)[0m 
[36m(ClientAppActor pid=804563)[0m         
[36m(ClientAppActor pid=804565)[0m 
[36m(ClientAppActor pid=804565)[0m         
[36m(ClientAppActor pid=804567)[0m 
[36m(ClientAppActor pid=804567)[0m         
[36m(ClientAppActor pid=804566)[0m 
[36m(ClientAppActor pid=804566)[0m         
[92mINFO [0m:      aggregate_fit: received 5 results and 0 failures
[92mINFO [0m:      fit progress: (4, 1.202492283821106, {'accuracy': 0.5832, 'loss': 1.202492283821106}, 87.99092265201034)
[92mINFO [0m:      configure_evaluate: strategy sampled 5 clients (out of 5)
[36m(ClientAppActor pid=804563)[0m 
[36m(ClientAppActor pid=804563)[0m         
[36m(ClientAppActor pid=804563)[0m [93mWARNING [0m:   DEPRECATED FEATURE: `client_fn` now expects a signature `def client_fn(context: Context)`.The provided `client_fn` has signature: {'cid': <Parameter "cid: str">}. You can import the `Context` like this: `from flwr.app import Context`[32m [repeated 10x across cluster][0m
[36m(ClientAppActor pid=804563)[0m             This is a deprecated feature. It will be removed[32m [repeated 10x across cluster][0m
[36m(ClientAppActor pid=804563)[0m             entirely in future versions of Flower.[32m [repeated 10x across cluster][0m
[36m(ClientAppActor pid=804567)[0m 
[36m(ClientAppActor pid=804567)[0m         
[36m(ClientAppActor pid=804564)[0m 
[36m(ClientAppActor pid=804564)[0m         
[36m(ClientAppActor pid=804565)[0m 
[36m(ClientAppActor pid=804565)[0m         
[36m(ClientAppActor pid=804566)[0m 
[36m(ClientAppActor pid=804566)[0m         
[92mINFO [0m:      aggregate_evaluate: received 5 results and 0 failures
[92mINFO [0m:      
[92mINFO [0m:      [ROUND 5]
[92mINFO [0m:      configure_fit: strategy sampled 5 clients (out of 5)
[36m(ClientAppActor pid=804566)[0m 
[36m(ClientAppActor pid=804566)[0m         
[36m(ClientAppActor pid=804565)[0m 
[36m(ClientAppActor pid=804565)[0m         
[36m(ClientAppActor pid=804564)[0m 
[36m(ClientAppActor pid=804564)[0m         
[36m(ClientAppActor pid=804567)[0m 
[36m(ClientAppActor pid=804567)[0m         
[36m(ClientAppActor pid=804563)[0m 
[36m(ClientAppActor pid=804563)[0m         
[92mINFO [0m:      aggregate_fit: received 5 results and 0 failures
[92mINFO [0m:      fit progress: (5, 1.1060502872467042, {'accuracy': 0.6148, 'loss': 1.1060502872467042}, 110.36246364598628)
[92mINFO [0m:      configure_evaluate: strategy sampled 5 clients (out of 5)
[36m(ClientAppActor pid=804565)[0m 
[36m(ClientAppActor pid=804565)[0m         
[36m(ClientAppActor pid=804565)[0m [93mWARNING [0m:   DEPRECATED FEATURE: `client_fn` now expects a signature `def client_fn(context: Context)`.The provided `client_fn` has signature: {'cid': <Parameter "cid: str">}. You can import the `Context` like this: `from flwr.app import Context`[32m [repeated 10x across cluster][0m
[36m(ClientAppActor pid=804565)[0m             This is a deprecated feature. It will be removed[32m [repeated 10x across cluster][0m
[36m(ClientAppActor pid=804565)[0m             entirely in future versions of Flower.[32m [repeated 10x across cluster][0m
[36m(ClientAppActor pid=804564)[0m 
[36m(ClientAppActor pid=804564)[0m         
[36m(ClientAppActor pid=804566)[0m 
[36m(ClientAppActor pid=804566)[0m         
[36m(ClientAppActor pid=804563)[0m 
[36m(ClientAppActor pid=804563)[0m         
[36m(ClientAppActor pid=804567)[0m 
[36m(ClientAppActor pid=804567)[0m         
[92mINFO [0m:      aggregate_evaluate: received 5 results and 0 failures
[92mINFO [0m:      
[92mINFO [0m:      [ROUND 6]
[92mINFO [0m:      configure_fit: strategy sampled 5 clients (out of 5)
[36m(ClientAppActor pid=804567)[0m 
[36m(ClientAppActor pid=804567)[0m         
[36m(ClientAppActor pid=804563)[0m 
[36m(ClientAppActor pid=804563)[0m         
[36m(ClientAppActor pid=804566)[0m 
[36m(ClientAppActor pid=804566)[0m         
[36m(ClientAppActor pid=804564)[0m 
[36m(ClientAppActor pid=804564)[0m         
[36m(ClientAppActor pid=804565)[0m 
[36m(ClientAppActor pid=804565)[0m         
[92mINFO [0m:      aggregate_fit: received 5 results and 0 failures
[92mINFO [0m:      fit progress: (6, 1.0504525374412537, {'accuracy': 0.6367, 'loss': 1.0504525374412537}, 131.80277778598247)
[92mINFO [0m:      configure_evaluate: strategy sampled 5 clients (out of 5)
[36m(ClientAppActor pid=804564)[0m 
[36m(ClientAppActor pid=804564)[0m         
[36m(ClientAppActor pid=804564)[0m [93mWARNING [0m:   DEPRECATED FEATURE: `client_fn` now expects a signature `def client_fn(context: Context)`.The provided `client_fn` has signature: {'cid': <Parameter "cid: str">}. You can import the `Context` like this: `from flwr.app import Context`[32m [repeated 10x across cluster][0m
[36m(ClientAppActor pid=804564)[0m             This is a deprecated feature. It will be removed[32m [repeated 10x across cluster][0m
[36m(ClientAppActor pid=804564)[0m             entirely in future versions of Flower.[32m [repeated 10x across cluster][0m
[36m(ClientAppActor pid=804565)[0m 
[36m(ClientAppActor pid=804565)[0m         
[36m(ClientAppActor pid=804563)[0m 
[36m(ClientAppActor pid=804563)[0m         
[36m(ClientAppActor pid=804566)[0m 
[36m(ClientAppActor pid=804566)[0m         
[36m(ClientAppActor pid=804567)[0m 
[36m(ClientAppActor pid=804567)[0m         
[92mINFO [0m:      aggregate_evaluate: received 5 results and 0 failures
[92mINFO [0m:      
[92mINFO [0m:      [ROUND 7]
[92mINFO [0m:      configure_fit: strategy sampled 5 clients (out of 5)
[36m(ClientAppActor pid=804567)[0m 
[36m(ClientAppActor pid=804567)[0m         
[36m(ClientAppActor pid=804566)[0m 
[36m(ClientAppActor pid=804566)[0m         
[36m(ClientAppActor pid=804565)[0m 
[36m(ClientAppActor pid=804565)[0m         
[36m(ClientAppActor pid=804563)[0m 
[36m(ClientAppActor pid=804563)[0m         
[36m(ClientAppActor pid=804564)[0m 
[36m(ClientAppActor pid=804564)[0m         
[92mINFO [0m:      aggregate_fit: received 5 results and 0 failures
[92mINFO [0m:      fit progress: (7, 0.9407165270805359, {'accuracy': 0.6744, 'loss': 0.9407165270805359}, 153.7337368010194)
[92mINFO [0m:      configure_evaluate: strategy sampled 5 clients (out of 5)
[36m(ClientAppActor pid=804565)[0m 
[36m(ClientAppActor pid=804565)[0m         
[36m(ClientAppActor pid=804565)[0m [93mWARNING [0m:   DEPRECATED FEATURE: `client_fn` now expects a signature `def client_fn(context: Context)`.The provided `client_fn` has signature: {'cid': <Parameter "cid: str">}. You can import the `Context` like this: `from flwr.app import Context`[32m [repeated 10x across cluster][0m
[36m(ClientAppActor pid=804565)[0m             This is a deprecated feature. It will be removed[32m [repeated 10x across cluster][0m
[36m(ClientAppActor pid=804565)[0m             entirely in future versions of Flower.[32m [repeated 10x across cluster][0m
[36m(ClientAppActor pid=804563)[0m 
[36m(ClientAppActor pid=804563)[0m         
[36m(ClientAppActor pid=804567)[0m 
[36m(ClientAppActor pid=804567)[0m         
[36m(ClientAppActor pid=804564)[0m 
[36m(ClientAppActor pid=804564)[0m         
[36m(ClientAppActor pid=804566)[0m 
[36m(ClientAppActor pid=804566)[0m         
[92mINFO [0m:      aggregate_evaluate: received 5 results and 0 failures
[92mINFO [0m:      
[92mINFO [0m:      [ROUND 8]
[92mINFO [0m:      configure_fit: strategy sampled 5 clients (out of 5)
[36m(ClientAppActor pid=804566)[0m 
[36m(ClientAppActor pid=804566)[0m         
[36m(ClientAppActor pid=804564)[0m 
[36m(ClientAppActor pid=804564)[0m         
[36m(ClientAppActor pid=804567)[0m 
[36m(ClientAppActor pid=804567)[0m         
[36m(ClientAppActor pid=804563)[0m 
[36m(ClientAppActor pid=804563)[0m         
[36m(ClientAppActor pid=804565)[0m 
[36m(ClientAppActor pid=804565)[0m         
[92mINFO [0m:      aggregate_fit: received 5 results and 0 failures
[92mINFO [0m:      fit progress: (8, 0.9806130959510804, {'accuracy': 0.6664, 'loss': 0.9806130959510804}, 175.39174380199984)
[92mINFO [0m:      configure_evaluate: strategy sampled 5 clients (out of 5)
[36m(ClientAppActor pid=804566)[0m 
[36m(ClientAppActor pid=804566)[0m         
[36m(ClientAppActor pid=804566)[0m [93mWARNING [0m:   DEPRECATED FEATURE: `client_fn` now expects a signature `def client_fn(context: Context)`.The provided `client_fn` has signature: {'cid': <Parameter "cid: str">}. You can import the `Context` like this: `from flwr.app import Context`[32m [repeated 10x across cluster][0m
[36m(ClientAppActor pid=804566)[0m             This is a deprecated feature. It will be removed[32m [repeated 10x across cluster][0m
[36m(ClientAppActor pid=804566)[0m             entirely in future versions of Flower.[32m [repeated 10x across cluster][0m
[36m(ClientAppActor pid=804565)[0m 
[36m(ClientAppActor pid=804565)[0m         
[36m(ClientAppActor pid=804564)[0m 
[36m(ClientAppActor pid=804564)[0m         
[36m(ClientAppActor pid=804567)[0m 
[36m(ClientAppActor pid=804567)[0m         
[36m(ClientAppActor pid=804563)[0m 
[36m(ClientAppActor pid=804563)[0m         
[92mINFO [0m:      aggregate_evaluate: received 5 results and 0 failures
[92mINFO [0m:      
[92mINFO [0m:      [ROUND 9]
[92mINFO [0m:      configure_fit: strategy sampled 5 clients (out of 5)
[36m(ClientAppActor pid=804563)[0m 
[36m(ClientAppActor pid=804563)[0m         
[36m(ClientAppActor pid=804567)[0m 
[36m(ClientAppActor pid=804567)[0m         
[36m(ClientAppActor pid=804564)[0m 
[36m(ClientAppActor pid=804564)[0m         
[36m(ClientAppActor pid=804565)[0m 
[36m(ClientAppActor pid=804565)[0m         
[36m(ClientAppActor pid=804566)[0m 
[36m(ClientAppActor pid=804566)[0m         
[92mINFO [0m:      aggregate_fit: received 5 results and 0 failures
[92mINFO [0m:      fit progress: (9, 0.9627984846115112, {'accuracy': 0.6737, 'loss': 0.9627984846115112}, 197.34807927702786)
[92mINFO [0m:      configure_evaluate: strategy sampled 5 clients (out of 5)
[36m(ClientAppActor pid=804566)[0m 
[36m(ClientAppActor pid=804566)[0m         
[36m(ClientAppActor pid=804566)[0m [93mWARNING [0m:   DEPRECATED FEATURE: `client_fn` now expects a signature `def client_fn(context: Context)`.The provided `client_fn` has signature: {'cid': <Parameter "cid: str">}. You can import the `Context` like this: `from flwr.app import Context`[32m [repeated 10x across cluster][0m
[36m(ClientAppActor pid=804566)[0m             This is a deprecated feature. It will be removed[32m [repeated 10x across cluster][0m
[36m(ClientAppActor pid=804566)[0m             entirely in future versions of Flower.[32m [repeated 10x across cluster][0m
[36m(ClientAppActor pid=804567)[0m 
[36m(ClientAppActor pid=804567)[0m         
[36m(ClientAppActor pid=804563)[0m 
[36m(ClientAppActor pid=804563)[0m         
[36m(ClientAppActor pid=804564)[0m 
[36m(ClientAppActor pid=804564)[0m         
[36m(ClientAppActor pid=804565)[0m 
[36m(ClientAppActor pid=804565)[0m         
[92mINFO [0m:      aggregate_evaluate: received 5 results and 0 failures
[92mINFO [0m:      
[92mINFO [0m:      [ROUND 10]
[92mINFO [0m:      configure_fit: strategy sampled 5 clients (out of 5)
[36m(ClientAppActor pid=804565)[0m 
[36m(ClientAppActor pid=804565)[0m         
[36m(ClientAppActor pid=804564)[0m 
[36m(ClientAppActor pid=804564)[0m         
[36m(ClientAppActor pid=804563)[0m 
[36m(ClientAppActor pid=804563)[0m         
[36m(ClientAppActor pid=804567)[0m 
[36m(ClientAppActor pid=804567)[0m         
[36m(ClientAppActor pid=804566)[0m 
[36m(ClientAppActor pid=804566)[0m         
[92mINFO [0m:      aggregate_fit: received 5 results and 0 failures
[92mINFO [0m:      fit progress: (10, 0.967144390296936, {'accuracy': 0.6771, 'loss': 0.967144390296936}, 219.04848408699036)
[92mINFO [0m:      configure_evaluate: strategy sampled 5 clients (out of 5)
[36m(ClientAppActor pid=804567)[0m 
[36m(ClientAppActor pid=804567)[0m         
[36m(ClientAppActor pid=804567)[0m [93mWARNING [0m:   DEPRECATED FEATURE: `client_fn` now expects a signature `def client_fn(context: Context)`.The provided `client_fn` has signature: {'cid': <Parameter "cid: str">}. You can import the `Context` like this: `from flwr.app import Context`[32m [repeated 10x across cluster][0m
[36m(ClientAppActor pid=804567)[0m             This is a deprecated feature. It will be removed[32m [repeated 10x across cluster][0m
[36m(ClientAppActor pid=804567)[0m             entirely in future versions of Flower.[32m [repeated 10x across cluster][0m
[36m(ClientAppActor pid=804566)[0m 
[36m(ClientAppActor pid=804566)[0m         
[36m(ClientAppActor pid=804564)[0m 
[36m(ClientAppActor pid=804564)[0m         
[36m(ClientAppActor pid=804563)[0m 
[36m(ClientAppActor pid=804563)[0m         
[36m(ClientAppActor pid=804565)[0m 
[36m(ClientAppActor pid=804565)[0m         
[92mINFO [0m:      aggregate_evaluate: received 5 results and 0 failures
[92mINFO [0m:      
[92mINFO [0m:      [SUMMARY]
[92mINFO [0m:      Run finished 10 round(s) in 219.81s
[92mINFO [0m:      	History (loss, distributed):
[92mINFO [0m:      		round 1: 2.268565822320388
[92mINFO [0m:      		round 2: 1.8447268490841895
[92mINFO [0m:      		round 3: 1.500690629774746
[92mINFO [0m:      		round 4: 1.2122894683932934
[92mINFO [0m:      		round 5: 1.111454993152418
[92mINFO [0m:      		round 6: 1.050745636824133
[92mINFO [0m:      		round 7: 0.9518763590615249
[92mINFO [0m:      		round 8: 0.9744401057082127
[92mINFO [0m:      		round 9: 0.9553879111534075
[92mINFO [0m:      		round 10: 0.961916960189885
[92mINFO [0m:      	History (loss, centralized):
[92mINFO [0m:      		round 0: 2.3034221733093263
[92mINFO [0m:      		round 1: 2.268884579467773
[92mINFO [0m:      		round 2: 1.8356493202209472
[92mINFO [0m:      		round 3: 1.4897731126785279
[92mINFO [0m:      		round 4: 1.202492283821106
[92mINFO [0m:      		round 5: 1.1060502872467042
[92mINFO [0m:      		round 6: 1.0504525374412537
[92mINFO [0m:      		round 7: 0.9407165270805359
[92mINFO [0m:      		round 8: 0.9806130959510804
[92mINFO [0m:      		round 9: 0.9627984846115112
[92mINFO [0m:      		round 10: 0.967144390296936
[92mINFO [0m:      	History (metrics, distributed, fit):
[92mINFO [0m:      	{'avg_flops_per_client_round': [(1, 8140805084160.0),
[92mINFO [0m:      	                                (2, 8140805084160.0),
[92mINFO [0m:      	                                (3, 8140805084160.0),
[92mINFO [0m:      	                                (4, 8140805084160.0),
[92mINFO [0m:      	                                (5, 8140805084160.0),
[92mINFO [0m:      	                                (6, 8140805084160.0),
[92mINFO [0m:      	                                (7, 8140805084160.0),
[92mINFO [0m:      	                                (8, 8140805084160.0),
[92mINFO [0m:      	                                (9, 8140805084160.0),
[92mINFO [0m:      	                                (10, 8140805084160.0)],
[92mINFO [0m:      	 'total_flops_round': [(1, 40704025420800),
[92mINFO [0m:      	                       (2, 40704025420800),
[92mINFO [0m:      	                       (3, 40704025420800),
[92mINFO [0m:      	                       (4, 40704025420800),
[92mINFO [0m:      	                       (5, 40704025420800),
[92mINFO [0m:      	                       (6, 40704025420800),
[92mINFO [0m:      	                       (7, 40704025420800),
[92mINFO [0m:      	                       (8, 40704025420800),
[92mINFO [0m:      	                       (9, 40704025420800),
[92mINFO [0m:      	                       (10, 40704025420800)]}
[92mINFO [0m:      	History (metrics, distributed, evaluate):
[92mINFO [0m:      	{'accuracy': [(1, 0.1853111867120272),
[92mINFO [0m:      	              (2, 0.40764458675205123),
[92mINFO [0m:      	              (3, 0.4706824094456674),
[92mINFO [0m:      	              (4, 0.5855513307984791),
[92mINFO [0m:      	              (5, 0.615569341604963),
[92mINFO [0m:      	              (6, 0.6391835101060637),
[92mINFO [0m:      	              (7, 0.6736041624974985),
[92mINFO [0m:      	              (8, 0.6657994796878127),
[92mINFO [0m:      	              (9, 0.6768060836501901),
[92mINFO [0m:      	              (10, 0.6860116069641785)],
[92mINFO [0m:      	 'loss': [(1, 2.268565822320388),
[92mINFO [0m:      	          (2, 1.8447268490841895),
[92mINFO [0m:      	          (3, 1.500690629774746),
[92mINFO [0m:      	          (4, 1.2122894683932934),
[92mINFO [0m:      	          (5, 1.111454993152418),
[92mINFO [0m:      	          (6, 1.050745636824133),
[92mINFO [0m:      	          (7, 0.9518763590615249),
[92mINFO [0m:      	          (8, 0.9744401057082127),
[92mINFO [0m:      	          (9, 0.9553879111534075),
[92mINFO [0m:      	          (10, 0.961916960189885)]}
[92mINFO [0m:      	History (metrics, centralized):
[92mINFO [0m:      	{'accuracy': [(0, 0.1004),
[92mINFO [0m:      	              (1, 0.1918),
[92mINFO [0m:      	              (2, 0.4089),
[92mINFO [0m:      	              (3, 0.4612),
[92mINFO [0m:      	              (4, 0.5832),
[92mINFO [0m:      	              (5, 0.6148),
[92mINFO [0m:      	              (6, 0.6367),
[92mINFO [0m:      	              (7, 0.6744),
[92mINFO [0m:      	              (8, 0.6664),
[92mINFO [0m:      	              (9, 0.6737),
[92mINFO [0m:      	              (10, 0.6771)],
[92mINFO [0m:      	 'loss': [(0, 2.3034221733093263),
[92mINFO [0m:      	          (1, 2.268884579467773),
[92mINFO [0m:      	          (2, 1.8356493202209472),
[92mINFO [0m:      	          (3, 1.4897731126785279),
[92mINFO [0m:      	          (4, 1.202492283821106),
[92mINFO [0m:      	          (5, 1.1060502872467042),
[92mINFO [0m:      	          (6, 1.0504525374412537),
[92mINFO [0m:      	          (7, 0.9407165270805359),
[92mINFO [0m:      	          (8, 0.9806130959510804),
[92mINFO [0m:      	          (9, 0.9627984846115112),
[92mINFO [0m:      	          (10, 0.967144390296936)]}
[92mINFO [0m:      
Treinando no dispositivo: cuda:0 com o dataset: CIFAR10 | Setup clientes: 5 (num_gpus por cliente=0.2) | SEED=42 | Método: FedProx (mu=0.01)
FLOPS por amostra (forward): 6.030e+07 | (forward+backward, 3x): 1.809e+08
Files already downloaded and verified
Files already downloaded and verified
Dividindo o dataset usando a distribuição de Dirichlet com alpha=0.1.
Iniciando a simulação de Aprendizado Federado...
=== Diagnóstico de Medição de GPU ===
  pynvml_disponivel: True
  pynvml_versao: 580.173.02
  gpus_detectadas: 1
  leitura_potencia_ok: True
  potencia_atual_W: 114.071

--- Rodada 0 - Avaliação Centralizada (Servidor) ---
Loss (Servidor): 2.3034 | Acurácia (Servidor): 0.1004

--- Rodada 1 - Avaliação Centralizada (Servidor) ---
Loss (Servidor): 2.2689 | Acurácia (Servidor): 0.1918
--- Avaliação Agregada (Clientes) ---
Loss Média (Clientes): 2.2686 | Acurácia Média (Clientes): 0.1853

--- Rodada 2 - Avaliação Centralizada (Servidor) ---
Loss (Servidor): 1.8356 | Acurácia (Servidor): 0.4089
--- Avaliação Agregada (Clientes) ---
Loss Média (Clientes): 1.8447 | Acurácia Média (Clientes): 0.4076

--- Rodada 3 - Avaliação Centralizada (Servidor) ---
Loss (Servidor): 1.4898 | Acurácia (Servidor): 0.4612
--- Avaliação Agregada (Clientes) ---
Loss Média (Clientes): 1.5007 | Acurácia Média (Clientes): 0.4707

--- Rodada 4 - Avaliação Centralizada (Servidor) ---
Loss (Servidor): 1.2025 | Acurácia (Servidor): 0.5832
--- Avaliação Agregada (Clientes) ---
Loss Média (Clientes): 1.2123 | Acurácia Média (Clientes): 0.5856

--- Rodada 5 - Avaliação Centralizada (Servidor) ---
Loss (Servidor): 1.1061 | Acurácia (Servidor): 0.6148
--- Avaliação Agregada (Clientes) ---
Loss Média (Clientes): 1.1115 | Acurácia Média (Clientes): 0.6156

--- Rodada 6 - Avaliação Centralizada (Servidor) ---
Loss (Servidor): 1.0505 | Acurácia (Servidor): 0.6367
--- Avaliação Agregada (Clientes) ---
Loss Média (Clientes): 1.0507 | Acurácia Média (Clientes): 0.6392

--- Rodada 7 - Avaliação Centralizada (Servidor) ---
Loss (Servidor): 0.9407 | Acurácia (Servidor): 0.6744
--- Avaliação Agregada (Clientes) ---
Loss Média (Clientes): 0.9519 | Acurácia Média (Clientes): 0.6736

--- Rodada 8 - Avaliação Centralizada (Servidor) ---
Loss (Servidor): 0.9806 | Acurácia (Servidor): 0.6664
--- Avaliação Agregada (Clientes) ---
Loss Média (Clientes): 0.9744 | Acurácia Média (Clientes): 0.6658

--- Rodada 9 - Avaliação Centralizada (Servidor) ---
Loss (Servidor): 0.9628 | Acurácia (Servidor): 0.6737
--- Avaliação Agregada (Clientes) ---
Loss Média (Clientes): 0.9554 | Acurácia Média (Clientes): 0.6768

--- Rodada 10 - Avaliação Centralizada (Servidor) ---
Loss (Servidor): 0.9671 | Acurácia (Servidor): 0.6771
--- Avaliação Agregada (Clientes) ---
Loss Média (Clientes): 0.9619 | Acurácia Média (Clientes): 0.6860

Resultados salvos em: /home/tiago/GitHubProjects/fedhad-thesis-2/FedProx-results/1.1_diagnostico_drift/CIFAR10/FedProx__CIFAR10__Setup-5__Clients-5__Rounds-10__Delay-0_05__Alpha-0_1__Seed-42.txt
[36m(ClientAppActor pid=804565)[0m [93mWARNING [0m:   DEPRECATED FEATURE: `client_fn` now expects a signature `def client_fn(context: Context)`.The provided `client_fn` has signature: {'cid': <Parameter "cid: str">}. You can import the `Context` like this: `from flwr.app import Context`[32m [repeated 4x across cluster][0m
[36m(ClientAppActor pid=804565)[0m             This is a deprecated feature. It will be removed[32m [repeated 4x across cluster][0m
[36m(ClientAppActor pid=804565)[0m             entirely in future versions of Flower.[32m [repeated 4x across cluster][0m
