/home/tiago/GitHubProjects/fedhad-thesis-2/env_flwr_pt/lib/python3.12/site-packages/torch/utils/data/dataset.py:473: UserWarning: Length of split at index 0 is 0. This might result in an empty dataset.
  warnings.warn(
[codecarbon WARNING @ 16:02:04] Multiple instances of codecarbon are allowed to run at the same time.
[93mWARNING [0m:   DEPRECATED FEATURE: flwr.simulation.start_simulation() is deprecated.
	Instead, use the `flwr run` CLI command to start a local simulation in your Flower app, as shown for example below:

		$ flwr new  # Create a new Flower app from a template

		$ flwr run  # Run the Flower app in Simulation Mode

	Using `start_simulation()` is deprecated.

            This is a deprecated feature. It will be removed
            entirely in future versions of Flower.
        
[92mINFO [0m:      Starting Flower simulation, config: num_rounds=10, no round_timeout
2026-09-04 16:02:13,120	INFO worker.py:2012 -- Started a local Ray instance.
/home/tiago/GitHubProjects/fedhad-thesis-2/env_flwr_pt/lib/python3.12/site-packages/ray/_private/worker.py:2051: FutureWarning: Tip: In future versions of Ray, Ray will no longer override accelerator visible devices env var if num_gpus=0 or num_gpus=None (default). To enable this behavior and turn off this error message, set RAY_ACCEL_ENV_VAR_OVERRIDE_ON_ZERO=0
  warnings.warn(
[92mINFO [0m:      Flower VCE: Ray initialized with resources: {'node:__internal_head__': 1.0, 'accelerator_type:A40': 1.0, 'object_store_memory': 77450264985.0, 'CPU': 64.0, 'memory': 180717284967.0, 'node:10.129.64.100': 1.0, 'GPU': 1.0}
[92mINFO [0m:      Optimize your simulation with Flower VCE: https://flower.ai/docs/framework/how-to-run-simulations.html
/home/tiago/GitHubProjects/fedhad-thesis-2/FedProx_Final.py:1601: UserWarning: No `num_cpus` specified in `client_resources`. Using `num_cpus=1` for each client.
  history = fl.simulation.start_simulation(
[92mINFO [0m:      Flower VCE: Resources for each Virtual Client: {'num_gpus': 0.2, 'num_cpus': 1}
[92mINFO [0m:      Flower VCE: Creating VirtualClientEngineActorPool with 5 actors
[92mINFO [0m:      [INIT]
[92mINFO [0m:      Requesting initial parameters from one random client
[36m(ClientAppActor pid=945021)[0m [93mWARNING [0m:   DEPRECATED FEATURE: `client_fn` now expects a signature `def client_fn(context: Context)`.The provided `client_fn` has signature: {'cid': <Parameter "cid: str">}. You can import the `Context` like this: `from flwr.app import Context`
[36m(ClientAppActor pid=945021)[0m 
[36m(ClientAppActor pid=945021)[0m             This is a deprecated feature. It will be removed
[36m(ClientAppActor pid=945021)[0m             entirely in future versions of Flower.
[36m(ClientAppActor pid=945021)[0m         
[92mINFO [0m:      Received initial parameters from one random client
[92mINFO [0m:      Starting evaluation of initial global parameters
[92mINFO [0m:      initial parameters (loss, other metrics): 2.303151707839966, {'accuracy': 0.1, 'loss': 2.303151707839966}
[92mINFO [0m:      
[92mINFO [0m:      [ROUND 1]
[92mINFO [0m:      configure_fit: strategy sampled 5 clients (out of 5)
[36m(ClientAppActor pid=945021)[0m [93mWARNING [0m:   DEPRECATED FEATURE: `client_fn` now expects a signature `def client_fn(context: Context)`.The provided `client_fn` has signature: {'cid': <Parameter "cid: str">}. You can import the `Context` like this: `from flwr.app import Context`
[36m(ClientAppActor pid=945021)[0m 
[36m(ClientAppActor pid=945021)[0m             This is a deprecated feature. It will be removed
[36m(ClientAppActor pid=945021)[0m             entirely in future versions of Flower.
[36m(ClientAppActor pid=945021)[0m         
[36m(ClientAppActor pid=945020)[0m 
[36m(ClientAppActor pid=945020)[0m         
[36m(ClientAppActor pid=945019)[0m 
[36m(ClientAppActor pid=945019)[0m         
[36m(ClientAppActor pid=945018)[0m 
[36m(ClientAppActor pid=945018)[0m         
[36m(ClientAppActor pid=945017)[0m 
[36m(ClientAppActor pid=945017)[0m         
[92mINFO [0m:      aggregate_fit: received 5 results and 0 failures
[92mINFO [0m:      fit progress: (1, 2.311717653656006, {'accuracy': 0.1, 'loss': 2.311717653656006}, 19.900290607998613)
[92mINFO [0m:      configure_evaluate: strategy sampled 5 clients (out of 5)
[36m(ClientAppActor pid=945019)[0m 
[36m(ClientAppActor pid=945019)[0m         
[36m(ClientAppActor pid=945019)[0m [93mWARNING [0m:   DEPRECATED FEATURE: `client_fn` now expects a signature `def client_fn(context: Context)`.The provided `client_fn` has signature: {'cid': <Parameter "cid: str">}. You can import the `Context` like this: `from flwr.app import Context`[32m [repeated 5x across cluster] (Ray deduplicates logs by default. Set RAY_DEDUP_LOGS=0 to disable log deduplication, or see https://docs.ray.io/en/master/ray-observability/user-guides/configure-logging.html#log-deduplication for more options.)[0m
[36m(ClientAppActor pid=945019)[0m             This is a deprecated feature. It will be removed[32m [repeated 5x across cluster][0m
[36m(ClientAppActor pid=945019)[0m             entirely in future versions of Flower.[32m [repeated 5x across cluster][0m
[36m(ClientAppActor pid=945020)[0m 
[36m(ClientAppActor pid=945020)[0m         
[36m(ClientAppActor pid=945017)[0m 
[36m(ClientAppActor pid=945017)[0m         
[36m(ClientAppActor pid=945021)[0m 
[36m(ClientAppActor pid=945021)[0m         
[36m(ClientAppActor pid=945018)[0m 
[36m(ClientAppActor pid=945018)[0m         
[92mINFO [0m:      aggregate_evaluate: received 5 results and 0 failures
[92mINFO [0m:      
[92mINFO [0m:      [ROUND 2]
[92mINFO [0m:      configure_fit: strategy sampled 5 clients (out of 5)
[36m(ClientAppActor pid=945018)[0m 
[36m(ClientAppActor pid=945018)[0m         
[36m(ClientAppActor pid=945017)[0m 
[36m(ClientAppActor pid=945017)[0m         
[36m(ClientAppActor pid=945021)[0m 
[36m(ClientAppActor pid=945021)[0m         
[36m(ClientAppActor pid=945020)[0m 
[36m(ClientAppActor pid=945020)[0m         
[36m(ClientAppActor pid=945019)[0m 
[36m(ClientAppActor pid=945019)[0m         
[92mINFO [0m:      aggregate_fit: received 5 results and 0 failures
[92mINFO [0m:      fit progress: (2, 2.1131547691345216, {'accuracy': 0.2383, 'loss': 2.1131547691345216}, 39.06290187698323)
[92mINFO [0m:      configure_evaluate: strategy sampled 5 clients (out of 5)
[36m(ClientAppActor pid=945019)[0m 
[36m(ClientAppActor pid=945019)[0m         
[36m(ClientAppActor pid=945019)[0m [93mWARNING [0m:   DEPRECATED FEATURE: `client_fn` now expects a signature `def client_fn(context: Context)`.The provided `client_fn` has signature: {'cid': <Parameter "cid: str">}. You can import the `Context` like this: `from flwr.app import Context`[32m [repeated 10x across cluster][0m
[36m(ClientAppActor pid=945019)[0m             This is a deprecated feature. It will be removed[32m [repeated 10x across cluster][0m
[36m(ClientAppActor pid=945019)[0m             entirely in future versions of Flower.[32m [repeated 10x across cluster][0m
[36m(ClientAppActor pid=945021)[0m 
[36m(ClientAppActor pid=945021)[0m         
[36m(ClientAppActor pid=945017)[0m 
[36m(ClientAppActor pid=945017)[0m         
[36m(ClientAppActor pid=945018)[0m 
[36m(ClientAppActor pid=945018)[0m         
[36m(ClientAppActor pid=945020)[0m 
[36m(ClientAppActor pid=945020)[0m         
[92mINFO [0m:      aggregate_evaluate: received 5 results and 0 failures
[92mINFO [0m:      
[92mINFO [0m:      [ROUND 3]
[92mINFO [0m:      configure_fit: strategy sampled 5 clients (out of 5)
[36m(ClientAppActor pid=945020)[0m 
[36m(ClientAppActor pid=945020)[0m         
[36m(ClientAppActor pid=945018)[0m 
[36m(ClientAppActor pid=945018)[0m         
[36m(ClientAppActor pid=945017)[0m 
[36m(ClientAppActor pid=945017)[0m         
[36m(ClientAppActor pid=945021)[0m 
[36m(ClientAppActor pid=945021)[0m         
[36m(ClientAppActor pid=945019)[0m 
[36m(ClientAppActor pid=945019)[0m         
[92mINFO [0m:      aggregate_fit: received 5 results and 0 failures
[92mINFO [0m:      fit progress: (3, 1.9292922065734863, {'accuracy': 0.2875, 'loss': 1.9292922065734863}, 58.141050089965574)
[92mINFO [0m:      configure_evaluate: strategy sampled 5 clients (out of 5)
[36m(ClientAppActor pid=945017)[0m 
[36m(ClientAppActor pid=945017)[0m         
[36m(ClientAppActor pid=945017)[0m [93mWARNING [0m:   DEPRECATED FEATURE: `client_fn` now expects a signature `def client_fn(context: Context)`.The provided `client_fn` has signature: {'cid': <Parameter "cid: str">}. You can import the `Context` like this: `from flwr.app import Context`[32m [repeated 10x across cluster][0m
[36m(ClientAppActor pid=945017)[0m             This is a deprecated feature. It will be removed[32m [repeated 10x across cluster][0m
[36m(ClientAppActor pid=945017)[0m             entirely in future versions of Flower.[32m [repeated 10x across cluster][0m
[36m(ClientAppActor pid=945020)[0m 
[36m(ClientAppActor pid=945020)[0m         
[36m(ClientAppActor pid=945021)[0m 
[36m(ClientAppActor pid=945021)[0m         
[36m(ClientAppActor pid=945018)[0m 
[36m(ClientAppActor pid=945018)[0m         
[36m(ClientAppActor pid=945019)[0m 
[36m(ClientAppActor pid=945019)[0m         
[92mINFO [0m:      aggregate_evaluate: received 5 results and 0 failures
[92mINFO [0m:      
[92mINFO [0m:      [ROUND 4]
[92mINFO [0m:      configure_fit: strategy sampled 5 clients (out of 5)
[36m(ClientAppActor pid=945019)[0m 
[36m(ClientAppActor pid=945019)[0m         
[36m(ClientAppActor pid=945021)[0m 
[36m(ClientAppActor pid=945021)[0m         
[36m(ClientAppActor pid=945018)[0m 
[36m(ClientAppActor pid=945018)[0m         
[36m(ClientAppActor pid=945020)[0m 
[36m(ClientAppActor pid=945020)[0m         
[36m(ClientAppActor pid=945017)[0m 
[36m(ClientAppActor pid=945017)[0m         
[92mINFO [0m:      aggregate_fit: received 5 results and 0 failures
[92mINFO [0m:      fit progress: (4, 1.8295862335205078, {'accuracy': 0.3684, 'loss': 1.8295862335205078}, 76.9529764970066)
[92mINFO [0m:      configure_evaluate: strategy sampled 5 clients (out of 5)
[36m(ClientAppActor pid=945018)[0m 
[36m(ClientAppActor pid=945018)[0m         
[36m(ClientAppActor pid=945018)[0m [93mWARNING [0m:   DEPRECATED FEATURE: `client_fn` now expects a signature `def client_fn(context: Context)`.The provided `client_fn` has signature: {'cid': <Parameter "cid: str">}. You can import the `Context` like this: `from flwr.app import Context`[32m [repeated 10x across cluster][0m
[36m(ClientAppActor pid=945018)[0m             This is a deprecated feature. It will be removed[32m [repeated 10x across cluster][0m
[36m(ClientAppActor pid=945018)[0m             entirely in future versions of Flower.[32m [repeated 10x across cluster][0m
[36m(ClientAppActor pid=945021)[0m 
[36m(ClientAppActor pid=945021)[0m         
[36m(ClientAppActor pid=945017)[0m 
[36m(ClientAppActor pid=945017)[0m         
[36m(ClientAppActor pid=945020)[0m 
[36m(ClientAppActor pid=945020)[0m         
[36m(ClientAppActor pid=945019)[0m 
[36m(ClientAppActor pid=945019)[0m         
[92mINFO [0m:      aggregate_evaluate: received 5 results and 0 failures
[92mINFO [0m:      
[92mINFO [0m:      [ROUND 5]
[92mINFO [0m:      configure_fit: strategy sampled 5 clients (out of 5)
[36m(ClientAppActor pid=945019)[0m 
[36m(ClientAppActor pid=945019)[0m         
[36m(ClientAppActor pid=945017)[0m 
[36m(ClientAppActor pid=945017)[0m         
[36m(ClientAppActor pid=945021)[0m 
[36m(ClientAppActor pid=945021)[0m         
[36m(ClientAppActor pid=945020)[0m 
[36m(ClientAppActor pid=945020)[0m         
[36m(ClientAppActor pid=945018)[0m 
[36m(ClientAppActor pid=945018)[0m         
[92mINFO [0m:      aggregate_fit: received 5 results and 0 failures
[92mINFO [0m:      fit progress: (5, 1.5832433547973632, {'accuracy': 0.4555, 'loss': 1.5832433547973632}, 95.88904392300174)
[92mINFO [0m:      configure_evaluate: strategy sampled 5 clients (out of 5)
[36m(ClientAppActor pid=945018)[0m 
[36m(ClientAppActor pid=945018)[0m         
[36m(ClientAppActor pid=945018)[0m [93mWARNING [0m:   DEPRECATED FEATURE: `client_fn` now expects a signature `def client_fn(context: Context)`.The provided `client_fn` has signature: {'cid': <Parameter "cid: str">}. You can import the `Context` like this: `from flwr.app import Context`[32m [repeated 10x across cluster][0m
[36m(ClientAppActor pid=945018)[0m             This is a deprecated feature. It will be removed[32m [repeated 10x across cluster][0m
[36m(ClientAppActor pid=945018)[0m             entirely in future versions of Flower.[32m [repeated 10x across cluster][0m
[36m(ClientAppActor pid=945017)[0m 
[36m(ClientAppActor pid=945017)[0m         
[36m(ClientAppActor pid=945021)[0m 
[36m(ClientAppActor pid=945021)[0m         
[36m(ClientAppActor pid=945020)[0m 
[36m(ClientAppActor pid=945020)[0m         
[36m(ClientAppActor pid=945019)[0m 
[36m(ClientAppActor pid=945019)[0m         
[92mINFO [0m:      aggregate_evaluate: received 5 results and 0 failures
[92mINFO [0m:      
[92mINFO [0m:      [ROUND 6]
[92mINFO [0m:      configure_fit: strategy sampled 5 clients (out of 5)
[36m(ClientAppActor pid=945019)[0m 
[36m(ClientAppActor pid=945019)[0m         
[36m(ClientAppActor pid=945020)[0m 
[36m(ClientAppActor pid=945020)[0m         
[36m(ClientAppActor pid=945017)[0m 
[36m(ClientAppActor pid=945017)[0m         
[36m(ClientAppActor pid=945021)[0m 
[36m(ClientAppActor pid=945021)[0m         
[36m(ClientAppActor pid=945018)[0m 
[36m(ClientAppActor pid=945018)[0m         
[92mINFO [0m:      aggregate_fit: received 5 results and 0 failures
[92mINFO [0m:      fit progress: (6, 1.4984067615509034, {'accuracy': 0.4792, 'loss': 1.4984067615509034}, 114.9201720309793)
[92mINFO [0m:      configure_evaluate: strategy sampled 5 clients (out of 5)
[36m(ClientAppActor pid=945021)[0m 
[36m(ClientAppActor pid=945021)[0m         
[36m(ClientAppActor pid=945021)[0m [93mWARNING [0m:   DEPRECATED FEATURE: `client_fn` now expects a signature `def client_fn(context: Context)`.The provided `client_fn` has signature: {'cid': <Parameter "cid: str">}. You can import the `Context` like this: `from flwr.app import Context`[32m [repeated 10x across cluster][0m
[36m(ClientAppActor pid=945021)[0m             This is a deprecated feature. It will be removed[32m [repeated 10x across cluster][0m
[36m(ClientAppActor pid=945021)[0m             entirely in future versions of Flower.[32m [repeated 10x across cluster][0m
[36m(ClientAppActor pid=945020)[0m 
[36m(ClientAppActor pid=945020)[0m         
[36m(ClientAppActor pid=945017)[0m 
[36m(ClientAppActor pid=945017)[0m         
[36m(ClientAppActor pid=945019)[0m 
[36m(ClientAppActor pid=945019)[0m         
[36m(ClientAppActor pid=945018)[0m 
[36m(ClientAppActor pid=945018)[0m         
[92mINFO [0m:      aggregate_evaluate: received 5 results and 0 failures
[92mINFO [0m:      
[92mINFO [0m:      [ROUND 7]
[92mINFO [0m:      configure_fit: strategy sampled 5 clients (out of 5)
[36m(ClientAppActor pid=945018)[0m 
[36m(ClientAppActor pid=945018)[0m         
[36m(ClientAppActor pid=945019)[0m 
[36m(ClientAppActor pid=945019)[0m         
[36m(ClientAppActor pid=945017)[0m 
[36m(ClientAppActor pid=945017)[0m         
[36m(ClientAppActor pid=945021)[0m 
[36m(ClientAppActor pid=945021)[0m         
[36m(ClientAppActor pid=945020)[0m 
[36m(ClientAppActor pid=945020)[0m         
[92mINFO [0m:      aggregate_fit: received 5 results and 0 failures
[92mINFO [0m:      fit progress: (7, 1.52407273979187, {'accuracy': 0.4764, 'loss': 1.52407273979187}, 133.7281570119667)
[92mINFO [0m:      configure_evaluate: strategy sampled 5 clients (out of 5)
[36m(ClientAppActor pid=945020)[0m 
[36m(ClientAppActor pid=945020)[0m         
[36m(ClientAppActor pid=945020)[0m [93mWARNING [0m:   DEPRECATED FEATURE: `client_fn` now expects a signature `def client_fn(context: Context)`.The provided `client_fn` has signature: {'cid': <Parameter "cid: str">}. You can import the `Context` like this: `from flwr.app import Context`[32m [repeated 10x across cluster][0m
[36m(ClientAppActor pid=945020)[0m             This is a deprecated feature. It will be removed[32m [repeated 10x across cluster][0m
[36m(ClientAppActor pid=945020)[0m             entirely in future versions of Flower.[32m [repeated 10x across cluster][0m
[36m(ClientAppActor pid=945021)[0m 
[36m(ClientAppActor pid=945021)[0m         
[36m(ClientAppActor pid=945019)[0m 
[36m(ClientAppActor pid=945019)[0m         
[36m(ClientAppActor pid=945018)[0m 
[36m(ClientAppActor pid=945018)[0m         
[36m(ClientAppActor pid=945017)[0m 
[36m(ClientAppActor pid=945017)[0m         
[92mINFO [0m:      aggregate_evaluate: received 5 results and 0 failures
[92mINFO [0m:      
[92mINFO [0m:      [ROUND 8]
[92mINFO [0m:      configure_fit: strategy sampled 5 clients (out of 5)
[36m(ClientAppActor pid=945017)[0m 
[36m(ClientAppActor pid=945017)[0m         
[36m(ClientAppActor pid=945021)[0m 
[36m(ClientAppActor pid=945021)[0m         
[36m(ClientAppActor pid=945019)[0m 
[36m(ClientAppActor pid=945019)[0m         
[36m(ClientAppActor pid=945018)[0m 
[36m(ClientAppActor pid=945018)[0m         
[36m(ClientAppActor pid=945020)[0m 
[36m(ClientAppActor pid=945020)[0m         
[92mINFO [0m:      aggregate_fit: received 5 results and 0 failures
[92mINFO [0m:      fit progress: (8, 1.4769930925369263, {'accuracy': 0.5078, 'loss': 1.4769930925369263}, 152.67484372400213)
[92mINFO [0m:      configure_evaluate: strategy sampled 5 clients (out of 5)
[36m(ClientAppActor pid=945020)[0m 
[36m(ClientAppActor pid=945020)[0m         
[36m(ClientAppActor pid=945020)[0m [93mWARNING [0m:   DEPRECATED FEATURE: `client_fn` now expects a signature `def client_fn(context: Context)`.The provided `client_fn` has signature: {'cid': <Parameter "cid: str">}. You can import the `Context` like this: `from flwr.app import Context`[32m [repeated 10x across cluster][0m
[36m(ClientAppActor pid=945020)[0m             This is a deprecated feature. It will be removed[32m [repeated 10x across cluster][0m
[36m(ClientAppActor pid=945020)[0m             entirely in future versions of Flower.[32m [repeated 10x across cluster][0m
[36m(ClientAppActor pid=945017)[0m 
[36m(ClientAppActor pid=945017)[0m         
[36m(ClientAppActor pid=945019)[0m 
[36m(ClientAppActor pid=945019)[0m         
[36m(ClientAppActor pid=945018)[0m 
[36m(ClientAppActor pid=945018)[0m         
[36m(ClientAppActor pid=945021)[0m 
[36m(ClientAppActor pid=945021)[0m         
[92mINFO [0m:      aggregate_evaluate: received 5 results and 0 failures
[92mINFO [0m:      
[92mINFO [0m:      [ROUND 9]
[92mINFO [0m:      configure_fit: strategy sampled 5 clients (out of 5)
[36m(ClientAppActor pid=945021)[0m 
[36m(ClientAppActor pid=945021)[0m         
[36m(ClientAppActor pid=945018)[0m 
[36m(ClientAppActor pid=945018)[0m         
[36m(ClientAppActor pid=945019)[0m 
[36m(ClientAppActor pid=945019)[0m         
[36m(ClientAppActor pid=945017)[0m 
[36m(ClientAppActor pid=945017)[0m         
[36m(ClientAppActor pid=945020)[0m 
[36m(ClientAppActor pid=945020)[0m         
[92mINFO [0m:      aggregate_fit: received 5 results and 0 failures
[92mINFO [0m:      fit progress: (9, 1.4859759647369384, {'accuracy': 0.5122, 'loss': 1.4859759647369384}, 171.7923529399559)
[92mINFO [0m:      configure_evaluate: strategy sampled 5 clients (out of 5)
[36m(ClientAppActor pid=945020)[0m 
[36m(ClientAppActor pid=945020)[0m         
[36m(ClientAppActor pid=945020)[0m [93mWARNING [0m:   DEPRECATED FEATURE: `client_fn` now expects a signature `def client_fn(context: Context)`.The provided `client_fn` has signature: {'cid': <Parameter "cid: str">}. You can import the `Context` like this: `from flwr.app import Context`[32m [repeated 10x across cluster][0m
[36m(ClientAppActor pid=945020)[0m             This is a deprecated feature. It will be removed[32m [repeated 10x across cluster][0m
[36m(ClientAppActor pid=945020)[0m             entirely in future versions of Flower.[32m [repeated 10x across cluster][0m
[36m(ClientAppActor pid=945017)[0m 
[36m(ClientAppActor pid=945017)[0m         
[36m(ClientAppActor pid=945018)[0m 
[36m(ClientAppActor pid=945018)[0m         
[36m(ClientAppActor pid=945021)[0m 
[36m(ClientAppActor pid=945021)[0m         
[36m(ClientAppActor pid=945019)[0m 
[36m(ClientAppActor pid=945019)[0m         
[92mINFO [0m:      aggregate_evaluate: received 5 results and 0 failures
[92mINFO [0m:      
[92mINFO [0m:      [ROUND 10]
[92mINFO [0m:      configure_fit: strategy sampled 5 clients (out of 5)
[36m(ClientAppActor pid=945019)[0m 
[36m(ClientAppActor pid=945019)[0m         
[36m(ClientAppActor pid=945018)[0m 
[36m(ClientAppActor pid=945018)[0m         
[36m(ClientAppActor pid=945021)[0m 
[36m(ClientAppActor pid=945021)[0m         
[36m(ClientAppActor pid=945017)[0m 
[36m(ClientAppActor pid=945017)[0m         
[36m(ClientAppActor pid=945020)[0m 
[36m(ClientAppActor pid=945020)[0m         
[92mINFO [0m:      aggregate_fit: received 5 results and 0 failures
[92mINFO [0m:      fit progress: (10, 1.4291311166763305, {'accuracy': 0.5157, 'loss': 1.4291311166763305}, 190.76164502999745)
[92mINFO [0m:      configure_evaluate: strategy sampled 5 clients (out of 5)
[36m(ClientAppActor pid=945020)[0m 
[36m(ClientAppActor pid=945020)[0m         
[36m(ClientAppActor pid=945020)[0m [93mWARNING [0m:   DEPRECATED FEATURE: `client_fn` now expects a signature `def client_fn(context: Context)`.The provided `client_fn` has signature: {'cid': <Parameter "cid: str">}. You can import the `Context` like this: `from flwr.app import Context`[32m [repeated 10x across cluster][0m
[36m(ClientAppActor pid=945020)[0m             This is a deprecated feature. It will be removed[32m [repeated 10x across cluster][0m
[36m(ClientAppActor pid=945020)[0m             entirely in future versions of Flower.[32m [repeated 10x across cluster][0m
[36m(ClientAppActor pid=945017)[0m 
[36m(ClientAppActor pid=945017)[0m         
[36m(ClientAppActor pid=945018)[0m 
[36m(ClientAppActor pid=945018)[0m         
[36m(ClientAppActor pid=945019)[0m 
[36m(ClientAppActor pid=945019)[0m         
[36m(ClientAppActor pid=945021)[0m 
[36m(ClientAppActor pid=945021)[0m         
[92mINFO [0m:      aggregate_evaluate: received 5 results and 0 failures
[92mINFO [0m:      
[92mINFO [0m:      [SUMMARY]
[92mINFO [0m:      Run finished 10 round(s) in 191.72s
[92mINFO [0m:      	History (loss, distributed):
[92mINFO [0m:      		round 1: 2.312660177365902
[92mINFO [0m:      		round 2: 2.1144274616508536
[92mINFO [0m:      		round 3: 1.9359438892936058
[92mINFO [0m:      		round 4: 1.83503778528323
[92mINFO [0m:      		round 5: 1.577061715448444
[92mINFO [0m:      		round 6: 1.4950608874254405
[92mINFO [0m:      		round 7: 1.5151038853543644
[92mINFO [0m:      		round 8: 1.4689553369400763
[92mINFO [0m:      		round 9: 1.4728092587359025
[92mINFO [0m:      		round 10: 1.4085632248338782
[92mINFO [0m:      	History (loss, centralized):
[92mINFO [0m:      		round 0: 2.303151707839966
[92mINFO [0m:      		round 1: 2.311717653656006
[92mINFO [0m:      		round 2: 2.1131547691345216
[92mINFO [0m:      		round 3: 1.9292922065734863
[92mINFO [0m:      		round 4: 1.8295862335205078
[92mINFO [0m:      		round 5: 1.5832433547973632
[92mINFO [0m:      		round 6: 1.4984067615509034
[92mINFO [0m:      		round 7: 1.52407273979187
[92mINFO [0m:      		round 8: 1.4769930925369263
[92mINFO [0m:      		round 9: 1.4859759647369384
[92mINFO [0m:      		round 10: 1.4291311166763305
[92mINFO [0m:      	History (metrics, distributed, fit):
[92mINFO [0m:      	{'avg_flops_per_client_round': [(1, 8140443294720.0),
[92mINFO [0m:      	                                (2, 8140443294720.0),
[92mINFO [0m:      	                                (3, 8140443294720.0),
[92mINFO [0m:      	                                (4, 8140443294720.0),
[92mINFO [0m:      	                                (5, 8140443294720.0),
[92mINFO [0m:      	                                (6, 8140443294720.0),
[92mINFO [0m:      	                                (7, 8140443294720.0),
[92mINFO [0m:      	                                (8, 8140443294720.0),
[92mINFO [0m:      	                                (9, 8140443294720.0),
[92mINFO [0m:      	                                (10, 8140443294720.0)],
[92mINFO [0m:      	 'total_flops_round': [(1, 40702216473600),
[92mINFO [0m:      	                       (2, 40702216473600),
[92mINFO [0m:      	                       (3, 40702216473600),
[92mINFO [0m:      	                       (4, 40702216473600),
[92mINFO [0m:      	                       (5, 40702216473600),
[92mINFO [0m:      	                       (6, 40702216473600),
[92mINFO [0m:      	                       (7, 40702216473600),
[92mINFO [0m:      	                       (8, 40702216473600),
[92mINFO [0m:      	                       (9, 40702216473600),
[92mINFO [0m:      	                       (10, 40702216473600)]}
[92mINFO [0m:      	History (metrics, distributed, evaluate):
[92mINFO [0m:      	{'accuracy': [(1, 0.09981996399279858),
[92mINFO [0m:      	              (2, 0.24144828965793158),
[92mINFO [0m:      	              (3, 0.2976595319063813),
[92mINFO [0m:      	              (4, 0.3660732146429286),
[92mINFO [0m:      	              (5, 0.4568913782756551),
[92mINFO [0m:      	              (6, 0.47749549909982),
[92mINFO [0m:      	              (7, 0.47449489897979596),
[92mINFO [0m:      	              (8, 0.5061012202440488),
[92mINFO [0m:      	              (9, 0.50750150030006),
[92mINFO [0m:      	              (10, 0.5139027805561113)],
[92mINFO [0m:      	 'loss': [(1, 2.312660177365902),
[92mINFO [0m:      	          (2, 2.1144274616508536),
[92mINFO [0m:      	          (3, 1.9359438892936058),
[92mINFO [0m:      	          (4, 1.83503778528323),
[92mINFO [0m:      	          (5, 1.577061715448444),
[92mINFO [0m:      	          (6, 1.4950608874254405),
[92mINFO [0m:      	          (7, 1.5151038853543644),
[92mINFO [0m:      	          (8, 1.4689553369400763),
[92mINFO [0m:      	          (9, 1.4728092587359025),
[92mINFO [0m:      	          (10, 1.4085632248338782)]}
[92mINFO [0m:      	History (metrics, centralized):
[92mINFO [0m:      	{'accuracy': [(0, 0.1),
[92mINFO [0m:      	              (1, 0.1),
[92mINFO [0m:      	              (2, 0.2383),
[92mINFO [0m:      	              (3, 0.2875),
[92mINFO [0m:      	              (4, 0.3684),
[92mINFO [0m:      	              (5, 0.4555),
[92mINFO [0m:      	              (6, 0.4792),
[92mINFO [0m:      	              (7, 0.4764),
[92mINFO [0m:      	              (8, 0.5078),
[92mINFO [0m:      	              (9, 0.5122),
[92mINFO [0m:      	              (10, 0.5157)],
[92mINFO [0m:      	 'loss': [(0, 2.303151707839966),
[92mINFO [0m:      	          (1, 2.311717653656006),
[92mINFO [0m:      	          (2, 2.1131547691345216),
[92mINFO [0m:      	          (3, 1.9292922065734863),
[92mINFO [0m:      	          (4, 1.8295862335205078),
[92mINFO [0m:      	          (5, 1.5832433547973632),
[92mINFO [0m:      	          (6, 1.4984067615509034),
[92mINFO [0m:      	          (7, 1.52407273979187),
[92mINFO [0m:      	          (8, 1.4769930925369263),
[92mINFO [0m:      	          (9, 1.4859759647369384),
[92mINFO [0m:      	          (10, 1.4291311166763305)]}
[92mINFO [0m:      
Treinando no dispositivo: cuda:0 com o dataset: CIFAR10 | Setup clientes: 5 (num_gpus por cliente=0.2) | SEED=48 | Método: FedProx (mu=0.01)
FLOPS por amostra (forward): 6.030e+07 | (forward+backward, 3x): 1.809e+08
Files already downloaded and verified
Files already downloaded and verified
Dividindo o dataset usando a distribuição de Dirichlet com alpha=0.01.
Aviso: Cliente 4 tem apenas 1 amostra(s), que serão usadas para validação.
Iniciando a simulação de Aprendizado Federado...
=== Diagnóstico de Medição de GPU ===
  pynvml_disponivel: True
  pynvml_versao: 580.173.02
  gpus_detectadas: 1
  leitura_potencia_ok: True
  potencia_atual_W: 113.594

--- Rodada 0 - Avaliação Centralizada (Servidor) ---
Loss (Servidor): 2.3032 | Acurácia (Servidor): 0.1000

--- Rodada 1 - Avaliação Centralizada (Servidor) ---
Loss (Servidor): 2.3117 | Acurácia (Servidor): 0.1000
--- Avaliação Agregada (Clientes) ---
Loss Média (Clientes): 2.3127 | Acurácia Média (Clientes): 0.0998

--- Rodada 2 - Avaliação Centralizada (Servidor) ---
Loss (Servidor): 2.1132 | Acurácia (Servidor): 0.2383
--- Avaliação Agregada (Clientes) ---
Loss Média (Clientes): 2.1144 | Acurácia Média (Clientes): 0.2414

--- Rodada 3 - Avaliação Centralizada (Servidor) ---
Loss (Servidor): 1.9293 | Acurácia (Servidor): 0.2875
--- Avaliação Agregada (Clientes) ---
Loss Média (Clientes): 1.9359 | Acurácia Média (Clientes): 0.2977

--- Rodada 4 - Avaliação Centralizada (Servidor) ---
Loss (Servidor): 1.8296 | Acurácia (Servidor): 0.3684
--- Avaliação Agregada (Clientes) ---
Loss Média (Clientes): 1.8350 | Acurácia Média (Clientes): 0.3661

--- Rodada 5 - Avaliação Centralizada (Servidor) ---
Loss (Servidor): 1.5832 | Acurácia (Servidor): 0.4555
--- Avaliação Agregada (Clientes) ---
Loss Média (Clientes): 1.5771 | Acurácia Média (Clientes): 0.4569

--- Rodada 6 - Avaliação Centralizada (Servidor) ---
Loss (Servidor): 1.4984 | Acurácia (Servidor): 0.4792
--- Avaliação Agregada (Clientes) ---
Loss Média (Clientes): 1.4951 | Acurácia Média (Clientes): 0.4775

--- Rodada 7 - Avaliação Centralizada (Servidor) ---
Loss (Servidor): 1.5241 | Acurácia (Servidor): 0.4764
--- Avaliação Agregada (Clientes) ---
Loss Média (Clientes): 1.5151 | Acurácia Média (Clientes): 0.4745

--- Rodada 8 - Avaliação Centralizada (Servidor) ---
Loss (Servidor): 1.4770 | Acurácia (Servidor): 0.5078
--- Avaliação Agregada (Clientes) ---
Loss Média (Clientes): 1.4690 | Acurácia Média (Clientes): 0.5061

--- Rodada 9 - Avaliação Centralizada (Servidor) ---
Loss (Servidor): 1.4860 | Acurácia (Servidor): 0.5122
--- Avaliação Agregada (Clientes) ---
Loss Média (Clientes): 1.4728 | Acurácia Média (Clientes): 0.5075

--- Rodada 10 - Avaliação Centralizada (Servidor) ---
Loss (Servidor): 1.4291 | Acurácia (Servidor): 0.5157
--- Avaliação Agregada (Clientes) ---
Loss Média (Clientes): 1.4086 | Acurácia Média (Clientes): 0.5139

Resultados salvos em: /home/tiago/GitHubProjects/fedhad-thesis-2/FedProx-results/1.1_diagnostico_drift/CIFAR10/FedProx__CIFAR10__Setup-5__Clients-5__Rounds-10__Delay-0_05__Alpha-0_01__Seed-48.txt
[36m(ClientAppActor pid=945021)[0m [93mWARNING [0m:   DEPRECATED FEATURE: `client_fn` now expects a signature `def client_fn(context: Context)`.The provided `client_fn` has signature: {'cid': <Parameter "cid: str">}. You can import the `Context` like this: `from flwr.app import Context`[32m [repeated 4x across cluster][0m
[36m(ClientAppActor pid=945021)[0m             This is a deprecated feature. It will be removed[32m [repeated 4x across cluster][0m
[36m(ClientAppActor pid=945021)[0m             entirely in future versions of Flower.[32m [repeated 4x across cluster][0m
