[codecarbon WARNING @ 15:08:27] Multiple instances of codecarbon are allowed to run at the same time.
[93mWARNING [0m:   DEPRECATED FEATURE: flwr.simulation.start_simulation() is deprecated.
	Instead, use the `flwr run` CLI command to start a local simulation in your Flower app, as shown for example below:

		$ flwr new  # Create a new Flower app from a template

		$ flwr run  # Run the Flower app in Simulation Mode

	Using `start_simulation()` is deprecated.

            This is a deprecated feature. It will be removed
            entirely in future versions of Flower.
        
[92mINFO [0m:      Starting Flower simulation, config: num_rounds=10, no round_timeout
2026-09-04 15:08:36,121	INFO worker.py:2012 -- Started a local Ray instance.
/home/tiago/GitHubProjects/fedhad-thesis-2/env_flwr_pt/lib/python3.12/site-packages/ray/_private/worker.py:2051: FutureWarning: Tip: In future versions of Ray, Ray will no longer override accelerator visible devices env var if num_gpus=0 or num_gpus=None (default). To enable this behavior and turn off this error message, set RAY_ACCEL_ENV_VAR_OVERRIDE_ON_ZERO=0
  warnings.warn(
[92mINFO [0m:      Flower VCE: Ray initialized with resources: {'memory': 180895925863.0, 'GPU': 1.0, 'CPU': 64.0, 'node:10.129.64.100': 1.0, 'object_store_memory': 77526825369.0, 'accelerator_type:A40': 1.0, 'node:__internal_head__': 1.0}
[92mINFO [0m:      Optimize your simulation with Flower VCE: https://flower.ai/docs/framework/how-to-run-simulations.html
/home/tiago/GitHubProjects/fedhad-thesis-2/FedProx_Final.py:1601: UserWarning: No `num_cpus` specified in `client_resources`. Using `num_cpus=1` for each client.
  history = fl.simulation.start_simulation(
[92mINFO [0m:      Flower VCE: Resources for each Virtual Client: {'num_gpus': 0.2, 'num_cpus': 1}
[92mINFO [0m:      Flower VCE: Creating VirtualClientEngineActorPool with 5 actors
[92mINFO [0m:      [INIT]
[92mINFO [0m:      Requesting initial parameters from one random client
[36m(ClientAppActor pid=831375)[0m [93mWARNING [0m:   DEPRECATED FEATURE: `client_fn` now expects a signature `def client_fn(context: Context)`.The provided `client_fn` has signature: {'cid': <Parameter "cid: str">}. You can import the `Context` like this: `from flwr.app import Context`
[36m(ClientAppActor pid=831375)[0m 
[36m(ClientAppActor pid=831375)[0m             This is a deprecated feature. It will be removed
[36m(ClientAppActor pid=831375)[0m             entirely in future versions of Flower.
[36m(ClientAppActor pid=831375)[0m         
[92mINFO [0m:      Received initial parameters from one random client
[92mINFO [0m:      Starting evaluation of initial global parameters
[92mINFO [0m:      initial parameters (loss, other metrics): 2.3032653079986574, {'accuracy': 0.1, 'loss': 2.3032653079986574}
[92mINFO [0m:      
[92mINFO [0m:      [ROUND 1]
[92mINFO [0m:      configure_fit: strategy sampled 5 clients (out of 5)
[36m(ClientAppActor pid=831375)[0m [93mWARNING [0m:   DEPRECATED FEATURE: `client_fn` now expects a signature `def client_fn(context: Context)`.The provided `client_fn` has signature: {'cid': <Parameter "cid: str">}. You can import the `Context` like this: `from flwr.app import Context`
[36m(ClientAppActor pid=831375)[0m 
[36m(ClientAppActor pid=831375)[0m             This is a deprecated feature. It will be removed
[36m(ClientAppActor pid=831375)[0m             entirely in future versions of Flower.
[36m(ClientAppActor pid=831375)[0m         
[36m(ClientAppActor pid=831374)[0m 
[36m(ClientAppActor pid=831374)[0m         
[36m(ClientAppActor pid=831373)[0m 
[36m(ClientAppActor pid=831373)[0m         
[36m(ClientAppActor pid=831372)[0m 
[36m(ClientAppActor pid=831372)[0m         
[36m(ClientAppActor pid=831365)[0m 
[36m(ClientAppActor pid=831365)[0m         
[92mINFO [0m:      aggregate_fit: received 5 results and 0 failures
[92mINFO [0m:      fit progress: (1, 2.2761811653137207, {'accuracy': 0.1156, 'loss': 2.2761811653137207}, 21.999248198990244)
[92mINFO [0m:      configure_evaluate: strategy sampled 5 clients (out of 5)
[36m(ClientAppActor pid=831374)[0m 
[36m(ClientAppActor pid=831374)[0m         
[36m(ClientAppActor pid=831374)[0m [93mWARNING [0m:   DEPRECATED FEATURE: `client_fn` now expects a signature `def client_fn(context: Context)`.The provided `client_fn` has signature: {'cid': <Parameter "cid: str">}. You can import the `Context` like this: `from flwr.app import Context`[32m [repeated 5x across cluster] (Ray deduplicates logs by default. Set RAY_DEDUP_LOGS=0 to disable log deduplication, or see https://docs.ray.io/en/master/ray-observability/user-guides/configure-logging.html#log-deduplication for more options.)[0m
[36m(ClientAppActor pid=831374)[0m             This is a deprecated feature. It will be removed[32m [repeated 5x across cluster][0m
[36m(ClientAppActor pid=831374)[0m             entirely in future versions of Flower.[32m [repeated 5x across cluster][0m
[36m(ClientAppActor pid=831373)[0m 
[36m(ClientAppActor pid=831373)[0m         
[36m(ClientAppActor pid=831372)[0m 
[36m(ClientAppActor pid=831372)[0m         
[36m(ClientAppActor pid=831375)[0m 
[36m(ClientAppActor pid=831375)[0m         
[36m(ClientAppActor pid=831365)[0m 
[36m(ClientAppActor pid=831365)[0m         
[92mINFO [0m:      aggregate_evaluate: received 5 results and 0 failures
[92mINFO [0m:      
[92mINFO [0m:      [ROUND 2]
[92mINFO [0m:      configure_fit: strategy sampled 5 clients (out of 5)
[36m(ClientAppActor pid=831365)[0m 
[36m(ClientAppActor pid=831365)[0m         
[36m(ClientAppActor pid=831375)[0m 
[36m(ClientAppActor pid=831375)[0m         
[36m(ClientAppActor pid=831372)[0m 
[36m(ClientAppActor pid=831372)[0m         
[36m(ClientAppActor pid=831374)[0m 
[36m(ClientAppActor pid=831374)[0m         
[36m(ClientAppActor pid=831373)[0m 
[36m(ClientAppActor pid=831373)[0m         
[92mINFO [0m:      aggregate_fit: received 5 results and 0 failures
[92mINFO [0m:      fit progress: (2, 1.9667436277389527, {'accuracy': 0.2714, 'loss': 1.9667436277389527}, 42.8339276839979)
[92mINFO [0m:      configure_evaluate: strategy sampled 5 clients (out of 5)
[36m(ClientAppActor pid=831372)[0m 
[36m(ClientAppActor pid=831372)[0m         
[36m(ClientAppActor pid=831372)[0m [93mWARNING [0m:   DEPRECATED FEATURE: `client_fn` now expects a signature `def client_fn(context: Context)`.The provided `client_fn` has signature: {'cid': <Parameter "cid: str">}. You can import the `Context` like this: `from flwr.app import Context`[32m [repeated 10x across cluster][0m
[36m(ClientAppActor pid=831372)[0m             This is a deprecated feature. It will be removed[32m [repeated 10x across cluster][0m
[36m(ClientAppActor pid=831372)[0m             entirely in future versions of Flower.[32m [repeated 10x across cluster][0m
[36m(ClientAppActor pid=831373)[0m 
[36m(ClientAppActor pid=831373)[0m         
[36m(ClientAppActor pid=831375)[0m 
[36m(ClientAppActor pid=831375)[0m         
[36m(ClientAppActor pid=831374)[0m 
[36m(ClientAppActor pid=831374)[0m         
[92mINFO [0m:      aggregate_evaluate: received 5 results and 0 failures
[92mINFO [0m:      
[92mINFO [0m:      [ROUND 3]
[92mINFO [0m:      configure_fit: strategy sampled 5 clients (out of 5)
[36m(ClientAppActor pid=831365)[0m 
[36m(ClientAppActor pid=831365)[0m         
[36m(ClientAppActor pid=831365)[0m 
[36m(ClientAppActor pid=831365)[0m         
[36m(ClientAppActor pid=831374)[0m 
[36m(ClientAppActor pid=831374)[0m         
[36m(ClientAppActor pid=831375)[0m 
[36m(ClientAppActor pid=831375)[0m         
[36m(ClientAppActor pid=831373)[0m 
[36m(ClientAppActor pid=831373)[0m         
[36m(ClientAppActor pid=831372)[0m 
[36m(ClientAppActor pid=831372)[0m         
[92mINFO [0m:      aggregate_fit: received 5 results and 0 failures
[92mINFO [0m:      fit progress: (3, 1.6996285953521728, {'accuracy': 0.4644, 'loss': 1.6996285953521728}, 63.7544206000166)
[92mINFO [0m:      configure_evaluate: strategy sampled 5 clients (out of 5)
[36m(ClientAppActor pid=831374)[0m 
[36m(ClientAppActor pid=831374)[0m         
[36m(ClientAppActor pid=831374)[0m [93mWARNING [0m:   DEPRECATED FEATURE: `client_fn` now expects a signature `def client_fn(context: Context)`.The provided `client_fn` has signature: {'cid': <Parameter "cid: str">}. You can import the `Context` like this: `from flwr.app import Context`[32m [repeated 10x across cluster][0m
[36m(ClientAppActor pid=831374)[0m             This is a deprecated feature. It will be removed[32m [repeated 10x across cluster][0m
[36m(ClientAppActor pid=831374)[0m             entirely in future versions of Flower.[32m [repeated 10x across cluster][0m
[36m(ClientAppActor pid=831365)[0m 
[36m(ClientAppActor pid=831365)[0m         
[36m(ClientAppActor pid=831372)[0m 
[36m(ClientAppActor pid=831372)[0m         
[36m(ClientAppActor pid=831375)[0m 
[36m(ClientAppActor pid=831375)[0m         
[36m(ClientAppActor pid=831373)[0m 
[36m(ClientAppActor pid=831373)[0m         
[92mINFO [0m:      aggregate_evaluate: received 5 results and 0 failures
[92mINFO [0m:      
[92mINFO [0m:      [ROUND 4]
[92mINFO [0m:      configure_fit: strategy sampled 5 clients (out of 5)
[36m(ClientAppActor pid=831373)[0m 
[36m(ClientAppActor pid=831373)[0m         
[36m(ClientAppActor pid=831375)[0m 
[36m(ClientAppActor pid=831375)[0m         
[36m(ClientAppActor pid=831372)[0m 
[36m(ClientAppActor pid=831372)[0m         
[36m(ClientAppActor pid=831365)[0m 
[36m(ClientAppActor pid=831365)[0m         
[36m(ClientAppActor pid=831374)[0m 
[36m(ClientAppActor pid=831374)[0m         
[92mINFO [0m:      aggregate_fit: received 5 results and 0 failures
[92mINFO [0m:      fit progress: (4, 1.4596088190078735, {'accuracy': 0.512, 'loss': 1.4596088190078735}, 84.96245065098628)
[92mINFO [0m:      configure_evaluate: strategy sampled 5 clients (out of 5)
[36m(ClientAppActor pid=831374)[0m 
[36m(ClientAppActor pid=831374)[0m         
[36m(ClientAppActor pid=831374)[0m [93mWARNING [0m:   DEPRECATED FEATURE: `client_fn` now expects a signature `def client_fn(context: Context)`.The provided `client_fn` has signature: {'cid': <Parameter "cid: str">}. You can import the `Context` like this: `from flwr.app import Context`[32m [repeated 10x across cluster][0m
[36m(ClientAppActor pid=831374)[0m             This is a deprecated feature. It will be removed[32m [repeated 10x across cluster][0m
[36m(ClientAppActor pid=831374)[0m             entirely in future versions of Flower.[32m [repeated 10x across cluster][0m
[36m(ClientAppActor pid=831365)[0m 
[36m(ClientAppActor pid=831365)[0m         
[36m(ClientAppActor pid=831375)[0m 
[36m(ClientAppActor pid=831375)[0m         
[36m(ClientAppActor pid=831373)[0m 
[36m(ClientAppActor pid=831373)[0m         
[36m(ClientAppActor pid=831372)[0m 
[36m(ClientAppActor pid=831372)[0m         
[92mINFO [0m:      aggregate_evaluate: received 5 results and 0 failures
[92mINFO [0m:      
[92mINFO [0m:      [ROUND 5]
[92mINFO [0m:      configure_fit: strategy sampled 5 clients (out of 5)
[36m(ClientAppActor pid=831372)[0m 
[36m(ClientAppActor pid=831372)[0m         
[36m(ClientAppActor pid=831373)[0m 
[36m(ClientAppActor pid=831373)[0m         
[36m(ClientAppActor pid=831375)[0m 
[36m(ClientAppActor pid=831375)[0m         
[36m(ClientAppActor pid=831365)[0m 
[36m(ClientAppActor pid=831365)[0m         
[36m(ClientAppActor pid=831374)[0m 
[36m(ClientAppActor pid=831374)[0m         
[92mINFO [0m:      aggregate_fit: received 5 results and 0 failures
[92mINFO [0m:      fit progress: (5, 1.3569272407531738, {'accuracy': 0.548, 'loss': 1.3569272407531738}, 106.3591977939941)
[92mINFO [0m:      configure_evaluate: strategy sampled 5 clients (out of 5)
[36m(ClientAppActor pid=831365)[0m 
[36m(ClientAppActor pid=831365)[0m         
[36m(ClientAppActor pid=831365)[0m [93mWARNING [0m:   DEPRECATED FEATURE: `client_fn` now expects a signature `def client_fn(context: Context)`.The provided `client_fn` has signature: {'cid': <Parameter "cid: str">}. You can import the `Context` like this: `from flwr.app import Context`[32m [repeated 10x across cluster][0m
[36m(ClientAppActor pid=831365)[0m             This is a deprecated feature. It will be removed[32m [repeated 10x across cluster][0m
[36m(ClientAppActor pid=831365)[0m             entirely in future versions of Flower.[32m [repeated 10x across cluster][0m
[36m(ClientAppActor pid=831372)[0m 
[36m(ClientAppActor pid=831372)[0m         
[36m(ClientAppActor pid=831375)[0m 
[36m(ClientAppActor pid=831375)[0m         
[36m(ClientAppActor pid=831373)[0m 
[36m(ClientAppActor pid=831373)[0m         
[36m(ClientAppActor pid=831374)[0m 
[36m(ClientAppActor pid=831374)[0m         
[92mINFO [0m:      aggregate_evaluate: received 5 results and 0 failures
[92mINFO [0m:      
[92mINFO [0m:      [ROUND 6]
[92mINFO [0m:      configure_fit: strategy sampled 5 clients (out of 5)
[36m(ClientAppActor pid=831374)[0m 
[36m(ClientAppActor pid=831374)[0m         
[36m(ClientAppActor pid=831373)[0m 
[36m(ClientAppActor pid=831373)[0m         
[36m(ClientAppActor pid=831372)[0m 
[36m(ClientAppActor pid=831372)[0m         
[36m(ClientAppActor pid=831375)[0m 
[36m(ClientAppActor pid=831375)[0m         
[36m(ClientAppActor pid=831365)[0m 
[36m(ClientAppActor pid=831365)[0m         
[92mINFO [0m:      aggregate_fit: received 5 results and 0 failures
[92mINFO [0m:      fit progress: (6, 1.2199676542282105, {'accuracy': 0.5872, 'loss': 1.2199676542282105}, 127.7651919790078)
[92mINFO [0m:      configure_evaluate: strategy sampled 5 clients (out of 5)
[36m(ClientAppActor pid=831375)[0m 
[36m(ClientAppActor pid=831375)[0m         
[36m(ClientAppActor pid=831375)[0m [93mWARNING [0m:   DEPRECATED FEATURE: `client_fn` now expects a signature `def client_fn(context: Context)`.The provided `client_fn` has signature: {'cid': <Parameter "cid: str">}. You can import the `Context` like this: `from flwr.app import Context`[32m [repeated 10x across cluster][0m
[36m(ClientAppActor pid=831375)[0m             This is a deprecated feature. It will be removed[32m [repeated 10x across cluster][0m
[36m(ClientAppActor pid=831375)[0m             entirely in future versions of Flower.[32m [repeated 10x across cluster][0m
[36m(ClientAppActor pid=831372)[0m 
[36m(ClientAppActor pid=831372)[0m         
[36m(ClientAppActor pid=831373)[0m 
[36m(ClientAppActor pid=831373)[0m         
[36m(ClientAppActor pid=831365)[0m 
[36m(ClientAppActor pid=831365)[0m         
[36m(ClientAppActor pid=831374)[0m 
[36m(ClientAppActor pid=831374)[0m         
[92mINFO [0m:      aggregate_evaluate: received 5 results and 0 failures
[92mINFO [0m:      
[92mINFO [0m:      [ROUND 7]
[92mINFO [0m:      configure_fit: strategy sampled 5 clients (out of 5)
[36m(ClientAppActor pid=831374)[0m 
[36m(ClientAppActor pid=831374)[0m         
[36m(ClientAppActor pid=831365)[0m 
[36m(ClientAppActor pid=831365)[0m         
[36m(ClientAppActor pid=831373)[0m 
[36m(ClientAppActor pid=831373)[0m         
[36m(ClientAppActor pid=831372)[0m 
[36m(ClientAppActor pid=831372)[0m         
[36m(ClientAppActor pid=831375)[0m 
[36m(ClientAppActor pid=831375)[0m         
[92mINFO [0m:      aggregate_fit: received 5 results and 0 failures
[92mINFO [0m:      fit progress: (7, 1.2581042881965636, {'accuracy': 0.5802, 'loss': 1.2581042881965636}, 148.61580694798613)
[92mINFO [0m:      configure_evaluate: strategy sampled 5 clients (out of 5)
[36m(ClientAppActor pid=831372)[0m 
[36m(ClientAppActor pid=831372)[0m         
[36m(ClientAppActor pid=831372)[0m [93mWARNING [0m:   DEPRECATED FEATURE: `client_fn` now expects a signature `def client_fn(context: Context)`.The provided `client_fn` has signature: {'cid': <Parameter "cid: str">}. You can import the `Context` like this: `from flwr.app import Context`[32m [repeated 10x across cluster][0m
[36m(ClientAppActor pid=831372)[0m             This is a deprecated feature. It will be removed[32m [repeated 10x across cluster][0m
[36m(ClientAppActor pid=831372)[0m             entirely in future versions of Flower.[32m [repeated 10x across cluster][0m
[36m(ClientAppActor pid=831365)[0m 
[36m(ClientAppActor pid=831365)[0m         
[36m(ClientAppActor pid=831375)[0m 
[36m(ClientAppActor pid=831375)[0m         
[36m(ClientAppActor pid=831373)[0m 
[36m(ClientAppActor pid=831373)[0m         
[36m(ClientAppActor pid=831374)[0m 
[36m(ClientAppActor pid=831374)[0m         
[92mINFO [0m:      aggregate_evaluate: received 5 results and 0 failures
[92mINFO [0m:      
[92mINFO [0m:      [ROUND 8]
[92mINFO [0m:      configure_fit: strategy sampled 5 clients (out of 5)
[36m(ClientAppActor pid=831373)[0m 
[36m(ClientAppActor pid=831373)[0m         
[36m(ClientAppActor pid=831374)[0m 
[36m(ClientAppActor pid=831374)[0m         
[36m(ClientAppActor pid=831375)[0m 
[36m(ClientAppActor pid=831375)[0m         
[36m(ClientAppActor pid=831365)[0m 
[36m(ClientAppActor pid=831365)[0m         
[36m(ClientAppActor pid=831372)[0m 
[36m(ClientAppActor pid=831372)[0m         
[92mINFO [0m:      aggregate_fit: received 5 results and 0 failures
[92mINFO [0m:      fit progress: (8, 1.042125344467163, {'accuracy': 0.6322, 'loss': 1.042125344467163}, 169.46418166701915)
[92mINFO [0m:      configure_evaluate: strategy sampled 5 clients (out of 5)
[36m(ClientAppActor pid=831374)[0m 
[36m(ClientAppActor pid=831374)[0m         
[36m(ClientAppActor pid=831374)[0m [93mWARNING [0m:   DEPRECATED FEATURE: `client_fn` now expects a signature `def client_fn(context: Context)`.The provided `client_fn` has signature: {'cid': <Parameter "cid: str">}. You can import the `Context` like this: `from flwr.app import Context`[32m [repeated 10x across cluster][0m
[36m(ClientAppActor pid=831374)[0m             This is a deprecated feature. It will be removed[32m [repeated 10x across cluster][0m
[36m(ClientAppActor pid=831374)[0m             entirely in future versions of Flower.[32m [repeated 10x across cluster][0m
[36m(ClientAppActor pid=831365)[0m 
[36m(ClientAppActor pid=831365)[0m         
[36m(ClientAppActor pid=831375)[0m 
[36m(ClientAppActor pid=831375)[0m         
[36m(ClientAppActor pid=831373)[0m 
[36m(ClientAppActor pid=831373)[0m         
[36m(ClientAppActor pid=831372)[0m 
[36m(ClientAppActor pid=831372)[0m         
[92mINFO [0m:      aggregate_evaluate: received 5 results and 0 failures
[92mINFO [0m:      
[92mINFO [0m:      [ROUND 9]
[92mINFO [0m:      configure_fit: strategy sampled 5 clients (out of 5)
[36m(ClientAppActor pid=831372)[0m 
[36m(ClientAppActor pid=831372)[0m         
[36m(ClientAppActor pid=831373)[0m 
[36m(ClientAppActor pid=831373)[0m         
[36m(ClientAppActor pid=831375)[0m 
[36m(ClientAppActor pid=831375)[0m         
[36m(ClientAppActor pid=831374)[0m 
[36m(ClientAppActor pid=831374)[0m         
[36m(ClientAppActor pid=831365)[0m 
[36m(ClientAppActor pid=831365)[0m         
[92mINFO [0m:      aggregate_fit: received 5 results and 0 failures
[92mINFO [0m:      fit progress: (9, 1.1329756258964538, {'accuracy': 0.6245, 'loss': 1.1329756258964538}, 190.97050450800452)
[92mINFO [0m:      configure_evaluate: strategy sampled 5 clients (out of 5)
[36m(ClientAppActor pid=831374)[0m 
[36m(ClientAppActor pid=831374)[0m         
[36m(ClientAppActor pid=831374)[0m [93mWARNING [0m:   DEPRECATED FEATURE: `client_fn` now expects a signature `def client_fn(context: Context)`.The provided `client_fn` has signature: {'cid': <Parameter "cid: str">}. You can import the `Context` like this: `from flwr.app import Context`[32m [repeated 10x across cluster][0m
[36m(ClientAppActor pid=831374)[0m             This is a deprecated feature. It will be removed[32m [repeated 10x across cluster][0m
[36m(ClientAppActor pid=831374)[0m             entirely in future versions of Flower.[32m [repeated 10x across cluster][0m
[36m(ClientAppActor pid=831375)[0m 
[36m(ClientAppActor pid=831375)[0m         
[36m(ClientAppActor pid=831372)[0m 
[36m(ClientAppActor pid=831372)[0m         
[36m(ClientAppActor pid=831373)[0m 
[36m(ClientAppActor pid=831373)[0m         
[36m(ClientAppActor pid=831365)[0m 
[36m(ClientAppActor pid=831365)[0m         
[92mINFO [0m:      aggregate_evaluate: received 5 results and 0 failures
[92mINFO [0m:      
[92mINFO [0m:      [ROUND 10]
[92mINFO [0m:      configure_fit: strategy sampled 5 clients (out of 5)
[36m(ClientAppActor pid=831365)[0m 
[36m(ClientAppActor pid=831365)[0m         
[36m(ClientAppActor pid=831373)[0m 
[36m(ClientAppActor pid=831373)[0m         
[36m(ClientAppActor pid=831372)[0m 
[36m(ClientAppActor pid=831372)[0m         
[36m(ClientAppActor pid=831374)[0m 
[36m(ClientAppActor pid=831374)[0m         
[36m(ClientAppActor pid=831375)[0m 
[36m(ClientAppActor pid=831375)[0m         
[92mINFO [0m:      aggregate_fit: received 5 results and 0 failures
[92mINFO [0m:      fit progress: (10, 1.08524733543396, {'accuracy': 0.639, 'loss': 1.08524733543396}, 211.61339359497651)
[92mINFO [0m:      configure_evaluate: strategy sampled 5 clients (out of 5)
[36m(ClientAppActor pid=831365)[0m 
[36m(ClientAppActor pid=831365)[0m         
[36m(ClientAppActor pid=831365)[0m [93mWARNING [0m:   DEPRECATED FEATURE: `client_fn` now expects a signature `def client_fn(context: Context)`.The provided `client_fn` has signature: {'cid': <Parameter "cid: str">}. You can import the `Context` like this: `from flwr.app import Context`[32m [repeated 10x across cluster][0m
[36m(ClientAppActor pid=831365)[0m             This is a deprecated feature. It will be removed[32m [repeated 10x across cluster][0m
[36m(ClientAppActor pid=831365)[0m             entirely in future versions of Flower.[32m [repeated 10x across cluster][0m
[36m(ClientAppActor pid=831372)[0m 
[36m(ClientAppActor pid=831372)[0m         
[36m(ClientAppActor pid=831375)[0m 
[36m(ClientAppActor pid=831375)[0m         
[36m(ClientAppActor pid=831374)[0m 
[36m(ClientAppActor pid=831374)[0m         
[36m(ClientAppActor pid=831373)[0m 
[36m(ClientAppActor pid=831373)[0m         
[92mINFO [0m:      aggregate_evaluate: received 5 results and 0 failures
[92mINFO [0m:      
[92mINFO [0m:      [SUMMARY]
[92mINFO [0m:      Run finished 10 round(s) in 212.32s
[92mINFO [0m:      	History (loss, distributed):
[92mINFO [0m:      		round 1: 2.272500685950955
[92mINFO [0m:      		round 2: 1.9656076987250513
[92mINFO [0m:      		round 3: 1.6982345506161296
[92mINFO [0m:      		round 4: 1.4601321228626682
[92mINFO [0m:      		round 5: 1.342322700020789
[92mINFO [0m:      		round 6: 1.203369056721743
[92mINFO [0m:      		round 7: 1.2477069142676678
[92mINFO [0m:      		round 8: 1.033583923488581
[92mINFO [0m:      		round 9: 1.1099855605305649
[92mINFO [0m:      		round 10: 1.0663501044877675
[92mINFO [0m:      	History (loss, centralized):
[92mINFO [0m:      		round 0: 2.3032653079986574
[92mINFO [0m:      		round 1: 2.2761811653137207
[92mINFO [0m:      		round 2: 1.9667436277389527
[92mINFO [0m:      		round 3: 1.6996285953521728
[92mINFO [0m:      		round 4: 1.4596088190078735
[92mINFO [0m:      		round 5: 1.3569272407531738
[92mINFO [0m:      		round 6: 1.2199676542282105
[92mINFO [0m:      		round 7: 1.2581042881965636
[92mINFO [0m:      		round 8: 1.042125344467163
[92mINFO [0m:      		round 9: 1.1329756258964538
[92mINFO [0m:      		round 10: 1.08524733543396
[92mINFO [0m:      	History (metrics, distributed, fit):
[92mINFO [0m:      	{'avg_flops_per_client_round': [(1, 8140624189440.0),
[92mINFO [0m:      	                                (2, 8140624189440.0),
[92mINFO [0m:      	                                (3, 8140624189440.0),
[92mINFO [0m:      	                                (4, 8140624189440.0),
[92mINFO [0m:      	                                (5, 8140624189440.0),
[92mINFO [0m:      	                                (6, 8140624189440.0),
[92mINFO [0m:      	                                (7, 8140624189440.0),
[92mINFO [0m:      	                                (8, 8140624189440.0),
[92mINFO [0m:      	                                (9, 8140624189440.0),
[92mINFO [0m:      	                                (10, 8140624189440.0)],
[92mINFO [0m:      	 'total_flops_round': [(1, 40703120947200),
[92mINFO [0m:      	                       (2, 40703120947200),
[92mINFO [0m:      	                       (3, 40703120947200),
[92mINFO [0m:      	                       (4, 40703120947200),
[92mINFO [0m:      	                       (5, 40703120947200),
[92mINFO [0m:      	                       (6, 40703120947200),
[92mINFO [0m:      	                       (7, 40703120947200),
[92mINFO [0m:      	                       (8, 40703120947200),
[92mINFO [0m:      	                       (9, 40703120947200),
[92mINFO [0m:      	                       (10, 40703120947200)]}
[92mINFO [0m:      	History (metrics, distributed, evaluate):
[92mINFO [0m:      	{'accuracy': [(1, 0.1212484993997599),
[92mINFO [0m:      	              (2, 0.27130852340936373),
[92mINFO [0m:      	              (3, 0.46418567426970786),
[92mINFO [0m:      	              (4, 0.511204481792717),
[92mINFO [0m:      	              (5, 0.5476190476190477),
[92mINFO [0m:      	              (6, 0.5888355342136855),
[92mINFO [0m:      	              (7, 0.5792316926770709),
[92mINFO [0m:      	              (8, 0.6368547418967587),
[92mINFO [0m:      	              (9, 0.6284513805522209),
[92mINFO [0m:      	              (10, 0.6390556222488996)],
[92mINFO [0m:      	 'loss': [(1, 2.272500685950955),
[92mINFO [0m:      	          (2, 1.9656076987250513),
[92mINFO [0m:      	          (3, 1.6982345506161296),
[92mINFO [0m:      	          (4, 1.4601321228626682),
[92mINFO [0m:      	          (5, 1.342322700020789),
[92mINFO [0m:      	          (6, 1.203369056721743),
[92mINFO [0m:      	          (7, 1.2477069142676678),
[92mINFO [0m:      	          (8, 1.033583923488581),
[92mINFO [0m:      	          (9, 1.1099855605305649),
[92mINFO [0m:      	          (10, 1.0663501044877675)]}
[92mINFO [0m:      	History (metrics, centralized):
[92mINFO [0m:      	{'accuracy': [(0, 0.1),
[92mINFO [0m:      	              (1, 0.1156),
[92mINFO [0m:      	              (2, 0.2714),
[92mINFO [0m:      	              (3, 0.4644),
[92mINFO [0m:      	              (4, 0.512),
[92mINFO [0m:      	              (5, 0.548),
[92mINFO [0m:      	              (6, 0.5872),
[92mINFO [0m:      	              (7, 0.5802),
[92mINFO [0m:      	              (8, 0.6322),
[92mINFO [0m:      	              (9, 0.6245),
[92mINFO [0m:      	              (10, 0.639)],
[92mINFO [0m:      	 'loss': [(0, 2.3032653079986574),
[92mINFO [0m:      	          (1, 2.2761811653137207),
[92mINFO [0m:      	          (2, 1.9667436277389527),
[92mINFO [0m:      	          (3, 1.6996285953521728),
[92mINFO [0m:      	          (4, 1.4596088190078735),
[92mINFO [0m:      	          (5, 1.3569272407531738),
[92mINFO [0m:      	          (6, 1.2199676542282105),
[92mINFO [0m:      	          (7, 1.2581042881965636),
[92mINFO [0m:      	          (8, 1.042125344467163),
[92mINFO [0m:      	          (9, 1.1329756258964538),
[92mINFO [0m:      	          (10, 1.08524733543396)]}
[92mINFO [0m:      
Treinando no dispositivo: cuda:0 com o dataset: CIFAR10 | Setup clientes: 5 (num_gpus por cliente=0.2) | SEED=45 | Método: FedProx (mu=0.01)
FLOPS por amostra (forward): 6.030e+07 | (forward+backward, 3x): 1.809e+08
Files already downloaded and verified
Files already downloaded and verified
Dividindo o dataset usando a distribuição de Dirichlet com alpha=0.1.
Iniciando a simulação de Aprendizado Federado...
=== Diagnóstico de Medição de GPU ===
  pynvml_disponivel: True
  pynvml_versao: 580.173.02
  gpus_detectadas: 1
  leitura_potencia_ok: True
  potencia_atual_W: 113.749

--- Rodada 0 - Avaliação Centralizada (Servidor) ---
Loss (Servidor): 2.3033 | Acurácia (Servidor): 0.1000

--- Rodada 1 - Avaliação Centralizada (Servidor) ---
Loss (Servidor): 2.2762 | Acurácia (Servidor): 0.1156
--- Avaliação Agregada (Clientes) ---
Loss Média (Clientes): 2.2725 | Acurácia Média (Clientes): 0.1212

--- Rodada 2 - Avaliação Centralizada (Servidor) ---
Loss (Servidor): 1.9667 | Acurácia (Servidor): 0.2714
--- Avaliação Agregada (Clientes) ---
Loss Média (Clientes): 1.9656 | Acurácia Média (Clientes): 0.2713

--- Rodada 3 - Avaliação Centralizada (Servidor) ---
Loss (Servidor): 1.6996 | Acurácia (Servidor): 0.4644
--- Avaliação Agregada (Clientes) ---
Loss Média (Clientes): 1.6982 | Acurácia Média (Clientes): 0.4642

--- Rodada 4 - Avaliação Centralizada (Servidor) ---
Loss (Servidor): 1.4596 | Acurácia (Servidor): 0.5120
--- Avaliação Agregada (Clientes) ---
Loss Média (Clientes): 1.4601 | Acurácia Média (Clientes): 0.5112

--- Rodada 5 - Avaliação Centralizada (Servidor) ---
Loss (Servidor): 1.3569 | Acurácia (Servidor): 0.5480
--- Avaliação Agregada (Clientes) ---
Loss Média (Clientes): 1.3423 | Acurácia Média (Clientes): 0.5476

--- Rodada 6 - Avaliação Centralizada (Servidor) ---
Loss (Servidor): 1.2200 | Acurácia (Servidor): 0.5872
--- Avaliação Agregada (Clientes) ---
Loss Média (Clientes): 1.2034 | Acurácia Média (Clientes): 0.5888

--- Rodada 7 - Avaliação Centralizada (Servidor) ---
Loss (Servidor): 1.2581 | Acurácia (Servidor): 0.5802
--- Avaliação Agregada (Clientes) ---
Loss Média (Clientes): 1.2477 | Acurácia Média (Clientes): 0.5792

--- Rodada 8 - Avaliação Centralizada (Servidor) ---
Loss (Servidor): 1.0421 | Acurácia (Servidor): 0.6322
--- Avaliação Agregada (Clientes) ---
Loss Média (Clientes): 1.0336 | Acurácia Média (Clientes): 0.6369

--- Rodada 9 - Avaliação Centralizada (Servidor) ---
Loss (Servidor): 1.1330 | Acurácia (Servidor): 0.6245
--- Avaliação Agregada (Clientes) ---
Loss Média (Clientes): 1.1100 | Acurácia Média (Clientes): 0.6285

--- Rodada 10 - Avaliação Centralizada (Servidor) ---
Loss (Servidor): 1.0852 | Acurácia (Servidor): 0.6390
--- Avaliação Agregada (Clientes) ---
Loss Média (Clientes): 1.0664 | Acurácia Média (Clientes): 0.6391

Resultados salvos em: /home/tiago/GitHubProjects/fedhad-thesis-2/FedProx-results/1.1_diagnostico_drift/CIFAR10/FedProx__CIFAR10__Setup-5__Clients-5__Rounds-10__Delay-0_05__Alpha-0_1__Seed-45.txt
[36m(ClientAppActor pid=831373)[0m [93mWARNING [0m:   DEPRECATED FEATURE: `client_fn` now expects a signature `def client_fn(context: Context)`.The provided `client_fn` has signature: {'cid': <Parameter "cid: str">}. You can import the `Context` like this: `from flwr.app import Context`[32m [repeated 4x across cluster][0m
[36m(ClientAppActor pid=831373)[0m             This is a deprecated feature. It will be removed[32m [repeated 4x across cluster][0m
[36m(ClientAppActor pid=831373)[0m             entirely in future versions of Flower.[32m [repeated 4x across cluster][0m
